[2025-05-20T08:39:09.359+0000][74][info][gc,init] CardTable entry size: 512
[2025-05-20T08:39:09.361+0000][74][info][gc     ] Using G1
[2025-05-20T08:39:12.644+0000][74][info][gc,init] Version: 22+36-2370 (release)
[2025-05-20T08:39:12.649+0000][74][info][gc,init] CPUs: 12 total, 12 available
[2025-05-20T08:39:12.656+0000][74][info][gc,init] Memory: 7757M
[2025-05-20T08:39:12.661+0000][74][info][gc,init] Large Page Support: Disabled
[2025-05-20T08:39:12.667+0000][74][info][gc,init] NUMA Support: Disabled
[2025-05-20T08:39:12.693+0000][74][info][gc,init] Compressed Oops: Enabled (Zero based)
[2025-05-20T08:39:12.702+0000][74][info][gc,init] Heap Region Size: 4M
[2025-05-20T08:39:12.718+0000][74][info][gc,init] Heap Min Capacity: 3880M
[2025-05-20T08:39:12.733+0000][74][info][gc,init] Heap Initial Capacity: 3880M
[2025-05-20T08:39:12.755+0000][74][info][gc,init] Heap Max Capacity: 3880M
[2025-05-20T08:39:12.808+0000][74][info][gc,init] Pre-touch: Enabled
[2025-05-20T08:39:12.891+0000][74][info][gc,init] Parallel Workers: 10
[2025-05-20T08:39:12.998+0000][74][info][gc,init] Concurrent Workers: 3
[2025-05-20T08:39:13.106+0000][74][info][gc,init] Concurrent Refinement Workers: 10
[2025-05-20T08:39:13.138+0000][74][info][gc,init] Periodic GC: Disabled
[2025-05-20T08:39:13.296+0000][74][info][gc,metaspace] CDS archive(s) mapped at: [0x00007fa97e000000-0x00007fa97ec74000-0x00007fa97ec74000), size 13058048, SharedBaseAddress: 0x00007fa97e000000, ArchiveRelocationMode: 1.
[2025-05-20T08:39:13.369+0000][74][info][gc,metaspace] Compressed class space mapped at: 0x00007fa97f000000-0x00007fa9bf000000, reserved size: 1073741824
[2025-05-20T08:39:13.408+0000][74][info][gc,metaspace] Narrow klass base: 0x00007fa97e000000, Narrow klass shift: 0, Narrow klass range: 0x100000000
[2025-05-20T08:39:14.383+0000][74][info][safepoint   ] Safepoint "ICBufferFull", Time since last: 934638766 ns, Reaching safepoint: 179725 ns, Cleanup: 135597 ns, At safepoint: 38214 ns, Total: 353536 ns
[2025-05-20T08:39:15.463+0000][74][info][safepoint   ] Safepoint "Cleanup", Time since last: 1084570553 ns, Reaching safepoint: 3830 ns, Cleanup: 101167 ns, At safepoint: 33838 ns, Total: 138835 ns
[2025-05-20T08:39:16.185+0000][74][info][safepoint   ] Safepoint "ICBufferFull", Time since last: 721848094 ns, Reaching safepoint: 5696 ns, Cleanup: 199962 ns, At safepoint: 13957 ns, Total: 219615 ns
[2025-05-20T08:39:17.191+0000][74][info][safepoint   ] Safepoint "Cleanup", Time since last: 1005507450 ns, Reaching safepoint: 5070 ns, Cleanup: 78238 ns, At safepoint: 23634 ns, Total: 106942 ns
[2025-05-20T08:39:18.364+0000][74][info][safepoint   ] Safepoint "Cleanup", Time since last: 1172171370 ns, Reaching safepoint: 202104 ns, Cleanup: 116648 ns, At safepoint: 89707 ns, Total: 408459 ns
[2025-05-20T08:39:19.608+0000][74][info][safepoint   ] Safepoint "Cleanup", Time since last: 1243833026 ns, Reaching safepoint: 170371 ns, Cleanup: 94341 ns, At safepoint: 16866 ns, Total: 281578 ns
[2025-05-20T08:39:20.624+0000][74][info][safepoint   ] Safepoint "Cleanup", Time since last: 1014911622 ns, Reaching safepoint: 893977 ns, Cleanup: 58513 ns, At safepoint: 16797 ns, Total: 969287 ns
[2025-05-20T08:39:21.413+0000][74][info][gc,start    ] GC(0) Pause Young (Concurrent Start) (Metadata GC Threshold)
[2025-05-20T08:39:21.445+0000][74][info][gc,task     ] GC(0) Using 10 workers of 10 for evacuation
[2025-05-20T08:39:21.471+0000][74][debug][gc,age      ] GC(0) Desired survivor size 12582912 bytes, new threshold 15 (max threshold 15)
[2025-05-20T08:39:21.561+0000][74][info ][gc,phases   ] GC(0)   Pre Evacuate Collection Set: 2.02ms
[2025-05-20T08:39:21.599+0000][74][info ][gc,phases   ] GC(0)   Merge Heap Roots: 1.49ms
[2025-05-20T08:39:21.625+0000][74][info ][gc,phases   ] GC(0)   Evacuate Collection Set: 29.24ms
[2025-05-20T08:39:21.637+0000][74][info ][gc,phases   ] GC(0)   Post Evacuate Collection Set: 36.61ms
[2025-05-20T08:39:21.656+0000][74][info ][gc,phases   ] GC(0)   Other: 46.39ms
[2025-05-20T08:39:21.683+0000][74][trace][gc,age      ] GC(0) Age table with threshold 15 (max threshold 15)
[2025-05-20T08:39:21.736+0000][74][trace][gc,age      ] GC(0) - age   1:   10197440 bytes,   10197440 total
[2025-05-20T08:39:21.786+0000][74][info ][gc,heap     ] GC(0) Eden regions: 44->0(45)
[2025-05-20T08:39:21.818+0000][74][info ][gc,heap     ] GC(0) Survivor regions: 0->3(6)
[2025-05-20T08:39:21.849+0000][74][info ][gc,heap     ] GC(0) Old regions: 1->1
[2025-05-20T08:39:21.901+0000][74][info ][gc,heap     ] GC(0) Humongous regions: 0->0
[2025-05-20T08:39:21.928+0000][74][info ][gc,metaspace] GC(0) Metaspace: 20966K(21504K)->20966K(21504K) NonClass: 18587K(18880K)->18587K(18880K) Class: 2378K(2624K)->2378K(2624K)
[2025-05-20T08:39:21.940+0000][74][info ][gc          ] GC(0) Pause Young (Concurrent Start) (Metadata GC Threshold) 177M->11M(3880M) 527.080ms
[2025-05-20T08:39:21.955+0000][74][info ][gc,cpu      ] GC(0) User=0.50s Sys=0.00s Real=0.55s
[2025-05-20T08:39:21.955+0000][74][info ][gc          ] GC(1) Concurrent Mark Cycle
[2025-05-20T08:39:21.967+0000][74][info ][safepoint   ] Safepoint "CollectForMetadataAllocation", Time since last: 788861632 ns, Reaching safepoint: 5550 ns, Cleanup: 95357 ns, At safepoint: 554413493 ns, Total: 554514400 ns
[2025-05-20T08:39:21.985+0000][74][info ][gc,marking  ] GC(1) Concurrent Scan Root Regions
[2025-05-20T08:39:22.039+0000][74][info ][gc,marking  ] GC(1) Concurrent Scan Root Regions 54.280ms
[2025-05-20T08:39:22.061+0000][74][info ][gc,marking  ] GC(1) Concurrent Mark
[2025-05-20T08:39:22.070+0000][74][info ][gc,marking  ] GC(1) Concurrent Mark From Roots
[2025-05-20T08:39:22.082+0000][74][info ][gc,task     ] GC(1) Using 3 workers of 3 for marking
[2025-05-20T08:39:22.116+0000][74][info ][gc,marking  ] GC(1) Concurrent Mark From Roots 45.823ms
[2025-05-20T08:39:22.135+0000][74][info ][gc,marking  ] GC(1) Concurrent Preclean
[2025-05-20T08:39:22.136+0000][74][info ][safepoint   ] Safepoint "CollectForMetadataAllocation", Time since last: 168936417 ns, Reaching safepoint: 3735 ns, Cleanup: 24129 ns, At safepoint: 227248 ns, Total: 255112 ns
[2025-05-20T08:39:22.148+0000][74][info ][gc,marking  ] GC(1) Concurrent Preclean 13.455ms
[2025-05-20T08:39:22.177+0000][74][info ][gc,start    ] GC(1) Pause Remark
[2025-05-20T08:39:22.209+0000][74][info ][gc          ] GC(1) Pause Remark 17M->17M(3880M) 31.901ms
[2025-05-20T08:39:22.216+0000][74][info ][gc,cpu      ] GC(1) User=0.05s Sys=0.00s Real=0.04s
[2025-05-20T08:39:22.227+0000][74][info ][safepoint   ] Safepoint "G1PauseRemark", Time since last: 41265406 ns, Reaching safepoint: 6754 ns, Cleanup: 14276 ns, At safepoint: 49896597 ns, Total: 49917627 ns
[2025-05-20T08:39:22.243+0000][74][info ][gc,marking  ] GC(1) Concurrent Mark 182.292ms
[2025-05-20T08:39:22.251+0000][74][info ][gc,marking  ] GC(1) Concurrent Rebuild Remembered Sets and Scrub Regions
[2025-05-20T08:39:22.267+0000][74][info ][gc,marking  ] GC(1) Concurrent Rebuild Remembered Sets and Scrub Regions 16.449ms
[2025-05-20T08:39:22.287+0000][74][info ][gc,start    ] GC(1) Pause Cleanup
[2025-05-20T08:39:22.290+0000][74][info ][gc          ] GC(1) Pause Cleanup 17M->17M(3880M) 3.371ms
[2025-05-20T08:39:22.293+0000][74][info ][gc,cpu      ] GC(1) User=0.00s Sys=0.00s Real=0.01s
[2025-05-20T08:39:22.296+0000][74][info ][safepoint   ] Safepoint "G1PauseCleanup", Time since last: 56188598 ns, Reaching safepoint: 3260921 ns, Cleanup: 8522 ns, At safepoint: 8694908 ns, Total: 11964351 ns
[2025-05-20T08:39:22.307+0000][74][info ][gc,marking  ] GC(1) Concurrent Clear Claimed Marks
[2025-05-20T08:39:22.310+0000][74][info ][gc,marking  ] GC(1) Concurrent Clear Claimed Marks 3.255ms
[2025-05-20T08:39:22.313+0000][74][info ][gc,marking  ] GC(1) Concurrent Cleanup for Next Mark
[2025-05-20T08:39:22.326+0000][74][info ][gc,marking  ] GC(1) Concurrent Cleanup for Next Mark 13.050ms
[2025-05-20T08:39:22.333+0000][74][info ][gc          ] GC(1) Concurrent Mark Cycle 377.403ms
[2025-05-20T08:39:23.804+0000][74][info ][safepoint   ] Safepoint "ICBufferFull", Time since last: 1508517075 ns, Reaching safepoint: 4755 ns, Cleanup: 101065 ns, At safepoint: 8555 ns, Total: 114375 ns
[2025-05-20T08:39:24.807+0000][74][info ][safepoint   ] Safepoint "Cleanup", Time since last: 1002587228 ns, Reaching safepoint: 207201 ns, Cleanup: 49240 ns, At safepoint: 37775 ns, Total: 294216 ns
[2025-05-20T08:39:25.395+0000][74][info ][gc,start    ] GC(2) Pause Young (Prepare Mixed) (G1 Evacuation Pause)
[2025-05-20T08:39:25.399+0000][74][info ][gc,task     ] GC(2) Using 10 workers of 10 for evacuation
[2025-05-20T08:39:25.404+0000][74][debug][gc,age      ] GC(2) Desired survivor size 12582912 bytes, new threshold 15 (max threshold 15)
[2025-05-20T08:39:25.468+0000][74][info ][gc,phases   ] GC(2)   Pre Evacuate Collection Set: 0.43ms
[2025-05-20T08:39:25.476+0000][74][info ][gc,phases   ] GC(2)   Merge Heap Roots: 0.35ms
[2025-05-20T08:39:25.484+0000][74][info ][gc,phases   ] GC(2)   Evacuate Collection Set: 44.87ms
[2025-05-20T08:39:25.494+0000][74][info ][gc,phases   ] GC(2)   Post Evacuate Collection Set: 10.53ms
[2025-05-20T08:39:25.495+0000][74][info ][gc,phases   ] GC(2)   Other: 13.05ms
[2025-05-20T08:39:25.496+0000][74][trace][gc,age      ] GC(2) Age table with threshold 15 (max threshold 15)
[2025-05-20T08:39:25.505+0000][74][trace][gc,age      ] GC(2) - age   1:    5059552 bytes,    5059552 total
[2025-05-20T08:39:25.510+0000][74][trace][gc,age      ] GC(2) - age   2:    9292440 bytes,   14351992 total
[2025-05-20T08:39:25.512+0000][74][info ][gc,heap     ] GC(2) Eden regions: 45->0(44)
[2025-05-20T08:39:25.516+0000][74][info ][gc,heap     ] GC(2) Survivor regions: 3->4(6)
[2025-05-20T08:39:25.529+0000][74][info ][gc,heap     ] GC(2) Old regions: 1->1
[2025-05-20T08:39:25.539+0000][74][info ][gc,heap     ] GC(2) Humongous regions: 0->0
[2025-05-20T08:39:25.542+0000][74][info ][gc,metaspace] GC(2) Metaspace: 27829K(28480K)->27829K(28480K) NonClass: 24663K(25024K)->24663K(25024K) Class: 3165K(3456K)->3165K(3456K)
[2025-05-20T08:39:25.544+0000][74][info ][gc          ] GC(2) Pause Young (Prepare Mixed) (G1 Evacuation Pause) 191M->15M(3880M) 149.114ms
[2025-05-20T08:39:25.553+0000][74][info ][gc,cpu      ] GC(2) User=0.33s Sys=0.00s Real=0.16s
[2025-05-20T08:39:25.556+0000][74][info ][safepoint   ] Safepoint "G1CollectForAllocation", Time since last: 587964692 ns, Reaching safepoint: 123568 ns, Cleanup: 95393 ns, At safepoint: 160714465 ns, Total: 160933426 ns
[2025-05-20T08:39:26.935+0000][74][info ][safepoint   ] Safepoint "Cleanup", Time since last: 1378619446 ns, Reaching safepoint: 6721 ns, Cleanup: 184291 ns, At safepoint: 13220 ns, Total: 204232 ns
[2025-05-20T08:39:27.503+0000][74][info ][gc,start    ] GC(3) Pause Young (Mixed) (G1 Evacuation Pause)
[2025-05-20T08:39:27.509+0000][74][info ][gc,task     ] GC(3) Using 10 workers of 10 for evacuation
[2025-05-20T08:39:27.510+0000][74][debug][gc,age      ] GC(3) Desired survivor size 12582912 bytes, new threshold 2 (max threshold 15)
[2025-05-20T08:39:27.564+0000][74][info ][gc,phases   ] GC(3)   Pre Evacuate Collection Set: 1.36ms
[2025-05-20T08:39:27.576+0000][74][info ][gc,phases   ] GC(3)   Merge Heap Roots: 0.26ms
[2025-05-20T08:39:27.587+0000][74][info ][gc,phases   ] GC(3)   Evacuate Collection Set: 44.31ms
[2025-05-20T08:39:27.599+0000][74][info ][gc,phases   ] GC(3)   Post Evacuate Collection Set: 7.66ms
[2025-05-20T08:39:27.610+0000][74][info ][gc,phases   ] GC(3)   Other: 1.30ms
[2025-05-20T08:39:27.623+0000][74][trace][gc,age      ] GC(3) Age table with threshold 2 (max threshold 15)
[2025-05-20T08:39:27.640+0000][74][trace][gc,age      ] GC(3) - age   1:    5458720 bytes,    5458720 total
[2025-05-20T08:39:27.656+0000][74][trace][gc,age      ] GC(3) - age   2:    4850288 bytes,   10309008 total
[2025-05-20T08:39:27.664+0000][74][info ][gc,heap     ] GC(3) Eden regions: 44->0(45)
[2025-05-20T08:39:27.679+0000][74][info ][gc,heap     ] GC(3) Survivor regions: 4->3(6)
[2025-05-20T08:39:27.712+0000][74][info ][gc,heap     ] GC(3) Old regions: 1->3
[2025-05-20T08:39:27.744+0000][74][info ][gc,heap     ] GC(3) Humongous regions: 0->0
[2025-05-20T08:39:27.761+0000][74][info ][gc,metaspace] GC(3) Metaspace: 29256K(29952K)->29256K(29952K) NonClass: 25838K(26240K)->25838K(26240K) Class: 3418K(3712K)->3418K(3712K)
[2025-05-20T08:39:27.785+0000][74][info ][gc          ] GC(3) Pause Young (Mixed) (G1 Evacuation Pause) 191M->21M(3880M) 281.572ms
[2025-05-20T08:39:27.795+0000][74][info ][gc,cpu      ] GC(3) User=0.20s Sys=0.00s Real=0.29s
[2025-05-20T08:39:27.809+0000][74][info ][safepoint   ] Safepoint "G1CollectForAllocation", Time since last: 568361465 ns, Reaching safepoint: 6129 ns, Cleanup: 59640 ns, At safepoint: 305876432 ns, Total: 305942201 ns
[2025-05-20T08:39:28.831+0000][74][info ][safepoint   ] Safepoint "Cleanup", Time since last: 1021350327 ns, Reaching safepoint: 677948 ns, Cleanup: 73746 ns, At safepoint: 54220 ns, Total: 805914 ns
[2025-05-20T08:39:29.201+0000][74][info ][gc,start    ] GC(4) Pause Young (Normal) (G1 Evacuation Pause)
[2025-05-20T08:39:29.221+0000][74][info ][gc,task     ] GC(4) Using 10 workers of 10 for evacuation
[2025-05-20T08:39:29.245+0000][74][debug][gc,age      ] GC(4) Desired survivor size 12582912 bytes, new threshold 15 (max threshold 15)
[2025-05-20T08:39:29.271+0000][74][info ][gc,phases   ] GC(4)   Pre Evacuate Collection Set: 0.33ms
[2025-05-20T08:39:29.286+0000][74][info ][gc,phases   ] GC(4)   Merge Heap Roots: 0.16ms
[2025-05-20T08:39:29.299+0000][74][info ][gc,phases   ] GC(4)   Evacuate Collection Set: 3.06ms
[2025-05-20T08:39:29.311+0000][74][info ][gc,phases   ] GC(4)   Post Evacuate Collection Set: 0.93ms
[2025-05-20T08:39:29.323+0000][74][info ][gc,phases   ] GC(4)   Other: 44.60ms
[2025-05-20T08:39:29.343+0000][74][trace][gc,age      ] GC(4) Age table with threshold 15 (max threshold 15)
[2025-05-20T08:39:29.358+0000][74][trace][gc,age      ] GC(4) - age   1:    3135336 bytes,    3135336 total
[2025-05-20T08:39:29.369+0000][74][trace][gc,age      ] GC(4) - age   2:    3634048 bytes,    6769384 total
[2025-05-20T08:39:29.387+0000][74][trace][gc,age      ] GC(4) - age   3:    4849456 bytes,   11618840 total
[2025-05-20T08:39:29.409+0000][74][info ][gc,heap     ] GC(4) Eden regions: 45->0(213)
[2025-05-20T08:39:29.442+0000][74][info ][gc,heap     ] GC(4) Survivor regions: 3->3(6)
[2025-05-20T08:39:29.462+0000][74][info ][gc,heap     ] GC(4) Old regions: 3->3
[2025-05-20T08:39:29.491+0000][74][info ][gc,heap     ] GC(4) Humongous regions: 0->0
[2025-05-20T08:39:29.515+0000][74][info ][gc,metaspace] GC(4) Metaspace: 29668K(30400K)->29668K(30400K) NonClass: 26205K(26624K)->26205K(26624K) Class: 3462K(3776K)->3462K(3776K)
[2025-05-20T08:39:29.528+0000][74][info ][gc          ] GC(4) Pause Young (Normal) (G1 Evacuation Pause) 201M->22M(3880M) 327.713ms
[2025-05-20T08:39:29.544+0000][74][info ][gc,cpu      ] GC(4) User=0.02s Sys=0.00s Real=0.35s
[2025-05-20T08:39:29.560+0000][74][info ][safepoint   ] Safepoint "G1CollectForAllocation", Time since last: 369194900 ns, Reaching safepoint: 4995 ns, Cleanup: 65146 ns, At safepoint: 359355280 ns, Total: 359425421 ns
[2025-05-20T08:39:30.734+0000][74][info ][safepoint   ] Safepoint "Cleanup", Time since last: 1173582265 ns, Reaching safepoint: 3799 ns, Cleanup: 85469 ns, At safepoint: 28574 ns, Total: 117842 ns
[2025-05-20T08:39:31.757+0000][74][info ][safepoint   ] Safepoint "Cleanup", Time since last: 1023556949 ns, Reaching safepoint: 117962 ns, Cleanup: 70842 ns, At safepoint: 55324 ns, Total: 244128 ns
[2025-05-20T08:39:32.529+0000][74][info ][gc,start    ] GC(5) Pause Young (Concurrent Start) (Metadata GC Threshold)
[2025-05-20T08:39:32.531+0000][74][info ][gc,task     ] GC(5) Using 10 workers of 10 for evacuation
[2025-05-20T08:39:32.532+0000][74][debug][gc,age      ] GC(5) Desired survivor size 56623104 bytes, new threshold 15 (max threshold 15)
[2025-05-20T08:39:32.552+0000][74][info ][gc,phases   ] GC(5)   Pre Evacuate Collection Set: 0.73ms
[2025-05-20T08:39:32.556+0000][74][info ][gc,phases   ] GC(5)   Merge Heap Roots: 0.43ms
[2025-05-20T08:39:32.559+0000][74][info ][gc,phases   ] GC(5)   Evacuate Collection Set: 14.98ms
[2025-05-20T08:39:32.560+0000][74][info ][gc,phases   ] GC(5)   Post Evacuate Collection Set: 1.38ms
[2025-05-20T08:39:32.562+0000][74][info ][gc,phases   ] GC(5)   Other: 3.54ms
[2025-05-20T08:39:32.562+0000][74][trace][gc,age      ] GC(5) Age table with threshold 15 (max threshold 15)
[2025-05-20T08:39:32.562+0000][74][trace][gc,age      ] GC(5) - age   1:    8525512 bytes,    8525512 total
[2025-05-20T08:39:32.563+0000][74][trace][gc,age      ] GC(5) - age   2:    2409624 bytes,   10935136 total
[2025-05-20T08:39:32.563+0000][74][trace][gc,age      ] GC(5) - age   3:    3631440 bytes,   14566576 total
[2025-05-20T08:39:32.563+0000][74][trace][gc,age      ] GC(5) - age   4:    4845632 bytes,   19412208 total
[2025-05-20T08:39:32.564+0000][74][info ][gc,heap     ] GC(5) Eden regions: 109->0(576)
[2025-05-20T08:39:32.564+0000][74][info ][gc,heap     ] GC(5) Survivor regions: 3->6(27)
[2025-05-20T08:39:32.567+0000][74][info ][gc,heap     ] GC(5) Old regions: 3->3
[2025-05-20T08:39:32.568+0000][74][info ][gc,heap     ] GC(5) Humongous regions: 0->0
[2025-05-20T08:39:32.568+0000][74][info ][gc,metaspace] GC(5) Metaspace: 35737K(36608K)->35737K(36608K) NonClass: 31556K(32064K)->31556K(32064K) Class: 4181K(4544K)->4181K(4544K)
[2025-05-20T08:39:32.568+0000][74][info ][gc          ] GC(5) Pause Young (Concurrent Start) (Metadata GC Threshold) 458M->30M(3880M) 39.130ms
[2025-05-20T08:39:32.569+0000][74][info ][gc,cpu      ] GC(5) User=0.14s Sys=0.00s Real=0.04s
[2025-05-20T08:39:32.569+0000][74][info ][gc          ] GC(6) Concurrent Mark Cycle
[2025-05-20T08:39:32.569+0000][74][info ][gc,marking  ] GC(6) Concurrent Scan Root Regions
[2025-05-20T08:39:32.573+0000][74][info ][safepoint   ] Safepoint "CollectForMetadataAllocation", Time since last: 771645954 ns, Reaching safepoint: 5347 ns, Cleanup: 73174 ns, At safepoint: 43513038 ns, Total: 43591559 ns
[2025-05-20T08:39:32.573+0000][74][info ][gc,marking  ] GC(6) Concurrent Scan Root Regions 3.960ms
[2025-05-20T08:39:32.574+0000][74][info ][gc,marking  ] GC(6) Concurrent Mark
[2025-05-20T08:39:32.574+0000][74][info ][gc,marking  ] GC(6) Concurrent Mark From Roots
[2025-05-20T08:39:32.574+0000][74][info ][gc,task     ] GC(6) Using 3 workers of 3 for marking
[2025-05-20T08:39:32.589+0000][74][info ][gc,marking  ] GC(6) Concurrent Mark From Roots 14.630ms
[2025-05-20T08:39:32.591+0000][74][info ][gc,marking  ] GC(6) Concurrent Preclean
[2025-05-20T08:39:32.591+0000][74][info ][gc,marking  ] GC(6) Concurrent Preclean 0.362ms
[2025-05-20T08:39:32.592+0000][74][info ][gc,start    ] GC(6) Pause Remark
[2025-05-20T08:39:32.611+0000][74][info ][gc          ] GC(6) Pause Remark 33M->33M(3880M) 18.274ms
[2025-05-20T08:39:32.616+0000][74][info ][gc,cpu      ] GC(6) User=0.08s Sys=0.00s Real=0.02s
[2025-05-20T08:39:32.629+0000][74][info ][safepoint   ] Safepoint "G1PauseRemark", Time since last: 19528530 ns, Reaching safepoint: 90011 ns, Cleanup: 19029 ns, At safepoint: 36780491 ns, Total: 36889531 ns
[2025-05-20T08:39:32.643+0000][74][info ][gc,marking  ] GC(6) Concurrent Mark 69.228ms
[2025-05-20T08:39:32.673+0000][74][info ][gc,marking  ] GC(6) Concurrent Rebuild Remembered Sets and Scrub Regions
[2025-05-20T08:39:32.692+0000][74][info ][gc,marking  ] GC(6) Concurrent Rebuild Remembered Sets and Scrub Regions 19.373ms
[2025-05-20T08:39:32.701+0000][74][info ][gc,start    ] GC(6) Pause Cleanup
[2025-05-20T08:39:32.714+0000][74][info ][gc          ] GC(6) Pause Cleanup 33M->33M(3880M) 12.895ms
[2025-05-20T08:39:32.721+0000][74][info ][gc,cpu      ] GC(6) User=0.02s Sys=0.00s Real=0.03s
[2025-05-20T08:39:32.726+0000][74][info ][safepoint   ] Safepoint "G1PauseCleanup", Time since last: 71969570 ns, Reaching safepoint: 93854 ns, Cleanup: 11033 ns, At safepoint: 25384630 ns, Total: 25489517 ns
[2025-05-20T08:39:32.734+0000][74][info ][gc,marking  ] GC(6) Concurrent Clear Claimed Marks
[2025-05-20T08:39:32.737+0000][74][info ][gc,marking  ] GC(6) Concurrent Clear Claimed Marks 2.352ms
[2025-05-20T08:39:32.741+0000][74][info ][gc,marking  ] GC(6) Concurrent Cleanup for Next Mark
[2025-05-20T08:39:32.765+0000][74][info ][gc,marking  ] GC(6) Concurrent Cleanup for Next Mark 23.400ms
[2025-05-20T08:39:32.787+0000][74][info ][gc          ] GC(6) Concurrent Mark Cycle 218.342ms
[2025-05-20T08:39:33.735+0000][74][info ][safepoint   ] Safepoint "Cleanup", Time since last: 1007912337 ns, Reaching safepoint: 99948 ns, Cleanup: 47568 ns, At safepoint: 29847 ns, Total: 177363 ns
[2025-05-20T08:39:34.747+0000][74][info ][safepoint   ] Safepoint "Cleanup", Time since last: 1003432706 ns, Reaching safepoint: 8841936 ns, Cleanup: 44858 ns, At safepoint: 58656 ns, Total: 8945450 ns
[2025-05-20T08:39:35.774+0000][74][info ][safepoint   ] Safepoint "Cleanup", Time since last: 1026914353 ns, Reaching safepoint: 145620 ns, Cleanup: 61922 ns, At safepoint: 27482 ns, Total: 235024 ns
[2025-05-20T08:39:36.778+0000][74][info ][safepoint   ] Safepoint "Cleanup", Time since last: 1003305358 ns, Reaching safepoint: 146681 ns, Cleanup: 204676 ns, At safepoint: 143815 ns, Total: 495172 ns
[2025-05-20T08:39:37.786+0000][74][info ][safepoint   ] Safepoint "Cleanup", Time since last: 1007396205 ns, Reaching safepoint: 87729 ns, Cleanup: 152399 ns, At safepoint: 67971 ns, Total: 308099 ns
[2025-05-20T08:39:38.787+0000][74][info ][safepoint   ] Safepoint "Cleanup", Time since last: 1001112211 ns, Reaching safepoint: 181141 ns, Cleanup: 120541 ns, At safepoint: 124018 ns, Total: 425700 ns
[2025-05-20T08:39:40.040+0000][74][info ][safepoint   ] Safepoint "ICBufferFull", Time since last: 1252946109 ns, Reaching safepoint: 8457 ns, Cleanup: 193470 ns, At safepoint: 82478 ns, Total: 284405 ns
[2025-05-20T08:39:41.672+0000][74][info ][safepoint   ] Safepoint "Cleanup", Time since last: 1629404842 ns, Reaching safepoint: 2304079 ns, Cleanup: 88741 ns, At safepoint: 84059 ns, Total: 2476879 ns
[2025-05-20T08:39:42.453+0000][74][info ][gc,start    ] GC(7) Pause Young (Concurrent Start) (Metadata GC Threshold)
[2025-05-20T08:39:42.461+0000][74][info ][gc,task     ] GC(7) Using 10 workers of 10 for evacuation
[2025-05-20T08:39:42.471+0000][74][debug][gc,age      ] GC(7) Desired survivor size 153092096 bytes, new threshold 15 (max threshold 15)
[2025-05-20T08:39:42.517+0000][74][info ][gc,phases   ] GC(7)   Pre Evacuate Collection Set: 0.75ms
[2025-05-20T08:39:42.520+0000][74][info ][gc,phases   ] GC(7)   Merge Heap Roots: 0.20ms
[2025-05-20T08:39:42.524+0000][74][info ][gc,phases   ] GC(7)   Evacuate Collection Set: 29.20ms
[2025-05-20T08:39:42.537+0000][74][info ][gc,phases   ] GC(7)   Post Evacuate Collection Set: 5.64ms
[2025-05-20T08:39:42.561+0000][74][info ][gc,phases   ] GC(7)   Other: 20.81ms
[2025-05-20T08:39:42.573+0000][74][trace][gc,age      ] GC(7) Age table with threshold 15 (max threshold 15)
[2025-05-20T08:39:42.578+0000][74][trace][gc,age      ] GC(7) - age   1:   10919472 bytes,   10919472 total
[2025-05-20T08:39:42.595+0000][74][trace][gc,age      ] GC(7) - age   2:    8432048 bytes,   19351520 total
[2025-05-20T08:39:42.610+0000][74][trace][gc,age      ] GC(7) - age   3:    2405168 bytes,   21756688 total
[2025-05-20T08:39:42.625+0000][74][trace][gc,age      ] GC(7) - age   4:    3623048 bytes,   25379736 total
[2025-05-20T08:39:42.637+0000][74][trace][gc,age      ] GC(7) - age   5:    4822984 bytes,   30202720 total
[2025-05-20T08:39:42.657+0000][74][info ][gc,heap     ] GC(7) Eden regions: 173->0(186)
[2025-05-20T08:39:42.664+0000][74][info ][gc,heap     ] GC(7) Survivor regions: 6->8(73)
[2025-05-20T08:39:42.672+0000][74][info ][gc,heap     ] GC(7) Old regions: 3->3
[2025-05-20T08:39:42.679+0000][74][info ][gc,heap     ] GC(7) Humongous regions: 0->0
[2025-05-20T08:39:42.686+0000][74][info ][gc,metaspace] GC(7) Metaspace: 59971K(61248K)->59971K(61248K) NonClass: 52368K(53120K)->52368K(53120K) Class: 7603K(8128K)->7603K(8128K)
[2025-05-20T08:39:42.699+0000][74][info ][gc          ] GC(7) Pause Young (Concurrent Start) (Metadata GC Threshold) 720M->42M(3880M) 246.078ms
[2025-05-20T08:39:42.709+0000][74][info ][gc,cpu      ] GC(7) User=0.23s Sys=0.01s Real=0.25s
[2025-05-20T08:39:42.709+0000][74][info ][gc          ] GC(8) Concurrent Mark Cycle
[2025-05-20T08:39:42.714+0000][74][info ][gc,marking  ] GC(8) Concurrent Scan Root Regions
[2025-05-20T08:39:42.715+0000][74][info ][safepoint   ] Safepoint "CollectForMetadataAllocation", Time since last: 780925828 ns, Reaching safepoint: 6572 ns, Cleanup: 47803 ns, At safepoint: 261584714 ns, Total: 261639089 ns
[2025-05-20T08:39:42.721+0000][74][info ][gc,marking  ] GC(8) Concurrent Scan Root Regions 6.637ms
[2025-05-20T08:39:42.721+0000][74][info ][gc,marking  ] GC(8) Concurrent Mark
[2025-05-20T08:39:42.722+0000][74][info ][gc,marking  ] GC(8) Concurrent Mark From Roots
[2025-05-20T08:39:42.722+0000][74][info ][gc,task     ] GC(8) Using 3 workers of 3 for marking
[2025-05-20T08:39:42.735+0000][74][info ][gc,marking  ] GC(8) Concurrent Mark From Roots 13.501ms
[2025-05-20T08:39:42.739+0000][74][info ][gc,marking  ] GC(8) Concurrent Preclean
[2025-05-20T08:39:42.741+0000][74][info ][gc,marking  ] GC(8) Concurrent Preclean 2.438ms
[2025-05-20T08:39:42.751+0000][74][info ][gc,start    ] GC(8) Pause Remark
[2025-05-20T08:39:42.763+0000][74][info ][gc          ] GC(8) Pause Remark 46M->46M(3880M) 12.089ms
[2025-05-20T08:39:42.768+0000][74][info ][gc,cpu      ] GC(8) User=0.02s Sys=0.01s Real=0.02s
[2025-05-20T08:39:42.771+0000][74][info ][safepoint   ] Safepoint "G1PauseRemark", Time since last: 36023685 ns, Reaching safepoint: 98355 ns, Cleanup: 12753 ns, At safepoint: 19808365 ns, Total: 19919473 ns
[2025-05-20T08:39:42.774+0000][74][info ][gc,marking  ] GC(8) Concurrent Mark 52.681ms
[2025-05-20T08:39:42.780+0000][74][info ][gc,marking  ] GC(8) Concurrent Rebuild Remembered Sets and Scrub Regions
[2025-05-20T08:39:42.795+0000][74][info ][gc,marking  ] GC(8) Concurrent Rebuild Remembered Sets and Scrub Regions 14.941ms
[2025-05-20T08:39:42.803+0000][74][info ][gc,start    ] GC(8) Pause Cleanup
[2025-05-20T08:39:42.811+0000][74][info ][gc          ] GC(8) Pause Cleanup 46M->46M(3880M) 7.329ms
[2025-05-20T08:39:42.813+0000][74][info ][gc,cpu      ] GC(8) User=0.01s Sys=0.00s Real=0.01s
[2025-05-20T08:39:42.817+0000][74][info ][safepoint   ] Safepoint "G1PauseCleanup", Time since last: 32230654 ns, Reaching safepoint: 166785 ns, Cleanup: 17480 ns, At safepoint: 13918913 ns, Total: 14103178 ns
[2025-05-20T08:39:42.819+0000][74][info ][gc,marking  ] GC(8) Concurrent Clear Claimed Marks
[2025-05-20T08:39:42.825+0000][74][info ][gc,marking  ] GC(8) Concurrent Clear Claimed Marks 5.805ms
[2025-05-20T08:39:42.829+0000][74][info ][gc,marking  ] GC(8) Concurrent Cleanup for Next Mark
[2025-05-20T08:39:42.840+0000][74][info ][gc,marking  ] GC(8) Concurrent Cleanup for Next Mark 10.432ms
[2025-05-20T08:39:42.845+0000][74][info ][gc          ] GC(8) Concurrent Mark Cycle 135.677ms
[2025-05-20T08:39:44.711+0000][74][info ][safepoint   ] Safepoint "Cleanup", Time since last: 1897670426 ns, Reaching safepoint: 95311 ns, Cleanup: 112880 ns, At safepoint: 33193 ns, Total: 241384 ns
[2025-05-20T08:39:45.718+0000][74][info ][safepoint   ] Safepoint "Cleanup", Time since last: 1005757491 ns, Reaching safepoint: 1035948 ns, Cleanup: 32907 ns, At safepoint: 124116 ns, Total: 1192971 ns
[2025-05-20T08:39:46.722+0000][74][info ][safepoint   ] Safepoint "Cleanup", Time since last: 1003796450 ns, Reaching safepoint: 133293 ns, Cleanup: 17158 ns, At safepoint: 13719 ns, Total: 164170 ns
[2025-05-20T08:39:48.318+0000][74][info ][safepoint   ] Safepoint "ICBufferFull", Time since last: 1594516153 ns, Reaching safepoint: 5547 ns, Cleanup: 167915 ns, At safepoint: 1044964 ns, Total: 1218426 ns
[2025-05-20T08:39:49.321+0000][74][info ][safepoint   ] Safepoint "Cleanup", Time since last: 1003188872 ns, Reaching safepoint: 93845 ns, Cleanup: 21913 ns, At safepoint: 26881 ns, Total: 142639 ns
[2025-05-20T08:39:50.394+0000][74][info ][safepoint   ] Safepoint "Cleanup", Time since last: 1072761918 ns, Reaching safepoint: 3019 ns, Cleanup: 76883 ns, At safepoint: 18561 ns, Total: 98463 ns
[2025-05-20T08:39:51.443+0000][74][info ][safepoint   ] Safepoint "Cleanup", Time since last: 1048898078 ns, Reaching safepoint: 3273 ns, Cleanup: 83965 ns, At safepoint: 19126 ns, Total: 106364 ns
[2025-05-20T08:39:52.478+0000][74][info ][gc,start    ] GC(9) Pause Young (Normal) (G1 Evacuation Pause)
[2025-05-20T08:39:52.481+0000][74][info ][gc,task     ] GC(9) Using 10 workers of 10 for evacuation
[2025-05-20T08:39:52.483+0000][74][debug][gc,age      ] GC(9) Desired survivor size 52428800 bytes, new threshold 15 (max threshold 15)
[2025-05-20T08:39:52.557+0000][74][info ][gc,phases   ] GC(9)   Pre Evacuate Collection Set: 0.54ms
[2025-05-20T08:39:52.563+0000][74][info ][gc,phases   ] GC(9)   Merge Heap Roots: 0.19ms
[2025-05-20T08:39:52.566+0000][74][info ][gc,phases   ] GC(9)   Evacuate Collection Set: 68.45ms
[2025-05-20T08:39:52.569+0000][74][info ][gc,phases   ] GC(9)   Post Evacuate Collection Set: 4.39ms
[2025-05-20T08:39:52.575+0000][74][info ][gc,phases   ] GC(9)   Other: 2.76ms
[2025-05-20T08:39:52.577+0000][74][trace][gc,age      ] GC(9) Age table with threshold 15 (max threshold 15)
[2025-05-20T08:39:52.577+0000][74][trace][gc,age      ] GC(9) - age   1:   16948808 bytes,   16948808 total
[2025-05-20T08:39:52.578+0000][74][trace][gc,age      ] GC(9) - age   2:   10325656 bytes,   27274464 total
[2025-05-20T08:39:52.578+0000][74][trace][gc,age      ] GC(9) - age   3:    8385016 bytes,   35659480 total
[2025-05-20T08:39:52.578+0000][74][trace][gc,age      ] GC(9) - age   4:    2395280 bytes,   38054760 total
[2025-05-20T08:39:52.579+0000][74][trace][gc,age      ] GC(9) - age   5:    3606880 bytes,   41661640 total
[2025-05-20T08:39:52.579+0000][74][trace][gc,age      ] GC(9) - age   6:    4792680 bytes,   46454320 total
[2025-05-20T08:39:52.580+0000][74][info ][gc,heap     ] GC(9) Eden regions: 186->0(178)
[2025-05-20T08:39:52.580+0000][74][info ][gc,heap     ] GC(9) Survivor regions: 8->12(25)
[2025-05-20T08:39:52.580+0000][74][info ][gc,heap     ] GC(9) Old regions: 3->3
[2025-05-20T08:39:52.581+0000][74][info ][gc,heap     ] GC(9) Humongous regions: 0->0
[2025-05-20T08:39:52.581+0000][74][info ][gc,metaspace] GC(9) Metaspace: 87574K(89280K)->87574K(89280K) NonClass: 75873K(76864K)->75873K(76864K) Class: 11701K(12416K)->11701K(12416K)
[2025-05-20T08:39:52.581+0000][74][info ][gc          ] GC(9) Pause Young (Normal) (G1 Evacuation Pause) 786M->57M(3880M) 103.091ms
[2025-05-20T08:39:52.582+0000][74][info ][gc,cpu      ] GC(9) User=0.58s Sys=0.05s Real=0.11s
[2025-05-20T08:39:52.582+0000][74][info ][safepoint   ] Safepoint "G1CollectForAllocation", Time since last: 1035491076 ns, Reaching safepoint: 10382 ns, Cleanup: 129677 ns, At safepoint: 103900686 ns, Total: 104040745 ns
[2025-05-20T08:39:53.833+0000][74][info ][safepoint   ] Safepoint "Cleanup", Time since last: 1250777936 ns, Reaching safepoint: 4690 ns, Cleanup: 56519 ns, At safepoint: 59984 ns, Total: 121193 ns
[2025-05-20T08:39:54.514+0000][74][info ][gc,start    ] GC(10) Pause Young (Concurrent Start) (Metadata GC Threshold)
[2025-05-20T08:39:54.514+0000][74][info ][gc,task     ] GC(10) Using 10 workers of 10 for evacuation
[2025-05-20T08:39:54.514+0000][74][debug][gc,age      ] GC(10) Desired survivor size 50331648 bytes, new threshold 15 (max threshold 15)
[2025-05-20T08:39:54.536+0000][74][info ][gc,phases   ] GC(10)   Pre Evacuate Collection Set: 0.44ms
[2025-05-20T08:39:54.536+0000][74][info ][gc,phases   ] GC(10)   Merge Heap Roots: 0.14ms
[2025-05-20T08:39:54.536+0000][74][info ][gc,phases   ] GC(10)   Evacuate Collection Set: 16.22ms
[2025-05-20T08:39:54.537+0000][74][info ][gc,phases   ] GC(10)   Post Evacuate Collection Set: 3.90ms
[2025-05-20T08:39:54.537+0000][74][info ][gc,phases   ] GC(10)   Other: 0.70ms
[2025-05-20T08:39:54.537+0000][74][trace][gc,age      ] GC(10) Age table with threshold 15 (max threshold 15)
[2025-05-20T08:39:54.538+0000][74][trace][gc,age      ] GC(10) - age   1:    4854784 bytes,    4854784 total
[2025-05-20T08:39:54.538+0000][74][trace][gc,age      ] GC(10) - age   2:   16561480 bytes,   21416264 total
[2025-05-20T08:39:54.538+0000][74][trace][gc,age      ] GC(10) - age   3:   10310648 bytes,   31726912 total
[2025-05-20T08:39:54.539+0000][74][trace][gc,age      ] GC(10) - age   4:    8379056 bytes,   40105968 total
[2025-05-20T08:39:54.540+0000][74][trace][gc,age      ] GC(10) - age   5:    2393256 bytes,   42499224 total
[2025-05-20T08:39:54.540+0000][74][trace][gc,age      ] GC(10) - age   6:    3606240 bytes,   46105464 total
[2025-05-20T08:39:54.541+0000][74][trace][gc,age      ] GC(10) - age   7:    4785256 bytes,   50890720 total
[2025-05-20T08:39:54.541+0000][74][info ][gc,heap     ] GC(10) Eden regions: 23->0(179)
[2025-05-20T08:39:54.541+0000][74][info ][gc,heap     ] GC(10) Survivor regions: 12->14(24)
[2025-05-20T08:39:54.542+0000][74][info ][gc,heap     ] GC(10) Old regions: 3->3
[2025-05-20T08:39:54.542+0000][74][info ][gc,heap     ] GC(10) Humongous regions: 0->0
[2025-05-20T08:39:54.543+0000][74][info ][gc,metaspace] GC(10) Metaspace: 100549K(102336K)->100549K(102336K) NonClass: 87213K(88192K)->87213K(88192K) Class: 13335K(14144K)->13335K(14144K)
[2025-05-20T08:39:54.543+0000][74][info ][gc          ] GC(10) Pause Young (Concurrent Start) (Metadata GC Threshold) 149M->62M(3880M) 29.644ms
[2025-05-20T08:39:54.544+0000][74][info ][gc,cpu      ] GC(10) User=0.16s Sys=0.01s Real=0.03s
[2025-05-20T08:39:54.544+0000][74][info ][gc          ] GC(11) Concurrent Mark Cycle
[2025-05-20T08:39:54.545+0000][74][info ][safepoint   ] Safepoint "CollectForMetadataAllocation", Time since last: 680447677 ns, Reaching safepoint: 6979 ns, Cleanup: 70138 ns, At safepoint: 30871055 ns, Total: 30948172 ns
[2025-05-20T08:39:54.545+0000][74][info ][gc,marking  ] GC(11) Concurrent Scan Root Regions
[2025-05-20T08:39:54.563+0000][74][info ][gc,marking  ] GC(11) Concurrent Scan Root Regions 18.541ms
[2025-05-20T08:39:54.564+0000][74][info ][gc,marking  ] GC(11) Concurrent Mark
[2025-05-20T08:39:54.565+0000][74][info ][gc,marking  ] GC(11) Concurrent Mark From Roots
[2025-05-20T08:39:54.566+0000][74][info ][gc,task     ] GC(11) Using 3 workers of 3 for marking
[2025-05-20T08:39:54.573+0000][74][info ][gc,marking  ] GC(11) Concurrent Mark From Roots 7.811ms
[2025-05-20T08:39:54.573+0000][74][info ][gc,marking  ] GC(11) Concurrent Preclean
[2025-05-20T08:39:54.574+0000][74][info ][gc,marking  ] GC(11) Concurrent Preclean 0.348ms
[2025-05-20T08:39:54.574+0000][74][info ][gc,start    ] GC(11) Pause Remark
[2025-05-20T08:39:54.581+0000][74][info ][gc          ] GC(11) Pause Remark 67M->67M(3880M) 6.683ms
[2025-05-20T08:39:54.581+0000][74][info ][gc,cpu      ] GC(11) User=0.02s Sys=0.00s Real=0.01s
[2025-05-20T08:39:54.582+0000][74][info ][safepoint   ] Safepoint "G1PauseRemark", Time since last: 29363486 ns, Reaching safepoint: 212179 ns, Cleanup: 10956 ns, At safepoint: 7624290 ns, Total: 7847425 ns
[2025-05-20T08:39:54.582+0000][74][info ][gc,marking  ] GC(11) Concurrent Mark 18.474ms
[2025-05-20T08:39:54.582+0000][74][info ][gc,marking  ] GC(11) Concurrent Rebuild Remembered Sets and Scrub Regions
[2025-05-20T08:39:54.586+0000][74][info ][gc,marking  ] GC(11) Concurrent Rebuild Remembered Sets and Scrub Regions 3.034ms
[2025-05-20T08:39:54.586+0000][74][info ][gc,start    ] GC(11) Pause Cleanup
[2025-05-20T08:39:54.587+0000][74][info ][gc          ] GC(11) Pause Cleanup 68M->68M(3880M) 0.625ms
[2025-05-20T08:39:54.587+0000][74][info ][gc,cpu      ] GC(11) User=0.00s Sys=0.00s Real=0.00s
[2025-05-20T08:39:54.588+0000][74][info ][safepoint   ] Safepoint "G1PauseCleanup", Time since last: 4234326 ns, Reaching safepoint: 151898 ns, Cleanup: 17965 ns, At safepoint: 1372435 ns, Total: 1542298 ns
[2025-05-20T08:39:54.588+0000][74][info ][gc,marking  ] GC(11) Concurrent Clear Claimed Marks
[2025-05-20T08:39:54.588+0000][74][info ][gc,marking  ] GC(11) Concurrent Clear Claimed Marks 0.450ms
[2025-05-20T08:39:54.589+0000][74][info ][gc,marking  ] GC(11) Concurrent Cleanup for Next Mark
[2025-05-20T08:39:54.594+0000][74][info ][gc,marking  ] GC(11) Concurrent Cleanup for Next Mark 5.598ms
[2025-05-20T08:39:54.595+0000][74][info ][gc          ] GC(11) Concurrent Mark Cycle 51.127ms
[2025-05-20T08:39:55.846+0000][74][info ][safepoint   ] Safepoint "Cleanup", Time since last: 1258471916 ns, Reaching safepoint: 221849 ns, Cleanup: 107242 ns, At safepoint: 40099 ns, Total: 369190 ns
[2025-05-20T08:39:56.930+0000][74][info ][safepoint   ] Safepoint "ICBufferFull", Time since last: 1083098073 ns, Reaching safepoint: 83694 ns, Cleanup: 469807 ns, At safepoint: 130606 ns, Total: 684107 ns
[2025-05-20T08:39:57.133+0000][74][info ][safepoint   ] Safepoint "ICBufferFull", Time since last: 202228564 ns, Reaching safepoint: 5837 ns, Cleanup: 86145 ns, At safepoint: 47310 ns, Total: 139292 ns
[2025-05-20T08:39:57.304+0000][74][info ][safepoint   ] Safepoint "ICBufferFull", Time since last: 171285355 ns, Reaching safepoint: 156473 ns, Cleanup: 120261 ns, At safepoint: 78702 ns, Total: 355436 ns
[2025-05-20T08:39:57.568+0000][74][info ][safepoint   ] Safepoint "ICBufferFull", Time since last: 263838567 ns, Reaching safepoint: 5275 ns, Cleanup: 149795 ns, At safepoint: 7471 ns, Total: 162541 ns
[2025-05-20T08:39:58.189+0000][74][info ][safepoint   ] Safepoint "ICBufferFull", Time since last: 620246344 ns, Reaching safepoint: 12412 ns, Cleanup: 269905 ns, At safepoint: 13069 ns, Total: 295386 ns
[2025-05-20T08:39:58.420+0000][74][info ][safepoint   ] Safepoint "ICBufferFull", Time since last: 230248716 ns, Reaching safepoint: 1096640 ns, Cleanup: 127611 ns, At safepoint: 188948 ns, Total: 1413199 ns
[2025-05-20T08:39:58.944+0000][74][info ][safepoint   ] Safepoint "ICBufferFull", Time since last: 522705180 ns, Reaching safepoint: 472770 ns, Cleanup: 140551 ns, At safepoint: 80020 ns, Total: 693341 ns
[2025-05-20T08:39:59.354+0000][74][info ][safepoint   ] Safepoint "ICBufferFull", Time since last: 410374119 ns, Reaching safepoint: 12078 ns, Cleanup: 113943 ns, At safepoint: 68425 ns, Total: 194446 ns
[2025-05-20T08:39:59.604+0000][74][info ][safepoint   ] Safepoint "ICBufferFull", Time since last: 249499261 ns, Reaching safepoint: 100033 ns, Cleanup: 92475 ns, At safepoint: 49131 ns, Total: 241639 ns
[2025-05-20T08:40:00.034+0000][74][info ][safepoint   ] Safepoint "ICBufferFull", Time since last: 429458796 ns, Reaching safepoint: 24026 ns, Cleanup: 108472 ns, At safepoint: 35701 ns, Total: 168199 ns
[2025-05-20T08:40:00.417+0000][74][info ][safepoint   ] Safepoint "ICBufferFull", Time since last: 383218577 ns, Reaching safepoint: 10721 ns, Cleanup: 101351 ns, At safepoint: 35266 ns, Total: 147338 ns
[2025-05-20T08:40:01.530+0000][74][info ][safepoint   ] Safepoint "Cleanup", Time since last: 1112646228 ns, Reaching safepoint: 16797 ns, Cleanup: 182030 ns, At safepoint: 18106 ns, Total: 216933 ns
[2025-05-20T08:40:02.531+0000][74][info ][safepoint   ] Safepoint "Cleanup", Time since last: 1000618494 ns, Reaching safepoint: 14776 ns, Cleanup: 16350 ns, At safepoint: 10833 ns, Total: 41959 ns
[2025-05-20T08:40:03.635+0000][74][info ][safepoint   ] Safepoint "Cleanup", Time since last: 1104649254 ns, Reaching safepoint: 18510 ns, Cleanup: 40517 ns, At safepoint: 10397 ns, Total: 69424 ns
[2025-05-20T08:40:05.636+0000][74][info ][safepoint   ] Safepoint "Cleanup", Time since last: 2000814968 ns, Reaching safepoint: 187210 ns, Cleanup: 24849 ns, At safepoint: 14043 ns, Total: 226102 ns
[2025-05-20T08:40:06.637+0000][74][info ][safepoint   ] Safepoint "Cleanup", Time since last: 1000646185 ns, Reaching safepoint: 16984 ns, Cleanup: 25651 ns, At safepoint: 9898 ns, Total: 52533 ns
[2025-05-20T08:40:07.638+0000][74][info ][safepoint   ] Safepoint "Cleanup", Time since last: 1000588775 ns, Reaching safepoint: 41598 ns, Cleanup: 16546 ns, At safepoint: 7375 ns, Total: 65519 ns
[2025-05-20T08:40:10.371+0000][74][info ][safepoint   ] Safepoint "Cleanup", Time since last: 2732919958 ns, Reaching safepoint: 16533 ns, Cleanup: 45945 ns, At safepoint: 11480 ns, Total: 73958 ns
[2025-05-20T08:40:11.374+0000][74][info ][safepoint   ] Safepoint "Cleanup", Time since last: 1003288867 ns, Reaching safepoint: 17834 ns, Cleanup: 23502 ns, At safepoint: 13635 ns, Total: 54971 ns
[2025-05-20T08:40:12.375+0000][74][info ][safepoint   ] Safepoint "Cleanup", Time since last: 1001243695 ns, Reaching safepoint: 13520 ns, Cleanup: 16092 ns, At safepoint: 10260 ns, Total: 39872 ns
[2025-05-20T08:40:14.383+0000][74][info ][safepoint   ] Safepoint "Cleanup", Time since last: 2007288646 ns, Reaching safepoint: 14183 ns, Cleanup: 16100 ns, At safepoint: 9810 ns, Total: 40093 ns
[2025-05-20T08:40:15.382+0000][74][info ][safepoint   ] Safepoint "Cleanup", Time since last: 1000690130 ns, Reaching safepoint: 18170 ns, Cleanup: 21349 ns, At safepoint: 15510 ns, Total: 55029 ns
[2025-05-20T08:40:16.383+0000][74][info ][safepoint   ] Safepoint "Cleanup", Time since last: 1001008623 ns, Reaching safepoint: 13362 ns, Cleanup: 16616 ns, At safepoint: 9958 ns, Total: 39936 ns
[2025-05-20T08:40:17.384+0000][74][info ][safepoint   ] Safepoint "Cleanup", Time since last: 1000713642 ns, Reaching safepoint: 18888 ns, Cleanup: 19015 ns, At safepoint: 13279 ns, Total: 51182 ns
[2025-05-20T08:40:18.385+0000][74][info ][safepoint   ] Safepoint "Cleanup", Time since last: 1000673480 ns, Reaching safepoint: 10996 ns, Cleanup: 23898 ns, At safepoint: 7314 ns, Total: 42208 ns
[2025-05-20T08:40:19.386+0000][74][info ][safepoint   ] Safepoint "Cleanup", Time since last: 1000826948 ns, Reaching safepoint: 15067 ns, Cleanup: 17578 ns, At safepoint: 10369 ns, Total: 43014 ns
[2025-05-20T08:40:21.387+0000][74][info ][safepoint   ] Safepoint "Cleanup", Time since last: 2000791682 ns, Reaching safepoint: 40786 ns, Cleanup: 16343 ns, At safepoint: 9259 ns, Total: 66388 ns
[2025-05-20T08:40:22.387+0000][74][info ][safepoint   ] Safepoint "Cleanup", Time since last: 1000559642 ns, Reaching safepoint: 19204 ns, Cleanup: 19748 ns, At safepoint: 14077 ns, Total: 53029 ns
[2025-05-20T08:40:23.055+0000][74][info ][safepoint   ] Safepoint "ICBufferFull", Time since last: 667382742 ns, Reaching safepoint: 117537 ns, Cleanup: 107422 ns, At safepoint: 100111 ns, Total: 325070 ns
[2025-05-20T08:40:23.056+0000][74][info ][safepoint   ] Safepoint "ICBufferFull", Time since last: 635493 ns, Reaching safepoint: 114132 ns, Cleanup: 7513 ns, At safepoint: 101976 ns, Total: 223621 ns
[2025-05-20T08:40:23.286+0000][74][info ][safepoint   ] Safepoint "ICBufferFull", Time since last: 230066000 ns, Reaching safepoint: 209638 ns, Cleanup: 141113 ns, At safepoint: 66168 ns, Total: 416919 ns
[2025-05-20T08:40:24.289+0000][74][info ][safepoint   ] Safepoint "Cleanup", Time since last: 1002996544 ns, Reaching safepoint: 12060 ns, Cleanup: 32232 ns, At safepoint: 6840 ns, Total: 51132 ns
[2025-05-20T08:40:24.794+0000][74][info ][safepoint   ] Safepoint "ICBufferFull", Time since last: 504895373 ns, Reaching safepoint: 115702 ns, Cleanup: 123197 ns, At safepoint: 70187 ns, Total: 309086 ns
[2025-05-20T08:40:26.289+0000][74][info ][safepoint   ] Safepoint "Cleanup", Time since last: 1494172801 ns, Reaching safepoint: 18555 ns, Cleanup: 151267 ns, At safepoint: 19283 ns, Total: 189105 ns
[2025-05-20T08:40:27.306+0000][74][info ][safepoint   ] Safepoint "Cleanup", Time since last: 1017669455 ns, Reaching safepoint: 19485 ns, Cleanup: 15563 ns, At safepoint: 13060 ns, Total: 48108 ns
[2025-05-20T08:40:28.308+0000][74][info ][safepoint   ] Safepoint "Cleanup", Time since last: 1001552730 ns, Reaching safepoint: 22957 ns, Cleanup: 34378 ns, At safepoint: 13963 ns, Total: 71298 ns
[2025-05-20T08:40:29.132+0000][74][info ][safepoint   ] Safepoint "ICBufferFull", Time since last: 820917464 ns, Reaching safepoint: 2997638 ns, Cleanup: 110782 ns, At safepoint: 133476 ns, Total: 3241896 ns
[2025-05-20T08:40:29.135+0000][74][info ][safepoint   ] Safepoint "ICBufferFull", Time since last: 2789636 ns, Reaching safepoint: 227425 ns, Cleanup: 14256 ns, At safepoint: 134359 ns, Total: 376040 ns
[2025-05-20T08:40:29.137+0000][74][info ][safepoint   ] Safepoint "ICBufferFull", Time since last: 1654005 ns, Reaching safepoint: 112157 ns, Cleanup: 9718 ns, At safepoint: 146526 ns, Total: 268401 ns
[2025-05-20T08:40:29.139+0000][74][info ][safepoint   ] Safepoint "ICBufferFull", Time since last: 620264 ns, Reaching safepoint: 250377 ns, Cleanup: 11506 ns, At safepoint: 488250 ns, Total: 750133 ns
[2025-05-20T08:40:29.412+0000][74][info ][safepoint   ] Safepoint "ICBufferFull", Time since last: 272771590 ns, Reaching safepoint: 140576 ns, Cleanup: 129508 ns, At safepoint: 110856 ns, Total: 380940 ns
[2025-05-20T08:40:29.413+0000][74][info ][safepoint   ] Safepoint "ICBufferFull", Time since last: 651760 ns, Reaching safepoint: 14408 ns, Cleanup: 18823 ns, At safepoint: 77665 ns, Total: 110896 ns
[2025-05-20T08:40:29.556+0000][74][info ][gc,start    ] GC(12) Pause Young (Normal) (G1 Evacuation Pause)
[2025-05-20T08:40:29.557+0000][74][info ][gc,task     ] GC(12) Using 10 workers of 10 for evacuation
[2025-05-20T08:40:29.558+0000][74][debug][gc,age      ] GC(12) Desired survivor size 52428800 bytes, new threshold 15 (max threshold 15)
[2025-05-20T08:40:29.657+0000][74][info ][gc,phases   ] GC(12)   Pre Evacuate Collection Set: 0.71ms
[2025-05-20T08:40:29.658+0000][74][info ][gc,phases   ] GC(12)   Merge Heap Roots: 0.23ms
[2025-05-20T08:40:29.658+0000][74][info ][gc,phases   ] GC(12)   Evacuate Collection Set: 89.94ms
[2025-05-20T08:40:29.659+0000][74][info ][gc,phases   ] GC(12)   Post Evacuate Collection Set: 7.61ms
[2025-05-20T08:40:29.660+0000][74][info ][gc,phases   ] GC(12)   Other: 1.35ms
[2025-05-20T08:40:29.660+0000][74][trace][gc,age      ] GC(12) Age table with threshold 15 (max threshold 15)
[2025-05-20T08:40:29.661+0000][74][trace][gc,age      ] GC(12) - age   1:   46813784 bytes,   46813784 total
[2025-05-20T08:40:29.661+0000][74][trace][gc,age      ] GC(12) - age   2:    4307328 bytes,   51121112 total
[2025-05-20T08:40:29.662+0000][74][trace][gc,age      ] GC(12) - age   3:   16090536 bytes,   67211648 total
[2025-05-20T08:40:29.662+0000][74][trace][gc,age      ] GC(12) - age   4:   10154048 bytes,   77365696 total
[2025-05-20T08:40:29.662+0000][74][trace][gc,age      ] GC(12) - age   5:    8294584 bytes,   85660280 total
[2025-05-20T08:40:29.663+0000][74][trace][gc,age      ] GC(12) - age   6:    2388872 bytes,   88049152 total
[2025-05-20T08:40:29.663+0000][74][trace][gc,age      ] GC(12) - age   7:    3589936 bytes,   91639088 total
[2025-05-20T08:40:29.664+0000][74][trace][gc,age      ] GC(12) - age   8:    4772176 bytes,   96411264 total
[2025-05-20T08:40:29.664+0000][74][info ][gc,heap     ] GC(12) Eden regions: 179->0(126)
[2025-05-20T08:40:29.665+0000][74][info ][gc,heap     ] GC(12) Survivor regions: 14->25(25)
[2025-05-20T08:40:29.665+0000][74][info ][gc,heap     ] GC(12) Old regions: 3->3
[2025-05-20T08:40:29.666+0000][74][info ][gc,heap     ] GC(12) Humongous regions: 0->0
[2025-05-20T08:40:29.666+0000][74][info ][gc,metaspace] GC(12) Metaspace: 136831K(140544K)->136831K(140544K) NonClass: 117559K(119552K)->117559K(119552K) Class: 19271K(20992K)->19271K(20992K)
[2025-05-20T08:40:29.667+0000][74][info ][gc          ] GC(12) Pause Young (Normal) (G1 Evacuation Pause) 778M->110M(3880M) 110.394ms
[2025-05-20T08:40:29.667+0000][74][info ][gc,cpu      ] GC(12) User=0.80s Sys=0.02s Real=0.11s
[2025-05-20T08:40:29.668+0000][74][info ][safepoint   ] Safepoint "G1CollectForAllocation", Time since last: 143508182 ns, Reaching safepoint: 122337 ns, Cleanup: 96045 ns, At safepoint: 111708898 ns, Total: 111927280 ns
[2025-05-20T08:40:29.918+0000][74][info ][safepoint   ] Safepoint "ICBufferFull", Time since last: 249082745 ns, Reaching safepoint: 131132 ns, Cleanup: 160352 ns, At safepoint: 94982 ns, Total: 386466 ns
[2025-05-20T08:40:30.198+0000][74][info ][safepoint   ] Safepoint "ICBufferFull", Time since last: 279490750 ns, Reaching safepoint: 223060 ns, Cleanup: 142448 ns, At safepoint: 90796 ns, Total: 456304 ns
[2025-05-20T08:40:30.666+0000][74][info ][safepoint   ] Safepoint "ICBufferFull", Time since last: 468659784 ns, Reaching safepoint: 22883 ns, Cleanup: 150525 ns, At safepoint: 22486 ns, Total: 195894 ns
[2025-05-20T08:40:31.847+0000][74][info ][safepoint   ] Safepoint "ICBufferFull", Time since last: 1180655246 ns, Reaching safepoint: 26389 ns, Cleanup: 218805 ns, At safepoint: 17235 ns, Total: 262429 ns
[2025-05-20T08:40:31.848+0000][74][info ][safepoint   ] Safepoint "ICBufferFull", Time since last: 529881 ns, Reaching safepoint: 20285 ns, Cleanup: 12126 ns, At safepoint: 135841 ns, Total: 168252 ns
[2025-05-20T08:40:32.824+0000][74][info ][safepoint   ] Safepoint "ICBufferFull", Time since last: 975283575 ns, Reaching safepoint: 26145 ns, Cleanup: 165285 ns, At safepoint: 209184 ns, Total: 400614 ns
[2025-05-20T08:40:33.112+0000][74][info ][safepoint   ] Safepoint "ICBufferFull", Time since last: 288000485 ns, Reaching safepoint: 178465 ns, Cleanup: 149589 ns, At safepoint: 105250 ns, Total: 433304 ns
[2025-05-20T08:40:33.119+0000][74][info ][safepoint   ] Safepoint "ICBufferFull", Time since last: 6379566 ns, Reaching safepoint: 154361 ns, Cleanup: 10426 ns, At safepoint: 138102 ns, Total: 302889 ns
[2025-05-20T08:40:33.366+0000][74][info ][safepoint   ] Safepoint "ICBufferFull", Time since last: 247509487 ns, Reaching safepoint: 24485 ns, Cleanup: 126803 ns, At safepoint: 13827 ns, Total: 165115 ns
[2025-05-20T08:40:33.649+0000][74][info ][safepoint   ] Safepoint "ICBufferFull", Time since last: 282103449 ns, Reaching safepoint: 181881 ns, Cleanup: 283166 ns, At safepoint: 136779 ns, Total: 601826 ns
[2025-05-20T08:40:34.436+0000][74][info ][safepoint   ] Safepoint "ICBufferFull", Time since last: 786715261 ns, Reaching safepoint: 13856 ns, Cleanup: 115343 ns, At safepoint: 36124 ns, Total: 165323 ns
[2025-05-20T08:40:35.452+0000][74][info ][safepoint   ] Safepoint "Cleanup", Time since last: 1016232953 ns, Reaching safepoint: 34833 ns, Cleanup: 125524 ns, At safepoint: 19523 ns, Total: 179880 ns
[2025-05-20T08:40:35.880+0000][74][info ][safepoint   ] Safepoint "ICBufferFull", Time since last: 427609132 ns, Reaching safepoint: 20679 ns, Cleanup: 117505 ns, At safepoint: 53708 ns, Total: 191892 ns
[2025-05-20T08:40:36.123+0000][74][info ][safepoint   ] Safepoint "ICBufferFull", Time since last: 242192224 ns, Reaching safepoint: 184050 ns, Cleanup: 174870 ns, At safepoint: 339099 ns, Total: 698019 ns
[2025-05-20T08:40:37.500+0000][74][info ][safepoint   ] Safepoint "Cleanup", Time since last: 1376557644 ns, Reaching safepoint: 26182 ns, Cleanup: 131740 ns, At safepoint: 20965 ns, Total: 178887 ns
[2025-05-20T08:40:38.522+0000][74][info ][safepoint   ] Safepoint "Cleanup", Time since last: 1021718174 ns, Reaching safepoint: 24479 ns, Cleanup: 23066 ns, At safepoint: 9959 ns, Total: 57504 ns
[2025-05-20T08:40:40.440+0000][74][info ][safepoint   ] Safepoint "Cleanup", Time since last: 1917992960 ns, Reaching safepoint: 11531 ns, Cleanup: 129405 ns, At safepoint: 37103 ns, Total: 178039 ns
[2025-05-20T08:40:41.446+0000][74][info ][safepoint   ] Safepoint "Cleanup", Time since last: 1005774678 ns, Reaching safepoint: 23237 ns, Cleanup: 21128 ns, At safepoint: 11112 ns, Total: 55477 ns
[2025-05-20T08:40:42.447+0000][74][info ][safepoint   ] Safepoint "Cleanup", Time since last: 1000786227 ns, Reaching safepoint: 30394 ns, Cleanup: 29836 ns, At safepoint: 16384 ns, Total: 76614 ns
[2025-05-20T08:40:44.448+0000][74][info ][safepoint   ] Safepoint "Cleanup", Time since last: 2000860179 ns, Reaching safepoint: 32309 ns, Cleanup: 130401 ns, At safepoint: 22889 ns, Total: 185599 ns
[2025-05-20T08:40:45.460+0000][74][info ][safepoint   ] Safepoint "Cleanup", Time since last: 1015823870 ns, Reaching safepoint: 20656 ns, Cleanup: 49950 ns, At safepoint: 9786 ns, Total: 80392 ns
[2025-05-20T08:40:46.461+0000][74][info ][safepoint   ] Safepoint "Cleanup", Time since last: 1000598146 ns, Reaching safepoint: 31391 ns, Cleanup: 79720 ns, At safepoint: 19308 ns, Total: 130419 ns
[2025-05-20T08:40:47.462+0000][74][info ][safepoint   ] Safepoint "Cleanup", Time since last: 1000726162 ns, Reaching safepoint: 173147 ns, Cleanup: 74472 ns, At safepoint: 27878 ns, Total: 275497 ns
[2025-05-20T08:40:48.463+0000][74][info ][safepoint   ] Safepoint "Cleanup", Time since last: 1000608573 ns, Reaching safepoint: 24692 ns, Cleanup: 18611 ns, At safepoint: 39740 ns, Total: 83043 ns
[2025-05-20T08:40:49.464+0000][74][info ][safepoint   ] Safepoint "Cleanup", Time since last: 1000565166 ns, Reaching safepoint: 27043 ns, Cleanup: 32355 ns, At safepoint: 29464 ns, Total: 88862 ns
[2025-05-20T08:40:50.465+0000][74][info ][safepoint   ] Safepoint "Cleanup", Time since last: 1001789137 ns, Reaching safepoint: 27275 ns, Cleanup: 14804 ns, At safepoint: 11216 ns, Total: 53295 ns
[2025-05-20T08:40:51.469+0000][74][info ][safepoint   ] Safepoint "Cleanup", Time since last: 1003172992 ns, Reaching safepoint: 57225 ns, Cleanup: 20413 ns, At safepoint: 11995 ns, Total: 89633 ns
[2025-05-20T08:40:53.473+0000][74][info ][safepoint   ] Safepoint "Cleanup", Time since last: 2004308477 ns, Reaching safepoint: 34847 ns, Cleanup: 19308 ns, At safepoint: 17932 ns, Total: 72087 ns
[2025-05-20T08:40:54.474+0000][74][info ][safepoint   ] Safepoint "Cleanup", Time since last: 1000650571 ns, Reaching safepoint: 23281 ns, Cleanup: 29661 ns, At safepoint: 10254 ns, Total: 63196 ns
[2025-05-20T08:40:55.474+0000][74][info ][safepoint   ] Safepoint "Cleanup", Time since last: 1000611710 ns, Reaching safepoint: 27199 ns, Cleanup: 16600 ns, At safepoint: 10448 ns, Total: 54247 ns
[2025-05-20T08:40:56.787+0000][74][info ][safepoint   ] Safepoint "Cleanup", Time since last: 1312968317 ns, Reaching safepoint: 29805 ns, Cleanup: 38431 ns, At safepoint: 15347 ns, Total: 83583 ns
[2025-05-20T08:40:57.788+0000][74][info ][safepoint   ] Safepoint "Cleanup", Time since last: 1000633788 ns, Reaching safepoint: 17749 ns, Cleanup: 18104 ns, At safepoint: 8031 ns, Total: 43884 ns
[2025-05-20T08:40:58.790+0000][74][info ][safepoint   ] Safepoint "Cleanup", Time since last: 1002076194 ns, Reaching safepoint: 26893 ns, Cleanup: 26913 ns, At safepoint: 11568 ns, Total: 65374 ns
[2025-05-20T08:40:59.791+0000][74][info ][safepoint   ] Safepoint "Cleanup", Time since last: 1000709989 ns, Reaching safepoint: 26335 ns, Cleanup: 93886 ns, At safepoint: 16295 ns, Total: 136516 ns
[2025-05-20T08:41:00.792+0000][74][info ][safepoint   ] Safepoint "Cleanup", Time since last: 1000530433 ns, Reaching safepoint: 20288 ns, Cleanup: 21919 ns, At safepoint: 8530 ns, Total: 50737 ns
[2025-05-20T08:41:01.793+0000][74][info ][safepoint   ] Safepoint "Cleanup", Time since last: 1001080141 ns, Reaching safepoint: 19610 ns, Cleanup: 14483 ns, At safepoint: 9355 ns, Total: 43448 ns
[2025-05-20T08:41:02.795+0000][74][info ][safepoint   ] Safepoint "Cleanup", Time since last: 1002122291 ns, Reaching safepoint: 25475 ns, Cleanup: 15698 ns, At safepoint: 10619 ns, Total: 51792 ns
[2025-05-20T08:41:03.796+0000][74][info ][safepoint   ] Safepoint "Cleanup", Time since last: 1000704788 ns, Reaching safepoint: 32549 ns, Cleanup: 32377 ns, At safepoint: 16346 ns, Total: 81272 ns
[2025-05-20T08:41:04.797+0000][74][info ][safepoint   ] Safepoint "Cleanup", Time since last: 1000736870 ns, Reaching safepoint: 25787 ns, Cleanup: 26245 ns, At safepoint: 9529 ns, Total: 61561 ns
[2025-05-20T08:41:05.802+0000][74][info ][safepoint   ] Safepoint "Cleanup", Time since last: 1004628229 ns, Reaching safepoint: 151326 ns, Cleanup: 18153 ns, At safepoint: 147995 ns, Total: 317474 ns
[2025-05-20T08:41:06.802+0000][74][info ][safepoint   ] Safepoint "Cleanup", Time since last: 1000598339 ns, Reaching safepoint: 71477 ns, Cleanup: 36447 ns, At safepoint: 36079 ns, Total: 144003 ns
[2025-05-20T08:41:08.804+0000][74][info ][safepoint   ] Safepoint "Cleanup", Time since last: 2001419762 ns, Reaching safepoint: 109269 ns, Cleanup: 10597 ns, At safepoint: 44054 ns, Total: 163920 ns
[2025-05-20T08:41:09.055+0000][74][info ][gc,start    ] GC(13) Pause Young (Normal) (G1 Evacuation Pause)
[2025-05-20T08:41:09.056+0000][74][info ][gc,task     ] GC(13) Using 10 workers of 10 for evacuation
[2025-05-20T08:41:09.056+0000][74][debug][gc,age      ] GC(13) Desired survivor size 39845888 bytes, new threshold 1 (max threshold 15)
[2025-05-20T08:41:09.133+0000][74][info ][gc,phases   ] GC(13)   Pre Evacuate Collection Set: 0.55ms
[2025-05-20T08:41:09.134+0000][74][info ][gc,phases   ] GC(13)   Merge Heap Roots: 0.14ms
[2025-05-20T08:41:09.134+0000][74][info ][gc,phases   ] GC(13)   Evacuate Collection Set: 73.32ms
[2025-05-20T08:41:09.134+0000][74][info ][gc,phases   ] GC(13)   Post Evacuate Collection Set: 2.81ms
[2025-05-20T08:41:09.135+0000][74][info ][gc,phases   ] GC(13)   Other: 0.59ms
[2025-05-20T08:41:09.136+0000][74][trace][gc,age      ] GC(13) Age table with threshold 1 (max threshold 15)
[2025-05-20T08:41:09.137+0000][74][trace][gc,age      ] GC(13) - age   1:    4099816 bytes,    4099816 total
[2025-05-20T08:41:09.138+0000][74][info ][gc,heap     ] GC(13) Eden regions: 126->0(578)
[2025-05-20T08:41:09.138+0000][74][info ][gc,heap     ] GC(13) Survivor regions: 25->4(19)
[2025-05-20T08:41:09.138+0000][74][info ][gc,heap     ] GC(13) Old regions: 3->26
[2025-05-20T08:41:09.138+0000][74][info ][gc,heap     ] GC(13) Humongous regions: 0->0
[2025-05-20T08:41:09.139+0000][74][info ][gc,metaspace] GC(13) Metaspace: 140946K(144832K)->140946K(144832K) NonClass: 121293K(123392K)->121293K(123392K) Class: 19653K(21440K)->19653K(21440K)
[2025-05-20T08:41:09.139+0000][74][info ][gc          ] GC(13) Pause Young (Normal) (G1 Evacuation Pause) 614M->114M(3880M) 83.680ms
[2025-05-20T08:41:09.139+0000][74][info ][gc,cpu      ] GC(13) User=0.72s Sys=0.00s Real=0.08s
[2025-05-20T08:41:09.140+0000][74][info ][safepoint   ] Safepoint "G1CollectForAllocation", Time since last: 251267075 ns, Reaching safepoint: 23164 ns, Cleanup: 38499 ns, At safepoint: 84979758 ns, Total: 85041421 ns
[2025-05-20T08:41:10.406+0000][74][info ][safepoint   ] Safepoint "Cleanup", Time since last: 1265414878 ns, Reaching safepoint: 33439 ns, Cleanup: 158569 ns, At safepoint: 19410 ns, Total: 211418 ns
[2025-05-20T08:41:12.407+0000][74][info ][safepoint   ] Safepoint "Cleanup", Time since last: 2001026205 ns, Reaching safepoint: 100955 ns, Cleanup: 20262 ns, At safepoint: 10517 ns, Total: 131734 ns
[2025-05-20T08:41:14.409+0000][74][info ][safepoint   ] Safepoint "Cleanup", Time since last: 2001792156 ns, Reaching safepoint: 58954 ns, Cleanup: 23210 ns, At safepoint: 20870 ns, Total: 103034 ns
[2025-05-20T08:41:15.407+0000][74][info ][safepoint   ] Safepoint "Cleanup", Time since last: 1000821951 ns, Reaching safepoint: 153855 ns, Cleanup: 85394 ns, At safepoint: 16290 ns, Total: 255539 ns
[2025-05-20T08:41:16.408+0000][74][info ][safepoint   ] Safepoint "Cleanup", Time since last: 1000606459 ns, Reaching safepoint: 199443 ns, Cleanup: 24022 ns, At safepoint: 13360 ns, Total: 236825 ns
[2025-05-20T08:41:17.409+0000][74][info ][safepoint   ] Safepoint "Cleanup", Time since last: 1001085496 ns, Reaching safepoint: 33920 ns, Cleanup: 17593 ns, At safepoint: 17255 ns, Total: 68768 ns
[2025-05-20T08:41:18.410+0000][74][info ][safepoint   ] Safepoint "Cleanup", Time since last: 1000622473 ns, Reaching safepoint: 25319 ns, Cleanup: 18324 ns, At safepoint: 10891 ns, Total: 54534 ns
[2025-05-20T08:41:19.411+0000][74][info ][safepoint   ] Safepoint "Cleanup", Time since last: 1000818864 ns, Reaching safepoint: 20125 ns, Cleanup: 21289 ns, At safepoint: 10847 ns, Total: 52261 ns
[2025-05-20T08:41:21.412+0000][74][info ][safepoint   ] Safepoint "Cleanup", Time since last: 2000799888 ns, Reaching safepoint: 24414 ns, Cleanup: 22424 ns, At safepoint: 64266 ns, Total: 111104 ns
[2025-05-20T08:41:22.413+0000][74][info ][safepoint   ] Safepoint "Cleanup", Time since last: 1000797301 ns, Reaching safepoint: 56077 ns, Cleanup: 13912 ns, At safepoint: 13252 ns, Total: 83241 ns
[2025-05-20T08:41:23.413+0000][74][info ][safepoint   ] Safepoint "Cleanup", Time since last: 1000621814 ns, Reaching safepoint: 79670 ns, Cleanup: 18403 ns, At safepoint: 46937 ns, Total: 145010 ns
[2025-05-20T08:41:24.507+0000][74][info ][safepoint   ] Safepoint "Cleanup", Time since last: 1093599045 ns, Reaching safepoint: 29024 ns, Cleanup: 46502 ns, At safepoint: 12330 ns, Total: 87856 ns
[2025-05-20T08:41:26.509+0000][74][info ][safepoint   ] Safepoint "Cleanup", Time since last: 2001331248 ns, Reaching safepoint: 21503 ns, Cleanup: 23863 ns, At safepoint: 37460 ns, Total: 82826 ns
[2025-05-20T08:41:27.509+0000][74][info ][safepoint   ] Safepoint "Cleanup", Time since last: 1000544217 ns, Reaching safepoint: 25824 ns, Cleanup: 26308 ns, At safepoint: 10758 ns, Total: 62890 ns
[2025-05-20T08:41:28.510+0000][74][info ][safepoint   ] Safepoint "Cleanup", Time since last: 1001148833 ns, Reaching safepoint: 22543 ns, Cleanup: 14781 ns, At safepoint: 10374 ns, Total: 47698 ns
[2025-05-20T08:41:29.511+0000][74][info ][safepoint   ] Safepoint "Cleanup", Time since last: 1000589053 ns, Reaching safepoint: 26980 ns, Cleanup: 153977 ns, At safepoint: 46654 ns, Total: 227611 ns
[2025-05-20T08:41:30.541+0000][74][info ][safepoint   ] Safepoint "Cleanup", Time since last: 1029467601 ns, Reaching safepoint: 16913 ns, Cleanup: 66386 ns, At safepoint: 74823 ns, Total: 158122 ns
[2025-05-20T08:41:31.565+0000][74][info ][safepoint   ] Safepoint "Cleanup", Time since last: 1023925164 ns, Reaching safepoint: 13015 ns, Cleanup: 68866 ns, At safepoint: 24172 ns, Total: 106053 ns
[2025-05-20T08:41:33.573+0000][74][info ][safepoint   ] Safepoint "Cleanup", Time since last: 2008158457 ns, Reaching safepoint: 28860 ns, Cleanup: 26291 ns, At safepoint: 12214 ns, Total: 67365 ns
[2025-05-20T08:41:34.574+0000][74][info ][safepoint   ] Safepoint "Cleanup", Time since last: 1000597420 ns, Reaching safepoint: 29961 ns, Cleanup: 21489 ns, At safepoint: 11626 ns, Total: 63076 ns
[2025-05-20T08:41:35.575+0000][74][info ][safepoint   ] Safepoint "Cleanup", Time since last: 1000671866 ns, Reaching safepoint: 127127 ns, Cleanup: 19145 ns, At safepoint: 20300 ns, Total: 166572 ns
[2025-05-20T08:41:36.575+0000][74][info ][safepoint   ] Safepoint "Cleanup", Time since last: 1000704984 ns, Reaching safepoint: 34867 ns, Cleanup: 29570 ns, At safepoint: 19088 ns, Total: 83525 ns
[2025-05-20T08:41:39.576+0000][74][info ][safepoint   ] Safepoint "Cleanup", Time since last: 3000966376 ns, Reaching safepoint: 76572 ns, Cleanup: 30752 ns, At safepoint: 18846 ns, Total: 126170 ns
[2025-05-20T08:41:41.578+0000][74][info ][safepoint   ] Safepoint "Cleanup", Time since last: 2001102135 ns, Reaching safepoint: 27513 ns, Cleanup: 16066 ns, At safepoint: 9927 ns, Total: 53506 ns
[2025-05-20T08:41:42.583+0000][74][info ][safepoint   ] Safepoint "Cleanup", Time since last: 1005820536 ns, Reaching safepoint: 25074 ns, Cleanup: 15265 ns, At safepoint: 11460 ns, Total: 51799 ns
[2025-05-20T08:41:43.584+0000][74][info ][safepoint   ] Safepoint "Cleanup", Time since last: 1000661498 ns, Reaching safepoint: 25747 ns, Cleanup: 14171 ns, At safepoint: 11667 ns, Total: 51585 ns
[2025-05-20T08:41:44.585+0000][74][info ][safepoint   ] Safepoint "Cleanup", Time since last: 1000663929 ns, Reaching safepoint: 88196 ns, Cleanup: 14868 ns, At safepoint: 9200 ns, Total: 112264 ns
[2025-05-20T08:41:46.584+0000][74][info ][safepoint   ] Safepoint "Cleanup", Time since last: 2001030477 ns, Reaching safepoint: 26107 ns, Cleanup: 48206 ns, At safepoint: 10596 ns, Total: 84909 ns
[2025-05-20T08:41:48.584+0000][74][info ][safepoint   ] Safepoint "Cleanup", Time since last: 2000870121 ns, Reaching safepoint: 32665 ns, Cleanup: 18134 ns, At safepoint: 16971 ns, Total: 67770 ns
[2025-05-20T08:41:49.585+0000][74][info ][safepoint   ] Safepoint "Cleanup", Time since last: 1000747467 ns, Reaching safepoint: 32232 ns, Cleanup: 32130 ns, At safepoint: 16776 ns, Total: 81138 ns
[2025-05-20T08:41:51.587+0000][74][info ][safepoint   ] Safepoint "Cleanup", Time since last: 2002039862 ns, Reaching safepoint: 23352 ns, Cleanup: 24508 ns, At safepoint: 11127 ns, Total: 58987 ns
[2025-05-20T08:41:54.595+0000][74][info ][safepoint   ] Safepoint "Cleanup", Time since last: 3007191993 ns, Reaching safepoint: 30284 ns, Cleanup: 20885 ns, At safepoint: 11551 ns, Total: 62720 ns
[2025-05-20T08:41:57.596+0000][74][info ][safepoint   ] Safepoint "Cleanup", Time since last: 3001034867 ns, Reaching safepoint: 30719 ns, Cleanup: 18298 ns, At safepoint: 16888 ns, Total: 65905 ns
[2025-05-20T08:41:58.602+0000][74][info ][safepoint   ] Safepoint "Cleanup", Time since last: 1006259011 ns, Reaching safepoint: 28815 ns, Cleanup: 27740 ns, At safepoint: 10420 ns, Total: 66975 ns
[2025-05-20T08:41:59.603+0000][74][info ][safepoint   ] Safepoint "Cleanup", Time since last: 1000664206 ns, Reaching safepoint: 26201 ns, Cleanup: 31744 ns, At safepoint: 10719 ns, Total: 68664 ns
[2025-05-20T08:42:00.603+0000][74][info ][safepoint   ] Safepoint "Cleanup", Time since last: 1000626796 ns, Reaching safepoint: 19411 ns, Cleanup: 27392 ns, At safepoint: 8666 ns, Total: 55469 ns
[2025-05-20T08:42:01.607+0000][74][info ][safepoint   ] Safepoint "Cleanup", Time since last: 1003065104 ns, Reaching safepoint: 25921 ns, Cleanup: 17889 ns, At safepoint: 10269 ns, Total: 54079 ns
[2025-05-20T08:42:03.608+0000][74][info ][safepoint   ] Safepoint "Cleanup", Time since last: 2000851680 ns, Reaching safepoint: 30820 ns, Cleanup: 19010 ns, At safepoint: 17030 ns, Total: 66860 ns
[2025-05-20T08:42:06.609+0000][74][info ][safepoint   ] Safepoint "Cleanup", Time since last: 3001006249 ns, Reaching safepoint: 24837 ns, Cleanup: 23325 ns, At safepoint: 9089 ns, Total: 57251 ns
[2025-05-20T08:42:07.611+0000][74][info ][safepoint   ] Safepoint "Cleanup", Time since last: 1002390656 ns, Reaching safepoint: 38107 ns, Cleanup: 22088 ns, At safepoint: 19129 ns, Total: 79324 ns
[2025-05-20T08:42:09.434+0000][74][info ][safepoint   ] Safepoint "Cleanup", Time since last: 1823237588 ns, Reaching safepoint: 109717 ns, Cleanup: 19528 ns, At safepoint: 4288 ns, Total: 133533 ns
[2025-05-20T08:42:12.440+0000][74][info ][safepoint   ] Safepoint "Cleanup", Time since last: 3005100240 ns, Reaching safepoint: 20948 ns, Cleanup: 16817 ns, At safepoint: 8926 ns, Total: 46691 ns
[2025-05-20T08:42:13.440+0000][74][info ][safepoint   ] Safepoint "Cleanup", Time since last: 1000594091 ns, Reaching safepoint: 20781 ns, Cleanup: 16877 ns, At safepoint: 8815 ns, Total: 46473 ns
[2025-05-20T08:42:14.441+0000][74][info ][safepoint   ] Safepoint "Cleanup", Time since last: 1000641927 ns, Reaching safepoint: 31170 ns, Cleanup: 15188 ns, At safepoint: 16139 ns, Total: 62497 ns
[2025-05-20T08:42:15.453+0000][74][info ][safepoint   ] Safepoint "Cleanup", Time since last: 1014913499 ns, Reaching safepoint: 19851 ns, Cleanup: 21318 ns, At safepoint: 8581 ns, Total: 49750 ns
[2025-05-20T08:42:16.453+0000][74][info ][safepoint   ] Safepoint "Cleanup", Time since last: 1000685467 ns, Reaching safepoint: 30527 ns, Cleanup: 17810 ns, At safepoint: 15964 ns, Total: 64301 ns
[2025-05-20T08:42:17.455+0000][74][info ][safepoint   ] Safepoint "Cleanup", Time since last: 1001027753 ns, Reaching safepoint: 34541 ns, Cleanup: 15522 ns, At safepoint: 19367 ns, Total: 69430 ns
[2025-05-20T08:42:18.455+0000][74][info ][safepoint   ] Safepoint "Cleanup", Time since last: 1000737503 ns, Reaching safepoint: 30849 ns, Cleanup: 17734 ns, At safepoint: 16115 ns, Total: 64698 ns
[2025-05-20T08:42:19.456+0000][74][info ][safepoint   ] Safepoint "Cleanup", Time since last: 1000820172 ns, Reaching safepoint: 35012 ns, Cleanup: 31314 ns, At safepoint: 17472 ns, Total: 83798 ns
[2025-05-20T08:42:20.457+0000][74][info ][safepoint   ] Safepoint "Cleanup", Time since last: 1000601839 ns, Reaching safepoint: 30460 ns, Cleanup: 23061 ns, At safepoint: 16540 ns, Total: 70061 ns
[2025-05-20T08:42:21.458+0000][74][info ][safepoint   ] Safepoint "Cleanup", Time since last: 1000632761 ns, Reaching safepoint: 33938 ns, Cleanup: 15574 ns, At safepoint: 17982 ns, Total: 67494 ns
[2025-05-20T08:42:24.459+0000][74][info ][safepoint   ] Safepoint "Cleanup", Time since last: 3000987156 ns, Reaching safepoint: 67497 ns, Cleanup: 28622 ns, At safepoint: 17425 ns, Total: 113544 ns
[2025-05-20T08:42:26.460+0000][74][info ][safepoint   ] Safepoint "Cleanup", Time since last: 2000844239 ns, Reaching safepoint: 33914 ns, Cleanup: 15568 ns, At safepoint: 17063 ns, Total: 66545 ns
[2025-05-20T08:42:27.461+0000][74][info ][safepoint   ] Safepoint "Cleanup", Time since last: 1001141817 ns, Reaching safepoint: 34509 ns, Cleanup: 20923 ns, At safepoint: 17990 ns, Total: 73422 ns
[2025-05-20T08:42:28.462+0000][74][info ][safepoint   ] Safepoint "Cleanup", Time since last: 1000878489 ns, Reaching safepoint: 29793 ns, Cleanup: 17598 ns, At safepoint: 15809 ns, Total: 63200 ns
[2025-05-20T08:42:29.463+0000][74][info ][safepoint   ] Safepoint "Cleanup", Time since last: 1000722229 ns, Reaching safepoint: 36550 ns, Cleanup: 68489 ns, At safepoint: 18095 ns, Total: 123134 ns
[2025-05-20T08:42:30.463+0000][74][info ][safepoint   ] Safepoint "Cleanup", Time since last: 1000655814 ns, Reaching safepoint: 35556 ns, Cleanup: 22560 ns, At safepoint: 110031 ns, Total: 168147 ns
[2025-05-20T08:42:32.466+0000][74][info ][safepoint   ] Safepoint "Cleanup", Time since last: 2002337222 ns, Reaching safepoint: 32326 ns, Cleanup: 19804 ns, At safepoint: 16945 ns, Total: 69075 ns
[2025-05-20T08:42:33.593+0000][74][info ][safepoint   ] Safepoint "Cleanup", Time since last: 1127199297 ns, Reaching safepoint: 185220 ns, Cleanup: 44723 ns, At safepoint: 49122 ns, Total: 279065 ns
[2025-05-20T08:42:34.610+0000][74][info ][safepoint   ] Safepoint "Cleanup", Time since last: 1016247689 ns, Reaching safepoint: 30083 ns, Cleanup: 21552 ns, At safepoint: 16585 ns, Total: 68220 ns
[2025-05-20T08:42:36.611+0000][74][info ][safepoint   ] Safepoint "Cleanup", Time since last: 2001250388 ns, Reaching safepoint: 101757 ns, Cleanup: 21720 ns, At safepoint: 13965 ns, Total: 137442 ns
[2025-05-20T08:42:37.612+0000][74][info ][safepoint   ] Safepoint "Cleanup", Time since last: 1000592160 ns, Reaching safepoint: 21203 ns, Cleanup: 16560 ns, At safepoint: 9504 ns, Total: 47267 ns
[2025-05-20T08:42:38.612+0000][74][info ][safepoint   ] Safepoint "Cleanup", Time since last: 1000628894 ns, Reaching safepoint: 34087 ns, Cleanup: 15589 ns, At safepoint: 17508 ns, Total: 67184 ns
[2025-05-20T08:42:39.624+0000][74][info ][safepoint   ] Safepoint "Cleanup", Time since last: 1011153053 ns, Reaching safepoint: 74197 ns, Cleanup: 28621 ns, At safepoint: 17795 ns, Total: 120613 ns
[2025-05-20T08:42:42.642+0000][74][info ][safepoint   ] Safepoint "Cleanup", Time since last: 3018183219 ns, Reaching safepoint: 41525 ns, Cleanup: 26666 ns, At safepoint: 14592 ns, Total: 82783 ns
[2025-05-20T08:42:43.645+0000][74][info ][safepoint   ] Safepoint "Cleanup", Time since last: 1002709969 ns, Reaching safepoint: 30696 ns, Cleanup: 19462 ns, At safepoint: 12205 ns, Total: 62363 ns
[2025-05-20T08:42:44.647+0000][74][info ][safepoint   ] Safepoint "Cleanup", Time since last: 1002148009 ns, Reaching safepoint: 24017 ns, Cleanup: 22464 ns, At safepoint: 10614 ns, Total: 57095 ns
[2025-05-20T08:42:45.648+0000][74][info ][safepoint   ] Safepoint "Cleanup", Time since last: 1003744834 ns, Reaching safepoint: 35523 ns, Cleanup: 28180 ns, At safepoint: 30002 ns, Total: 93705 ns
[2025-05-20T08:42:46.649+0000][74][info ][safepoint   ] Safepoint "Cleanup", Time since last: 1000734687 ns, Reaching safepoint: 31329 ns, Cleanup: 14050 ns, At safepoint: 10812 ns, Total: 56191 ns
[2025-05-20T08:42:48.662+0000][74][info ][safepoint   ] Safepoint "Cleanup", Time since last: 2012478595 ns, Reaching safepoint: 31890 ns, Cleanup: 24391 ns, At safepoint: 16996 ns, Total: 73277 ns
[2025-05-20T08:42:49.662+0000][74][info ][safepoint   ] Safepoint "Cleanup", Time since last: 1000642940 ns, Reaching safepoint: 29429 ns, Cleanup: 27581 ns, At safepoint: 12493 ns, Total: 69503 ns
[2025-05-20T08:42:51.663+0000][74][info ][safepoint   ] Safepoint "Cleanup", Time since last: 2000854022 ns, Reaching safepoint: 26076 ns, Cleanup: 21374 ns, At safepoint: 10780 ns, Total: 58230 ns
[2025-05-20T08:42:54.670+0000][74][info ][safepoint   ] Safepoint "Cleanup", Time since last: 3006107772 ns, Reaching safepoint: 85849 ns, Cleanup: 43494 ns, At safepoint: 17891 ns, Total: 147234 ns
[2025-05-20T08:42:56.696+0000][74][info ][safepoint   ] Safepoint "Cleanup", Time since last: 2025900447 ns, Reaching safepoint: 52378 ns, Cleanup: 24144 ns, At safepoint: 19368 ns, Total: 95890 ns
[2025-05-20T08:42:57.711+0000][74][info ][safepoint   ] Safepoint "Cleanup", Time since last: 1015502065 ns, Reaching safepoint: 57180 ns, Cleanup: 23622 ns, At safepoint: 18722 ns, Total: 99524 ns
[2025-05-20T08:42:58.712+0000][74][info ][safepoint   ] Safepoint "Cleanup", Time since last: 1000938221 ns, Reaching safepoint: 94031 ns, Cleanup: 18732 ns, At safepoint: 12690 ns, Total: 125453 ns
[2025-05-20T08:42:59.713+0000][74][info ][safepoint   ] Safepoint "Cleanup", Time since last: 1001125154 ns, Reaching safepoint: 54123 ns, Cleanup: 28198 ns, At safepoint: 17735 ns, Total: 100056 ns
[2025-05-20T08:43:00.717+0000][74][info ][safepoint   ] Safepoint "Cleanup", Time since last: 1002967843 ns, Reaching safepoint: 99454 ns, Cleanup: 27734 ns, At safepoint: 18032 ns, Total: 145220 ns
[2025-05-20T08:43:02.718+0000][74][info ][safepoint   ] Safepoint "Cleanup", Time since last: 2000843233 ns, Reaching safepoint: 119789 ns, Cleanup: 22681 ns, At safepoint: 15298 ns, Total: 157768 ns
[2025-05-20T08:43:03.726+0000][74][info ][safepoint   ] Safepoint "Cleanup", Time since last: 1008639096 ns, Reaching safepoint: 93624 ns, Cleanup: 17958 ns, At safepoint: 12333 ns, Total: 123915 ns
[2025-05-20T08:43:04.727+0000][74][info ][safepoint   ] Safepoint "Cleanup", Time since last: 1000552448 ns, Reaching safepoint: 28287 ns, Cleanup: 16634 ns, At safepoint: 10381 ns, Total: 55302 ns
[2025-05-20T08:43:06.728+0000][74][info ][safepoint   ] Safepoint "Cleanup", Time since last: 2000909335 ns, Reaching safepoint: 104276 ns, Cleanup: 90875 ns, At safepoint: 23050 ns, Total: 218201 ns
[2025-05-20T08:43:07.729+0000][74][info ][safepoint   ] Safepoint "Cleanup", Time since last: 1000817128 ns, Reaching safepoint: 24767 ns, Cleanup: 15615 ns, At safepoint: 10352 ns, Total: 50734 ns
[2025-05-20T08:43:08.730+0000][74][info ][safepoint   ] Safepoint "Cleanup", Time since last: 1000580056 ns, Reaching safepoint: 21354 ns, Cleanup: 14262 ns, At safepoint: 7232 ns, Total: 42848 ns
[2025-05-20T08:43:10.469+0000][74][info ][safepoint   ] Safepoint "Cleanup", Time since last: 1739243166 ns, Reaching safepoint: 58366 ns, Cleanup: 22134 ns, At safepoint: 13345 ns, Total: 93845 ns
[2025-05-20T08:43:12.470+0000][74][info ][safepoint   ] Safepoint "Cleanup", Time since last: 2000759648 ns, Reaching safepoint: 28850 ns, Cleanup: 16148 ns, At safepoint: 11600 ns, Total: 56598 ns
[2025-05-20T08:43:13.471+0000][74][info ][safepoint   ] Safepoint "Cleanup", Time since last: 1001531609 ns, Reaching safepoint: 25122 ns, Cleanup: 12782 ns, At safepoint: 9892 ns, Total: 47796 ns
[2025-05-20T08:43:14.472+0000][74][info ][safepoint   ] Safepoint "Cleanup", Time since last: 1000784249 ns, Reaching safepoint: 31467 ns, Cleanup: 18630 ns, At safepoint: 10679 ns, Total: 60776 ns
[2025-05-20T08:43:15.474+0000][74][info ][safepoint   ] Safepoint "Cleanup", Time since last: 1005299744 ns, Reaching safepoint: 35298 ns, Cleanup: 16677 ns, At safepoint: 19264 ns, Total: 71239 ns
[2025-05-20T08:43:19.475+0000][74][info ][safepoint   ] Safepoint "Cleanup", Time since last: 4001260913 ns, Reaching safepoint: 30233 ns, Cleanup: 17037 ns, At safepoint: 11386 ns, Total: 58656 ns
[2025-05-20T08:43:22.476+0000][74][info ][safepoint   ] Safepoint "Cleanup", Time since last: 3000925219 ns, Reaching safepoint: 30063 ns, Cleanup: 16655 ns, At safepoint: 11570 ns, Total: 58288 ns
[2025-05-20T08:43:23.477+0000][74][info ][safepoint   ] Safepoint "Cleanup", Time since last: 1000674907 ns, Reaching safepoint: 24881 ns, Cleanup: 14473 ns, At safepoint: 9477 ns, Total: 48831 ns
[2025-05-20T08:43:24.478+0000][74][info ][safepoint   ] Safepoint "Cleanup", Time since last: 1000863644 ns, Reaching safepoint: 29333 ns, Cleanup: 20600 ns, At safepoint: 12267 ns, Total: 62200 ns
[2025-05-20T08:43:27.479+0000][74][info ][safepoint   ] Safepoint "Cleanup", Time since last: 3000972083 ns, Reaching safepoint: 58656 ns, Cleanup: 22073 ns, At safepoint: 10469 ns, Total: 91198 ns
[2025-05-20T08:43:28.479+0000][74][info ][safepoint   ] Safepoint "Cleanup", Time since last: 1000659090 ns, Reaching safepoint: 25611 ns, Cleanup: 16818 ns, At safepoint: 9703 ns, Total: 52132 ns
[2025-05-20T08:43:29.002+0000][74][info ][gc,start    ] GC(14) Pause Young (Concurrent Start) (CodeCache GC Threshold)
[2025-05-20T08:43:29.006+0000][74][info ][gc,task     ] GC(14) Using 10 workers of 10 for evacuation
[2025-05-20T08:43:29.007+0000][74][debug][gc,age      ] GC(14) Desired survivor size 153092096 bytes, new threshold 15 (max threshold 15)
[2025-05-20T08:43:29.097+0000][74][info ][gc,phases   ] GC(14)   Pre Evacuate Collection Set: 11.72ms
[2025-05-20T08:43:29.098+0000][74][info ][gc,phases   ] GC(14)   Merge Heap Roots: 0.97ms
[2025-05-20T08:43:29.098+0000][74][info ][gc,phases   ] GC(14)   Evacuate Collection Set: 70.46ms
[2025-05-20T08:43:29.098+0000][74][info ][gc,phases   ] GC(14)   Post Evacuate Collection Set: 5.98ms
[2025-05-20T08:43:29.099+0000][74][info ][gc,phases   ] GC(14)   Other: 2.67ms
[2025-05-20T08:43:29.099+0000][74][trace][gc,age      ] GC(14) Age table with threshold 15 (max threshold 15)
[2025-05-20T08:43:29.100+0000][74][trace][gc,age      ] GC(14) - age   1:    1172456 bytes,    1172456 total
[2025-05-20T08:43:29.100+0000][74][trace][gc,age      ] GC(14) - age   2:    2883672 bytes,    4056128 total
[2025-05-20T08:43:29.101+0000][74][info ][gc,heap     ] GC(14) Eden regions: 31->0(580)
[2025-05-20T08:43:29.101+0000][74][info ][gc,heap     ] GC(14) Survivor regions: 4->2(73)
[2025-05-20T08:43:29.101+0000][74][info ][gc,heap     ] GC(14) Old regions: 26->26
[2025-05-20T08:43:29.102+0000][74][info ][gc,heap     ] GC(14) Humongous regions: 0->0
[2025-05-20T08:43:29.102+0000][74][info ][gc,metaspace] GC(14) Metaspace: 141784K(145664K)->141784K(145664K) NonClass: 122130K(124224K)->122130K(124224K) Class: 19654K(21440K)->19654K(21440K)
[2025-05-20T08:43:29.103+0000][74][info ][gc          ] GC(14) Pause Young (Concurrent Start) (CodeCache GC Threshold) 236M->106M(3880M) 100.761ms
[2025-05-20T08:43:29.103+0000][74][info ][gc,cpu      ] GC(14) User=0.39s Sys=0.01s Real=0.10s
[2025-05-20T08:43:29.103+0000][74][info ][gc          ] GC(15) Concurrent Mark Cycle
[2025-05-20T08:43:29.105+0000][74][info ][gc,marking  ] GC(15) Concurrent Scan Root Regions
[2025-05-20T08:43:29.104+0000][74][info ][safepoint   ] Safepoint "G1TryInitiateConcMark", Time since last: 521492125 ns, Reaching safepoint: 170117 ns, Cleanup: 18981 ns, At safepoint: 102847051 ns, Total: 103036149 ns
[2025-05-20T08:43:29.134+0000][74][info ][gc,marking  ] GC(15) Concurrent Scan Root Regions 29.443ms
[2025-05-20T08:43:29.135+0000][74][info ][gc,marking  ] GC(15) Concurrent Mark
[2025-05-20T08:43:29.135+0000][74][info ][gc,marking  ] GC(15) Concurrent Mark From Roots
[2025-05-20T08:43:29.136+0000][74][info ][gc,task     ] GC(15) Using 3 workers of 3 for marking
[2025-05-20T08:43:29.285+0000][74][info ][gc,marking  ] GC(15) Concurrent Mark From Roots 149.509ms
[2025-05-20T08:43:29.285+0000][74][info ][gc,marking  ] GC(15) Concurrent Preclean
[2025-05-20T08:43:29.286+0000][74][info ][gc,marking  ] GC(15) Concurrent Preclean 0.874ms
[2025-05-20T08:43:29.287+0000][74][info ][gc,start    ] GC(15) Pause Remark
[2025-05-20T08:43:29.547+0000][74][info ][gc,mmu      ] GC(15) MMU target violated: 201.0ms (200.0ms/201.0ms)
[2025-05-20T08:43:29.548+0000][74][info ][gc          ] GC(15) Pause Remark 148M->148M(3880M) 260.922ms
[2025-05-20T08:43:29.548+0000][74][info ][gc,cpu      ] GC(15) User=2.26s Sys=0.00s Real=0.26s
[2025-05-20T08:43:29.549+0000][74][info ][safepoint   ] Safepoint "G1PauseRemark", Time since last: 182519917 ns, Reaching safepoint: 36358 ns, Cleanup: 48059 ns, At safepoint: 262124140 ns, Total: 262208557 ns
[2025-05-20T08:43:29.552+0000][74][info ][gc,marking  ] GC(15) Concurrent Mark 417.100ms
[2025-05-20T08:43:29.552+0000][74][info ][gc,marking  ] GC(15) Concurrent Rebuild Remembered Sets and Scrub Regions
[2025-05-20T08:43:29.582+0000][74][info ][gc,marking  ] GC(15) Concurrent Rebuild Remembered Sets and Scrub Regions 29.847ms
[2025-05-20T08:43:29.586+0000][74][info ][gc,start    ] GC(15) Pause Cleanup
[2025-05-20T08:43:29.587+0000][74][info ][gc          ] GC(15) Pause Cleanup 152M->152M(3880M) 1.480ms
[2025-05-20T08:43:29.588+0000][74][info ][gc,cpu      ] GC(15) User=0.00s Sys=0.00s Real=0.00s
[2025-05-20T08:43:29.593+0000][74][info ][safepoint   ] Safepoint "G1PauseCleanup", Time since last: 35993838 ns, Reaching safepoint: 844143 ns, Cleanup: 47442 ns, At safepoint: 7406071 ns, Total: 8297656 ns
[2025-05-20T08:43:29.594+0000][74][info ][gc,marking  ] GC(15) Concurrent Clear Claimed Marks
[2025-05-20T08:43:29.595+0000][74][info ][gc,marking  ] GC(15) Concurrent Clear Claimed Marks 0.782ms
[2025-05-20T08:43:29.595+0000][74][info ][gc,marking  ] GC(15) Concurrent Cleanup for Next Mark
[2025-05-20T08:43:29.678+0000][74][info ][gc,marking  ] GC(15) Concurrent Cleanup for Next Mark 82.505ms
[2025-05-20T08:43:29.679+0000][74][info ][gc          ] GC(15) Concurrent Mark Cycle 575.324ms
[2025-05-20T08:43:30.594+0000][74][info ][safepoint   ] Safepoint "Cleanup", Time since last: 1000911488 ns, Reaching safepoint: 29108 ns, Cleanup: 27152 ns, At safepoint: 11388 ns, Total: 67648 ns
[2025-05-20T08:43:31.596+0000][74][info ][safepoint   ] Safepoint "Cleanup", Time since last: 1001485044 ns, Reaching safepoint: 26366 ns, Cleanup: 15889 ns, At safepoint: 13116 ns, Total: 55371 ns
[2025-05-20T08:43:33.605+0000][74][info ][safepoint   ] Safepoint "Cleanup", Time since last: 2009414423 ns, Reaching safepoint: 26643 ns, Cleanup: 25254 ns, At safepoint: 11610 ns, Total: 63507 ns
[2025-05-20T08:43:34.606+0000][74][info ][safepoint   ] Safepoint "Cleanup", Time since last: 1000603438 ns, Reaching safepoint: 21345 ns, Cleanup: 20576 ns, At safepoint: 10506 ns, Total: 52427 ns
[2025-05-20T08:43:35.817+0000][74][info ][safepoint   ] Safepoint "Cleanup", Time since last: 1211374920 ns, Reaching safepoint: 6612 ns, Cleanup: 21158 ns, At safepoint: 14732 ns, Total: 42502 ns
[2025-05-20T08:43:37.661+0000][74][info ][safepoint   ] Safepoint "Cleanup", Time since last: 1843823516 ns, Reaching safepoint: 37170 ns, Cleanup: 49500 ns, At safepoint: 8606 ns, Total: 95276 ns
[2025-05-20T08:43:39.662+0000][74][info ][safepoint   ] Safepoint "Cleanup", Time since last: 2000792811 ns, Reaching safepoint: 26444 ns, Cleanup: 43713 ns, At safepoint: 11712 ns, Total: 81869 ns
[2025-05-20T08:43:41.663+0000][74][info ][safepoint   ] Safepoint "Cleanup", Time since last: 2000764356 ns, Reaching safepoint: 65706 ns, Cleanup: 11101 ns, At safepoint: 28046 ns, Total: 104853 ns
[2025-05-20T08:43:42.665+0000][74][info ][safepoint   ] Safepoint "Cleanup", Time since last: 1002426969 ns, Reaching safepoint: 19540 ns, Cleanup: 14997 ns, At safepoint: 8356 ns, Total: 42893 ns
[2025-05-20T08:43:44.667+0000][74][info ][safepoint   ] Safepoint "Cleanup", Time since last: 2001401434 ns, Reaching safepoint: 30556 ns, Cleanup: 33130 ns, At safepoint: 10792 ns, Total: 74478 ns
[2025-05-20T08:43:45.664+0000][74][info ][safepoint   ] Safepoint "Cleanup", Time since last: 1000625343 ns, Reaching safepoint: 28930 ns, Cleanup: 120913 ns, At safepoint: 22694 ns, Total: 172537 ns
[2025-05-20T08:43:46.665+0000][74][info ][safepoint   ] Safepoint "Cleanup", Time since last: 1000644094 ns, Reaching safepoint: 24667 ns, Cleanup: 16710 ns, At safepoint: 11239 ns, Total: 52616 ns
[2025-05-20T08:43:47.666+0000][74][info ][safepoint   ] Safepoint "Cleanup", Time since last: 1001082737 ns, Reaching safepoint: 76103 ns, Cleanup: 15250 ns, At safepoint: 14122 ns, Total: 105475 ns
[2025-05-20T08:43:48.667+0000][74][info ][safepoint   ] Safepoint "Cleanup", Time since last: 1000707110 ns, Reaching safepoint: 29361 ns, Cleanup: 14853 ns, At safepoint: 11572 ns, Total: 55786 ns
[2025-05-20T08:43:49.674+0000][74][info ][safepoint   ] Safepoint "Cleanup", Time since last: 1007172091 ns, Reaching safepoint: 23906 ns, Cleanup: 20427 ns, At safepoint: 11286 ns, Total: 55619 ns
[2025-05-20T08:43:54.676+0000][74][info ][safepoint   ] Safepoint "Cleanup", Time since last: 5001609989 ns, Reaching safepoint: 19940 ns, Cleanup: 19353 ns, At safepoint: 8848 ns, Total: 48141 ns
[2025-05-20T08:43:56.677+0000][74][info ][safepoint   ] Safepoint "Cleanup", Time since last: 2000903151 ns, Reaching safepoint: 57040 ns, Cleanup: 14851 ns, At safepoint: 10056 ns, Total: 81947 ns
[2025-05-20T08:43:59.678+0000][74][info ][safepoint   ] Safepoint "Cleanup", Time since last: 3000782994 ns, Reaching safepoint: 19208 ns, Cleanup: 18478 ns, At safepoint: 8179 ns, Total: 45865 ns
[2025-05-20T08:44:00.678+0000][74][info ][safepoint   ] Safepoint "Cleanup", Time since last: 1000626118 ns, Reaching safepoint: 26838 ns, Cleanup: 16140 ns, At safepoint: 12827 ns, Total: 55805 ns
[2025-05-20T08:44:02.681+0000][74][info ][safepoint   ] Safepoint "Cleanup", Time since last: 2003164991 ns, Reaching safepoint: 30380 ns, Cleanup: 21765 ns, At safepoint: 11649 ns, Total: 63794 ns
[2025-05-20T08:44:03.682+0000][74][info ][safepoint   ] Safepoint "Cleanup", Time since last: 1001002301 ns, Reaching safepoint: 25196 ns, Cleanup: 21186 ns, At safepoint: 12410 ns, Total: 58792 ns
[2025-05-20T08:44:04.683+0000][74][info ][safepoint   ] Safepoint "Cleanup", Time since last: 1000638723 ns, Reaching safepoint: 19779 ns, Cleanup: 24364 ns, At safepoint: 10087 ns, Total: 54230 ns
[2025-05-20T08:44:06.684+0000][74][info ][safepoint   ] Safepoint "Cleanup", Time since last: 2001214738 ns, Reaching safepoint: 27602 ns, Cleanup: 17768 ns, At safepoint: 10622 ns, Total: 55992 ns
[2025-05-20T08:44:09.497+0000][74][info ][safepoint   ] Safepoint "Cleanup", Time since last: 2812684022 ns, Reaching safepoint: 10468 ns, Cleanup: 14848 ns, At safepoint: 4803 ns, Total: 30119 ns
[2025-05-20T08:44:12.498+0000][74][info ][safepoint   ] Safepoint "Cleanup", Time since last: 3001007212 ns, Reaching safepoint: 64387 ns, Cleanup: 15947 ns, At safepoint: 12171 ns, Total: 92505 ns
[2025-05-20T08:44:13.500+0000][74][info ][safepoint   ] Safepoint "Cleanup", Time since last: 1001702935 ns, Reaching safepoint: 37913 ns, Cleanup: 19759 ns, At safepoint: 10820 ns, Total: 68492 ns
[2025-05-20T08:44:14.501+0000][74][info ][safepoint   ] Safepoint "Cleanup", Time since last: 1000594079 ns, Reaching safepoint: 27625 ns, Cleanup: 18149 ns, At safepoint: 10920 ns, Total: 56694 ns
[2025-05-20T08:44:15.502+0000][74][info ][safepoint   ] Safepoint "Cleanup", Time since last: 1002444348 ns, Reaching safepoint: 131028 ns, Cleanup: 23904 ns, At safepoint: 14658 ns, Total: 169590 ns
[2025-05-20T08:44:18.505+0000][74][info ][safepoint   ] Safepoint "Cleanup", Time since last: 3003174129 ns, Reaching safepoint: 31918 ns, Cleanup: 15651 ns, At safepoint: 53368 ns, Total: 100937 ns
[2025-05-20T08:44:19.506+0000][74][info ][safepoint   ] Safepoint "Cleanup", Time since last: 1000777689 ns, Reaching safepoint: 32211 ns, Cleanup: 17621 ns, At safepoint: 11225 ns, Total: 61057 ns
[2025-05-20T08:44:21.507+0000][74][info ][safepoint   ] Safepoint "Cleanup", Time since last: 2000851193 ns, Reaching safepoint: 115606 ns, Cleanup: 15489 ns, At safepoint: 59302 ns, Total: 190397 ns
[2025-05-20T08:44:23.508+0000][74][info ][safepoint   ] Safepoint "Cleanup", Time since last: 2000684682 ns, Reaching safepoint: 29622 ns, Cleanup: 15681 ns, At safepoint: 10485 ns, Total: 55788 ns
[2025-05-20T08:44:24.508+0000][74][info ][safepoint   ] Safepoint "Cleanup", Time since last: 1000600807 ns, Reaching safepoint: 28821 ns, Cleanup: 26577 ns, At safepoint: 14382 ns, Total: 69780 ns
[2025-05-20T08:44:26.510+0000][74][info ][safepoint   ] Safepoint "Cleanup", Time since last: 2001309513 ns, Reaching safepoint: 79384 ns, Cleanup: 16292 ns, At safepoint: 89163 ns, Total: 184839 ns
[2025-05-20T08:44:27.511+0000][74][info ][safepoint   ] Safepoint "Cleanup", Time since last: 1000746980 ns, Reaching safepoint: 34254 ns, Cleanup: 21613 ns, At safepoint: 18710 ns, Total: 74577 ns
[2025-05-20T08:44:29.512+0000][74][info ][safepoint   ] Safepoint "Cleanup", Time since last: 2000784076 ns, Reaching safepoint: 26756 ns, Cleanup: 66354 ns, At safepoint: 13694 ns, Total: 106804 ns
[2025-05-20T08:44:30.512+0000][74][info ][safepoint   ] Safepoint "Cleanup", Time since last: 1000642391 ns, Reaching safepoint: 34359 ns, Cleanup: 19116 ns, At safepoint: 18257 ns, Total: 71732 ns
[2025-05-20T08:44:33.514+0000][74][info ][safepoint   ] Safepoint "Cleanup", Time since last: 3001279808 ns, Reaching safepoint: 36258 ns, Cleanup: 19781 ns, At safepoint: 15323 ns, Total: 71362 ns
[2025-05-20T08:44:34.515+0000][74][info ][safepoint   ] Safepoint "Cleanup", Time since last: 1000961886 ns, Reaching safepoint: 24277 ns, Cleanup: 23617 ns, At safepoint: 8756 ns, Total: 56650 ns
[2025-05-20T08:44:36.515+0000][74][info ][safepoint   ] Safepoint "Cleanup", Time since last: 2000646686 ns, Reaching safepoint: 33932 ns, Cleanup: 21997 ns, At safepoint: 16993 ns, Total: 72922 ns
[2025-05-20T08:44:38.837+0000][74][info ][safepoint   ] Safepoint "Cleanup", Time since last: 2321319160 ns, Reaching safepoint: 95100 ns, Cleanup: 22504 ns, At safepoint: 49882 ns, Total: 167486 ns
[2025-05-20T08:44:40.702+0000][74][info ][safepoint   ] Safepoint "Cleanup", Time since last: 1865431079 ns, Reaching safepoint: 28474 ns, Cleanup: 40291 ns, At safepoint: 13119 ns, Total: 81884 ns
[2025-05-20T08:44:42.704+0000][74][info ][safepoint   ] Safepoint "Cleanup", Time since last: 2001568534 ns, Reaching safepoint: 61176 ns, Cleanup: 20875 ns, At safepoint: 10950 ns, Total: 93001 ns
[2025-05-20T08:44:44.707+0000][74][info ][safepoint   ] Safepoint "Cleanup", Time since last: 2005626987 ns, Reaching safepoint: 26793 ns, Cleanup: 17516 ns, At safepoint: 8468 ns, Total: 52777 ns
[2025-05-20T08:44:45.708+0000][74][info ][safepoint   ] Safepoint "Cleanup", Time since last: 1000522651 ns, Reaching safepoint: 28015 ns, Cleanup: 13470 ns, At safepoint: 9768 ns, Total: 51253 ns
[2025-05-20T08:44:46.708+0000][74][info ][safepoint   ] Safepoint "Cleanup", Time since last: 1000562559 ns, Reaching safepoint: 18734 ns, Cleanup: 11962 ns, At safepoint: 8057 ns, Total: 38753 ns
[2025-05-20T08:44:48.709+0000][74][info ][safepoint   ] Safepoint "Cleanup", Time since last: 2000793512 ns, Reaching safepoint: 26438 ns, Cleanup: 20167 ns, At safepoint: 10585 ns, Total: 57190 ns
[2025-05-20T08:44:49.710+0000][74][info ][safepoint   ] Safepoint "Cleanup", Time since last: 1000601918 ns, Reaching safepoint: 29113 ns, Cleanup: 16193 ns, At safepoint: 14235 ns, Total: 59541 ns
[2025-05-20T08:44:51.713+0000][74][info ][safepoint   ] Safepoint "Cleanup", Time since last: 2002840204 ns, Reaching safepoint: 29148 ns, Cleanup: 12781 ns, At safepoint: 9062 ns, Total: 50991 ns
[2025-05-20T08:44:52.714+0000][74][info ][safepoint   ] Safepoint "Cleanup", Time since last: 1001175314 ns, Reaching safepoint: 31723 ns, Cleanup: 16124 ns, At safepoint: 17367 ns, Total: 65214 ns
[2025-05-20T08:44:54.715+0000][74][info ][safepoint   ] Safepoint "Cleanup", Time since last: 2000772335 ns, Reaching safepoint: 18337 ns, Cleanup: 18179 ns, At safepoint: 7384 ns, Total: 43900 ns
[2025-05-20T08:44:55.715+0000][74][info ][safepoint   ] Safepoint "Cleanup", Time since last: 1000578609 ns, Reaching safepoint: 28449 ns, Cleanup: 43126 ns, At safepoint: 12512 ns, Total: 84087 ns
[2025-05-20T08:44:58.716+0000][74][info ][safepoint   ] Safepoint "Cleanup", Time since last: 3000820058 ns, Reaching safepoint: 20314 ns, Cleanup: 18769 ns, At safepoint: 9179 ns, Total: 48262 ns
[2025-05-20T08:44:59.717+0000][74][info ][safepoint   ] Safepoint "Cleanup", Time since last: 1000860397 ns, Reaching safepoint: 19312 ns, Cleanup: 17597 ns, At safepoint: 8942 ns, Total: 45851 ns
[2025-05-20T08:45:00.718+0000][74][info ][safepoint   ] Safepoint "Cleanup", Time since last: 1000661168 ns, Reaching safepoint: 34107 ns, Cleanup: 21992 ns, At safepoint: 118513 ns, Total: 174612 ns
[2025-05-20T08:45:03.719+0000][74][info ][safepoint   ] Safepoint "Cleanup", Time since last: 3000885485 ns, Reaching safepoint: 196381 ns, Cleanup: 33123 ns, At safepoint: 37563 ns, Total: 267067 ns
[2025-05-20T08:45:04.720+0000][74][info ][safepoint   ] Safepoint "Cleanup", Time since last: 1000645925 ns, Reaching safepoint: 92929 ns, Cleanup: 16551 ns, At safepoint: 9443 ns, Total: 118923 ns
[2025-05-20T08:45:06.721+0000][74][info ][safepoint   ] Safepoint "Cleanup", Time since last: 2000757480 ns, Reaching safepoint: 17863 ns, Cleanup: 59090 ns, At safepoint: 8759 ns, Total: 85712 ns
[2025-05-20T08:45:09.525+0000][74][info ][safepoint   ] Safepoint "Cleanup", Time since last: 2804063904 ns, Reaching safepoint: 7519 ns, Cleanup: 14613 ns, At safepoint: 3580 ns, Total: 25712 ns
[2025-05-20T08:45:13.526+0000][74][info ][safepoint   ] Safepoint "Cleanup", Time since last: 4001008475 ns, Reaching safepoint: 116222 ns, Cleanup: 13373 ns, At safepoint: 9868 ns, Total: 139463 ns
[2025-05-20T08:45:15.524+0000][74][info ][safepoint   ] Safepoint "Cleanup", Time since last: 2000781343 ns, Reaching safepoint: 28591 ns, Cleanup: 14921 ns, At safepoint: 11324 ns, Total: 54836 ns
[2025-05-20T08:45:19.525+0000][74][info ][safepoint   ] Safepoint "Cleanup", Time since last: 4000946198 ns, Reaching safepoint: 25808 ns, Cleanup: 16736 ns, At safepoint: 9883 ns, Total: 52427 ns
[2025-05-20T08:45:21.527+0000][74][info ][safepoint   ] Safepoint "Cleanup", Time since last: 2001778346 ns, Reaching safepoint: 19181 ns, Cleanup: 12185 ns, At safepoint: 8830 ns, Total: 40196 ns
[2025-05-20T08:45:24.528+0000][74][info ][safepoint   ] Safepoint "Cleanup", Time since last: 3001104699 ns, Reaching safepoint: 25803 ns, Cleanup: 26105 ns, At safepoint: 11177 ns, Total: 63085 ns
[2025-05-20T08:45:24.744+0000][74][info ][safepoint   ] Safepoint "ICBufferFull", Time since last: 214604252 ns, Reaching safepoint: 806100 ns, Cleanup: 202172 ns, At safepoint: 198529 ns, Total: 1206801 ns
[2025-05-20T08:45:24.754+0000][74][info ][safepoint   ] Safepoint "ICBufferFull", Time since last: 8994676 ns, Reaching safepoint: 269343 ns, Cleanup: 26034 ns, At safepoint: 771716 ns, Total: 1067093 ns
[2025-05-20T08:45:24.766+0000][74][info ][safepoint   ] Safepoint "ICBufferFull", Time since last: 11559362 ns, Reaching safepoint: 146090 ns, Cleanup: 27025 ns, At safepoint: 154891 ns, Total: 328006 ns
[2025-05-20T08:45:24.774+0000][74][info ][safepoint   ] Safepoint "ICBufferFull", Time since last: 5753068 ns, Reaching safepoint: 2209659 ns, Cleanup: 24678 ns, At safepoint: 230350 ns, Total: 2464687 ns
[2025-05-20T08:45:25.001+0000][74][info ][safepoint   ] Safepoint "ICBufferFull", Time since last: 226297356 ns, Reaching safepoint: 295302 ns, Cleanup: 148179 ns, At safepoint: 169939 ns, Total: 613420 ns
[2025-05-20T08:45:26.655+0000][74][info ][safepoint   ] Safepoint "Cleanup", Time since last: 1653809912 ns, Reaching safepoint: 29866 ns, Cleanup: 230143 ns, At safepoint: 76729 ns, Total: 336738 ns
[2025-05-20T08:45:27.656+0000][74][info ][safepoint   ] Safepoint "Cleanup", Time since last: 1001033576 ns, Reaching safepoint: 28047 ns, Cleanup: 30231 ns, At safepoint: 15436 ns, Total: 73714 ns
[2025-05-20T08:45:28.684+0000][74][info ][safepoint   ] Safepoint "Cleanup", Time since last: 1027403655 ns, Reaching safepoint: 27893 ns, Cleanup: 48450 ns, At safepoint: 16917 ns, Total: 93260 ns
[2025-05-20T08:45:29.692+0000][74][info ][safepoint   ] Safepoint "Cleanup", Time since last: 1007973207 ns, Reaching safepoint: 17102 ns, Cleanup: 50765 ns, At safepoint: 8171 ns, Total: 76038 ns
[2025-05-20T08:45:30.731+0000][74][info ][safepoint   ] Safepoint "Cleanup", Time since last: 1038744026 ns, Reaching safepoint: 12642 ns, Cleanup: 59087 ns, At safepoint: 69153 ns, Total: 140882 ns
[2025-05-20T08:45:31.743+0000][74][info ][safepoint   ] Safepoint "Cleanup", Time since last: 1012253278 ns, Reaching safepoint: 26690 ns, Cleanup: 19688 ns, At safepoint: 11472 ns, Total: 57850 ns
[2025-05-20T08:45:33.744+0000][74][info ][safepoint   ] Safepoint "Cleanup", Time since last: 2000761934 ns, Reaching safepoint: 31443 ns, Cleanup: 15225 ns, At safepoint: 15894 ns, Total: 62562 ns
[2025-05-20T08:45:34.745+0000][74][info ][safepoint   ] Safepoint "Cleanup", Time since last: 1000735935 ns, Reaching safepoint: 268871 ns, Cleanup: 79144 ns, At safepoint: 24435 ns, Total: 372450 ns
[2025-05-20T08:45:36.746+0000][74][info ][safepoint   ] Safepoint "Cleanup", Time since last: 2000809744 ns, Reaching safepoint: 19465 ns, Cleanup: 14357 ns, At safepoint: 8626 ns, Total: 42448 ns
[2025-05-20T08:45:38.747+0000][74][info ][safepoint   ] Safepoint "Cleanup", Time since last: 2001412380 ns, Reaching safepoint: 21379 ns, Cleanup: 15815 ns, At safepoint: 8715 ns, Total: 45909 ns
[2025-05-20T08:45:40.717+0000][74][info ][safepoint   ] Safepoint "Cleanup", Time since last: 1969240971 ns, Reaching safepoint: 17956 ns, Cleanup: 36868 ns, At safepoint: 8689 ns, Total: 63513 ns
[2025-05-20T08:45:41.815+0000][74][info ][safepoint   ] Safepoint "Cleanup", Time since last: 1098496273 ns, Reaching safepoint: 93316 ns, Cleanup: 12265 ns, At safepoint: 42974 ns, Total: 148555 ns
[2025-05-20T08:45:43.805+0000][74][info ][safepoint   ] Safepoint "Cleanup", Time since last: 1989874604 ns, Reaching safepoint: 26614 ns, Cleanup: 31414 ns, At safepoint: 10185 ns, Total: 68213 ns
[2025-05-20T08:45:44.803+0000][74][info ][safepoint   ] Safepoint "Cleanup", Time since last: 1000660956 ns, Reaching safepoint: 22768 ns, Cleanup: 12049 ns, At safepoint: 39613 ns, Total: 74430 ns
[2025-05-20T08:45:47.805+0000][74][info ][safepoint   ] Safepoint "Cleanup", Time since last: 3001332960 ns, Reaching safepoint: 99972 ns, Cleanup: 8882 ns, At safepoint: 45449 ns, Total: 154303 ns
[2025-05-20T08:45:49.805+0000][74][info ][safepoint   ] Safepoint "Cleanup", Time since last: 2000723870 ns, Reaching safepoint: 18332 ns, Cleanup: 19625 ns, At safepoint: 7540 ns, Total: 45497 ns
[2025-05-20T08:45:50.807+0000][74][info ][safepoint   ] Safepoint "Cleanup", Time since last: 1001614857 ns, Reaching safepoint: 68662 ns, Cleanup: 19358 ns, At safepoint: 10912 ns, Total: 98932 ns
[2025-05-20T08:45:51.811+0000][74][info ][safepoint   ] Safepoint "Cleanup", Time since last: 1000669800 ns, Reaching safepoint: 3290975 ns, Cleanup: 17154 ns, At safepoint: 85278 ns, Total: 3393407 ns
[2025-05-20T08:45:52.824+0000][74][info ][safepoint   ] Safepoint "Cleanup", Time since last: 1013035994 ns, Reaching safepoint: 25898 ns, Cleanup: 17313 ns, At safepoint: 11504 ns, Total: 54715 ns
[2025-05-20T08:45:54.825+0000][74][info ][safepoint   ] Safepoint "Cleanup", Time since last: 2000797197 ns, Reaching safepoint: 34148 ns, Cleanup: 22898 ns, At safepoint: 16843 ns, Total: 73889 ns
[2025-05-20T08:45:56.826+0000][74][info ][safepoint   ] Safepoint "Cleanup", Time since last: 2000900913 ns, Reaching safepoint: 33772 ns, Cleanup: 15989 ns, At safepoint: 16360 ns, Total: 66121 ns
[2025-05-20T08:45:58.827+0000][74][info ][safepoint   ] Safepoint "Cleanup", Time since last: 2001305212 ns, Reaching safepoint: 42561 ns, Cleanup: 14392 ns, At safepoint: 9471 ns, Total: 66424 ns
[2025-05-20T08:45:59.828+0000][74][info ][safepoint   ] Safepoint "Cleanup", Time since last: 1000651750 ns, Reaching safepoint: 31347 ns, Cleanup: 35474 ns, At safepoint: 19089 ns, Total: 85910 ns
[2025-05-20T08:46:00.829+0000][74][info ][safepoint   ] Safepoint "Cleanup", Time since last: 1000859077 ns, Reaching safepoint: 30311 ns, Cleanup: 14713 ns, At safepoint: 15759 ns, Total: 60783 ns
[2025-05-20T08:46:05.830+0000][74][info ][safepoint   ] Safepoint "Cleanup", Time since last: 5001124789 ns, Reaching safepoint: 87798 ns, Cleanup: 14840 ns, At safepoint: 11124 ns, Total: 113762 ns
[2025-05-20T08:46:08.832+0000][74][info ][safepoint   ] Safepoint "Cleanup", Time since last: 3001992298 ns, Reaching safepoint: 92909 ns, Cleanup: 22546 ns, At safepoint: 15145 ns, Total: 130600 ns
[2025-05-20T08:46:10.555+0000][74][info ][safepoint   ] Safepoint "Cleanup", Time since last: 1722570725 ns, Reaching safepoint: 29431 ns, Cleanup: 20580 ns, At safepoint: 10266 ns, Total: 60277 ns
[2025-05-20T08:46:11.556+0000][74][info ][safepoint   ] Safepoint "Cleanup", Time since last: 1000608681 ns, Reaching safepoint: 21799 ns, Cleanup: 12832 ns, At safepoint: 10252 ns, Total: 44883 ns
[2025-05-20T08:46:15.554+0000][74][info ][safepoint   ] Safepoint "Cleanup", Time since last: 4001171389 ns, Reaching safepoint: 54589 ns, Cleanup: 13657 ns, At safepoint: 8793 ns, Total: 77039 ns
[2025-05-20T08:46:16.555+0000][74][info ][safepoint   ] Safepoint "Cleanup", Time since last: 1001050636 ns, Reaching safepoint: 31215 ns, Cleanup: 22350 ns, At safepoint: 15594 ns, Total: 69159 ns
[2025-05-20T08:46:18.556+0000][74][info ][safepoint   ] Safepoint "Cleanup", Time since last: 2000744813 ns, Reaching safepoint: 27255 ns, Cleanup: 18916 ns, At safepoint: 11133 ns, Total: 57304 ns
[2025-05-20T08:46:19.558+0000][74][info ][safepoint   ] Safepoint "Cleanup", Time since last: 1001429102 ns, Reaching safepoint: 20433 ns, Cleanup: 17713 ns, At safepoint: 8516 ns, Total: 46662 ns
[2025-05-20T08:46:23.559+0000][74][info ][safepoint   ] Safepoint "Cleanup", Time since last: 4001270159 ns, Reaching safepoint: 26993 ns, Cleanup: 17418 ns, At safepoint: 13031 ns, Total: 57442 ns
[2025-05-20T08:46:24.560+0000][74][info ][safepoint   ] Safepoint "Cleanup", Time since last: 1000738271 ns, Reaching safepoint: 28373 ns, Cleanup: 26557 ns, At safepoint: 11436 ns, Total: 66366 ns
[2025-05-20T08:46:25.562+0000][74][info ][safepoint   ] Safepoint "Cleanup", Time since last: 1001825332 ns, Reaching safepoint: 26719 ns, Cleanup: 16777 ns, At safepoint: 8896 ns, Total: 52392 ns
[2025-05-20T08:46:26.562+0000][74][info ][safepoint   ] Safepoint "Cleanup", Time since last: 1000582646 ns, Reaching safepoint: 19775 ns, Cleanup: 12822 ns, At safepoint: 9048 ns, Total: 41645 ns
[2025-05-20T08:46:27.563+0000][74][info ][safepoint   ] Safepoint "Cleanup", Time since last: 1000735692 ns, Reaching safepoint: 31598 ns, Cleanup: 27075 ns, At safepoint: 15027 ns, Total: 73700 ns
[2025-05-20T08:46:28.564+0000][74][info ][safepoint   ] Safepoint "Cleanup", Time since last: 1000651909 ns, Reaching safepoint: 27441 ns, Cleanup: 23540 ns, At safepoint: 17874 ns, Total: 68855 ns
[2025-05-20T08:46:30.074+0000][74][info ][safepoint   ] Safepoint "Cleanup", Time since last: 1510299605 ns, Reaching safepoint: 29739 ns, Cleanup: 50716 ns, At safepoint: 63012 ns, Total: 143467 ns
[2025-05-20T08:46:35.077+0000][74][info ][safepoint   ] Safepoint "Cleanup", Time since last: 5002259398 ns, Reaching safepoint: 24696 ns, Cleanup: 15992 ns, At safepoint: 10108 ns, Total: 50796 ns
[2025-05-20T08:46:36.077+0000][74][info ][safepoint   ] Safepoint "Cleanup", Time since last: 1000590631 ns, Reaching safepoint: 22374 ns, Cleanup: 12634 ns, At safepoint: 9491 ns, Total: 44499 ns
[2025-05-20T08:46:39.085+0000][74][info ][safepoint   ] Safepoint "Cleanup", Time since last: 3007322364 ns, Reaching safepoint: 675169 ns, Cleanup: 16988 ns, At safepoint: 137552 ns, Total: 829709 ns
[2025-05-20T08:46:44.100+0000][74][info ][safepoint   ] Safepoint "Cleanup", Time since last: 5014624518 ns, Reaching safepoint: 79791 ns, Cleanup: 16197 ns, At safepoint: 11843 ns, Total: 107831 ns
[2025-05-20T08:46:45.106+0000][74][info ][safepoint   ] Safepoint "Cleanup", Time since last: 1008594551 ns, Reaching safepoint: 18200 ns, Cleanup: 120448 ns, At safepoint: 67428 ns, Total: 206076 ns
[2025-05-20T08:46:46.129+0000][74][info ][safepoint   ] Safepoint "Cleanup", Time since last: 1022826421 ns, Reaching safepoint: 85335 ns, Cleanup: 17892 ns, At safepoint: 12110 ns, Total: 115337 ns
[2025-05-20T08:46:47.146+0000][74][info ][safepoint   ] Safepoint "Cleanup", Time since last: 1016405937 ns, Reaching safepoint: 26493 ns, Cleanup: 19526 ns, At safepoint: 10069 ns, Total: 56088 ns
[2025-05-20T08:46:48.147+0000][74][info ][safepoint   ] Safepoint "Cleanup", Time since last: 1001200474 ns, Reaching safepoint: 24452 ns, Cleanup: 21046 ns, At safepoint: 11220 ns, Total: 56718 ns
[2025-05-20T08:46:49.148+0000][74][info ][safepoint   ] Safepoint "Cleanup", Time since last: 1000852824 ns, Reaching safepoint: 30044 ns, Cleanup: 30437 ns, At safepoint: 15890 ns, Total: 76371 ns
[2025-05-20T08:46:51.149+0000][74][info ][safepoint   ] Safepoint "Cleanup", Time since last: 2001531135 ns, Reaching safepoint: 28798 ns, Cleanup: 18529 ns, At safepoint: 12228 ns, Total: 59555 ns
[2025-05-20T08:46:54.151+0000][74][info ][safepoint   ] Safepoint "Cleanup", Time since last: 3001185344 ns, Reaching safepoint: 161934 ns, Cleanup: 36381 ns, At safepoint: 41989 ns, Total: 240304 ns
[2025-05-20T08:46:57.152+0000][74][info ][safepoint   ] Safepoint "Cleanup", Time since last: 3000939056 ns, Reaching safepoint: 22149 ns, Cleanup: 20253 ns, At safepoint: 9204 ns, Total: 51606 ns
[2025-05-20T08:46:59.153+0000][74][info ][safepoint   ] Safepoint "Cleanup", Time since last: 2000856183 ns, Reaching safepoint: 32416 ns, Cleanup: 18497 ns, At safepoint: 16658 ns, Total: 67571 ns
[2025-05-20T08:47:00.153+0000][74][info ][safepoint   ] Safepoint "Cleanup", Time since last: 1000604254 ns, Reaching safepoint: 25185 ns, Cleanup: 21550 ns, At safepoint: 10298 ns, Total: 57033 ns
[2025-05-20T08:47:03.154+0000][74][info ][safepoint   ] Safepoint "Cleanup", Time since last: 3000895573 ns, Reaching safepoint: 42848 ns, Cleanup: 20406 ns, At safepoint: 12150 ns, Total: 75404 ns
[2025-05-20T08:47:04.155+0000][74][info ][safepoint   ] Safepoint "Cleanup", Time since last: 1000918051 ns, Reaching safepoint: 28874 ns, Cleanup: 18982 ns, At safepoint: 10122 ns, Total: 57978 ns
[2025-05-20T08:47:06.156+0000][74][info ][safepoint   ] Safepoint "Cleanup", Time since last: 2000943177 ns, Reaching safepoint: 30800 ns, Cleanup: 16523 ns, At safepoint: 17295 ns, Total: 64618 ns
[2025-05-20T08:47:07.157+0000][74][info ][safepoint   ] Safepoint "Cleanup", Time since last: 1000666193 ns, Reaching safepoint: 26604 ns, Cleanup: 16176 ns, At safepoint: 12763 ns, Total: 55543 ns
[2025-05-20T08:47:09.158+0000][74][info ][safepoint   ] Safepoint "Cleanup", Time since last: 2001017851 ns, Reaching safepoint: 18080 ns, Cleanup: 12128 ns, At safepoint: 8098 ns, Total: 38306 ns
[2025-05-20T08:47:12.583+0000][74][info ][safepoint   ] Safepoint "Cleanup", Time since last: 3424429218 ns, Reaching safepoint: 34635 ns, Cleanup: 39847 ns, At safepoint: 12754 ns, Total: 87236 ns
[2025-05-20T08:47:14.584+0000][74][info ][safepoint   ] Safepoint "Cleanup", Time since last: 2001318442 ns, Reaching safepoint: 24677 ns, Cleanup: 24924 ns, At safepoint: 10012 ns, Total: 59613 ns
[2025-05-20T08:47:15.636+0000][74][info ][safepoint   ] Safepoint "Cleanup", Time since last: 1001057353 ns, Reaching safepoint: 52892493 ns, Cleanup: 18405 ns, At safepoint: 233828 ns, Total: 53144726 ns
[2025-05-20T08:47:16.637+0000][74][info ][safepoint   ] Safepoint "Cleanup", Time since last: 1000760289 ns, Reaching safepoint: 23746 ns, Cleanup: 14852 ns, At safepoint: 9535 ns, Total: 48133 ns
[2025-05-20T08:47:18.637+0000][74][info ][safepoint   ] Safepoint "Cleanup", Time since last: 2000690803 ns, Reaching safepoint: 22710 ns, Cleanup: 14124 ns, At safepoint: 9677 ns, Total: 46511 ns
[2025-05-20T08:47:19.638+0000][74][info ][safepoint   ] Safepoint "Cleanup", Time since last: 1000617801 ns, Reaching safepoint: 17893 ns, Cleanup: 12025 ns, At safepoint: 7996 ns, Total: 37914 ns
[2025-05-20T08:47:21.639+0000][74][info ][safepoint   ] Safepoint "Cleanup", Time since last: 2000825563 ns, Reaching safepoint: 75669 ns, Cleanup: 17227 ns, At safepoint: 18658 ns, Total: 111554 ns
[2025-05-20T08:47:28.641+0000][74][info ][safepoint   ] Safepoint "Cleanup", Time since last: 7001679848 ns, Reaching safepoint: 46041 ns, Cleanup: 18033 ns, At safepoint: 11665 ns, Total: 75739 ns
[2025-05-20T08:47:29.642+0000][74][info ][safepoint   ] Safepoint "Cleanup", Time since last: 1000620441 ns, Reaching safepoint: 27201 ns, Cleanup: 39048 ns, At safepoint: 16215 ns, Total: 82464 ns
[2025-05-20T08:47:33.643+0000][74][info ][safepoint   ] Safepoint "Cleanup", Time since last: 4001095334 ns, Reaching safepoint: 47603 ns, Cleanup: 13271 ns, At safepoint: 7822 ns, Total: 68696 ns
[2025-05-20T08:47:34.643+0000][74][info ][safepoint   ] Safepoint "Cleanup", Time since last: 1000525982 ns, Reaching safepoint: 24794 ns, Cleanup: 13794 ns, At safepoint: 9896 ns, Total: 48484 ns
[2025-05-20T08:47:39.644+0000][74][info ][safepoint   ] Safepoint "Cleanup", Time since last: 5001145082 ns, Reaching safepoint: 26339 ns, Cleanup: 18363 ns, At safepoint: 11172 ns, Total: 55874 ns
[2025-05-20T08:47:43.646+0000][74][info ][safepoint   ] Safepoint "Cleanup", Time since last: 4001792524 ns, Reaching safepoint: 32243 ns, Cleanup: 15121 ns, At safepoint: 15944 ns, Total: 63308 ns
[2025-05-20T08:47:47.851+0000][74][info ][safepoint   ] Safepoint "Cleanup", Time since last: 4207665674 ns, Reaching safepoint: 125951 ns, Cleanup: 27963 ns, At safepoint: 150075 ns, Total: 303989 ns
[2025-05-20T08:47:49.203+0000][74][info ][safepoint   ] Safepoint "Cleanup", Time since last: 1351878016 ns, Reaching safepoint: 31679 ns, Cleanup: 48309 ns, At safepoint: 16003 ns, Total: 95991 ns
[2025-05-20T08:47:54.205+0000][74][info ][safepoint   ] Safepoint "Cleanup", Time since last: 5001258968 ns, Reaching safepoint: 26243 ns, Cleanup: 19113 ns, At safepoint: 11279 ns, Total: 56635 ns
[2025-05-20T08:47:56.206+0000][74][info ][safepoint   ] Safepoint "Cleanup", Time since last: 2000784318 ns, Reaching safepoint: 19907 ns, Cleanup: 14219 ns, At safepoint: 8859 ns, Total: 42985 ns
[2025-05-20T08:47:59.207+0000][74][info ][safepoint   ] Safepoint "Cleanup", Time since last: 3000897201 ns, Reaching safepoint: 24635 ns, Cleanup: 15317 ns, At safepoint: 29988 ns, Total: 69940 ns
[2025-05-20T08:48:00.207+0000][74][info ][safepoint   ] Safepoint "Cleanup", Time since last: 1000683456 ns, Reaching safepoint: 28311 ns, Cleanup: 33901 ns, At safepoint: 14648 ns, Total: 76860 ns
[2025-05-20T08:48:03.208+0000][74][info ][safepoint   ] Safepoint "Cleanup", Time since last: 3001063859 ns, Reaching safepoint: 60091 ns, Cleanup: 20674 ns, At safepoint: 10896 ns, Total: 91661 ns
[2025-05-20T08:48:04.209+0000][74][info ][safepoint   ] Safepoint "Cleanup", Time since last: 1000914158 ns, Reaching safepoint: 28920 ns, Cleanup: 16899 ns, At safepoint: 15601 ns, Total: 61420 ns
[2025-05-20T08:48:07.210+0000][74][info ][safepoint   ] Safepoint "Cleanup", Time since last: 3000955776 ns, Reaching safepoint: 31084 ns, Cleanup: 24027 ns, At safepoint: 16994 ns, Total: 72105 ns
[2025-05-20T08:48:09.212+0000][74][info ][safepoint   ] Safepoint "Cleanup", Time since last: 2001388785 ns, Reaching safepoint: 18426 ns, Cleanup: 15620 ns, At safepoint: 9143 ns, Total: 43189 ns
[2025-05-20T08:48:12.737+0000][74][info ][safepoint   ] Safepoint "Cleanup", Time since last: 3524914850 ns, Reaching safepoint: 30709 ns, Cleanup: 21261 ns, At safepoint: 12830 ns, Total: 64800 ns
[2025-05-20T08:48:14.735+0000][74][info ][safepoint   ] Safepoint "Cleanup", Time since last: 2000776931 ns, Reaching safepoint: 27732 ns, Cleanup: 14215 ns, At safepoint: 11333 ns, Total: 53280 ns
[2025-05-20T08:48:15.736+0000][74][info ][safepoint   ] Safepoint "Cleanup", Time since last: 1000802129 ns, Reaching safepoint: 27174 ns, Cleanup: 16922 ns, At safepoint: 10160 ns, Total: 54256 ns
[2025-05-20T08:48:17.738+0000][74][info ][safepoint   ] Safepoint "Cleanup", Time since last: 2002179113 ns, Reaching safepoint: 73246 ns, Cleanup: 15440 ns, At safepoint: 16422 ns, Total: 105108 ns
[2025-05-20T08:48:19.739+0000][74][info ][safepoint   ] Safepoint "Cleanup", Time since last: 2000789630 ns, Reaching safepoint: 29819 ns, Cleanup: 20528 ns, At safepoint: 10700 ns, Total: 61047 ns
[2025-05-20T08:48:27.741+0000][74][info ][safepoint   ] Safepoint "Cleanup", Time since last: 8001794077 ns, Reaching safepoint: 30115 ns, Cleanup: 14698 ns, At safepoint: 15347 ns, Total: 60160 ns
[2025-05-20T08:48:29.742+0000][74][info ][safepoint   ] Safepoint "Cleanup", Time since last: 2000680425 ns, Reaching safepoint: 29506 ns, Cleanup: 32076 ns, At safepoint: 11314 ns, Total: 72896 ns
[2025-05-20T08:48:34.743+0000][74][info ][safepoint   ] Safepoint "Cleanup", Time since last: 5001360607 ns, Reaching safepoint: 72879 ns, Cleanup: 15370 ns, At safepoint: 16135 ns, Total: 104384 ns
[2025-05-20T08:48:39.745+0000][74][info ][safepoint   ] Safepoint "Cleanup", Time since last: 5002002749 ns, Reaching safepoint: 37041 ns, Cleanup: 24348 ns, At safepoint: 16773 ns, Total: 78162 ns
[2025-05-20T08:48:43.747+0000][74][info ][safepoint   ] Safepoint "Cleanup", Time since last: 4002068406 ns, Reaching safepoint: 32531 ns, Cleanup: 15352 ns, At safepoint: 16716 ns, Total: 64599 ns
[2025-05-20T08:48:44.753+0000][74][info ][safepoint   ] Safepoint "Cleanup", Time since last: 1008883641 ns, Reaching safepoint: 27250 ns, Cleanup: 13751 ns, At safepoint: 10856 ns, Total: 51857 ns
[2025-05-20T08:48:45.760+0000][74][info ][safepoint   ] Safepoint "Cleanup", Time since last: 1006072840 ns, Reaching safepoint: 25016 ns, Cleanup: 14195 ns, At safepoint: 10664 ns, Total: 49875 ns
[2025-05-20T08:48:48.762+0000][74][info ][safepoint   ] Safepoint "Cleanup", Time since last: 3002234144 ns, Reaching safepoint: 58092 ns, Cleanup: 19335 ns, At safepoint: 10613 ns, Total: 88040 ns
[2025-05-20T08:48:49.766+0000][74][info ][safepoint   ] Safepoint "Cleanup", Time since last: 1003614216 ns, Reaching safepoint: 31077 ns, Cleanup: 21099 ns, At safepoint: 15570 ns, Total: 67746 ns
[2025-05-20T08:48:50.827+0000][74][info ][safepoint   ] Safepoint "Cleanup", Time since last: 1061199068 ns, Reaching safepoint: 13359 ns, Cleanup: 25573 ns, At safepoint: 23020 ns, Total: 61952 ns
[2025-05-20T08:48:52.261+0000][74][info ][safepoint   ] Safepoint "Cleanup", Time since last: 1434248744 ns, Reaching safepoint: 25581 ns, Cleanup: 30626 ns, At safepoint: 10386 ns, Total: 66593 ns
[2025-05-20T08:48:53.262+0000][74][info ][safepoint   ] Safepoint "Cleanup", Time since last: 1000705515 ns, Reaching safepoint: 31978 ns, Cleanup: 20771 ns, At safepoint: 88927 ns, Total: 141676 ns
[2025-05-20T08:48:54.263+0000][74][info ][safepoint   ] Safepoint "Cleanup", Time since last: 1001297186 ns, Reaching safepoint: 23124 ns, Cleanup: 14635 ns, At safepoint: 8605 ns, Total: 46364 ns
[2025-05-20T08:48:57.264+0000][74][info ][safepoint   ] Safepoint "Cleanup", Time since last: 3000934818 ns, Reaching safepoint: 17462 ns, Cleanup: 13420 ns, At safepoint: 7093 ns, Total: 37975 ns
[2025-05-20T08:48:58.265+0000][74][info ][safepoint   ] Safepoint "Cleanup", Time since last: 1000797353 ns, Reaching safepoint: 28732 ns, Cleanup: 18374 ns, At safepoint: 15848 ns, Total: 62954 ns
[2025-05-20T08:48:59.266+0000][74][info ][safepoint   ] Safepoint "Cleanup", Time since last: 1000762439 ns, Reaching safepoint: 28067 ns, Cleanup: 24929 ns, At safepoint: 11805 ns, Total: 64801 ns
[2025-05-20T08:49:00.267+0000][74][info ][safepoint   ] Safepoint "Cleanup", Time since last: 1000605257 ns, Reaching safepoint: 18205 ns, Cleanup: 17356 ns, At safepoint: 8427 ns, Total: 43988 ns
[2025-05-20T08:49:03.268+0000][74][info ][safepoint   ] Safepoint "Cleanup", Time since last: 3000921112 ns, Reaching safepoint: 72854 ns, Cleanup: 15477 ns, At safepoint: 17441 ns, Total: 105772 ns
[2025-05-20T08:49:04.268+0000][74][info ][safepoint   ] Safepoint "Cleanup", Time since last: 1000693280 ns, Reaching safepoint: 31858 ns, Cleanup: 16228 ns, At safepoint: 15371 ns, Total: 63457 ns
[2025-05-20T08:49:06.269+0000][74][info ][safepoint   ] Safepoint "Cleanup", Time since last: 2000814989 ns, Reaching safepoint: 31875 ns, Cleanup: 17468 ns, At safepoint: 16318 ns, Total: 65661 ns
[2025-05-20T08:49:09.270+0000][74][info ][safepoint   ] Safepoint "Cleanup", Time since last: 3000942962 ns, Reaching safepoint: 25766 ns, Cleanup: 18307 ns, At safepoint: 9898 ns, Total: 53971 ns
[2025-05-20T08:49:10.765+0000][74][info ][safepoint   ] Safepoint "Cleanup", Time since last: 1494721490 ns, Reaching safepoint: 28734 ns, Cleanup: 15608 ns, At safepoint: 11211 ns, Total: 55553 ns
[2025-05-20T08:49:11.766+0000][74][info ][safepoint   ] Safepoint "Cleanup", Time since last: 1000644018 ns, Reaching safepoint: 35578 ns, Cleanup: 22592 ns, At safepoint: 18322 ns, Total: 76492 ns
[2025-05-20T08:49:12.768+0000][74][info ][safepoint   ] Safepoint "Cleanup", Time since last: 1002117183 ns, Reaching safepoint: 26943 ns, Cleanup: 15006 ns, At safepoint: 11679 ns, Total: 53628 ns
[2025-05-20T08:49:14.768+0000][74][info ][safepoint   ] Safepoint "Cleanup", Time since last: 2001863842 ns, Reaching safepoint: 30551 ns, Cleanup: 19441 ns, At safepoint: 12457 ns, Total: 62449 ns
[2025-05-20T08:49:15.768+0000][74][info ][safepoint   ] Safepoint "Cleanup", Time since last: 1000715697 ns, Reaching safepoint: 26595 ns, Cleanup: 22415 ns, At safepoint: 12056 ns, Total: 61066 ns
[2025-05-20T08:49:18.769+0000][74][info ][safepoint   ] Safepoint "Cleanup", Time since last: 3000985464 ns, Reaching safepoint: 76629 ns, Cleanup: 17415 ns, At safepoint: 34490 ns, Total: 128534 ns
[2025-05-20T08:49:19.770+0000][74][info ][safepoint   ] Safepoint "Cleanup", Time since last: 1000524217 ns, Reaching safepoint: 26175 ns, Cleanup: 14695 ns, At safepoint: 9230 ns, Total: 50100 ns
[2025-05-20T08:49:24.771+0000][74][info ][safepoint   ] Safepoint "Cleanup", Time since last: 5001179677 ns, Reaching safepoint: 19913 ns, Cleanup: 13419 ns, At safepoint: 8204 ns, Total: 41536 ns
[2025-05-20T08:49:29.772+0000][74][info ][safepoint   ] Safepoint "Cleanup", Time since last: 5000916442 ns, Reaching safepoint: 17793 ns, Cleanup: 10008 ns, At safepoint: 26373 ns, Total: 54174 ns
[2025-05-20T08:49:30.774+0000][74][info ][safepoint   ] Safepoint "Cleanup", Time since last: 1001384505 ns, Reaching safepoint: 27883 ns, Cleanup: 17635 ns, At safepoint: 10529 ns, Total: 56047 ns
[2025-05-20T08:49:34.795+0000][74][info ][safepoint   ] Safepoint "Cleanup", Time since last: 4020924326 ns, Reaching safepoint: 61586 ns, Cleanup: 16007 ns, At safepoint: 11654 ns, Total: 89247 ns
[2025-05-20T08:49:41.796+0000][74][info ][safepoint   ] Safepoint "Cleanup", Time since last: 7001420345 ns, Reaching safepoint: 22174 ns, Cleanup: 14069 ns, At safepoint: 9369 ns, Total: 45612 ns
[2025-05-20T08:49:44.797+0000][74][info ][safepoint   ] Safepoint "Cleanup", Time since last: 3003603024 ns, Reaching safepoint: 21275 ns, Cleanup: 23344 ns, At safepoint: 10241 ns, Total: 54860 ns
[2025-05-20T08:49:47.799+0000][74][info ][safepoint   ] Safepoint "Cleanup", Time since last: 3002121094 ns, Reaching safepoint: 33090 ns, Cleanup: 16055 ns, At safepoint: 17216 ns, Total: 66361 ns
[2025-05-20T08:49:50.803+0000][74][info ][safepoint   ] Safepoint "Cleanup", Time since last: 3003468176 ns, Reaching safepoint: 62003 ns, Cleanup: 17336 ns, At safepoint: 11659 ns, Total: 90998 ns
[2025-05-20T08:49:51.806+0000][74][info ][safepoint   ] Safepoint "Cleanup", Time since last: 1002695029 ns, Reaching safepoint: 19733 ns, Cleanup: 13479 ns, At safepoint: 9479 ns, Total: 42691 ns
[2025-05-20T08:49:53.804+0000][74][info ][safepoint   ] Safepoint "Cleanup", Time since last: 1998884737 ns, Reaching safepoint: 15537 ns, Cleanup: 16910 ns, At safepoint: 19944 ns, Total: 52391 ns
[2025-05-20T08:49:55.307+0000][74][info ][safepoint   ] Safepoint "Cleanup", Time since last: 1502805141 ns, Reaching safepoint: 18928 ns, Cleanup: 23017 ns, At safepoint: 9406 ns, Total: 51351 ns
[2025-05-20T08:49:57.308+0000][74][info ][safepoint   ] Safepoint "Cleanup", Time since last: 2000764706 ns, Reaching safepoint: 17763 ns, Cleanup: 11214 ns, At safepoint: 7948 ns, Total: 36925 ns
[2025-05-20T08:49:58.309+0000][74][info ][safepoint   ] Safepoint "Cleanup", Time since last: 1000643463 ns, Reaching safepoint: 31499 ns, Cleanup: 21532 ns, At safepoint: 16291 ns, Total: 69322 ns
[2025-05-20T08:49:59.312+0000][74][info ][safepoint   ] Safepoint "Cleanup", Time since last: 1002920826 ns, Reaching safepoint: 32642 ns, Cleanup: 42881 ns, At safepoint: 16232 ns, Total: 91755 ns
[2025-05-20T08:50:00.313+0000][74][info ][safepoint   ] Safepoint "Cleanup", Time since last: 1000710248 ns, Reaching safepoint: 17328 ns, Cleanup: 10528 ns, At safepoint: 7289 ns, Total: 35145 ns
[2025-05-20T08:50:03.314+0000][74][info ][safepoint   ] Safepoint "Cleanup", Time since last: 3001102906 ns, Reaching safepoint: 33426 ns, Cleanup: 15749 ns, At safepoint: 17016 ns, Total: 66191 ns
[2025-05-20T08:50:04.315+0000][74][info ][safepoint   ] Safepoint "Cleanup", Time since last: 1000695790 ns, Reaching safepoint: 58185 ns, Cleanup: 15145 ns, At safepoint: 12886 ns, Total: 86216 ns
[2025-05-20T08:50:06.316+0000][74][info ][safepoint   ] Safepoint "Cleanup", Time since last: 2001064366 ns, Reaching safepoint: 17942 ns, Cleanup: 16733 ns, At safepoint: 9225 ns, Total: 43900 ns
[2025-05-20T08:50:07.316+0000][74][info ][safepoint   ] Safepoint "Cleanup", Time since last: 1000654190 ns, Reaching safepoint: 20406 ns, Cleanup: 13741 ns, At safepoint: 10027 ns, Total: 44174 ns
[2025-05-20T08:50:09.317+0000][74][info ][safepoint   ] Safepoint "Cleanup", Time since last: 2000688511 ns, Reaching safepoint: 78252 ns, Cleanup: 13676 ns, At safepoint: 10980 ns, Total: 102908 ns
[2025-05-20T08:50:10.791+0000][74][info ][safepoint   ] Safepoint "Cleanup", Time since last: 1473924885 ns, Reaching safepoint: 36426 ns, Cleanup: 19053 ns, At safepoint: 15769 ns, Total: 71248 ns
[2025-05-20T08:50:15.789+0000][74][info ][safepoint   ] Safepoint "Cleanup", Time since last: 5001164054 ns, Reaching safepoint: 17838 ns, Cleanup: 14542 ns, At safepoint: 7515 ns, Total: 39895 ns
[2025-05-20T08:50:17.790+0000][74][info ][safepoint   ] Safepoint "Cleanup", Time since last: 2000841340 ns, Reaching safepoint: 18290 ns, Cleanup: 12658 ns, At safepoint: 9391 ns, Total: 40339 ns
[2025-05-20T08:50:19.791+0000][74][info ][safepoint   ] Safepoint "Cleanup", Time since last: 2000691781 ns, Reaching safepoint: 58158 ns, Cleanup: 17660 ns, At safepoint: 13975 ns, Total: 89793 ns
[2025-05-20T08:50:28.793+0000][74][info ][safepoint   ] Safepoint "Cleanup", Time since last: 9002248680 ns, Reaching safepoint: 33417 ns, Cleanup: 16864 ns, At safepoint: 18161 ns, Total: 68442 ns
[2025-05-20T08:50:29.794+0000][74][info ][safepoint   ] Safepoint "Cleanup", Time since last: 1000706015 ns, Reaching safepoint: 17918 ns, Cleanup: 65469 ns, At safepoint: 9886 ns, Total: 93273 ns
[2025-05-20T08:50:32.795+0000][74][info ][safepoint   ] Safepoint "Cleanup", Time since last: 3000961970 ns, Reaching safepoint: 18213 ns, Cleanup: 12794 ns, At safepoint: 28276 ns, Total: 59283 ns
[2025-05-20T08:50:34.332+0000][74][info ][safepoint   ] Safepoint "Cleanup", Time since last: 1537241813 ns, Reaching safepoint: 29087 ns, Cleanup: 185073 ns, At safepoint: 17715 ns, Total: 231875 ns
[2025-05-20T08:50:35.387+0000][74][info ][safepoint   ] Safepoint "Cleanup", Time since last: 1054475547 ns, Reaching safepoint: 44594 ns, Cleanup: 19367 ns, At safepoint: 9121 ns, Total: 73082 ns
[2025-05-20T08:50:36.387+0000][74][info ][safepoint   ] Safepoint "Cleanup", Time since last: 1000605953 ns, Reaching safepoint: 25857 ns, Cleanup: 21133 ns, At safepoint: 10693 ns, Total: 57683 ns
[2025-05-20T08:50:37.388+0000][74][info ][safepoint   ] Safepoint "Cleanup", Time since last: 1000577583 ns, Reaching safepoint: 31891 ns, Cleanup: 15780 ns, At safepoint: 16751 ns, Total: 64422 ns
[2025-05-20T08:50:39.130+0000][74][info ][safepoint   ] Safepoint "Cleanup", Time since last: 1742159915 ns, Reaching safepoint: 14072 ns, Cleanup: 19474 ns, At safepoint: 20815 ns, Total: 54361 ns
[2025-05-20T08:50:40.163+0000][74][info ][safepoint   ] Safepoint "Cleanup", Time since last: 1032448922 ns, Reaching safepoint: 24041 ns, Cleanup: 28625 ns, At safepoint: 10702 ns, Total: 63368 ns
[2025-05-20T08:50:44.164+0000][74][info ][safepoint   ] Safepoint "Cleanup", Time since last: 4001209715 ns, Reaching safepoint: 17793 ns, Cleanup: 17144 ns, At safepoint: 8768 ns, Total: 43705 ns
[2025-05-20T08:50:45.163+0000][74][info ][safepoint   ] Safepoint "Cleanup", Time since last: 1000600093 ns, Reaching safepoint: 28094 ns, Cleanup: 17367 ns, At safepoint: 12773 ns, Total: 58234 ns
[2025-05-20T08:50:47.165+0000][74][info ][safepoint   ] Safepoint "Cleanup", Time since last: 2002065932 ns, Reaching safepoint: 18472 ns, Cleanup: 13239 ns, At safepoint: 8870 ns, Total: 40581 ns
[2025-05-20T08:50:50.166+0000][74][info ][safepoint   ] Safepoint "Cleanup", Time since last: 3001142100 ns, Reaching safepoint: 31297 ns, Cleanup: 15592 ns, At safepoint: 16171 ns, Total: 63060 ns
[2025-05-20T08:50:51.167+0000][74][info ][safepoint   ] Safepoint "Cleanup", Time since last: 1000776123 ns, Reaching safepoint: 67179 ns, Cleanup: 15138 ns, At safepoint: 32167 ns, Total: 114484 ns
[2025-05-20T08:50:54.168+0000][74][info ][safepoint   ] Safepoint "Cleanup", Time since last: 3000989601 ns, Reaching safepoint: 20734 ns, Cleanup: 28006 ns, At safepoint: 9836 ns, Total: 58576 ns
[2025-05-20T08:50:56.828+0000][74][info ][safepoint   ] Safepoint "Cleanup", Time since last: 2660328107 ns, Reaching safepoint: 96270 ns, Cleanup: 9420 ns, At safepoint: 49749 ns, Total: 155439 ns
[2025-05-20T08:50:58.430+0000][74][info ][safepoint   ] Safepoint "Cleanup", Time since last: 1601596245 ns, Reaching safepoint: 27749 ns, Cleanup: 38861 ns, At safepoint: 12319 ns, Total: 78929 ns
[2025-05-20T08:51:00.431+0000][74][info ][safepoint   ] Safepoint "Cleanup", Time since last: 2000636178 ns, Reaching safepoint: 20482 ns, Cleanup: 12348 ns, At safepoint: 8610 ns, Total: 41440 ns
[2025-05-20T08:51:04.432+0000][74][info ][safepoint   ] Safepoint "Cleanup", Time since last: 4001035409 ns, Reaching safepoint: 32181 ns, Cleanup: 15411 ns, At safepoint: 16312 ns, Total: 63904 ns
[2025-05-20T08:51:07.433+0000][74][info ][safepoint   ] Safepoint "Cleanup", Time since last: 3000937224 ns, Reaching safepoint: 53539 ns, Cleanup: 20514 ns, At safepoint: 10279 ns, Total: 84332 ns
[2025-05-20T08:51:09.435+0000][74][info ][safepoint   ] Safepoint "Cleanup", Time since last: 2001765621 ns, Reaching safepoint: 22413 ns, Cleanup: 17220 ns, At safepoint: 8971 ns, Total: 48604 ns
[2025-05-20T08:51:11.821+0000][74][info ][safepoint   ] Safepoint "Cleanup", Time since last: 2386073872 ns, Reaching safepoint: 30248 ns, Cleanup: 18438 ns, At safepoint: 11053 ns, Total: 59739 ns
[2025-05-20T08:51:15.820+0000][74][info ][safepoint   ] Safepoint "Cleanup", Time since last: 4001172762 ns, Reaching safepoint: 26778 ns, Cleanup: 15274 ns, At safepoint: 10325 ns, Total: 52377 ns
[2025-05-20T08:51:19.821+0000][74][info ][safepoint   ] Safepoint "Cleanup", Time since last: 4001215771 ns, Reaching safepoint: 34810 ns, Cleanup: 18737 ns, At safepoint: 17971 ns, Total: 71518 ns
[2025-05-20T08:51:20.822+0000][74][info ][safepoint   ] Safepoint "Cleanup", Time since last: 1000788145 ns, Reaching safepoint: 27540 ns, Cleanup: 15480 ns, At safepoint: 10281 ns, Total: 53301 ns
[2025-05-20T08:51:22.823+0000][74][info ][safepoint   ] Safepoint "Cleanup", Time since last: 2000751376 ns, Reaching safepoint: 61457 ns, Cleanup: 16974 ns, At safepoint: 19015 ns, Total: 97446 ns
[2025-05-20T08:51:27.824+0000][74][info ][safepoint   ] Safepoint "Cleanup", Time since last: 5001170208 ns, Reaching safepoint: 25210 ns, Cleanup: 21181 ns, At safepoint: 10857 ns, Total: 57248 ns
[2025-05-20T08:51:29.825+0000][74][info ][safepoint   ] Safepoint "Cleanup", Time since last: 2000707136 ns, Reaching safepoint: 22040 ns, Cleanup: 32241 ns, At safepoint: 9402 ns, Total: 63683 ns
[2025-05-20T08:51:30.825+0000][74][info ][safepoint   ] Safepoint "Cleanup", Time since last: 1000637001 ns, Reaching safepoint: 35494 ns, Cleanup: 23210 ns, At safepoint: 18492 ns, Total: 77196 ns
[2025-05-20T08:51:35.827+0000][74][info ][safepoint   ] Safepoint "Cleanup", Time since last: 5001314696 ns, Reaching safepoint: 35438 ns, Cleanup: 20633 ns, At safepoint: 17711 ns, Total: 73782 ns
[2025-05-20T08:51:37.828+0000][74][info ][safepoint   ] Safepoint "Cleanup", Time since last: 2000889825 ns, Reaching safepoint: 64296 ns, Cleanup: 16931 ns, At safepoint: 11934 ns, Total: 93161 ns
[2025-05-20T08:51:38.828+0000][74][info ][safepoint   ] Safepoint "Cleanup", Time since last: 1000641091 ns, Reaching safepoint: 18436 ns, Cleanup: 11898 ns, At safepoint: 8208 ns, Total: 38542 ns
[2025-05-20T08:51:39.829+0000][74][info ][safepoint   ] Safepoint "Cleanup", Time since last: 1000609381 ns, Reaching safepoint: 25030 ns, Cleanup: 13982 ns, At safepoint: 10402 ns, Total: 49414 ns
[2025-05-20T08:51:41.831+0000][74][info ][safepoint   ] Safepoint "Cleanup", Time since last: 2002033305 ns, Reaching safepoint: 33232 ns, Cleanup: 19667 ns, At safepoint: 16113 ns, Total: 69012 ns
[2025-05-20T08:51:42.832+0000][74][info ][safepoint   ] Safepoint "Cleanup", Time since last: 1000661396 ns, Reaching safepoint: 18551 ns, Cleanup: 12177 ns, At safepoint: 8789 ns, Total: 39517 ns
[2025-05-20T08:51:44.830+0000][74][info ][safepoint   ] Safepoint "Cleanup", Time since last: 2000650160 ns, Reaching safepoint: 20629 ns, Cleanup: 20226 ns, At safepoint: 8644 ns, Total: 49499 ns
[2025-05-20T08:51:45.830+0000][74][info ][safepoint   ] Safepoint "Cleanup", Time since last: 1000581297 ns, Reaching safepoint: 20836 ns, Cleanup: 12433 ns, At safepoint: 8829 ns, Total: 42098 ns
[2025-05-20T08:51:46.832+0000][74][info ][safepoint   ] Safepoint "Cleanup", Time since last: 1001235854 ns, Reaching safepoint: 20942 ns, Cleanup: 12822 ns, At safepoint: 11246 ns, Total: 45010 ns
[2025-05-20T08:51:49.833+0000][74][info ][safepoint   ] Safepoint "Cleanup", Time since last: 3001093720 ns, Reaching safepoint: 26731 ns, Cleanup: 14286 ns, At safepoint: 10469 ns, Total: 51486 ns
[2025-05-20T08:51:50.833+0000][74][info ][safepoint   ] Safepoint "Cleanup", Time since last: 1000577325 ns, Reaching safepoint: 19650 ns, Cleanup: 14599 ns, At safepoint: 8838 ns, Total: 43087 ns
[2025-05-20T08:51:53.836+0000][74][info ][safepoint   ] Safepoint "Cleanup", Time since last: 3002696925 ns, Reaching safepoint: 53467 ns, Cleanup: 17385 ns, At safepoint: 9334 ns, Total: 80186 ns
[2025-05-20T08:51:54.838+0000][74][info ][safepoint   ] Safepoint "Cleanup", Time since last: 1001938707 ns, Reaching safepoint: 28120 ns, Cleanup: 16322 ns, At safepoint: 11559 ns, Total: 56001 ns
[2025-05-20T08:51:55.839+0000][74][info ][safepoint   ] Safepoint "Cleanup", Time since last: 1000610221 ns, Reaching safepoint: 31187 ns, Cleanup: 13979 ns, At safepoint: 16640 ns, Total: 61806 ns
[2025-05-20T08:51:56.839+0000][74][info ][safepoint   ] Safepoint "Cleanup", Time since last: 1000705988 ns, Reaching safepoint: 28058 ns, Cleanup: 31021 ns, At safepoint: 11657 ns, Total: 70736 ns
[2025-05-20T08:51:57.840+0000][74][info ][safepoint   ] Safepoint "Cleanup", Time since last: 1000619418 ns, Reaching safepoint: 29377 ns, Cleanup: 22251 ns, At safepoint: 11266 ns, Total: 62894 ns
[2025-05-20T08:51:58.841+0000][74][info ][safepoint   ] Safepoint "Cleanup", Time since last: 1000940994 ns, Reaching safepoint: 32244 ns, Cleanup: 18798 ns, At safepoint: 16615 ns, Total: 67657 ns
[2025-05-20T08:51:59.850+0000][74][info ][safepoint   ] Safepoint "Cleanup", Time since last: 1008669919 ns, Reaching safepoint: 305769 ns, Cleanup: 50641 ns, At safepoint: 212646 ns, Total: 569056 ns
[2025-05-20T08:52:01.479+0000][74][info ][safepoint   ] Safepoint "Cleanup", Time since last: 1628545124 ns, Reaching safepoint: 30859 ns, Cleanup: 96488 ns, At safepoint: 17950 ns, Total: 145297 ns
[2025-05-20T08:52:09.481+0000][74][info ][safepoint   ] Safepoint "Cleanup", Time since last: 8001614854 ns, Reaching safepoint: 88637 ns, Cleanup: 19127 ns, At safepoint: 10944 ns, Total: 118708 ns
[2025-05-20T08:52:14.845+0000][74][info ][safepoint   ] Safepoint "Cleanup", Time since last: 5366977967 ns, Reaching safepoint: 45193 ns, Cleanup: 17539 ns, At safepoint: 15897 ns, Total: 78629 ns
[2025-05-20T08:52:16.846+0000][74][info ][safepoint   ] Safepoint "Cleanup", Time since last: 2000787164 ns, Reaching safepoint: 31455 ns, Cleanup: 18657 ns, At safepoint: 15225 ns, Total: 65337 ns
[2025-05-20T08:52:17.847+0000][74][info ][safepoint   ] Safepoint "Cleanup", Time since last: 1000619126 ns, Reaching safepoint: 34598 ns, Cleanup: 21502 ns, At safepoint: 18231 ns, Total: 74331 ns
[2025-05-20T08:52:20.848+0000][74][info ][safepoint   ] Safepoint "Cleanup", Time since last: 3001091277 ns, Reaching safepoint: 27386 ns, Cleanup: 14229 ns, At safepoint: 10813 ns, Total: 52428 ns
[2025-05-20T08:52:22.849+0000][74][info ][safepoint   ] Safepoint "Cleanup", Time since last: 2000956461 ns, Reaching safepoint: 44815 ns, Cleanup: 12262 ns, At safepoint: 10184 ns, Total: 67261 ns
[2025-05-20T08:52:26.850+0000][74][info ][safepoint   ] Safepoint "Cleanup", Time since last: 4001024727 ns, Reaching safepoint: 30752 ns, Cleanup: 14692 ns, At safepoint: 16398 ns, Total: 61842 ns
[2025-05-20T08:52:29.851+0000][74][info ][safepoint   ] Safepoint "Cleanup", Time since last: 3000856562 ns, Reaching safepoint: 17991 ns, Cleanup: 27849 ns, At safepoint: 7395 ns, Total: 53235 ns
[2025-05-20T08:52:32.852+0000][74][info ][safepoint   ] Safepoint "Cleanup", Time since last: 3001087362 ns, Reaching safepoint: 35698 ns, Cleanup: 17128 ns, At safepoint: 18180 ns, Total: 71006 ns
[2025-05-20T08:52:35.854+0000][74][info ][safepoint   ] Safepoint "Cleanup", Time since last: 3001643959 ns, Reaching safepoint: 30070 ns, Cleanup: 14766 ns, At safepoint: 15093 ns, Total: 59929 ns
[2025-05-20T08:52:44.854+0000][74][info ][safepoint   ] Safepoint "Cleanup", Time since last: 9002251452 ns, Reaching safepoint: 60865 ns, Cleanup: 16960 ns, At safepoint: 10300 ns, Total: 88125 ns
[2025-05-20T08:52:47.855+0000][74][info ][safepoint   ] Safepoint "Cleanup", Time since last: 3001234665 ns, Reaching safepoint: 19405 ns, Cleanup: 14424 ns, At safepoint: 8636 ns, Total: 42465 ns
[2025-05-20T08:52:49.856+0000][74][info ][safepoint   ] Safepoint "Cleanup", Time since last: 2000749570 ns, Reaching safepoint: 31008 ns, Cleanup: 14030 ns, At safepoint: 14938 ns, Total: 59976 ns
[2025-05-20T08:52:52.857+0000][74][info ][safepoint   ] Safepoint "Cleanup", Time since last: 3001043526 ns, Reaching safepoint: 31388 ns, Cleanup: 16482 ns, At safepoint: 11645 ns, Total: 59515 ns
[2025-05-20T08:52:53.858+0000][74][info ][safepoint   ] Safepoint "Cleanup", Time since last: 1001066841 ns, Reaching safepoint: 45578 ns, Cleanup: 18943 ns, At safepoint: 10329 ns, Total: 74850 ns
[2025-05-20T08:52:54.859+0000][74][info ][safepoint   ] Safepoint "Cleanup", Time since last: 1000989203 ns, Reaching safepoint: 19384 ns, Cleanup: 13919 ns, At safepoint: 9196 ns, Total: 42499 ns
[2025-05-20T08:52:56.863+0000][74][info ][safepoint   ] Safepoint "Cleanup", Time since last: 2002974865 ns, Reaching safepoint: 29539 ns, Cleanup: 14409 ns, At safepoint: 15187 ns, Total: 59135 ns
[2025-05-20T08:52:59.864+0000][74][info ][safepoint   ] Safepoint "Cleanup", Time since last: 3001201373 ns, Reaching safepoint: 31625 ns, Cleanup: 20297 ns, At safepoint: 16243 ns, Total: 68165 ns
[2025-05-20T08:53:02.845+0000][74][info ][safepoint   ] Safepoint "Cleanup", Time since last: 2980745661 ns, Reaching safepoint: 133349 ns, Cleanup: 9192 ns, At safepoint: 58818 ns, Total: 201359 ns
[2025-05-20T08:53:04.555+0000][74][info ][safepoint   ] Safepoint "Cleanup", Time since last: 1710288823 ns, Reaching safepoint: 30315 ns, Cleanup: 27124 ns, At safepoint: 15360 ns, Total: 72799 ns
[2025-05-20T08:53:09.557+0000][74][info ][safepoint   ] Safepoint "Cleanup", Time since last: 5001625841 ns, Reaching safepoint: 72979 ns, Cleanup: 16310 ns, At safepoint: 10701 ns, Total: 99990 ns
[2025-05-20T08:53:14.878+0000][74][info ][safepoint   ] Safepoint "Cleanup", Time since last: 5323381122 ns, Reaching safepoint: 52847 ns, Cleanup: 18375 ns, At safepoint: 14279 ns, Total: 85501 ns
[2025-05-20T08:53:17.879+0000][74][info ][safepoint   ] Safepoint "Cleanup", Time since last: 3000869636 ns, Reaching safepoint: 26730 ns, Cleanup: 14503 ns, At safepoint: 10975 ns, Total: 52208 ns
[2025-05-20T08:53:20.880+0000][74][info ][safepoint   ] Safepoint "Cleanup", Time since last: 3000975335 ns, Reaching safepoint: 30025 ns, Cleanup: 14823 ns, At safepoint: 15556 ns, Total: 60404 ns
[2025-05-20T08:53:26.882+0000][74][info ][safepoint   ] Safepoint "Cleanup", Time since last: 6001474836 ns, Reaching safepoint: 71474 ns, Cleanup: 14863 ns, At safepoint: 18223 ns, Total: 104560 ns
[2025-05-20T08:53:29.883+0000][74][info ][safepoint   ] Safepoint "Cleanup", Time since last: 3001055553 ns, Reaching safepoint: 17338 ns, Cleanup: 24010 ns, At safepoint: 8764 ns, Total: 50112 ns
[2025-05-20T08:53:31.883+0000][74][info ][safepoint   ] Safepoint "Cleanup", Time since last: 2000799765 ns, Reaching safepoint: 30559 ns, Cleanup: 16115 ns, At safepoint: 16181 ns, Total: 62855 ns
[2025-05-20T08:53:36.885+0000][74][info ][safepoint   ] Safepoint "Cleanup", Time since last: 5001150140 ns, Reaching safepoint: 26329 ns, Cleanup: 14152 ns, At safepoint: 10419 ns, Total: 50900 ns
[2025-05-20T08:53:37.885+0000][74][info ][safepoint   ] Safepoint "Cleanup", Time since last: 1000552862 ns, Reaching safepoint: 18101 ns, Cleanup: 12239 ns, At safepoint: 8526 ns, Total: 38866 ns
[2025-05-20T08:53:39.886+0000][74][info ][safepoint   ] Safepoint "Cleanup", Time since last: 2000722988 ns, Reaching safepoint: 90327 ns, Cleanup: 23510 ns, At safepoint: 30058 ns, Total: 143895 ns
[2025-05-20T08:53:44.884+0000][74][info ][safepoint   ] Safepoint "Cleanup", Time since last: 5001143401 ns, Reaching safepoint: 19862 ns, Cleanup: 14305 ns, At safepoint: 9044 ns, Total: 43211 ns
[2025-05-20T08:53:49.885+0000][74][info ][safepoint   ] Safepoint "Cleanup", Time since last: 5001154061 ns, Reaching safepoint: 18782 ns, Cleanup: 12860 ns, At safepoint: 7910 ns, Total: 39552 ns
[2025-05-20T08:53:58.888+0000][74][info ][safepoint   ] Safepoint "Cleanup", Time since last: 9003068917 ns, Reaching safepoint: 116341 ns, Cleanup: 21098 ns, At safepoint: 10921 ns, Total: 148360 ns
[2025-05-20T08:53:59.889+0000][74][info ][safepoint   ] Safepoint "Cleanup", Time since last: 1000690071 ns, Reaching safepoint: 32455 ns, Cleanup: 16758 ns, At safepoint: 15736 ns, Total: 64949 ns
[2025-05-20T08:54:00.890+0000][74][info ][safepoint   ] Safepoint "Cleanup", Time since last: 1000989209 ns, Reaching safepoint: 38383 ns, Cleanup: 22023 ns, At safepoint: 18603 ns, Total: 79009 ns
[2025-05-20T08:54:02.891+0000][74][info ][safepoint   ] Safepoint "Cleanup", Time since last: 2000901848 ns, Reaching safepoint: 26650 ns, Cleanup: 18577 ns, At safepoint: 11135 ns, Total: 56362 ns
[2025-05-20T08:54:04.892+0000][74][info ][safepoint   ] Safepoint "Cleanup", Time since last: 2000784730 ns, Reaching safepoint: 24746 ns, Cleanup: 14363 ns, At safepoint: 13912 ns, Total: 53021 ns
[2025-05-20T08:54:06.581+0000][74][info ][safepoint   ] Safepoint "Cleanup", Time since last: 1688610891 ns, Reaching safepoint: 14948 ns, Cleanup: 34982 ns, At safepoint: 7495 ns, Total: 57425 ns
[2025-05-20T08:54:28.904+0000][74][info ][safepoint   ] Safepoint "Cleanup", Time since last: 22328837174 ns, Reaching safepoint: 65969 ns, Cleanup: 15816 ns, At safepoint: 15435 ns, Total: 97220 ns
[2025-05-20T08:54:29.905+0000][74][info ][safepoint   ] Safepoint "Cleanup", Time since last: 1000650688 ns, Reaching safepoint: 33902 ns, Cleanup: 30906 ns, At safepoint: 17166 ns, Total: 81974 ns
[2025-05-20T08:54:32.906+0000][74][info ][safepoint   ] Safepoint "Cleanup", Time since last: 3001020654 ns, Reaching safepoint: 27027 ns, Cleanup: 17455 ns, At safepoint: 10684 ns, Total: 55166 ns
[2025-05-20T08:54:34.907+0000][74][info ][safepoint   ] Safepoint "Cleanup", Time since last: 2001171901 ns, Reaching safepoint: 19178 ns, Cleanup: 14217 ns, At safepoint: 8627 ns, Total: 42022 ns
[2025-05-20T08:54:35.909+0000][74][info ][safepoint   ] Safepoint "Cleanup", Time since last: 1001610544 ns, Reaching safepoint: 28708 ns, Cleanup: 14119 ns, At safepoint: 14918 ns, Total: 57745 ns
[2025-05-20T08:54:41.911+0000][74][info ][safepoint   ] Safepoint "Cleanup", Time since last: 6001585305 ns, Reaching safepoint: 60747 ns, Cleanup: 16056 ns, At safepoint: 12185 ns, Total: 88988 ns
[2025-05-20T08:54:47.914+0000][74][info ][safepoint   ] Safepoint "Cleanup", Time since last: 6001886699 ns, Reaching safepoint: 34750 ns, Cleanup: 16185 ns, At safepoint: 18021 ns, Total: 68956 ns
[2025-05-20T08:54:51.915+0000][74][info ][safepoint   ] Safepoint "Cleanup", Time since last: 4001241513 ns, Reaching safepoint: 29637 ns, Cleanup: 17975 ns, At safepoint: 15622 ns, Total: 63234 ns
[2025-05-20T08:54:54.916+0000][74][info ][safepoint   ] Safepoint "Cleanup", Time since last: 3001119687 ns, Reaching safepoint: 20200 ns, Cleanup: 11909 ns, At safepoint: 8703 ns, Total: 40812 ns
[2025-05-20T08:54:58.919+0000][74][info ][safepoint   ] Safepoint "Cleanup", Time since last: 4002620142 ns, Reaching safepoint: 35687 ns, Cleanup: 16776 ns, At safepoint: 17269 ns, Total: 69732 ns
[2025-05-20T08:54:59.920+0000][74][info ][safepoint   ] Safepoint "Cleanup", Time since last: 1000864799 ns, Reaching safepoint: 27052 ns, Cleanup: 16081 ns, At safepoint: 11486 ns, Total: 54619 ns
[2025-05-20T08:55:02.921+0000][74][info ][safepoint   ] Safepoint "Cleanup", Time since last: 3001441608 ns, Reaching safepoint: 29381 ns, Cleanup: 16251 ns, At safepoint: 15702 ns, Total: 61334 ns
[2025-05-20T08:55:08.807+0000][74][info ][safepoint   ] Safepoint "Cleanup", Time since last: 5885923360 ns, Reaching safepoint: 11582 ns, Cleanup: 19547 ns, At safepoint: 18453 ns, Total: 49582 ns
[2025-05-20T08:55:09.941+0000][74][info ][safepoint   ] Safepoint "Cleanup", Time since last: 1133633791 ns, Reaching safepoint: 6653 ns, Cleanup: 22233 ns, At safepoint: 3137 ns, Total: 32023 ns
[2025-05-20T08:55:11.942+0000][74][info ][safepoint   ] Safepoint "Cleanup", Time since last: 2001033554 ns, Reaching safepoint: 152366 ns, Cleanup: 19541 ns, At safepoint: 18537 ns, Total: 190444 ns
[2025-05-20T08:55:16.939+0000][74][info ][safepoint   ] Safepoint "Cleanup", Time since last: 5001156557 ns, Reaching safepoint: 29482 ns, Cleanup: 18884 ns, At safepoint: 10307 ns, Total: 58673 ns
[2025-05-20T08:55:17.940+0000][74][info ][safepoint   ] Safepoint "Cleanup", Time since last: 1000728684 ns, Reaching safepoint: 49338 ns, Cleanup: 20709 ns, At safepoint: 12107 ns, Total: 82154 ns
[2025-05-20T08:55:24.944+0000][74][info ][safepoint   ] Safepoint "Cleanup", Time since last: 7003839642 ns, Reaching safepoint: 27044 ns, Cleanup: 17621 ns, At safepoint: 10613 ns, Total: 55278 ns
[2025-05-20T08:55:29.945+0000][74][info ][safepoint   ] Safepoint "Cleanup", Time since last: 5001362213 ns, Reaching safepoint: 61491 ns, Cleanup: 23649 ns, At safepoint: 10515 ns, Total: 95655 ns
[2025-05-20T08:55:32.947+0000][74][info ][safepoint   ] Safepoint "Cleanup", Time since last: 3001404902 ns, Reaching safepoint: 26088 ns, Cleanup: 14720 ns, At safepoint: 10506 ns, Total: 51314 ns
[2025-05-20T08:55:35.796+0000][74][info ][safepoint   ] Safepoint "Cleanup", Time since last: 2849140265 ns, Reaching safepoint: 6444 ns, Cleanup: 17421 ns, At safepoint: 14806 ns, Total: 38671 ns
[2025-05-20T08:55:37.688+0000][74][info ][safepoint   ] Safepoint "Cleanup", Time since last: 1891892982 ns, Reaching safepoint: 30123 ns, Cleanup: 31366 ns, At safepoint: 13713 ns, Total: 75202 ns
[2025-05-20T08:55:39.736+0000][74][info ][safepoint   ] Safepoint "Cleanup", Time since last: 2048383764 ns, Reaching safepoint: 26427 ns, Cleanup: 18298 ns, At safepoint: 9930 ns, Total: 54655 ns
[2025-05-20T08:55:44.499+0000][74][info ][safepoint   ] Safepoint "Cleanup", Time since last: 4762441379 ns, Reaching safepoint: 31667 ns, Cleanup: 16563 ns, At safepoint: 16016 ns, Total: 64246 ns
[2025-05-20T08:55:54.499+0000][74][info ][safepoint   ] Safepoint "Cleanup", Time since last: 10001776932 ns, Reaching safepoint: 27523 ns, Cleanup: 17386 ns, At safepoint: 10658 ns, Total: 55567 ns
[2025-05-20T08:55:58.500+0000][74][info ][safepoint   ] Safepoint "Cleanup", Time since last: 4001185759 ns, Reaching safepoint: 27896 ns, Cleanup: 16127 ns, At safepoint: 11324 ns, Total: 55347 ns
[2025-05-20T08:55:59.501+0000][74][info ][safepoint   ] Safepoint "Cleanup", Time since last: 1000518995 ns, Reaching safepoint: 18899 ns, Cleanup: 17108 ns, At safepoint: 8868 ns, Total: 44875 ns
[2025-05-20T08:56:00.503+0000][74][info ][safepoint   ] Safepoint "Cleanup", Time since last: 1002136275 ns, Reaching safepoint: 35271 ns, Cleanup: 16384 ns, At safepoint: 18255 ns, Total: 69910 ns
[2025-05-20T08:56:09.505+0000][74][info ][safepoint   ] Safepoint "Cleanup", Time since last: 9001668583 ns, Reaching safepoint: 43364 ns, Cleanup: 25526 ns, At safepoint: 11393 ns, Total: 80283 ns
[2025-05-20T08:56:10.969+0000][74][info ][safepoint   ] Safepoint "Cleanup", Time since last: 1464154612 ns, Reaching safepoint: 27811 ns, Cleanup: 13537 ns, At safepoint: 10004 ns, Total: 51352 ns
[2025-05-20T08:56:12.751+0000][74][info ][safepoint   ] Safepoint "Cleanup", Time since last: 1782595874 ns, Reaching safepoint: 10934 ns, Cleanup: 25987 ns, At safepoint: 17723 ns, Total: 54644 ns
[2025-05-20T08:56:13.787+0000][74][info ][safepoint   ] Safepoint "Cleanup", Time since last: 1035819001 ns, Reaching safepoint: 12662 ns, Cleanup: 35110 ns, At safepoint: 21394 ns, Total: 69166 ns
[2025-05-20T08:56:14.789+0000][74][info ][safepoint   ] Safepoint "Cleanup", Time since last: 1003511979 ns, Reaching safepoint: 27481 ns, Cleanup: 19225 ns, At safepoint: 10997 ns, Total: 57703 ns
[2025-05-20T08:56:17.790+0000][74][info ][safepoint   ] Safepoint "Cleanup", Time since last: 3001334082 ns, Reaching safepoint: 31606 ns, Cleanup: 19301 ns, At safepoint: 12307 ns, Total: 63214 ns
[2025-05-20T08:56:19.791+0000][74][info ][safepoint   ] Safepoint "Cleanup", Time since last: 2000766906 ns, Reaching safepoint: 19102 ns, Cleanup: 15183 ns, At safepoint: 8756 ns, Total: 43041 ns
[2025-05-20T08:56:24.792+0000][74][info ][safepoint   ] Safepoint "Cleanup", Time since last: 5001215749 ns, Reaching safepoint: 25654 ns, Cleanup: 17833 ns, At safepoint: 43523 ns, Total: 87010 ns
[2025-05-20T08:56:26.793+0000][74][info ][safepoint   ] Safepoint "Cleanup", Time since last: 2000677817 ns, Reaching safepoint: 34303 ns, Cleanup: 15430 ns, At safepoint: 87352 ns, Total: 137085 ns
[2025-05-20T08:56:27.794+0000][74][info ][safepoint   ] Safepoint "Cleanup", Time since last: 1000577680 ns, Reaching safepoint: 29334 ns, Cleanup: 21075 ns, At safepoint: 14365 ns, Total: 64774 ns
[2025-05-20T08:56:28.794+0000][74][info ][safepoint   ] Safepoint "Cleanup", Time since last: 1000568742 ns, Reaching safepoint: 46693 ns, Cleanup: 14225 ns, At safepoint: 9355 ns, Total: 70273 ns
[2025-05-20T08:56:29.795+0000][74][info ][safepoint   ] Safepoint "Cleanup", Time since last: 1000597439 ns, Reaching safepoint: 19473 ns, Cleanup: 19451 ns, At safepoint: 8736 ns, Total: 47660 ns
[2025-05-20T08:56:34.796+0000][74][info ][safepoint   ] Safepoint "Cleanup", Time since last: 5001081684 ns, Reaching safepoint: 25236 ns, Cleanup: 17084 ns, At safepoint: 9850 ns, Total: 52170 ns
[2025-05-20T08:56:35.797+0000][74][info ][safepoint   ] Safepoint "Cleanup", Time since last: 1000521884 ns, Reaching safepoint: 18862 ns, Cleanup: 13494 ns, At safepoint: 7912 ns, Total: 40268 ns
[2025-05-20T08:56:42.798+0000][74][info ][safepoint   ] Safepoint "Cleanup", Time since last: 7001314063 ns, Reaching safepoint: 23058 ns, Cleanup: 12315 ns, At safepoint: 8724 ns, Total: 44097 ns
[2025-05-20T08:56:44.797+0000][74][info ][safepoint   ] Safepoint "Cleanup", Time since last: 2001681966 ns, Reaching safepoint: 52239 ns, Cleanup: 81025 ns, At safepoint: 14721 ns, Total: 147985 ns
[2025-05-20T08:56:45.797+0000][74][info ][safepoint   ] Safepoint "Cleanup", Time since last: 1000525290 ns, Reaching safepoint: 26599 ns, Cleanup: 18504 ns, At safepoint: 11187 ns, Total: 56290 ns
[2025-05-20T08:56:50.799+0000][74][info ][safepoint   ] Safepoint "Cleanup", Time since last: 5001197749 ns, Reaching safepoint: 29377 ns, Cleanup: 16310 ns, At safepoint: 12015 ns, Total: 57702 ns
[2025-05-20T08:56:59.801+0000][74][info ][safepoint   ] Safepoint "Cleanup", Time since last: 9002144541 ns, Reaching safepoint: 43726 ns, Cleanup: 12274 ns, At safepoint: 8207 ns, Total: 64207 ns
[2025-05-20T08:57:01.802+0000][74][info ][safepoint   ] Safepoint "Cleanup", Time since last: 2000795955 ns, Reaching safepoint: 29605 ns, Cleanup: 14730 ns, At safepoint: 13718 ns, Total: 58053 ns
[2025-05-20T08:57:02.802+0000][74][info ][safepoint   ] Safepoint "Cleanup", Time since last: 1000629534 ns, Reaching safepoint: 31353 ns, Cleanup: 15335 ns, At safepoint: 15242 ns, Total: 61930 ns
[2025-05-20T08:57:05.803+0000][74][info ][safepoint   ] Safepoint "Cleanup", Time since last: 3001041331 ns, Reaching safepoint: 28994 ns, Cleanup: 16999 ns, At safepoint: 15029 ns, Total: 61022 ns
[2025-05-20T08:57:08.804+0000][74][info ][safepoint   ] Safepoint "Cleanup", Time since last: 3000938390 ns, Reaching safepoint: 27276 ns, Cleanup: 15488 ns, At safepoint: 11353 ns, Total: 54117 ns
[2025-05-20T08:57:09.805+0000][74][info ][safepoint   ] Safepoint "Cleanup", Time since last: 1000589551 ns, Reaching safepoint: 28943 ns, Cleanup: 16830 ns, At safepoint: 13148 ns, Total: 58921 ns
[2025-05-20T08:57:13.003+0000][74][info ][safepoint   ] Safepoint "Cleanup", Time since last: 3197764387 ns, Reaching safepoint: 29292 ns, Cleanup: 14522 ns, At safepoint: 11710 ns, Total: 55524 ns
[2025-05-20T08:57:14.795+0000][74][info ][safepoint   ] Safepoint "Cleanup", Time since last: 1794557058 ns, Reaching safepoint: 119683 ns, Cleanup: 15683 ns, At safepoint: 44812 ns, Total: 180178 ns
[2025-05-20T08:57:15.806+0000][74][info ][safepoint   ] Safepoint "Cleanup", Time since last: 1010758244 ns, Reaching safepoint: 6427 ns, Cleanup: 10366 ns, At safepoint: 24460 ns, Total: 41253 ns
[2025-05-20T08:57:16.817+0000][74][info ][safepoint   ] Safepoint "Cleanup", Time since last: 1010460136 ns, Reaching safepoint: 25637 ns, Cleanup: 24439 ns, At safepoint: 11434 ns, Total: 61510 ns
[2025-05-20T08:57:17.821+0000][74][info ][safepoint   ] Safepoint "Cleanup", Time since last: 1003807462 ns, Reaching safepoint: 21906 ns, Cleanup: 14700 ns, At safepoint: 10416 ns, Total: 47022 ns
[2025-05-20T08:57:19.823+0000][74][info ][safepoint   ] Safepoint "Cleanup", Time since last: 2002387623 ns, Reaching safepoint: 17505 ns, Cleanup: 11443 ns, At safepoint: 7790 ns, Total: 36738 ns
[2025-05-20T08:57:22.824+0000][74][info ][safepoint   ] Safepoint "Cleanup", Time since last: 3000786667 ns, Reaching safepoint: 19745 ns, Cleanup: 12406 ns, At safepoint: 8677 ns, Total: 40828 ns
[2025-05-20T08:57:23.824+0000][74][info ][safepoint   ] Safepoint "Cleanup", Time since last: 1000477924 ns, Reaching safepoint: 21153 ns, Cleanup: 12790 ns, At safepoint: 7924 ns, Total: 41867 ns
[2025-05-20T08:57:26.825+0000][74][info ][safepoint   ] Safepoint "Cleanup", Time since last: 3000784436 ns, Reaching safepoint: 26689 ns, Cleanup: 13938 ns, At safepoint: 11148 ns, Total: 51775 ns
[2025-05-20T08:57:29.840+0000][74][info ][safepoint   ] Safepoint "Cleanup", Time since last: 3014914263 ns, Reaching safepoint: 61418 ns, Cleanup: 33047 ns, At safepoint: 10617 ns, Total: 105082 ns
[2025-05-20T08:57:32.844+0000][74][info ][safepoint   ] Safepoint "Cleanup", Time since last: 3003896236 ns, Reaching safepoint: 18996 ns, Cleanup: 15267 ns, At safepoint: 8420 ns, Total: 42683 ns
[2025-05-20T08:57:33.845+0000][74][info ][safepoint   ] Safepoint "Cleanup", Time since last: 1000510623 ns, Reaching safepoint: 30730 ns, Cleanup: 18379 ns, At safepoint: 12419 ns, Total: 61528 ns
[2025-05-20T08:57:34.847+0000][74][info ][safepoint   ] Safepoint "Cleanup", Time since last: 1002375432 ns, Reaching safepoint: 27081 ns, Cleanup: 17541 ns, At safepoint: 11114 ns, Total: 55736 ns
[2025-05-20T08:57:35.849+0000][74][info ][safepoint   ] Safepoint "Cleanup", Time since last: 1001530823 ns, Reaching safepoint: 19731 ns, Cleanup: 13650 ns, At safepoint: 9540 ns, Total: 42921 ns
[2025-05-20T08:57:43.850+0000][74][info ][safepoint   ] Safepoint "Cleanup", Time since last: 8001543241 ns, Reaching safepoint: 27992 ns, Cleanup: 17369 ns, At safepoint: 10615 ns, Total: 55976 ns
[2025-05-20T08:57:45.847+0000][74][info ][safepoint   ] Safepoint "Cleanup", Time since last: 2000922720 ns, Reaching safepoint: 76607 ns, Cleanup: 16184 ns, At safepoint: 33053 ns, Total: 125844 ns
[2025-05-20T08:57:49.848+0000][74][info ][safepoint   ] Safepoint "Cleanup", Time since last: 4000986049 ns, Reaching safepoint: 31524 ns, Cleanup: 19033 ns, At safepoint: 15854 ns, Total: 66411 ns
[2025-05-20T08:57:56.850+0000][74][info ][safepoint   ] Safepoint "Cleanup", Time since last: 7001463610 ns, Reaching safepoint: 25698 ns, Cleanup: 15014 ns, At safepoint: 10809 ns, Total: 51521 ns
[2025-05-20T08:57:57.850+0000][74][info ][safepoint   ] Safepoint "Cleanup", Time since last: 1000656427 ns, Reaching safepoint: 31735 ns, Cleanup: 15718 ns, At safepoint: 17570 ns, Total: 65023 ns
[2025-05-20T08:57:59.851+0000][74][info ][safepoint   ] Safepoint "Cleanup", Time since last: 2000807993 ns, Reaching safepoint: 24305 ns, Cleanup: 15776 ns, At safepoint: 10564 ns, Total: 50645 ns
[2025-05-20T08:58:01.852+0000][74][info ][safepoint   ] Safepoint "Cleanup", Time since last: 2000702945 ns, Reaching safepoint: 43121 ns, Cleanup: 14489 ns, At safepoint: 10621 ns, Total: 68231 ns
[2025-05-20T08:58:03.853+0000][74][info ][safepoint   ] Safepoint "Cleanup", Time since last: 2000964393 ns, Reaching safepoint: 26319 ns, Cleanup: 14742 ns, At safepoint: 11842 ns, Total: 52903 ns
[2025-05-20T08:58:08.890+0000][74][info ][safepoint   ] Safepoint "Cleanup", Time since last: 5036764085 ns, Reaching safepoint: 31071 ns, Cleanup: 17829 ns, At safepoint: 16147 ns, Total: 65047 ns
[2025-05-20T08:58:09.891+0000][74][info ][safepoint   ] Safepoint "Cleanup", Time since last: 1000801793 ns, Reaching safepoint: 34569 ns, Cleanup: 15957 ns, At safepoint: 16201 ns, Total: 66727 ns
[2025-05-20T08:58:16.031+0000][74][info ][safepoint   ] Safepoint "Cleanup", Time since last: 6140446272 ns, Reaching safepoint: 105140 ns, Cleanup: 29338 ns, At safepoint: 19131 ns, Total: 153609 ns
[2025-05-20T08:58:17.786+0000][74][info ][safepoint   ] Safepoint "Cleanup", Time since last: 1754879459 ns, Reaching safepoint: 6738 ns, Cleanup: 9429 ns, At safepoint: 13583 ns, Total: 29750 ns
[2025-05-20T08:58:18.816+0000][74][info ][safepoint   ] Safepoint "Cleanup", Time since last: 1030545095 ns, Reaching safepoint: 31749 ns, Cleanup: 20460 ns, At safepoint: 16057 ns, Total: 68266 ns
[2025-05-20T08:58:19.875+0000][74][info ][safepoint   ] Safepoint "Cleanup", Time since last: 1058231673 ns, Reaching safepoint: 19620 ns, Cleanup: 13760 ns, At safepoint: 8502 ns, Total: 41882 ns
[2025-05-20T08:58:29.877+0000][74][info ][safepoint   ] Safepoint "Cleanup", Time since last: 10002433070 ns, Reaching safepoint: 21223 ns, Cleanup: 39765 ns, At safepoint: 9017 ns, Total: 70005 ns
[2025-05-20T08:58:43.880+0000][74][info ][safepoint   ] Safepoint "Cleanup", Time since last: 14002648335 ns, Reaching safepoint: 82499 ns, Cleanup: 15867 ns, At safepoint: 18522 ns, Total: 116888 ns
[2025-05-20T08:58:50.879+0000][74][info ][safepoint   ] Safepoint "Cleanup", Time since last: 7001485771 ns, Reaching safepoint: 68272 ns, Cleanup: 22397 ns, At safepoint: 15954 ns, Total: 106623 ns
[2025-05-20T08:58:52.880+0000][74][info ][safepoint   ] Safepoint "Cleanup", Time since last: 2000697604 ns, Reaching safepoint: 20236 ns, Cleanup: 12751 ns, At safepoint: 8612 ns, Total: 41599 ns
[2025-05-20T08:58:53.880+0000][74][info ][safepoint   ] Safepoint "Cleanup", Time since last: 1000475326 ns, Reaching safepoint: 19295 ns, Cleanup: 12691 ns, At safepoint: 8682 ns, Total: 40668 ns
[2025-05-20T08:58:58.881+0000][74][info ][safepoint   ] Safepoint "Cleanup", Time since last: 5001116355 ns, Reaching safepoint: 26056 ns, Cleanup: 15548 ns, At safepoint: 9944 ns, Total: 51548 ns
[2025-05-20T08:58:59.883+0000][74][info ][safepoint   ] Safepoint "Cleanup", Time since last: 1001099781 ns, Reaching safepoint: 32575 ns, Cleanup: 23761 ns, At safepoint: 15999 ns, Total: 72335 ns
[2025-05-20T08:59:02.884+0000][74][info ][safepoint   ] Safepoint "Cleanup", Time since last: 3000925793 ns, Reaching safepoint: 66196 ns, Cleanup: 16502 ns, At safepoint: 15676 ns, Total: 98374 ns
[2025-05-20T08:59:03.885+0000][74][info ][safepoint   ] Safepoint "Cleanup", Time since last: 1001006304 ns, Reaching safepoint: 31247 ns, Cleanup: 14216 ns, At safepoint: 15063 ns, Total: 60526 ns
[2025-05-20T08:59:08.886+0000][74][info ][safepoint   ] Safepoint "Cleanup", Time since last: 5001263164 ns, Reaching safepoint: 31779 ns, Cleanup: 14873 ns, At safepoint: 16496 ns, Total: 63148 ns
[2025-05-20T08:59:14.067+0000][74][info ][safepoint   ] Safepoint "Cleanup", Time since last: 5181110849 ns, Reaching safepoint: 18868 ns, Cleanup: 14473 ns, At safepoint: 8601 ns, Total: 41942 ns
[2025-05-20T08:59:16.065+0000][74][info ][safepoint   ] Safepoint "Cleanup", Time since last: 2000731232 ns, Reaching safepoint: 27183 ns, Cleanup: 14611 ns, At safepoint: 12264 ns, Total: 54058 ns
[2025-05-20T08:59:18.068+0000][74][info ][safepoint   ] Safepoint "Cleanup", Time since last: 2002929511 ns, Reaching safepoint: 57960 ns, Cleanup: 15615 ns, At safepoint: 11249 ns, Total: 84824 ns
[2025-05-20T08:59:19.070+0000][74][info ][safepoint   ] Safepoint "Cleanup", Time since last: 1001940377 ns, Reaching safepoint: 28283 ns, Cleanup: 19579 ns, At safepoint: 13709 ns, Total: 61571 ns
[2025-05-20T08:59:20.791+0000][74][info ][safepoint   ] Safepoint "Cleanup", Time since last: 1720613011 ns, Reaching safepoint: 13325 ns, Cleanup: 61969 ns, At safepoint: 23817 ns, Total: 99111 ns
[2025-05-20T08:59:21.828+0000][74][info ][safepoint   ] Safepoint "Cleanup", Time since last: 1037445828 ns, Reaching safepoint: 34560 ns, Cleanup: 19364 ns, At safepoint: 17440 ns, Total: 71364 ns
[2025-05-20T08:59:22.913+0000][74][info ][safepoint   ] Safepoint "Cleanup", Time since last: 1084217950 ns, Reaching safepoint: 65931 ns, Cleanup: 31960 ns, At safepoint: 19142 ns, Total: 117033 ns
[2025-05-20T08:59:23.913+0000][74][info ][safepoint   ] Safepoint "Cleanup", Time since last: 1000673143 ns, Reaching safepoint: 60415 ns, Cleanup: 16566 ns, At safepoint: 14136 ns, Total: 91117 ns
[2025-05-20T08:59:24.914+0000][74][info ][safepoint   ] Safepoint "Cleanup", Time since last: 1000546850 ns, Reaching safepoint: 22305 ns, Cleanup: 13391 ns, At safepoint: 7634 ns, Total: 43330 ns
[2025-05-20T08:59:26.915+0000][74][info ][safepoint   ] Safepoint "Cleanup", Time since last: 2000742167 ns, Reaching safepoint: 31241 ns, Cleanup: 17100 ns, At safepoint: 16566 ns, Total: 64907 ns
[2025-05-20T08:59:29.916+0000][74][info ][safepoint   ] Safepoint "Cleanup", Time since last: 3000868928 ns, Reaching safepoint: 22579 ns, Cleanup: 24045 ns, At safepoint: 9206 ns, Total: 55830 ns
[2025-05-20T08:59:38.919+0000][74][info ][safepoint   ] Safepoint "Cleanup", Time since last: 9003268661 ns, Reaching safepoint: 49694 ns, Cleanup: 15011 ns, At safepoint: 9067 ns, Total: 73772 ns
[2025-05-20T08:59:49.919+0000][74][info ][safepoint   ] Safepoint "Cleanup", Time since last: 11002620441 ns, Reaching safepoint: 65675 ns, Cleanup: 13852 ns, At safepoint: 15470 ns, Total: 94997 ns
[2025-05-20T08:59:50.919+0000][74][info ][safepoint   ] Safepoint "Cleanup", Time since last: 1000598439 ns, Reaching safepoint: 18909 ns, Cleanup: 13806 ns, At safepoint: 7889 ns, Total: 40604 ns
[2025-05-20T08:59:56.921+0000][74][info ][safepoint   ] Safepoint "Cleanup", Time since last: 6001421936 ns, Reaching safepoint: 104625 ns, Cleanup: 11812 ns, At safepoint: 38399 ns, Total: 154836 ns
[2025-05-20T08:59:58.922+0000][74][info ][safepoint   ] Safepoint "Cleanup", Time since last: 2000760978 ns, Reaching safepoint: 25690 ns, Cleanup: 23937 ns, At safepoint: 11012 ns, Total: 60639 ns
[2025-05-20T08:59:59.923+0000][74][info ][safepoint   ] Safepoint "Cleanup", Time since last: 1001434045 ns, Reaching safepoint: 27211 ns, Cleanup: 18332 ns, At safepoint: 10747 ns, Total: 56290 ns
[2025-05-20T09:00:04.924+0000][74][info ][safepoint   ] Safepoint "Cleanup", Time since last: 5001170397 ns, Reaching safepoint: 22485 ns, Cleanup: 14722 ns, At safepoint: 8425 ns, Total: 45632 ns
[2025-05-20T09:00:05.928+0000][74][info ][safepoint   ] Safepoint "Cleanup", Time since last: 1003285745 ns, Reaching safepoint: 18506 ns, Cleanup: 11611 ns, At safepoint: 7913 ns, Total: 38030 ns
[2025-05-20T09:00:21.097+0000][74][info ][safepoint   ] Safepoint "Cleanup", Time since last: 15171169923 ns, Reaching safepoint: 60415 ns, Cleanup: 16325 ns, At safepoint: 9996 ns, Total: 86736 ns
[2025-05-20T09:00:23.784+0000][74][info ][safepoint   ] Safepoint "Cleanup", Time since last: 2687208269 ns, Reaching safepoint: 9005 ns, Cleanup: 10700 ns, At safepoint: 42998 ns, Total: 62703 ns
[2025-05-20T09:00:24.950+0000][74][info ][safepoint   ] Safepoint "Cleanup", Time since last: 1166321349 ns, Reaching safepoint: 26238 ns, Cleanup: 21320 ns, At safepoint: 10130 ns, Total: 57688 ns
[2025-05-20T09:00:25.964+0000][74][info ][safepoint   ] Safepoint "Cleanup", Time since last: 1013386557 ns, Reaching safepoint: 32337 ns, Cleanup: 18723 ns, At safepoint: 16051 ns, Total: 67111 ns
[2025-05-20T09:00:29.965+0000][74][info ][safepoint   ] Safepoint "Cleanup", Time since last: 4001115418 ns, Reaching safepoint: 35906 ns, Cleanup: 32404 ns, At safepoint: 17818 ns, Total: 86128 ns
[2025-05-20T09:00:34.966+0000][74][info ][safepoint   ] Safepoint "Cleanup", Time since last: 5001250040 ns, Reaching safepoint: 27626 ns, Cleanup: 16220 ns, At safepoint: 11815 ns, Total: 55661 ns
[2025-05-20T09:00:35.967+0000][74][info ][safepoint   ] Safepoint "Cleanup", Time since last: 1001057661 ns, Reaching safepoint: 25625 ns, Cleanup: 15353 ns, At safepoint: 12525 ns, Total: 53503 ns
[2025-05-20T09:00:38.797+0000][74][info ][safepoint   ] Safepoint "Cleanup", Time since last: 2830122052 ns, Reaching safepoint: 14591 ns, Cleanup: 8535 ns, At safepoint: 16727 ns, Total: 39853 ns
[2025-05-20T09:00:39.989+0000][74][info ][safepoint   ] Safepoint "Cleanup", Time since last: 1191052596 ns, Reaching safepoint: 30562 ns, Cleanup: 22409 ns, At safepoint: 10165 ns, Total: 63136 ns
[2025-05-20T09:00:41.005+0000][74][info ][safepoint   ] Safepoint "Cleanup", Time since last: 1016212460 ns, Reaching safepoint: 31539 ns, Cleanup: 19934 ns, At safepoint: 12984 ns, Total: 64457 ns
[2025-05-20T09:00:44.034+0000][74][info ][safepoint   ] Safepoint "Cleanup", Time since last: 3028662917 ns, Reaching safepoint: 22207 ns, Cleanup: 15059 ns, At safepoint: 31800 ns, Total: 69066 ns
[2025-05-20T09:00:49.033+0000][74][info ][safepoint   ] Safepoint "Cleanup", Time since last: 5002181064 ns, Reaching safepoint: 38392 ns, Cleanup: 16558 ns, At safepoint: 78509 ns, Total: 133459 ns
[2025-05-20T09:01:09.037+0000][74][info ][safepoint   ] Safepoint "Cleanup", Time since last: 20003287743 ns, Reaching safepoint: 105030 ns, Cleanup: 17456 ns, At safepoint: 12287 ns, Total: 134773 ns
[2025-05-20T09:01:10.127+0000][74][info ][safepoint   ] Safepoint "Cleanup", Time since last: 1090038809 ns, Reaching safepoint: 10167 ns, Cleanup: 21762 ns, At safepoint: 20526 ns, Total: 52455 ns
[2025-05-20T09:01:12.128+0000][74][info ][safepoint   ] Safepoint "Cleanup", Time since last: 2000990051 ns, Reaching safepoint: 34201 ns, Cleanup: 18411 ns, At safepoint: 18725 ns, Total: 71337 ns
[2025-05-20T09:01:26.792+0000][74][info ][safepoint   ] Safepoint "Cleanup", Time since last: 14665696968 ns, Reaching safepoint: 14738 ns, Cleanup: 11162 ns, At safepoint: 20527 ns, Total: 46427 ns
[2025-05-20T09:01:28.075+0000][74][info ][safepoint   ] Safepoint "Cleanup", Time since last: 1283415347 ns, Reaching safepoint: 34679 ns, Cleanup: 24102 ns, At safepoint: 19346 ns, Total: 78127 ns
[2025-05-20T09:01:29.076+0000][74][info ][safepoint   ] Safepoint "Cleanup", Time since last: 1000636279 ns, Reaching safepoint: 33759 ns, Cleanup: 156235 ns, At safepoint: 83542 ns, Total: 273536 ns
[2025-05-20T09:01:44.079+0000][74][info ][safepoint   ] Safepoint "Cleanup", Time since last: 15002451263 ns, Reaching safepoint: 47777 ns, Cleanup: 13487 ns, At safepoint: 8712 ns, Total: 69976 ns
[2025-05-20T09:02:04.080+0000][74][info ][safepoint   ] Safepoint "Cleanup", Time since last: 20003407494 ns, Reaching safepoint: 86314 ns, Cleanup: 15829 ns, At safepoint: 41880 ns, Total: 144023 ns
[2025-05-20T09:02:09.094+0000][74][info ][safepoint   ] Safepoint "Cleanup", Time since last: 5014309695 ns, Reaching safepoint: 78174 ns, Cleanup: 14992 ns, At safepoint: 9720 ns, Total: 102886 ns
[2025-05-20T09:02:15.159+0000][74][info ][safepoint   ] Safepoint "Cleanup", Time since last: 6067174558 ns, Reaching safepoint: 85768 ns, Cleanup: 19934 ns, At safepoint: 12930 ns, Total: 118632 ns
[2025-05-20T09:02:17.168+0000][74][info ][safepoint   ] Safepoint "Cleanup", Time since last: 2008458080 ns, Reaching safepoint: 96852 ns, Cleanup: 16138 ns, At safepoint: 13182 ns, Total: 126172 ns
[2025-05-20T09:02:18.171+0000][74][info ][safepoint   ] Safepoint "Cleanup", Time since last: 1003137813 ns, Reaching safepoint: 33853 ns, Cleanup: 23829 ns, At safepoint: 20320 ns, Total: 78002 ns
[2025-05-20T09:02:25.172+0000][74][info ][safepoint   ] Safepoint "Cleanup", Time since last: 7001428746 ns, Reaching safepoint: 46831 ns, Cleanup: 16765 ns, At safepoint: 9558 ns, Total: 73154 ns
[2025-05-20T09:02:28.173+0000][74][info ][safepoint   ] Safepoint "Cleanup", Time since last: 3001017201 ns, Reaching safepoint: 33418 ns, Cleanup: 16069 ns, At safepoint: 17282 ns, Total: 66769 ns
[2025-05-20T09:02:29.174+0000][74][info ][safepoint   ] Safepoint "Cleanup", Time since last: 1000774077 ns, Reaching safepoint: 34495 ns, Cleanup: 26066 ns, At safepoint: 19309 ns, Total: 79870 ns
[2025-05-20T09:02:31.122+0000][74][info ][safepoint   ] Safepoint "Cleanup", Time since last: 1947702475 ns, Reaching safepoint: 36012 ns, Cleanup: 48496 ns, At safepoint: 18533 ns, Total: 103041 ns
[2025-05-20T09:02:32.123+0000][74][info ][safepoint   ] Safepoint "Cleanup", Time since last: 1001200939 ns, Reaching safepoint: 31133 ns, Cleanup: 17331 ns, At safepoint: 17094 ns, Total: 65558 ns
[2025-05-20T09:02:34.124+0000][74][info ][safepoint   ] Safepoint "Cleanup", Time since last: 2000740261 ns, Reaching safepoint: 26119 ns, Cleanup: 13911 ns, At safepoint: 9551 ns, Total: 49581 ns
[2025-05-20T09:02:36.135+0000][74][info ][safepoint   ] Safepoint "Cleanup", Time since last: 2010901566 ns, Reaching safepoint: 34092 ns, Cleanup: 18024 ns, At safepoint: 15298 ns, Total: 67414 ns
[2025-05-20T09:02:57.137+0000][74][info ][safepoint   ] Safepoint "Cleanup", Time since last: 21004020391 ns, Reaching safepoint: 66027 ns, Cleanup: 15511 ns, At safepoint: 14224 ns, Total: 95762 ns
[2025-05-20T09:02:59.138+0000][74][info ][safepoint   ] Safepoint "Cleanup", Time since last: 2000979080 ns, Reaching safepoint: 32359 ns, Cleanup: 19625 ns, At safepoint: 16687 ns, Total: 68671 ns
[2025-05-20T09:03:08.140+0000][74][info ][safepoint   ] Safepoint "Cleanup", Time since last: 9001948515 ns, Reaching safepoint: 79640 ns, Cleanup: 17129 ns, At safepoint: 12002 ns, Total: 108771 ns
[2025-05-20T09:03:28.194+0000][74][info ][safepoint   ] Safepoint "Cleanup", Time since last: 20056506176 ns, Reaching safepoint: 76180 ns, Cleanup: 13837 ns, At safepoint: 9626 ns, Total: 99643 ns
[2025-05-20T09:03:29.195+0000][74][info ][safepoint   ] Safepoint "Cleanup", Time since last: 1000832166 ns, Reaching safepoint: 19365 ns, Cleanup: 14840 ns, At safepoint: 8471 ns, Total: 42676 ns
[2025-05-20T09:03:30.196+0000][74][info ][safepoint   ] Safepoint "Cleanup", Time since last: 1000667611 ns, Reaching safepoint: 18577 ns, Cleanup: 11663 ns, At safepoint: 9160 ns, Total: 39400 ns
[2025-05-20T09:03:32.793+0000][74][info ][safepoint   ] Safepoint "Cleanup", Time since last: 2596677157 ns, Reaching safepoint: 13998 ns, Cleanup: 12847 ns, At safepoint: 32158 ns, Total: 59003 ns
[2025-05-20T09:03:34.169+0000][74][info ][safepoint   ] Safepoint "Cleanup", Time since last: 1376214762 ns, Reaching safepoint: 30857 ns, Cleanup: 28760 ns, At safepoint: 16284 ns, Total: 75901 ns
[2025-05-20T09:03:54.170+0000][74][info ][safepoint   ] Safepoint "Cleanup", Time since last: 20003258297 ns, Reaching safepoint: 46398 ns, Cleanup: 15367 ns, At safepoint: 42050 ns, Total: 103815 ns
[2025-05-20T09:04:03.172+0000][74][info ][safepoint   ] Safepoint "Cleanup", Time since last: 9001917744 ns, Reaching safepoint: 132152 ns, Cleanup: 16727 ns, At safepoint: 19986 ns, Total: 168865 ns
[2025-05-20T09:04:18.222+0000][74][info ][safepoint   ] Safepoint "Cleanup", Time since last: 15052866591 ns, Reaching safepoint: 33831 ns, Cleanup: 12617 ns, At safepoint: 8871 ns, Total: 55319 ns
[2025-05-20T09:04:29.224+0000][74][info ][safepoint   ] Safepoint "Cleanup", Time since last: 11002179689 ns, Reaching safepoint: 85929 ns, Cleanup: 17197 ns, At safepoint: 12955 ns, Total: 116081 ns
[2025-05-20T09:04:32.225+0000][74][info ][safepoint   ] Safepoint "Cleanup", Time since last: 3000947905 ns, Reaching safepoint: 29729 ns, Cleanup: 16926 ns, At safepoint: 11356 ns, Total: 58011 ns
[2025-05-20T09:04:33.226+0000][74][info ][safepoint   ] Safepoint "Cleanup", Time since last: 1000618785 ns, Reaching safepoint: 27443 ns, Cleanup: 16724 ns, At safepoint: 10886 ns, Total: 55053 ns
[2025-05-20T09:04:36.186+0000][74][info ][safepoint   ] Safepoint "Cleanup", Time since last: 2960103366 ns, Reaching safepoint: 14094 ns, Cleanup: 24023 ns, At safepoint: 18181 ns, Total: 56298 ns
[2025-05-20T09:04:37.208+0000][74][info ][safepoint   ] Safepoint "Cleanup", Time since last: 1021436545 ns, Reaching safepoint: 19183 ns, Cleanup: 14049 ns, At safepoint: 9849 ns, Total: 43081 ns
[2025-05-20T09:04:38.208+0000][74][info ][safepoint   ] Safepoint "Cleanup", Time since last: 1000639915 ns, Reaching safepoint: 31365 ns, Cleanup: 16461 ns, At safepoint: 15673 ns, Total: 63499 ns
[2025-05-20T09:04:39.209+0000][74][info ][safepoint   ] Safepoint "Cleanup", Time since last: 1000609112 ns, Reaching safepoint: 25190 ns, Cleanup: 15370 ns, At safepoint: 10540 ns, Total: 51100 ns
[2025-05-20T09:04:43.220+0000][74][info ][safepoint   ] Safepoint "Cleanup", Time since last: 4011157436 ns, Reaching safepoint: 20301 ns, Cleanup: 14924 ns, At safepoint: 10508 ns, Total: 45733 ns
[2025-05-20T09:04:58.221+0000][74][info ][safepoint   ] Safepoint "Cleanup", Time since last: 15002730186 ns, Reaching safepoint: 26831 ns, Cleanup: 15984 ns, At safepoint: 10004 ns, Total: 52819 ns
[2025-05-20T09:04:59.222+0000][74][info ][safepoint   ] Safepoint "Cleanup", Time since last: 1000593957 ns, Reaching safepoint: 22409 ns, Cleanup: 15919 ns, At safepoint: 11307 ns, Total: 49635 ns
[2025-05-20T09:05:03.223+0000][74][info ][safepoint   ] Safepoint "Cleanup", Time since last: 4001196400 ns, Reaching safepoint: 30482 ns, Cleanup: 17720 ns, At safepoint: 16846 ns, Total: 65048 ns
[2025-05-20T09:05:04.224+0000][74][info ][safepoint   ] Safepoint "Cleanup", Time since last: 1000752715 ns, Reaching safepoint: 30546 ns, Cleanup: 16154 ns, At safepoint: 15007 ns, Total: 61707 ns
[2025-05-20T09:05:24.255+0000][74][info ][safepoint   ] Safepoint "Cleanup", Time since last: 20033368149 ns, Reaching safepoint: 37206 ns, Cleanup: 22900 ns, At safepoint: 18195 ns, Total: 78301 ns
[2025-05-20T09:05:28.256+0000][74][info ][safepoint   ] Safepoint "Cleanup", Time since last: 4001369115 ns, Reaching safepoint: 55534 ns, Cleanup: 14411 ns, At safepoint: 19098 ns, Total: 89043 ns
[2025-05-20T09:05:29.257+0000][74][info ][safepoint   ] Safepoint "Cleanup", Time since last: 1000629905 ns, Reaching safepoint: 31795 ns, Cleanup: 25983 ns, At safepoint: 16968 ns, Total: 74746 ns
[2025-05-20T09:05:30.258+0000][74][info ][safepoint   ] Safepoint "Cleanup", Time since last: 1000692490 ns, Reaching safepoint: 26796 ns, Cleanup: 15548 ns, At safepoint: 11506 ns, Total: 53850 ns
[2025-05-20T09:05:36.259+0000][74][info ][safepoint   ] Safepoint "Cleanup", Time since last: 6001333594 ns, Reaching safepoint: 28706 ns, Cleanup: 14523 ns, At safepoint: 9688 ns, Total: 52917 ns
[2025-05-20T09:05:38.797+0000][74][info ][safepoint   ] Safepoint "Cleanup", Time since last: 2537541243 ns, Reaching safepoint: 26729 ns, Cleanup: 17939 ns, At safepoint: 67970 ns, Total: 112638 ns
[2025-05-20T09:05:40.264+0000][74][info ][safepoint   ] Safepoint "Cleanup", Time since last: 1467394966 ns, Reaching safepoint: 20388 ns, Cleanup: 34201 ns, At safepoint: 9547 ns, Total: 64136 ns
[2025-05-20T09:05:42.270+0000][74][info ][safepoint   ] Safepoint "Cleanup", Time since last: 2006195683 ns, Reaching safepoint: 13089 ns, Cleanup: 19641 ns, At safepoint: 4993 ns, Total: 37723 ns
[2025-05-20T09:05:43.286+0000][74][info ][safepoint   ] Safepoint "Cleanup", Time since last: 1015105958 ns, Reaching safepoint: 26079 ns, Cleanup: 16989 ns, At safepoint: 12050 ns, Total: 55118 ns
[2025-05-20T09:05:44.294+0000][74][info ][safepoint   ] Safepoint "Cleanup", Time since last: 1008341936 ns, Reaching safepoint: 26765 ns, Cleanup: 17001 ns, At safepoint: 10639 ns, Total: 54405 ns
[2025-05-20T09:05:45.318+0000][74][info ][safepoint   ] Safepoint "Cleanup", Time since last: 1026933765 ns, Reaching safepoint: 30543 ns, Cleanup: 142784 ns, At safepoint: 33781 ns, Total: 207108 ns
[2025-05-20T09:05:46.319+0000][74][info ][safepoint   ] Safepoint "Cleanup", Time since last: 1000813408 ns, Reaching safepoint: 26328 ns, Cleanup: 11920 ns, At safepoint: 28016 ns, Total: 66264 ns
[2025-05-20T09:05:58.321+0000][74][info ][safepoint   ] Safepoint "Cleanup", Time since last: 12002162353 ns, Reaching safepoint: 33544 ns, Cleanup: 15139 ns, At safepoint: 17763 ns, Total: 66446 ns
[2025-05-20T09:05:59.322+0000][74][info ][safepoint   ] Safepoint "Cleanup", Time since last: 1000660053 ns, Reaching safepoint: 33200 ns, Cleanup: 16070 ns, At safepoint: 16830 ns, Total: 66100 ns
[2025-05-20T09:06:00.323+0000][74][info ][safepoint   ] Safepoint "Cleanup", Time since last: 1000635326 ns, Reaching safepoint: 19933 ns, Cleanup: 13384 ns, At safepoint: 9248 ns, Total: 42565 ns
[2025-05-20T09:06:09.101+0000][74][info ][safepoint   ] Safepoint "Cleanup", Time since last: 8777901213 ns, Reaching safepoint: 7003 ns, Cleanup: 14989 ns, At safepoint: 13502 ns, Total: 35494 ns
[2025-05-20T09:06:10.283+0000][74][info ][safepoint   ] Safepoint "Cleanup", Time since last: 1181689291 ns, Reaching safepoint: 9079 ns, Cleanup: 15264 ns, At safepoint: 18481 ns, Total: 42824 ns
[2025-05-20T09:06:12.285+0000][74][info ][safepoint   ] Safepoint "Cleanup", Time since last: 2002765388 ns, Reaching safepoint: 33088 ns, Cleanup: 16009 ns, At safepoint: 15737 ns, Total: 64834 ns
[2025-05-20T09:06:13.286+0000][74][info ][safepoint   ] Safepoint "Cleanup", Time since last: 1000806584 ns, Reaching safepoint: 25779 ns, Cleanup: 14500 ns, At safepoint: 9673 ns, Total: 49952 ns
[2025-05-20T09:06:15.283+0000][74][info ][safepoint   ] Safepoint "Cleanup", Time since last: 2000769289 ns, Reaching safepoint: 26174 ns, Cleanup: 15616 ns, At safepoint: 9207 ns, Total: 50997 ns
[2025-05-20T09:06:19.284+0000][74][info ][safepoint   ] Safepoint "Cleanup", Time since last: 4000933378 ns, Reaching safepoint: 26403 ns, Cleanup: 16015 ns, At safepoint: 9771 ns, Total: 52189 ns
[2025-05-20T09:06:30.287+0000][74][info ][safepoint   ] Safepoint "Cleanup", Time since last: 11002194116 ns, Reaching safepoint: 61461 ns, Cleanup: 14952 ns, At safepoint: 11177 ns, Total: 87590 ns
[2025-05-20T09:06:39.292+0000][74][info ][safepoint   ] Safepoint "Cleanup", Time since last: 9005080589 ns, Reaching safepoint: 30722 ns, Cleanup: 14324 ns, At safepoint: 15442 ns, Total: 60488 ns
[2025-05-20T09:06:41.789+0000][74][info ][safepoint   ] Safepoint "Cleanup", Time since last: 2496466323 ns, Reaching safepoint: 522232 ns, Cleanup: 13863 ns, At safepoint: 127339 ns, Total: 663434 ns
[2025-05-20T09:06:43.377+0000][74][info ][safepoint   ] Safepoint "Cleanup", Time since last: 1588274119 ns, Reaching safepoint: 17748 ns, Cleanup: 78558 ns, At safepoint: 71608 ns, Total: 167914 ns
[2025-05-20T09:06:44.383+0000][74][info ][safepoint   ] Safepoint "Cleanup", Time since last: 1005118058 ns, Reaching safepoint: 35717 ns, Cleanup: 29099 ns, At safepoint: 21402 ns, Total: 86218 ns
[2025-05-20T09:06:49.381+0000][74][info ][safepoint   ] Safepoint "Cleanup", Time since last: 5001222693 ns, Reaching safepoint: 20004 ns, Cleanup: 12934 ns, At safepoint: 8526 ns, Total: 41464 ns
[2025-05-20T09:06:50.383+0000][74][info ][safepoint   ] Safepoint "Cleanup", Time since last: 1001960060 ns, Reaching safepoint: 32176 ns, Cleanup: 16282 ns, At safepoint: 84046 ns, Total: 132504 ns
[2025-05-20T09:06:51.384+0000][74][info ][safepoint   ] Safepoint "Cleanup", Time since last: 1000707819 ns, Reaching safepoint: 32608 ns, Cleanup: 16016 ns, At safepoint: 16454 ns, Total: 65078 ns
[2025-05-20T09:06:59.386+0000][74][info ][safepoint   ] Safepoint "Cleanup", Time since last: 8001740851 ns, Reaching safepoint: 71485 ns, Cleanup: 14305 ns, At safepoint: 16351 ns, Total: 102141 ns
[2025-05-20T09:07:19.314+0000][74][info ][safepoint   ] Safepoint "Cleanup", Time since last: 19930672106 ns, Reaching safepoint: 23879 ns, Cleanup: 13542 ns, At safepoint: 8468 ns, Total: 45889 ns
[2025-05-20T09:07:24.315+0000][74][info ][safepoint   ] Safepoint "Cleanup", Time since last: 5001408731 ns, Reaching safepoint: 35685 ns, Cleanup: 98904 ns, At safepoint: 18640 ns, Total: 153229 ns
[2025-05-20T09:07:44.797+0000][74][info ][safepoint   ] Safepoint "Cleanup", Time since last: 20483882761 ns, Reaching safepoint: 11865 ns, Cleanup: 20340 ns, At safepoint: 4945 ns, Total: 37150 ns
[2025-05-20T09:07:46.406+0000][74][info ][safepoint   ] Safepoint "Cleanup", Time since last: 1609235083 ns, Reaching safepoint: 27747 ns, Cleanup: 19837 ns, At safepoint: 10776 ns, Total: 58360 ns
[2025-05-20T09:07:49.407+0000][74][info ][safepoint   ] Safepoint "Cleanup", Time since last: 3001139676 ns, Reaching safepoint: 31855 ns, Cleanup: 24373 ns, At safepoint: 16742 ns, Total: 72970 ns
[2025-05-20T09:07:54.408+0000][74][info ][safepoint   ] Safepoint "Cleanup", Time since last: 5001155369 ns, Reaching safepoint: 26983 ns, Cleanup: 13915 ns, At safepoint: 11028 ns, Total: 51926 ns
[2025-05-20T09:07:58.410+0000][74][info ][safepoint   ] Safepoint "Cleanup", Time since last: 4001228144 ns, Reaching safepoint: 34879 ns, Cleanup: 24782 ns, At safepoint: 16700 ns, Total: 76361 ns
[2025-05-20T09:08:07.412+0000][74][info ][safepoint   ] Safepoint "Cleanup", Time since last: 9001691749 ns, Reaching safepoint: 60910 ns, Cleanup: 16876 ns, At safepoint: 11913 ns, Total: 89699 ns
[2025-05-20T09:08:12.344+0000][74][info ][safepoint   ] Safepoint "Cleanup", Time since last: 4932785152 ns, Reaching safepoint: 121040 ns, Cleanup: 19904 ns, At safepoint: 17379 ns, Total: 158323 ns
[2025-05-20T09:08:29.345+0000][74][info ][safepoint   ] Safepoint "Cleanup", Time since last: 17003549590 ns, Reaching safepoint: 161338 ns, Cleanup: 16498 ns, At safepoint: 20616 ns, Total: 198452 ns
[2025-05-20T09:08:30.346+0000][74][info ][safepoint   ] Safepoint "Cleanup", Time since last: 1000680707 ns, Reaching safepoint: 55401 ns, Cleanup: 11332 ns, At safepoint: 8887 ns, Total: 75620 ns
[2025-05-20T09:08:45.346+0000][74][info ][safepoint   ] Safepoint "Cleanup", Time since last: 15003316957 ns, Reaching safepoint: 31419 ns, Cleanup: 15571 ns, At safepoint: 12778 ns, Total: 59768 ns
[2025-05-20T09:08:47.794+0000][74][info ][safepoint   ] Safepoint "Cleanup", Time since last: 2447501028 ns, Reaching safepoint: 7245 ns, Cleanup: 14691 ns, At safepoint: 14224 ns, Total: 36160 ns
[2025-05-20T09:08:49.450+0000][74][info ][safepoint   ] Safepoint "Cleanup", Time since last: 1655975639 ns, Reaching safepoint: 31786 ns, Cleanup: 26384 ns, At safepoint: 12093 ns, Total: 70263 ns
[2025-05-20T09:08:54.452+0000][74][info ][safepoint   ] Safepoint "Cleanup", Time since last: 5001765260 ns, Reaching safepoint: 30766 ns, Cleanup: 15203 ns, At safepoint: 16102 ns, Total: 62071 ns
[2025-05-20T09:09:00.453+0000][74][info ][safepoint   ] Safepoint "Cleanup", Time since last: 6001580788 ns, Reaching safepoint: 30795 ns, Cleanup: 15640 ns, At safepoint: 15352 ns, Total: 61787 ns
[2025-05-20T09:09:03.454+0000][74][info ][safepoint   ] Safepoint "Cleanup", Time since last: 3000943232 ns, Reaching safepoint: 60657 ns, Cleanup: 15326 ns, At safepoint: 15364 ns, Total: 91347 ns
[2025-05-20T09:09:06.457+0000][74][info ][safepoint   ] Safepoint "Cleanup", Time since last: 3002178477 ns, Reaching safepoint: 25452 ns, Cleanup: 15471 ns, At safepoint: 10161 ns, Total: 51084 ns
[2025-05-20T09:09:21.376+0000][74][info ][safepoint   ] Safepoint "Cleanup", Time since last: 14922193439 ns, Reaching safepoint: 26737 ns, Cleanup: 15063 ns, At safepoint: 11011 ns, Total: 52811 ns
[2025-05-20T09:09:28.378+0000][74][info ][safepoint   ] Safepoint "Cleanup", Time since last: 7001538531 ns, Reaching safepoint: 88330 ns, Cleanup: 17605 ns, At safepoint: 13026 ns, Total: 118961 ns
[2025-05-20T09:09:29.379+0000][74][info ][safepoint   ] Safepoint "Cleanup", Time since last: 1000734476 ns, Reaching safepoint: 30961 ns, Cleanup: 18696 ns, At safepoint: 16392 ns, Total: 66049 ns
[2025-05-20T09:09:34.381+0000][74][info ][safepoint   ] Safepoint "Cleanup", Time since last: 5001611241 ns, Reaching safepoint: 43085 ns, Cleanup: 139641 ns, At safepoint: 13395 ns, Total: 196121 ns
[2025-05-20T09:09:45.380+0000][74][info ][safepoint   ] Safepoint "Cleanup", Time since last: 11001906962 ns, Reaching safepoint: 37345 ns, Cleanup: 16762 ns, At safepoint: 12092 ns, Total: 66199 ns
[2025-05-20T09:09:49.383+0000][74][info ][safepoint   ] Safepoint "Cleanup", Time since last: 4002535208 ns, Reaching safepoint: 22651 ns, Cleanup: 12636 ns, At safepoint: 9225 ns, Total: 44512 ns
[2025-05-20T09:09:51.467+0000][74][info ][safepoint   ] Safepoint "Cleanup", Time since last: 2083991465 ns, Reaching safepoint: 17181 ns, Cleanup: 13033 ns, At safepoint: 122324 ns, Total: 152538 ns
[2025-05-20T09:09:52.492+0000][74][info ][safepoint   ] Safepoint "Cleanup", Time since last: 1025545333 ns, Reaching safepoint: 33437 ns, Cleanup: 16870 ns, At safepoint: 18428 ns, Total: 68735 ns
[2025-05-20T09:09:58.494+0000][74][info ][safepoint   ] Safepoint "Cleanup", Time since last: 6001342739 ns, Reaching safepoint: 19844 ns, Cleanup: 18301 ns, At safepoint: 8944 ns, Total: 47089 ns
[2025-05-20T09:09:59.494+0000][74][info ][safepoint   ] Safepoint "Cleanup", Time since last: 1000645642 ns, Reaching safepoint: 24706 ns, Cleanup: 14697 ns, At safepoint: 9511 ns, Total: 48914 ns
[2025-05-20T09:10:06.496+0000][74][info ][safepoint   ] Safepoint "Cleanup", Time since last: 7001452508 ns, Reaching safepoint: 57583 ns, Cleanup: 14563 ns, At safepoint: 10758 ns, Total: 82904 ns
[2025-05-20T09:10:29.405+0000][74][info ][safepoint   ] Safepoint "Cleanup", Time since last: 22912595122 ns, Reaching safepoint: 45067 ns, Cleanup: 21536 ns, At safepoint: 15786 ns, Total: 82389 ns
[2025-05-20T09:10:38.835+0000][74][info ][safepoint   ] Safepoint "Cleanup", Time since last: 9429786598 ns, Reaching safepoint: 128569 ns, Cleanup: 12551 ns, At safepoint: 70827 ns, Total: 211947 ns
[2025-05-20T09:10:40.514+0000][74][info ][safepoint   ] Safepoint "Cleanup", Time since last: 1679147699 ns, Reaching safepoint: 32026 ns, Cleanup: 21292 ns, At safepoint: 16836 ns, Total: 70154 ns
[2025-05-20T09:10:42.515+0000][74][info ][safepoint   ] Safepoint "Cleanup", Time since last: 2000785592 ns, Reaching safepoint: 34192 ns, Cleanup: 20839 ns, At safepoint: 18483 ns, Total: 73514 ns
[2025-05-20T09:10:44.802+0000][74][info ][safepoint   ] Safepoint "Cleanup", Time since last: 2288039644 ns, Reaching safepoint: 7881 ns, Cleanup: 9519 ns, At safepoint: 4551 ns, Total: 21951 ns
[2025-05-20T09:10:46.542+0000][74][info ][safepoint   ] Safepoint "Cleanup", Time since last: 1739994010 ns, Reaching safepoint: 30488 ns, Cleanup: 21641 ns, At safepoint: 16224 ns, Total: 68353 ns
[2025-05-20T09:10:51.570+0000][74][info ][safepoint   ] Safepoint "Cleanup", Time since last: 5028483900 ns, Reaching safepoint: 20760 ns, Cleanup: 12731 ns, At safepoint: 8770 ns, Total: 42261 ns
[2025-05-20T09:10:53.795+0000][74][info ][safepoint   ] Safepoint "Cleanup", Time since last: 2225016206 ns, Reaching safepoint: 5577 ns, Cleanup: 7108 ns, At safepoint: 2984 ns, Total: 15669 ns
[2025-05-20T09:10:55.601+0000][74][info ][safepoint   ] Safepoint "Cleanup", Time since last: 1806076079 ns, Reaching safepoint: 22710 ns, Cleanup: 21290 ns, At safepoint: 9826 ns, Total: 53826 ns
[2025-05-20T09:10:59.603+0000][74][info ][safepoint   ] Safepoint "Cleanup", Time since last: 4001270916 ns, Reaching safepoint: 26713 ns, Cleanup: 20168 ns, At safepoint: 10950 ns, Total: 57831 ns
[2025-05-20T09:11:03.614+0000][74][info ][safepoint   ] Safepoint "Cleanup", Time since last: 4011499742 ns, Reaching safepoint: 26438 ns, Cleanup: 14987 ns, At safepoint: 11675 ns, Total: 53100 ns
[2025-05-20T09:11:04.615+0000][74][info ][safepoint   ] Safepoint "Cleanup", Time since last: 1000653531 ns, Reaching safepoint: 98550 ns, Cleanup: 23022 ns, At safepoint: 12160 ns, Total: 133732 ns
[2025-05-20T09:11:09.108+0000][74][info ][safepoint   ] Safepoint "Cleanup", Time since last: 4493193426 ns, Reaching safepoint: 17367 ns, Cleanup: 10755 ns, At safepoint: 20172 ns, Total: 48294 ns
[2025-05-20T09:11:10.115+0000][74][info ][safepoint   ] Safepoint "Cleanup", Time since last: 1006234986 ns, Reaching safepoint: 11687 ns, Cleanup: 9443 ns, At safepoint: 18325 ns, Total: 39455 ns
[2025-05-20T09:11:11.436+0000][74][info ][safepoint   ] Safepoint "Cleanup", Time since last: 1321726238 ns, Reaching safepoint: 79666 ns, Cleanup: 15287 ns, At safepoint: 11894 ns, Total: 106847 ns
[2025-05-20T09:11:13.437+0000][74][info ][safepoint   ] Safepoint "Cleanup", Time since last: 2000584354 ns, Reaching safepoint: 23113 ns, Cleanup: 14739 ns, At safepoint: 11002 ns, Total: 48854 ns
[2025-05-20T09:11:15.435+0000][74][info ][safepoint   ] Safepoint "Cleanup", Time since last: 2000705329 ns, Reaching safepoint: 24714 ns, Cleanup: 15252 ns, At safepoint: 10392 ns, Total: 50358 ns
[2025-05-20T09:11:21.437+0000][74][info ][safepoint   ] Safepoint "Cleanup", Time since last: 6001657504 ns, Reaching safepoint: 27074 ns, Cleanup: 16321 ns, At safepoint: 10348 ns, Total: 53743 ns
[2025-05-20T09:11:29.438+0000][74][info ][safepoint   ] Safepoint "Cleanup", Time since last: 8001519600 ns, Reaching safepoint: 28790 ns, Cleanup: 15823 ns, At safepoint: 9983 ns, Total: 54596 ns
[2025-05-20T09:11:34.439+0000][74][info ][safepoint   ] Safepoint "Cleanup", Time since last: 5001069022 ns, Reaching safepoint: 48825 ns, Cleanup: 14252 ns, At safepoint: 11371 ns, Total: 74448 ns
[2025-05-20T09:11:44.441+0000][74][info ][safepoint   ] Safepoint "Cleanup", Time since last: 10001882374 ns, Reaching safepoint: 27815 ns, Cleanup: 16142 ns, At safepoint: 11952 ns, Total: 55909 ns
[2025-05-20T09:11:49.439+0000][74][info ][safepoint   ] Safepoint "Cleanup", Time since last: 5001172117 ns, Reaching safepoint: 17933 ns, Cleanup: 11893 ns, At safepoint: 7966 ns, Total: 37792 ns
[2025-05-20T09:11:55.441+0000][74][info ][safepoint   ] Safepoint "Cleanup", Time since last: 6001370479 ns, Reaching safepoint: 27985 ns, Cleanup: 15549 ns, At safepoint: 12483 ns, Total: 56017 ns
[2025-05-20T09:11:56.876+0000][74][info ][safepoint   ] Safepoint "Cleanup", Time since last: 1434912056 ns, Reaching safepoint: 13218 ns, Cleanup: 28774 ns, At safepoint: 22438 ns, Total: 64430 ns
[2025-05-20T09:11:58.649+0000][74][info ][safepoint   ] Safepoint "Cleanup", Time since last: 1773214502 ns, Reaching safepoint: 18797 ns, Cleanup: 26130 ns, At safepoint: 8278 ns, Total: 53205 ns
[2025-05-20T09:11:59.650+0000][74][info ][safepoint   ] Safepoint "Cleanup", Time since last: 1000612936 ns, Reaching safepoint: 33858 ns, Cleanup: 15945 ns, At safepoint: 86206 ns, Total: 136009 ns
[2025-05-20T09:12:06.651+0000][74][info ][safepoint   ] Safepoint "Cleanup", Time since last: 7001350599 ns, Reaching safepoint: 126378 ns, Cleanup: 15911 ns, At safepoint: 13449 ns, Total: 155738 ns
[2025-05-20T09:12:14.463+0000][74][info ][safepoint   ] Safepoint "Cleanup", Time since last: 7811183942 ns, Reaching safepoint: 32362 ns, Cleanup: 15064 ns, At safepoint: 16015 ns, Total: 63441 ns
[2025-05-20T09:12:18.461+0000][74][info ][safepoint   ] Safepoint "Cleanup", Time since last: 4001193275 ns, Reaching safepoint: 75947 ns, Cleanup: 17512 ns, At safepoint: 11316 ns, Total: 104775 ns
[2025-05-20T09:12:29.463+0000][74][info ][safepoint   ] Safepoint "Cleanup", Time since last: 11002380260 ns, Reaching safepoint: 30593 ns, Cleanup: 18117 ns, At safepoint: 12075 ns, Total: 60785 ns
[2025-05-20T09:12:30.470+0000][74][info ][safepoint   ] Safepoint "Cleanup", Time since last: 1007077973 ns, Reaching safepoint: 30400 ns, Cleanup: 16711 ns, At safepoint: 10091 ns, Total: 57202 ns
[2025-05-20T09:12:33.472+0000][74][info ][safepoint   ] Safepoint "Cleanup", Time since last: 3001151880 ns, Reaching safepoint: 33379 ns, Cleanup: 19991 ns, At safepoint: 15795 ns, Total: 69165 ns
[2025-05-20T09:12:34.472+0000][74][info ][safepoint   ] Safepoint "Cleanup", Time since last: 1000617235 ns, Reaching safepoint: 18344 ns, Cleanup: 12733 ns, At safepoint: 8605 ns, Total: 39682 ns
[2025-05-20T09:12:45.472+0000][74][info ][safepoint   ] Safepoint "Cleanup", Time since last: 11002261626 ns, Reaching safepoint: 74057 ns, Cleanup: 13901 ns, At safepoint: 15853 ns, Total: 103811 ns
[2025-05-20T09:12:59.475+0000][74][info ][safepoint   ] Safepoint "Cleanup", Time since last: 14002784476 ns, Reaching safepoint: 70553 ns, Cleanup: 12867 ns, At safepoint: 9703 ns, Total: 93123 ns
[2025-05-20T09:13:00.673+0000][74][info ][safepoint   ] Safepoint "Cleanup", Time since last: 1197606715 ns, Reaching safepoint: 91139 ns, Cleanup: 16866 ns, At safepoint: 13954 ns, Total: 121959 ns
[2025-05-20T09:13:01.691+0000][74][info ][safepoint   ] Safepoint "Cleanup", Time since last: 1018573710 ns, Reaching safepoint: 31937 ns, Cleanup: 15773 ns, At safepoint: 15974 ns, Total: 63684 ns
[2025-05-20T09:13:09.693+0000][74][info ][safepoint   ] Safepoint "Cleanup", Time since last: 8001758057 ns, Reaching safepoint: 60247 ns, Cleanup: 15781 ns, At safepoint: 12715 ns, Total: 88743 ns
[2025-05-20T09:13:24.493+0000][74][info ][safepoint   ] Safepoint "Cleanup", Time since last: 14801788575 ns, Reaching safepoint: 28368 ns, Cleanup: 28490 ns, At safepoint: 32040 ns, Total: 88898 ns
[2025-05-20T09:13:30.494+0000][74][info ][safepoint   ] Safepoint "Cleanup", Time since last: 6001288948 ns, Reaching safepoint: 27907 ns, Cleanup: 15495 ns, At safepoint: 10263 ns, Total: 53665 ns
[2025-05-20T09:13:48.494+0000][74][info ][safepoint   ] Safepoint "Cleanup", Time since last: 18003064138 ns, Reaching safepoint: 65760 ns, Cleanup: 18033 ns, At safepoint: 11661 ns, Total: 95454 ns
[2025-05-20T09:13:49.496+0000][74][info ][safepoint   ] Safepoint "Cleanup", Time since last: 1001695986 ns, Reaching safepoint: 31549 ns, Cleanup: 16171 ns, At safepoint: 14987 ns, Total: 62707 ns
[2025-05-20T09:13:54.497+0000][74][info ][safepoint   ] Safepoint "Cleanup", Time since last: 5001096228 ns, Reaching safepoint: 25700 ns, Cleanup: 14613 ns, At safepoint: 11415 ns, Total: 51728 ns
[2025-05-20T09:13:59.498+0000][74][info ][safepoint   ] Safepoint "Cleanup", Time since last: 5001195670 ns, Reaching safepoint: 27683 ns, Cleanup: 21166 ns, At safepoint: 11679 ns, Total: 60528 ns
[2025-05-20T09:14:00.499+0000][74][info ][safepoint   ] Safepoint "Cleanup", Time since last: 1000611771 ns, Reaching safepoint: 18106 ns, Cleanup: 14241 ns, At safepoint: 8343 ns, Total: 40690 ns
[2025-05-20T09:14:02.810+0000][74][info ][safepoint   ] Safepoint "Cleanup", Time since last: 2310653870 ns, Reaching safepoint: 11225 ns, Cleanup: 6991 ns, At safepoint: 4426 ns, Total: 22642 ns
[2025-05-20T09:14:04.731+0000][74][info ][safepoint   ] Safepoint "Cleanup", Time since last: 1921177325 ns, Reaching safepoint: 24977 ns, Cleanup: 29120 ns, At safepoint: 11534 ns, Total: 65631 ns
[2025-05-20T09:14:08.732+0000][74][info ][safepoint   ] Safepoint "Cleanup", Time since last: 4001133502 ns, Reaching safepoint: 63432 ns, Cleanup: 16221 ns, At safepoint: 16579 ns, Total: 96232 ns
[2025-05-20T09:14:19.518+0000][74][info ][safepoint   ] Safepoint "Cleanup", Time since last: 10789222716 ns, Reaching safepoint: 18361 ns, Cleanup: 12717 ns, At safepoint: 9603 ns, Total: 40681 ns
[2025-05-20T09:14:44.523+0000][74][info ][safepoint   ] Safepoint "Cleanup", Time since last: 25004171000 ns, Reaching safepoint: 82953 ns, Cleanup: 15493 ns, At safepoint: 10622 ns, Total: 109068 ns
[2025-05-20T09:14:51.522+0000][74][info ][safepoint   ] Safepoint "Cleanup", Time since last: 7001569956 ns, Reaching safepoint: 30205 ns, Cleanup: 15632 ns, At safepoint: 15149 ns, Total: 60986 ns
[2025-05-20T09:14:52.523+0000][74][info ][safepoint   ] Safepoint "Cleanup", Time since last: 1000914407 ns, Reaching safepoint: 30589 ns, Cleanup: 19981 ns, At safepoint: 16412 ns, Total: 66982 ns
[2025-05-20T09:14:54.524+0000][74][info ][safepoint   ] Safepoint "Cleanup", Time since last: 2000812489 ns, Reaching safepoint: 31676 ns, Cleanup: 18510 ns, At safepoint: 17979 ns, Total: 68165 ns
[2025-05-20T09:15:00.526+0000][74][info ][safepoint   ] Safepoint "Cleanup", Time since last: 6001589067 ns, Reaching safepoint: 29796 ns, Cleanup: 16065 ns, At safepoint: 11600 ns, Total: 57461 ns
[2025-05-20T09:15:04.528+0000][74][info ][safepoint   ] Safepoint "Cleanup", Time since last: 4002137584 ns, Reaching safepoint: 27099 ns, Cleanup: 14670 ns, At safepoint: 9522 ns, Total: 51291 ns
[2025-05-20T09:15:05.804+0000][74][info ][safepoint   ] Safepoint "Cleanup", Time since last: 1276103761 ns, Reaching safepoint: 7095 ns, Cleanup: 13161 ns, At safepoint: 25305 ns, Total: 45561 ns
[2025-05-20T09:15:07.772+0000][74][info ][safepoint   ] Safepoint "Cleanup", Time since last: 1968179761 ns, Reaching safepoint: 28655 ns, Cleanup: 17300 ns, At safepoint: 10889 ns, Total: 56844 ns
[2025-05-20T09:15:33.551+0000][74][info ][safepoint   ] Safepoint "Cleanup", Time since last: 25781466309 ns, Reaching safepoint: 28589 ns, Cleanup: 17066 ns, At safepoint: 12279 ns, Total: 57934 ns
[2025-05-20T09:15:39.552+0000][74][info ][safepoint   ] Safepoint "Cleanup", Time since last: 6001787160 ns, Reaching safepoint: 30748 ns, Cleanup: 15150 ns, At safepoint: 14979 ns, Total: 60877 ns
[2025-05-20T09:15:44.554+0000][74][info ][safepoint   ] Safepoint "Cleanup", Time since last: 5001207514 ns, Reaching safepoint: 60461 ns, Cleanup: 15997 ns, At safepoint: 12135 ns, Total: 88593 ns
[2025-05-20T09:15:45.552+0000][74][info ][safepoint   ] Safepoint "Cleanup", Time since last: 1000618911 ns, Reaching safepoint: 34080 ns, Cleanup: 15270 ns, At safepoint: 15344 ns, Total: 64694 ns
[2025-05-20T09:15:48.786+0000][74][info ][safepoint   ] Safepoint "Cleanup", Time since last: 3233613345 ns, Reaching safepoint: 163225 ns, Cleanup: 10226 ns, At safepoint: 42990 ns, Total: 216441 ns
[2025-05-20T09:15:49.796+0000][74][info ][safepoint   ] Safepoint "Cleanup", Time since last: 1010137453 ns, Reaching safepoint: 20464 ns, Cleanup: 14647 ns, At safepoint: 33425 ns, Total: 68536 ns
[2025-05-20T09:15:56.826+0000][74][info ][safepoint   ] Safepoint "Cleanup", Time since last: 7030403353 ns, Reaching safepoint: 25469 ns, Cleanup: 15083 ns, At safepoint: 10101 ns, Total: 50653 ns
[2025-05-20T09:15:58.827+0000][74][info ][safepoint   ] Safepoint "Cleanup", Time since last: 2000931443 ns, Reaching safepoint: 35010 ns, Cleanup: 24278 ns, At safepoint: 18092 ns, Total: 77380 ns
[2025-05-20T09:16:08.824+0000][74][info ][safepoint   ] Safepoint "Cleanup", Time since last: 9995642605 ns, Reaching safepoint: 468855 ns, Cleanup: 16233 ns, At safepoint: 77244 ns, Total: 562332 ns
[2025-05-20T09:16:09.837+0000][74][info ][safepoint   ] Safepoint "Cleanup", Time since last: 1013007474 ns, Reaching safepoint: 16602 ns, Cleanup: 35334 ns, At safepoint: 71066 ns, Total: 123002 ns
[2025-05-20T09:16:10.866+0000][74][info ][safepoint   ] Safepoint "Cleanup", Time since last: 1029313040 ns, Reaching safepoint: 14473 ns, Cleanup: 16997 ns, At safepoint: 18824 ns, Total: 50294 ns
[2025-05-20T09:16:11.872+0000][74][info ][safepoint   ] Safepoint "Cleanup", Time since last: 1005422418 ns, Reaching safepoint: 18504 ns, Cleanup: 9307 ns, At safepoint: 31077 ns, Total: 58888 ns
[2025-05-20T09:16:19.871+0000][74][info ][safepoint   ] Safepoint "Cleanup", Time since last: 8002002693 ns, Reaching safepoint: 118891 ns, Cleanup: 17608 ns, At safepoint: 22632 ns, Total: 159131 ns
[2025-05-20T09:16:24.873+0000][74][info ][safepoint   ] Safepoint "Cleanup", Time since last: 5001714343 ns, Reaching safepoint: 31993 ns, Cleanup: 19966 ns, At safepoint: 16760 ns, Total: 68719 ns
[2025-05-20T09:16:29.874+0000][74][info ][safepoint   ] Safepoint "Cleanup", Time since last: 5001483434 ns, Reaching safepoint: 23684 ns, Cleanup: 20069 ns, At safepoint: 12621 ns, Total: 56374 ns
[2025-05-20T09:16:39.877+0000][74][info ][safepoint   ] Safepoint "Cleanup", Time since last: 10002360039 ns, Reaching safepoint: 18052 ns, Cleanup: 13277 ns, At safepoint: 7507 ns, Total: 38836 ns
[2025-05-20T09:16:49.876+0000][74][info ][safepoint   ] Safepoint "Cleanup", Time since last: 10002314771 ns, Reaching safepoint: 151635 ns, Cleanup: 16750 ns, At safepoint: 16067 ns, Total: 184452 ns
[2025-05-20T09:16:53.878+0000][74][info ][safepoint   ] Safepoint "Cleanup", Time since last: 4001024377 ns, Reaching safepoint: 20682 ns, Cleanup: 18207 ns, At safepoint: 9941 ns, Total: 48830 ns
[2025-05-20T09:16:58.879+0000][74][info ][safepoint   ] Safepoint "Cleanup", Time since last: 5001378160 ns, Reaching safepoint: 54588 ns, Cleanup: 14519 ns, At safepoint: 11748 ns, Total: 80855 ns
[2025-05-20T09:16:59.880+0000][74][info ][safepoint   ] Safepoint "Cleanup", Time since last: 1000742208 ns, Reaching safepoint: 29787 ns, Cleanup: 16443 ns, At safepoint: 15854 ns, Total: 62084 ns
[2025-05-20T09:17:01.881+0000][74][info ][safepoint   ] Safepoint "Cleanup", Time since last: 2000851648 ns, Reaching safepoint: 114869 ns, Cleanup: 17369 ns, At safepoint: 17710 ns, Total: 149948 ns
[2025-05-20T09:17:11.815+0000][74][info ][safepoint   ] Safepoint "Cleanup", Time since last: 9933911987 ns, Reaching safepoint: 108827 ns, Cleanup: 10187 ns, At safepoint: 68791 ns, Total: 187805 ns
[2025-05-20T09:17:13.902+0000][74][info ][safepoint   ] Safepoint "Cleanup", Time since last: 2086707710 ns, Reaching safepoint: 70344 ns, Cleanup: 26458 ns, At safepoint: 19314 ns, Total: 116116 ns
[2025-05-20T09:17:26.902+0000][74][info ][safepoint   ] Safepoint "Cleanup", Time since last: 13002516741 ns, Reaching safepoint: 93153 ns, Cleanup: 22652 ns, At safepoint: 18932 ns, Total: 134737 ns
[2025-05-20T09:17:29.903+0000][74][info ][safepoint   ] Safepoint "Cleanup", Time since last: 3000982715 ns, Reaching safepoint: 72615 ns, Cleanup: 14566 ns, At safepoint: 17873 ns, Total: 105054 ns
[2025-05-20T09:17:58.906+0000][74][info ][safepoint   ] Safepoint "Cleanup", Time since last: 29005185657 ns, Reaching safepoint: 70933 ns, Cleanup: 23077 ns, At safepoint: 33174 ns, Total: 127184 ns
[2025-05-20T09:18:14.643+0000][74][info ][safepoint   ] Safepoint "Cleanup", Time since last: 15737336893 ns, Reaching safepoint: 54785 ns, Cleanup: 14320 ns, At safepoint: 12684 ns, Total: 81789 ns
[2025-05-20T09:18:15.950+0000][74][info ][safepoint   ] Safepoint "Cleanup", Time since last: 1310016644 ns, Reaching safepoint: 31370 ns, Cleanup: 27489 ns, At safepoint: 15727 ns, Total: 74586 ns
[2025-05-20T09:18:16.961+0000][74][info ][safepoint   ] Safepoint "Cleanup", Time since last: 1010150163 ns, Reaching safepoint: 80671 ns, Cleanup: 16962 ns, At safepoint: 18045 ns, Total: 115678 ns
[2025-05-20T09:18:22.963+0000][74][info ][safepoint   ] Safepoint "Cleanup", Time since last: 6002007828 ns, Reaching safepoint: 31358 ns, Cleanup: 14380 ns, At safepoint: 15130 ns, Total: 60868 ns
[2025-05-20T09:18:23.963+0000][74][info ][safepoint   ] Safepoint "Cleanup", Time since last: 1000732066 ns, Reaching safepoint: 32442 ns, Cleanup: 16143 ns, At safepoint: 16994 ns, Total: 65579 ns
[2025-05-20T09:18:28.965+0000][74][info ][safepoint   ] Safepoint "Cleanup", Time since last: 5001336552 ns, Reaching safepoint: 35259 ns, Cleanup: 29816 ns, At safepoint: 18602 ns, Total: 83677 ns
[2025-05-20T09:18:38.967+0000][74][info ][safepoint   ] Safepoint "Cleanup", Time since last: 10002318401 ns, Reaching safepoint: 44281 ns, Cleanup: 15929 ns, At safepoint: 16358 ns, Total: 76568 ns
[2025-05-20T09:18:44.967+0000][74][info ][safepoint   ] Safepoint "Cleanup", Time since last: 6001700798 ns, Reaching safepoint: 43184 ns, Cleanup: 12977 ns, At safepoint: 8398 ns, Total: 64559 ns
[2025-05-20T09:18:48.968+0000][74][info ][safepoint   ] Safepoint "Cleanup", Time since last: 4001544446 ns, Reaching safepoint: 28322 ns, Cleanup: 26983 ns, At safepoint: 83338 ns, Total: 138643 ns
[2025-05-20T09:18:49.969+0000][74][info ][safepoint   ] Safepoint "Cleanup", Time since last: 1000703684 ns, Reaching safepoint: 29391 ns, Cleanup: 19394 ns, At safepoint: 15795 ns, Total: 64580 ns
[2025-05-20T09:18:58.971+0000][74][info ][safepoint   ] Safepoint "Cleanup", Time since last: 9002194981 ns, Reaching safepoint: 27783 ns, Cleanup: 12183 ns, At safepoint: 70930 ns, Total: 110896 ns
[2025-05-20T09:19:03.973+0000][74][info ][safepoint   ] Safepoint "Cleanup", Time since last: 5001923202 ns, Reaching safepoint: 29994 ns, Cleanup: 16202 ns, At safepoint: 14963 ns, Total: 61159 ns
[2025-05-20T09:19:06.974+0000][74][info ][safepoint   ] Safepoint "Cleanup", Time since last: 3000947735 ns, Reaching safepoint: 31746 ns, Cleanup: 15799 ns, At safepoint: 16858 ns, Total: 64403 ns
[2025-05-20T09:19:15.675+0000][74][info ][safepoint   ] Safepoint "Cleanup", Time since last: 8703236350 ns, Reaching safepoint: 74297 ns, Cleanup: 24992 ns, At safepoint: 29928 ns, Total: 129217 ns
[2025-05-20T09:19:17.817+0000][74][info ][safepoint   ] Safepoint "Cleanup", Time since last: 2141249699 ns, Reaching safepoint: 10513 ns, Cleanup: 23201 ns, At safepoint: 16046 ns, Total: 49760 ns
[2025-05-20T09:19:19.012+0000][74][info ][safepoint   ] Safepoint "Cleanup", Time since last: 1194937006 ns, Reaching safepoint: 28218 ns, Cleanup: 18979 ns, At safepoint: 10443 ns, Total: 57640 ns
[2025-05-20T09:19:21.013+0000][74][info ][safepoint   ] Safepoint "Cleanup", Time since last: 2000729561 ns, Reaching safepoint: 23690 ns, Cleanup: 15638 ns, At safepoint: 10775 ns, Total: 50103 ns
[2025-05-20T09:19:29.014+0000][74][info ][safepoint   ] Safepoint "Cleanup", Time since last: 8001638755 ns, Reaching safepoint: 40544 ns, Cleanup: 25235 ns, At safepoint: 20462 ns, Total: 86241 ns
[2025-05-20T09:19:39.017+0000][74][info ][safepoint   ] Safepoint "Cleanup", Time since last: 10002223575 ns, Reaching safepoint: 33350 ns, Cleanup: 101255 ns, At safepoint: 20655 ns, Total: 155260 ns
[2025-05-20T09:19:45.015+0000][74][info ][safepoint   ] Safepoint "Cleanup", Time since last: 6001363454 ns, Reaching safepoint: 29202 ns, Cleanup: 16895 ns, At safepoint: 11807 ns, Total: 57904 ns
[2025-05-20T09:19:48.016+0000][74][info ][safepoint   ] Safepoint "Cleanup", Time since last: 3000927653 ns, Reaching safepoint: 50898 ns, Cleanup: 15340 ns, At safepoint: 11006 ns, Total: 77244 ns
[2025-05-20T09:19:51.017+0000][74][info ][safepoint   ] Safepoint "Cleanup", Time since last: 3001273240 ns, Reaching safepoint: 31506 ns, Cleanup: 15876 ns, At safepoint: 16227 ns, Total: 63609 ns
[2025-05-20T09:19:53.019+0000][74][info ][safepoint   ] Safepoint "Cleanup", Time since last: 2000892673 ns, Reaching safepoint: 113665 ns, Cleanup: 16905 ns, At safepoint: 47500 ns, Total: 178070 ns
[2025-05-20T09:19:59.023+0000][74][info ][safepoint   ] Safepoint "Cleanup", Time since last: 6004568975 ns, Reaching safepoint: 18145 ns, Cleanup: 12272 ns, At safepoint: 7963 ns, Total: 38380 ns
[2025-05-20T09:20:00.024+0000][74][info ][safepoint   ] Safepoint "Cleanup", Time since last: 1000578689 ns, Reaching safepoint: 34296 ns, Cleanup: 18385 ns, At safepoint: 17523 ns, Total: 70204 ns
[2025-05-20T09:20:18.705+0000][74][info ][safepoint   ] Safepoint "Cleanup", Time since last: 18683528163 ns, Reaching safepoint: 53983 ns, Cleanup: 14403 ns, At safepoint: 10664 ns, Total: 79050 ns
[2025-05-20T09:20:20.819+0000][74][info ][safepoint   ] Safepoint "Cleanup", Time since last: 2113826490 ns, Reaching safepoint: 5987 ns, Cleanup: 8348 ns, At safepoint: 13474 ns, Total: 27809 ns
[2025-05-20T09:20:22.047+0000][74][info ][safepoint   ] Safepoint "Cleanup", Time since last: 1227759456 ns, Reaching safepoint: 28255 ns, Cleanup: 23532 ns, At safepoint: 12208 ns, Total: 63995 ns
[2025-05-20T09:20:29.048+0000][74][info ][safepoint   ] Safepoint "Cleanup", Time since last: 7001499547 ns, Reaching safepoint: 35328 ns, Cleanup: 18568 ns, At safepoint: 18366 ns, Total: 72262 ns
[2025-05-20T09:20:33.049+0000][74][info ][safepoint   ] Safepoint "Cleanup", Time since last: 4001274014 ns, Reaching safepoint: 28540 ns, Cleanup: 15104 ns, At safepoint: 12667 ns, Total: 56311 ns
[2025-05-20T09:20:34.050+0000][74][info ][safepoint   ] Safepoint "Cleanup", Time since last: 1000717153 ns, Reaching safepoint: 31102 ns, Cleanup: 18042 ns, At safepoint: 48615 ns, Total: 97759 ns
[2025-05-20T09:20:49.052+0000][74][info ][safepoint   ] Safepoint "Cleanup", Time since last: 15004189957 ns, Reaching safepoint: 62174 ns, Cleanup: 15829 ns, At safepoint: 11741 ns, Total: 89744 ns
[2025-05-20T09:20:51.058+0000][74][info ][safepoint   ] Safepoint "Cleanup", Time since last: 2006443151 ns, Reaching safepoint: 238765 ns, Cleanup: 12411 ns, At safepoint: 62302 ns, Total: 313478 ns
[2025-05-20T09:20:52.075+0000][74][info ][safepoint   ] Safepoint "Cleanup", Time since last: 1016929307 ns, Reaching safepoint: 32544 ns, Cleanup: 15511 ns, At safepoint: 17972 ns, Total: 66027 ns
[2025-05-20T09:20:54.077+0000][74][info ][safepoint   ] Safepoint "Cleanup", Time since last: 2001057349 ns, Reaching safepoint: 19455 ns, Cleanup: 13970 ns, At safepoint: 8956 ns, Total: 42381 ns
[2025-05-20T09:21:23.847+0000][74][info ][safepoint   ] Safepoint "Cleanup", Time since last: 29771585175 ns, Reaching safepoint: 749195 ns, Cleanup: 17018 ns, At safepoint: 160842 ns, Total: 927055 ns
[2025-05-20T09:21:25.156+0000][74][info ][safepoint   ] Safepoint "Cleanup", Time since last: 1308341286 ns, Reaching safepoint: 15338 ns, Cleanup: 36347 ns, At safepoint: 100612 ns, Total: 152297 ns
[2025-05-20T09:21:29.160+0000][74][info ][safepoint   ] Safepoint "Cleanup", Time since last: 4004762714 ns, Reaching safepoint: 37373 ns, Cleanup: 17097 ns, At safepoint: 19284 ns, Total: 73754 ns
[2025-05-20T09:21:34.162+0000][74][info ][safepoint   ] Safepoint "Cleanup", Time since last: 5001842966 ns, Reaching safepoint: 132135 ns, Cleanup: 15076 ns, At safepoint: 30662 ns, Total: 177873 ns
[2025-05-20T09:21:49.163+0000][74][info ][safepoint   ] Safepoint "Cleanup", Time since last: 15003392833 ns, Reaching safepoint: 64288 ns, Cleanup: 14398 ns, At safepoint: 16679 ns, Total: 95365 ns
[2025-05-20T09:21:51.164+0000][74][info ][safepoint   ] Safepoint "Cleanup", Time since last: 2000971856 ns, Reaching safepoint: 34731 ns, Cleanup: 17267 ns, At safepoint: 17031 ns, Total: 69029 ns
[2025-05-20T09:21:54.166+0000][74][info ][safepoint   ] Safepoint "Cleanup", Time since last: 3001209666 ns, Reaching safepoint: 32350 ns, Cleanup: 15723 ns, At safepoint: 15676 ns, Total: 63749 ns
[2025-05-20T09:22:09.169+0000][74][info ][safepoint   ] Safepoint "Cleanup", Time since last: 15003500589 ns, Reaching safepoint: 137376 ns, Cleanup: 16923 ns, At safepoint: 18107 ns, Total: 172406 ns
[2025-05-20T09:22:24.775+0000][74][info ][safepoint   ] Safepoint "Cleanup", Time since last: 15607803611 ns, Reaching safepoint: 154212 ns, Cleanup: 23600 ns, At safepoint: 18075 ns, Total: 195887 ns
[2025-05-20T09:22:26.828+0000][74][info ][safepoint   ] Safepoint "Cleanup", Time since last: 2052846515 ns, Reaching safepoint: 205046 ns, Cleanup: 9191 ns, At safepoint: 50736 ns, Total: 264973 ns
[2025-05-20T09:22:28.192+0000][74][info ][safepoint   ] Safepoint "Cleanup", Time since last: 1363809013 ns, Reaching safepoint: 19555 ns, Cleanup: 22551 ns, At safepoint: 8224 ns, Total: 50330 ns
[2025-05-20T09:22:29.192+0000][74][info ][safepoint   ] Safepoint "Cleanup", Time since last: 1000669440 ns, Reaching safepoint: 20093 ns, Cleanup: 15909 ns, At safepoint: 10343 ns, Total: 46345 ns
[2025-05-20T09:22:30.193+0000][74][info ][safepoint   ] Safepoint "Cleanup", Time since last: 1000626343 ns, Reaching safepoint: 31717 ns, Cleanup: 16172 ns, At safepoint: 16747 ns, Total: 64636 ns
[2025-05-20T09:22:33.194+0000][74][info ][safepoint   ] Safepoint "Cleanup", Time since last: 3000989838 ns, Reaching safepoint: 35614 ns, Cleanup: 19087 ns, At safepoint: 17508 ns, Total: 72209 ns
[2025-05-20T09:22:42.200+0000][74][info ][safepoint   ] Safepoint "Cleanup", Time since last: 9005452440 ns, Reaching safepoint: 27765 ns, Cleanup: 16778 ns, At safepoint: 10962 ns, Total: 55505 ns
[2025-05-20T09:22:44.200+0000][74][info ][safepoint   ] Safepoint "Cleanup", Time since last: 2000800123 ns, Reaching safepoint: 49740 ns, Cleanup: 12240 ns, At safepoint: 9155 ns, Total: 71135 ns
[2025-05-20T09:22:49.199+0000][74][info ][safepoint   ] Safepoint "Cleanup", Time since last: 5001089244 ns, Reaching safepoint: 34376 ns, Cleanup: 18237 ns, At safepoint: 17966 ns, Total: 70579 ns
[2025-05-20T09:22:59.202+0000][74][info ][safepoint   ] Safepoint "Cleanup", Time since last: 10002689267 ns, Reaching safepoint: 46758 ns, Cleanup: 15901 ns, At safepoint: 8729 ns, Total: 71388 ns
[2025-05-20T09:23:09.204+0000][74][info ][safepoint   ] Safepoint "Cleanup", Time since last: 10002080145 ns, Reaching safepoint: 74133 ns, Cleanup: 16377 ns, At safepoint: 18490 ns, Total: 109000 ns
[2025-05-20T09:23:11.806+0000][74][info ][safepoint   ] Safepoint "Cleanup", Time since last: 2601477381 ns, Reaching safepoint: 24663 ns, Cleanup: 11521 ns, At safepoint: 29823 ns, Total: 66007 ns
[2025-05-20T09:23:23.805+0000][74][info ][safepoint   ] Safepoint "Cleanup", Time since last: 12002811532 ns, Reaching safepoint: 66435 ns, Cleanup: 13430 ns, At safepoint: 80271 ns, Total: 160136 ns
[2025-05-20T09:23:29.809+0000][74][info ][safepoint   ] Safepoint "Cleanup", Time since last: 6001595685 ns, Reaching safepoint: 2243134 ns, Cleanup: 17662 ns, At safepoint: 123660 ns, Total: 2384456 ns
[2025-05-20T09:23:31.235+0000][74][info ][safepoint   ] Safepoint "Cleanup", Time since last: 1425096409 ns, Reaching safepoint: 35027 ns, Cleanup: 26703 ns, At safepoint: 18423 ns, Total: 80153 ns
[2025-05-20T09:24:21.837+0000][74][info ][safepoint   ] Safepoint "Cleanup", Time since last: 50609300954 ns, Reaching safepoint: 30784 ns, Cleanup: 17792 ns, At safepoint: 17445 ns, Total: 66021 ns
[2025-05-20T09:24:22.838+0000][74][info ][safepoint   ] Safepoint "Cleanup", Time since last: 1000602784 ns, Reaching safepoint: 143139 ns, Cleanup: 17977 ns, At safepoint: 39712 ns, Total: 200828 ns
[2025-05-20T09:24:29.840+0000][74][info ][safepoint   ] Safepoint "Cleanup", Time since last: 7001517279 ns, Reaching safepoint: 19802 ns, Cleanup: 14135 ns, At safepoint: 9105 ns, Total: 43042 ns
[2025-05-20T09:24:32.841+0000][74][info ][safepoint   ] Safepoint "Cleanup", Time since last: 3000746884 ns, Reaching safepoint: 136963 ns, Cleanup: 8263 ns, At safepoint: 49474 ns, Total: 194700 ns
[2025-05-20T09:24:34.269+0000][74][info ][safepoint   ] Safepoint "Cleanup", Time since last: 1428162900 ns, Reaching safepoint: 31810 ns, Cleanup: 18820 ns, At safepoint: 15838 ns, Total: 66468 ns
[2025-05-20T09:24:49.272+0000][74][info ][safepoint   ] Safepoint "Cleanup", Time since last: 15002722625 ns, Reaching safepoint: 32909 ns, Cleanup: 16902 ns, At safepoint: 16328 ns, Total: 66139 ns
[2025-05-20T09:24:58.274+0000][74][info ][safepoint   ] Safepoint "Cleanup", Time since last: 9001860376 ns, Reaching safepoint: 27089 ns, Cleanup: 17928 ns, At safepoint: 10826 ns, Total: 55843 ns
[2025-05-20T09:24:59.275+0000][74][info ][safepoint   ] Safepoint "Cleanup", Time since last: 1001021584 ns, Reaching safepoint: 26975 ns, Cleanup: 19823 ns, At safepoint: 10393 ns, Total: 57191 ns
[2025-05-20T09:25:00.275+0000][74][info ][safepoint   ] Safepoint "Cleanup", Time since last: 1000638888 ns, Reaching safepoint: 25674 ns, Cleanup: 13828 ns, At safepoint: 9703 ns, Total: 49205 ns
[2025-05-20T09:25:10.279+0000][74][info ][safepoint   ] Safepoint "Cleanup", Time since last: 10003026283 ns, Reaching safepoint: 58383 ns, Cleanup: 14736 ns, At safepoint: 11462 ns, Total: 84581 ns
[2025-05-20T09:25:14.870+0000][74][info ][safepoint   ] Safepoint "Cleanup", Time since last: 4594722936 ns, Reaching safepoint: 34166 ns, Cleanup: 15197 ns, At safepoint: 15704 ns, Total: 65067 ns
[2025-05-20T09:25:29.874+0000][74][info ][safepoint   ] Safepoint "Cleanup", Time since last: 15003400286 ns, Reaching safepoint: 74166 ns, Cleanup: 18656 ns, At safepoint: 16451 ns, Total: 109273 ns
[2025-05-20T09:25:34.875+0000][74][info ][safepoint   ] Safepoint "Cleanup", Time since last: 5001390281 ns, Reaching safepoint: 37532 ns, Cleanup: 17509 ns, At safepoint: 17770 ns, Total: 72811 ns
[2025-05-20T09:25:35.880+0000][74][info ][safepoint   ] Safepoint "Cleanup", Time since last: 1004601369 ns, Reaching safepoint: 6156 ns, Cleanup: 11356 ns, At safepoint: 13807 ns, Total: 31319 ns
[2025-05-20T09:25:39.317+0000][74][info ][safepoint   ] Safepoint "Cleanup", Time since last: 3437515047 ns, Reaching safepoint: 53433 ns, Cleanup: 14008 ns, At safepoint: 12468 ns, Total: 79909 ns
[2025-05-20T09:25:40.353+0000][74][info ][safepoint   ] Safepoint "Cleanup", Time since last: 1035395526 ns, Reaching safepoint: 5693 ns, Cleanup: 8133 ns, At safepoint: 13935 ns, Total: 27761 ns
[2025-05-20T09:25:42.359+0000][74][info ][safepoint   ] Safepoint "Cleanup", Time since last: 2006317437 ns, Reaching safepoint: 143266 ns, Cleanup: 9626 ns, At safepoint: 50381 ns, Total: 203273 ns
[2025-05-20T09:25:43.368+0000][74][info ][safepoint   ] Safepoint "Cleanup", Time since last: 1008321410 ns, Reaching safepoint: 32744 ns, Cleanup: 20679 ns, At safepoint: 16690 ns, Total: 70113 ns
[2025-05-20T09:25:53.836+0000][74][info ][safepoint   ] Safepoint "Cleanup", Time since last: 10470620458 ns, Reaching safepoint: 7892 ns, Cleanup: 11155 ns, At safepoint: 15413 ns, Total: 34460 ns
[2025-05-20T09:25:55.397+0000][74][info ][safepoint   ] Safepoint "Cleanup", Time since last: 1560503112 ns, Reaching safepoint: 53431 ns, Cleanup: 15699 ns, At safepoint: 12791 ns, Total: 81921 ns
[2025-05-20T09:25:56.398+0000][74][info ][safepoint   ] Safepoint "Cleanup", Time since last: 1000586892 ns, Reaching safepoint: 18559 ns, Cleanup: 14166 ns, At safepoint: 7785 ns, Total: 40510 ns
[2025-05-20T09:25:57.429+0000][74][info ][safepoint   ] Safepoint "Cleanup", Time since last: 1031507029 ns, Reaching safepoint: 33597 ns, Cleanup: 18806 ns, At safepoint: 11213 ns, Total: 63616 ns
[2025-05-20T09:25:58.431+0000][74][info ][safepoint   ] Safepoint "Cleanup", Time since last: 1001450196 ns, Reaching safepoint: 32414 ns, Cleanup: 18217 ns, At safepoint: 17353 ns, Total: 67984 ns
[2025-05-20T09:25:59.432+0000][74][info ][safepoint   ] Safepoint "Cleanup", Time since last: 1001009191 ns, Reaching safepoint: 31273 ns, Cleanup: 14915 ns, At safepoint: 15571 ns, Total: 61759 ns
[2025-05-20T09:26:03.433+0000][74][info ][safepoint   ] Safepoint "Cleanup", Time since last: 4001472407 ns, Reaching safepoint: 32951 ns, Cleanup: 18515 ns, At safepoint: 15934 ns, Total: 67400 ns
[2025-05-20T09:26:04.434+0000][74][info ][safepoint   ] Safepoint "Cleanup", Time since last: 1001064789 ns, Reaching safepoint: 85564 ns, Cleanup: 14544 ns, At safepoint: 18811 ns, Total: 118919 ns
[2025-05-20T09:26:09.093+0000][74][info ][safepoint   ] Safepoint "Cleanup", Time since last: 4658372173 ns, Reaching safepoint: 83253 ns, Cleanup: 7976 ns, At safepoint: 15361 ns, Total: 106590 ns
[2025-05-20T09:26:10.579+0000][74][info ][safepoint   ] Safepoint "Cleanup", Time since last: 1486438832 ns, Reaching safepoint: 67070 ns, Cleanup: 16442 ns, At safepoint: 30304 ns, Total: 113816 ns
[2025-05-20T09:26:14.908+0000][74][info ][safepoint   ] Safepoint "Cleanup", Time since last: 4330631360 ns, Reaching safepoint: 33091 ns, Cleanup: 14941 ns, At safepoint: 15762 ns, Total: 63794 ns
[2025-05-20T09:26:17.909+0000][74][info ][safepoint   ] Safepoint "Cleanup", Time since last: 3001034783 ns, Reaching safepoint: 24933 ns, Cleanup: 13965 ns, At safepoint: 10164 ns, Total: 49062 ns
[2025-05-20T09:26:28.912+0000][74][info ][safepoint   ] Safepoint "Cleanup", Time since last: 11002673197 ns, Reaching safepoint: 42100 ns, Cleanup: 12277 ns, At safepoint: 8361 ns, Total: 62738 ns
[2025-05-20T09:26:38.856+0000][74][info ][safepoint   ] Safepoint "Cleanup", Time since last: 9944359658 ns, Reaching safepoint: 27547 ns, Cleanup: 15244 ns, At safepoint: 70388 ns, Total: 113179 ns
[2025-05-20T09:26:40.472+0000][74][info ][safepoint   ] Safepoint "Cleanup", Time since last: 1615521254 ns, Reaching safepoint: 11994 ns, Cleanup: 30427 ns, At safepoint: 8050 ns, Total: 50471 ns
[2025-05-20T09:26:53.484+0000][74][info ][safepoint   ] Safepoint "Cleanup", Time since last: 13013763060 ns, Reaching safepoint: 981469 ns, Cleanup: 53674 ns, At safepoint: 23653 ns, Total: 1058796 ns
[2025-05-20T09:27:03.488+0000][74][info ][safepoint   ] Safepoint "Cleanup", Time since last: 10004023030 ns, Reaching safepoint: 68087 ns, Cleanup: 21281 ns, At safepoint: 17328 ns, Total: 106696 ns
[2025-05-20T09:27:09.491+0000][74][info ][safepoint   ] Safepoint "Cleanup", Time since last: 6002527099 ns, Reaching safepoint: 25032 ns, Cleanup: 14905 ns, At safepoint: 9106 ns, Total: 49043 ns
[2025-05-20T09:27:10.492+0000][74][info ][safepoint   ] Safepoint "Cleanup", Time since last: 1001074612 ns, Reaching safepoint: 113596 ns, Cleanup: 24339 ns, At safepoint: 15161 ns, Total: 153096 ns
[2025-05-20T09:27:28.955+0000][74][info ][safepoint   ] Safepoint "Cleanup", Time since last: 18465651457 ns, Reaching safepoint: 143251 ns, Cleanup: 13148 ns, At safepoint: 37522 ns, Total: 193921 ns
[2025-05-20T09:27:32.956+0000][74][info ][safepoint   ] Safepoint "Cleanup", Time since last: 4001000290 ns, Reaching safepoint: 28433 ns, Cleanup: 15816 ns, At safepoint: 11953 ns, Total: 56202 ns
[2025-05-20T09:27:38.958+0000][74][info ][safepoint   ] Safepoint "Cleanup", Time since last: 6001313783 ns, Reaching safepoint: 26608 ns, Cleanup: 109257 ns, At safepoint: 26881 ns, Total: 162746 ns
[2025-05-20T09:27:39.958+0000][74][info ][safepoint   ] Safepoint "Cleanup", Time since last: 1000665987 ns, Reaching safepoint: 24561 ns, Cleanup: 18669 ns, At safepoint: 9856 ns, Total: 53086 ns
[2025-05-20T09:27:42.509+0000][74][info ][safepoint   ] Safepoint "Cleanup", Time since last: 2550807340 ns, Reaching safepoint: 35381 ns, Cleanup: 24895 ns, At safepoint: 79314 ns, Total: 139590 ns
[2025-05-20T09:27:49.522+0000][74][info ][safepoint   ] Safepoint "Cleanup", Time since last: 7014498264 ns, Reaching safepoint: 34571 ns, Cleanup: 19635 ns, At safepoint: 17554 ns, Total: 71760 ns
[2025-05-20T09:28:28.981+0000][74][info ][safepoint   ] Safepoint "Cleanup", Time since last: 39461291309 ns, Reaching safepoint: 56956 ns, Cleanup: 15376 ns, At safepoint: 11295 ns, Total: 83627 ns
[2025-05-20T09:28:43.983+0000][74][info ][safepoint   ] Safepoint "Cleanup", Time since last: 15002486211 ns, Reaching safepoint: 62875 ns, Cleanup: 14931 ns, At safepoint: 14962 ns, Total: 92768 ns
[2025-05-20T09:28:45.547+0000][74][info ][safepoint   ] Safepoint "Cleanup", Time since last: 1565699189 ns, Reaching safepoint: 12561 ns, Cleanup: 17841 ns, At safepoint: 5356 ns, Total: 35758 ns
[2025-05-20T09:28:51.579+0000][74][info ][safepoint   ] Safepoint "Cleanup", Time since last: 6032116720 ns, Reaching safepoint: 31467 ns, Cleanup: 14427 ns, At safepoint: 12053 ns, Total: 57947 ns
[2025-05-20T09:28:53.580+0000][74][info ][safepoint   ] Safepoint "Cleanup", Time since last: 2000751574 ns, Reaching safepoint: 27766 ns, Cleanup: 16013 ns, At safepoint: 11172 ns, Total: 54951 ns
[2025-05-20T09:28:54.581+0000][74][info ][safepoint   ] Safepoint "Cleanup", Time since last: 1001454169 ns, Reaching safepoint: 25666 ns, Cleanup: 17162 ns, At safepoint: 10018 ns, Total: 52846 ns
[2025-05-20T09:29:09.585+0000][74][info ][safepoint   ] Safepoint "Cleanup", Time since last: 15003897819 ns, Reaching safepoint: 82956 ns, Cleanup: 17331 ns, At safepoint: 16241 ns, Total: 116528 ns
[2025-05-20T09:29:10.586+0000][74][info ][safepoint   ] Safepoint "Cleanup", Time since last: 1000629489 ns, Reaching safepoint: 24334 ns, Cleanup: 15939 ns, At safepoint: 8953 ns, Total: 49226 ns
[2025-05-20T09:29:29.010+0000][74][info ][safepoint   ] Safepoint "Cleanup", Time since last: 18426213962 ns, Reaching safepoint: 67572 ns, Cleanup: 15544 ns, At safepoint: 13610 ns, Total: 96726 ns
[2025-05-20T09:29:30.011+0000][74][info ][safepoint   ] Safepoint "Cleanup", Time since last: 1000639531 ns, Reaching safepoint: 65616 ns, Cleanup: 21630 ns, At safepoint: 16890 ns, Total: 104136 ns
[2025-05-20T09:29:44.014+0000][74][info ][safepoint   ] Safepoint "Cleanup", Time since last: 14003001884 ns, Reaching safepoint: 20337 ns, Cleanup: 14518 ns, At safepoint: 8750 ns, Total: 43605 ns
[2025-05-20T09:29:47.839+0000][74][info ][safepoint   ] Safepoint "Cleanup", Time since last: 3826999060 ns, Reaching safepoint: 147317 ns, Cleanup: 14479 ns, At safepoint: 249458 ns, Total: 411254 ns
[2025-05-20T09:29:49.618+0000][74][info ][safepoint   ] Safepoint "Cleanup", Time since last: 1778883624 ns, Reaching safepoint: 24695 ns, Cleanup: 13011 ns, At safepoint: 9936 ns, Total: 47642 ns
[2025-05-20T09:29:58.621+0000][74][info ][safepoint   ] Safepoint "Cleanup", Time since last: 9002777809 ns, Reaching safepoint: 35547 ns, Cleanup: 16824 ns, At safepoint: 17536 ns, Total: 69907 ns
[2025-05-20T09:30:02.622+0000][74][info ][safepoint   ] Safepoint "Cleanup", Time since last: 4001101839 ns, Reaching safepoint: 54278 ns, Cleanup: 13849 ns, At safepoint: 10116 ns, Total: 78243 ns
[2025-05-20T09:30:04.622+0000][74][info ][safepoint   ] Safepoint "Cleanup", Time since last: 2000706288 ns, Reaching safepoint: 30554 ns, Cleanup: 12917 ns, At safepoint: 9745 ns, Total: 53216 ns
[2025-05-20T09:30:09.623+0000][74][info ][safepoint   ] Safepoint "Cleanup", Time since last: 5000974153 ns, Reaching safepoint: 22285 ns, Cleanup: 13291 ns, At safepoint: 9381 ns, Total: 44957 ns
[2025-05-20T09:30:10.625+0000][74][info ][safepoint   ] Safepoint "Cleanup", Time since last: 1001408076 ns, Reaching safepoint: 26578 ns, Cleanup: 18300 ns, At safepoint: 15129 ns, Total: 60007 ns
[2025-05-20T09:30:15.034+0000][74][info ][safepoint   ] Safepoint "Cleanup", Time since last: 4411934623 ns, Reaching safepoint: 29048 ns, Cleanup: 16648 ns, At safepoint: 11001 ns, Total: 56697 ns
[2025-05-20T09:30:25.036+0000][74][info ][safepoint   ] Safepoint "Cleanup", Time since last: 10002119628 ns, Reaching safepoint: 34053 ns, Cleanup: 18717 ns, At safepoint: 17037 ns, Total: 69807 ns
[2025-05-20T09:30:27.037+0000][74][info ][safepoint   ] Safepoint "Cleanup", Time since last: 2000769349 ns, Reaching safepoint: 28439 ns, Cleanup: 14784 ns, At safepoint: 10700 ns, Total: 53923 ns
[2025-05-20T09:30:29.039+0000][74][info ][safepoint   ] Safepoint "Cleanup", Time since last: 2001289830 ns, Reaching safepoint: 28120 ns, Cleanup: 20995 ns, At safepoint: 11737 ns, Total: 60852 ns
[2025-05-20T09:30:39.041+0000][74][info ][safepoint   ] Safepoint "Cleanup", Time since last: 10002655596 ns, Reaching safepoint: 52509 ns, Cleanup: 13847 ns, At safepoint: 9847 ns, Total: 76203 ns
[2025-05-20T09:30:42.045+0000][74][info ][safepoint   ] Safepoint "Cleanup", Time since last: 3003539712 ns, Reaching safepoint: 19721 ns, Cleanup: 12578 ns, At safepoint: 9280 ns, Total: 41579 ns
[2025-05-20T09:30:50.854+0000][74][info ][safepoint   ] Safepoint "Cleanup", Time since last: 8810418855 ns, Reaching safepoint: 18759 ns, Cleanup: 23120 ns, At safepoint: 160950 ns, Total: 202829 ns
[2025-05-20T09:30:52.648+0000][74][info ][safepoint   ] Safepoint "Cleanup", Time since last: 1793870582 ns, Reaching safepoint: 25229 ns, Cleanup: 15892 ns, At safepoint: 11916 ns, Total: 53037 ns
[2025-05-20T09:30:58.676+0000][74][info ][safepoint   ] Safepoint "Cleanup", Time since last: 6027705394 ns, Reaching safepoint: 12899 ns, Cleanup: 9838 ns, At safepoint: 18894 ns, Total: 41631 ns
[2025-05-20T09:30:59.693+0000][74][info ][safepoint   ] Safepoint "Cleanup", Time since last: 1017534016 ns, Reaching safepoint: 28471 ns, Cleanup: 21309 ns, At safepoint: 11725 ns, Total: 61505 ns
[2025-05-20T09:31:09.063+0000][74][info ][gc,start    ] GC(16) Pause Young (Prepare Mixed) (G1 Evacuation Pause)
[2025-05-20T09:31:09.068+0000][74][info ][gc,task     ] GC(16) Using 10 workers of 10 for evacuation
[2025-05-20T09:31:09.070+0000][74][debug][gc,age      ] GC(16) Desired survivor size 153092096 bytes, new threshold 15 (max threshold 15)
[2025-05-20T09:31:09.280+0000][74][info ][gc,mmu      ] GC(16) MMU target violated: 201.0ms (200.0ms/201.0ms)
[2025-05-20T09:31:09.282+0000][74][info ][gc,phases   ] GC(16)   Pre Evacuate Collection Set: 10.40ms
[2025-05-20T09:31:09.282+0000][74][info ][gc,phases   ] GC(16)   Merge Heap Roots: 2.67ms
[2025-05-20T09:31:09.282+0000][74][info ][gc,phases   ] GC(16)   Evacuate Collection Set: 178.41ms
[2025-05-20T09:31:09.283+0000][74][info ][gc,phases   ] GC(16)   Post Evacuate Collection Set: 15.03ms
[2025-05-20T09:31:09.283+0000][74][info ][gc,phases   ] GC(16)   Other: 8.90ms
[2025-05-20T09:31:09.284+0000][74][trace][gc,age      ] GC(16) Age table with threshold 15 (max threshold 15)
[2025-05-20T09:31:09.284+0000][74][trace][gc,age      ] GC(16) - age   1:    3945096 bytes,    3945096 total
[2025-05-20T09:31:09.284+0000][74][trace][gc,age      ] GC(16) - age   2:      85496 bytes,    4030592 total
[2025-05-20T09:31:09.284+0000][74][trace][gc,age      ] GC(16) - age   3:    2529232 bytes,    6559824 total
[2025-05-20T09:31:09.285+0000][74][info ][gc,heap     ] GC(16) Eden regions: 580->0(77)
[2025-05-20T09:31:09.285+0000][74][info ][gc,heap     ] GC(16) Survivor regions: 2->2(73)
[2025-05-20T09:31:09.285+0000][74][info ][gc,heap     ] GC(16) Old regions: 26->26
[2025-05-20T09:31:09.285+0000][74][info ][gc,heap     ] GC(16) Humongous regions: 0->0
[2025-05-20T09:31:09.286+0000][74][info ][gc,metaspace] GC(16) Metaspace: 146713K(150592K)->146713K(150592K) NonClass: 126669K(128768K)->126669K(128768K) Class: 20044K(21824K)->20044K(21824K)
[2025-05-20T09:31:09.287+0000][74][info ][gc          ] GC(16) Pause Young (Prepare Mixed) (G1 Evacuation Pause) 2426M->107M(3880M) 223.808ms
[2025-05-20T09:31:09.287+0000][74][info ][gc,cpu      ] GC(16) User=1.68s Sys=0.00s Real=0.23s
[2025-05-20T09:31:09.288+0000][74][info ][safepoint   ] Safepoint "G1CollectForAllocation", Time since last: 9367055041 ns, Reaching safepoint: 124134 ns, Cleanup: 5000 ns, At safepoint: 227545846 ns, Total: 227674980 ns
[2025-05-20T09:31:10.728+0000][74][info ][safepoint   ] Safepoint "Cleanup", Time since last: 1439383076 ns, Reaching safepoint: 255691 ns, Cleanup: 17660 ns, At safepoint: 44526 ns, Total: 317877 ns
[2025-05-20T09:31:13.064+0000][74][info ][safepoint   ] Safepoint "Cleanup", Time since last: 2336090945 ns, Reaching safepoint: 28583 ns, Cleanup: 17126 ns, At safepoint: 13472 ns, Total: 59181 ns
[2025-05-20T09:31:15.063+0000][74][info ][safepoint   ] Safepoint "Cleanup", Time since last: 2000759928 ns, Reaching safepoint: 28174 ns, Cleanup: 58704 ns, At safepoint: 30043 ns, Total: 116921 ns
[2025-05-20T09:31:27.065+0000][74][info ][safepoint   ] Safepoint "Cleanup", Time since last: 12002102516 ns, Reaching safepoint: 59847 ns, Cleanup: 14480 ns, At safepoint: 11261 ns, Total: 85588 ns
[2025-05-20T09:31:29.066+0000][74][info ][safepoint   ] Safepoint "Cleanup", Time since last: 2000810531 ns, Reaching safepoint: 23613 ns, Cleanup: 13860 ns, At safepoint: 10824 ns, Total: 48297 ns
[2025-05-20T09:31:30.067+0000][74][info ][safepoint   ] Safepoint "Cleanup", Time since last: 1001161910 ns, Reaching safepoint: 26479 ns, Cleanup: 14645 ns, At safepoint: 10354 ns, Total: 51478 ns
[2025-05-20T09:31:44.073+0000][74][info ][safepoint   ] Safepoint "Cleanup", Time since last: 14005640646 ns, Reaching safepoint: 93546 ns, Cleanup: 15548 ns, At safepoint: 10926 ns, Total: 120020 ns
[2025-05-20T09:31:54.740+0000][74][info ][safepoint   ] Safepoint "Cleanup", Time since last: 10669518750 ns, Reaching safepoint: 109058 ns, Cleanup: 9339 ns, At safepoint: 48636 ns, Total: 167033 ns
[2025-05-20T09:31:55.749+0000][74][info ][safepoint   ] Safepoint "Cleanup", Time since last: 1008973655 ns, Reaching safepoint: 17679 ns, Cleanup: 18095 ns, At safepoint: 81128 ns, Total: 116902 ns
[2025-05-20T09:31:58.754+0000][74][info ][safepoint   ] Safepoint "Cleanup", Time since last: 3004628899 ns, Reaching safepoint: 30319 ns, Cleanup: 14890 ns, At safepoint: 10924 ns, Total: 56133 ns
[2025-05-20T09:32:29.098+0000][74][info ][safepoint   ] Safepoint "Cleanup", Time since last: 30345931117 ns, Reaching safepoint: 88797 ns, Cleanup: 18922 ns, At safepoint: 14306 ns, Total: 122025 ns
[2025-05-20T09:32:56.876+0000][74][info ][safepoint   ] Safepoint "Cleanup", Time since last: 27780636438 ns, Reaching safepoint: 13065 ns, Cleanup: 10217 ns, At safepoint: 19400 ns, Total: 42682 ns
[2025-05-20T09:32:58.786+0000][74][info ][safepoint   ] Safepoint "Cleanup", Time since last: 1909582384 ns, Reaching safepoint: 26349 ns, Cleanup: 18254 ns, At safepoint: 11458 ns, Total: 56061 ns
[2025-05-20T09:33:10.789+0000][74][info ][safepoint   ] Safepoint "Cleanup", Time since last: 12002524560 ns, Reaching safepoint: 67528 ns, Cleanup: 16116 ns, At safepoint: 9991 ns, Total: 93635 ns
[2025-05-20T09:33:29.123+0000][74][info ][safepoint   ] Safepoint "Cleanup", Time since last: 18336217173 ns, Reaching safepoint: 65740 ns, Cleanup: 18512 ns, At safepoint: 20307 ns, Total: 104559 ns
[2025-05-20T09:33:30.124+0000][74][info ][safepoint   ] Safepoint "Cleanup", Time since last: 1000688304 ns, Reaching safepoint: 23238 ns, Cleanup: 12654 ns, At safepoint: 9694 ns, Total: 45586 ns
[2025-05-20T09:33:59.861+0000][74][info ][safepoint   ] Safepoint "Cleanup", Time since last: 29740114632 ns, Reaching safepoint: 14486 ns, Cleanup: 16281 ns, At safepoint: 19446 ns, Total: 50213 ns
[2025-05-20T09:34:01.854+0000][74][info ][safepoint   ] Safepoint "Cleanup", Time since last: 1992710311 ns, Reaching safepoint: 29766 ns, Cleanup: 18840 ns, At safepoint: 12537 ns, Total: 61143 ns
[2025-05-20T09:34:09.856+0000][74][info ][safepoint   ] Safepoint "Cleanup", Time since last: 8001927231 ns, Reaching safepoint: 23691 ns, Cleanup: 14533 ns, At safepoint: 9129 ns, Total: 47353 ns
[2025-05-20T09:34:29.150+0000][74][info ][safepoint   ] Safepoint "Cleanup", Time since last: 19295920900 ns, Reaching safepoint: 185241 ns, Cleanup: 19873 ns, At safepoint: 14428 ns, Total: 219542 ns
[2025-05-20T09:34:33.151+0000][74][info ][safepoint   ] Safepoint "Cleanup", Time since last: 4001173795 ns, Reaching safepoint: 71112 ns, Cleanup: 14546 ns, At safepoint: 10208 ns, Total: 95866 ns
[2025-05-20T09:34:43.153+0000][74][info ][safepoint   ] Safepoint "Cleanup", Time since last: 10001792165 ns, Reaching safepoint: 83433 ns, Cleanup: 15077 ns, At safepoint: 13177 ns, Total: 111687 ns
[2025-05-20T09:34:44.154+0000][74][info ][safepoint   ] Safepoint "Cleanup", Time since last: 1000768978 ns, Reaching safepoint: 31182 ns, Cleanup: 19849 ns, At safepoint: 13769 ns, Total: 64800 ns
[2025-05-20T09:34:51.154+0000][74][info ][safepoint   ] Safepoint "Cleanup", Time since last: 7001432603 ns, Reaching safepoint: 86555 ns, Cleanup: 15364 ns, At safepoint: 15047 ns, Total: 116966 ns
[2025-05-20T09:34:52.155+0000][74][info ][safepoint   ] Safepoint "Cleanup", Time since last: 1000666299 ns, Reaching safepoint: 44100 ns, Cleanup: 43677 ns, At safepoint: 10560 ns, Total: 98337 ns
[2025-05-20T09:35:02.875+0000][74][info ][safepoint   ] Safepoint "Cleanup", Time since last: 10719667707 ns, Reaching safepoint: 173306 ns, Cleanup: 15665 ns, At safepoint: 162602 ns, Total: 351573 ns
[2025-05-20T09:35:03.905+0000][74][info ][safepoint   ] Safepoint "Cleanup", Time since last: 1030601761 ns, Reaching safepoint: 224010 ns, Cleanup: 15808 ns, At safepoint: 36007 ns, Total: 275825 ns
[2025-05-20T09:35:04.940+0000][74][info ][safepoint   ] Safepoint "Cleanup", Time since last: 1034543323 ns, Reaching safepoint: 22549 ns, Cleanup: 41178 ns, At safepoint: 12269 ns, Total: 75996 ns
[2025-05-20T09:35:09.952+0000][74][info ][safepoint   ] Safepoint "Cleanup", Time since last: 5012217347 ns, Reaching safepoint: 26814 ns, Cleanup: 17573 ns, At safepoint: 11728 ns, Total: 56115 ns
[2025-05-20T09:35:29.182+0000][74][info ][safepoint   ] Safepoint "Cleanup", Time since last: 19231598541 ns, Reaching safepoint: 26255 ns, Cleanup: 17709 ns, At safepoint: 10062 ns, Total: 54026 ns
[2025-05-20T09:35:51.184+0000][74][info ][safepoint   ] Safepoint "Cleanup", Time since last: 22004210985 ns, Reaching safepoint: 34133 ns, Cleanup: 15002 ns, At safepoint: 12438 ns, Total: 61573 ns
[2025-05-20T09:35:54.185+0000][74][info ][safepoint   ] Safepoint "Cleanup", Time since last: 3000946333 ns, Reaching safepoint: 70973 ns, Cleanup: 15072 ns, At safepoint: 16228 ns, Total: 102273 ns
[2025-05-20T09:35:59.186+0000][74][info ][safepoint   ] Safepoint "Cleanup", Time since last: 5001391624 ns, Reaching safepoint: 31050 ns, Cleanup: 17875 ns, At safepoint: 15274 ns, Total: 64199 ns
[2025-05-20T09:36:00.881+0000][74][info ][safepoint   ] Safepoint "Cleanup", Time since last: 1694504415 ns, Reaching safepoint: 27462 ns, Cleanup: 46858 ns, At safepoint: 15149 ns, Total: 89469 ns
[2025-05-20T09:36:01.958+0000][74][info ][safepoint   ] Safepoint "Cleanup", Time since last: 1076802010 ns, Reaching safepoint: 29829 ns, Cleanup: 15440 ns, At safepoint: 9879 ns, Total: 55148 ns
[2025-05-20T09:36:05.860+0000][74][info ][safepoint   ] Safepoint "Cleanup", Time since last: 3901487394 ns, Reaching safepoint: 13388 ns, Cleanup: 27671 ns, At safepoint: 32940 ns, Total: 73999 ns
[2025-05-20T09:36:09.058+0000][74][info ][safepoint   ] Safepoint "Cleanup", Time since last: 3198792105 ns, Reaching safepoint: 105142 ns, Cleanup: 7834 ns, At safepoint: 43602 ns, Total: 156578 ns
[2025-05-20T09:36:10.906+0000][74][info ][safepoint   ] Safepoint "Cleanup", Time since last: 1847185804 ns, Reaching safepoint: 30978 ns, Cleanup: 21044 ns, At safepoint: 11731 ns, Total: 63753 ns
[2025-05-20T09:36:29.211+0000][74][info ][safepoint   ] Safepoint "Cleanup", Time since last: 18308069923 ns, Reaching safepoint: 75961 ns, Cleanup: 16121 ns, At safepoint: 17090 ns, Total: 109172 ns
[2025-05-20T09:37:08.881+0000][74][info ][safepoint   ] Safepoint "Cleanup", Time since last: 39670877987 ns, Reaching safepoint: 9277 ns, Cleanup: 12956 ns, At safepoint: 26628 ns, Total: 48861 ns
[2025-05-20T09:37:10.118+0000][74][info ][safepoint   ] Safepoint "Cleanup", Time since last: 1236944508 ns, Reaching safepoint: 25168 ns, Cleanup: 34235 ns, At safepoint: 11581 ns, Total: 70984 ns
[2025-05-20T09:37:23.239+0000][74][info ][safepoint   ] Safepoint "Cleanup", Time since last: 13124082483 ns, Reaching safepoint: 30289 ns, Cleanup: 15384 ns, At safepoint: 8985 ns, Total: 54658 ns
[2025-05-20T09:37:29.241+0000][74][info ][safepoint   ] Safepoint "Cleanup", Time since last: 6001301451 ns, Reaching safepoint: 58269 ns, Cleanup: 16182 ns, At safepoint: 10594 ns, Total: 85045 ns
[2025-05-20T09:37:49.242+0000][74][info ][safepoint   ] Safepoint "Cleanup", Time since last: 20003063189 ns, Reaching safepoint: 28714 ns, Cleanup: 14245 ns, At safepoint: 36956 ns, Total: 79915 ns
[2025-05-20T09:38:03.929+0000][74][info ][gc,start    ] GC(17) Pause Young (Mixed) (G1 Evacuation Pause)
[2025-05-20T09:38:03.935+0000][74][info ][gc,task     ] GC(17) Using 10 workers of 10 for evacuation
[2025-05-20T09:38:03.935+0000][74][debug][gc,age      ] GC(17) Desired survivor size 25165824 bytes, new threshold 15 (max threshold 15)
[2025-05-20T09:38:03.997+0000][74][info ][gc,phases   ] GC(17)   Pre Evacuate Collection Set: 3.38ms
[2025-05-20T09:38:03.998+0000][74][info ][gc,phases   ] GC(17)   Merge Heap Roots: 1.05ms
[2025-05-20T09:38:03.998+0000][74][info ][gc,phases   ] GC(17)   Evacuate Collection Set: 53.26ms
[2025-05-20T09:38:03.998+0000][74][info ][gc,phases   ] GC(17)   Post Evacuate Collection Set: 3.14ms
[2025-05-20T09:38:03.999+0000][74][info ][gc,phases   ] GC(17)   Other: 1.91ms
[2025-05-20T09:38:03.999+0000][74][trace][gc,age      ] GC(17) Age table with threshold 15 (max threshold 15)
[2025-05-20T09:38:04.000+0000][74][trace][gc,age      ] GC(17) - age   1:     661488 bytes,     661488 total
[2025-05-20T09:38:04.001+0000][74][trace][gc,age      ] GC(17) - age   2:    2457320 bytes,    3118808 total
[2025-05-20T09:38:04.001+0000][74][trace][gc,age      ] GC(17) - age   3:      85208 bytes,    3204016 total
[2025-05-20T09:38:04.002+0000][74][trace][gc,age      ] GC(17) - age   4:    2528672 bytes,    5732688 total
[2025-05-20T09:38:04.002+0000][74][info ][gc,heap     ] GC(17) Eden regions: 91->0(152)
[2025-05-20T09:38:04.002+0000][74][info ][gc,heap     ] GC(17) Survivor regions: 2->2(12)
[2025-05-20T09:38:04.003+0000][74][info ][gc,heap     ] GC(17) Old regions: 26->26
[2025-05-20T09:38:04.004+0000][74][info ][gc,heap     ] GC(17) Humongous regions: 0->0
[2025-05-20T09:38:04.004+0000][74][info ][gc,metaspace] GC(17) Metaspace: 146929K(150720K)->146929K(150720K) NonClass: 126885K(128896K)->126885K(128896K) Class: 20044K(21824K)->20044K(21824K)
[2025-05-20T09:38:04.004+0000][74][info ][gc          ] GC(17) Pause Young (Mixed) (G1 Evacuation Pause) 471M->106M(3880M) 75.518ms
[2025-05-20T09:38:04.004+0000][74][info ][gc,cpu      ] GC(17) User=0.29s Sys=0.03s Real=0.07s
[2025-05-20T09:38:04.005+0000][74][info ][safepoint   ] Safepoint "G1CollectForAllocation", Time since last: 14685977825 ns, Reaching safepoint: 34370 ns, Cleanup: 6812 ns, At safepoint: 76434634 ns, Total: 76475816 ns
[2025-05-20T09:38:10.135+0000][74][info ][safepoint   ] Safepoint "Cleanup", Time since last: 6129686007 ns, Reaching safepoint: 16398 ns, Cleanup: 17798 ns, At safepoint: 76441 ns, Total: 110637 ns
[2025-05-20T09:38:29.270+0000][74][info ][safepoint   ] Safepoint "Cleanup", Time since last: 19137284345 ns, Reaching safepoint: 72264 ns, Cleanup: 19578 ns, At safepoint: 15748 ns, Total: 107590 ns
[2025-05-20T09:38:30.304+0000][74][info ][safepoint   ] Safepoint "Cleanup", Time since last: 1000744235 ns, Reaching safepoint: 33946423 ns, Cleanup: 22666 ns, At safepoint: 93558 ns, Total: 34062647 ns
[2025-05-20T09:38:58.372+0000][74][info ][safepoint   ] Safepoint "Cleanup", Time since last: 28069667706 ns, Reaching safepoint: 67343 ns, Cleanup: 14014 ns, At safepoint: 30726 ns, Total: 112083 ns
[2025-05-20T09:38:59.373+0000][74][info ][safepoint   ] Safepoint "Cleanup", Time since last: 1000760727 ns, Reaching safepoint: 30299 ns, Cleanup: 13222 ns, At safepoint: 14989 ns, Total: 58510 ns
[2025-05-20T09:39:00.373+0000][74][info ][safepoint   ] Safepoint "Cleanup", Time since last: 1000702905 ns, Reaching safepoint: 33085 ns, Cleanup: 15642 ns, At safepoint: 19907 ns, Total: 68634 ns
[2025-05-20T09:39:07.375+0000][74][info ][safepoint   ] Safepoint "Cleanup", Time since last: 7001848886 ns, Reaching safepoint: 35123 ns, Cleanup: 16549 ns, At safepoint: 19577 ns, Total: 71249 ns
[2025-05-20T09:39:12.293+0000][74][info ][safepoint   ] Safepoint "Cleanup", Time since last: 4917390988 ns, Reaching safepoint: 11077 ns, Cleanup: 9794 ns, At safepoint: 5264 ns, Total: 26135 ns
[2025-05-20T09:39:14.191+0000][74][info ][safepoint   ] Safepoint "Cleanup", Time since last: 1898175664 ns, Reaching safepoint: 21582 ns, Cleanup: 19819 ns, At safepoint: 8161 ns, Total: 49562 ns
[2025-05-20T09:39:24.193+0000][74][info ][safepoint   ] Safepoint "Cleanup", Time since last: 10003291849 ns, Reaching safepoint: 159935 ns, Cleanup: 14351 ns, At safepoint: 99938 ns, Total: 274224 ns
[2025-05-20T09:39:37.195+0000][74][info ][safepoint   ] Safepoint "Cleanup", Time since last: 13002527810 ns, Reaching safepoint: 77328 ns, Cleanup: 15844 ns, At safepoint: 17088 ns, Total: 110260 ns
[2025-05-20T09:39:58.198+0000][74][info ][safepoint   ] Safepoint "Cleanup", Time since last: 21004431255 ns, Reaching safepoint: 31002 ns, Cleanup: 14322 ns, At safepoint: 15273 ns, Total: 60597 ns
[2025-05-20T09:39:59.199+0000][74][info ][safepoint   ] Safepoint "Cleanup", Time since last: 1000735416 ns, Reaching safepoint: 42419 ns, Cleanup: 15243 ns, At safepoint: 10767 ns, Total: 68429 ns
[2025-05-20T09:40:15.259+0000][74][info ][safepoint   ] Safepoint "Cleanup", Time since last: 16062505340 ns, Reaching safepoint: 7032 ns, Cleanup: 7472 ns, At safepoint: 14907 ns, Total: 29411 ns
[2025-05-20T09:40:17.231+0000][74][info ][safepoint   ] Safepoint "Cleanup", Time since last: 1972274667 ns, Reaching safepoint: 20992 ns, Cleanup: 18631 ns, At safepoint: 8935 ns, Total: 48558 ns
[2025-05-20T09:40:29.235+0000][74][info ][safepoint   ] Safepoint "Cleanup", Time since last: 12003449700 ns, Reaching safepoint: 32194 ns, Cleanup: 20721 ns, At safepoint: 17030 ns, Total: 69945 ns
[2025-05-20T09:40:30.236+0000][74][info ][safepoint   ] Safepoint "Cleanup", Time since last: 1000664633 ns, Reaching safepoint: 178363 ns, Cleanup: 36795 ns, At safepoint: 67159 ns, Total: 282317 ns
[2025-05-20T09:40:31.241+0000][74][info ][safepoint   ] Safepoint "Cleanup", Time since last: 1005567544 ns, Reaching safepoint: 23455 ns, Cleanup: 132719 ns, At safepoint: 30455 ns, Total: 186629 ns
[2025-05-20T09:40:32.255+0000][74][info ][safepoint   ] Safepoint "Cleanup", Time since last: 1013189860 ns, Reaching safepoint: 36714 ns, Cleanup: 18922 ns, At safepoint: 17178 ns, Total: 72814 ns
[2025-05-20T09:40:34.081+0000][74][info ][safepoint   ] Safepoint "Cleanup", Time since last: 1826280575 ns, Reaching safepoint: 108200 ns, Cleanup: 13537 ns, At safepoint: 88052 ns, Total: 209789 ns
[2025-05-20T09:40:35.272+0000][74][info ][safepoint   ] Safepoint "Cleanup", Time since last: 1190841286 ns, Reaching safepoint: 22363 ns, Cleanup: 19351 ns, At safepoint: 9667 ns, Total: 51381 ns
[2025-05-20T09:40:37.246+0000][74][info ][safepoint   ] Safepoint "Cleanup", Time since last: 1973501406 ns, Reaching safepoint: 32174 ns, Cleanup: 23716 ns, At safepoint: 12865 ns, Total: 68755 ns
[2025-05-20T09:40:38.285+0000][74][info ][safepoint   ] Safepoint "Cleanup", Time since last: 1038933060 ns, Reaching safepoint: 34040 ns, Cleanup: 21606 ns, At safepoint: 16297 ns, Total: 71943 ns
[2025-05-20T09:40:41.149+0000][74][info ][safepoint   ] Safepoint "Cleanup", Time since last: 2864525283 ns, Reaching safepoint: 32061 ns, Cleanup: 14496 ns, At safepoint: 15342 ns, Total: 61899 ns
[2025-05-20T09:40:42.233+0000][74][info ][safepoint   ] Safepoint "Cleanup", Time since last: 1083699884 ns, Reaching safepoint: 16263 ns, Cleanup: 10488 ns, At safepoint: 24031 ns, Total: 50782 ns
[2025-05-20T09:40:43.258+0000][74][info ][safepoint   ] Safepoint "Cleanup", Time since last: 1024667284 ns, Reaching safepoint: 19804 ns, Cleanup: 14036 ns, At safepoint: 9420 ns, Total: 43260 ns
[2025-05-20T09:40:44.316+0000][74][info ][safepoint   ] Safepoint "Cleanup", Time since last: 1057957221 ns, Reaching safepoint: 18782 ns, Cleanup: 12863 ns, At safepoint: 7778 ns, Total: 39423 ns
[2025-05-20T09:40:53.316+0000][74][info ][safepoint   ] Safepoint "Cleanup", Time since last: 9002200487 ns, Reaching safepoint: 19492 ns, Cleanup: 12317 ns, At safepoint: 8340 ns, Total: 40149 ns
[2025-05-20T09:40:59.317+0000][74][info ][safepoint   ] Safepoint "Cleanup", Time since last: 6001275587 ns, Reaching safepoint: 25720 ns, Cleanup: 16188 ns, At safepoint: 8783 ns, Total: 50691 ns
[2025-05-20T09:41:00.335+0000][74][info ][safepoint   ] Safepoint "Cleanup", Time since last: 1017820396 ns, Reaching safepoint: 12683 ns, Cleanup: 15192 ns, At safepoint: 22668 ns, Total: 50543 ns
[2025-05-20T09:41:01.355+0000][74][info ][safepoint   ] Safepoint "Cleanup", Time since last: 1019358973 ns, Reaching safepoint: 92944 ns, Cleanup: 14354 ns, At safepoint: 73235 ns, Total: 180533 ns
[2025-05-20T09:41:09.160+0000][74][info ][safepoint   ] Safepoint "Cleanup", Time since last: 7804665078 ns, Reaching safepoint: 30524 ns, Cleanup: 11608 ns, At safepoint: 64638 ns, Total: 106770 ns
[2025-05-20T09:41:10.183+0000][74][info ][safepoint   ] Safepoint "Cleanup", Time since last: 1023806066 ns, Reaching safepoint: 19954 ns, Cleanup: 12998 ns, At safepoint: 8451 ns, Total: 41403 ns
[2025-05-20T09:41:18.237+0000][74][info ][safepoint   ] Safepoint "Cleanup", Time since last: 8054708629 ns, Reaching safepoint: 653637 ns, Cleanup: 17075 ns, At safepoint: 76511 ns, Total: 747223 ns
[2025-05-20T09:41:18.395+0000][74][info ][gc,start    ] GC(18) Pause Young (Concurrent Start) (CodeCache GC Threshold)
[2025-05-20T09:41:18.396+0000][74][info ][gc,task     ] GC(18) Using 10 workers of 10 for evacuation
[2025-05-20T09:41:18.396+0000][74][debug][gc,age      ] GC(18) Desired survivor size 44040192 bytes, new threshold 15 (max threshold 15)
[2025-05-20T09:41:18.429+0000][74][info ][gc,phases   ] GC(18)   Pre Evacuate Collection Set: 1.14ms
[2025-05-20T09:41:18.430+0000][74][info ][gc,phases   ] GC(18)   Merge Heap Roots: 0.28ms
[2025-05-20T09:41:18.430+0000][74][info ][gc,phases   ] GC(18)   Evacuate Collection Set: 28.86ms
[2025-05-20T09:41:18.430+0000][74][info ][gc,phases   ] GC(18)   Post Evacuate Collection Set: 1.68ms
[2025-05-20T09:41:18.431+0000][74][info ][gc,phases   ] GC(18)   Other: 1.14ms
[2025-05-20T09:41:18.431+0000][74][trace][gc,age      ] GC(18) Age table with threshold 15 (max threshold 15)
[2025-05-20T09:41:18.431+0000][74][trace][gc,age      ] GC(18) - age   1:    2082768 bytes,    2082768 total
[2025-05-20T09:41:18.432+0000][74][trace][gc,age      ] GC(18) - age   2:      51064 bytes,    2133832 total
[2025-05-20T09:41:18.432+0000][74][trace][gc,age      ] GC(18) - age   3:    2402032 bytes,    4535864 total
[2025-05-20T09:41:18.432+0000][74][trace][gc,age      ] GC(18) - age   4:      85168 bytes,    4621032 total
[2025-05-20T09:41:18.433+0000][74][trace][gc,age      ] GC(18) - age   5:    2525416 bytes,    7146448 total
[2025-05-20T09:41:18.433+0000][74][info ][gc,heap     ] GC(18) Eden regions: 52->0(580)
[2025-05-20T09:41:18.433+0000][74][info ][gc,heap     ] GC(18) Survivor regions: 2->2(21)
[2025-05-20T09:41:18.434+0000][74][info ][gc,heap     ] GC(18) Old regions: 26->26
[2025-05-20T09:41:18.434+0000][74][info ][gc,heap     ] GC(18) Humongous regions: 0->0
[2025-05-20T09:41:18.434+0000][74][info ][gc,metaspace] GC(18) Metaspace: 147057K(150848K)->147057K(150848K) NonClass: 127011K(129024K)->127011K(129024K) Class: 20045K(21824K)->20045K(21824K)
[2025-05-20T09:41:18.435+0000][74][info ][gc          ] GC(18) Pause Young (Concurrent Start) (CodeCache GC Threshold) 311M->107M(3880M) 39.419ms
[2025-05-20T09:41:18.435+0000][74][info ][gc,cpu      ] GC(18) User=0.13s Sys=0.00s Real=0.04s
[2025-05-20T09:41:18.436+0000][74][info ][gc          ] GC(19) Concurrent Mark Cycle
[2025-05-20T09:41:18.436+0000][74][info ][safepoint   ] Safepoint "G1TryInitiateConcMark", Time since last: 158406751 ns, Reaching safepoint: 21636 ns, Cleanup: 58042 ns, At safepoint: 40803598 ns, Total: 40883276 ns
[2025-05-20T09:41:18.439+0000][74][info ][gc,marking  ] GC(19) Concurrent Scan Root Regions
[2025-05-20T09:41:18.536+0000][74][info ][gc,marking  ] GC(19) Concurrent Scan Root Regions 97.211ms
[2025-05-20T09:41:18.538+0000][74][info ][gc,marking  ] GC(19) Concurrent Mark
[2025-05-20T09:41:18.538+0000][74][info ][gc,marking  ] GC(19) Concurrent Mark From Roots
[2025-05-20T09:41:18.539+0000][74][info ][gc,task     ] GC(19) Using 3 workers of 3 for marking
[2025-05-20T09:41:18.798+0000][74][info ][gc,marking  ] GC(19) Concurrent Mark From Roots 259.998ms
[2025-05-20T09:41:18.799+0000][74][info ][gc,marking  ] GC(19) Concurrent Preclean
[2025-05-20T09:41:18.800+0000][74][info ][gc,marking  ] GC(19) Concurrent Preclean 1.274ms
[2025-05-20T09:41:18.801+0000][74][info ][gc,start    ] GC(19) Pause Remark
[2025-05-20T09:41:19.090+0000][74][info ][gc,mmu      ] GC(19) MMU target violated: 201.0ms (200.0ms/201.0ms)
[2025-05-20T09:41:19.091+0000][74][info ][gc          ] GC(19) Pause Remark 112M->112M(3880M) 290.395ms
[2025-05-20T09:41:19.092+0000][74][info ][gc,cpu      ] GC(19) User=2.50s Sys=0.00s Real=0.29s
[2025-05-20T09:41:19.093+0000][74][info ][safepoint   ] Safepoint "G1PauseRemark", Time since last: 364562104 ns, Reaching safepoint: 35648 ns, Cleanup: 25644 ns, At safepoint: 292423576 ns, Total: 292484868 ns
[2025-05-20T09:41:19.098+0000][74][info ][gc,marking  ] GC(19) Concurrent Mark 560.359ms
[2025-05-20T09:41:19.100+0000][74][info ][gc,marking  ] GC(19) Concurrent Rebuild Remembered Sets and Scrub Regions
[2025-05-20T09:41:19.128+0000][74][info ][gc,marking  ] GC(19) Concurrent Rebuild Remembered Sets and Scrub Regions 28.454ms
[2025-05-20T09:41:19.134+0000][74][info ][gc,start    ] GC(19) Pause Cleanup
[2025-05-20T09:41:19.139+0000][74][info ][gc          ] GC(19) Pause Cleanup 117M->117M(3880M) 5.661ms
[2025-05-20T09:41:19.145+0000][74][info ][gc,cpu      ] GC(19) User=0.01s Sys=0.00s Real=0.01s
[2025-05-20T09:41:19.150+0000][74][info ][safepoint   ] Safepoint "G1PauseCleanup", Time since last: 39906204 ns, Reaching safepoint: 29491 ns, Cleanup: 706886 ns, At safepoint: 16309376 ns, Total: 17045753 ns
[2025-05-20T09:41:19.154+0000][74][info ][gc,marking  ] GC(19) Concurrent Clear Claimed Marks
[2025-05-20T09:41:19.155+0000][74][info ][gc,marking  ] GC(19) Concurrent Clear Claimed Marks 1.072ms
[2025-05-20T09:41:19.155+0000][74][info ][gc,marking  ] GC(19) Concurrent Cleanup for Next Mark
[2025-05-20T09:41:19.235+0000][74][info ][gc,marking  ] GC(19) Concurrent Cleanup for Next Mark 79.670ms
[2025-05-20T09:41:19.240+0000][74][info ][gc          ] GC(19) Concurrent Mark Cycle 804.212ms
[2025-05-20T09:41:23.207+0000][74][info ][safepoint   ] Safepoint "Cleanup", Time since last: 4057317657 ns, Reaching safepoint: 5822 ns, Cleanup: 7266 ns, At safepoint: 14845 ns, Total: 27933 ns
[2025-05-20T09:41:29.209+0000][74][info ][safepoint   ] Safepoint "Cleanup", Time since last: 6001489535 ns, Reaching safepoint: 26331 ns, Cleanup: 17691 ns, At safepoint: 10379 ns, Total: 54401 ns
[2025-05-20T09:41:31.210+0000][74][info ][safepoint   ] Safepoint "Cleanup", Time since last: 2000733995 ns, Reaching safepoint: 20117 ns, Cleanup: 12329 ns, At safepoint: 9315 ns, Total: 41761 ns
[2025-05-20T09:41:40.212+0000][74][info ][safepoint   ] Safepoint "Cleanup", Time since last: 9002446484 ns, Reaching safepoint: 73310 ns, Cleanup: 13993 ns, At safepoint: 9618 ns, Total: 96921 ns
[2025-05-20T09:41:45.212+0000][74][info ][safepoint   ] Safepoint "Cleanup", Time since last: 5001143109 ns, Reaching safepoint: 26384 ns, Cleanup: 12170 ns, At safepoint: 34128 ns, Total: 72682 ns
[2025-05-20T09:41:49.213+0000][74][info ][safepoint   ] Safepoint "Cleanup", Time since last: 4001606303 ns, Reaching safepoint: 34444 ns, Cleanup: 13965 ns, At safepoint: 16363 ns, Total: 64772 ns
[2025-05-20T09:41:59.216+0000][74][info ][safepoint   ] Safepoint "Cleanup", Time since last: 10002904886 ns, Reaching safepoint: 37434 ns, Cleanup: 20822 ns, At safepoint: 11550 ns, Total: 69806 ns
[2025-05-20T09:42:09.218+0000][74][info ][safepoint   ] Safepoint "Cleanup", Time since last: 10002217124 ns, Reaching safepoint: 45653 ns, Cleanup: 11776 ns, At safepoint: 7525 ns, Total: 64954 ns
[2025-05-20T09:42:14.432+0000][74][info ][safepoint   ] Safepoint "Cleanup", Time since last: 5213436983 ns, Reaching safepoint: 19419 ns, Cleanup: 11352 ns, At safepoint: 8301 ns, Total: 39072 ns
[2025-05-20T09:42:19.431+0000][74][info ][safepoint   ] Safepoint "Cleanup", Time since last: 5001153966 ns, Reaching safepoint: 36571 ns, Cleanup: 17070 ns, At safepoint: 18287 ns, Total: 71928 ns
[2025-05-20T09:42:21.484+0000][74][info ][safepoint   ] Safepoint "Cleanup", Time since last: 2052569448 ns, Reaching safepoint: 96128 ns, Cleanup: 9085 ns, At safepoint: 45297 ns, Total: 150510 ns
[2025-05-20T09:42:29.497+0000][74][info ][safepoint   ] Safepoint "Cleanup", Time since last: 8013895979 ns, Reaching safepoint: 31318 ns, Cleanup: 16142 ns, At safepoint: 15110 ns, Total: 62570 ns
[2025-05-20T09:42:34.499+0000][74][info ][safepoint   ] Safepoint "Cleanup", Time since last: 5001475112 ns, Reaching safepoint: 154359 ns, Cleanup: 18241 ns, At safepoint: 36377 ns, Total: 208977 ns
[2025-05-20T09:42:39.501+0000][74][info ][safepoint   ] Safepoint "Cleanup", Time since last: 5001350343 ns, Reaching safepoint: 33464 ns, Cleanup: 23612 ns, At safepoint: 16068 ns, Total: 73144 ns
[2025-05-20T09:42:51.501+0000][74][info ][safepoint   ] Safepoint "Cleanup", Time since last: 12002471536 ns, Reaching safepoint: 63643 ns, Cleanup: 23177 ns, At safepoint: 15014 ns, Total: 101834 ns
[2025-05-20T09:43:00.506+0000][74][info ][safepoint   ] Safepoint "Cleanup", Time since last: 9004948950 ns, Reaching safepoint: 32073 ns, Cleanup: 16744 ns, At safepoint: 15441 ns, Total: 64258 ns
[2025-05-20T09:43:24.233+0000][74][info ][safepoint   ] Safepoint "Cleanup", Time since last: 23728654671 ns, Reaching safepoint: 300355 ns, Cleanup: 20107 ns, At safepoint: 159620 ns, Total: 480082 ns
[2025-05-20T09:43:25.527+0000][74][info ][safepoint   ] Safepoint "Cleanup", Time since last: 1293749226 ns, Reaching safepoint: 34654 ns, Cleanup: 26416 ns, At safepoint: 11521 ns, Total: 72591 ns
[2025-05-20T09:43:28.529+0000][74][info ][safepoint   ] Safepoint "Cleanup", Time since last: 3001489763 ns, Reaching safepoint: 52120 ns, Cleanup: 16203 ns, At safepoint: 17073 ns, Total: 85396 ns
[2025-05-20T09:43:29.530+0000][74][info ][safepoint   ] Safepoint "Cleanup", Time since last: 1000792187 ns, Reaching safepoint: 33195 ns, Cleanup: 13406 ns, At safepoint: 8587 ns, Total: 55188 ns
[2025-05-20T09:43:42.533+0000][74][info ][safepoint   ] Safepoint "Cleanup", Time since last: 13002810066 ns, Reaching safepoint: 58205 ns, Cleanup: 14411 ns, At safepoint: 9753 ns, Total: 82369 ns
[2025-05-20T09:43:51.533+0000][74][info ][safepoint   ] Safepoint "Cleanup", Time since last: 9002019088 ns, Reaching safepoint: 46275 ns, Cleanup: 17941 ns, At safepoint: 18933 ns, Total: 83149 ns
[2025-05-20T09:44:03.536+0000][74][info ][safepoint   ] Safepoint "Cleanup", Time since last: 12003176277 ns, Reaching safepoint: 25460 ns, Cleanup: 12439 ns, At safepoint: 46958 ns, Total: 84857 ns
[2025-05-20T09:44:27.242+0000][74][info ][safepoint   ] Safepoint "Cleanup", Time since last: 23709382353 ns, Reaching safepoint: 98111 ns, Cleanup: 8640 ns, At safepoint: 17023 ns, Total: 123774 ns
[2025-05-20T09:44:28.559+0000][74][info ][safepoint   ] Safepoint "Cleanup", Time since last: 1316640085 ns, Reaching safepoint: 31374 ns, Cleanup: 18130 ns, At safepoint: 14670 ns, Total: 64174 ns
[2025-05-20T09:44:29.563+0000][74][info ][safepoint   ] Safepoint "Cleanup", Time since last: 1003430820 ns, Reaching safepoint: 34085 ns, Cleanup: 19194 ns, At safepoint: 16701 ns, Total: 69980 ns
[2025-05-20T09:44:58.567+0000][74][info ][safepoint   ] Safepoint "Cleanup", Time since last: 29005298884 ns, Reaching safepoint: 33995 ns, Cleanup: 22036 ns, At safepoint: 15223 ns, Total: 71254 ns
[2025-05-20T09:45:00.568+0000][74][info ][safepoint   ] Safepoint "Cleanup", Time since last: 2001147397 ns, Reaching safepoint: 31587 ns, Cleanup: 17092 ns, At safepoint: 15263 ns, Total: 63942 ns
[2025-05-20T09:45:10.570+0000][74][info ][safepoint   ] Safepoint "Cleanup", Time since last: 10001843798 ns, Reaching safepoint: 129394 ns, Cleanup: 16794 ns, At safepoint: 16562 ns, Total: 162750 ns
[2025-05-20T09:45:28.535+0000][74][info ][safepoint   ] Safepoint "Cleanup", Time since last: 17967685096 ns, Reaching safepoint: 24756 ns, Cleanup: 13731 ns, At safepoint: 10607 ns, Total: 49094 ns
[2025-05-20T09:45:29.537+0000][74][info ][safepoint   ] Safepoint "Cleanup", Time since last: 1002021536 ns, Reaching safepoint: 32838 ns, Cleanup: 20537 ns, At safepoint: 15383 ns, Total: 68758 ns
[2025-05-20T09:45:30.584+0000][74][info ][safepoint   ] Safepoint "Cleanup", Time since last: 1046647003 ns, Reaching safepoint: 26894 ns, Cleanup: 13367 ns, At safepoint: 66078 ns, Total: 106339 ns
[2025-05-20T09:45:31.603+0000][74][info ][safepoint   ] Safepoint "Cleanup", Time since last: 1018977323 ns, Reaching safepoint: 36573 ns, Cleanup: 15392 ns, At safepoint: 16044 ns, Total: 68009 ns
[2025-05-20T09:45:45.604+0000][74][info ][safepoint   ] Safepoint "Cleanup", Time since last: 14002460602 ns, Reaching safepoint: 79484 ns, Cleanup: 14814 ns, At safepoint: 17799 ns, Total: 112097 ns
[2025-05-20T09:45:58.607+0000][74][info ][safepoint   ] Safepoint "Cleanup", Time since last: 13002227201 ns, Reaching safepoint: 30095 ns, Cleanup: 14690 ns, At safepoint: 11231 ns, Total: 56016 ns
[2025-05-20T09:46:03.240+0000][74][info ][safepoint   ] Safepoint "Cleanup", Time since last: 4633895754 ns, Reaching safepoint: 7079 ns, Cleanup: 10057 ns, At safepoint: 14024 ns, Total: 31160 ns
[2025-05-20T09:46:04.636+0000][74][info ][safepoint   ] Safepoint "Cleanup", Time since last: 1395813032 ns, Reaching safepoint: 24378 ns, Cleanup: 25294 ns, At safepoint: 31236 ns, Total: 80908 ns
[2025-05-20T09:46:06.637+0000][74][info ][safepoint   ] Safepoint "Cleanup", Time since last: 2000649409 ns, Reaching safepoint: 63654 ns, Cleanup: 14447 ns, At safepoint: 8763 ns, Total: 86864 ns
[2025-05-20T09:46:07.670+0000][74][info ][safepoint   ] Safepoint "Cleanup", Time since last: 1032530392 ns, Reaching safepoint: 27882 ns, Cleanup: 15136 ns, At safepoint: 11682 ns, Total: 54700 ns
[2025-05-20T09:46:26.272+0000][74][info ][safepoint   ] Safepoint "Cleanup", Time since last: 18605842468 ns, Reaching safepoint: 53420 ns, Cleanup: 10570 ns, At safepoint: 22989 ns, Total: 86979 ns
[2025-05-20T09:46:29.302+0000][74][info ][safepoint   ] Safepoint "Cleanup", Time since last: 3029019154 ns, Reaching safepoint: 35868 ns, Cleanup: 27897 ns, At safepoint: 16613 ns, Total: 80378 ns
[2025-05-20T09:46:33.243+0000][74][info ][safepoint   ] Safepoint "Cleanup", Time since last: 3941420131 ns, Reaching safepoint: 15358 ns, Cleanup: 18337 ns, At safepoint: 80325 ns, Total: 114020 ns
[2025-05-20T09:46:34.694+0000][74][info ][safepoint   ] Safepoint "Cleanup", Time since last: 1450578145 ns, Reaching safepoint: 30412 ns, Cleanup: 15495 ns, At safepoint: 12581 ns, Total: 58488 ns
[2025-05-20T09:46:39.308+0000][74][info ][safepoint   ] Safepoint "Cleanup", Time since last: 4614591768 ns, Reaching safepoint: 14975 ns, Cleanup: 25896 ns, At safepoint: 78116 ns, Total: 118987 ns
[2025-05-20T09:46:40.356+0000][74][info ][safepoint   ] Safepoint "Cleanup", Time since last: 1047386413 ns, Reaching safepoint: 28996 ns, Cleanup: 23230 ns, At safepoint: 11763 ns, Total: 63989 ns
[2025-05-20T09:46:54.357+0000][74][info ][safepoint   ] Safepoint "Cleanup", Time since last: 14002975445 ns, Reaching safepoint: 68336 ns, Cleanup: 14799 ns, At safepoint: 29866 ns, Total: 113001 ns
[2025-05-20T09:47:09.360+0000][74][info ][safepoint   ] Safepoint "Cleanup", Time since last: 15002844348 ns, Reaching safepoint: 117643 ns, Cleanup: 21336 ns, At safepoint: 19838 ns, Total: 158817 ns
[2025-05-20T09:47:14.598+0000][74][info ][safepoint   ] Safepoint "Cleanup", Time since last: 5238026061 ns, Reaching safepoint: 27701 ns, Cleanup: 19736 ns, At safepoint: 11495 ns, Total: 58932 ns
[2025-05-20T09:47:29.600+0000][74][info ][safepoint   ] Safepoint "Cleanup", Time since last: 15002629507 ns, Reaching safepoint: 56813 ns, Cleanup: 17391 ns, At safepoint: 11996 ns, Total: 86200 ns
[2025-05-20T09:47:36.243+0000][74][info ][safepoint   ] Safepoint "Cleanup", Time since last: 6643801674 ns, Reaching safepoint: 6494 ns, Cleanup: 6260 ns, At safepoint: 14297 ns, Total: 27051 ns
[2025-05-20T09:47:37.755+0000][74][info ][safepoint   ] Safepoint "Cleanup", Time since last: 1511487724 ns, Reaching safepoint: 26875 ns, Cleanup: 16183 ns, At safepoint: 10498 ns, Total: 53556 ns
[2025-05-20T09:47:42.756+0000][74][info ][safepoint   ] Safepoint "Cleanup", Time since last: 5001414085 ns, Reaching safepoint: 33894 ns, Cleanup: 16348 ns, At safepoint: 16980 ns, Total: 67222 ns
[2025-05-20T09:48:12.633+0000][74][info ][safepoint   ] Safepoint "Cleanup", Time since last: 29879086935 ns, Reaching safepoint: 21799 ns, Cleanup: 13802 ns, At safepoint: 9394 ns, Total: 44995 ns
[2025-05-20T09:48:22.634+0000][74][info ][safepoint   ] Safepoint "Cleanup", Time since last: 10002666364 ns, Reaching safepoint: 85929 ns, Cleanup: 19845 ns, At safepoint: 21626 ns, Total: 127400 ns
[2025-05-20T09:48:29.635+0000][74][info ][safepoint   ] Safepoint "Cleanup", Time since last: 7001614398 ns, Reaching safepoint: 41797 ns, Cleanup: 14957 ns, At safepoint: 8037 ns, Total: 64791 ns
[2025-05-20T09:48:30.636+0000][74][info ][safepoint   ] Safepoint "Cleanup", Time since last: 1000643987 ns, Reaching safepoint: 19427 ns, Cleanup: 12976 ns, At safepoint: 8521 ns, Total: 40924 ns
[2025-05-20T09:48:34.637+0000][74][info ][safepoint   ] Safepoint "Cleanup", Time since last: 4001068984 ns, Reaching safepoint: 26243 ns, Cleanup: 15198 ns, At safepoint: 9926 ns, Total: 51367 ns
[2025-05-20T09:48:39.243+0000][74][info ][safepoint   ] Safepoint "Cleanup", Time since last: 4605665775 ns, Reaching safepoint: 8561 ns, Cleanup: 15584 ns, At safepoint: 14442 ns, Total: 38587 ns
[2025-05-20T09:48:40.801+0000][74][info ][safepoint   ] Safepoint "Cleanup", Time since last: 1557957657 ns, Reaching safepoint: 28651 ns, Cleanup: 19127 ns, At safepoint: 11279 ns, Total: 59057 ns
[2025-05-20T09:48:53.802+0000][74][info ][safepoint   ] Safepoint "Cleanup", Time since last: 13002332991 ns, Reaching safepoint: 72174 ns, Cleanup: 14537 ns, At safepoint: 17592 ns, Total: 104303 ns
[2025-05-20T09:49:02.804+0000][74][info ][safepoint   ] Safepoint "Cleanup", Time since last: 9002050724 ns, Reaching safepoint: 22416 ns, Cleanup: 12039 ns, At safepoint: 8378 ns, Total: 42833 ns
[2025-05-20T09:49:15.666+0000][74][info ][safepoint   ] Safepoint "Cleanup", Time since last: 12864195172 ns, Reaching safepoint: 49469 ns, Cleanup: 12800 ns, At safepoint: 8323 ns, Total: 70592 ns
[2025-05-20T09:49:18.667+0000][74][info ][safepoint   ] Safepoint "Cleanup", Time since last: 3001126726 ns, Reaching safepoint: 34749 ns, Cleanup: 17356 ns, At safepoint: 18344 ns, Total: 70449 ns
[2025-05-20T09:49:24.668+0000][74][info ][safepoint   ] Safepoint "Cleanup", Time since last: 6001282184 ns, Reaching safepoint: 21132 ns, Cleanup: 113222 ns, At safepoint: 10516 ns, Total: 144870 ns
[2025-05-20T09:49:29.670+0000][74][info ][safepoint   ] Safepoint "Cleanup", Time since last: 5001312949 ns, Reaching safepoint: 35802 ns, Cleanup: 19741 ns, At safepoint: 17322 ns, Total: 72865 ns
[2025-05-20T09:49:30.670+0000][74][info ][safepoint   ] Safepoint "Cleanup", Time since last: 1000654575 ns, Reaching safepoint: 32597 ns, Cleanup: 15241 ns, At safepoint: 15526 ns, Total: 63364 ns
[2025-05-20T09:49:42.237+0000][74][info ][safepoint   ] Safepoint "Cleanup", Time since last: 11566989819 ns, Reaching safepoint: 10002 ns, Cleanup: 10607 ns, At safepoint: 20259 ns, Total: 40868 ns
[2025-05-20T09:49:43.848+0000][74][info ][safepoint   ] Safepoint "Cleanup", Time since last: 1610524116 ns, Reaching safepoint: 55945 ns, Cleanup: 20531 ns, At safepoint: 11368 ns, Total: 87844 ns
[2025-05-20T09:49:58.849+0000][74][info ][safepoint   ] Safepoint "Cleanup", Time since last: 15003277044 ns, Reaching safepoint: 32408 ns, Cleanup: 14891 ns, At safepoint: 15836 ns, Total: 63135 ns
[2025-05-20T09:50:09.852+0000][74][info ][safepoint   ] Safepoint "Cleanup", Time since last: 11002258617 ns, Reaching safepoint: 35111 ns, Cleanup: 15408 ns, At safepoint: 17282 ns, Total: 67801 ns
[2025-05-20T09:50:29.700+0000][74][info ][safepoint   ] Safepoint "Cleanup", Time since last: 19849845811 ns, Reaching safepoint: 71515 ns, Cleanup: 15099 ns, At safepoint: 15460 ns, Total: 102074 ns
[2025-05-20T09:50:45.258+0000][74][info ][safepoint   ] Safepoint "Cleanup", Time since last: 15560148864 ns, Reaching safepoint: 102137 ns, Cleanup: 11408 ns, At safepoint: 65109 ns, Total: 178654 ns
[2025-05-20T09:51:06.914+0000][74][info ][safepoint   ] Safepoint "Cleanup", Time since last: 21656146887 ns, Reaching safepoint: 6247 ns, Cleanup: 10732 ns, At safepoint: 3375 ns, Total: 20354 ns
[2025-05-20T09:51:07.980+0000][74][info ][safepoint   ] Safepoint "Cleanup", Time since last: 1065538982 ns, Reaching safepoint: 151064 ns, Cleanup: 9389 ns, At safepoint: 43192 ns, Total: 203645 ns
[2025-05-20T09:51:29.732+0000][74][info ][safepoint   ] Safepoint "Cleanup", Time since last: 21753740228 ns, Reaching safepoint: 48603 ns, Cleanup: 14163 ns, At safepoint: 9522 ns, Total: 72288 ns
[2025-05-20T09:51:40.101+0000][74][info ][safepoint   ] Safepoint "Cleanup", Time since last: 10369259761 ns, Reaching safepoint: 20850 ns, Cleanup: 14826 ns, At safepoint: 9404 ns, Total: 45080 ns
[2025-05-20T09:51:48.249+0000][74][info ][safepoint   ] Safepoint "Cleanup", Time since last: 8149863752 ns, Reaching safepoint: 369346 ns, Cleanup: 14112 ns, At safepoint: 159649 ns, Total: 543107 ns
[2025-05-20T09:52:30.764+0000][74][info ][safepoint   ] Safepoint "Cleanup", Time since last: 42517458396 ns, Reaching safepoint: 188658 ns, Cleanup: 16628 ns, At safepoint: 9495 ns, Total: 214781 ns
[2025-05-20T09:52:51.241+0000][74][info ][safepoint   ] Safepoint "Cleanup", Time since last: 20477781840 ns, Reaching safepoint: 5797 ns, Cleanup: 8407 ns, At safepoint: 3125 ns, Total: 17329 ns
[2025-05-20T09:52:53.073+0000][74][info ][safepoint   ] Safepoint "Cleanup", Time since last: 1832232089 ns, Reaching safepoint: 29631 ns, Cleanup: 15438 ns, At safepoint: 10324 ns, Total: 55393 ns
[2025-05-20T09:53:28.796+0000][74][info ][safepoint   ] Safepoint "Cleanup", Time since last: 35724876223 ns, Reaching safepoint: 57453 ns, Cleanup: 16675 ns, At safepoint: 8901 ns, Total: 83029 ns
[2025-05-20T09:53:39.798+0000][74][info ][safepoint   ] Safepoint "Cleanup", Time since last: 11002247947 ns, Reaching safepoint: 35259 ns, Cleanup: 17058 ns, At safepoint: 18245 ns, Total: 70562 ns
[2025-05-20T09:53:42.799+0000][74][info ][safepoint   ] Safepoint "Cleanup", Time since last: 3000771266 ns, Reaching safepoint: 20877 ns, Cleanup: 12120 ns, At safepoint: 8583 ns, Total: 41580 ns
[2025-05-20T09:54:29.826+0000][74][info ][safepoint   ] Safepoint "Cleanup", Time since last: 47031253625 ns, Reaching safepoint: 70546 ns, Cleanup: 14536 ns, At safepoint: 16108 ns, Total: 101190 ns
[2025-05-20T09:54:30.827+0000][74][info ][safepoint   ] Safepoint "Cleanup", Time since last: 1000772173 ns, Reaching safepoint: 33686 ns, Cleanup: 14812 ns, At safepoint: 16297 ns, Total: 64795 ns
[2025-05-20T09:54:45.828+0000][74][info ][safepoint   ] Safepoint "Cleanup", Time since last: 15003064807 ns, Reaching safepoint: 31436 ns, Cleanup: 14601 ns, At safepoint: 15463 ns, Total: 61500 ns
[2025-05-20T09:54:57.261+0000][74][info ][safepoint   ] Safepoint "Cleanup", Time since last: 11432413494 ns, Reaching safepoint: 14534 ns, Cleanup: 17281 ns, At safepoint: 77361 ns, Total: 109176 ns
[2025-05-20T09:54:59.168+0000][74][info ][safepoint   ] Safepoint "Cleanup", Time since last: 1907292763 ns, Reaching safepoint: 28700 ns, Cleanup: 19975 ns, At safepoint: 11748 ns, Total: 60423 ns
[2025-05-20T09:55:03.170+0000][74][info ][safepoint   ] Safepoint "Cleanup", Time since last: 4002366498 ns, Reaching safepoint: 40231 ns, Cleanup: 17225 ns, At safepoint: 11598 ns, Total: 69054 ns
[2025-05-20T09:55:12.861+0000][74][info ][safepoint   ] Safepoint "Cleanup", Time since last: 9690236676 ns, Reaching safepoint: 32636 ns, Cleanup: 15849 ns, At safepoint: 16450 ns, Total: 64935 ns
[2025-05-20T09:55:22.861+0000][74][info ][safepoint   ] Safepoint "Cleanup", Time since last: 10002025209 ns, Reaching safepoint: 79009 ns, Cleanup: 18910 ns, At safepoint: 35436 ns, Total: 133355 ns
[2025-05-20T09:55:45.256+0000][74][info ][safepoint   ] Safepoint "Cleanup", Time since last: 22396977640 ns, Reaching safepoint: 264325 ns, Cleanup: 14667 ns, At safepoint: 145532 ns, Total: 424524 ns
[2025-05-20T09:55:47.208+0000][74][info ][safepoint   ] Safepoint "Cleanup", Time since last: 1951440419 ns, Reaching safepoint: 32029 ns, Cleanup: 26163 ns, At safepoint: 11604 ns, Total: 69796 ns
[2025-05-20T09:56:00.210+0000][74][info ][safepoint   ] Safepoint "Cleanup", Time since last: 13002708115 ns, Reaching safepoint: 27268 ns, Cleanup: 17858 ns, At safepoint: 10418 ns, Total: 55544 ns
[2025-05-20T09:56:09.248+0000][74][info ][safepoint   ] Safepoint "Cleanup", Time since last: 9037668002 ns, Reaching safepoint: 102257 ns, Cleanup: 11226 ns, At safepoint: 38500 ns, Total: 151983 ns
[2025-05-20T09:56:28.895+0000][74][info ][safepoint   ] Safepoint "Cleanup", Time since last: 19649211288 ns, Reaching safepoint: 59283 ns, Cleanup: 17079 ns, At safepoint: 10302 ns, Total: 86664 ns
[2025-05-20T09:56:39.081+0000][74][info ][safepoint   ] Safepoint "Cleanup", Time since last: 10185516770 ns, Reaching safepoint: 28644 ns, Cleanup: 17593 ns, At safepoint: 127107 ns, Total: 173344 ns
[2025-05-20T09:57:04.398+0000][74][info ][safepoint   ] Safepoint "Cleanup", Time since last: 25318655320 ns, Reaching safepoint: 29112 ns, Cleanup: 11674 ns, At safepoint: 120232 ns, Total: 161018 ns
[2025-05-20T09:57:05.405+0000][74][info ][safepoint   ] Safepoint "Cleanup", Time since last: 1006782659 ns, Reaching safepoint: 8839 ns, Cleanup: 8141 ns, At safepoint: 14544 ns, Total: 31524 ns
[2025-05-20T09:57:09.409+0000][74][info ][safepoint   ] Safepoint "Cleanup", Time since last: 4004648649 ns, Reaching safepoint: 30243 ns, Cleanup: 18458 ns, At safepoint: 12644 ns, Total: 61345 ns
[2025-05-20T09:57:28.929+0000][74][info ][safepoint   ] Safepoint "Cleanup", Time since last: 19521383539 ns, Reaching safepoint: 61753 ns, Cleanup: 14500 ns, At safepoint: 11854 ns, Total: 88107 ns
[2025-05-20T09:57:29.930+0000][74][info ][safepoint   ] Safepoint "Cleanup", Time since last: 1000700991 ns, Reaching safepoint: 25182 ns, Cleanup: 14139 ns, At safepoint: 10796 ns, Total: 50117 ns
[2025-05-20T09:57:43.934+0000][74][info ][safepoint   ] Safepoint "Cleanup", Time since last: 14003593312 ns, Reaching safepoint: 28061 ns, Cleanup: 16597 ns, At safepoint: 11950 ns, Total: 56608 ns
[2025-05-20T09:58:03.936+0000][74][info ][safepoint   ] Safepoint "Cleanup", Time since last: 20003917136 ns, Reaching safepoint: 69520 ns, Cleanup: 18476 ns, At safepoint: 29959 ns, Total: 117955 ns
[2025-05-20T09:58:07.439+0000][74][info ][safepoint   ] Safepoint "Cleanup", Time since last: 3503274810 ns, Reaching safepoint: 27295 ns, Cleanup: 22859 ns, At safepoint: 11701 ns, Total: 61855 ns
[2025-05-20T09:58:28.963+0000][74][info ][safepoint   ] Safepoint "Cleanup", Time since last: 21526115623 ns, Reaching safepoint: 65340 ns, Cleanup: 15400 ns, At safepoint: 12494 ns, Total: 93234 ns
[2025-05-20T09:59:18.995+0000][74][info ][safepoint   ] Safepoint "Cleanup", Time since last: 50035060708 ns, Reaching safepoint: 37107 ns, Cleanup: 16327 ns, At safepoint: 12974 ns, Total: 66408 ns
[2025-05-20T09:59:22.011+0000][74][info ][safepoint   ] Safepoint "Cleanup", Time since last: 3016010832 ns, Reaching safepoint: 32065 ns, Cleanup: 14816 ns, At safepoint: 15070 ns, Total: 61951 ns
[2025-05-20T09:59:23.012+0000][74][info ][safepoint   ] Safepoint "Cleanup", Time since last: 1000755848 ns, Reaching safepoint: 33554 ns, Cleanup: 15512 ns, At safepoint: 15750 ns, Total: 64816 ns
[2025-05-20T10:00:12.230+0000][74][info ][safepoint   ] Safepoint "Cleanup", Time since last: 49220400490 ns, Reaching safepoint: 766547 ns, Cleanup: 13857 ns, At safepoint: 156603 ns, Total: 937007 ns
[2025-05-20T10:00:13.536+0000][74][info ][safepoint   ] Safepoint "Cleanup", Time since last: 1305549088 ns, Reaching safepoint: 25045 ns, Cleanup: 14334 ns, At safepoint: 10506 ns, Total: 49885 ns
[2025-05-20T10:00:30.539+0000][74][info ][safepoint   ] Safepoint "Cleanup", Time since last: 17004205671 ns, Reaching safepoint: 181005 ns, Cleanup: 22077 ns, At safepoint: 20862 ns, Total: 223944 ns
[2025-05-20T10:01:11.544+0000][74][info ][safepoint   ] Safepoint "Cleanup", Time since last: 41007593647 ns, Reaching safepoint: 118715 ns, Cleanup: 22891 ns, At safepoint: 14892 ns, Total: 156498 ns
[2025-05-20T10:01:12.555+0000][74][info ][safepoint   ] Safepoint "Cleanup", Time since last: 1010891263 ns, Reaching safepoint: 19009 ns, Cleanup: 75145 ns, At safepoint: 25523 ns, Total: 119677 ns
[2025-05-20T10:01:13.566+0000][74][info ][safepoint   ] Safepoint "Cleanup", Time since last: 1010817331 ns, Reaching safepoint: 36431 ns, Cleanup: 15933 ns, At safepoint: 22335 ns, Total: 74699 ns
[2025-05-20T10:01:15.240+0000][74][info ][safepoint   ] Safepoint "Cleanup", Time since last: 1676816066 ns, Reaching safepoint: 13448 ns, Cleanup: 15125 ns, At safepoint: 19150 ns, Total: 47723 ns
[2025-05-20T10:01:16.607+0000][74][info ][safepoint   ] Safepoint "Cleanup", Time since last: 1366401247 ns, Reaching safepoint: 35296 ns, Cleanup: 15228 ns, At safepoint: 16883 ns, Total: 67407 ns
[2025-05-20T10:01:29.610+0000][74][info ][safepoint   ] Safepoint "Cleanup", Time since last: 13002755820 ns, Reaching safepoint: 74373 ns, Cleanup: 44302 ns, At safepoint: 38031 ns, Total: 156706 ns
[2025-05-20T10:01:30.611+0000][74][info ][safepoint   ] Safepoint "Cleanup", Time since last: 1000749667 ns, Reaching safepoint: 20490 ns, Cleanup: 11986 ns, At safepoint: 9056 ns, Total: 41532 ns
[2025-05-20T10:01:39.071+0000][74][info ][safepoint   ] Safepoint "Cleanup", Time since last: 8460452365 ns, Reaching safepoint: 44658 ns, Cleanup: 15228 ns, At safepoint: 32756 ns, Total: 92642 ns
[2025-05-20T10:01:42.045+0000][74][info ][safepoint   ] Safepoint "Cleanup", Time since last: 2973854758 ns, Reaching safepoint: 29283 ns, Cleanup: 20722 ns, At safepoint: 12370 ns, Total: 62375 ns
[2025-05-20T10:02:18.666+0000][74][info ][safepoint   ] Safepoint "Cleanup", Time since last: 36623919423 ns, Reaching safepoint: 6200 ns, Cleanup: 7788 ns, At safepoint: 3409 ns, Total: 17397 ns
[2025-05-20T10:02:19.666+0000][74][info ][safepoint   ] Safepoint "Cleanup", Time since last: 1000124065 ns, Reaching safepoint: 5487 ns, Cleanup: 7694 ns, At safepoint: 13692 ns, Total: 26873 ns
[2025-05-20T10:02:59.674+0000][74][info ][safepoint   ] Safepoint "Cleanup", Time since last: 40010421941 ns, Reaching safepoint: 87888 ns, Cleanup: 17034 ns, At safepoint: 18056 ns, Total: 122978 ns
[2025-05-20T10:03:21.233+0000][74][info ][safepoint   ] Safepoint "Cleanup", Time since last: 21561033899 ns, Reaching safepoint: 104132 ns, Cleanup: 15136 ns, At safepoint: 39308 ns, Total: 158576 ns
[2025-05-20T10:03:22.713+0000][74][info ][safepoint   ] Safepoint "Cleanup", Time since last: 1480258916 ns, Reaching safepoint: 27213 ns, Cleanup: 23323 ns, At safepoint: 10715 ns, Total: 61251 ns
[2025-05-20T10:03:29.715+0000][74][info ][safepoint   ] Safepoint "Cleanup", Time since last: 7001738242 ns, Reaching safepoint: 33700 ns, Cleanup: 28461 ns, At safepoint: 16795 ns, Total: 78956 ns
[2025-05-20T10:03:44.719+0000][74][info ][safepoint   ] Safepoint "Cleanup", Time since last: 15003453500 ns, Reaching safepoint: 79987 ns, Cleanup: 20165 ns, At safepoint: 17067 ns, Total: 117219 ns
[2025-05-20T10:03:45.718+0000][74][info ][safepoint   ] Safepoint "Cleanup", Time since last: 1000619602 ns, Reaching safepoint: 22619 ns, Cleanup: 32975 ns, At safepoint: 9822 ns, Total: 65416 ns
[2025-05-20T10:04:24.165+0000][74][info ][safepoint   ] Safepoint "Cleanup", Time since last: 38449890851 ns, Reaching safepoint: 43562 ns, Cleanup: 16484 ns, At safepoint: 12594 ns, Total: 72640 ns
[2025-05-20T10:04:25.773+0000][74][info ][safepoint   ] Safepoint "Cleanup", Time since last: 1607169027 ns, Reaching safepoint: 29571 ns, Cleanup: 17776 ns, At safepoint: 12316 ns, Total: 59663 ns
[2025-05-20T10:04:28.774+0000][74][info ][safepoint   ] Safepoint "Cleanup", Time since last: 3001037660 ns, Reaching safepoint: 19894 ns, Cleanup: 14747 ns, At safepoint: 8916 ns, Total: 43557 ns
[2025-05-20T10:04:58.778+0000][74][info ][safepoint   ] Safepoint "Cleanup", Time since last: 30005600017 ns, Reaching safepoint: 32975 ns, Cleanup: 16568 ns, At safepoint: 16147 ns, Total: 65690 ns
[2025-05-20T10:05:27.245+0000][74][info ][safepoint   ] Safepoint "Cleanup", Time since last: 28469947392 ns, Reaching safepoint: 16726 ns, Cleanup: 25594 ns, At safepoint: 86187 ns, Total: 128507 ns
[2025-05-20T10:05:49.824+0000][74][info ][safepoint   ] Safepoint "Cleanup", Time since last: 22580405562 ns, Reaching safepoint: 72548 ns, Cleanup: 19725 ns, At safepoint: 16974 ns, Total: 109247 ns
[2025-05-20T10:06:14.242+0000][74][info ][safepoint   ] Safepoint "Cleanup", Time since last: 24418208374 ns, Reaching safepoint: 31612 ns, Cleanup: 23238 ns, At safepoint: 15543 ns, Total: 70393 ns
[2025-05-20T10:06:15.847+0000][74][info ][safepoint   ] Safepoint "Cleanup", Time since last: 1606619220 ns, Reaching safepoint: 27578 ns, Cleanup: 11622 ns, At safepoint: 65992 ns, Total: 105192 ns
[2025-05-20T10:06:21.901+0000][74][info ][safepoint   ] Safepoint "Cleanup", Time since last: 6054222458 ns, Reaching safepoint: 40299 ns, Cleanup: 17143 ns, At safepoint: 20020 ns, Total: 77462 ns
[2025-05-20T10:06:59.277+0000][74][info ][safepoint   ] Safepoint "Cleanup", Time since last: 37377818583 ns, Reaching safepoint: 123088 ns, Cleanup: 18319 ns, At safepoint: 18359 ns, Total: 159766 ns
[2025-05-20T10:07:12.278+0000][74][info ][safepoint   ] Safepoint "Cleanup", Time since last: 13001392394 ns, Reaching safepoint: 125630 ns, Cleanup: 14922 ns, At safepoint: 13929 ns, Total: 154481 ns
[2025-05-20T10:07:24.279+0000][74][info ][safepoint   ] Safepoint "Cleanup", Time since last: 12002921771 ns, Reaching safepoint: 35123 ns, Cleanup: 16666 ns, At safepoint: 18004 ns, Total: 69793 ns
[2025-05-20T10:07:29.281+0000][74][info ][safepoint   ] Safepoint "Cleanup", Time since last: 5001136114 ns, Reaching safepoint: 18568 ns, Cleanup: 12291 ns, At safepoint: 8575 ns, Total: 39434 ns
[2025-05-20T10:07:33.234+0000][74][info ][safepoint   ] Safepoint "Cleanup", Time since last: 3953151330 ns, Reaching safepoint: 94588 ns, Cleanup: 11783 ns, At safepoint: 41016 ns, Total: 147387 ns
[2025-05-20T10:08:29.313+0000][74][info ][safepoint   ] Safepoint "Cleanup", Time since last: 56083086378 ns, Reaching safepoint: 44490 ns, Cleanup: 19186 ns, At safepoint: 18583 ns, Total: 82259 ns
[2025-05-20T10:08:34.315+0000][74][info ][safepoint   ] Safepoint "Cleanup", Time since last: 5002128186 ns, Reaching safepoint: 26742 ns, Cleanup: 17172 ns, At safepoint: 10705 ns, Total: 54619 ns
[2025-05-20T10:08:37.017+0000][74][info ][safepoint   ] Safepoint "Cleanup", Time since last: 2702006154 ns, Reaching safepoint: 12770 ns, Cleanup: 21732 ns, At safepoint: 172963 ns, Total: 207465 ns
[2025-05-20T10:08:54.040+0000][74][info ][safepoint   ] Safepoint "Cleanup", Time since last: 17024297729 ns, Reaching safepoint: 81913 ns, Cleanup: 22954 ns, At safepoint: 17125 ns, Total: 121992 ns
[2025-05-20T10:08:59.042+0000][74][info ][safepoint   ] Safepoint "Cleanup", Time since last: 5001305695 ns, Reaching safepoint: 34229 ns, Cleanup: 18346 ns, At safepoint: 17636 ns, Total: 70211 ns
[2025-05-20T10:09:15.346+0000][74][info ][safepoint   ] Safepoint "Cleanup", Time since last: 16306401482 ns, Reaching safepoint: 182802 ns, Cleanup: 16022 ns, At safepoint: 18536 ns, Total: 217360 ns
[2025-05-20T10:09:24.349+0000][74][info ][safepoint   ] Safepoint "Cleanup", Time since last: 9002805765 ns, Reaching safepoint: 28303 ns, Cleanup: 14805 ns, At safepoint: 11227 ns, Total: 54335 ns
[2025-05-20T10:09:27.354+0000][74][info ][safepoint   ] Safepoint "Cleanup", Time since last: 3004550790 ns, Reaching safepoint: 28243 ns, Cleanup: 14028 ns, At safepoint: 10153 ns, Total: 52424 ns
[2025-05-20T10:09:29.354+0000][74][info ][safepoint   ] Safepoint "Cleanup", Time since last: 2000804496 ns, Reaching safepoint: 38219 ns, Cleanup: 24956 ns, At safepoint: 10984 ns, Total: 74159 ns
[2025-05-20T10:09:33.358+0000][74][info ][safepoint   ] Safepoint "Cleanup", Time since last: 4003305123 ns, Reaching safepoint: 33406 ns, Cleanup: 22580 ns, At safepoint: 18535 ns, Total: 74521 ns
[2025-05-20T10:09:39.241+0000][74][info ][safepoint   ] Safepoint "Cleanup", Time since last: 5883538460 ns, Reaching safepoint: 13870 ns, Cleanup: 16602 ns, At safepoint: 13520 ns, Total: 43992 ns
[2025-05-20T10:09:41.093+0000][74][info ][safepoint   ] Safepoint "Cleanup", Time since last: 1851376913 ns, Reaching safepoint: 78840 ns, Cleanup: 15981 ns, At safepoint: 32795 ns, Total: 127616 ns
[2025-05-20T10:10:01.095+0000][74][info ][safepoint   ] Safepoint "Cleanup", Time since last: 20004111358 ns, Reaching safepoint: 33024 ns, Cleanup: 17217 ns, At safepoint: 15800 ns, Total: 66041 ns
[2025-05-20T10:10:29.381+0000][74][info ][safepoint   ] Safepoint "Cleanup", Time since last: 28287214252 ns, Reaching safepoint: 35970 ns, Cleanup: 18454 ns, At safepoint: 16673 ns, Total: 71097 ns
[2025-05-20T10:10:32.382+0000][74][info ][safepoint   ] Safepoint "Cleanup", Time since last: 3001001333 ns, Reaching safepoint: 29424 ns, Cleanup: 15723 ns, At safepoint: 11438 ns, Total: 56585 ns
[2025-05-20T10:10:39.122+0000][74][info ][safepoint   ] Safepoint "Cleanup", Time since last: 6740071359 ns, Reaching safepoint: 31972 ns, Cleanup: 14686 ns, At safepoint: 15796 ns, Total: 62454 ns
[2025-05-20T10:10:49.170+0000][74][info ][safepoint   ] Safepoint "Cleanup", Time since last: 10049900232 ns, Reaching safepoint: 57652 ns, Cleanup: 13637 ns, At safepoint: 32076 ns, Total: 103365 ns
[2025-05-20T10:11:02.185+0000][74][info ][safepoint   ] Safepoint "Cleanup", Time since last: 13014873199 ns, Reaching safepoint: 36903 ns, Cleanup: 16936 ns, At safepoint: 17222 ns, Total: 71061 ns
[2025-05-20T10:11:09.506+0000][74][info ][safepoint   ] Safepoint "Cleanup", Time since last: 7321554933 ns, Reaching safepoint: 17149 ns, Cleanup: 15318 ns, At safepoint: 31253 ns, Total: 63720 ns
[2025-05-20T10:11:14.412+0000][74][info ][safepoint   ] Safepoint "Cleanup", Time since last: 4904985970 ns, Reaching safepoint: 175749 ns, Cleanup: 17976 ns, At safepoint: 14902 ns, Total: 208627 ns
[2025-05-20T10:11:15.410+0000][74][info ][safepoint   ] Safepoint "Cleanup", Time since last: 1001174282 ns, Reaching safepoint: 36445 ns, Cleanup: 14880 ns, At safepoint: 17062 ns, Total: 68387 ns
[2025-05-20T10:11:18.237+0000][74][info ][safepoint   ] Safepoint "Cleanup", Time since last: 2827158365 ns, Reaching safepoint: 16007 ns, Cleanup: 17706 ns, At safepoint: 119478 ns, Total: 153191 ns
[2025-05-20T10:11:19.240+0000][74][info ][safepoint   ] Safepoint "Cleanup", Time since last: 1001985643 ns, Reaching safepoint: 164779 ns, Cleanup: 13585 ns, At safepoint: 59284 ns, Total: 237648 ns
[2025-05-20T10:11:20.255+0000][74][info ][safepoint   ] Safepoint "Cleanup", Time since last: 1015086989 ns, Reaching safepoint: 27181 ns, Cleanup: 14530 ns, At safepoint: 10052 ns, Total: 51763 ns
[2025-05-20T10:11:39.540+0000][74][info ][safepoint   ] Safepoint "Cleanup", Time since last: 19285488019 ns, Reaching safepoint: 24810 ns, Cleanup: 10523 ns, At safepoint: 65428 ns, Total: 100761 ns
[2025-05-20T10:11:46.334+0000][74][info ][safepoint   ] Safepoint "Cleanup", Time since last: 6794948737 ns, Reaching safepoint: 141588 ns, Cleanup: 8241 ns, At safepoint: 50473 ns, Total: 200302 ns
[2025-05-20T10:11:47.344+0000][74][info ][safepoint   ] Safepoint "Cleanup", Time since last: 1009786282 ns, Reaching safepoint: 19556 ns, Cleanup: 13595 ns, At safepoint: 41247 ns, Total: 74398 ns
[2025-05-20T10:12:06.354+0000][74][info ][safepoint   ] Safepoint "Cleanup", Time since last: 19009955268 ns, Reaching safepoint: 45826 ns, Cleanup: 18947 ns, At safepoint: 18365 ns, Total: 83138 ns
[2025-05-20T10:12:09.355+0000][74][info ][safepoint   ] Safepoint "Cleanup", Time since last: 3001063879 ns, Reaching safepoint: 38658 ns, Cleanup: 18976 ns, At safepoint: 18190 ns, Total: 75824 ns
[2025-05-20T10:12:14.444+0000][74][info ][safepoint   ] Safepoint "Cleanup", Time since last: 5089392866 ns, Reaching safepoint: 48034 ns, Cleanup: 16840 ns, At safepoint: 30091 ns, Total: 94965 ns
[2025-05-20T10:12:29.446+0000][74][info ][safepoint   ] Safepoint "Cleanup", Time since last: 15003212852 ns, Reaching safepoint: 33557 ns, Cleanup: 16749 ns, At safepoint: 16024 ns, Total: 66330 ns
[2025-05-20T10:12:44.449+0000][74][info ][safepoint   ] Safepoint "Cleanup", Time since last: 15002886354 ns, Reaching safepoint: 52171 ns, Cleanup: 18042 ns, At safepoint: 16872 ns, Total: 87085 ns
[2025-05-20T10:12:48.399+0000][74][info ][safepoint   ] Safepoint "Cleanup", Time since last: 3952005088 ns, Reaching safepoint: 7036 ns, Cleanup: 9029 ns, At safepoint: 3342 ns, Total: 19407 ns
[2025-05-20T10:13:22.475+0000][74][info ][safepoint   ] Safepoint "Cleanup", Time since last: 34078121206 ns, Reaching safepoint: 77242 ns, Cleanup: 28352 ns, At safepoint: 16678 ns, Total: 122272 ns
[2025-05-20T10:13:28.477+0000][74][info ][safepoint   ] Safepoint "Cleanup", Time since last: 6001602227 ns, Reaching safepoint: 174081 ns, Cleanup: 16934 ns, At safepoint: 87381 ns, Total: 278396 ns
[2025-05-20T10:13:52.485+0000][74][info ][safepoint   ] Safepoint "Cleanup", Time since last: 24009868357 ns, Reaching safepoint: 9681 ns, Cleanup: 8247 ns, At safepoint: 3408 ns, Total: 21336 ns
[2025-05-20T10:13:55.495+0000][74][info ][safepoint   ] Safepoint "Cleanup", Time since last: 3010144644 ns, Reaching safepoint: 36634 ns, Cleanup: 15762 ns, At safepoint: 16756 ns, Total: 69152 ns
[2025-05-20T10:13:57.496+0000][74][info ][safepoint   ] Safepoint "Cleanup", Time since last: 2000935689 ns, Reaching safepoint: 35703 ns, Cleanup: 15031 ns, At safepoint: 17832 ns, Total: 68566 ns
[2025-05-20T10:13:58.498+0000][74][info ][safepoint   ] Safepoint "Cleanup", Time since last: 1001153935 ns, Reaching safepoint: 32166 ns, Cleanup: 16429 ns, At safepoint: 15128 ns, Total: 63723 ns
[2025-05-20T10:13:59.498+0000][74][info ][safepoint   ] Safepoint "Cleanup", Time since last: 1000661377 ns, Reaching safepoint: 33249 ns, Cleanup: 16472 ns, At safepoint: 11118 ns, Total: 60839 ns
[2025-05-20T10:14:04.500+0000][74][info ][safepoint   ] Safepoint "Cleanup", Time since last: 5001191927 ns, Reaching safepoint: 66924 ns, Cleanup: 16108 ns, At safepoint: 44847 ns, Total: 127879 ns
[2025-05-20T10:14:19.610+0000][74][info ][safepoint   ] Safepoint "Cleanup", Time since last: 15250857687 ns, Reaching safepoint: 117808 ns, Cleanup: 16771 ns, At safepoint: 17433 ns, Total: 152012 ns
[2025-05-20T10:14:28.626+0000][74][info ][safepoint   ] Safepoint "Cleanup", Time since last: 9015436704 ns, Reaching safepoint: 29324 ns, Cleanup: 21578 ns, At safepoint: 12853 ns, Total: 63755 ns
[2025-05-20T10:14:52.126+0000][74][info ][safepoint   ] Safepoint "Cleanup", Time since last: 23363737509 ns, Reaching safepoint: 12799 ns, Cleanup: 12324 ns, At safepoint: 21725 ns, Total: 46848 ns
[2025-05-20T10:14:53.570+0000][74][info ][safepoint   ] Safepoint "Cleanup", Time since last: 1444004597 ns, Reaching safepoint: 31399 ns, Cleanup: 92260 ns, At safepoint: 19688 ns, Total: 143347 ns
[2025-05-20T10:14:58.571+0000][74][info ][safepoint   ] Safepoint "Cleanup", Time since last: 5001432424 ns, Reaching safepoint: 34800 ns, Cleanup: 22056 ns, At safepoint: 16902 ns, Total: 73758 ns
[2025-05-20T10:15:59.622+0000][74][info ][safepoint   ] Safepoint "Cleanup", Time since last: 61053621434 ns, Reaching safepoint: 33673 ns, Cleanup: 18069 ns, At safepoint: 12577 ns, Total: 64319 ns
[2025-05-20T10:16:19.634+0000][74][info ][safepoint   ] Safepoint "Cleanup", Time since last: 20014643757 ns, Reaching safepoint: 16125 ns, Cleanup: 24291 ns, At safepoint: 69112 ns, Total: 109528 ns
[2025-05-20T10:16:21.653+0000][74][info ][safepoint   ] Safepoint "Cleanup", Time since last: 2018889456 ns, Reaching safepoint: 79290 ns, Cleanup: 16092 ns, At safepoint: 17942 ns, Total: 113324 ns
[2025-05-20T10:16:28.694+0000][74][info ][safepoint   ] Safepoint "Cleanup", Time since last: 7041044466 ns, Reaching safepoint: 274207 ns, Cleanup: 14572 ns, At safepoint: 66565 ns, Total: 355344 ns
[2025-05-20T10:16:29.695+0000][74][info ][safepoint   ] Safepoint "Cleanup", Time since last: 1000993348 ns, Reaching safepoint: 27529 ns, Cleanup: 17738 ns, At safepoint: 11499 ns, Total: 56766 ns
[2025-05-20T10:16:39.072+0000][74][info ][safepoint   ] Safepoint "Cleanup", Time since last: 9376221081 ns, Reaching safepoint: 13478 ns, Cleanup: 23179 ns, At safepoint: 78724 ns, Total: 115381 ns
[2025-05-20T10:16:40.104+0000][74][info ][safepoint   ] Safepoint "Cleanup", Time since last: 1032604314 ns, Reaching safepoint: 36505 ns, Cleanup: 18072 ns, At safepoint: 18427 ns, Total: 73004 ns
[2025-05-20T10:16:54.105+0000][74][info ][safepoint   ] Safepoint "Cleanup", Time since last: 14002687152 ns, Reaching safepoint: 75928 ns, Cleanup: 16179 ns, At safepoint: 18316 ns, Total: 110423 ns
[2025-05-20T10:16:58.107+0000][74][info ][safepoint   ] Safepoint "Cleanup", Time since last: 4001176548 ns, Reaching safepoint: 103440 ns, Cleanup: 11205 ns, At safepoint: 96374 ns, Total: 211019 ns
[2025-05-20T10:16:59.748+0000][74][info ][safepoint   ] Safepoint "Cleanup", Time since last: 1641075006 ns, Reaching safepoint: 7191 ns, Cleanup: 17517 ns, At safepoint: 15083 ns, Total: 39791 ns
[2025-05-20T10:17:16.840+0000][74][info ][safepoint   ] Safepoint "Cleanup", Time since last: 17093767278 ns, Reaching safepoint: 36466 ns, Cleanup: 17088 ns, At safepoint: 17392 ns, Total: 70946 ns
[2025-05-20T10:17:19.841+0000][74][info ][safepoint   ] Safepoint "Cleanup", Time since last: 3001514711 ns, Reaching safepoint: 34396 ns, Cleanup: 108210 ns, At safepoint: 19171 ns, Total: 161777 ns
[2025-05-20T10:18:01.111+0000][74][info ][safepoint   ] Safepoint "Cleanup", Time since last: 41271016842 ns, Reaching safepoint: 23485 ns, Cleanup: 12508 ns, At safepoint: 23617 ns, Total: 59610 ns
[2025-05-20T10:18:02.794+0000][74][info ][safepoint   ] Safepoint "Cleanup", Time since last: 1683455725 ns, Reaching safepoint: 30056 ns, Cleanup: 15410 ns, At safepoint: 11608 ns, Total: 57074 ns
[2025-05-20T10:18:28.875+0000][74][info ][safepoint   ] Safepoint "Cleanup", Time since last: 26083489846 ns, Reaching safepoint: 83597 ns, Cleanup: 22374 ns, At safepoint: 19896 ns, Total: 125867 ns
[2025-05-20T10:19:04.130+0000][74][info ][safepoint   ] Safepoint "Cleanup", Time since last: 35256172906 ns, Reaching safepoint: 102874 ns, Cleanup: 12343 ns, At safepoint: 45684 ns, Total: 160901 ns
[2025-05-20T10:19:05.867+0000][74][info ][safepoint   ] Safepoint "Cleanup", Time since last: 1737706610 ns, Reaching safepoint: 33443 ns, Cleanup: 23574 ns, At safepoint: 12642 ns, Total: 69659 ns
[2025-05-20T10:19:49.911+0000][74][info ][safepoint   ] Safepoint "Cleanup", Time since last: 44046917309 ns, Reaching safepoint: 72815 ns, Cleanup: 14558 ns, At safepoint: 15390 ns, Total: 102763 ns
[2025-05-20T10:19:58.913+0000][74][info ][safepoint   ] Safepoint "Cleanup", Time since last: 9002213633 ns, Reaching safepoint: 24735 ns, Cleanup: 17045 ns, At safepoint: 9622 ns, Total: 51402 ns
[2025-05-20T10:19:59.914+0000][74][info ][safepoint   ] Safepoint "Cleanup", Time since last: 1000730445 ns, Reaching safepoint: 34451 ns, Cleanup: 14512 ns, At safepoint: 16179 ns, Total: 65142 ns
[2025-05-20T10:20:07.114+0000][74][info ][safepoint   ] Safepoint "Cleanup", Time since last: 7199404237 ns, Reaching safepoint: 540666 ns, Cleanup: 17384 ns, At safepoint: 184510 ns, Total: 742560 ns
[2025-05-20T10:20:08.911+0000][74][info ][safepoint   ] Safepoint "Cleanup", Time since last: 1796357783 ns, Reaching safepoint: 32321 ns, Cleanup: 25536 ns, At safepoint: 17471 ns, Total: 75328 ns
[2025-05-20T10:20:12.912+0000][74][info ][safepoint   ] Safepoint "Cleanup", Time since last: 4001410850 ns, Reaching safepoint: 134855 ns, Cleanup: 14080 ns, At safepoint: 17646 ns, Total: 166581 ns
[2025-05-20T10:20:14.944+0000][74][info ][safepoint   ] Safepoint "Cleanup", Time since last: 2031918450 ns, Reaching safepoint: 33191 ns, Cleanup: 18306 ns, At safepoint: 21073 ns, Total: 72570 ns
[2025-05-20T10:20:28.948+0000][74][info ][safepoint   ] Safepoint "Cleanup", Time since last: 14005665307 ns, Reaching safepoint: 164520 ns, Cleanup: 22847 ns, At safepoint: 13693 ns, Total: 201060 ns
[2025-05-20T10:21:09.955+0000][74][info ][safepoint   ] Safepoint "Cleanup", Time since last: 41009049837 ns, Reaching safepoint: 123505 ns, Cleanup: 16112 ns, At safepoint: 50442 ns, Total: 190059 ns
[2025-05-20T10:21:10.955+0000][74][info ][safepoint   ] Safepoint "Cleanup", Time since last: 1000072114 ns, Reaching safepoint: 5383 ns, Cleanup: 10175 ns, At safepoint: 14052 ns, Total: 29610 ns
[2025-05-20T10:21:22.965+0000][74][info ][safepoint   ] Safepoint "Cleanup", Time since last: 12011729755 ns, Reaching safepoint: 19079 ns, Cleanup: 28672 ns, At safepoint: 134070 ns, Total: 181821 ns
[2025-05-20T10:21:24.977+0000][74][info ][safepoint   ] Safepoint "Cleanup", Time since last: 2011538252 ns, Reaching safepoint: 32642 ns, Cleanup: 16006 ns, At safepoint: 61987 ns, Total: 110635 ns
[2025-05-20T10:21:29.024+0000][74][info ][safepoint   ] Safepoint "Cleanup", Time since last: 4046721318 ns, Reaching safepoint: 43917 ns, Cleanup: 12681 ns, At safepoint: 8120 ns, Total: 64718 ns
[2025-05-20T10:22:14.069+0000][74][info ][safepoint   ] Safepoint "Cleanup", Time since last: 45048058921 ns, Reaching safepoint: 7556 ns, Cleanup: 9032 ns, At safepoint: 3367 ns, Total: 19955 ns
[2025-05-20T10:22:15.071+0000][74][info ][safepoint   ] Safepoint "Cleanup", Time since last: 1001315045 ns, Reaching safepoint: 629697 ns, Cleanup: 13855 ns, At safepoint: 55723 ns, Total: 699275 ns
[2025-05-20T10:22:16.072+0000][74][info ][safepoint   ] Safepoint "Cleanup", Time since last: 1002370195 ns, Reaching safepoint: 19663 ns, Cleanup: 12267 ns, At safepoint: 9046 ns, Total: 40976 ns
[2025-05-20T10:22:55.078+0000][74][info ][safepoint   ] Safepoint "Cleanup", Time since last: 39006322541 ns, Reaching safepoint: 2312868 ns, Cleanup: 20384 ns, At safepoint: 145482 ns, Total: 2478734 ns
[2025-05-20T10:23:20.132+0000][74][info ][safepoint   ] Safepoint "Cleanup", Time since last: 25055696337 ns, Reaching safepoint: 34305 ns, Cleanup: 16389 ns, At safepoint: 16839 ns, Total: 67533 ns
[2025-05-20T10:24:01.138+0000][74][info ][safepoint   ] Safepoint "Cleanup", Time since last: 41007282860 ns, Reaching safepoint: 84529 ns, Cleanup: 16882 ns, At safepoint: 33722 ns, Total: 135133 ns
[2025-05-20T10:24:19.073+0000][74][info ][safepoint   ] Safepoint "Cleanup", Time since last: 17937995567 ns, Reaching safepoint: 19619 ns, Cleanup: 12460 ns, At safepoint: 7686 ns, Total: 39765 ns
[2025-05-20T10:24:20.126+0000][74][info ][safepoint   ] Safepoint "Cleanup", Time since last: 1053124737 ns, Reaching safepoint: 32757 ns, Cleanup: 21382 ns, At safepoint: 16185 ns, Total: 70324 ns
[2025-05-20T10:24:51.190+0000][74][info ][safepoint   ] Safepoint "Cleanup", Time since last: 31065892228 ns, Reaching safepoint: 76449 ns, Cleanup: 14851 ns, At safepoint: 16162 ns, Total: 107462 ns
[2025-05-20T10:24:58.192+0000][74][info ][safepoint   ] Safepoint "Cleanup", Time since last: 7001522070 ns, Reaching safepoint: 35736 ns, Cleanup: 19667 ns, At safepoint: 16593 ns, Total: 71996 ns
[2025-05-20T10:25:13.108+0000][74][info ][safepoint   ] Safepoint "Cleanup", Time since last: 14915164575 ns, Reaching safepoint: 859939 ns, Cleanup: 13704 ns, At safepoint: 58461 ns, Total: 932104 ns
[2025-05-20T10:25:22.108+0000][74][info ][safepoint   ] Safepoint "Cleanup", Time since last: 9001758545 ns, Reaching safepoint: 45809 ns, Cleanup: 15221 ns, At safepoint: 9031 ns, Total: 70061 ns
[2025-05-20T10:25:49.090+0000][74][info ][safepoint   ] Safepoint "Cleanup", Time since last: 26983657272 ns, Reaching safepoint: 36914 ns, Cleanup: 10004 ns, At safepoint: 13749 ns, Total: 60667 ns
[2025-05-20T10:25:50.274+0000][74][info ][safepoint   ] Safepoint "Cleanup", Time since last: 1183574630 ns, Reaching safepoint: 26530 ns, Cleanup: 148134 ns, At safepoint: 45178 ns, Total: 219842 ns
[2025-05-20T10:26:29.378+0000][74][info ][safepoint   ] Safepoint "Cleanup", Time since last: 39106837198 ns, Reaching safepoint: 30984 ns, Cleanup: 16558 ns, At safepoint: 9568 ns, Total: 57110 ns
[2025-05-20T10:26:39.067+0000][74][info ][safepoint   ] Safepoint "Cleanup", Time since last: 9689354871 ns, Reaching safepoint: 21855 ns, Cleanup: 9252 ns, At safepoint: 25181 ns, Total: 56288 ns
[2025-05-20T10:26:40.475+0000][74][info ][safepoint   ] Safepoint "Cleanup", Time since last: 1407221218 ns, Reaching safepoint: 30806 ns, Cleanup: 16266 ns, At safepoint: 11925 ns, Total: 58997 ns
[2025-05-20T10:27:13.173+0000][74][info ][safepoint   ] Safepoint "Cleanup", Time since last: 32700781612 ns, Reaching safepoint: 82517 ns, Cleanup: 16628 ns, At safepoint: 15236 ns, Total: 114381 ns
[2025-05-20T10:27:28.120+0000][74][info ][safepoint   ] Safepoint "Cleanup", Time since last: 14948755847 ns, Reaching safepoint: 27313 ns, Cleanup: 24867 ns, At safepoint: 44333 ns, Total: 96513 ns
[2025-05-20T10:27:29.449+0000][74][info ][safepoint   ] Safepoint "Cleanup", Time since last: 1329069840 ns, Reaching safepoint: 8015 ns, Cleanup: 21222 ns, At safepoint: 4146 ns, Total: 33383 ns
[2025-05-20T10:27:40.069+0000][74][info ][gc,start    ] GC(20) Pause Young (Prepare Mixed) (G1 Evacuation Pause)
[2025-05-20T10:27:40.071+0000][74][info ][gc,task     ] GC(20) Using 10 workers of 10 for evacuation
[2025-05-20T10:27:40.072+0000][74][debug][gc,age      ] GC(20) Desired survivor size 136314880 bytes, new threshold 15 (max threshold 15)
[2025-05-20T10:27:40.263+0000][74][info ][gc,phases   ] GC(20)   Pre Evacuate Collection Set: 10.60ms
[2025-05-20T10:27:40.264+0000][74][info ][gc,phases   ] GC(20)   Merge Heap Roots: 3.85ms
[2025-05-20T10:27:40.265+0000][74][info ][gc,phases   ] GC(20)   Evacuate Collection Set: 155.19ms
[2025-05-20T10:27:40.265+0000][74][info ][gc,phases   ] GC(20)   Post Evacuate Collection Set: 17.68ms
[2025-05-20T10:27:40.266+0000][74][info ][gc,phases   ] GC(20)   Other: 4.94ms
[2025-05-20T10:27:40.266+0000][74][trace][gc,age      ] GC(20) Age table with threshold 15 (max threshold 15)
[2025-05-20T10:27:40.267+0000][74][trace][gc,age      ] GC(20) - age   1:     757600 bytes,     757600 total
[2025-05-20T10:27:40.267+0000][74][trace][gc,age      ] GC(20) - age   2:     255768 bytes,    1013368 total
[2025-05-20T10:27:40.267+0000][74][trace][gc,age      ] GC(20) - age   3:      40072 bytes,    1053440 total
[2025-05-20T10:27:40.268+0000][74][trace][gc,age      ] GC(20) - age   4:    2379952 bytes,    3433392 total
[2025-05-20T10:27:40.269+0000][74][trace][gc,age      ] GC(20) - age   5:      84560 bytes,    3517952 total
[2025-05-20T10:27:40.269+0000][74][trace][gc,age      ] GC(20) - age   6:    2512352 bytes,    6030304 total
[2025-05-20T10:27:40.269+0000][74][info ][gc,heap     ] GC(20) Eden regions: 515->0(172)
[2025-05-20T10:27:40.270+0000][74][info ][gc,heap     ] GC(20) Survivor regions: 2->2(65)
[2025-05-20T10:27:40.270+0000][74][info ][gc,heap     ] GC(20) Old regions: 26->26
[2025-05-20T10:27:40.271+0000][74][info ][gc,heap     ] GC(20) Humongous regions: 0->0
[2025-05-20T10:27:40.272+0000][74][info ][gc,metaspace] GC(20) Metaspace: 147708K(151552K)->147708K(151552K) NonClass: 127657K(129728K)->127657K(129728K) Class: 20050K(21824K)->20050K(21824K)
[2025-05-20T10:27:40.272+0000][74][info ][gc          ] GC(20) Pause Young (Prepare Mixed) (G1 Evacuation Pause) 2167M->106M(3880M) 203.601ms
[2025-05-20T10:27:40.273+0000][74][info ][gc,cpu      ] GC(20) User=1.27s Sys=0.02s Real=0.20s
[2025-05-20T10:27:40.274+0000][74][info ][safepoint   ] Safepoint "G1CollectForAllocation", Time since last: 10616082589 ns, Reaching safepoint: 80336 ns, Cleanup: 6361 ns, At safepoint: 207907851 ns, Total: 207994548 ns
[2025-05-20T10:27:43.275+0000][74][info ][safepoint   ] Safepoint "Cleanup", Time since last: 3001087433 ns, Reaching safepoint: 34173 ns, Cleanup: 15716 ns, At safepoint: 16630 ns, Total: 66519 ns
[2025-05-20T10:27:58.275+0000][74][info ][safepoint   ] Safepoint "Cleanup", Time since last: 15003032711 ns, Reaching safepoint: 21721 ns, Cleanup: 13979 ns, At safepoint: 8952 ns, Total: 44652 ns
[2025-05-20T10:28:09.278+0000][74][info ][safepoint   ] Safepoint "Cleanup", Time since last: 11002162408 ns, Reaching safepoint: 55238 ns, Cleanup: 77490 ns, At safepoint: 13999 ns, Total: 146727 ns
[2025-05-20T10:28:29.208+0000][74][info ][safepoint   ] Safepoint "Cleanup", Time since last: 19931610053 ns, Reaching safepoint: 112745 ns, Cleanup: 17486 ns, At safepoint: 10422 ns, Total: 140653 ns
[2025-05-20T10:28:31.487+0000][74][info ][safepoint   ] Safepoint "Cleanup", Time since last: 2279182013 ns, Reaching safepoint: 6390 ns, Cleanup: 9843 ns, At safepoint: 15073 ns, Total: 31306 ns
[2025-05-20T10:29:31.238+0000][74][info ][safepoint   ] Safepoint "Cleanup", Time since last: 59755663979 ns, Reaching safepoint: 37673 ns, Cleanup: 16769 ns, At safepoint: 17206 ns, Total: 71648 ns
[2025-05-20T10:29:58.872+0000][74][info ][safepoint   ] Safepoint "Cleanup", Time since last: 27635938400 ns, Reaching safepoint: 28996 ns, Cleanup: 16561 ns, At safepoint: 41380 ns, Total: 86937 ns
[2025-05-20T10:30:02.874+0000][74][info ][safepoint   ] Safepoint "Cleanup", Time since last: 4001091488 ns, Reaching safepoint: 37574 ns, Cleanup: 19818 ns, At safepoint: 18391 ns, Total: 75783 ns
[2025-05-20T10:30:29.271+0000][74][info ][safepoint   ] Safepoint "Cleanup", Time since last: 26399789189 ns, Reaching safepoint: 27042 ns, Cleanup: 20680 ns, At safepoint: 9962 ns, Total: 57684 ns
[2025-05-20T10:30:31.272+0000][74][info ][safepoint   ] Safepoint "Cleanup", Time since last: 2000862351 ns, Reaching safepoint: 22185 ns, Cleanup: 42631 ns, At safepoint: 9609 ns, Total: 74425 ns
[2025-05-20T10:30:37.105+0000][74][info ][safepoint   ] Safepoint "Cleanup", Time since last: 5832735302 ns, Reaching safepoint: 19050 ns, Cleanup: 22888 ns, At safepoint: 91080 ns, Total: 133018 ns
[2025-05-20T10:30:38.934+0000][74][info ][safepoint   ] Safepoint "Cleanup", Time since last: 1829445473 ns, Reaching safepoint: 32753 ns, Cleanup: 20437 ns, At safepoint: 15641 ns, Total: 68831 ns
[2025-05-20T10:30:40.936+0000][74][info ][safepoint   ] Safepoint "Cleanup", Time since last: 2001067240 ns, Reaching safepoint: 157249 ns, Cleanup: 13658 ns, At safepoint: 62481 ns, Total: 233388 ns
[2025-05-20T10:31:04.938+0000][74][info ][safepoint   ] Safepoint "Cleanup", Time since last: 24004574156 ns, Reaching safepoint: 69674 ns, Cleanup: 17716 ns, At safepoint: 14879 ns, Total: 102269 ns
[2025-05-20T10:31:28.113+0000][74][info ][safepoint   ] Safepoint "Cleanup", Time since last: 23176470945 ns, Reaching safepoint: 8085 ns, Cleanup: 9302 ns, At safepoint: 18564 ns, Total: 35951 ns
[2025-05-20T10:31:29.971+0000][74][info ][safepoint   ] Safepoint "Cleanup", Time since last: 1857699843 ns, Reaching safepoint: 36050 ns, Cleanup: 20093 ns, At safepoint: 15104 ns, Total: 71247 ns
[2025-05-20T10:31:31.013+0000][74][info ][safepoint   ] Safepoint "Cleanup", Time since last: 1042693278 ns, Reaching safepoint: 25791 ns, Cleanup: 13758 ns, At safepoint: 10643 ns, Total: 50192 ns
[2025-05-20T10:31:32.014+0000][74][info ][safepoint   ] Safepoint "Cleanup", Time since last: 1000672307 ns, Reaching safepoint: 24913 ns, Cleanup: 13785 ns, At safepoint: 10265 ns, Total: 48963 ns
[2025-05-20T10:31:39.017+0000][74][info ][safepoint   ] Safepoint "Cleanup", Time since last: 7002276305 ns, Reaching safepoint: 218438 ns, Cleanup: 12542 ns, At safepoint: 71459 ns, Total: 302439 ns
[2025-05-20T10:31:40.128+0000][74][info ][safepoint   ] Safepoint "Cleanup", Time since last: 1110992410 ns, Reaching safepoint: 16289 ns, Cleanup: 13245 ns, At safepoint: 22432 ns, Total: 51966 ns
[2025-05-20T10:31:42.055+0000][74][info ][safepoint   ] Safepoint "Cleanup", Time since last: 1926822432 ns, Reaching safepoint: 17300 ns, Cleanup: 35282 ns, At safepoint: 22572 ns, Total: 75154 ns
[2025-05-20T10:31:59.060+0000][74][info ][safepoint   ] Safepoint "Cleanup", Time since last: 17006934494 ns, Reaching safepoint: 35003 ns, Cleanup: 16267 ns, At safepoint: 11984 ns, Total: 63254 ns
[2025-05-20T10:32:29.337+0000][74][info ][safepoint   ] Safepoint "Cleanup", Time since last: 30279885613 ns, Reaching safepoint: 39773 ns, Cleanup: 31458 ns, At safepoint: 16781 ns, Total: 88012 ns
[2025-05-20T10:32:39.340+0000][74][info ][safepoint   ] Safepoint "Cleanup", Time since last: 10002398259 ns, Reaching safepoint: 32426 ns, Cleanup: 15063 ns, At safepoint: 15315 ns, Total: 62804 ns
[2025-05-20T10:32:44.088+0000][74][info ][safepoint   ] Safepoint "Cleanup", Time since last: 4748228858 ns, Reaching safepoint: 59831 ns, Cleanup: 14841 ns, At safepoint: 10660 ns, Total: 85332 ns
[2025-05-20T10:32:47.109+0000][74][info ][safepoint   ] Safepoint "Cleanup", Time since last: 3023212519 ns, Reaching safepoint: 34824 ns, Cleanup: 18104 ns, At safepoint: 15792 ns, Total: 68720 ns
[2025-05-20T10:33:07.113+0000][74][info ][safepoint   ] Safepoint "Cleanup", Time since last: 20003740418 ns, Reaching safepoint: 38523 ns, Cleanup: 18767 ns, At safepoint: 17939 ns, Total: 75229 ns
[2025-05-20T10:33:13.115+0000][74][info ][safepoint   ] Safepoint "Cleanup", Time since last: 6001524120 ns, Reaching safepoint: 31826 ns, Cleanup: 22041 ns, At safepoint: 13007 ns, Total: 66874 ns
[2025-05-20T10:33:39.371+0000][74][info ][safepoint   ] Safepoint "Cleanup", Time since last: 26258459388 ns, Reaching safepoint: 79330 ns, Cleanup: 28748 ns, At safepoint: 18483 ns, Total: 126561 ns
[2025-05-20T10:33:46.105+0000][74][info ][safepoint   ] Safepoint "Cleanup", Time since last: 6737414727 ns, Reaching safepoint: 181453 ns, Cleanup: 9301 ns, At safepoint: 47882 ns, Total: 238636 ns
[2025-05-20T10:33:47.165+0000][74][info ][safepoint   ] Safepoint "Cleanup", Time since last: 1059349185 ns, Reaching safepoint: 18201 ns, Cleanup: 10273 ns, At safepoint: 20676 ns, Total: 49150 ns
[2025-05-20T10:34:35.403+0000][74][info ][safepoint   ] Safepoint "Cleanup", Time since last: 48238845493 ns, Reaching safepoint: 84245 ns, Cleanup: 18721 ns, At safepoint: 18990 ns, Total: 121956 ns
[2025-05-20T10:35:07.215+0000][74][info ][safepoint   ] Safepoint "Cleanup", Time since last: 31814231736 ns, Reaching safepoint: 36535 ns, Cleanup: 18961 ns, At safepoint: 15690 ns, Total: 71186 ns
[2025-05-20T10:35:13.217+0000][74][info ][safepoint   ] Safepoint "Cleanup", Time since last: 6001402764 ns, Reaching safepoint: 56866 ns, Cleanup: 17430 ns, At safepoint: 18237 ns, Total: 92533 ns
[2025-05-20T10:35:48.436+0000][74][info ][safepoint   ] Safepoint "Cleanup", Time since last: 35223158057 ns, Reaching safepoint: 159468 ns, Cleanup: 20191 ns, At safepoint: 29287 ns, Total: 208946 ns
[2025-05-20T10:35:52.135+0000][74][info ][safepoint   ] Safepoint "Cleanup", Time since last: 3699438594 ns, Reaching safepoint: 16910 ns, Cleanup: 11004 ns, At safepoint: 19318 ns, Total: 47232 ns
[2025-05-20T10:35:53.252+0000][74][info ][safepoint   ] Safepoint "Cleanup", Time since last: 1116278326 ns, Reaching safepoint: 27321 ns, Cleanup: 21321 ns, At safepoint: 12384 ns, Total: 61026 ns
[2025-05-20T10:35:58.265+0000][74][info ][safepoint   ] Safepoint "Cleanup", Time since last: 5013614911 ns, Reaching safepoint: 19952 ns, Cleanup: 12468 ns, At safepoint: 8444 ns, Total: 40864 ns
[2025-05-20T10:36:29.466+0000][74][info ][safepoint   ] Safepoint "Cleanup", Time since last: 31202889525 ns, Reaching safepoint: 167457 ns, Cleanup: 22768 ns, At safepoint: 20394 ns, Total: 210619 ns
[2025-05-20T10:36:31.290+0000][74][info ][safepoint   ] Safepoint "Cleanup", Time since last: 1823867551 ns, Reaching safepoint: 6512 ns, Cleanup: 10334 ns, At safepoint: 14924 ns, Total: 31770 ns
[2025-05-20T10:36:32.304+0000][74][info ][safepoint   ] Safepoint "Cleanup", Time since last: 1013734623 ns, Reaching safepoint: 39668 ns, Cleanup: 19166 ns, At safepoint: 20203 ns, Total: 79037 ns
[2025-05-20T10:36:43.160+0000][74][info ][safepoint   ] Safepoint "Cleanup", Time since last: 10855934263 ns, Reaching safepoint: 33668 ns, Cleanup: 26945 ns, At safepoint: 16287 ns, Total: 76900 ns
[2025-05-20T10:36:44.161+0000][74][info ][safepoint   ] Safepoint "Cleanup", Time since last: 1000756556 ns, Reaching safepoint: 41312 ns, Cleanup: 17079 ns, At safepoint: 18789 ns, Total: 77180 ns
[2025-05-20T10:36:49.160+0000][74][info ][safepoint   ] Safepoint "Cleanup", Time since last: 5001356767 ns, Reaching safepoint: 154285 ns, Cleanup: 12119 ns, At safepoint: 166602 ns, Total: 333006 ns
[2025-05-20T10:36:54.161+0000][74][info ][safepoint   ] Safepoint "Cleanup", Time since last: 5001316010 ns, Reaching safepoint: 33669 ns, Cleanup: 19995 ns, At safepoint: 18710 ns, Total: 72374 ns
[2025-05-20T10:37:10.390+0000][74][info ][safepoint   ] Safepoint "Cleanup", Time since last: 16228084955 ns, Reaching safepoint: 31901 ns, Cleanup: 14063 ns, At safepoint: 15228 ns, Total: 61192 ns
[2025-05-20T10:39:01.467+0000][74][info ][safepoint   ] Safepoint "Cleanup", Time since last: 111085577201 ns, Reaching safepoint: 23853 ns, Cleanup: 9719 ns, At safepoint: 3924 ns, Total: 37496 ns
[2025-05-20T10:39:07.490+0000][74][info ][safepoint   ] Safepoint "Cleanup", Time since last: 6023169656 ns, Reaching safepoint: 32216 ns, Cleanup: 15975 ns, At safepoint: 12965 ns, Total: 61156 ns
[2025-05-20T10:39:33.566+0000][74][info ][safepoint   ] Safepoint "Cleanup", Time since last: 26078309899 ns, Reaching safepoint: 89089 ns, Cleanup: 35248 ns, At safepoint: 18840 ns, Total: 143177 ns
[2025-05-20T10:39:57.568+0000][74][info ][safepoint   ] Safepoint "Cleanup", Time since last: 24003912027 ns, Reaching safepoint: 44036 ns, Cleanup: 23578 ns, At safepoint: 73158 ns, Total: 140772 ns
[2025-05-20T10:39:58.569+0000][74][info ][safepoint   ] Safepoint "Cleanup", Time since last: 1000796106 ns, Reaching safepoint: 19177 ns, Cleanup: 12375 ns, At safepoint: 9514 ns, Total: 41066 ns
[2025-05-20T10:40:04.096+0000][74][info ][safepoint   ] Safepoint "Cleanup", Time since last: 5526443456 ns, Reaching safepoint: 410839 ns, Cleanup: 15067 ns, At safepoint: 79000 ns, Total: 504906 ns
[2025-05-20T10:40:05.535+0000][74][info ][safepoint   ] Safepoint "Cleanup", Time since last: 1438594318 ns, Reaching safepoint: 35679 ns, Cleanup: 19186 ns, At safepoint: 17714 ns, Total: 72579 ns
[2025-05-20T10:40:31.099+0000][74][info ][safepoint   ] Safepoint "Cleanup", Time since last: 25566530735 ns, Reaching safepoint: 45445 ns, Cleanup: 13658 ns, At safepoint: 23078 ns, Total: 82181 ns
[2025-05-20T10:40:32.698+0000][74][info ][safepoint   ] Safepoint "Cleanup", Time since last: 1598580199 ns, Reaching safepoint: 28510 ns, Cleanup: 88058 ns, At safepoint: 13455 ns, Total: 130023 ns
[2025-05-20T10:40:34.064+0000][74][info ][safepoint   ] Safepoint "Cleanup", Time since last: 1362547920 ns, Reaching safepoint: 3280798 ns, Cleanup: 24434 ns, At safepoint: 119703 ns, Total: 3424935 ns
[2025-05-20T10:40:37.740+0000][74][info ][safepoint   ] Safepoint "Cleanup", Time since last: 3676599363 ns, Reaching safepoint: 111675 ns, Cleanup: 13117 ns, At safepoint: 41575 ns, Total: 166367 ns
[2025-05-20T10:40:40.365+0000][74][info ][safepoint   ] Safepoint "Cleanup", Time since last: 2625005342 ns, Reaching safepoint: 81576 ns, Cleanup: 17652 ns, At safepoint: 17191 ns, Total: 116419 ns
[2025-05-20T10:40:44.367+0000][74][info ][safepoint   ] Safepoint "Cleanup", Time since last: 4001342322 ns, Reaching safepoint: 22255 ns, Cleanup: 13862 ns, At safepoint: 8598 ns, Total: 44715 ns
[2025-05-20T10:41:34.082+0000][74][info ][safepoint   ] Safepoint "Cleanup", Time since last: 49719549877 ns, Reaching safepoint: 39385 ns, Cleanup: 9725 ns, At safepoint: 20288 ns, Total: 69398 ns
[2025-05-20T10:42:10.063+0000][74][info ][safepoint   ] Safepoint "Cleanup", Time since last: 35982431943 ns, Reaching safepoint: 18977 ns, Cleanup: 13389 ns, At safepoint: 27952 ns, Total: 60318 ns
[2025-05-20T10:42:11.984+0000][74][info ][safepoint   ] Safepoint "Cleanup", Time since last: 1920743098 ns, Reaching safepoint: 8182 ns, Cleanup: 36365 ns, At safepoint: 10774 ns, Total: 55321 ns
[2025-05-20T10:42:14.668+0000][74][info ][safepoint   ] Safepoint "Cleanup", Time since last: 2684028322 ns, Reaching safepoint: 29051 ns, Cleanup: 18753 ns, At safepoint: 12643 ns, Total: 60447 ns
[2025-05-20T10:42:24.670+0000][74][info ][safepoint   ] Safepoint "Cleanup", Time since last: 10004256527 ns, Reaching safepoint: 24941 ns, Cleanup: 15204 ns, At safepoint: 10405 ns, Total: 50550 ns
[2025-05-20T10:42:31.671+0000][74][info ][safepoint   ] Safepoint "Cleanup", Time since last: 7001741350 ns, Reaching safepoint: 78704 ns, Cleanup: 16797 ns, At safepoint: 17684 ns, Total: 113185 ns
[2025-05-20T10:43:13.093+0000][74][info ][safepoint   ] Safepoint "Cleanup", Time since last: 41423255987 ns, Reaching safepoint: 18766 ns, Cleanup: 23723 ns, At safepoint: 112690 ns, Total: 155179 ns
[2025-05-20T10:43:29.027+0000][74][info ][safepoint   ] Safepoint "Cleanup", Time since last: 15936322774 ns, Reaching safepoint: 87056 ns, Cleanup: 19481 ns, At safepoint: 21770 ns, Total: 128307 ns
[2025-05-20T10:44:16.119+0000][74][info ][safepoint   ] Safepoint "Cleanup", Time since last: 47095887852 ns, Reaching safepoint: 43426 ns, Cleanup: 18167 ns, At safepoint: 22603 ns, Total: 84196 ns
[2025-05-20T10:44:18.083+0000][74][info ][safepoint   ] Safepoint "Cleanup", Time since last: 1963296943 ns, Reaching safepoint: 40483 ns, Cleanup: 20548 ns, At safepoint: 13974 ns, Total: 75005 ns
[2025-05-20T10:44:59.087+0000][74][info ][safepoint   ] Safepoint "Cleanup", Time since last: 41006896404 ns, Reaching safepoint: 34740 ns, Cleanup: 13626 ns, At safepoint: 9775 ns, Total: 58141 ns
[2025-05-20T10:45:19.465+0000][74][info ][safepoint   ] Safepoint "Cleanup", Time since last: 20379904182 ns, Reaching safepoint: 37999 ns, Cleanup: 15419 ns, At safepoint: 34184 ns, Total: 87602 ns
[2025-05-20T10:45:21.255+0000][74][info ][safepoint   ] Safepoint "Cleanup", Time since last: 1790211835 ns, Reaching safepoint: 27561 ns, Cleanup: 14366 ns, At safepoint: 12086 ns, Total: 54013 ns
[2025-05-20T10:45:59.259+0000][74][info ][safepoint   ] Safepoint "Cleanup", Time since last: 38006028029 ns, Reaching safepoint: 41664 ns, Cleanup: 15183 ns, At safepoint: 15859 ns, Total: 72706 ns
[2025-05-20T10:46:37.103+0000][74][info ][safepoint   ] Safepoint "Cleanup", Time since last: 37845481251 ns, Reaching safepoint: 143328 ns, Cleanup: 16862 ns, At safepoint: 79881 ns, Total: 240071 ns
[2025-05-20T10:46:38.314+0000][74][info ][safepoint   ] Safepoint "Cleanup", Time since last: 1211624495 ns, Reaching safepoint: 20668 ns, Cleanup: 14622 ns, At safepoint: 9806 ns, Total: 45096 ns
[2025-05-20T10:47:25.084+0000][74][info ][safepoint   ] Safepoint "Cleanup", Time since last: 46773935211 ns, Reaching safepoint: 16240 ns, Cleanup: 11684 ns, At safepoint: 22716 ns, Total: 50640 ns
[2025-05-20T10:48:01.420+0000][74][info ][safepoint   ] Safepoint "Cleanup", Time since last: 36337325417 ns, Reaching safepoint: 104218 ns, Cleanup: 15971 ns, At safepoint: 11005 ns, Total: 131194 ns
[2025-05-20T10:48:28.444+0000][74][info ][safepoint   ] Safepoint "Cleanup", Time since last: 27026445304 ns, Reaching safepoint: 7976 ns, Cleanup: 8896 ns, At safepoint: 13109 ns, Total: 29981 ns
[2025-05-20T10:48:29.460+0000][74][info ][safepoint   ] Safepoint "Cleanup", Time since last: 1015989015 ns, Reaching safepoint: 29257 ns, Cleanup: 15882 ns, At safepoint: 11748 ns, Total: 56887 ns
[2025-05-20T10:49:22.266+0000][74][info ][safepoint   ] Safepoint "Cleanup", Time since last: 52809513256 ns, Reaching safepoint: 24385 ns, Cleanup: 12473 ns, At safepoint: 8950 ns, Total: 45808 ns
[2025-05-20T10:49:49.523+0000][74][info ][safepoint   ] Safepoint "Cleanup", Time since last: 27260226202 ns, Reaching safepoint: 66101 ns, Cleanup: 15255 ns, At safepoint: 11157 ns, Total: 92513 ns
[2025-05-20T10:50:19.297+0000][74][info ][safepoint   ] Safepoint "Cleanup", Time since last: 29775227647 ns, Reaching safepoint: 36993 ns, Cleanup: 18632 ns, At safepoint: 19817 ns, Total: 75442 ns
[2025-05-20T10:51:14.331+0000][74][info ][safepoint   ] Safepoint "Cleanup", Time since last: 55036136387 ns, Reaching safepoint: 50912 ns, Cleanup: 11310 ns, At safepoint: 3085 ns, Total: 65307 ns
[2025-05-20T10:51:19.331+0000][74][info ][safepoint   ] Safepoint "Cleanup", Time since last: 5001832535 ns, Reaching safepoint: 37517 ns, Cleanup: 22256 ns, At safepoint: 19275 ns, Total: 79048 ns
[2025-05-20T10:51:29.333+0000][74][info ][safepoint   ] Safepoint "Cleanup", Time since last: 10001594369 ns, Reaching safepoint: 28151 ns, Cleanup: 19195 ns, At safepoint: 11624 ns, Total: 58970 ns
[2025-05-20T10:51:42.631+0000][74][info ][safepoint   ] Safepoint "Cleanup", Time since last: 13298445244 ns, Reaching safepoint: 64433 ns, Cleanup: 14541 ns, At safepoint: 11843 ns, Total: 90817 ns
[2025-05-20T10:52:04.672+0000][74][info ][safepoint   ] Safepoint "Cleanup", Time since last: 22042908458 ns, Reaching safepoint: 34688 ns, Cleanup: 15201 ns, At safepoint: 16734 ns, Total: 66623 ns
[2025-05-20T10:52:22.367+0000][74][info ][safepoint   ] Safepoint "Cleanup", Time since last: 17696738280 ns, Reaching safepoint: 30981 ns, Cleanup: 16153 ns, At safepoint: 10728 ns, Total: 57862 ns
[2025-05-20T10:52:40.732+0000][74][info ][safepoint   ] Safepoint "Cleanup", Time since last: 18365699002 ns, Reaching safepoint: 24048 ns, Cleanup: 14162 ns, At safepoint: 75665 ns, Total: 113875 ns
[2025-05-20T10:52:42.728+0000][74][info ][safepoint   ] Safepoint "Cleanup", Time since last: 1995968240 ns, Reaching safepoint: 34400 ns, Cleanup: 25730 ns, At safepoint: 13467 ns, Total: 73597 ns
[2025-05-20T10:53:07.731+0000][74][info ][safepoint   ] Safepoint "Cleanup", Time since last: 25004373509 ns, Reaching safepoint: 115076 ns, Cleanup: 16559 ns, At safepoint: 20187 ns, Total: 151822 ns
[2025-05-20T10:53:29.400+0000][74][info ][safepoint   ] Safepoint "Cleanup", Time since last: 21671881743 ns, Reaching safepoint: 60669 ns, Cleanup: 21079 ns, At safepoint: 11418 ns, Total: 93166 ns
[2025-05-20T10:53:43.749+0000][74][info ][safepoint   ] Safepoint "Cleanup", Time since last: 14348634107 ns, Reaching safepoint: 10998 ns, Cleanup: 11422 ns, At safepoint: 6314 ns, Total: 28734 ns
[2025-05-20T10:54:46.808+0000][74][info ][safepoint   ] Safepoint "Cleanup", Time since last: 63065817140 ns, Reaching safepoint: 15993 ns, Cleanup: 19304 ns, At safepoint: 86178 ns, Total: 121475 ns
[2025-05-20T10:55:29.467+0000][74][info ][safepoint   ] Safepoint "Cleanup", Time since last: 42660563729 ns, Reaching safepoint: 37334 ns, Cleanup: 16702 ns, At safepoint: 16080 ns, Total: 70116 ns
[2025-05-20T10:55:55.936+0000][74][info ][safepoint   ] Safepoint "Cleanup", Time since last: 26471121666 ns, Reaching safepoint: 7464 ns, Cleanup: 7222 ns, At safepoint: 4240 ns, Total: 18926 ns
[2025-05-20T10:56:10.471+0000][74][info ][safepoint   ] Safepoint "Cleanup", Time since last: 14534141510 ns, Reaching safepoint: 41615 ns, Cleanup: 19300 ns, At safepoint: 18754 ns, Total: 79669 ns
[2025-05-20T10:56:24.499+0000][74][info ][safepoint   ] Safepoint "Cleanup", Time since last: 14030483683 ns, Reaching safepoint: 35391 ns, Cleanup: 16721 ns, At safepoint: 16648 ns, Total: 68760 ns
[2025-05-20T10:56:29.501+0000][74][info ][safepoint   ] Safepoint "Cleanup", Time since last: 5001927291 ns, Reaching safepoint: 28219 ns, Cleanup: 15673 ns, At safepoint: 11191 ns, Total: 55083 ns
[2025-05-20T10:56:43.983+0000][74][info ][safepoint   ] Safepoint "Cleanup", Time since last: 14482250475 ns, Reaching safepoint: 44094 ns, Cleanup: 11240 ns, At safepoint: 25558 ns, Total: 80892 ns
[2025-05-20T10:56:44.997+0000][74][info ][safepoint   ] Safepoint "Cleanup", Time since last: 1013881194 ns, Reaching safepoint: 37160 ns, Cleanup: 16301 ns, At safepoint: 16981 ns, Total: 70442 ns
[2025-05-20T10:56:52.252+0000][74][info ][safepoint   ] Safepoint "Cleanup", Time since last: 7256993164 ns, Reaching safepoint: 6242 ns, Cleanup: 8930 ns, At safepoint: 3224 ns, Total: 18396 ns
[2025-05-20T10:56:54.077+0000][74][info ][safepoint   ] Safepoint "Cleanup", Time since last: 1824824595 ns, Reaching safepoint: 33244 ns, Cleanup: 18384 ns, At safepoint: 16824 ns, Total: 68452 ns
[2025-05-20T10:57:29.531+0000][74][info ][safepoint   ] Safepoint "Cleanup", Time since last: 35456709526 ns, Reaching safepoint: 26918 ns, Cleanup: 18735 ns, At safepoint: 9340 ns, Total: 54993 ns
[2025-05-20T10:57:56.081+0000][74][info ][safepoint   ] Safepoint "Cleanup", Time since last: 26551498617 ns, Reaching safepoint: 27420 ns, Cleanup: 13959 ns, At safepoint: 10990 ns, Total: 52369 ns
[2025-05-20T10:58:58.081+0000][74][info ][safepoint   ] Safepoint "Cleanup", Time since last: 62004382159 ns, Reaching safepoint: 230700 ns, Cleanup: 10377 ns, At safepoint: 55546 ns, Total: 296623 ns
[2025-05-20T10:59:34.598+0000][74][info ][safepoint   ] Safepoint "Cleanup", Time since last: 36519151088 ns, Reaching safepoint: 67926 ns, Cleanup: 16453 ns, At safepoint: 11146 ns, Total: 95525 ns
[2025-05-20T10:59:58.599+0000][74][info ][safepoint   ] Safepoint "Cleanup", Time since last: 24004038091 ns, Reaching safepoint: 37773 ns, Cleanup: 15042 ns, At safepoint: 11015 ns, Total: 63830 ns
[2025-05-20T10:59:59.601+0000][74][info ][safepoint   ] Safepoint "Cleanup", Time since last: 1002067536 ns, Reaching safepoint: 40650 ns, Cleanup: 18675 ns, At safepoint: 12319 ns, Total: 71644 ns
[2025-05-20T11:00:28.629+0000][74][info ][safepoint   ] Safepoint "Cleanup", Time since last: 29029825107 ns, Reaching safepoint: 82457 ns, Cleanup: 17913 ns, At safepoint: 12612 ns, Total: 112982 ns
[2025-05-20T11:01:04.095+0000][74][info ][safepoint   ] Safepoint "Cleanup", Time since last: 35468557724 ns, Reaching safepoint: 19729 ns, Cleanup: 10051 ns, At safepoint: 36620 ns, Total: 66400 ns
[2025-05-20T11:01:34.660+0000][74][info ][safepoint   ] Safepoint "Cleanup", Time since last: 30566954462 ns, Reaching safepoint: 170522 ns, Cleanup: 17516 ns, At safepoint: 169215 ns, Total: 357253 ns
[2025-05-20T11:01:46.084+0000][74][info ][safepoint   ] Safepoint "Cleanup", Time since last: 11426666352 ns, Reaching safepoint: 23288 ns, Cleanup: 16623 ns, At safepoint: 44778 ns, Total: 84689 ns
[2025-05-20T11:01:47.362+0000][74][info ][safepoint   ] Safepoint "Cleanup", Time since last: 1277815937 ns, Reaching safepoint: 33591 ns, Cleanup: 17168 ns, At safepoint: 17063 ns, Total: 67822 ns
[2025-05-20T11:02:07.073+0000][74][info ][safepoint   ] Safepoint "Cleanup", Time since last: 19710645837 ns, Reaching safepoint: 13202 ns, Cleanup: 17542 ns, At safepoint: 17963 ns, Total: 48707 ns
[2025-05-20T11:02:28.691+0000][74][info ][safepoint   ] Safepoint "Cleanup", Time since last: 21620586026 ns, Reaching safepoint: 78188 ns, Cleanup: 17556 ns, At safepoint: 20968 ns, Total: 116712 ns
[2025-05-20T11:02:29.691+0000][74][info ][safepoint   ] Safepoint "Cleanup", Time since last: 1000669895 ns, Reaching safepoint: 33274 ns, Cleanup: 14949 ns, At safepoint: 15267 ns, Total: 63490 ns
[2025-05-20T11:03:10.120+0000][74][info ][safepoint   ] Safepoint "Cleanup", Time since last: 40430377348 ns, Reaching safepoint: 23778 ns, Cleanup: 14534 ns, At safepoint: 83968 ns, Total: 122280 ns
[2025-05-20T11:03:58.725+0000][74][info ][safepoint   ] Safepoint "Cleanup", Time since last: 48609612407 ns, Reaching safepoint: 80584 ns, Cleanup: 18421 ns, At safepoint: 11099 ns, Total: 110104 ns
[2025-05-20T11:04:13.104+0000][74][info ][safepoint   ] Safepoint "Cleanup", Time since last: 14378854190 ns, Reaching safepoint: 22941 ns, Cleanup: 20859 ns, At safepoint: 85982 ns, Total: 129782 ns
[2025-05-20T11:04:14.557+0000][74][info ][safepoint   ] Safepoint "Cleanup", Time since last: 1453657070 ns, Reaching safepoint: 34227 ns, Cleanup: 17123 ns, At safepoint: 16363 ns, Total: 67713 ns
[2025-05-20T11:05:16.580+0000][74][info ][safepoint   ] Safepoint "Cleanup", Time since last: 62029462084 ns, Reaching safepoint: 17042 ns, Cleanup: 20631 ns, At safepoint: 91177 ns, Total: 128850 ns
[2025-05-20T11:05:29.610+0000][74][info ][safepoint   ] Safepoint "Cleanup", Time since last: 13029696845 ns, Reaching safepoint: 67968 ns, Cleanup: 14628 ns, At safepoint: 30764 ns, Total: 113360 ns
[2025-05-20T11:06:19.065+0000][74][info ][safepoint   ] Safepoint "Cleanup", Time since last: 49459602938 ns, Reaching safepoint: 32454 ns, Cleanup: 15207 ns, At safepoint: 6987 ns, Total: 54648 ns
[2025-05-20T11:06:20.655+0000][74][info ][safepoint   ] Safepoint "Cleanup", Time since last: 1590379866 ns, Reaching safepoint: 21096 ns, Cleanup: 14429 ns, At safepoint: 9975 ns, Total: 45500 ns
[2025-05-20T11:06:49.674+0000][74][info ][safepoint   ] Safepoint "Cleanup", Time since last: 29021510754 ns, Reaching safepoint: 25140 ns, Cleanup: 6916 ns, At safepoint: 15166 ns, Total: 47222 ns
[2025-05-20T11:07:09.980+0000][74][info ][safepoint   ] Safepoint "Cleanup", Time since last: 20306236054 ns, Reaching safepoint: 15728 ns, Cleanup: 12672 ns, At safepoint: 19441 ns, Total: 47841 ns
[2025-05-20T11:07:22.113+0000][74][info ][safepoint   ] Safepoint "Cleanup", Time since last: 12135157533 ns, Reaching safepoint: 16012 ns, Cleanup: 8731 ns, At safepoint: 23224 ns, Total: 47967 ns
[2025-05-20T11:07:59.767+0000][74][info ][safepoint   ] Safepoint "Cleanup", Time since last: 37657123483 ns, Reaching safepoint: 53029 ns, Cleanup: 17339 ns, At safepoint: 10502 ns, Total: 80870 ns
[2025-05-20T11:08:25.783+0000][74][info ][safepoint   ] Safepoint "Cleanup", Time since last: 26018034023 ns, Reaching safepoint: 22343 ns, Cleanup: 16402 ns, At safepoint: 76497 ns, Total: 115242 ns
[2025-05-20T11:08:28.807+0000][74][info ][safepoint   ] Safepoint "Cleanup", Time since last: 3023212735 ns, Reaching safepoint: 21054 ns, Cleanup: 13583 ns, At safepoint: 9075 ns, Total: 43712 ns
[2025-05-20T11:09:09.812+0000][74][info ][safepoint   ] Safepoint "Cleanup", Time since last: 41007143874 ns, Reaching safepoint: 45560 ns, Cleanup: 14065 ns, At safepoint: 7837 ns, Total: 67462 ns
[2025-05-20T11:10:19.964+0000][74][info ][safepoint   ] Safepoint "Cleanup", Time since last: 70159733304 ns, Reaching safepoint: 35796 ns, Cleanup: 17445 ns, At safepoint: 17410 ns, Total: 70651 ns
[2025-05-20T11:10:28.966+0000][74][info ][safepoint   ] Safepoint "Cleanup", Time since last: 9002201116 ns, Reaching safepoint: 92456 ns, Cleanup: 13870 ns, At safepoint: 9570 ns, Total: 115896 ns
[2025-05-20T11:10:31.061+0000][74][info ][safepoint   ] Safepoint "Cleanup", Time since last: 2094239739 ns, Reaching safepoint: 6160 ns, Cleanup: 7897 ns, At safepoint: 13215 ns, Total: 27272 ns
[2025-05-20T11:10:35.903+0000][74][info ][safepoint   ] Safepoint "Cleanup", Time since last: 4841847166 ns, Reaching safepoint: 19734 ns, Cleanup: 13975 ns, At safepoint: 8472 ns, Total: 42181 ns
[2025-05-20T11:10:39.904+0000][74][info ][safepoint   ] Safepoint "Cleanup", Time since last: 4001178283 ns, Reaching safepoint: 33478 ns, Cleanup: 15197 ns, At safepoint: 16239 ns, Total: 64914 ns
[2025-05-20T11:10:58.127+0000][74][info ][safepoint   ] Safepoint "Cleanup", Time since last: 18227545261 ns, Reaching safepoint: 15474 ns, Cleanup: 29737 ns, At safepoint: 81890 ns, Total: 127101 ns
[2025-05-20T11:10:59.940+0000][74][info ][safepoint   ] Safepoint "Cleanup", Time since last: 1812273975 ns, Reaching safepoint: 25179 ns, Cleanup: 13819 ns, At safepoint: 9424 ns, Total: 48422 ns
[2025-05-20T11:12:04.057+0000][74][info ][safepoint   ] Safepoint "Cleanup", Time since last: 64120154241 ns, Reaching safepoint: 38432 ns, Cleanup: 16111 ns, At safepoint: 11722 ns, Total: 66265 ns
[2025-05-20T11:12:09.219+0000][74][info ][safepoint   ] Safepoint "Cleanup", Time since last: 5161774976 ns, Reaching safepoint: 15545 ns, Cleanup: 10345 ns, At safepoint: 19980 ns, Total: 45870 ns
[2025-05-20T11:12:29.038+0000][74][info ][safepoint   ] Safepoint "Cleanup", Time since last: 19821920751 ns, Reaching safepoint: 70833 ns, Cleanup: 14885 ns, At safepoint: 15943 ns, Total: 101661 ns
[2025-05-20T11:12:37.040+0000][74][info ][safepoint   ] Safepoint "Cleanup", Time since last: 8001773761 ns, Reaching safepoint: 34044 ns, Cleanup: 16319 ns, At safepoint: 88269 ns, Total: 138632 ns
[2025-05-20T11:12:37.126+0000][74][info ][gc,start    ] GC(21) Pause Young (Mixed) (G1 Evacuation Pause)
[2025-05-20T11:12:37.129+0000][74][info ][gc,task     ] GC(21) Using 10 workers of 10 for evacuation
[2025-05-20T11:12:37.129+0000][74][debug][gc,age      ] GC(21) Desired survivor size 136314880 bytes, new threshold 15 (max threshold 15)
[2025-05-20T11:12:37.258+0000][74][info ][gc,phases   ] GC(21)   Pre Evacuate Collection Set: 4.88ms
[2025-05-20T11:12:37.259+0000][74][info ][gc,phases   ] GC(21)   Merge Heap Roots: 3.29ms
[2025-05-20T11:12:37.259+0000][74][info ][gc,phases   ] GC(21)   Evacuate Collection Set: 105.00ms
[2025-05-20T11:12:37.259+0000][74][info ][gc,phases   ] GC(21)   Post Evacuate Collection Set: 14.63ms
[2025-05-20T11:12:37.260+0000][74][info ][gc,phases   ] GC(21)   Other: 2.22ms
[2025-05-20T11:12:37.260+0000][74][trace][gc,age      ] GC(21) Age table with threshold 15 (max threshold 15)
[2025-05-20T11:12:37.261+0000][74][trace][gc,age      ] GC(21) - age   1:    1325024 bytes,    1325024 total
[2025-05-20T11:12:37.261+0000][74][trace][gc,age      ] GC(21) - age   2:     169552 bytes,    1494576 total
[2025-05-20T11:12:37.261+0000][74][trace][gc,age      ] GC(21) - age   3:     100120 bytes,    1594696 total
[2025-05-20T11:12:37.262+0000][74][trace][gc,age      ] GC(21) - age   4:      39800 bytes,    1634496 total
[2025-05-20T11:12:37.262+0000][74][trace][gc,age      ] GC(21) - age   5:    2364216 bytes,    3998712 total
[2025-05-20T11:12:37.263+0000][74][trace][gc,age      ] GC(21) - age   6:      84272 bytes,    4082984 total
[2025-05-20T11:12:37.263+0000][74][trace][gc,age      ] GC(21) - age   7:    2331840 bytes,    6414824 total
[2025-05-20T11:12:37.264+0000][74][info ][gc,heap     ] GC(21) Eden regions: 511->0(580)
[2025-05-20T11:12:37.264+0000][74][info ][gc,heap     ] GC(21) Survivor regions: 2->2(65)
[2025-05-20T11:12:37.264+0000][74][info ][gc,heap     ] GC(21) Old regions: 26->25
[2025-05-20T11:12:37.265+0000][74][info ][gc,heap     ] GC(21) Humongous regions: 0->0
[2025-05-20T11:12:37.265+0000][74][info ][gc,metaspace] GC(21) Metaspace: 148194K(152000K)->148194K(152000K) NonClass: 128099K(130112K)->128099K(130112K) Class: 20094K(21888K)->20094K(21888K)
[2025-05-20T11:12:37.266+0000][74][info ][gc          ] GC(21) Pause Young (Mixed) (G1 Evacuation Pause) 2150M->105M(3880M) 140.435ms
[2025-05-20T11:12:37.267+0000][74][info ][gc,cpu      ] GC(21) User=0.76s Sys=0.02s Real=0.14s
[2025-05-20T11:12:37.267+0000][74][info ][safepoint   ] Safepoint "G1CollectForAllocation", Time since last: 84254453 ns, Reaching safepoint: 23557 ns, Cleanup: 5073 ns, At safepoint: 142873643 ns, Total: 142902273 ns
[2025-05-20T11:12:39.097+0000][74][info ][safepoint   ] Safepoint "Cleanup", Time since last: 1829190543 ns, Reaching safepoint: 14903 ns, Cleanup: 11208 ns, At safepoint: 20234 ns, Total: 46345 ns
[2025-05-20T11:12:44.100+0000][74][info ][safepoint   ] Safepoint "Cleanup", Time since last: 5003781557 ns, Reaching safepoint: 31948 ns, Cleanup: 18785 ns, At safepoint: 15442 ns, Total: 66175 ns
[2025-05-20T11:12:51.099+0000][74][info ][safepoint   ] Safepoint "Cleanup", Time since last: 7001450298 ns, Reaching safepoint: 41131 ns, Cleanup: 22323 ns, At safepoint: 19198 ns, Total: 82652 ns
[2025-05-20T11:13:15.074+0000][74][info ][safepoint   ] Safepoint "Cleanup", Time since last: 23975329658 ns, Reaching safepoint: 7699 ns, Cleanup: 9290 ns, At safepoint: 2825 ns, Total: 19814 ns
[2025-05-20T11:13:40.066+0000][74][info ][safepoint   ] Safepoint "Cleanup", Time since last: 24993245841 ns, Reaching safepoint: 8440 ns, Cleanup: 9890 ns, At safepoint: 15674 ns, Total: 34004 ns
[2025-05-20T11:13:41.076+0000][74][info ][safepoint   ] Safepoint "Cleanup", Time since last: 1010464547 ns, Reaching safepoint: 29665 ns, Cleanup: 21738 ns, At safepoint: 11540 ns, Total: 62943 ns
[2025-05-20T11:13:42.129+0000][74][info ][safepoint   ] Safepoint "Cleanup", Time since last: 1053092798 ns, Reaching safepoint: 25142 ns, Cleanup: 15772 ns, At safepoint: 8861 ns, Total: 49775 ns
[2025-05-20T11:14:43.092+0000][74][info ][safepoint   ] Safepoint "Cleanup", Time since last: 60967361013 ns, Reaching safepoint: 18587 ns, Cleanup: 8952 ns, At safepoint: 14903 ns, Total: 42442 ns
[2025-05-20T11:14:44.141+0000][74][info ][safepoint   ] Safepoint "Cleanup", Time since last: 1048885946 ns, Reaching safepoint: 36499 ns, Cleanup: 17426 ns, At safepoint: 18300 ns, Total: 72225 ns
[2025-05-20T11:15:45.891+0000][74][info ][safepoint   ] Safepoint "Cleanup", Time since last: 61757894574 ns, Reaching safepoint: 21454 ns, Cleanup: 18348 ns, At safepoint: 87808 ns, Total: 127610 ns
[2025-05-20T11:15:49.913+0000][74][info ][safepoint   ] Safepoint "Cleanup", Time since last: 4022068929 ns, Reaching safepoint: 18650 ns, Cleanup: 11129 ns, At safepoint: 8495 ns, Total: 38274 ns
[2025-05-20T11:16:29.389+0000][74][info ][safepoint   ] Safepoint "Cleanup", Time since last: 39477366885 ns, Reaching safepoint: 99064 ns, Cleanup: 15306 ns, At safepoint: 12463 ns, Total: 126833 ns
[2025-05-20T11:17:09.021+0000][74][info ][safepoint   ] Safepoint "Cleanup", Time since last: 39635459350 ns, Reaching safepoint: 21005 ns, Cleanup: 10342 ns, At safepoint: 14370 ns, Total: 45717 ns
[2025-05-20T11:17:50.079+0000][74][info ][safepoint   ] Safepoint "Cleanup", Time since last: 41061708497 ns, Reaching safepoint: 148933 ns, Cleanup: 13867 ns, At safepoint: 57895 ns, Total: 220695 ns
[2025-05-20T11:17:51.085+0000][74][info ][safepoint   ] Safepoint "Cleanup", Time since last: 1005922372 ns, Reaching safepoint: 13475 ns, Cleanup: 19998 ns, At safepoint: 78973 ns, Total: 112446 ns
[2025-05-20T11:18:52.072+0000][74][info ][safepoint   ] Safepoint "Cleanup", Time since last: 60991517720 ns, Reaching safepoint: 22844 ns, Cleanup: 20858 ns, At safepoint: 84155 ns, Total: 127857 ns
[2025-05-20T11:18:56.118+0000][74][info ][safepoint   ] Safepoint "Cleanup", Time since last: 4046808658 ns, Reaching safepoint: 28376 ns, Cleanup: 15123 ns, At safepoint: 10951 ns, Total: 54450 ns
[2025-05-20T11:19:37.490+0000][74][info ][safepoint   ] Safepoint "Cleanup", Time since last: 41373678013 ns, Reaching safepoint: 34949 ns, Cleanup: 12249 ns, At safepoint: 8723 ns, Total: 55921 ns
[2025-05-20T11:19:55.062+0000][74][info ][safepoint   ] Safepoint "Cleanup", Time since last: 17573930894 ns, Reaching safepoint: 33050 ns, Cleanup: 15863 ns, At safepoint: 79445 ns, Total: 128358 ns
[2025-05-20T11:19:59.176+0000][74][info ][safepoint   ] Safepoint "Cleanup", Time since last: 4113910993 ns, Reaching safepoint: 26531 ns, Cleanup: 14116 ns, At safepoint: 12022 ns, Total: 52669 ns
[2025-05-20T11:20:29.525+0000][74][info ][safepoint   ] Safepoint "Cleanup", Time since last: 30351340841 ns, Reaching safepoint: 49220 ns, Cleanup: 13843 ns, At safepoint: 9161 ns, Total: 72224 ns
[2025-05-20T11:22:29.602+0000][74][info ][safepoint   ] Safepoint "Cleanup", Time since last: 120085491955 ns, Reaching safepoint: 143628 ns, Cleanup: 17092 ns, At safepoint: 10287 ns, Total: 171007 ns
[2025-05-20T11:23:04.086+0000][74][info ][safepoint   ] Safepoint "Cleanup", Time since last: 34487744830 ns, Reaching safepoint: 94655 ns, Cleanup: 12817 ns, At safepoint: 64575 ns, Total: 172047 ns
[2025-05-20T11:23:05.399+0000][74][info ][safepoint   ] Safepoint "Cleanup", Time since last: 1312506482 ns, Reaching safepoint: 18934 ns, Cleanup: 12922 ns, At safepoint: 7941 ns, Total: 39797 ns
[2025-05-20T11:25:10.468+0000][74][info ][safepoint   ] Safepoint "Cleanup", Time since last: 125078737040 ns, Reaching safepoint: 20046 ns, Cleanup: 17033 ns, At safepoint: 76422 ns, Total: 113501 ns
[2025-05-20T11:25:49.698+0000][74][info ][safepoint   ] Safepoint "Cleanup", Time since last: 39234462255 ns, Reaching safepoint: 79610 ns, Cleanup: 17687 ns, At safepoint: 15723 ns, Total: 113020 ns
[2025-05-20T11:27:01.135+0000][74][info ][safepoint   ] Safepoint "Cleanup", Time since last: 71441111743 ns, Reaching safepoint: 217316 ns, Cleanup: 15809 ns, At safepoint: 152049 ns, Total: 385174 ns
[2025-05-20T11:27:02.613+0000][74][info ][safepoint   ] Safepoint "Cleanup", Time since last: 1477676362 ns, Reaching safepoint: 31595 ns, Cleanup: 15424 ns, At safepoint: 15335 ns, Total: 62354 ns
[2025-05-20T11:27:29.665+0000][74][info ][safepoint   ] Safepoint "Cleanup", Time since last: 27054403735 ns, Reaching safepoint: 38635 ns, Cleanup: 16202 ns, At safepoint: 13317 ns, Total: 68154 ns
[2025-05-20T11:28:19.733+0000][74][info ][safepoint   ] Safepoint "Cleanup", Time since last: 50072486706 ns, Reaching safepoint: 13315 ns, Cleanup: 10212 ns, At safepoint: 16386 ns, Total: 39913 ns
[2025-05-20T11:28:26.736+0000][74][info ][safepoint   ] Safepoint "Cleanup", Time since last: 7003256969 ns, Reaching safepoint: 28892 ns, Cleanup: 15469 ns, At safepoint: 12983 ns, Total: 57344 ns
[2025-05-20T11:29:22.119+0000][74][info ][safepoint   ] Safepoint "Cleanup", Time since last: 55387281268 ns, Reaching safepoint: 225771 ns, Cleanup: 21690 ns, At safepoint: 167181 ns, Total: 414642 ns
[2025-05-20T11:30:25.808+0000][74][info ][safepoint   ] Safepoint "Cleanup", Time since last: 63693431250 ns, Reaching safepoint: 22868 ns, Cleanup: 15612 ns, At safepoint: 95314 ns, Total: 133794 ns
[2025-05-20T11:30:26.835+0000][74][info ][safepoint   ] Safepoint "Cleanup", Time since last: 1026741586 ns, Reaching safepoint: 30859 ns, Cleanup: 12919 ns, At safepoint: 8827 ns, Total: 52605 ns
[2025-05-20T11:31:28.856+0000][74][info ][safepoint   ] Safepoint "Cleanup", Time since last: 62025853321 ns, Reaching safepoint: 18028 ns, Cleanup: 24519 ns, At safepoint: 89588 ns, Total: 132135 ns
[2025-05-20T11:32:04.894+0000][74][info ][safepoint   ] Safepoint "Cleanup", Time since last: 36039626197 ns, Reaching safepoint: 60571 ns, Cleanup: 10289 ns, At safepoint: 16950 ns, Total: 87810 ns
[2025-05-20T11:32:28.927+0000][74][info ][safepoint   ] Safepoint "Cleanup", Time since last: 24035649853 ns, Reaching safepoint: 67406 ns, Cleanup: 15780 ns, At safepoint: 17047 ns, Total: 100233 ns
[2025-05-20T11:35:29.029+0000][74][info ][safepoint   ] Safepoint "Cleanup", Time since last: 180116344031 ns, Reaching safepoint: 69564 ns, Cleanup: 17394 ns, At safepoint: 12082 ns, Total: 99040 ns
[2025-05-20T11:36:43.150+0000][74][info ][safepoint   ] Safepoint "Cleanup", Time since last: 74125731523 ns, Reaching safepoint: 14522 ns, Cleanup: 11296 ns, At safepoint: 21032 ns, Total: 46850 ns
[2025-05-20T11:36:44.152+0000][74][info ][safepoint   ] Safepoint "Cleanup", Time since last: 1001523662 ns, Reaching safepoint: 168502 ns, Cleanup: 17058 ns, At safepoint: 124518 ns, Total: 310078 ns
[2025-05-20T11:39:27.165+0000][74][info ][safepoint   ] Safepoint "Cleanup", Time since last: 163025782494 ns, Reaching safepoint: 55516 ns, Cleanup: 13344 ns, At safepoint: 9776 ns, Total: 78636 ns
[2025-05-20T11:40:34.131+0000][74][info ][safepoint   ] Safepoint "Cleanup", Time since last: 66970593244 ns, Reaching safepoint: 20958 ns, Cleanup: 14305 ns, At safepoint: 15916 ns, Total: 51179 ns
[2025-05-20T11:40:35.419+0000][74][info ][safepoint   ] Safepoint "Cleanup", Time since last: 1288300108 ns, Reaching safepoint: 19451 ns, Cleanup: 23027 ns, At safepoint: 9054 ns, Total: 51532 ns
[2025-05-20T11:40:38.960+0000][74][info ][safepoint   ] Safepoint "Cleanup", Time since last: 3540480960 ns, Reaching safepoint: 26675 ns, Cleanup: 14703 ns, At safepoint: 73674 ns, Total: 115052 ns
[2025-05-20T11:40:40.111+0000][74][info ][safepoint   ] Safepoint "Cleanup", Time since last: 1150719379 ns, Reaching safepoint: 17276 ns, Cleanup: 12122 ns, At safepoint: 18969 ns, Total: 48367 ns
[2025-05-20T11:40:41.489+0000][74][info ][safepoint   ] Safepoint "Cleanup", Time since last: 1378485085 ns, Reaching safepoint: 29575 ns, Cleanup: 16863 ns, At safepoint: 11178 ns, Total: 57616 ns
[2025-05-20T11:41:04.206+0000][74][info ][safepoint   ] Safepoint "Cleanup", Time since last: 22719112058 ns, Reaching safepoint: 16456 ns, Cleanup: 19384 ns, At safepoint: 22167 ns, Total: 58007 ns
[2025-05-20T11:41:32.214+0000][74][info ][safepoint   ] Safepoint "Cleanup", Time since last: 28010101257 ns, Reaching safepoint: 86674 ns, Cleanup: 21193 ns, At safepoint: 18887 ns, Total: 126754 ns
[2025-05-20T11:44:04.779+0000][74][info ][safepoint   ] Safepoint "Cleanup", Time since last: 152576132466 ns, Reaching safepoint: 14254 ns, Cleanup: 9905 ns, At safepoint: 3371 ns, Total: 27530 ns
[2025-05-20T11:46:24.392+0000][74][info ][safepoint   ] Safepoint "Cleanup", Time since last: 139624001810 ns, Reaching safepoint: 34444 ns, Cleanup: 16371 ns, At safepoint: 16178 ns, Total: 66993 ns
[2025-05-20T11:46:34.394+0000][74][info ][safepoint   ] Safepoint "Cleanup", Time since last: 10002310913 ns, Reaching safepoint: 71435 ns, Cleanup: 16528 ns, At safepoint: 16455 ns, Total: 104418 ns
[2025-05-20T11:47:13.931+0000][74][info ][safepoint   ] Safepoint "Cleanup", Time since last: 39539401105 ns, Reaching safepoint: 16303 ns, Cleanup: 14754 ns, At safepoint: 13001 ns, Total: 44058 ns
[2025-05-20T11:47:29.425+0000][74][info ][safepoint   ] Safepoint "Cleanup", Time since last: 15495475914 ns, Reaching safepoint: 98918 ns, Cleanup: 21019 ns, At safepoint: 19521 ns, Total: 139458 ns
[2025-05-20T11:47:38.946+0000][74][info ][safepoint   ] Safepoint "Cleanup", Time since last: 9520887811 ns, Reaching safepoint: 118791 ns, Cleanup: 13964 ns, At safepoint: 46402 ns, Total: 179157 ns
[2025-05-20T11:48:16.127+0000][74][info ][safepoint   ] Safepoint "Cleanup", Time since last: 37185702912 ns, Reaching safepoint: 6942 ns, Cleanup: 8440 ns, At safepoint: 16041 ns, Total: 31423 ns
[2025-05-20T11:48:18.006+0000][74][info ][safepoint   ] Safepoint "Cleanup", Time since last: 1879431631 ns, Reaching safepoint: 15479 ns, Cleanup: 15509 ns, At safepoint: 19637 ns, Total: 50625 ns
[2025-05-20T11:48:29.020+0000][74][info ][safepoint   ] Safepoint "Cleanup", Time since last: 11013701036 ns, Reaching safepoint: 31245 ns, Cleanup: 18702 ns, At safepoint: 12536 ns, Total: 62483 ns
[2025-05-20T11:49:59.058+0000][74][info ][safepoint   ] Safepoint "Cleanup", Time since last: 90044396073 ns, Reaching safepoint: 37093 ns, Cleanup: 13372 ns, At safepoint: 8512 ns, Total: 58977 ns
[2025-05-20T11:51:25.104+0000][74][info ][safepoint   ] Safepoint "Cleanup", Time since last: 86052640151 ns, Reaching safepoint: 26765 ns, Cleanup: 17275 ns, At safepoint: 83683 ns, Total: 127723 ns
[2025-05-20T11:51:29.154+0000][74][info ][safepoint   ] Safepoint "Cleanup", Time since last: 4049673353 ns, Reaching safepoint: 33884 ns, Cleanup: 17873 ns, At safepoint: 16713 ns, Total: 68470 ns
[2025-05-20T11:52:16.588+0000][74][info ][safepoint   ] Safepoint "Cleanup", Time since last: 47438373597 ns, Reaching safepoint: 61657 ns, Cleanup: 17074 ns, At safepoint: 13939 ns, Total: 92670 ns
[2025-05-20T11:52:18.180+0000][74][info ][safepoint   ] Safepoint "Cleanup", Time since last: 1591296116 ns, Reaching safepoint: 28537 ns, Cleanup: 16261 ns, At safepoint: 11157 ns, Total: 55955 ns
[2025-05-20T11:52:29.162+0000][74][info ][safepoint   ] Safepoint "Cleanup", Time since last: 10982831928 ns, Reaching safepoint: 27486 ns, Cleanup: 15937 ns, At safepoint: 10206 ns, Total: 53629 ns
[2025-05-20T11:52:30.225+0000][74][info ][safepoint   ] Safepoint "Cleanup", Time since last: 1062878961 ns, Reaching safepoint: 6753 ns, Cleanup: 10416 ns, At safepoint: 4870 ns, Total: 22039 ns
[2025-05-20T11:52:31.229+0000][74][info ][safepoint   ] Safepoint "Cleanup", Time since last: 1003576048 ns, Reaching safepoint: 30243 ns, Cleanup: 16400 ns, At safepoint: 13390 ns, Total: 60033 ns
[2025-05-20T11:54:34.130+0000][74][info ][safepoint   ] Safepoint "Cleanup", Time since last: 122909873693 ns, Reaching safepoint: 28247 ns, Cleanup: 12407 ns, At safepoint: 66938 ns, Total: 107592 ns
[2025-05-20T11:54:51.329+0000][74][info ][safepoint   ] Safepoint "Cleanup", Time since last: 17199936951 ns, Reaching safepoint: 32655 ns, Cleanup: 15234 ns, At safepoint: 24496 ns, Total: 72385 ns
[2025-05-20T11:55:28.694+0000][74][info ][safepoint   ] Safepoint "Cleanup", Time since last: 37367294204 ns, Reaching safepoint: 78209 ns, Cleanup: 23035 ns, At safepoint: 19012 ns, Total: 120256 ns
[2025-05-20T11:56:49.430+0000][74][info ][safepoint   ] Safepoint "Cleanup", Time since last: 80743307513 ns, Reaching safepoint: 27552 ns, Cleanup: 17274 ns, At safepoint: 10446 ns, Total: 55272 ns
[2025-05-20T11:57:17.758+0000][74][info ][safepoint   ] Safepoint "Cleanup", Time since last: 28329963547 ns, Reaching safepoint: 33070 ns, Cleanup: 16423 ns, At safepoint: 15778 ns, Total: 65271 ns
[2025-05-20T11:57:19.101+0000][74][info ][safepoint   ] Safepoint "Cleanup", Time since last: 1342413616 ns, Reaching safepoint: 25261 ns, Cleanup: 12714 ns, At safepoint: 66652 ns, Total: 104627 ns
[2025-05-20T11:57:20.452+0000][74][info ][safepoint   ] Safepoint "Cleanup", Time since last: 1351584569 ns, Reaching safepoint: 24519 ns, Cleanup: 17050 ns, At safepoint: 10692 ns, Total: 52261 ns
[2025-05-20T11:57:28.492+0000][74][info ][safepoint   ] Safepoint "Cleanup", Time since last: 8039661843 ns, Reaching safepoint: 65806 ns, Cleanup: 17388 ns, At safepoint: 15966 ns, Total: 99160 ns
[2025-05-20T11:57:38.933+0000][74][info ][safepoint   ] Safepoint "Cleanup", Time since last: 10440864625 ns, Reaching safepoint: 12090 ns, Cleanup: 10039 ns, At safepoint: 19013 ns, Total: 41142 ns
[2025-05-20T11:57:43.505+0000][74][info ][safepoint   ] Safepoint "Cleanup", Time since last: 4571855454 ns, Reaching safepoint: 12698 ns, Cleanup: 10798 ns, At safepoint: 18628 ns, Total: 42124 ns
[2025-05-20T11:58:47.566+0000][74][info ][safepoint   ] Safepoint "Cleanup", Time since last: 64067065735 ns, Reaching safepoint: 19030 ns, Cleanup: 15903 ns, At safepoint: 8401 ns, Total: 43334 ns
[2025-05-20T11:59:49.180+0000][74][info ][safepoint   ] Safepoint "Cleanup", Time since last: 61618543192 ns, Reaching safepoint: 45496 ns, Cleanup: 20065 ns, At safepoint: 9081 ns, Total: 74642 ns
[2025-05-20T11:59:50.642+0000][74][info ][safepoint   ] Safepoint "Cleanup", Time since last: 1462364848 ns, Reaching safepoint: 29828 ns, Cleanup: 28606 ns, At safepoint: 16251 ns, Total: 74685 ns
[2025-05-20T11:59:58.644+0000][74][info ][safepoint   ] Safepoint "Cleanup", Time since last: 8001810872 ns, Reaching safepoint: 78084 ns, Cleanup: 14785 ns, At safepoint: 10558 ns, Total: 103427 ns
[2025-05-20T12:00:52.806+0000][74][info ][safepoint   ] Safepoint "Cleanup", Time since last: 54165562497 ns, Reaching safepoint: 27767 ns, Cleanup: 14582 ns, At safepoint: 82075 ns, Total: 124424 ns
[2025-05-20T12:01:28.889+0000][74][info ][safepoint   ] Safepoint "Cleanup", Time since last: 36085463939 ns, Reaching safepoint: 25579 ns, Cleanup: 15292 ns, At safepoint: 10598 ns, Total: 51469 ns
[2025-05-20T12:02:59.094+0000][74][info ][safepoint   ] Safepoint "Cleanup", Time since last: 90211042227 ns, Reaching safepoint: 30723 ns, Cleanup: 134030 ns, At safepoint: 45111 ns, Total: 209864 ns
[2025-05-20T12:03:00.133+0000][74][info ][safepoint   ] Safepoint "Cleanup", Time since last: 1038999084 ns, Reaching safepoint: 153332 ns, Cleanup: 50051 ns, At safepoint: 50254 ns, Total: 253637 ns
[2025-05-20T12:04:01.219+0000][74][info ][safepoint   ] Safepoint "Cleanup", Time since last: 61089452995 ns, Reaching safepoint: 16365 ns, Cleanup: 13358 ns, At safepoint: 11232 ns, Total: 40955 ns
[2025-05-20T12:04:29.134+0000][74][info ][safepoint   ] Safepoint "Cleanup", Time since last: 27917712940 ns, Reaching safepoint: 108217 ns, Cleanup: 27997 ns, At safepoint: 22945 ns, Total: 159159 ns
[2025-05-20T12:04:37.200+0000][74][info ][gc,start    ] GC(22) Pause Young (Normal) (G1 Evacuation Pause)
[2025-05-20T12:04:37.205+0000][74][info ][gc,task     ] GC(22) Using 10 workers of 10 for evacuation
[2025-05-20T12:04:37.208+0000][74][debug][gc,age      ] GC(22) Desired survivor size 153092096 bytes, new threshold 15 (max threshold 15)
[2025-05-20T12:04:37.474+0000][74][info ][gc,mmu      ] GC(22) MMU target violated: 201.0ms (200.0ms/201.0ms)
[2025-05-20T12:04:37.475+0000][74][info ][gc,phases   ] GC(22)   Pre Evacuate Collection Set: 14.17ms
[2025-05-20T12:04:37.475+0000][74][info ][gc,phases   ] GC(22)   Merge Heap Roots: 3.11ms
[2025-05-20T12:04:37.475+0000][74][info ][gc,phases   ] GC(22)   Evacuate Collection Set: 221.33ms
[2025-05-20T12:04:37.476+0000][74][info ][gc,phases   ] GC(22)   Post Evacuate Collection Set: 23.22ms
[2025-05-20T12:04:37.476+0000][74][info ][gc,phases   ] GC(22)   Other: 9.78ms
[2025-05-20T12:04:37.477+0000][74][trace][gc,age      ] GC(22) Age table with threshold 15 (max threshold 15)
[2025-05-20T12:04:37.477+0000][74][trace][gc,age      ] GC(22) - age   1:    1357920 bytes,    1357920 total
[2025-05-20T12:04:37.477+0000][74][trace][gc,age      ] GC(22) - age   2:     199752 bytes,    1557672 total
[2025-05-20T12:04:37.478+0000][74][trace][gc,age      ] GC(22) - age   3:     167136 bytes,    1724808 total
[2025-05-20T12:04:37.478+0000][74][trace][gc,age      ] GC(22) - age   4:      67560 bytes,    1792368 total
[2025-05-20T12:04:37.478+0000][74][trace][gc,age      ] GC(22) - age   5:      39800 bytes,    1832168 total
[2025-05-20T12:04:37.478+0000][74][trace][gc,age      ] GC(22) - age   6:    2362448 bytes,    4194616 total
[2025-05-20T12:04:37.479+0000][74][trace][gc,age      ] GC(22) - age   7:      84096 bytes,    4278712 total
[2025-05-20T12:04:37.479+0000][74][trace][gc,age      ] GC(22) - age   8:    2297424 bytes,    6576136 total
[2025-05-20T12:04:37.479+0000][74][info ][gc,heap     ] GC(22) Eden regions: 580->0(178)
[2025-05-20T12:04:37.480+0000][74][info ][gc,heap     ] GC(22) Survivor regions: 2->2(73)
[2025-05-20T12:04:37.480+0000][74][info ][gc,heap     ] GC(22) Old regions: 25->25
[2025-05-20T12:04:37.480+0000][74][info ][gc,heap     ] GC(22) Humongous regions: 0->0
[2025-05-20T12:04:37.481+0000][74][info ][gc,metaspace] GC(22) Metaspace: 148455K(152256K)->148455K(152256K) NonClass: 128359K(130368K)->128359K(130368K) Class: 20095K(21888K)->20095K(21888K)
[2025-05-20T12:04:37.482+0000][74][info ][gc          ] GC(22) Pause Young (Normal) (G1 Evacuation Pause) 2425M->106M(3880M) 281.945ms
[2025-05-20T12:04:37.482+0000][74][info ][gc,cpu      ] GC(22) User=1.69s Sys=0.08s Real=0.28s
[2025-05-20T12:04:37.482+0000][74][info ][safepoint   ] Safepoint "G1CollectForAllocation", Time since last: 8058725546 ns, Reaching safepoint: 56072 ns, Cleanup: 9961 ns, At safepoint: 289739069 ns, Total: 289805102 ns
[2025-05-20T12:05:39.160+0000][74][info ][safepoint   ] Safepoint "Cleanup", Time since last: 61687003946 ns, Reaching safepoint: 52493 ns, Cleanup: 12831 ns, At safepoint: 9534 ns, Total: 74858 ns
[2025-05-20T12:06:07.230+0000][74][info ][safepoint   ] Safepoint "Cleanup", Time since last: 28066592057 ns, Reaching safepoint: 218873 ns, Cleanup: 11604 ns, At safepoint: 43493 ns, Total: 273970 ns
[2025-05-20T12:06:29.196+0000][74][info ][safepoint   ] Safepoint "Cleanup", Time since last: 21968458400 ns, Reaching safepoint: 53045 ns, Cleanup: 17215 ns, At safepoint: 10833 ns, Total: 81093 ns
[2025-05-20T12:07:10.602+0000][74][info ][safepoint   ] Safepoint "Cleanup", Time since last: 41407358287 ns, Reaching safepoint: 56679 ns, Cleanup: 14051 ns, At safepoint: 75712 ns, Total: 146442 ns
[2025-05-20T12:07:22.312+0000][74][info ][safepoint   ] Safepoint "Cleanup", Time since last: 11711580462 ns, Reaching safepoint: 13492 ns, Cleanup: 10156 ns, At safepoint: 39362 ns, Total: 63010 ns
[2025-05-20T12:08:13.704+0000][74][info ][safepoint   ] Safepoint "Cleanup", Time since last: 51394156039 ns, Reaching safepoint: 27822 ns, Cleanup: 12953 ns, At safepoint: 23053 ns, Total: 63828 ns
[2025-05-20T12:08:28.258+0000][74][info ][safepoint   ] Safepoint "Cleanup", Time since last: 14557882080 ns, Reaching safepoint: 32530 ns, Cleanup: 18298 ns, At safepoint: 14456 ns, Total: 65284 ns
[2025-05-20T12:09:59.287+0000][74][info ][safepoint   ] Safepoint "Cleanup", Time since last: 91037945840 ns, Reaching safepoint: 21433 ns, Cleanup: 13317 ns, At safepoint: 9527 ns, Total: 44277 ns
[2025-05-20T12:10:59.847+0000][74][info ][safepoint   ] Safepoint "Cleanup", Time since last: 60565568740 ns, Reaching safepoint: 56462 ns, Cleanup: 16680 ns, At safepoint: 12477 ns, Total: 85619 ns
[2025-05-20T12:11:07.267+0000][74][info ][safepoint   ] Safepoint "Cleanup", Time since last: 7419445933 ns, Reaching safepoint: 18128 ns, Cleanup: 41242 ns, At safepoint: 95233 ns, Total: 154603 ns
[2025-05-20T12:11:58.904+0000][74][info ][safepoint   ] Safepoint "Cleanup", Time since last: 51643365596 ns, Reaching safepoint: 66953 ns, Cleanup: 15800 ns, At safepoint: 11378 ns, Total: 94131 ns
[2025-05-20T12:12:25.945+0000][74][info ][safepoint   ] Safepoint "Cleanup", Time since last: 27042366822 ns, Reaching safepoint: 21557 ns, Cleanup: 13042 ns, At safepoint: 83164 ns, Total: 117763 ns
[2025-05-20T12:12:26.975+0000][74][info ][safepoint   ] Safepoint "Cleanup", Time since last: 1028968876 ns, Reaching safepoint: 637017 ns, Cleanup: 18503 ns, At safepoint: 178702 ns, Total: 834222 ns
[2025-05-20T12:12:38.921+0000][74][info ][safepoint   ] Safepoint "Cleanup", Time since last: 11946863540 ns, Reaching safepoint: 12280 ns, Cleanup: 9368 ns, At safepoint: 13129 ns, Total: 34777 ns
[2025-05-20T12:13:29.029+0000][74][info ][safepoint   ] Safepoint "Cleanup", Time since last: 50113457575 ns, Reaching safepoint: 24469 ns, Cleanup: 14631 ns, At safepoint: 21621 ns, Total: 60721 ns
[2025-05-20T12:13:30.065+0000][74][info ][safepoint   ] Safepoint "Cleanup", Time since last: 1035704571 ns, Reaching safepoint: 14639 ns, Cleanup: 15713 ns, At safepoint: 21431 ns, Total: 51783 ns
[2025-05-20T12:14:28.434+0000][74][info ][safepoint   ] Safepoint "Cleanup", Time since last: 58374749015 ns, Reaching safepoint: 60502 ns, Cleanup: 16923 ns, At safepoint: 15064 ns, Total: 92489 ns
[2025-05-20T12:14:31.202+0000][74][info ][safepoint   ] Safepoint "Cleanup", Time since last: 2768377813 ns, Reaching safepoint: 26661 ns, Cleanup: 12964 ns, At safepoint: 66698 ns, Total: 106323 ns
[2025-05-20T12:14:33.099+0000][74][info ][safepoint   ] Safepoint "Cleanup", Time since last: 1896633454 ns, Reaching safepoint: 90603 ns, Cleanup: 17263 ns, At safepoint: 18283 ns, Total: 126149 ns
[2025-05-20T12:14:57.103+0000][74][info ][safepoint   ] Safepoint "Cleanup", Time since last: 24006245680 ns, Reaching safepoint: 35312 ns, Cleanup: 17470 ns, At safepoint: 69168 ns, Total: 121950 ns
[2025-05-20T12:15:29.469+0000][74][info ][safepoint   ] Safepoint "Cleanup", Time since last: 32368775540 ns, Reaching safepoint: 86322 ns, Cleanup: 17270 ns, At safepoint: 10928 ns, Total: 114520 ns
[2025-05-20T12:15:30.469+0000][74][info ][safepoint   ] Safepoint "Cleanup", Time since last: 1000603725 ns, Reaching safepoint: 18448 ns, Cleanup: 13181 ns, At safepoint: 9610 ns, Total: 41239 ns
[2025-05-20T12:15:34.211+0000][74][info ][safepoint   ] Safepoint "Cleanup", Time since last: 3741747831 ns, Reaching safepoint: 9866 ns, Cleanup: 11071 ns, At safepoint: 4883 ns, Total: 25820 ns
[2025-05-20T12:15:36.149+0000][74][info ][safepoint   ] Safepoint "Cleanup", Time since last: 1937361738 ns, Reaching safepoint: 18772 ns, Cleanup: 14146 ns, At safepoint: 9526 ns, Total: 42444 ns
[2025-05-20T12:17:28.314+0000][74][info ][safepoint   ] Safepoint "Cleanup", Time since last: 112177505591 ns, Reaching safepoint: 187853 ns, Cleanup: 43357 ns, At safepoint: 53125 ns, Total: 284335 ns
[2025-05-20T12:18:10.333+0000][74][info ][safepoint   ] Safepoint "Cleanup", Time since last: 42020474641 ns, Reaching safepoint: 369304 ns, Cleanup: 12987 ns, At safepoint: 9688 ns, Total: 391979 ns
[2025-05-20T12:18:44.374+0000][74][info ][safepoint   ] Safepoint "Cleanup", Time since last: 34042896629 ns, Reaching safepoint: 15782 ns, Cleanup: 20609 ns, At safepoint: 88620 ns, Total: 125011 ns
[2025-05-20T12:19:58.442+0000][74][info ][safepoint   ] Safepoint "Cleanup", Time since last: 74075901303 ns, Reaching safepoint: 66140 ns, Cleanup: 27442 ns, At safepoint: 11260 ns, Total: 104842 ns
[2025-05-20T12:20:49.460+0000][74][info ][safepoint   ] Safepoint "Cleanup", Time since last: 51023825886 ns, Reaching safepoint: 9443 ns, Cleanup: 10016 ns, At safepoint: 17947 ns, Total: 37406 ns
[2025-05-20T12:21:28.690+0000][74][info ][safepoint   ] Safepoint "Cleanup", Time since last: 39231700287 ns, Reaching safepoint: 33951 ns, Cleanup: 14702 ns, At safepoint: 11639 ns, Total: 60292 ns
[2025-05-20T12:21:58.530+0000][74][info ][safepoint   ] Safepoint "Cleanup", Time since last: 29843352128 ns, Reaching safepoint: 61968 ns, Cleanup: 20233 ns, At safepoint: 14562 ns, Total: 96763 ns
[2025-05-20T12:22:33.595+0000][74][info ][safepoint   ] Safepoint "Cleanup", Time since last: 35067462177 ns, Reaching safepoint: 30892 ns, Cleanup: 17713 ns, At safepoint: 15367 ns, Total: 63972 ns
[2025-05-20T12:22:35.020+0000][74][info ][safepoint   ] Safepoint "Cleanup", Time since last: 1425111832 ns, Reaching safepoint: 34625 ns, Cleanup: 18016 ns, At safepoint: 18647 ns, Total: 71288 ns
[2025-05-20T12:22:55.606+0000][74][info ][safepoint   ] Safepoint "Cleanup", Time since last: 20588102878 ns, Reaching safepoint: 18299 ns, Cleanup: 21300 ns, At safepoint: 95615 ns, Total: 135214 ns
[2025-05-20T12:23:28.750+0000][74][info ][safepoint   ] Safepoint "Cleanup", Time since last: 33145679046 ns, Reaching safepoint: 397946 ns, Cleanup: 22002 ns, At safepoint: 26663 ns, Total: 446611 ns
[2025-05-20T12:23:43.755+0000][74][info ][safepoint   ] Safepoint "Cleanup", Time since last: 15002871932 ns, Reaching safepoint: 2162087 ns, Cleanup: 14434 ns, At safepoint: 66270 ns, Total: 2242791 ns
[2025-05-20T12:23:58.646+0000][74][info ][safepoint   ] Safepoint "Cleanup", Time since last: 14894797924 ns, Reaching safepoint: 16289 ns, Cleanup: 11513 ns, At safepoint: 20547 ns, Total: 48349 ns
[2025-05-20T12:23:59.671+0000][74][info ][safepoint   ] Safepoint "Cleanup", Time since last: 1024701971 ns, Reaching safepoint: 35561 ns, Cleanup: 23356 ns, At safepoint: 19609 ns, Total: 78526 ns
[2025-05-20T12:24:57.784+0000][74][info ][safepoint   ] Safepoint "Cleanup", Time since last: 58117835555 ns, Reaching safepoint: 21684 ns, Cleanup: 13074 ns, At safepoint: 34132 ns, Total: 68890 ns
[2025-05-20T12:25:01.189+0000][74][info ][safepoint   ] Safepoint "Cleanup", Time since last: 3405360931 ns, Reaching safepoint: 33130 ns, Cleanup: 15782 ns, At safepoint: 71702 ns, Total: 120614 ns
[2025-05-20T12:25:40.214+0000][74][info ][safepoint   ] Safepoint "Cleanup", Time since last: 39026637087 ns, Reaching safepoint: 596500 ns, Cleanup: 12990 ns, At safepoint: 69554 ns, Total: 679044 ns
[2025-05-20T12:25:41.752+0000][74][info ][safepoint   ] Safepoint "Cleanup", Time since last: 1537863031 ns, Reaching safepoint: 30189 ns, Cleanup: 36751 ns, At safepoint: 16344 ns, Total: 83284 ns
[2025-05-20T12:26:10.167+0000][74][info ][safepoint   ] Safepoint "Cleanup", Time since last: 28418340718 ns, Reaching safepoint: 6170 ns, Cleanup: 22924 ns, At safepoint: 13584 ns, Total: 42678 ns
[2025-05-20T12:26:19.842+0000][74][info ][safepoint   ] Safepoint "Cleanup", Time since last: 9677609993 ns, Reaching safepoint: 29127 ns, Cleanup: 16269 ns, At safepoint: 16478 ns, Total: 61874 ns
[2025-05-20T12:27:28.877+0000][74][info ][safepoint   ] Safepoint "Cleanup", Time since last: 69039169223 ns, Reaching safepoint: 63548 ns, Cleanup: 14510 ns, At safepoint: 14177 ns, Total: 92235 ns
[2025-05-20T12:27:34.233+0000][74][info ][safepoint   ] Safepoint "Cleanup", Time since last: 5356465846 ns, Reaching safepoint: 12568 ns, Cleanup: 11078 ns, At safepoint: 18502 ns, Total: 42148 ns
[2025-05-20T12:29:54.020+0000][74][info ][safepoint   ] Safepoint "Cleanup", Time since last: 139798187503 ns, Reaching safepoint: 1103203 ns, Cleanup: 50425 ns, At safepoint: 87446 ns, Total: 1241074 ns
[2025-05-20T12:29:55.040+0000][74][info ][safepoint   ] Safepoint "Cleanup", Time since last: 1019796013 ns, Reaching safepoint: 59026 ns, Cleanup: 32142 ns, At safepoint: 12647 ns, Total: 103815 ns
[2025-05-20T12:29:58.042+0000][74][info ][safepoint   ] Safepoint "Cleanup", Time since last: 3001157251 ns, Reaching safepoint: 903375 ns, Cleanup: 73303 ns, At safepoint: 112589 ns, Total: 1089267 ns
[2025-05-20T12:29:59.334+0000][74][info ][safepoint   ] Safepoint "Cleanup", Time since last: 1292266145 ns, Reaching safepoint: 9270 ns, Cleanup: 41697 ns, At safepoint: 27899 ns, Total: 78866 ns
[2025-05-20T12:30:00.338+0000][74][info ][safepoint   ] Safepoint "Cleanup", Time since last: 1003886958 ns, Reaching safepoint: 33164 ns, Cleanup: 16551 ns, At safepoint: 9892 ns, Total: 59607 ns
[2025-05-20T12:30:00.792+0000][74][info ][gc,heap,exit] Heap
[2025-05-20T12:30:00.793+0000][74][info ][gc,heap,exit]  garbage-first heap   total reserved 3973120K, committed 3973120K, used 1352512K [0x000000070d800000, 0x0000000800000000)
[2025-05-20T12:30:00.794+0000][74][info ][gc,heap,exit]   region size 4096K, 306 young (1253376K), 2 survivors (8192K)
[2025-05-20T12:30:00.794+0000][74][info ][gc,heap,exit]  Metaspace       used 148910K, committed 152768K, reserved 1245184K
[2025-05-20T12:30:00.795+0000][74][info ][gc,heap,exit]   class space    used 20180K, committed 22016K, reserved 1048576K
