[2025-05-22T10:06:29.788+0000][71][info][gc,init] CardTable entry size: 512
[2025-05-22T10:06:29.789+0000][71][info][gc     ] Using G1
[2025-05-22T10:06:32.308+0000][71][info][gc,init] Version: 22+36-2370 (release)
[2025-05-22T10:06:32.311+0000][71][info][gc,init] CPUs: 12 total, 12 available
[2025-05-22T10:06:32.314+0000][71][info][gc,init] Memory: 7757M
[2025-05-22T10:06:32.314+0000][71][info][gc,init] Large Page Support: Disabled
[2025-05-22T10:06:32.315+0000][71][info][gc,init] NUMA Support: Disabled
[2025-05-22T10:06:32.315+0000][71][info][gc,init] Compressed Oops: Enabled (Zero based)
[2025-05-22T10:06:32.315+0000][71][info][gc,init] Heap Region Size: 4M
[2025-05-22T10:06:32.316+0000][71][info][gc,init] Heap Min Capacity: 3880M
[2025-05-22T10:06:32.316+0000][71][info][gc,init] Heap Initial Capacity: 3880M
[2025-05-22T10:06:32.316+0000][71][info][gc,init] Heap Max Capacity: 3880M
[2025-05-22T10:06:32.317+0000][71][info][gc,init] Pre-touch: Enabled
[2025-05-22T10:06:32.317+0000][71][info][gc,init] Parallel Workers: 10
[2025-05-22T10:06:32.318+0000][71][info][gc,init] Concurrent Workers: 3
[2025-05-22T10:06:32.318+0000][71][info][gc,init] Concurrent Refinement Workers: 10
[2025-05-22T10:06:32.319+0000][71][info][gc,init] Periodic GC: Disabled
[2025-05-22T10:06:32.406+0000][71][info][gc,metaspace] CDS archive(s) mapped at: [0x00007f7dda000000-0x00007f7ddac74000-0x00007f7ddac74000), size 13058048, SharedBaseAddress: 0x00007f7dda000000, ArchiveRelocationMode: 1.
[2025-05-22T10:06:32.406+0000][71][info][gc,metaspace] Compressed class space mapped at: 0x00007f7ddb000000-0x00007f7e1b000000, reserved size: 1073741824
[2025-05-22T10:06:32.407+0000][71][info][gc,metaspace] Narrow klass base: 0x00007f7dda000000, Narrow klass shift: 0, Narrow klass range: 0x100000000
[2025-05-22T10:06:32.865+0000][71][info][safepoint   ] Safepoint "ICBufferFull", Time since last: 439222134 ns, Reaching safepoint: 38140 ns, Cleanup: 91532 ns, At safepoint: 45218 ns, Total: 174890 ns
[2025-05-22T10:06:33.637+0000][71][info][safepoint   ] Safepoint "ICBufferFull", Time since last: 772598362 ns, Reaching safepoint: 5475 ns, Cleanup: 121172 ns, At safepoint: 10246 ns, Total: 136893 ns
[2025-05-22T10:06:34.461+0000][71][info][safepoint   ] Safepoint "ICBufferFull", Time since last: 823834354 ns, Reaching safepoint: 5426 ns, Cleanup: 101113 ns, At safepoint: 7879 ns, Total: 114418 ns
[2025-05-22T10:06:35.345+0000][71][info][safepoint   ] Safepoint "ICBufferFull", Time since last: 883931733 ns, Reaching safepoint: 5054 ns, Cleanup: 125938 ns, At safepoint: 22382 ns, Total: 153374 ns
[2025-05-22T10:06:36.423+0000][71][info][safepoint   ] Safepoint "Cleanup", Time since last: 1077784281 ns, Reaching safepoint: 13848 ns, Cleanup: 99679 ns, At safepoint: 29102 ns, Total: 142629 ns
[2025-05-22T10:06:37.367+0000][71][info][gc,start    ] GC(0) Pause Young (Concurrent Start) (Metadata GC Threshold)
[2025-05-22T10:06:37.398+0000][71][info][gc,task     ] GC(0) Using 10 workers of 10 for evacuation
[2025-05-22T10:06:37.417+0000][71][debug][gc,age      ] GC(0) Desired survivor size 12582912 bytes, new threshold 15 (max threshold 15)
[2025-05-22T10:06:37.476+0000][71][info ][gc,phases   ] GC(0)   Pre Evacuate Collection Set: 4.24ms
[2025-05-22T10:06:37.510+0000][71][info ][gc,phases   ] GC(0)   Merge Heap Roots: 0.38ms
[2025-05-22T10:06:37.528+0000][71][info ][gc,phases   ] GC(0)   Evacuate Collection Set: 32.33ms
[2025-05-22T10:06:37.547+0000][71][info ][gc,phases   ] GC(0)   Post Evacuate Collection Set: 7.10ms
[2025-05-22T10:06:37.564+0000][71][info ][gc,phases   ] GC(0)   Other: 33.62ms
[2025-05-22T10:06:37.583+0000][71][trace][gc,age      ] GC(0) Age table with threshold 15 (max threshold 15)
[2025-05-22T10:06:37.619+0000][71][trace][gc,age      ] GC(0) - age   1:   10198272 bytes,   10198272 total
[2025-05-22T10:06:37.640+0000][71][info ][gc,heap     ] GC(0) Eden regions: 45->0(45)
[2025-05-22T10:06:37.656+0000][71][info ][gc,heap     ] GC(0) Survivor regions: 0->3(6)
[2025-05-22T10:06:37.663+0000][71][info ][gc,heap     ] GC(0) Old regions: 1->1
[2025-05-22T10:06:37.676+0000][71][info ][gc,heap     ] GC(0) Humongous regions: 0->0
[2025-05-22T10:06:37.684+0000][71][info ][gc,metaspace] GC(0) Metaspace: 20959K(21504K)->20959K(21504K) NonClass: 18580K(18880K)->18580K(18880K) Class: 2378K(2624K)->2378K(2624K)
[2025-05-22T10:06:37.688+0000][71][info ][gc          ] GC(0) Pause Young (Concurrent Start) (Metadata GC Threshold) 179M->11M(3880M) 320.627ms
[2025-05-22T10:06:37.691+0000][71][info ][gc,cpu      ] GC(0) User=0.46s Sys=0.00s Real=0.32s
[2025-05-22T10:06:37.691+0000][71][info ][gc          ] GC(1) Concurrent Mark Cycle
[2025-05-22T10:06:37.695+0000][71][info ][safepoint   ] Safepoint "CollectForMetadataAllocation", Time since last: 943233977 ns, Reaching safepoint: 4867 ns, Cleanup: 106431 ns, At safepoint: 328847388 ns, Total: 328958686 ns
[2025-05-22T10:06:37.740+0000][71][info ][gc,marking  ] GC(1) Concurrent Scan Root Regions
[2025-05-22T10:06:37.791+0000][71][info ][gc,marking  ] GC(1) Concurrent Scan Root Regions 51.349ms
[2025-05-22T10:06:37.815+0000][71][info ][gc,marking  ] GC(1) Concurrent Mark
[2025-05-22T10:06:37.820+0000][71][info ][gc,marking  ] GC(1) Concurrent Mark From Roots
[2025-05-22T10:06:37.836+0000][71][info ][gc,task     ] GC(1) Using 3 workers of 3 for marking
[2025-05-22T10:06:37.845+0000][71][info ][gc,marking  ] GC(1) Concurrent Mark From Roots 25.668ms
[2025-05-22T10:06:37.837+0000][71][info ][safepoint   ] Safepoint "CollectForMetadataAllocation", Time since last: 139973618 ns, Reaching safepoint: 5072 ns, Cleanup: 19876 ns, At safepoint: 1726490 ns, Total: 1751438 ns
[2025-05-22T10:06:37.856+0000][71][info ][gc,marking  ] GC(1) Concurrent Preclean
[2025-05-22T10:06:37.875+0000][71][info ][gc,marking  ] GC(1) Concurrent Preclean 19.455ms
[2025-05-22T10:06:37.880+0000][71][info ][gc,start    ] GC(1) Pause Remark
[2025-05-22T10:06:37.886+0000][71][info ][gc          ] GC(1) Pause Remark 17M->17M(3880M) 6.494ms
[2025-05-22T10:06:37.897+0000][71][info ][gc,cpu      ] GC(1) User=0.01s Sys=0.00s Real=0.02s
[2025-05-22T10:06:37.906+0000][71][info ][safepoint   ] Safepoint "G1PauseRemark", Time since last: 42543183 ns, Reaching safepoint: 100179 ns, Cleanup: 6251 ns, At safepoint: 26699839 ns, Total: 26806269 ns
[2025-05-22T10:06:37.913+0000][71][info ][gc,marking  ] GC(1) Concurrent Mark 98.383ms
[2025-05-22T10:06:37.917+0000][71][info ][gc,marking  ] GC(1) Concurrent Rebuild Remembered Sets and Scrub Regions
[2025-05-22T10:06:37.924+0000][71][info ][gc,marking  ] GC(1) Concurrent Rebuild Remembered Sets and Scrub Regions 6.392ms
[2025-05-22T10:06:37.934+0000][71][info ][gc,start    ] GC(1) Pause Cleanup
[2025-05-22T10:06:37.938+0000][71][info ][gc          ] GC(1) Pause Cleanup 19M->19M(3880M) 3.166ms
[2025-05-22T10:06:37.946+0000][71][info ][gc,cpu      ] GC(1) User=0.00s Sys=0.00s Real=0.01s
[2025-05-22T10:06:37.953+0000][71][info ][safepoint   ] Safepoint "G1PauseCleanup", Time since last: 27856826 ns, Reaching safepoint: 103169 ns, Cleanup: 5508 ns, At safepoint: 18492336 ns, Total: 18601013 ns
[2025-05-22T10:06:37.961+0000][71][info ][gc,marking  ] GC(1) Concurrent Clear Claimed Marks
[2025-05-22T10:06:37.970+0000][71][info ][gc,marking  ] GC(1) Concurrent Clear Claimed Marks 8.988ms
[2025-05-22T10:06:37.974+0000][71][info ][gc,marking  ] GC(1) Concurrent Cleanup for Next Mark
[2025-05-22T10:06:37.990+0000][71][info ][gc,marking  ] GC(1) Concurrent Cleanup for Next Mark 16.698ms
[2025-05-22T10:06:38.001+0000][71][info ][gc          ] GC(1) Concurrent Mark Cycle 309.890ms
[2025-05-22T10:06:39.180+0000][71][info ][safepoint   ] Safepoint "ICBufferFull", Time since last: 1226712442 ns, Reaching safepoint: 5233 ns, Cleanup: 102489 ns, At safepoint: 7595 ns, Total: 115317 ns
[2025-05-22T10:06:39.658+0000][71][info ][gc,start    ] GC(2) Pause Young (Prepare Mixed) (G1 Evacuation Pause)
[2025-05-22T10:06:39.659+0000][71][info ][gc,task     ] GC(2) Using 10 workers of 10 for evacuation
[2025-05-22T10:06:39.660+0000][71][debug][gc,age      ] GC(2) Desired survivor size 12582912 bytes, new threshold 15 (max threshold 15)
[2025-05-22T10:06:39.684+0000][71][info ][gc,phases   ] GC(2)   Pre Evacuate Collection Set: 0.67ms
[2025-05-22T10:06:39.685+0000][71][info ][gc,phases   ] GC(2)   Merge Heap Roots: 0.12ms
[2025-05-22T10:06:39.686+0000][71][info ][gc,phases   ] GC(2)   Evacuate Collection Set: 20.73ms
[2025-05-22T10:06:39.688+0000][71][info ][gc,phases   ] GC(2)   Post Evacuate Collection Set: 2.75ms
[2025-05-22T10:06:39.688+0000][71][info ][gc,phases   ] GC(2)   Other: 0.82ms
[2025-05-22T10:06:39.690+0000][71][trace][gc,age      ] GC(2) Age table with threshold 15 (max threshold 15)
[2025-05-22T10:06:39.692+0000][71][trace][gc,age      ] GC(2) - age   1:    5845800 bytes,    5845800 total
[2025-05-22T10:06:39.692+0000][71][trace][gc,age      ] GC(2) - age   2:    9295304 bytes,   15141104 total
[2025-05-22T10:06:39.694+0000][71][info ][gc,heap     ] GC(2) Eden regions: 45->0(43)
[2025-05-22T10:06:39.694+0000][71][info ][gc,heap     ] GC(2) Survivor regions: 3->5(6)
[2025-05-22T10:06:39.695+0000][71][info ][gc,heap     ] GC(2) Old regions: 1->1
[2025-05-22T10:06:39.696+0000][71][info ][gc,heap     ] GC(2) Humongous regions: 0->0
[2025-05-22T10:06:39.698+0000][71][info ][gc,metaspace] GC(2) Metaspace: 27580K(28224K)->27580K(28224K) NonClass: 24466K(24832K)->24466K(24832K) Class: 3114K(3392K)->3114K(3392K)
[2025-05-22T10:06:39.699+0000][71][info ][gc          ] GC(2) Pause Young (Prepare Mixed) (G1 Evacuation Pause) 191M->17M(3880M) 40.238ms
[2025-05-22T10:06:39.700+0000][71][info ][gc,cpu      ] GC(2) User=0.10s Sys=0.00s Real=0.04s
[2025-05-22T10:06:39.704+0000][71][info ][safepoint   ] Safepoint "G1CollectForAllocation", Time since last: 478404015 ns, Reaching safepoint: 4714 ns, Cleanup: 113913 ns, At safepoint: 45778143 ns, Total: 45896770 ns
[2025-05-22T10:06:40.735+0000][71][info ][safepoint   ] Safepoint "ICBufferFull", Time since last: 1030583867 ns, Reaching safepoint: 93168 ns, Cleanup: 108553 ns, At safepoint: 29934 ns, Total: 231655 ns
[2025-05-22T10:06:40.941+0000][71][info ][gc,start    ] GC(3) Pause Young (Mixed) (G1 Evacuation Pause)
[2025-05-22T10:06:40.953+0000][71][info ][gc,task     ] GC(3) Using 10 workers of 10 for evacuation
[2025-05-22T10:06:40.955+0000][71][debug][gc,age      ] GC(3) Desired survivor size 12582912 bytes, new threshold 2 (max threshold 15)
[2025-05-22T10:06:41.005+0000][71][info ][gc,phases   ] GC(3)   Pre Evacuate Collection Set: 0.56ms
[2025-05-22T10:06:41.013+0000][71][info ][gc,phases   ] GC(3)   Merge Heap Roots: 0.12ms
[2025-05-22T10:06:41.019+0000][71][info ][gc,phases   ] GC(3)   Evacuate Collection Set: 42.54ms
[2025-05-22T10:06:41.023+0000][71][info ][gc,phases   ] GC(3)   Post Evacuate Collection Set: 1.47ms
[2025-05-22T10:06:41.024+0000][71][info ][gc,phases   ] GC(3)   Other: 6.79ms
[2025-05-22T10:06:41.026+0000][71][trace][gc,age      ] GC(3) Age table with threshold 2 (max threshold 15)
[2025-05-22T10:06:41.032+0000][71][trace][gc,age      ] GC(3) - age   1:    4299576 bytes,    4299576 total
[2025-05-22T10:06:41.035+0000][71][trace][gc,age      ] GC(3) - age   2:    4254272 bytes,    8553848 total
[2025-05-22T10:06:41.037+0000][71][info ][gc,heap     ] GC(3) Eden regions: 43->0(53)
[2025-05-22T10:06:41.039+0000][71][info ][gc,heap     ] GC(3) Survivor regions: 5->3(6)
[2025-05-22T10:06:41.040+0000][71][info ][gc,heap     ] GC(3) Old regions: 1->3
[2025-05-22T10:06:41.055+0000][71][info ][gc,heap     ] GC(3) Humongous regions: 0->0
[2025-05-22T10:06:41.064+0000][71][info ][gc,metaspace] GC(3) Metaspace: 29063K(29824K)->29063K(29824K) NonClass: 25669K(26112K)->25669K(26112K) Class: 3394K(3712K)->3394K(3712K)
[2025-05-22T10:06:41.070+0000][71][info ][gc          ] GC(3) Pause Young (Mixed) (G1 Evacuation Pause) 189M->19M(3880M) 129.461ms
[2025-05-22T10:06:41.072+0000][71][info ][gc,cpu      ] GC(3) User=0.22s Sys=0.00s Real=0.13s
[2025-05-22T10:06:41.078+0000][71][info ][safepoint   ] Safepoint "G1CollectForAllocation", Time since last: 202393413 ns, Reaching safepoint: 5500 ns, Cleanup: 25451 ns, At safepoint: 140538526 ns, Total: 140569477 ns
[2025-05-22T10:06:42.044+0000][71][info ][gc,start    ] GC(4) Pause Young (Normal) (G1 Evacuation Pause)
[2025-05-22T10:06:42.046+0000][71][info ][gc,task     ] GC(4) Using 10 workers of 10 for evacuation
[2025-05-22T10:06:42.048+0000][71][debug][gc,age      ] GC(4) Desired survivor size 14680064 bytes, new threshold 15 (max threshold 15)
[2025-05-22T10:06:42.057+0000][71][info ][gc,phases   ] GC(4)   Pre Evacuate Collection Set: 1.07ms
[2025-05-22T10:06:42.058+0000][71][info ][gc,phases   ] GC(4)   Merge Heap Roots: 0.55ms
[2025-05-22T10:06:42.059+0000][71][info ][gc,phases   ] GC(4)   Evacuate Collection Set: 4.37ms
[2025-05-22T10:06:42.059+0000][71][info ][gc,phases   ] GC(4)   Post Evacuate Collection Set: 2.36ms
[2025-05-22T10:06:42.060+0000][71][info ][gc,phases   ] GC(4)   Other: 2.86ms
[2025-05-22T10:06:42.060+0000][71][trace][gc,age      ] GC(4) Age table with threshold 15 (max threshold 15)
[2025-05-22T10:06:42.066+0000][71][trace][gc,age      ] GC(4) - age   1:    2714600 bytes,    2714600 total
[2025-05-22T10:06:42.067+0000][71][trace][gc,age      ] GC(4) - age   2:    4113416 bytes,    6828016 total
[2025-05-22T10:06:42.068+0000][71][trace][gc,age      ] GC(4) - age   3:    4253408 bytes,   11081424 total
[2025-05-22T10:06:42.068+0000][71][info ][gc,heap     ] GC(4) Eden regions: 53->0(578)
[2025-05-22T10:06:42.068+0000][71][info ][gc,heap     ] GC(4) Survivor regions: 3->4(7)
[2025-05-22T10:06:42.069+0000][71][info ][gc,heap     ] GC(4) Old regions: 3->3
[2025-05-22T10:06:42.069+0000][71][info ][gc,heap     ] GC(4) Humongous regions: 0->0
[2025-05-22T10:06:42.070+0000][71][info ][gc,metaspace] GC(4) Metaspace: 29685K(30400K)->29685K(30400K) NonClass: 26224K(26624K)->26224K(26624K) Class: 3461K(3776K)->3461K(3776K)
[2025-05-22T10:06:42.070+0000][71][info ][gc          ] GC(4) Pause Young (Normal) (G1 Evacuation Pause) 231M->22M(3880M) 26.639ms
[2025-05-22T10:06:42.071+0000][71][info ][gc,cpu      ] GC(4) User=0.03s Sys=0.00s Real=0.03s
[2025-05-22T10:06:42.072+0000][71][info ][safepoint   ] Safepoint "G1CollectForAllocation", Time since last: 971378281 ns, Reaching safepoint: 971648 ns, Cleanup: 119198 ns, At safepoint: 27958426 ns, Total: 29049272 ns
[2025-05-22T10:06:43.076+0000][71][info ][safepoint   ] Safepoint "Cleanup", Time since last: 1003879624 ns, Reaching safepoint: 933081 ns, Cleanup: 131191 ns, At safepoint: 19062 ns, Total: 1083334 ns
[2025-05-22T10:06:44.765+0000][71][info ][safepoint   ] Safepoint "Cleanup", Time since last: 1688526120 ns, Reaching safepoint: 98318 ns, Cleanup: 74877 ns, At safepoint: 29158 ns, Total: 202353 ns
[2025-05-22T10:06:45.774+0000][71][info ][safepoint   ] Safepoint "Cleanup", Time since last: 1008228993 ns, Reaching safepoint: 8117 ns, Cleanup: 52821 ns, At safepoint: 46323 ns, Total: 107261 ns
[2025-05-22T10:06:46.770+0000][71][info ][gc,start    ] GC(5) Pause Young (Concurrent Start) (Metadata GC Threshold)
[2025-05-22T10:06:46.771+0000][71][info ][gc,task     ] GC(5) Using 10 workers of 10 for evacuation
[2025-05-22T10:06:46.772+0000][71][debug][gc,age      ] GC(5) Desired survivor size 153092096 bytes, new threshold 15 (max threshold 15)
[2025-05-22T10:06:46.784+0000][71][info ][gc,phases   ] GC(5)   Pre Evacuate Collection Set: 0.51ms
[2025-05-22T10:06:46.785+0000][71][info ][gc,phases   ] GC(5)   Merge Heap Roots: 0.55ms
[2025-05-22T10:06:46.785+0000][71][info ][gc,phases   ] GC(5)   Evacuate Collection Set: 5.96ms
[2025-05-22T10:06:46.786+0000][71][info ][gc,phases   ] GC(5)   Post Evacuate Collection Set: 2.02ms
[2025-05-22T10:06:46.786+0000][71][info ][gc,phases   ] GC(5)   Other: 3.61ms
[2025-05-22T10:06:46.786+0000][71][trace][gc,age      ] GC(5) Age table with threshold 15 (max threshold 15)
[2025-05-22T10:06:46.787+0000][71][trace][gc,age      ] GC(5) - age   1:    8530616 bytes,    8530616 total
[2025-05-22T10:06:46.787+0000][71][trace][gc,age      ] GC(5) - age   2:    2509040 bytes,   11039656 total
[2025-05-22T10:06:46.787+0000][71][trace][gc,age      ] GC(5) - age   3:    4108264 bytes,   15147920 total
[2025-05-22T10:06:46.788+0000][71][trace][gc,age      ] GC(5) - age   4:    4252136 bytes,   19400056 total
[2025-05-22T10:06:46.788+0000][71][info ][gc,heap     ] GC(5) Eden regions: 121->0(576)
[2025-05-22T10:06:46.788+0000][71][info ][gc,heap     ] GC(5) Survivor regions: 4->6(73)
[2025-05-22T10:06:46.789+0000][71][info ][gc,heap     ] GC(5) Old regions: 3->3
[2025-05-22T10:06:46.789+0000][71][info ][gc,heap     ] GC(5) Humongous regions: 0->0
[2025-05-22T10:06:46.790+0000][71][info ][gc,metaspace] GC(5) Metaspace: 35909K(36736K)->35909K(36736K) NonClass: 31718K(32192K)->31718K(32192K) Class: 4191K(4544K)->4191K(4544K)
[2025-05-22T10:06:46.790+0000][71][info ][gc          ] GC(5) Pause Young (Concurrent Start) (Metadata GC Threshold) 506M->30M(3880M) 19.805ms
[2025-05-22T10:06:46.790+0000][71][info ][gc,cpu      ] GC(5) User=0.05s Sys=0.00s Real=0.02s
[2025-05-22T10:06:46.790+0000][71][info ][gc          ] GC(6) Concurrent Mark Cycle
[2025-05-22T10:06:46.791+0000][71][info ][safepoint   ] Safepoint "CollectForMetadataAllocation", Time since last: 996601091 ns, Reaching safepoint: 6638 ns, Cleanup: 48376 ns, At safepoint: 20762265 ns, Total: 20817279 ns
[2025-05-22T10:06:46.791+0000][71][info ][gc,marking  ] GC(6) Concurrent Scan Root Regions
[2025-05-22T10:06:46.796+0000][71][info ][gc,marking  ] GC(6) Concurrent Scan Root Regions 4.488ms
[2025-05-22T10:06:46.796+0000][71][info ][gc,marking  ] GC(6) Concurrent Mark
[2025-05-22T10:06:46.797+0000][71][info ][gc,marking  ] GC(6) Concurrent Mark From Roots
[2025-05-22T10:06:46.797+0000][71][info ][gc,task     ] GC(6) Using 3 workers of 3 for marking
[2025-05-22T10:06:46.815+0000][71][info ][gc,marking  ] GC(6) Concurrent Mark From Roots 18.243ms
[2025-05-22T10:06:46.816+0000][71][info ][gc,marking  ] GC(6) Concurrent Preclean
[2025-05-22T10:06:46.816+0000][71][info ][gc,marking  ] GC(6) Concurrent Preclean 0.564ms
[2025-05-22T10:06:46.818+0000][71][info ][gc,start    ] GC(6) Pause Remark
[2025-05-22T10:06:46.828+0000][71][info ][gc          ] GC(6) Pause Remark 34M->34M(3880M) 10.329ms
[2025-05-22T10:06:46.829+0000][71][info ][gc,cpu      ] GC(6) User=0.03s Sys=0.00s Real=0.01s
[2025-05-22T10:06:46.829+0000][71][info ][safepoint   ] Safepoint "G1PauseRemark", Time since last: 26422736 ns, Reaching safepoint: 171950 ns, Cleanup: 13659 ns, At safepoint: 11542589 ns, Total: 11728198 ns
[2025-05-22T10:06:46.830+0000][71][info ][gc,marking  ] GC(6) Concurrent Mark 33.410ms
[2025-05-22T10:06:46.830+0000][71][info ][gc,marking  ] GC(6) Concurrent Rebuild Remembered Sets and Scrub Regions
[2025-05-22T10:06:46.835+0000][71][info ][gc,marking  ] GC(6) Concurrent Rebuild Remembered Sets and Scrub Regions 4.769ms
[2025-05-22T10:06:46.838+0000][71][info ][gc,start    ] GC(6) Pause Cleanup
[2025-05-22T10:06:46.839+0000][71][info ][gc          ] GC(6) Pause Cleanup 34M->34M(3880M) 1.179ms
[2025-05-22T10:06:46.840+0000][71][info ][gc,cpu      ] GC(6) User=0.01s Sys=0.00s Real=0.00s
[2025-05-22T10:06:46.840+0000][71][info ][safepoint   ] Safepoint "G1PauseCleanup", Time since last: 6483902 ns, Reaching safepoint: 2192055 ns, Cleanup: 18262 ns, At safepoint: 2140728 ns, Total: 4351045 ns
[2025-05-22T10:06:46.840+0000][71][info ][gc,marking  ] GC(6) Concurrent Clear Claimed Marks
[2025-05-22T10:06:46.841+0000][71][info ][gc,marking  ] GC(6) Concurrent Clear Claimed Marks 0.531ms
[2025-05-22T10:06:46.841+0000][71][info ][gc,marking  ] GC(6) Concurrent Cleanup for Next Mark
[2025-05-22T10:06:46.848+0000][71][info ][gc,marking  ] GC(6) Concurrent Cleanup for Next Mark 6.463ms
[2025-05-22T10:06:46.848+0000][71][info ][gc          ] GC(6) Concurrent Mark Cycle 57.771ms
[2025-05-22T10:06:47.841+0000][71][info ][safepoint   ] Safepoint "Cleanup", Time since last: 1000590401 ns, Reaching safepoint: 168769 ns, Cleanup: 66358 ns, At safepoint: 146550 ns, Total: 381677 ns
[2025-05-22T10:06:48.842+0000][71][info ][safepoint   ] Safepoint "Cleanup", Time since last: 1000638616 ns, Reaching safepoint: 102750 ns, Cleanup: 70673 ns, At safepoint: 98560 ns, Total: 271983 ns
[2025-05-22T10:06:49.844+0000][71][info ][safepoint   ] Safepoint "Cleanup", Time since last: 1001996528 ns, Reaching safepoint: 10213 ns, Cleanup: 157659 ns, At safepoint: 42119 ns, Total: 209991 ns
[2025-05-22T10:06:50.848+0000][71][info ][safepoint   ] Safepoint "Cleanup", Time since last: 1003573007 ns, Reaching safepoint: 5602 ns, Cleanup: 39294 ns, At safepoint: 8181 ns, Total: 53077 ns
[2025-05-22T10:06:51.849+0000][71][info ][safepoint   ] Safepoint "Cleanup", Time since last: 1000720313 ns, Reaching safepoint: 8991 ns, Cleanup: 294822 ns, At safepoint: 24387 ns, Total: 328200 ns
[2025-05-22T10:06:53.755+0000][71][info ][safepoint   ] Safepoint "Cleanup", Time since last: 1906529426 ns, Reaching safepoint: 107638 ns, Cleanup: 114540 ns, At safepoint: 25785 ns, Total: 247963 ns
[2025-05-22T10:06:54.640+0000][71][info ][gc,start    ] GC(7) Pause Young (Concurrent Start) (Metadata GC Threshold)
[2025-05-22T10:06:54.644+0000][71][info ][gc,task     ] GC(7) Using 10 workers of 10 for evacuation
[2025-05-22T10:06:54.648+0000][71][debug][gc,age      ] GC(7) Desired survivor size 153092096 bytes, new threshold 15 (max threshold 15)
[2025-05-22T10:06:54.711+0000][71][info ][gc,phases   ] GC(7)   Pre Evacuate Collection Set: 0.70ms
[2025-05-22T10:06:54.724+0000][71][info ][gc,phases   ] GC(7)   Merge Heap Roots: 0.22ms
[2025-05-22T10:06:54.733+0000][71][info ][gc,phases   ] GC(7)   Evacuate Collection Set: 51.73ms
[2025-05-22T10:06:54.745+0000][71][info ][gc,phases   ] GC(7)   Post Evacuate Collection Set: 4.01ms
[2025-05-22T10:06:54.748+0000][71][info ][gc,phases   ] GC(7)   Other: 10.02ms
[2025-05-22T10:06:54.753+0000][71][trace][gc,age      ] GC(7) Age table with threshold 15 (max threshold 15)
[2025-05-22T10:06:54.761+0000][71][trace][gc,age      ] GC(7) - age   1:   10911160 bytes,   10911160 total
[2025-05-22T10:06:54.766+0000][71][trace][gc,age      ] GC(7) - age   2:    8483592 bytes,   19394752 total
[2025-05-22T10:06:54.772+0000][71][trace][gc,age      ] GC(7) - age   3:    2504576 bytes,   21899328 total
[2025-05-22T10:06:54.782+0000][71][trace][gc,age      ] GC(7) - age   4:    4093000 bytes,   25992328 total
[2025-05-22T10:06:54.804+0000][71][trace][gc,age      ] GC(7) - age   5:    4236680 bytes,   30229008 total
[2025-05-22T10:06:54.830+0000][71][info ][gc,heap     ] GC(7) Eden regions: 184->0(217)
[2025-05-22T10:06:54.853+0000][71][info ][gc,heap     ] GC(7) Survivor regions: 6->8(73)
[2025-05-22T10:06:54.879+0000][71][info ][gc,heap     ] GC(7) Old regions: 3->3
[2025-05-22T10:06:54.948+0000][71][info ][gc,heap     ] GC(7) Humongous regions: 0->0
[2025-05-22T10:06:55.034+0000][71][info ][gc,metaspace] GC(7) Metaspace: 60126K(61376K)->60126K(61376K) NonClass: 52501K(53248K)->52501K(53248K) Class: 7625K(8128K)->7625K(8128K)
[2025-05-22T10:06:55.098+0000][71][info ][gc          ] GC(7) Pause Young (Concurrent Start) (Metadata GC Threshold) 764M->41M(3880M) 458.056ms
[2025-05-22T10:06:55.126+0000][71][info ][gc,cpu      ] GC(7) User=0.34s Sys=0.01s Real=0.48s
[2025-05-22T10:06:55.126+0000][71][info ][gc          ] GC(8) Concurrent Mark Cycle
[2025-05-22T10:06:55.174+0000][71][info ][safepoint   ] Safepoint "CollectForMetadataAllocation", Time since last: 884022108 ns, Reaching safepoint: 5386 ns, Cleanup: 23590 ns, At safepoint: 534924237 ns, Total: 534953213 ns
[2025-05-22T10:06:55.272+0000][71][info ][gc,marking  ] GC(8) Concurrent Scan Root Regions
[2025-05-22T10:06:55.353+0000][71][info ][gc,marking  ] GC(8) Concurrent Scan Root Regions 80.806ms
[2025-05-22T10:06:55.382+0000][71][info ][gc,marking  ] GC(8) Concurrent Mark
[2025-05-22T10:06:55.396+0000][71][info ][gc,marking  ] GC(8) Concurrent Mark From Roots
[2025-05-22T10:06:55.363+0000][71][info ][safepoint   ] Safepoint "CollectForMetadataAllocation", Time since last: 188566256 ns, Reaching safepoint: 4777 ns, Cleanup: 4160 ns, At safepoint: 46090 ns, Total: 55027 ns
[2025-05-22T10:06:55.425+0000][71][info ][gc,task     ] GC(8) Using 3 workers of 3 for marking
[2025-05-22T10:06:55.507+0000][71][info ][safepoint   ] Safepoint "CollectForMetadataAllocation", Time since last: 143333234 ns, Reaching safepoint: 741606 ns, Cleanup: 7046 ns, At safepoint: 138661 ns, Total: 887313 ns
[2025-05-22T10:06:55.530+0000][71][info ][gc,marking  ] GC(8) Concurrent Mark From Roots 133.587ms
[2025-05-22T10:06:55.584+0000][71][info ][gc,marking  ] GC(8) Concurrent Preclean
[2025-05-22T10:06:55.616+0000][71][info ][safepoint   ] Safepoint "CollectForMetadataAllocation", Time since last: 106492811 ns, Reaching safepoint: 2187431 ns, Cleanup: 26539 ns, At safepoint: 425834 ns, Total: 2639804 ns
[2025-05-22T10:06:55.617+0000][71][info ][gc,marking  ] GC(8) Concurrent Preclean 32.597ms
[2025-05-22T10:06:55.656+0000][71][info ][gc,start    ] GC(8) Pause Remark
[2025-05-22T10:06:55.685+0000][71][info ][gc          ] GC(8) Pause Remark 51M->51M(3880M) 28.444ms
[2025-05-22T10:06:55.710+0000][71][info ][gc,cpu      ] GC(8) User=0.01s Sys=0.01s Real=0.05s
[2025-05-22T10:06:55.734+0000][71][info ][safepoint   ] Safepoint "G1PauseRemark", Time since last: 39927182 ns, Reaching safepoint: 114291 ns, Cleanup: 6201 ns, At safepoint: 77717700 ns, Total: 77838192 ns
[2025-05-22T10:06:55.766+0000][71][info ][gc,marking  ] GC(8) Concurrent Mark 383.955ms
[2025-05-22T10:06:55.803+0000][71][info ][gc,marking  ] GC(8) Concurrent Rebuild Remembered Sets and Scrub Regions
[2025-05-22T10:06:55.842+0000][71][info ][gc,marking  ] GC(8) Concurrent Rebuild Remembered Sets and Scrub Regions 38.068ms
[2025-05-22T10:06:55.869+0000][71][info ][gc,start    ] GC(8) Pause Cleanup
[2025-05-22T10:06:55.885+0000][71][info ][gc          ] GC(8) Pause Cleanup 53M->53M(3880M) 16.334ms
[2025-05-22T10:06:55.906+0000][71][info ][gc,cpu      ] GC(8) User=0.00s Sys=0.00s Real=0.03s
[2025-05-22T10:06:55.924+0000][71][info ][safepoint   ] Safepoint "G1PauseCleanup", Time since last: 134341364 ns, Reaching safepoint: 159391 ns, Cleanup: 34701 ns, At safepoint: 55344187 ns, Total: 55538279 ns
[2025-05-22T10:06:55.957+0000][71][info ][gc,marking  ] GC(8) Concurrent Clear Claimed Marks
[2025-05-22T10:06:55.986+0000][71][info ][gc,marking  ] GC(8) Concurrent Clear Claimed Marks 29.224ms
[2025-05-22T10:06:56.015+0000][71][info ][gc,marking  ] GC(8) Concurrent Cleanup for Next Mark
[2025-05-22T10:06:56.050+0000][71][info ][gc,marking  ] GC(8) Concurrent Cleanup for Next Mark 34.277ms
[2025-05-22T10:06:56.078+0000][71][info ][gc          ] GC(8) Concurrent Mark Cycle 952.223ms
[2025-05-22T10:06:57.821+0000][71][info ][safepoint   ] Safepoint "ICBufferFull", Time since last: 1896913036 ns, Reaching safepoint: 189668 ns, Cleanup: 133429 ns, At safepoint: 36507 ns, Total: 359604 ns
[2025-05-22T10:06:58.838+0000][71][info ][safepoint   ] Safepoint "Cleanup", Time since last: 1016704780 ns, Reaching safepoint: 91920 ns, Cleanup: 56182 ns, At safepoint: 31977 ns, Total: 180079 ns
[2025-05-22T10:06:59.849+0000][71][info ][safepoint   ] Safepoint "Cleanup", Time since last: 1010822141 ns, Reaching safepoint: 98053 ns, Cleanup: 23644 ns, At safepoint: 54739 ns, Total: 176436 ns
[2025-05-22T10:07:00.853+0000][71][info ][safepoint   ] Safepoint "Cleanup", Time since last: 1003595373 ns, Reaching safepoint: 95451 ns, Cleanup: 70522 ns, At safepoint: 25759 ns, Total: 191732 ns
[2025-05-22T10:07:02.187+0000][71][info ][safepoint   ] Safepoint "Cleanup", Time since last: 1333782786 ns, Reaching safepoint: 94795 ns, Cleanup: 124354 ns, At safepoint: 13010 ns, Total: 232159 ns
[2025-05-22T10:07:03.377+0000][71][info ][safepoint   ] Safepoint "Cleanup", Time since last: 1189911414 ns, Reaching safepoint: 4717 ns, Cleanup: 86930 ns, At safepoint: 14972 ns, Total: 106619 ns
[2025-05-22T10:07:04.703+0000][71][info ][safepoint   ] Safepoint "Cleanup", Time since last: 1326150309 ns, Reaching safepoint: 97530 ns, Cleanup: 98686 ns, At safepoint: 28605 ns, Total: 224821 ns
[2025-05-22T10:07:06.177+0000][71][info ][safepoint   ] Safepoint "Cleanup", Time since last: 1472913118 ns, Reaching safepoint: 181732 ns, Cleanup: 96285 ns, At safepoint: 27757 ns, Total: 305774 ns
[2025-05-22T10:07:08.005+0000][71][info ][safepoint   ] Safepoint "Cleanup", Time since last: 1828465205 ns, Reaching safepoint: 19361 ns, Cleanup: 130146 ns, At safepoint: 20804 ns, Total: 170311 ns
[2025-05-22T10:07:08.017+0000][71][info ][gc,start    ] GC(9) Pause Young (Concurrent Start) (Metadata GC Threshold)
[2025-05-22T10:07:08.023+0000][71][info ][gc,task     ] GC(9) Using 10 workers of 10 for evacuation
[2025-05-22T10:07:08.028+0000][71][debug][gc,age      ] GC(9) Desired survivor size 60817408 bytes, new threshold 15 (max threshold 15)
[2025-05-22T10:07:08.110+0000][71][info ][gc,phases   ] GC(9)   Pre Evacuate Collection Set: 2.10ms
[2025-05-22T10:07:08.122+0000][71][info ][gc,phases   ] GC(9)   Merge Heap Roots: 0.52ms
[2025-05-22T10:07:08.133+0000][71][info ][gc,phases   ] GC(9)   Evacuate Collection Set: 73.84ms
[2025-05-22T10:07:08.142+0000][71][info ][gc,phases   ] GC(9)   Post Evacuate Collection Set: 3.78ms
[2025-05-22T10:07:08.151+0000][71][info ][gc,phases   ] GC(9)   Other: 7.26ms
[2025-05-22T10:07:08.159+0000][71][trace][gc,age      ] GC(9) Age table with threshold 15 (max threshold 15)
[2025-05-22T10:07:08.163+0000][71][trace][gc,age      ] GC(9) - age   1:   22880200 bytes,   22880200 total
[2025-05-22T10:07:08.174+0000][71][trace][gc,age      ] GC(9) - age   2:   10284296 bytes,   33164496 total
[2025-05-22T10:07:08.188+0000][71][trace][gc,age      ] GC(9) - age   3:    8428632 bytes,   41593128 total
[2025-05-22T10:07:08.200+0000][71][trace][gc,age      ] GC(9) - age   4:    2490440 bytes,   44083568 total
[2025-05-22T10:07:08.216+0000][71][trace][gc,age      ] GC(9) - age   5:    4075800 bytes,   48159368 total
[2025-05-22T10:07:08.232+0000][71][trace][gc,age      ] GC(9) - age   6:    4201216 bytes,   52360584 total
[2025-05-22T10:07:08.246+0000][71][info ][gc,heap     ] GC(9) Eden regions: 211->0(203)
[2025-05-22T10:07:08.259+0000][71][info ][gc,heap     ] GC(9) Survivor regions: 8->14(29)
[2025-05-22T10:07:08.275+0000][71][info ][gc,heap     ] GC(9) Old regions: 3->3
[2025-05-22T10:07:08.288+0000][71][info ][gc,heap     ] GC(9) Humongous regions: 0->0
[2025-05-22T10:07:08.296+0000][71][info ][gc,metaspace] GC(9) Metaspace: 102481K(104320K)->102481K(104320K) NonClass: 88872K(89920K)->88872K(89920K) Class: 13609K(14400K)->13609K(14400K)
[2025-05-22T10:07:08.304+0000][71][info ][gc          ] GC(9) Pause Young (Concurrent Start) (Metadata GC Threshold) 883M->63M(3880M) 286.848ms
[2025-05-22T10:07:08.308+0000][71][info ][gc,cpu      ] GC(9) User=0.67s Sys=0.02s Real=0.29s
[2025-05-22T10:07:08.308+0000][71][info ][gc          ] GC(10) Concurrent Mark Cycle
[2025-05-22T10:07:08.312+0000][71][info ][safepoint   ] Safepoint "CollectForMetadataAllocation", Time since last: 11440996 ns, Reaching safepoint: 6019 ns, Cleanup: 21169 ns, At safepoint: 295227707 ns, Total: 295254895 ns
[2025-05-22T10:07:08.316+0000][71][info ][gc,marking  ] GC(10) Concurrent Scan Root Regions
[2025-05-22T10:07:08.344+0000][71][info ][gc,marking  ] GC(10) Concurrent Scan Root Regions 27.839ms
[2025-05-22T10:07:08.351+0000][71][info ][gc,marking  ] GC(10) Concurrent Mark
[2025-05-22T10:07:08.355+0000][71][info ][gc,marking  ] GC(10) Concurrent Mark From Roots
[2025-05-22T10:07:08.359+0000][71][info ][safepoint   ] Safepoint "CollectForMetadataAllocation", Time since last: 46671689 ns, Reaching safepoint: 5752 ns, Cleanup: 10811 ns, At safepoint: 60695 ns, Total: 77258 ns
[2025-05-22T10:07:08.360+0000][71][info ][gc,task     ] GC(10) Using 3 workers of 3 for marking
[2025-05-22T10:07:08.373+0000][71][info ][gc,marking  ] GC(10) Concurrent Mark From Roots 17.585ms
[2025-05-22T10:07:08.379+0000][71][info ][gc,marking  ] GC(10) Concurrent Preclean
[2025-05-22T10:07:08.386+0000][71][info ][gc,marking  ] GC(10) Concurrent Preclean 6.579ms
[2025-05-22T10:07:08.391+0000][71][info ][gc,start    ] GC(10) Pause Remark
[2025-05-22T10:07:08.405+0000][71][info ][gc          ] GC(10) Pause Remark 73M->73M(3880M) 14.122ms
[2025-05-22T10:07:08.409+0000][71][info ][gc,cpu      ] GC(10) User=0.05s Sys=0.02s Real=0.02s
[2025-05-22T10:07:08.412+0000][71][info ][safepoint   ] Safepoint "G1PauseRemark", Time since last: 31737014 ns, Reaching safepoint: 211890 ns, Cleanup: 11819 ns, At safepoint: 21024546 ns, Total: 21248255 ns
[2025-05-22T10:07:08.414+0000][71][info ][gc,marking  ] GC(10) Concurrent Mark 63.674ms
[2025-05-22T10:07:08.419+0000][71][info ][gc,marking  ] GC(10) Concurrent Rebuild Remembered Sets and Scrub Regions
[2025-05-22T10:07:08.427+0000][71][info ][gc,marking  ] GC(10) Concurrent Rebuild Remembered Sets and Scrub Regions 8.289ms
[2025-05-22T10:07:08.433+0000][71][info ][gc,start    ] GC(10) Pause Cleanup
[2025-05-22T10:07:08.440+0000][71][info ][gc          ] GC(10) Pause Cleanup 73M->73M(3880M) 6.554ms
[2025-05-22T10:07:08.444+0000][71][info ][gc,cpu      ] GC(10) User=0.00s Sys=0.00s Real=0.01s
[2025-05-22T10:07:08.450+0000][71][info ][safepoint   ] Safepoint "G1PauseCleanup", Time since last: 21098816 ns, Reaching safepoint: 295684 ns, Cleanup: 16218 ns, At safepoint: 17282076 ns, Total: 17593978 ns
[2025-05-22T10:07:08.455+0000][71][info ][gc,marking  ] GC(10) Concurrent Clear Claimed Marks
[2025-05-22T10:07:08.458+0000][71][info ][gc,marking  ] GC(10) Concurrent Clear Claimed Marks 3.973ms
[2025-05-22T10:07:08.469+0000][71][info ][gc,marking  ] GC(10) Concurrent Cleanup for Next Mark
[2025-05-22T10:07:08.487+0000][71][info ][gc,marking  ] GC(10) Concurrent Cleanup for Next Mark 18.207ms
[2025-05-22T10:07:08.501+0000][71][info ][gc          ] GC(10) Concurrent Mark Cycle 193.030ms
[2025-05-22T10:07:09.455+0000][71][info ][safepoint   ] Safepoint "Cleanup", Time since last: 1004207223 ns, Reaching safepoint: 11456 ns, Cleanup: 101127 ns, At safepoint: 22189 ns, Total: 134772 ns
[2025-05-22T10:07:10.197+0000][71][info ][safepoint   ] Safepoint "ICBufferFull", Time since last: 742045809 ns, Reaching safepoint: 18126 ns, Cleanup: 156524 ns, At safepoint: 11536 ns, Total: 186186 ns
[2025-05-22T10:07:10.499+0000][71][info ][safepoint   ] Safepoint "ICBufferFull", Time since last: 301596827 ns, Reaching safepoint: 5529 ns, Cleanup: 77034 ns, At safepoint: 25622 ns, Total: 108185 ns
[2025-05-22T10:07:10.702+0000][71][info ][safepoint   ] Safepoint "ICBufferFull", Time since last: 203385729 ns, Reaching safepoint: 112079 ns, Cleanup: 84719 ns, At safepoint: 26628 ns, Total: 223426 ns
[2025-05-22T10:07:11.147+0000][71][info ][safepoint   ] Safepoint "ICBufferFull", Time since last: 444639350 ns, Reaching safepoint: 6894 ns, Cleanup: 117338 ns, At safepoint: 10573 ns, Total: 134805 ns
[2025-05-22T10:07:11.628+0000][71][info ][safepoint   ] Safepoint "ICBufferFull", Time since last: 481250308 ns, Reaching safepoint: 7232 ns, Cleanup: 87970 ns, At safepoint: 5944 ns, Total: 101146 ns
[2025-05-22T10:07:12.210+0000][71][info ][safepoint   ] Safepoint "ICBufferFull", Time since last: 581841774 ns, Reaching safepoint: 8715 ns, Cleanup: 120382 ns, At safepoint: 58227 ns, Total: 187324 ns
[2025-05-22T10:07:12.482+0000][71][info ][safepoint   ] Safepoint "ICBufferFull", Time since last: 271310026 ns, Reaching safepoint: 116549 ns, Cleanup: 113431 ns, At safepoint: 62319 ns, Total: 292299 ns
[2025-05-22T10:07:12.682+0000][71][info ][safepoint   ] Safepoint "ICBufferFull", Time since last: 200095960 ns, Reaching safepoint: 153172 ns, Cleanup: 132131 ns, At safepoint: 141386 ns, Total: 426689 ns
[2025-05-22T10:07:12.883+0000][71][info ][safepoint   ] Safepoint "ICBufferFull", Time since last: 200373073 ns, Reaching safepoint: 8474 ns, Cleanup: 139503 ns, At safepoint: 7524 ns, Total: 155501 ns
[2025-05-22T10:07:13.495+0000][71][info ][safepoint   ] Safepoint "ICBufferFull", Time since last: 612329291 ns, Reaching safepoint: 10316 ns, Cleanup: 95239 ns, At safepoint: 27462 ns, Total: 133017 ns
[2025-05-22T10:07:15.351+0000][71][info ][safepoint   ] Safepoint "Cleanup", Time since last: 1855639747 ns, Reaching safepoint: 14047 ns, Cleanup: 101129 ns, At safepoint: 13280 ns, Total: 128456 ns
[2025-05-22T10:07:16.363+0000][71][info ][safepoint   ] Safepoint "Cleanup", Time since last: 1011559666 ns, Reaching safepoint: 11374 ns, Cleanup: 17103 ns, At safepoint: 7125 ns, Total: 35602 ns
[2025-05-22T10:07:17.387+0000][71][info ][safepoint   ] Safepoint "Cleanup", Time since last: 1024552440 ns, Reaching safepoint: 13355 ns, Cleanup: 14963 ns, At safepoint: 8493 ns, Total: 36811 ns
[2025-05-22T10:07:18.394+0000][71][info ][safepoint   ] Safepoint "Cleanup", Time since last: 1006534251 ns, Reaching safepoint: 13057 ns, Cleanup: 34874 ns, At safepoint: 8699 ns, Total: 56630 ns
[2025-05-22T10:07:19.407+0000][71][info ][safepoint   ] Safepoint "Cleanup", Time since last: 1012757658 ns, Reaching safepoint: 14145 ns, Cleanup: 14521 ns, At safepoint: 9551 ns, Total: 38217 ns
[2025-05-22T10:07:20.419+0000][71][info ][safepoint   ] Safepoint "Cleanup", Time since last: 1012174294 ns, Reaching safepoint: 20950 ns, Cleanup: 24020 ns, At safepoint: 9379 ns, Total: 54349 ns
[2025-05-22T10:07:23.433+0000][71][info ][safepoint   ] Safepoint "Cleanup", Time since last: 3014048078 ns, Reaching safepoint: 16807 ns, Cleanup: 15321 ns, At safepoint: 9241 ns, Total: 41369 ns
[2025-05-22T10:07:24.434+0000][71][info ][safepoint   ] Safepoint "Cleanup", Time since last: 1000929234 ns, Reaching safepoint: 43347 ns, Cleanup: 18695 ns, At safepoint: 12979 ns, Total: 75021 ns
[2025-05-22T10:07:25.435+0000][71][info ][safepoint   ] Safepoint "Cleanup", Time since last: 1001410107 ns, Reaching safepoint: 13260 ns, Cleanup: 13794 ns, At safepoint: 7520 ns, Total: 34574 ns
[2025-05-22T10:07:27.436+0000][71][info ][safepoint   ] Safepoint "Cleanup", Time since last: 2000723572 ns, Reaching safepoint: 49648 ns, Cleanup: 22183 ns, At safepoint: 12951 ns, Total: 84782 ns
[2025-05-22T10:07:28.439+0000][71][info ][safepoint   ] Safepoint "Cleanup", Time since last: 1002602793 ns, Reaching safepoint: 9121 ns, Cleanup: 15245 ns, At safepoint: 5778 ns, Total: 30144 ns
[2025-05-22T10:07:29.805+0000][71][info ][safepoint   ] Safepoint "Cleanup", Time since last: 1366164252 ns, Reaching safepoint: 4899 ns, Cleanup: 12648 ns, At safepoint: 13397 ns, Total: 30944 ns
[2025-05-22T10:07:30.797+0000][71][info ][safepoint   ] Safepoint "ICBufferFull", Time since last: 991307278 ns, Reaching safepoint: 109022 ns, Cleanup: 110240 ns, At safepoint: 65201 ns, Total: 284463 ns
[2025-05-22T10:07:30.817+0000][71][info ][safepoint   ] Safepoint "ICBufferFull", Time since last: 20149206 ns, Reaching safepoint: 19015 ns, Cleanup: 52826 ns, At safepoint: 65926 ns, Total: 137767 ns
[2025-05-22T10:07:30.834+0000][71][info ][safepoint   ] Safepoint "ICBufferFull", Time since last: 16822069 ns, Reaching safepoint: 12543 ns, Cleanup: 13840 ns, At safepoint: 17604 ns, Total: 43987 ns
[2025-05-22T10:07:30.850+0000][71][info ][safepoint   ] Safepoint "ICBufferFull", Time since last: 16602013 ns, Reaching safepoint: 13448 ns, Cleanup: 16101 ns, At safepoint: 16015 ns, Total: 45564 ns
[2025-05-22T10:07:30.985+0000][71][info ][safepoint   ] Safepoint "ICBufferFull", Time since last: 133892185 ns, Reaching safepoint: 91088 ns, Cleanup: 83227 ns, At safepoint: 32618 ns, Total: 206933 ns
[2025-05-22T10:07:30.991+0000][71][info ][safepoint   ] Safepoint "ICBufferFull", Time since last: 6612811 ns, Reaching safepoint: 99534 ns, Cleanup: 8512 ns, At safepoint: 69302 ns, Total: 177348 ns
[2025-05-22T10:07:31.767+0000][71][info ][safepoint   ] Safepoint "ICBufferFull", Time since last: 774792827 ns, Reaching safepoint: 139904 ns, Cleanup: 129401 ns, At safepoint: 154278 ns, Total: 423583 ns
[2025-05-22T10:07:32.045+0000][71][info ][safepoint   ] Safepoint "ICBufferFull", Time since last: 277903397 ns, Reaching safepoint: 91386 ns, Cleanup: 104095 ns, At safepoint: 55416 ns, Total: 250897 ns
[2025-05-22T10:07:33.545+0000][71][info ][safepoint   ] Safepoint "Cleanup", Time since last: 1499818661 ns, Reaching safepoint: 21427 ns, Cleanup: 119958 ns, At safepoint: 16003 ns, Total: 157388 ns
[2025-05-22T10:07:34.125+0000][71][info ][safepoint   ] Safepoint "ICBufferFull", Time since last: 579679078 ns, Reaching safepoint: 495765 ns, Cleanup: 153649 ns, At safepoint: 227884 ns, Total: 877298 ns
[2025-05-22T10:07:34.291+0000][71][info ][safepoint   ] Safepoint "ICBufferFull", Time since last: 165540445 ns, Reaching safepoint: 468994 ns, Cleanup: 143025 ns, At safepoint: 78239 ns, Total: 690258 ns
[2025-05-22T10:07:34.462+0000][71][info ][safepoint   ] Safepoint "ICBufferFull", Time since last: 170439472 ns, Reaching safepoint: 107272 ns, Cleanup: 102140 ns, At safepoint: 65764 ns, Total: 275176 ns
[2025-05-22T10:07:34.483+0000][71][info ][gc,start    ] GC(11) Pause Young (Normal) (G1 Evacuation Pause)
[2025-05-22T10:07:34.483+0000][71][info ][gc,task     ] GC(11) Using 10 workers of 10 for evacuation
[2025-05-22T10:07:34.484+0000][71][debug][gc,age      ] GC(11) Desired survivor size 58720256 bytes, new threshold 15 (max threshold 15)
[2025-05-22T10:07:34.540+0000][71][info ][gc,phases   ] GC(11)   Pre Evacuate Collection Set: 0.54ms
[2025-05-22T10:07:34.540+0000][71][info ][gc,phases   ] GC(11)   Merge Heap Roots: 0.29ms
[2025-05-22T10:07:34.541+0000][71][info ][gc,phases   ] GC(11)   Evacuate Collection Set: 50.96ms
[2025-05-22T10:07:34.541+0000][71][info ][gc,phases   ] GC(11)   Post Evacuate Collection Set: 4.32ms
[2025-05-22T10:07:34.541+0000][71][info ][gc,phases   ] GC(11)   Other: 0.56ms
[2025-05-22T10:07:34.541+0000][71][trace][gc,age      ] GC(11) Age table with threshold 15 (max threshold 15)
[2025-05-22T10:07:34.541+0000][71][trace][gc,age      ] GC(11) - age   1:   42483936 bytes,   42483936 total
[2025-05-22T10:07:34.542+0000][71][trace][gc,age      ] GC(11) - age   2:   21821712 bytes,   64305648 total
[2025-05-22T10:07:34.542+0000][71][trace][gc,age      ] GC(11) - age   3:   10252800 bytes,   74558448 total
[2025-05-22T10:07:34.542+0000][71][trace][gc,age      ] GC(11) - age   4:    8427048 bytes,   82985496 total
[2025-05-22T10:07:34.543+0000][71][trace][gc,age      ] GC(11) - age   5:    2488880 bytes,   85474376 total
[2025-05-22T10:07:34.544+0000][71][trace][gc,age      ] GC(11) - age   6:    4074552 bytes,   89548928 total
[2025-05-22T10:07:34.544+0000][71][trace][gc,age      ] GC(11) - age   7:    4198320 bytes,   93747248 total
[2025-05-22T10:07:34.544+0000][71][info ][gc,heap     ] GC(11) Eden regions: 203->0(84)
[2025-05-22T10:07:34.544+0000][71][info ][gc,heap     ] GC(11) Survivor regions: 14->26(28)
[2025-05-22T10:07:34.544+0000][71][info ][gc,heap     ] GC(11) Old regions: 3->3
[2025-05-22T10:07:34.545+0000][71][info ][gc,heap     ] GC(11) Humongous regions: 0->0
[2025-05-22T10:07:34.545+0000][71][info ][gc,metaspace] GC(11) Metaspace: 137609K(141504K)->137609K(141504K) NonClass: 118196K(120320K)->118196K(120320K) Class: 19413K(21184K)->19413K(21184K)
[2025-05-22T10:07:34.545+0000][71][info ][gc          ] GC(11) Pause Young (Normal) (G1 Evacuation Pause) 875M->110M(3880M) 62.133ms
[2025-05-22T10:07:34.545+0000][71][info ][gc,cpu      ] GC(11) User=0.43s Sys=0.02s Real=0.06s
[2025-05-22T10:07:34.546+0000][71][info ][safepoint   ] Safepoint "G1CollectForAllocation", Time since last: 20715288 ns, Reaching safepoint: 17147 ns, Cleanup: 18272 ns, At safepoint: 62796992 ns, Total: 62832411 ns
[2025-05-22T10:07:34.806+0000][71][info ][safepoint   ] Safepoint "ICBufferFull", Time since last: 260174144 ns, Reaching safepoint: 74897 ns, Cleanup: 95249 ns, At safepoint: 6649 ns, Total: 176795 ns
[2025-05-22T10:07:36.275+0000][71][info ][safepoint   ] Safepoint "Cleanup", Time since last: 1468763275 ns, Reaching safepoint: 21072 ns, Cleanup: 138673 ns, At safepoint: 42575 ns, Total: 202320 ns
[2025-05-22T10:07:36.804+0000][71][info ][safepoint   ] Safepoint "ICBufferFull", Time since last: 528688706 ns, Reaching safepoint: 59724 ns, Cleanup: 107505 ns, At safepoint: 9100 ns, Total: 176329 ns
[2025-05-22T10:07:38.101+0000][71][info ][safepoint   ] Safepoint "ICBufferFull", Time since last: 1296777374 ns, Reaching safepoint: 194857 ns, Cleanup: 191088 ns, At safepoint: 301467 ns, Total: 687412 ns
[2025-05-22T10:07:38.104+0000][71][info ][safepoint   ] Safepoint "ICBufferFull", Time since last: 1555819 ns, Reaching safepoint: 352273 ns, Cleanup: 25531 ns, At safepoint: 379025 ns, Total: 756829 ns
[2025-05-22T10:07:38.429+0000][71][info ][gc,start    ] GC(12) Pause Young (Normal) (G1 Evacuation Pause)
[2025-05-22T10:07:38.429+0000][71][info ][gc,task     ] GC(12) Using 10 workers of 10 for evacuation
[2025-05-22T10:07:38.430+0000][71][debug][gc,age      ] GC(12) Desired survivor size 29360128 bytes, new threshold 1 (max threshold 15)
[2025-05-22T10:07:38.532+0000][71][info ][gc,phases   ] GC(12)   Pre Evacuate Collection Set: 0.43ms
[2025-05-22T10:07:38.532+0000][71][info ][gc,phases   ] GC(12)   Merge Heap Roots: 0.13ms
[2025-05-22T10:07:38.532+0000][71][info ][gc,phases   ] GC(12)   Evacuate Collection Set: 70.76ms
[2025-05-22T10:07:38.533+0000][71][info ][gc,phases   ] GC(12)   Post Evacuate Collection Set: 30.39ms
[2025-05-22T10:07:38.533+0000][71][info ][gc,phases   ] GC(12)   Other: 0.59ms
[2025-05-22T10:07:38.533+0000][71][trace][gc,age      ] GC(12) Age table with threshold 1 (max threshold 15)
[2025-05-22T10:07:38.534+0000][71][trace][gc,age      ] GC(12) - age   1:    2541576 bytes,    2541576 total
[2025-05-22T10:07:38.534+0000][71][info ][gc,heap     ] GC(12) Eden regions: 84->0(499)
[2025-05-22T10:07:38.534+0000][71][info ][gc,heap     ] GC(12) Survivor regions: 26->3(14)
[2025-05-22T10:07:38.534+0000][71][info ][gc,heap     ] GC(12) Old regions: 3->27
[2025-05-22T10:07:38.535+0000][71][info ][gc,heap     ] GC(12) Humongous regions: 0->0
[2025-05-22T10:07:38.535+0000][71][info ][gc,metaspace] GC(12) Metaspace: 138957K(142912K)->138957K(142912K) NonClass: 119427K(121600K)->119427K(121600K) Class: 19530K(21312K)->19530K(21312K)
[2025-05-22T10:07:38.535+0000][71][info ][gc          ] GC(12) Pause Young (Normal) (G1 Evacuation Pause) 446M->118M(3880M) 106.122ms
[2025-05-22T10:07:38.535+0000][71][info ][gc,cpu      ] GC(12) User=0.72s Sys=0.02s Real=0.10s
[2025-05-22T10:07:38.535+0000][71][info ][safepoint   ] Safepoint "G1CollectForAllocation", Time since last: 325016228 ns, Reaching safepoint: 24020 ns, Cleanup: 116668 ns, At safepoint: 106666018 ns, Total: 106806706 ns
[2025-05-22T10:07:38.777+0000][71][info ][safepoint   ] Safepoint "ICBufferFull", Time since last: 241335711 ns, Reaching safepoint: 23850 ns, Cleanup: 218949 ns, At safepoint: 18057 ns, Total: 260856 ns
[2025-05-22T10:07:39.830+0000][71][info ][safepoint   ] Safepoint "Cleanup", Time since last: 1052633076 ns, Reaching safepoint: 11783 ns, Cleanup: 121004 ns, At safepoint: 36197 ns, Total: 168984 ns
[2025-05-22T10:07:40.869+0000][71][info ][safepoint   ] Safepoint "Cleanup", Time since last: 1038118387 ns, Reaching safepoint: 316912 ns, Cleanup: 209097 ns, At safepoint: 108484 ns, Total: 634493 ns
[2025-05-22T10:07:41.169+0000][71][info ][safepoint   ] Safepoint "ICBufferFull", Time since last: 300501549 ns, Reaching safepoint: 13672 ns, Cleanup: 164714 ns, At safepoint: 10599 ns, Total: 188985 ns
[2025-05-22T10:07:42.364+0000][71][info ][safepoint   ] Safepoint "Cleanup", Time since last: 1195290629 ns, Reaching safepoint: 7258 ns, Cleanup: 94531 ns, At safepoint: 15415 ns, Total: 117204 ns
[2025-05-22T10:07:43.645+0000][71][info ][safepoint   ] Safepoint "Cleanup", Time since last: 1280688828 ns, Reaching safepoint: 18603 ns, Cleanup: 62340 ns, At safepoint: 7733 ns, Total: 88676 ns
[2025-05-22T10:07:44.654+0000][71][info ][safepoint   ] Safepoint "Cleanup", Time since last: 1008972988 ns, Reaching safepoint: 27430 ns, Cleanup: 32437 ns, At safepoint: 14459 ns, Total: 74326 ns
[2025-05-22T10:07:46.652+0000][71][info ][safepoint   ] Safepoint "Cleanup", Time since last: 1998117135 ns, Reaching safepoint: 20675 ns, Cleanup: 49840 ns, At safepoint: 12571 ns, Total: 83086 ns
[2025-05-22T10:07:47.702+0000][71][info ][safepoint   ] Safepoint "Cleanup", Time since last: 1049454438 ns, Reaching safepoint: 48642 ns, Cleanup: 22560 ns, At safepoint: 13029 ns, Total: 84231 ns
[2025-05-22T10:07:49.705+0000][71][info ][safepoint   ] Safepoint "Cleanup", Time since last: 2003703678 ns, Reaching safepoint: 24867 ns, Cleanup: 40505 ns, At safepoint: 11090 ns, Total: 76462 ns
[2025-05-22T10:07:50.706+0000][71][info ][safepoint   ] Safepoint "Cleanup", Time since last: 1000538398 ns, Reaching safepoint: 28995 ns, Cleanup: 30076 ns, At safepoint: 16566 ns, Total: 75637 ns
[2025-05-22T10:07:51.717+0000][71][info ][safepoint   ] Safepoint "Cleanup", Time since last: 1010921659 ns, Reaching safepoint: 33306 ns, Cleanup: 73744 ns, At safepoint: 18371 ns, Total: 125421 ns
[2025-05-22T10:07:52.726+0000][71][info ][safepoint   ] Safepoint "Cleanup", Time since last: 1008732867 ns, Reaching safepoint: 20716 ns, Cleanup: 28572 ns, At safepoint: 7747 ns, Total: 57035 ns
[2025-05-22T10:07:55.727+0000][71][info ][safepoint   ] Safepoint "Cleanup", Time since last: 3001023526 ns, Reaching safepoint: 117045 ns, Cleanup: 24847 ns, At safepoint: 11809 ns, Total: 153701 ns
[2025-05-22T10:07:56.729+0000][71][info ][safepoint   ] Safepoint "Cleanup", Time since last: 1002134391 ns, Reaching safepoint: 79036 ns, Cleanup: 26549 ns, At safepoint: 6640 ns, Total: 112225 ns
[2025-05-22T10:07:57.796+0000][71][info ][safepoint   ] Safepoint "Cleanup", Time since last: 1066705924 ns, Reaching safepoint: 291656 ns, Cleanup: 22519 ns, At safepoint: 18590 ns, Total: 332765 ns
[2025-05-22T10:07:58.797+0000][71][info ][safepoint   ] Safepoint "Cleanup", Time since last: 1000964236 ns, Reaching safepoint: 17919 ns, Cleanup: 22989 ns, At safepoint: 8525 ns, Total: 49433 ns
[2025-05-22T10:07:59.798+0000][71][info ][safepoint   ] Safepoint "Cleanup", Time since last: 1000582008 ns, Reaching safepoint: 33304 ns, Cleanup: 12744 ns, At safepoint: 8186 ns, Total: 54234 ns
[2025-05-22T10:08:00.799+0000][71][info ][safepoint   ] Safepoint "Cleanup", Time since last: 1000538419 ns, Reaching safepoint: 152864 ns, Cleanup: 28002 ns, At safepoint: 14715 ns, Total: 195581 ns
[2025-05-22T10:08:01.800+0000][71][info ][safepoint   ] Safepoint "Cleanup", Time since last: 1001386862 ns, Reaching safepoint: 137600 ns, Cleanup: 61802 ns, At safepoint: 18369 ns, Total: 217771 ns
[2025-05-22T10:08:02.801+0000][71][info ][safepoint   ] Safepoint "Cleanup", Time since last: 1000879390 ns, Reaching safepoint: 29169 ns, Cleanup: 28889 ns, At safepoint: 16397 ns, Total: 74455 ns
[2025-05-22T10:08:03.804+0000][71][info ][safepoint   ] Safepoint "Cleanup", Time since last: 1003095984 ns, Reaching safepoint: 28332 ns, Cleanup: 22543 ns, At safepoint: 18496 ns, Total: 69371 ns
[2025-05-22T10:08:04.806+0000][71][info ][safepoint   ] Safepoint "Cleanup", Time since last: 1001365767 ns, Reaching safepoint: 28854 ns, Cleanup: 61468 ns, At safepoint: 17877 ns, Total: 108199 ns
[2025-05-22T10:08:06.808+0000][71][info ][safepoint   ] Safepoint "Cleanup", Time since last: 2001413743 ns, Reaching safepoint: 102964 ns, Cleanup: 76878 ns, At safepoint: 14243 ns, Total: 194085 ns
[2025-05-22T10:08:07.809+0000][71][info ][safepoint   ] Safepoint "Cleanup", Time since last: 1001225742 ns, Reaching safepoint: 49111 ns, Cleanup: 27466 ns, At safepoint: 9984 ns, Total: 86561 ns
[2025-05-22T10:08:09.812+0000][71][info ][safepoint   ] Safepoint "Cleanup", Time since last: 2003096516 ns, Reaching safepoint: 74952 ns, Cleanup: 17090 ns, At safepoint: 12061 ns, Total: 104103 ns
[2025-05-22T10:08:10.813+0000][71][info ][safepoint   ] Safepoint "Cleanup", Time since last: 1000900387 ns, Reaching safepoint: 59633 ns, Cleanup: 25410 ns, At safepoint: 10516 ns, Total: 95559 ns
[2025-05-22T10:08:11.818+0000][71][info ][safepoint   ] Safepoint "Cleanup", Time since last: 1000555599 ns, Reaching safepoint: 4386808 ns, Cleanup: 48898 ns, At safepoint: 286573 ns, Total: 4722279 ns
[2025-05-22T10:08:12.992+0000][71][info ][safepoint   ] Safepoint "Cleanup", Time since last: 1237606841 ns, Reaching safepoint: 2541469 ns, Cleanup: 731577 ns, At safepoint: 581278 ns, Total: 3854324 ns
[2025-05-22T10:08:14.051+0000][71][info ][safepoint   ] Safepoint "Cleanup", Time since last: 1058766160 ns, Reaching safepoint: 335242 ns, Cleanup: 31184 ns, At safepoint: 15527 ns, Total: 381953 ns
[2025-05-22T10:08:16.052+0000][71][info ][safepoint   ] Safepoint "Cleanup", Time since last: 2000676272 ns, Reaching safepoint: 57814 ns, Cleanup: 28376 ns, At safepoint: 7953 ns, Total: 94143 ns
[2025-05-22T10:08:17.053+0000][71][info ][safepoint   ] Safepoint "Cleanup", Time since last: 1000622620 ns, Reaching safepoint: 50703 ns, Cleanup: 40380 ns, At safepoint: 16760 ns, Total: 107843 ns
[2025-05-22T10:08:20.068+0000][71][info ][safepoint   ] Safepoint "Cleanup", Time since last: 3003699390 ns, Reaching safepoint: 11007085 ns, Cleanup: 622141 ns, At safepoint: 235845 ns, Total: 11865071 ns
[2025-05-22T10:08:21.088+0000][71][info ][safepoint   ] Safepoint "Cleanup", Time since last: 1015190386 ns, Reaching safepoint: 3820336 ns, Cleanup: 218047 ns, At safepoint: 202464 ns, Total: 4240847 ns
[2025-05-22T10:08:22.093+0000][71][info ][safepoint   ] Safepoint "Cleanup", Time since last: 1002493465 ns, Reaching safepoint: 2402187 ns, Cleanup: 375117 ns, At safepoint: 119805 ns, Total: 2897109 ns
[2025-05-22T10:08:23.097+0000][71][info ][safepoint   ] Safepoint "Cleanup", Time since last: 1001775022 ns, Reaching safepoint: 2279133 ns, Cleanup: 152213 ns, At safepoint: 80503 ns, Total: 2511849 ns
[2025-05-22T10:08:24.099+0000][71][info ][safepoint   ] Safepoint "Cleanup", Time since last: 1001725200 ns, Reaching safepoint: 18683 ns, Cleanup: 20938 ns, At safepoint: 8134 ns, Total: 47755 ns
[2025-05-22T10:08:25.100+0000][71][info ][safepoint   ] Safepoint "Cleanup", Time since last: 1000704443 ns, Reaching safepoint: 190159 ns, Cleanup: 18067 ns, At safepoint: 16535 ns, Total: 224761 ns
[2025-05-22T10:08:26.101+0000][71][info ][safepoint   ] Safepoint "Cleanup", Time since last: 1000906822 ns, Reaching safepoint: 34271 ns, Cleanup: 41318 ns, At safepoint: 15833 ns, Total: 91422 ns
[2025-05-22T10:08:27.102+0000][71][info ][safepoint   ] Safepoint "Cleanup", Time since last: 1001044835 ns, Reaching safepoint: 91032 ns, Cleanup: 94223 ns, At safepoint: 33597 ns, Total: 218852 ns
[2025-05-22T10:08:29.103+0000][71][info ][safepoint   ] Safepoint "Cleanup", Time since last: 2000936094 ns, Reaching safepoint: 26306 ns, Cleanup: 32336 ns, At safepoint: 13198 ns, Total: 71840 ns
[2025-05-22T10:08:30.844+0000][71][info ][safepoint   ] Safepoint "Cleanup", Time since last: 1740880990 ns, Reaching safepoint: 24840 ns, Cleanup: 174632 ns, At safepoint: 18896 ns, Total: 218368 ns
[2025-05-22T10:08:32.251+0000][71][info ][safepoint   ] Safepoint "Cleanup", Time since last: 1406213075 ns, Reaching safepoint: 19020 ns, Cleanup: 110377 ns, At safepoint: 16588 ns, Total: 145985 ns
[2025-05-22T10:08:33.251+0000][71][info ][safepoint   ] Safepoint "Cleanup", Time since last: 1000730262 ns, Reaching safepoint: 19692 ns, Cleanup: 23935 ns, At safepoint: 7835 ns, Total: 51462 ns
[2025-05-22T10:08:34.252+0000][71][info ][safepoint   ] Safepoint "Cleanup", Time since last: 1000578182 ns, Reaching safepoint: 31264 ns, Cleanup: 257733 ns, At safepoint: 29109 ns, Total: 318106 ns
[2025-05-22T10:08:34.695+0000][71][info ][safepoint   ] Safepoint "ICBufferFull", Time since last: 442363890 ns, Reaching safepoint: 153263 ns, Cleanup: 95466 ns, At safepoint: 52324 ns, Total: 301053 ns
[2025-05-22T10:08:35.913+0000][71][info ][safepoint   ] Safepoint "Cleanup", Time since last: 1218230649 ns, Reaching safepoint: 22906 ns, Cleanup: 51278 ns, At safepoint: 8773 ns, Total: 82957 ns
[2025-05-22T10:08:36.914+0000][71][info ][safepoint   ] Safepoint "Cleanup", Time since last: 1000627898 ns, Reaching safepoint: 105211 ns, Cleanup: 18636 ns, At safepoint: 32292 ns, Total: 156139 ns
[2025-05-22T10:08:37.915+0000][71][info ][safepoint   ] Safepoint "Cleanup", Time since last: 1000705892 ns, Reaching safepoint: 15867 ns, Cleanup: 14375 ns, At safepoint: 6932 ns, Total: 37174 ns
[2025-05-22T10:08:38.915+0000][71][info ][safepoint   ] Safepoint "Cleanup", Time since last: 1000465513 ns, Reaching safepoint: 16212 ns, Cleanup: 8885 ns, At safepoint: 7279 ns, Total: 32376 ns
[2025-05-22T10:08:40.916+0000][71][info ][safepoint   ] Safepoint "Cleanup", Time since last: 2000720049 ns, Reaching safepoint: 22959 ns, Cleanup: 14837 ns, At safepoint: 7539 ns, Total: 45335 ns
[2025-05-22T10:08:41.975+0000][71][info ][safepoint   ] Safepoint "Cleanup", Time since last: 1000748153 ns, Reaching safepoint: 28078 ns, Cleanup: 26153 ns, At safepoint: 14631 ns, Total: 68862 ns
[2025-05-22T10:08:42.976+0000][71][info ][safepoint   ] Safepoint "Cleanup", Time since last: 1001126410 ns, Reaching safepoint: 34709 ns, Cleanup: 19681 ns, At safepoint: 11640 ns, Total: 66030 ns
[2025-05-22T10:08:43.976+0000][71][info ][safepoint   ] Safepoint "Cleanup", Time since last: 1000568987 ns, Reaching safepoint: 61362 ns, Cleanup: 30326 ns, At safepoint: 12900 ns, Total: 104588 ns
[2025-05-22T10:08:44.977+0000][71][info ][safepoint   ] Safepoint "Cleanup", Time since last: 1000736701 ns, Reaching safepoint: 18548 ns, Cleanup: 14006 ns, At safepoint: 7256 ns, Total: 39810 ns
[2025-05-22T10:08:46.978+0000][71][info ][safepoint   ] Safepoint "Cleanup", Time since last: 2000676586 ns, Reaching safepoint: 16106 ns, Cleanup: 14109 ns, At safepoint: 7512 ns, Total: 37727 ns
[2025-05-22T10:08:48.979+0000][71][info ][safepoint   ] Safepoint "Cleanup", Time since last: 2001034535 ns, Reaching safepoint: 31546 ns, Cleanup: 17949 ns, At safepoint: 16323 ns, Total: 65818 ns
[2025-05-22T10:08:49.980+0000][71][info ][safepoint   ] Safepoint "Cleanup", Time since last: 1000849969 ns, Reaching safepoint: 16059 ns, Cleanup: 12573 ns, At safepoint: 7353 ns, Total: 35985 ns
[2025-05-22T10:08:51.981+0000][71][info ][safepoint   ] Safepoint "Cleanup", Time since last: 2000778267 ns, Reaching safepoint: 19156 ns, Cleanup: 14084 ns, At safepoint: 8321 ns, Total: 41561 ns
[2025-05-22T10:08:52.983+0000][71][info ][safepoint   ] Safepoint "Cleanup", Time since last: 1001863889 ns, Reaching safepoint: 22500 ns, Cleanup: 13146 ns, At safepoint: 7674 ns, Total: 43320 ns
[2025-05-22T10:08:53.997+0000][71][info ][safepoint   ] Safepoint "Cleanup", Time since last: 1014661369 ns, Reaching safepoint: 15559 ns, Cleanup: 12501 ns, At safepoint: 6072 ns, Total: 34132 ns
[2025-05-22T10:08:54.998+0000][71][info ][safepoint   ] Safepoint "Cleanup", Time since last: 1001001421 ns, Reaching safepoint: 16927 ns, Cleanup: 12785 ns, At safepoint: 7202 ns, Total: 36914 ns
[2025-05-22T10:08:55.999+0000][71][info ][safepoint   ] Safepoint "Cleanup", Time since last: 1000828596 ns, Reaching safepoint: 15590 ns, Cleanup: 17414 ns, At safepoint: 7294 ns, Total: 40298 ns
[2025-05-22T10:08:57.000+0000][71][info ][safepoint   ] Safepoint "Cleanup", Time since last: 1000772511 ns, Reaching safepoint: 18237 ns, Cleanup: 25761 ns, At safepoint: 8262 ns, Total: 52260 ns
[2025-05-22T10:08:59.001+0000][71][info ][safepoint   ] Safepoint "Cleanup", Time since last: 2000798710 ns, Reaching safepoint: 36577 ns, Cleanup: 28661 ns, At safepoint: 18695 ns, Total: 83933 ns
[2025-05-22T10:09:01.002+0000][71][info ][safepoint   ] Safepoint "Cleanup", Time since last: 2001055219 ns, Reaching safepoint: 30516 ns, Cleanup: 20606 ns, At safepoint: 15605 ns, Total: 66727 ns
[2025-05-22T10:09:02.003+0000][71][info ][safepoint   ] Safepoint "Cleanup", Time since last: 1000754751 ns, Reaching safepoint: 67246 ns, Cleanup: 59096 ns, At safepoint: 19468 ns, Total: 145810 ns
[2025-05-22T10:09:04.004+0000][71][info ][safepoint   ] Safepoint "Cleanup", Time since last: 2001222715 ns, Reaching safepoint: 19706 ns, Cleanup: 22685 ns, At safepoint: 9217 ns, Total: 51608 ns
[2025-05-22T10:09:05.005+0000][71][info ][safepoint   ] Safepoint "Cleanup", Time since last: 1000747091 ns, Reaching safepoint: 16320 ns, Cleanup: 23831 ns, At safepoint: 10957 ns, Total: 51108 ns
[2025-05-22T10:09:07.006+0000][71][info ][safepoint   ] Safepoint "Cleanup", Time since last: 2000870036 ns, Reaching safepoint: 34015 ns, Cleanup: 24749 ns, At safepoint: 18522 ns, Total: 77286 ns
[2025-05-22T10:09:08.007+0000][71][info ][safepoint   ] Safepoint "Cleanup", Time since last: 1000754514 ns, Reaching safepoint: 101147 ns, Cleanup: 14941 ns, At safepoint: 9194 ns, Total: 125282 ns
[2025-05-22T10:09:09.007+0000][71][info ][safepoint   ] Safepoint "Cleanup", Time since last: 1000525545 ns, Reaching safepoint: 75043 ns, Cleanup: 13677 ns, At safepoint: 8350 ns, Total: 97070 ns
[2025-05-22T10:09:12.010+0000][71][info ][safepoint   ] Safepoint "Cleanup", Time since last: 3001399991 ns, Reaching safepoint: 29975 ns, Cleanup: 23528 ns, At safepoint: 9360 ns, Total: 62863 ns
[2025-05-22T10:09:13.011+0000][71][info ][safepoint   ] Safepoint "Cleanup", Time since last: 1000630159 ns, Reaching safepoint: 17104 ns, Cleanup: 17339 ns, At safepoint: 7794 ns, Total: 42237 ns
[2025-05-22T10:09:14.011+0000][71][info ][safepoint   ] Safepoint "Cleanup", Time since last: 1000599674 ns, Reaching safepoint: 56303 ns, Cleanup: 30101 ns, At safepoint: 9604 ns, Total: 96008 ns
[2025-05-22T10:09:15.012+0000][71][info ][safepoint   ] Safepoint "Cleanup", Time since last: 1000593605 ns, Reaching safepoint: 58149 ns, Cleanup: 15193 ns, At safepoint: 9388 ns, Total: 82730 ns
[2025-05-22T10:09:17.013+0000][71][info ][safepoint   ] Safepoint "Cleanup", Time since last: 2000659980 ns, Reaching safepoint: 58801 ns, Cleanup: 20780 ns, At safepoint: 7904 ns, Total: 87485 ns
[2025-05-22T10:09:20.014+0000][71][info ][safepoint   ] Safepoint "Cleanup", Time since last: 3000880911 ns, Reaching safepoint: 63298 ns, Cleanup: 24138 ns, At safepoint: 10071 ns, Total: 97507 ns
[2025-05-22T10:09:22.015+0000][71][info ][safepoint   ] Safepoint "Cleanup", Time since last: 2000790034 ns, Reaching safepoint: 45396 ns, Cleanup: 35571 ns, At safepoint: 20326 ns, Total: 101293 ns
[2025-05-22T10:09:23.016+0000][71][info ][safepoint   ] Safepoint "Cleanup", Time since last: 1001017422 ns, Reaching safepoint: 31746 ns, Cleanup: 29683 ns, At safepoint: 18560 ns, Total: 79989 ns
[2025-05-22T10:09:24.017+0000][71][info ][safepoint   ] Safepoint "Cleanup", Time since last: 1000855562 ns, Reaching safepoint: 40818 ns, Cleanup: 28063 ns, At safepoint: 20229 ns, Total: 89110 ns
[2025-05-22T10:09:26.019+0000][71][info ][safepoint   ] Safepoint "Cleanup", Time since last: 2002351768 ns, Reaching safepoint: 19732 ns, Cleanup: 22550 ns, At safepoint: 21687 ns, Total: 63969 ns
[2025-05-22T10:09:27.020+0000][71][info ][safepoint   ] Safepoint "Cleanup", Time since last: 1001043449 ns, Reaching safepoint: 35028 ns, Cleanup: 44235 ns, At safepoint: 16678 ns, Total: 95941 ns
[2025-05-22T10:09:29.022+0000][71][info ][safepoint   ] Safepoint "Cleanup", Time since last: 2001068409 ns, Reaching safepoint: 27734 ns, Cleanup: 18993 ns, At safepoint: 10976 ns, Total: 57703 ns
[2025-05-22T10:09:30.943+0000][71][info ][safepoint   ] Safepoint "Cleanup", Time since last: 1921377071 ns, Reaching safepoint: 28771 ns, Cleanup: 36248 ns, At safepoint: 14667 ns, Total: 79686 ns
[2025-05-22T10:09:31.944+0000][71][info ][safepoint   ] Safepoint "Cleanup", Time since last: 1000766909 ns, Reaching safepoint: 18338 ns, Cleanup: 25822 ns, At safepoint: 8464 ns, Total: 52624 ns
[2025-05-22T10:09:34.945+0000][71][info ][safepoint   ] Safepoint "Cleanup", Time since last: 3000947343 ns, Reaching safepoint: 64971 ns, Cleanup: 54333 ns, At safepoint: 11059 ns, Total: 130363 ns
[2025-05-22T10:09:36.946+0000][71][info ][safepoint   ] Safepoint "Cleanup", Time since last: 2001079616 ns, Reaching safepoint: 42463 ns, Cleanup: 190187 ns, At safepoint: 97312 ns, Total: 329962 ns
[2025-05-22T10:09:38.003+0000][71][info ][safepoint   ] Safepoint "Cleanup", Time since last: 1056998815 ns, Reaching safepoint: 6718 ns, Cleanup: 47592 ns, At safepoint: 15793 ns, Total: 70103 ns
[2025-05-22T10:09:39.032+0000][71][info ][safepoint   ] Safepoint "Cleanup", Time since last: 1028695095 ns, Reaching safepoint: 24273 ns, Cleanup: 28899 ns, At safepoint: 42043 ns, Total: 95215 ns
[2025-05-22T10:09:41.033+0000][71][info ][safepoint   ] Safepoint "Cleanup", Time since last: 2001025389 ns, Reaching safepoint: 50702 ns, Cleanup: 27517 ns, At safepoint: 15712 ns, Total: 93931 ns
[2025-05-22T10:09:42.034+0000][71][info ][safepoint   ] Safepoint "Cleanup", Time since last: 1001031737 ns, Reaching safepoint: 109896 ns, Cleanup: 25379 ns, At safepoint: 42671 ns, Total: 177946 ns
[2025-05-22T10:09:43.035+0000][71][info ][safepoint   ] Safepoint "Cleanup", Time since last: 1001272411 ns, Reaching safepoint: 28754 ns, Cleanup: 19784 ns, At safepoint: 11173 ns, Total: 59711 ns
[2025-05-22T10:09:44.036+0000][71][info ][safepoint   ] Safepoint "Cleanup", Time since last: 1000796196 ns, Reaching safepoint: 27568 ns, Cleanup: 19618 ns, At safepoint: 11950 ns, Total: 59136 ns
[2025-05-22T10:09:45.037+0000][71][info ][safepoint   ] Safepoint "Cleanup", Time since last: 1001250934 ns, Reaching safepoint: 31619 ns, Cleanup: 34992 ns, At safepoint: 18798 ns, Total: 85409 ns
[2025-05-22T10:09:47.040+0000][71][info ][safepoint   ] Safepoint "Cleanup", Time since last: 2002122430 ns, Reaching safepoint: 23415 ns, Cleanup: 15228 ns, At safepoint: 7738 ns, Total: 46381 ns
[2025-05-22T10:09:49.041+0000][71][info ][safepoint   ] Safepoint "Cleanup", Time since last: 2001081555 ns, Reaching safepoint: 80398 ns, Cleanup: 24467 ns, At safepoint: 21271 ns, Total: 126136 ns
[2025-05-22T10:09:50.042+0000][71][info ][safepoint   ] Safepoint "Cleanup", Time since last: 1001349105 ns, Reaching safepoint: 42103 ns, Cleanup: 21474 ns, At safepoint: 14062 ns, Total: 77639 ns
[2025-05-22T10:09:52.044+0000][71][info ][safepoint   ] Safepoint "Cleanup", Time since last: 2001203337 ns, Reaching safepoint: 33526 ns, Cleanup: 23964 ns, At safepoint: 17843 ns, Total: 75333 ns
[2025-05-22T10:09:53.045+0000][71][info ][safepoint   ] Safepoint "Cleanup", Time since last: 1001181804 ns, Reaching safepoint: 35847 ns, Cleanup: 34611 ns, At safepoint: 19255 ns, Total: 89713 ns
[2025-05-22T10:09:54.046+0000][71][info ][safepoint   ] Safepoint "Cleanup", Time since last: 1001140613 ns, Reaching safepoint: 28804 ns, Cleanup: 23169 ns, At safepoint: 16520 ns, Total: 68493 ns
[2025-05-22T10:09:55.047+0000][71][info ][safepoint   ] Safepoint "Cleanup", Time since last: 1001239931 ns, Reaching safepoint: 32617 ns, Cleanup: 36328 ns, At safepoint: 18093 ns, Total: 87038 ns
[2025-05-22T10:09:56.049+0000][71][info ][safepoint   ] Safepoint "Cleanup", Time since last: 1001552040 ns, Reaching safepoint: 18507 ns, Cleanup: 11145 ns, At safepoint: 8481 ns, Total: 38133 ns
[2025-05-22T10:09:59.050+0000][71][info ][safepoint   ] Safepoint "Cleanup", Time since last: 3001294181 ns, Reaching safepoint: 55067 ns, Cleanup: 23229 ns, At safepoint: 18561 ns, Total: 96857 ns
[2025-05-22T10:10:02.052+0000][71][info ][safepoint   ] Safepoint "Cleanup", Time since last: 3001881372 ns, Reaching safepoint: 24552 ns, Cleanup: 29612 ns, At safepoint: 13392 ns, Total: 67556 ns
[2025-05-22T10:10:05.054+0000][71][info ][safepoint   ] Safepoint "Cleanup", Time since last: 3001539546 ns, Reaching safepoint: 69153 ns, Cleanup: 33246 ns, At safepoint: 16178 ns, Total: 118577 ns
[2025-05-22T10:10:06.055+0000][71][info ][safepoint   ] Safepoint "Cleanup", Time since last: 1000892573 ns, Reaching safepoint: 15953 ns, Cleanup: 9287 ns, At safepoint: 40635 ns, Total: 65875 ns
[2025-05-22T10:10:07.423+0000][71][info ][gc,start    ] GC(13) Pause Young (Concurrent Start) (CodeCache GC Threshold)
[2025-05-22T10:10:07.424+0000][71][info ][gc,task     ] GC(13) Using 10 workers of 10 for evacuation
[2025-05-22T10:10:07.424+0000][71][debug][gc,age      ] GC(13) Desired survivor size 132120576 bytes, new threshold 15 (max threshold 15)
[2025-05-22T10:10:07.496+0000][71][info ][gc,phases   ] GC(13)   Pre Evacuate Collection Set: 14.82ms
[2025-05-22T10:10:07.497+0000][71][info ][gc,phases   ] GC(13)   Merge Heap Roots: 0.57ms
[2025-05-22T10:10:07.497+0000][71][info ][gc,phases   ] GC(13)   Evacuate Collection Set: 54.46ms
[2025-05-22T10:10:07.498+0000][71][info ][gc,phases   ] GC(13)   Post Evacuate Collection Set: 3.42ms
[2025-05-22T10:10:07.498+0000][71][info ][gc,phases   ] GC(13)   Other: -0.87ms
[2025-05-22T10:10:07.499+0000][71][trace][gc,age      ] GC(13) Age table with threshold 15 (max threshold 15)
[2025-05-22T10:10:07.499+0000][71][trace][gc,age      ] GC(13) - age   1:    2890096 bytes,    2890096 total
[2025-05-22T10:10:07.499+0000][71][trace][gc,age      ] GC(13) - age   2:    1063416 bytes,    3953512 total
[2025-05-22T10:10:07.499+0000][71][info ][gc,heap     ] GC(13) Eden regions: 59->0(365)
[2025-05-22T10:10:07.500+0000][71][info ][gc,heap     ] GC(13) Survivor regions: 3->2(63)
[2025-05-22T10:10:07.500+0000][71][info ][gc,heap     ] GC(13) Old regions: 27->27
[2025-05-22T10:10:07.500+0000][71][info ][gc,heap     ] GC(13) Humongous regions: 0->0
[2025-05-22T10:10:07.501+0000][71][info ][gc,metaspace] GC(13) Metaspace: 141975K(145920K)->141975K(145920K) NonClass: 122237K(124416K)->122237K(124416K) Class: 19738K(21504K)->19738K(21504K)
[2025-05-22T10:10:07.501+0000][71][info ][gc          ] GC(13) Pause Young (Concurrent Start) (CodeCache GC Threshold) 353M->113M(3880M) 77.931ms
[2025-05-22T10:10:07.501+0000][71][info ][gc,cpu      ] GC(13) User=0.36s Sys=0.03s Real=0.08s
[2025-05-22T10:10:07.502+0000][71][info ][safepoint   ] Safepoint "G1TryInitiateConcMark", Time since last: 1367426999 ns, Reaching safepoint: 18470 ns, Cleanup: 5179 ns, At safepoint: 79295574 ns, Total: 79319223 ns
[2025-05-22T10:10:07.517+0000][71][info ][gc          ] GC(14) Concurrent Mark Cycle
[2025-05-22T10:10:07.518+0000][71][info ][gc,marking  ] GC(14) Concurrent Scan Root Regions
[2025-05-22T10:10:07.550+0000][71][info ][gc,marking  ] GC(14) Concurrent Scan Root Regions 32.565ms
[2025-05-22T10:10:07.551+0000][71][info ][gc,marking  ] GC(14) Concurrent Mark
[2025-05-22T10:10:07.551+0000][71][info ][gc,marking  ] GC(14) Concurrent Mark From Roots
[2025-05-22T10:10:07.552+0000][71][info ][gc,task     ] GC(14) Using 3 workers of 3 for marking
[2025-05-22T10:10:07.656+0000][71][info ][gc,marking  ] GC(14) Concurrent Mark From Roots 105.000ms
[2025-05-22T10:10:07.657+0000][71][info ][gc,marking  ] GC(14) Concurrent Preclean
[2025-05-22T10:10:07.657+0000][71][info ][gc,marking  ] GC(14) Concurrent Preclean 0.692ms
[2025-05-22T10:10:07.658+0000][71][info ][gc,start    ] GC(14) Pause Remark
[2025-05-22T10:10:07.838+0000][71][info ][gc          ] GC(14) Pause Remark 133M->133M(3880M) 179.801ms
[2025-05-22T10:10:07.838+0000][71][info ][gc,cpu      ] GC(14) User=1.54s Sys=0.00s Real=0.18s
[2025-05-22T10:10:07.839+0000][71][info ][safepoint   ] Safepoint "G1PauseRemark", Time since last: 156135835 ns, Reaching safepoint: 20660 ns, Cleanup: 19165 ns, At safepoint: 180798395 ns, Total: 180838220 ns
[2025-05-22T10:10:07.839+0000][71][info ][gc,marking  ] GC(14) Concurrent Mark 288.266ms
[2025-05-22T10:10:07.839+0000][71][info ][gc,marking  ] GC(14) Concurrent Rebuild Remembered Sets and Scrub Regions
[2025-05-22T10:10:07.863+0000][71][info ][gc,marking  ] GC(14) Concurrent Rebuild Remembered Sets and Scrub Regions 23.811ms
[2025-05-22T10:10:07.865+0000][71][info ][gc,start    ] GC(14) Pause Cleanup
[2025-05-22T10:10:07.866+0000][71][info ][gc          ] GC(14) Pause Cleanup 134M->134M(3880M) 0.712ms
[2025-05-22T10:10:07.866+0000][71][info ][gc,cpu      ] GC(14) User=0.00s Sys=0.00s Real=0.01s
[2025-05-22T10:10:07.866+0000][71][info ][safepoint   ] Safepoint "G1PauseCleanup", Time since last: 25104607 ns, Reaching safepoint: 788271 ns, Cleanup: 323841 ns, At safepoint: 1401791 ns, Total: 2513903 ns
[2025-05-22T10:10:07.867+0000][71][info ][gc,marking  ] GC(14) Concurrent Clear Claimed Marks
[2025-05-22T10:10:07.867+0000][71][info ][gc,marking  ] GC(14) Concurrent Clear Claimed Marks 0.551ms
[2025-05-22T10:10:07.867+0000][71][info ][gc,marking  ] GC(14) Concurrent Cleanup for Next Mark
[2025-05-22T10:10:07.922+0000][71][info ][gc,marking  ] GC(14) Concurrent Cleanup for Next Mark 54.413ms
[2025-05-22T10:10:07.922+0000][71][info ][gc          ] GC(14) Concurrent Mark Cycle 405.310ms
[2025-05-22T10:10:09.867+0000][71][info ][safepoint   ] Safepoint "Cleanup", Time since last: 2000642692 ns, Reaching safepoint: 20350 ns, Cleanup: 13750 ns, At safepoint: 8447 ns, Total: 42547 ns
[2025-05-22T10:10:10.868+0000][71][info ][safepoint   ] Safepoint "Cleanup", Time since last: 1001067946 ns, Reaching safepoint: 20634 ns, Cleanup: 19245 ns, At safepoint: 10636 ns, Total: 50515 ns
[2025-05-22T10:10:11.869+0000][71][info ][safepoint   ] Safepoint "Cleanup", Time since last: 1000685658 ns, Reaching safepoint: 43698 ns, Cleanup: 36210 ns, At safepoint: 16435 ns, Total: 96343 ns
[2025-05-22T10:10:12.868+0000][71][info ][safepoint   ] Safepoint "Cleanup", Time since last: 1001097665 ns, Reaching safepoint: 33950 ns, Cleanup: 32569 ns, At safepoint: 16567 ns, Total: 83086 ns
[2025-05-22T10:10:13.869+0000][71][info ][safepoint   ] Safepoint "Cleanup", Time since last: 1001197578 ns, Reaching safepoint: 28685 ns, Cleanup: 48895 ns, At safepoint: 17001 ns, Total: 94581 ns
[2025-05-22T10:10:14.870+0000][71][info ][safepoint   ] Safepoint "Cleanup", Time since last: 1000908132 ns, Reaching safepoint: 32320 ns, Cleanup: 26240 ns, At safepoint: 16393 ns, Total: 74953 ns
[2025-05-22T10:10:16.872+0000][71][info ][safepoint   ] Safepoint "Cleanup", Time since last: 2001609390 ns, Reaching safepoint: 39905 ns, Cleanup: 34919 ns, At safepoint: 18485 ns, Total: 93309 ns
[2025-05-22T10:10:21.874+0000][71][info ][safepoint   ] Safepoint "Cleanup", Time since last: 5002179007 ns, Reaching safepoint: 75830 ns, Cleanup: 21522 ns, At safepoint: 9446 ns, Total: 106798 ns
[2025-05-22T10:10:22.875+0000][71][info ][safepoint   ] Safepoint "Cleanup", Time since last: 1000878138 ns, Reaching safepoint: 29662 ns, Cleanup: 131060 ns, At safepoint: 23042 ns, Total: 183764 ns
[2025-05-22T10:10:26.878+0000][71][info ][safepoint   ] Safepoint "Cleanup", Time since last: 4002513449 ns, Reaching safepoint: 42160 ns, Cleanup: 32368 ns, At safepoint: 18609 ns, Total: 93137 ns
[2025-05-22T10:10:28.879+0000][71][info ][safepoint   ] Safepoint "Cleanup", Time since last: 2001372234 ns, Reaching safepoint: 32776 ns, Cleanup: 25517 ns, At safepoint: 13747 ns, Total: 72040 ns
[2025-05-22T10:10:29.881+0000][71][info ][safepoint   ] Safepoint "Cleanup", Time since last: 1001221981 ns, Reaching safepoint: 20610 ns, Cleanup: 19288 ns, At safepoint: 10292 ns, Total: 50190 ns
[2025-05-22T10:10:31.989+0000][71][info ][safepoint   ] Safepoint "Cleanup", Time since last: 2108280773 ns, Reaching safepoint: 40356 ns, Cleanup: 30115 ns, At safepoint: 45374 ns, Total: 115845 ns
[2025-05-22T10:10:33.990+0000][71][info ][safepoint   ] Safepoint "Cleanup", Time since last: 2000953246 ns, Reaching safepoint: 41102 ns, Cleanup: 38324 ns, At safepoint: 7795 ns, Total: 87221 ns
[2025-05-22T10:10:34.991+0000][71][info ][safepoint   ] Safepoint "Cleanup", Time since last: 1001011893 ns, Reaching safepoint: 140397 ns, Cleanup: 103303 ns, At safepoint: 63919 ns, Total: 307619 ns
[2025-05-22T10:10:36.993+0000][71][info ][safepoint   ] Safepoint "Cleanup", Time since last: 2001092343 ns, Reaching safepoint: 27519 ns, Cleanup: 39825 ns, At safepoint: 16066 ns, Total: 83410 ns
[2025-05-22T10:10:37.993+0000][71][info ][safepoint   ] Safepoint "Cleanup", Time since last: 1000827395 ns, Reaching safepoint: 30437 ns, Cleanup: 25820 ns, At safepoint: 16479 ns, Total: 72736 ns
[2025-05-22T10:10:40.512+0000][71][info ][safepoint   ] Safepoint "Cleanup", Time since last: 2518551186 ns, Reaching safepoint: 6229 ns, Cleanup: 14618 ns, At safepoint: 13806 ns, Total: 34653 ns
[2025-05-22T10:10:42.089+0000][71][info ][safepoint   ] Safepoint "Cleanup", Time since last: 1579380675 ns, Reaching safepoint: 31561 ns, Cleanup: 54270 ns, At safepoint: 17635 ns, Total: 103466 ns
[2025-05-22T10:10:43.090+0000][71][info ][safepoint   ] Safepoint "Cleanup", Time since last: 1000654664 ns, Reaching safepoint: 192076 ns, Cleanup: 23860 ns, At safepoint: 133485 ns, Total: 349421 ns
[2025-05-22T10:10:44.090+0000][71][info ][safepoint   ] Safepoint "Cleanup", Time since last: 1000601935 ns, Reaching safepoint: 25189 ns, Cleanup: 17585 ns, At safepoint: 11199 ns, Total: 53973 ns
[2025-05-22T10:10:46.107+0000][71][info ][safepoint   ] Safepoint "Cleanup", Time since last: 2016604656 ns, Reaching safepoint: 27999 ns, Cleanup: 22189 ns, At safepoint: 12171 ns, Total: 62359 ns
[2025-05-22T10:10:47.108+0000][71][info ][safepoint   ] Safepoint "Cleanup", Time since last: 1000650855 ns, Reaching safepoint: 91359 ns, Cleanup: 19897 ns, At safepoint: 13414 ns, Total: 124670 ns
[2025-05-22T10:10:49.109+0000][71][info ][safepoint   ] Safepoint "Cleanup", Time since last: 2000801942 ns, Reaching safepoint: 401648 ns, Cleanup: 19224 ns, At safepoint: 27987 ns, Total: 448859 ns
[2025-05-22T10:10:50.110+0000][71][info ][safepoint   ] Safepoint "Cleanup", Time since last: 1000900995 ns, Reaching safepoint: 70581 ns, Cleanup: 29590 ns, At safepoint: 17200 ns, Total: 117371 ns
[2025-05-22T10:10:51.111+0000][71][info ][safepoint   ] Safepoint "Cleanup", Time since last: 1000736622 ns, Reaching safepoint: 107719 ns, Cleanup: 32506 ns, At safepoint: 17238 ns, Total: 157463 ns
[2025-05-22T10:10:52.112+0000][71][info ][safepoint   ] Safepoint "Cleanup", Time since last: 1000676158 ns, Reaching safepoint: 18664 ns, Cleanup: 12515 ns, At safepoint: 7294 ns, Total: 38473 ns
[2025-05-22T10:10:53.112+0000][71][info ][safepoint   ] Safepoint "Cleanup", Time since last: 1000622954 ns, Reaching safepoint: 19850 ns, Cleanup: 54179 ns, At safepoint: 8572 ns, Total: 82601 ns
[2025-05-22T10:10:54.113+0000][71][info ][safepoint   ] Safepoint "Cleanup", Time since last: 1000850497 ns, Reaching safepoint: 33299 ns, Cleanup: 17463 ns, At safepoint: 15736 ns, Total: 66498 ns
[2025-05-22T10:10:58.114+0000][71][info ][safepoint   ] Safepoint "Cleanup", Time since last: 4000984764 ns, Reaching safepoint: 19690 ns, Cleanup: 13395 ns, At safepoint: 8463 ns, Total: 41548 ns
[2025-05-22T10:11:01.116+0000][71][info ][safepoint   ] Safepoint "Cleanup", Time since last: 3001414587 ns, Reaching safepoint: 35066 ns, Cleanup: 22804 ns, At safepoint: 18935 ns, Total: 76805 ns
[2025-05-22T10:11:02.117+0000][71][info ][safepoint   ] Safepoint "Cleanup", Time since last: 1000948268 ns, Reaching safepoint: 38666 ns, Cleanup: 18509 ns, At safepoint: 18541 ns, Total: 75716 ns
[2025-05-22T10:11:04.118+0000][71][info ][safepoint   ] Safepoint "Cleanup", Time since last: 2000893360 ns, Reaching safepoint: 24257 ns, Cleanup: 24176 ns, At safepoint: 8743 ns, Total: 57176 ns
[2025-05-22T10:11:05.118+0000][71][info ][safepoint   ] Safepoint "Cleanup", Time since last: 1000622739 ns, Reaching safepoint: 45660 ns, Cleanup: 21136 ns, At safepoint: 8482 ns, Total: 75278 ns
[2025-05-22T10:11:06.119+0000][71][info ][safepoint   ] Safepoint "Cleanup", Time since last: 1000824259 ns, Reaching safepoint: 31085 ns, Cleanup: 18652 ns, At safepoint: 15923 ns, Total: 65660 ns
[2025-05-22T10:11:11.121+0000][71][info ][safepoint   ] Safepoint "Cleanup", Time since last: 5001415740 ns, Reaching safepoint: 23454 ns, Cleanup: 62012 ns, At safepoint: 8051 ns, Total: 93517 ns
[2025-05-22T10:11:14.119+0000][71][info ][safepoint   ] Safepoint "Cleanup", Time since last: 3001009110 ns, Reaching safepoint: 31515 ns, Cleanup: 40201 ns, At safepoint: 18078 ns, Total: 89794 ns
[2025-05-22T10:11:16.120+0000][71][info ][safepoint   ] Safepoint "Cleanup", Time since last: 2000867231 ns, Reaching safepoint: 31643 ns, Cleanup: 21173 ns, At safepoint: 16709 ns, Total: 69525 ns
[2025-05-22T10:11:17.121+0000][71][info ][safepoint   ] Safepoint "Cleanup", Time since last: 1000768675 ns, Reaching safepoint: 30508 ns, Cleanup: 16503 ns, At safepoint: 15521 ns, Total: 62532 ns
[2025-05-22T10:11:20.122+0000][71][info ][safepoint   ] Safepoint "Cleanup", Time since last: 3001165913 ns, Reaching safepoint: 67992 ns, Cleanup: 22262 ns, At safepoint: 16242 ns, Total: 106496 ns
[2025-05-22T10:11:21.123+0000][71][info ][safepoint   ] Safepoint "Cleanup", Time since last: 1000892790 ns, Reaching safepoint: 19857 ns, Cleanup: 23452 ns, At safepoint: 8536 ns, Total: 51845 ns
[2025-05-22T10:11:23.124+0000][71][info ][safepoint   ] Safepoint "Cleanup", Time since last: 2000911635 ns, Reaching safepoint: 33098 ns, Cleanup: 21469 ns, At safepoint: 16158 ns, Total: 70725 ns
[2025-05-22T10:11:24.125+0000][71][info ][safepoint   ] Safepoint "Cleanup", Time since last: 1000684497 ns, Reaching safepoint: 30706 ns, Cleanup: 22868 ns, At safepoint: 12597 ns, Total: 66171 ns
[2025-05-22T10:11:29.127+0000][71][info ][safepoint   ] Safepoint "Cleanup", Time since last: 5001532402 ns, Reaching safepoint: 34342 ns, Cleanup: 21420 ns, At safepoint: 17805 ns, Total: 73567 ns
[2025-05-22T10:11:31.025+0000][71][info ][safepoint   ] Safepoint "Cleanup", Time since last: 1898285741 ns, Reaching safepoint: 32047 ns, Cleanup: 20709 ns, At safepoint: 17224 ns, Total: 69980 ns
[2025-05-22T10:11:32.026+0000][71][info ][safepoint   ] Safepoint "Cleanup", Time since last: 1000976105 ns, Reaching safepoint: 32321 ns, Cleanup: 36881 ns, At safepoint: 17371 ns, Total: 86573 ns
[2025-05-22T10:11:34.027+0000][71][info ][safepoint   ] Safepoint "Cleanup", Time since last: 2001134132 ns, Reaching safepoint: 19820 ns, Cleanup: 42353 ns, At safepoint: 8196 ns, Total: 70369 ns
[2025-05-22T10:11:35.028+0000][71][info ][safepoint   ] Safepoint "Cleanup", Time since last: 1000783485 ns, Reaching safepoint: 35652 ns, Cleanup: 29044 ns, At safepoint: 18179 ns, Total: 82875 ns
[2025-05-22T10:11:37.029+0000][71][info ][safepoint   ] Safepoint "Cleanup", Time since last: 2000736405 ns, Reaching safepoint: 75105 ns, Cleanup: 21143 ns, At safepoint: 9416 ns, Total: 105664 ns
[2025-05-22T10:11:38.030+0000][71][info ][safepoint   ] Safepoint "Cleanup", Time since last: 1000812201 ns, Reaching safepoint: 32733 ns, Cleanup: 25109 ns, At safepoint: 17079 ns, Total: 74921 ns
[2025-05-22T10:11:42.029+0000][71][info ][safepoint   ] Safepoint "Cleanup", Time since last: 4001266297 ns, Reaching safepoint: 31421 ns, Cleanup: 36240 ns, At safepoint: 16911 ns, Total: 84572 ns
[2025-05-22T10:11:43.029+0000][71][info ][safepoint   ] Safepoint "Cleanup", Time since last: 1000789782 ns, Reaching safepoint: 19884 ns, Cleanup: 15184 ns, At safepoint: 8319 ns, Total: 43387 ns
[2025-05-22T10:11:44.108+0000][71][info ][safepoint   ] Safepoint "Cleanup", Time since last: 1078161313 ns, Reaching safepoint: 6903 ns, Cleanup: 37519 ns, At safepoint: 3560 ns, Total: 47982 ns
[2025-05-22T10:11:45.133+0000][71][info ][safepoint   ] Safepoint "Cleanup", Time since last: 1025012857 ns, Reaching safepoint: 20254 ns, Cleanup: 18470 ns, At safepoint: 8367 ns, Total: 47091 ns
[2025-05-22T10:11:47.134+0000][71][info ][safepoint   ] Safepoint "Cleanup", Time since last: 2001183966 ns, Reaching safepoint: 18995 ns, Cleanup: 21492 ns, At safepoint: 27418 ns, Total: 67905 ns
[2025-05-22T10:11:51.135+0000][71][info ][safepoint   ] Safepoint "Cleanup", Time since last: 4001247517 ns, Reaching safepoint: 67760 ns, Cleanup: 21748 ns, At safepoint: 17012 ns, Total: 106520 ns
[2025-05-22T10:11:54.136+0000][71][info ][safepoint   ] Safepoint "Cleanup", Time since last: 3001059436 ns, Reaching safepoint: 98180 ns, Cleanup: 19951 ns, At safepoint: 48392 ns, Total: 166523 ns
[2025-05-22T10:11:56.138+0000][71][info ][safepoint   ] Safepoint "Cleanup", Time since last: 2001095730 ns, Reaching safepoint: 30027 ns, Cleanup: 18385 ns, At safepoint: 15907 ns, Total: 64319 ns
[2025-05-22T10:12:01.139+0000][71][info ][safepoint   ] Safepoint "Cleanup", Time since last: 5001136985 ns, Reaching safepoint: 18916 ns, Cleanup: 16011 ns, At safepoint: 7684 ns, Total: 42611 ns
[2025-05-22T10:12:04.140+0000][71][info ][safepoint   ] Safepoint "Cleanup", Time since last: 3001097236 ns, Reaching safepoint: 17400 ns, Cleanup: 12108 ns, At safepoint: 7680 ns, Total: 37188 ns
[2025-05-22T10:12:05.141+0000][71][info ][safepoint   ] Safepoint "Cleanup", Time since last: 1000645612 ns, Reaching safepoint: 16729 ns, Cleanup: 15387 ns, At safepoint: 6609 ns, Total: 38725 ns
[2025-05-22T10:12:07.142+0000][71][info ][safepoint   ] Safepoint "Cleanup", Time since last: 2001009945 ns, Reaching safepoint: 44891 ns, Cleanup: 14062 ns, At safepoint: 8154 ns, Total: 67107 ns
[2025-05-22T10:12:08.143+0000][71][info ][safepoint   ] Safepoint "Cleanup", Time since last: 1001317705 ns, Reaching safepoint: 18385 ns, Cleanup: 14556 ns, At safepoint: 7978 ns, Total: 40919 ns
[2025-05-22T10:12:11.144+0000][71][info ][safepoint   ] Safepoint "Cleanup", Time since last: 3001029647 ns, Reaching safepoint: 32010 ns, Cleanup: 22882 ns, At safepoint: 16444 ns, Total: 71336 ns
[2025-05-22T10:12:12.142+0000][71][info ][safepoint   ] Safepoint "Cleanup", Time since last: 1000871722 ns, Reaching safepoint: 16634 ns, Cleanup: 17226 ns, At safepoint: 7170 ns, Total: 41030 ns
[2025-05-22T10:12:14.143+0000][71][info ][safepoint   ] Safepoint "Cleanup", Time since last: 2000740619 ns, Reaching safepoint: 16782 ns, Cleanup: 15460 ns, At safepoint: 7267 ns, Total: 39509 ns
[2025-05-22T10:12:16.144+0000][71][info ][safepoint   ] Safepoint "Cleanup", Time since last: 2000793234 ns, Reaching safepoint: 17816 ns, Cleanup: 13688 ns, At safepoint: 7896 ns, Total: 39400 ns
[2025-05-22T10:12:17.145+0000][71][info ][safepoint   ] Safepoint "Cleanup", Time since last: 1000762051 ns, Reaching safepoint: 21884 ns, Cleanup: 18336 ns, At safepoint: 9182 ns, Total: 49402 ns
[2025-05-22T10:12:19.146+0000][71][info ][safepoint   ] Safepoint "Cleanup", Time since last: 2000809067 ns, Reaching safepoint: 34373 ns, Cleanup: 67551 ns, At safepoint: 11786 ns, Total: 113710 ns
[2025-05-22T10:12:24.148+0000][71][info ][safepoint   ] Safepoint "Cleanup", Time since last: 5002601494 ns, Reaching safepoint: 49243 ns, Cleanup: 14596 ns, At safepoint: 7448 ns, Total: 71287 ns
[2025-05-22T10:12:26.149+0000][71][info ][safepoint   ] Safepoint "Cleanup", Time since last: 2000958718 ns, Reaching safepoint: 24947 ns, Cleanup: 19609 ns, At safepoint: 8689 ns, Total: 53245 ns
[2025-05-22T10:12:27.150+0000][71][info ][safepoint   ] Safepoint "Cleanup", Time since last: 1000842577 ns, Reaching safepoint: 17903 ns, Cleanup: 13678 ns, At safepoint: 8054 ns, Total: 39635 ns
[2025-05-22T10:12:31.061+0000][71][info ][safepoint   ] Safepoint "Cleanup", Time since last: 3910729792 ns, Reaching safepoint: 17479 ns, Cleanup: 14217 ns, At safepoint: 24444 ns, Total: 56140 ns
[2025-05-22T10:12:32.069+0000][71][info ][safepoint   ] Safepoint "Cleanup", Time since last: 1000563324 ns, Reaching safepoint: 6922790 ns, Cleanup: 118953 ns, At safepoint: 568075 ns, Total: 7609818 ns
[2025-05-22T10:12:32.155+0000][71][info ][safepoint   ] Safepoint "ICBufferFull", Time since last: 83723430 ns, Reaching safepoint: 933354 ns, Cleanup: 940460 ns, At safepoint: 187844 ns, Total: 2061658 ns
[2025-05-22T10:12:32.369+0000][71][info ][safepoint   ] Safepoint "ICBufferFull", Time since last: 213085381 ns, Reaching safepoint: 308010 ns, Cleanup: 183144 ns, At safepoint: 317700 ns, Total: 808854 ns
[2025-05-22T10:12:32.371+0000][71][info ][safepoint   ] Safepoint "ICBufferFull", Time since last: 1097774 ns, Reaching safepoint: 738470 ns, Cleanup: 19312 ns, At safepoint: 402584 ns, Total: 1160366 ns
[2025-05-22T10:12:32.375+0000][71][info ][safepoint   ] Safepoint "ICBufferFull", Time since last: 2920659 ns, Reaching safepoint: 979665 ns, Cleanup: 8781 ns, At safepoint: 137417 ns, Total: 1125863 ns
[2025-05-22T10:12:33.445+0000][71][info ][safepoint   ] Safepoint "Cleanup", Time since last: 1069985075 ns, Reaching safepoint: 16062 ns, Cleanup: 73381 ns, At safepoint: 24386 ns, Total: 113829 ns
[2025-05-22T10:12:34.454+0000][71][info ][safepoint   ] Safepoint "Cleanup", Time since last: 1004210621 ns, Reaching safepoint: 4422711 ns, Cleanup: 80668 ns, At safepoint: 83041 ns, Total: 4586420 ns
[2025-05-22T10:12:36.172+0000][71][info ][safepoint   ] Safepoint "Cleanup", Time since last: 1717328153 ns, Reaching safepoint: 19026 ns, Cleanup: 52194 ns, At safepoint: 8456 ns, Total: 79676 ns
[2025-05-22T10:12:37.467+0000][71][info ][safepoint   ] Safepoint "Cleanup", Time since last: 1295290221 ns, Reaching safepoint: 67764 ns, Cleanup: 58996 ns, At safepoint: 13561 ns, Total: 140321 ns
[2025-05-22T10:12:38.470+0000][71][info ][safepoint   ] Safepoint "Cleanup", Time since last: 1002485479 ns, Reaching safepoint: 31218 ns, Cleanup: 17679 ns, At safepoint: 16261 ns, Total: 65158 ns
[2025-05-22T10:12:40.471+0000][71][info ][safepoint   ] Safepoint "Cleanup", Time since last: 2000999820 ns, Reaching safepoint: 29495 ns, Cleanup: 22561 ns, At safepoint: 13203 ns, Total: 65259 ns
[2025-05-22T10:12:41.472+0000][71][info ][safepoint   ] Safepoint "Cleanup", Time since last: 1000838908 ns, Reaching safepoint: 41302 ns, Cleanup: 21669 ns, At safepoint: 48114 ns, Total: 111085 ns
[2025-05-22T10:12:42.519+0000][71][info ][safepoint   ] Safepoint "Cleanup", Time since last: 1050193379 ns, Reaching safepoint: 18398 ns, Cleanup: 18889 ns, At safepoint: 6925 ns, Total: 44212 ns
[2025-05-22T10:12:43.520+0000][71][info ][safepoint   ] Safepoint "Cleanup", Time since last: 1000610663 ns, Reaching safepoint: 17918 ns, Cleanup: 17488 ns, At safepoint: 8345 ns, Total: 43751 ns
[2025-05-22T10:12:46.455+0000][71][info ][safepoint   ] Safepoint "Cleanup", Time since last: 2935669289 ns, Reaching safepoint: 86622 ns, Cleanup: 22685 ns, At safepoint: 48038 ns, Total: 157345 ns
[2025-05-22T10:12:48.217+0000][71][info ][safepoint   ] Safepoint "Cleanup", Time since last: 1762018485 ns, Reaching safepoint: 19484 ns, Cleanup: 37138 ns, At safepoint: 8068 ns, Total: 64690 ns
[2025-05-22T10:12:50.220+0000][71][info ][safepoint   ] Safepoint "Cleanup", Time since last: 2002537661 ns, Reaching safepoint: 30625 ns, Cleanup: 20577 ns, At safepoint: 15660 ns, Total: 66862 ns
[2025-05-22T10:12:51.221+0000][71][info ][safepoint   ] Safepoint "Cleanup", Time since last: 1000880101 ns, Reaching safepoint: 28825 ns, Cleanup: 20454 ns, At safepoint: 16302 ns, Total: 65581 ns
[2025-05-22T10:12:53.222+0000][71][info ][safepoint   ] Safepoint "Cleanup", Time since last: 2000809667 ns, Reaching safepoint: 75337 ns, Cleanup: 27945 ns, At safepoint: 19044 ns, Total: 122326 ns
[2025-05-22T10:12:56.223+0000][71][info ][safepoint   ] Safepoint "Cleanup", Time since last: 3000912140 ns, Reaching safepoint: 32549 ns, Cleanup: 25849 ns, At safepoint: 18755 ns, Total: 77153 ns
[2025-05-22T10:12:57.224+0000][71][info ][safepoint   ] Safepoint "Cleanup", Time since last: 1000656321 ns, Reaching safepoint: 35644 ns, Cleanup: 19196 ns, At safepoint: 21357 ns, Total: 76197 ns
[2025-05-22T10:13:01.225+0000][71][info ][safepoint   ] Safepoint "Cleanup", Time since last: 4001302368 ns, Reaching safepoint: 35559 ns, Cleanup: 26450 ns, At safepoint: 18717 ns, Total: 80726 ns
[2025-05-22T10:13:02.226+0000][71][info ][safepoint   ] Safepoint "Cleanup", Time since last: 1000638795 ns, Reaching safepoint: 24882 ns, Cleanup: 16756 ns, At safepoint: 10864 ns, Total: 52502 ns
[2025-05-22T10:13:06.227+0000][71][info ][safepoint   ] Safepoint "Cleanup", Time since last: 4001103515 ns, Reaching safepoint: 35915 ns, Cleanup: 23453 ns, At safepoint: 20756 ns, Total: 80124 ns
[2025-05-22T10:13:08.228+0000][71][info ][safepoint   ] Safepoint "Cleanup", Time since last: 2000903296 ns, Reaching safepoint: 72558 ns, Cleanup: 29535 ns, At safepoint: 20113 ns, Total: 122206 ns
[2025-05-22T10:13:10.229+0000][71][info ][safepoint   ] Safepoint "Cleanup", Time since last: 2000803507 ns, Reaching safepoint: 166551 ns, Cleanup: 19187 ns, At safepoint: 121322 ns, Total: 307060 ns
[2025-05-22T10:13:11.230+0000][71][info ][safepoint   ] Safepoint "Cleanup", Time since last: 1000732517 ns, Reaching safepoint: 29678 ns, Cleanup: 15564 ns, At safepoint: 16250 ns, Total: 61492 ns
[2025-05-22T10:13:13.228+0000][71][info ][safepoint   ] Safepoint "Cleanup", Time since last: 2000861215 ns, Reaching safepoint: 22622 ns, Cleanup: 18305 ns, At safepoint: 9484 ns, Total: 50411 ns
[2025-05-22T10:13:14.229+0000][71][info ][safepoint   ] Safepoint "Cleanup", Time since last: 1000648063 ns, Reaching safepoint: 16385 ns, Cleanup: 15539 ns, At safepoint: 6812 ns, Total: 38736 ns
[2025-05-22T10:13:16.230+0000][71][info ][safepoint   ] Safepoint "Cleanup", Time since last: 2000966102 ns, Reaching safepoint: 31962 ns, Cleanup: 19027 ns, At safepoint: 18898 ns, Total: 69887 ns
[2025-05-22T10:13:17.231+0000][71][info ][safepoint   ] Safepoint "Cleanup", Time since last: 1000843719 ns, Reaching safepoint: 31556 ns, Cleanup: 21081 ns, At safepoint: 15794 ns, Total: 68431 ns
[2025-05-22T10:13:19.232+0000][71][info ][safepoint   ] Safepoint "Cleanup", Time since last: 2000951598 ns, Reaching safepoint: 29851 ns, Cleanup: 22631 ns, At safepoint: 14656 ns, Total: 67138 ns
[2025-05-22T10:13:20.233+0000][71][info ][safepoint   ] Safepoint "Cleanup", Time since last: 1000749739 ns, Reaching safepoint: 18889 ns, Cleanup: 22164 ns, At safepoint: 7666 ns, Total: 48719 ns
[2025-05-22T10:13:23.234+0000][71][info ][safepoint   ] Safepoint "Cleanup", Time since last: 3000930895 ns, Reaching safepoint: 67211 ns, Cleanup: 19909 ns, At safepoint: 28628 ns, Total: 115748 ns
[2025-05-22T10:13:24.235+0000][71][info ][safepoint   ] Safepoint "Cleanup", Time since last: 1000729647 ns, Reaching safepoint: 29889 ns, Cleanup: 18772 ns, At safepoint: 15290 ns, Total: 63951 ns
[2025-05-22T10:13:26.235+0000][71][info ][safepoint   ] Safepoint "Cleanup", Time since last: 2000778050 ns, Reaching safepoint: 16831 ns, Cleanup: 13416 ns, At safepoint: 7543 ns, Total: 37790 ns
[2025-05-22T10:13:29.236+0000][71][info ][safepoint   ] Safepoint "Cleanup", Time since last: 3000981015 ns, Reaching safepoint: 19609 ns, Cleanup: 17683 ns, At safepoint: 7959 ns, Total: 45251 ns
[2025-05-22T10:13:31.095+0000][71][info ][safepoint   ] Safepoint "Cleanup", Time since last: 1858698822 ns, Reaching safepoint: 18017 ns, Cleanup: 12462 ns, At safepoint: 7957 ns, Total: 38436 ns
[2025-05-22T10:13:33.096+0000][71][info ][safepoint   ] Safepoint "Cleanup", Time since last: 2001015550 ns, Reaching safepoint: 33127 ns, Cleanup: 22035 ns, At safepoint: 18118 ns, Total: 73280 ns
[2025-05-22T10:13:34.097+0000][71][info ][safepoint   ] Safepoint "Cleanup", Time since last: 1000756489 ns, Reaching safepoint: 17650 ns, Cleanup: 29764 ns, At safepoint: 8405 ns, Total: 55819 ns
[2025-05-22T10:13:35.098+0000][71][info ][safepoint   ] Safepoint "Cleanup", Time since last: 1000533757 ns, Reaching safepoint: 18463 ns, Cleanup: 17757 ns, At safepoint: 7208 ns, Total: 43428 ns
[2025-05-22T10:13:36.098+0000][71][info ][safepoint   ] Safepoint "Cleanup", Time since last: 1000689540 ns, Reaching safepoint: 26392 ns, Cleanup: 18090 ns, At safepoint: 11351 ns, Total: 55833 ns
[2025-05-22T10:13:37.099+0000][71][info ][safepoint   ] Safepoint "Cleanup", Time since last: 1000793242 ns, Reaching safepoint: 20003 ns, Cleanup: 15007 ns, At safepoint: 8698 ns, Total: 43708 ns
[2025-05-22T10:13:38.100+0000][71][info ][safepoint   ] Safepoint "Cleanup", Time since last: 1000770839 ns, Reaching safepoint: 72696 ns, Cleanup: 18013 ns, At safepoint: 32911 ns, Total: 123620 ns
[2025-05-22T10:13:41.101+0000][71][info ][safepoint   ] Safepoint "Cleanup", Time since last: 3001068402 ns, Reaching safepoint: 18041 ns, Cleanup: 13838 ns, At safepoint: 8158 ns, Total: 40037 ns
[2025-05-22T10:13:42.100+0000][71][info ][safepoint   ] Safepoint "Cleanup", Time since last: 1000866301 ns, Reaching safepoint: 32643 ns, Cleanup: 22654 ns, At safepoint: 17116 ns, Total: 72413 ns
[2025-05-22T10:13:43.101+0000][71][info ][safepoint   ] Safepoint "Cleanup", Time since last: 1001036477 ns, Reaching safepoint: 24323 ns, Cleanup: 15424 ns, At safepoint: 8982 ns, Total: 48729 ns
[2025-05-22T10:13:44.101+0000][71][info ][safepoint   ] Safepoint "Cleanup", Time since last: 1000521884 ns, Reaching safepoint: 24012 ns, Cleanup: 18723 ns, At safepoint: 10613 ns, Total: 53348 ns
[2025-05-22T10:13:49.478+0000][71][info ][safepoint   ] Safepoint "Cleanup", Time since last: 5376359925 ns, Reaching safepoint: 7745 ns, Cleanup: 9735 ns, At safepoint: 25298 ns, Total: 42778 ns
[2025-05-22T10:13:51.265+0000][71][info ][safepoint   ] Safepoint "Cleanup", Time since last: 1787181011 ns, Reaching safepoint: 19027 ns, Cleanup: 48283 ns, At safepoint: 7352 ns, Total: 74662 ns
[2025-05-22T10:13:53.266+0000][71][info ][safepoint   ] Safepoint "Cleanup", Time since last: 2000857221 ns, Reaching safepoint: 22777 ns, Cleanup: 15967 ns, At safepoint: 11113 ns, Total: 49857 ns
[2025-05-22T10:13:56.267+0000][71][info ][safepoint   ] Safepoint "Cleanup", Time since last: 3001019158 ns, Reaching safepoint: 148554 ns, Cleanup: 18300 ns, At safepoint: 36218 ns, Total: 203072 ns
[2025-05-22T10:13:59.268+0000][71][info ][safepoint   ] Safepoint "Cleanup", Time since last: 3000882517 ns, Reaching safepoint: 29549 ns, Cleanup: 17484 ns, At safepoint: 79845 ns, Total: 126878 ns
[2025-05-22T10:14:02.269+0000][71][info ][safepoint   ] Safepoint "Cleanup", Time since last: 3001086489 ns, Reaching safepoint: 29378 ns, Cleanup: 42357 ns, At safepoint: 16163 ns, Total: 87898 ns
[2025-05-22T10:14:04.271+0000][71][info ][safepoint   ] Safepoint "Cleanup", Time since last: 2000950654 ns, Reaching safepoint: 128508 ns, Cleanup: 16665 ns, At safepoint: 59029 ns, Total: 204202 ns
[2025-05-22T10:14:05.271+0000][71][info ][safepoint   ] Safepoint "Cleanup", Time since last: 1000674762 ns, Reaching safepoint: 20090 ns, Cleanup: 18145 ns, At safepoint: 7182 ns, Total: 45417 ns
[2025-05-22T10:14:06.275+0000][71][info ][safepoint   ] Safepoint "Cleanup", Time since last: 1003742283 ns, Reaching safepoint: 24436 ns, Cleanup: 86791 ns, At safepoint: 10518 ns, Total: 121745 ns
[2025-05-22T10:14:07.276+0000][71][info ][safepoint   ] Safepoint "Cleanup", Time since last: 1000707726 ns, Reaching safepoint: 18568 ns, Cleanup: 13455 ns, At safepoint: 7834 ns, Total: 39857 ns
[2025-05-22T10:14:08.288+0000][71][info ][safepoint   ] Safepoint "Cleanup", Time since last: 1011837600 ns, Reaching safepoint: 29631 ns, Cleanup: 17316 ns, At safepoint: 15637 ns, Total: 62584 ns
[2025-05-22T10:14:11.289+0000][71][info ][safepoint   ] Safepoint "Cleanup", Time since last: 3001045676 ns, Reaching safepoint: 45287 ns, Cleanup: 21689 ns, At safepoint: 7361 ns, Total: 74337 ns
[2025-05-22T10:14:12.287+0000][71][info ][safepoint   ] Safepoint "Cleanup", Time since last: 1000657946 ns, Reaching safepoint: 18929 ns, Cleanup: 13275 ns, At safepoint: 7774 ns, Total: 39978 ns
[2025-05-22T10:14:14.288+0000][71][info ][safepoint   ] Safepoint "Cleanup", Time since last: 2000940235 ns, Reaching safepoint: 30432 ns, Cleanup: 17257 ns, At safepoint: 17088 ns, Total: 64777 ns
[2025-05-22T10:14:16.289+0000][71][info ][safepoint   ] Safepoint "Cleanup", Time since last: 2000955002 ns, Reaching safepoint: 59962 ns, Cleanup: 24535 ns, At safepoint: 9736 ns, Total: 94233 ns
[2025-05-22T10:14:17.290+0000][71][info ][safepoint   ] Safepoint "Cleanup", Time since last: 1000762024 ns, Reaching safepoint: 29728 ns, Cleanup: 20009 ns, At safepoint: 15467 ns, Total: 65204 ns
[2025-05-22T10:14:20.291+0000][71][info ][safepoint   ] Safepoint "Cleanup", Time since last: 3000961708 ns, Reaching safepoint: 26829 ns, Cleanup: 17916 ns, At safepoint: 11684 ns, Total: 56429 ns
[2025-05-22T10:14:21.292+0000][71][info ][safepoint   ] Safepoint "Cleanup", Time since last: 1001106781 ns, Reaching safepoint: 33332 ns, Cleanup: 17066 ns, At safepoint: 10970 ns, Total: 61368 ns
[2025-05-22T10:14:23.302+0000][71][info ][safepoint   ] Safepoint "Cleanup", Time since last: 2009541998 ns, Reaching safepoint: 51273 ns, Cleanup: 17001 ns, At safepoint: 12783 ns, Total: 81057 ns
[2025-05-22T10:14:26.303+0000][71][info ][safepoint   ] Safepoint "Cleanup", Time since last: 3000999520 ns, Reaching safepoint: 131360 ns, Cleanup: 28456 ns, At safepoint: 15739 ns, Total: 175555 ns
[2025-05-22T10:14:31.127+0000][71][info ][safepoint   ] Safepoint "Cleanup", Time since last: 4823632405 ns, Reaching safepoint: 23596 ns, Cleanup: 17091 ns, At safepoint: 8302 ns, Total: 48989 ns
[2025-05-22T10:14:32.127+0000][71][info ][safepoint   ] Safepoint "Cleanup", Time since last: 1000693975 ns, Reaching safepoint: 137344 ns, Cleanup: 24647 ns, At safepoint: 11336 ns, Total: 173327 ns
[2025-05-22T10:14:34.128+0000][71][info ][safepoint   ] Safepoint "Cleanup", Time since last: 2000712051 ns, Reaching safepoint: 20744 ns, Cleanup: 27493 ns, At safepoint: 8302 ns, Total: 56539 ns
[2025-05-22T10:14:42.129+0000][71][info ][safepoint   ] Safepoint "Cleanup", Time since last: 8001740118 ns, Reaching safepoint: 1745095 ns, Cleanup: 55572 ns, At safepoint: 17242 ns, Total: 1817909 ns
[2025-05-22T10:14:46.131+0000][71][info ][safepoint   ] Safepoint "Cleanup", Time since last: 4001518072 ns, Reaching safepoint: 47004 ns, Cleanup: 13799 ns, At safepoint: 7775 ns, Total: 68578 ns
[2025-05-22T10:14:47.131+0000][71][info ][safepoint   ] Safepoint "Cleanup", Time since last: 1000653522 ns, Reaching safepoint: 29788 ns, Cleanup: 19528 ns, At safepoint: 14665 ns, Total: 63981 ns
[2025-05-22T10:14:51.133+0000][71][info ][safepoint   ] Safepoint "Cleanup", Time since last: 4001247348 ns, Reaching safepoint: 48338 ns, Cleanup: 24677 ns, At safepoint: 17457 ns, Total: 90472 ns
[2025-05-22T10:14:52.595+0000][71][info ][safepoint   ] Safepoint "Cleanup", Time since last: 1462073094 ns, Reaching safepoint: 38206 ns, Cleanup: 15781 ns, At safepoint: 22715 ns, Total: 76702 ns
[2025-05-22T10:14:54.332+0000][71][info ][safepoint   ] Safepoint "Cleanup", Time since last: 1737312703 ns, Reaching safepoint: 22674 ns, Cleanup: 33152 ns, At safepoint: 11857 ns, Total: 67683 ns
[2025-05-22T10:14:59.334+0000][71][info ][safepoint   ] Safepoint "Cleanup", Time since last: 5001641627 ns, Reaching safepoint: 107575 ns, Cleanup: 18680 ns, At safepoint: 9374 ns, Total: 135629 ns
[2025-05-22T10:15:01.335+0000][71][info ][safepoint   ] Safepoint "Cleanup", Time since last: 2001280162 ns, Reaching safepoint: 104948 ns, Cleanup: 14897 ns, At safepoint: 19557 ns, Total: 139402 ns
[2025-05-22T10:15:04.337+0000][71][info ][safepoint   ] Safepoint "Cleanup", Time since last: 3000988220 ns, Reaching safepoint: 43661 ns, Cleanup: 14890 ns, At safepoint: 8586 ns, Total: 67137 ns
[2025-05-22T10:15:07.338+0000][71][info ][safepoint   ] Safepoint "Cleanup", Time since last: 3001090063 ns, Reaching safepoint: 108657 ns, Cleanup: 15409 ns, At safepoint: 9455 ns, Total: 133521 ns
[2025-05-22T10:15:11.340+0000][71][info ][safepoint   ] Safepoint "Cleanup", Time since last: 4001905945 ns, Reaching safepoint: 75777 ns, Cleanup: 33661 ns, At safepoint: 115031 ns, Total: 224469 ns
[2025-05-22T10:15:12.339+0000][71][info ][safepoint   ] Safepoint "Cleanup", Time since last: 1001512337 ns, Reaching safepoint: 26894 ns, Cleanup: 25913 ns, At safepoint: 48796 ns, Total: 101603 ns
[2025-05-22T10:15:25.342+0000][71][info ][safepoint   ] Safepoint "Cleanup", Time since last: 13003063281 ns, Reaching safepoint: 54051 ns, Cleanup: 14330 ns, At safepoint: 8525 ns, Total: 76906 ns
[2025-05-22T10:15:31.207+0000][71][info ][safepoint   ] Safepoint "Cleanup", Time since last: 5864286825 ns, Reaching safepoint: 567807 ns, Cleanup: 78577 ns, At safepoint: 24451 ns, Total: 670835 ns
[2025-05-22T10:15:32.208+0000][71][info ][safepoint   ] Safepoint "Cleanup", Time since last: 1000647610 ns, Reaching safepoint: 169726 ns, Cleanup: 15694 ns, At safepoint: 18449 ns, Total: 203869 ns
[2025-05-22T10:15:34.210+0000][71][info ][safepoint   ] Safepoint "Cleanup", Time since last: 2000997671 ns, Reaching safepoint: 444430 ns, Cleanup: 75867 ns, At safepoint: 82776 ns, Total: 603073 ns
[2025-05-22T10:15:35.227+0000][71][info ][safepoint   ] Safepoint "Cleanup", Time since last: 1000816471 ns, Reaching safepoint: 16016790 ns, Cleanup: 152527 ns, At safepoint: 129279 ns, Total: 16298596 ns
[2025-05-22T10:15:36.228+0000][71][info ][safepoint   ] Safepoint "Cleanup", Time since last: 1000680744 ns, Reaching safepoint: 97667 ns, Cleanup: 13512 ns, At safepoint: 26013 ns, Total: 137192 ns
[2025-05-22T10:15:38.229+0000][71][info ][safepoint   ] Safepoint "Cleanup", Time since last: 2000964802 ns, Reaching safepoint: 18630 ns, Cleanup: 16817 ns, At safepoint: 8792 ns, Total: 44239 ns
[2025-05-22T10:15:39.229+0000][71][info ][safepoint   ] Safepoint "Cleanup", Time since last: 1000698446 ns, Reaching safepoint: 29354 ns, Cleanup: 17988 ns, At safepoint: 15367 ns, Total: 62709 ns
[2025-05-22T10:15:41.230+0000][71][info ][safepoint   ] Safepoint "Cleanup", Time since last: 2000917707 ns, Reaching safepoint: 69098 ns, Cleanup: 17902 ns, At safepoint: 17002 ns, Total: 104002 ns
[2025-05-22T10:15:46.230+0000][71][info ][safepoint   ] Safepoint "Cleanup", Time since last: 5001392702 ns, Reaching safepoint: 28694 ns, Cleanup: 20065 ns, At safepoint: 10185 ns, Total: 58944 ns
[2025-05-22T10:15:49.233+0000][71][info ][safepoint   ] Safepoint "Cleanup", Time since last: 3003421290 ns, Reaching safepoint: 29047 ns, Cleanup: 18871 ns, At safepoint: 15926 ns, Total: 63844 ns
[2025-05-22T10:15:50.234+0000][71][info ][safepoint   ] Safepoint "Cleanup", Time since last: 1000704013 ns, Reaching safepoint: 28947 ns, Cleanup: 16487 ns, At safepoint: 11944 ns, Total: 57378 ns
[2025-05-22T10:15:53.235+0000][71][info ][safepoint   ] Safepoint "Cleanup", Time since last: 3000964762 ns, Reaching safepoint: 35485 ns, Cleanup: 17170 ns, At safepoint: 17537 ns, Total: 70192 ns
[2025-05-22T10:15:55.515+0000][71][info ][safepoint   ] Safepoint "Cleanup", Time since last: 2278876118 ns, Reaching safepoint: 390475 ns, Cleanup: 163657 ns, At safepoint: 232469 ns, Total: 786601 ns
[2025-05-22T10:15:57.404+0000][71][info ][safepoint   ] Safepoint "Cleanup", Time since last: 1888902099 ns, Reaching safepoint: 219437 ns, Cleanup: 38639 ns, At safepoint: 13275 ns, Total: 271351 ns
[2025-05-22T10:15:59.405+0000][71][info ][safepoint   ] Safepoint "Cleanup", Time since last: 2000864954 ns, Reaching safepoint: 99217 ns, Cleanup: 67276 ns, At safepoint: 13196 ns, Total: 179689 ns
[2025-05-22T10:16:02.415+0000][71][info ][safepoint   ] Safepoint "Cleanup", Time since last: 3009655632 ns, Reaching safepoint: 125432 ns, Cleanup: 17068 ns, At safepoint: 10043 ns, Total: 152543 ns
[2025-05-22T10:16:06.416+0000][71][info ][safepoint   ] Safepoint "Cleanup", Time since last: 4001190237 ns, Reaching safepoint: 235699 ns, Cleanup: 20122 ns, At safepoint: 19254 ns, Total: 275075 ns
[2025-05-22T10:16:11.417+0000][71][info ][safepoint   ] Safepoint "Cleanup", Time since last: 5001174813 ns, Reaching safepoint: 93579 ns, Cleanup: 16567 ns, At safepoint: 8924 ns, Total: 119070 ns
[2025-05-22T10:16:12.416+0000][71][info ][safepoint   ] Safepoint "Cleanup", Time since last: 1000735098 ns, Reaching safepoint: 70616 ns, Cleanup: 106255 ns, At safepoint: 43876 ns, Total: 220747 ns
[2025-05-22T10:16:14.417+0000][71][info ][safepoint   ] Safepoint "Cleanup", Time since last: 2000869808 ns, Reaching safepoint: 31174 ns, Cleanup: 22925 ns, At safepoint: 16364 ns, Total: 70463 ns
[2025-05-22T10:16:17.420+0000][71][info ][safepoint   ] Safepoint "Cleanup", Time since last: 3003158425 ns, Reaching safepoint: 30655 ns, Cleanup: 16991 ns, At safepoint: 11659 ns, Total: 59305 ns
[2025-05-22T10:16:20.421+0000][71][info ][safepoint   ] Safepoint "Cleanup", Time since last: 3001192525 ns, Reaching safepoint: 30000 ns, Cleanup: 20298 ns, At safepoint: 15995 ns, Total: 66293 ns
[2025-05-22T10:16:21.422+0000][71][info ][safepoint   ] Safepoint "Cleanup", Time since last: 1000627677 ns, Reaching safepoint: 18174 ns, Cleanup: 13387 ns, At safepoint: 7712 ns, Total: 39273 ns
[2025-05-22T10:16:23.423+0000][71][info ][safepoint   ] Safepoint "Cleanup", Time since last: 2000848279 ns, Reaching safepoint: 34349 ns, Cleanup: 17646 ns, At safepoint: 15706 ns, Total: 67701 ns
[2025-05-22T10:16:26.424+0000][71][info ][safepoint   ] Safepoint "Cleanup", Time since last: 3000935617 ns, Reaching safepoint: 23738 ns, Cleanup: 16506 ns, At safepoint: 10148 ns, Total: 50392 ns
[2025-05-22T10:16:34.239+0000][71][info ][safepoint   ] Safepoint "Cleanup", Time since last: 7815553951 ns, Reaching safepoint: 30426 ns, Cleanup: 23298 ns, At safepoint: 16770 ns, Total: 70494 ns
[2025-05-22T10:16:35.240+0000][71][info ][safepoint   ] Safepoint "Cleanup", Time since last: 1000815401 ns, Reaching safepoint: 27585 ns, Cleanup: 21605 ns, At safepoint: 11050 ns, Total: 60240 ns
[2025-05-22T10:16:36.241+0000][71][info ][safepoint   ] Safepoint "Cleanup", Time since last: 1000695207 ns, Reaching safepoint: 29506 ns, Cleanup: 20965 ns, At safepoint: 16376 ns, Total: 66847 ns
[2025-05-22T10:16:38.242+0000][71][info ][safepoint   ] Safepoint "Cleanup", Time since last: 2000793358 ns, Reaching safepoint: 31013 ns, Cleanup: 18115 ns, At safepoint: 16426 ns, Total: 65554 ns
[2025-05-22T10:16:41.243+0000][71][info ][safepoint   ] Safepoint "Cleanup", Time since last: 3000864564 ns, Reaching safepoint: 18548 ns, Cleanup: 14481 ns, At safepoint: 8088 ns, Total: 41117 ns
[2025-05-22T10:16:56.243+0000][71][info ][safepoint   ] Safepoint "Cleanup", Time since last: 15002891336 ns, Reaching safepoint: 71161 ns, Cleanup: 16789 ns, At safepoint: 15374 ns, Total: 103324 ns
[2025-05-22T10:16:58.486+0000][71][info ][safepoint   ] Safepoint "Cleanup", Time since last: 2242759012 ns, Reaching safepoint: 27015 ns, Cleanup: 212987 ns, At safepoint: 104877 ns, Total: 344879 ns
[2025-05-22T10:17:00.458+0000][71][info ][safepoint   ] Safepoint "Cleanup", Time since last: 1971605303 ns, Reaching safepoint: 19670 ns, Cleanup: 25199 ns, At safepoint: 7756 ns, Total: 52625 ns
[2025-05-22T10:17:01.459+0000][71][info ][safepoint   ] Safepoint "Cleanup", Time since last: 1000718307 ns, Reaching safepoint: 18818 ns, Cleanup: 19032 ns, At safepoint: 8558 ns, Total: 46408 ns
[2025-05-22T10:17:02.460+0000][71][info ][safepoint   ] Safepoint "Cleanup", Time since last: 1000722958 ns, Reaching safepoint: 705048 ns, Cleanup: 21154 ns, At safepoint: 111922 ns, Total: 838124 ns
[2025-05-22T10:17:03.461+0000][71][info ][safepoint   ] Safepoint "Cleanup", Time since last: 1000860052 ns, Reaching safepoint: 25146 ns, Cleanup: 16023 ns, At safepoint: 10444 ns, Total: 51613 ns
[2025-05-22T10:17:04.462+0000][71][info ][safepoint   ] Safepoint "Cleanup", Time since last: 1000651820 ns, Reaching safepoint: 26751 ns, Cleanup: 22366 ns, At safepoint: 12419 ns, Total: 61536 ns
[2025-05-22T10:17:10.464+0000][71][info ][safepoint   ] Safepoint "Cleanup", Time since last: 6001380955 ns, Reaching safepoint: 67765 ns, Cleanup: 21666 ns, At safepoint: 9296 ns, Total: 98727 ns
[2025-05-22T10:17:11.464+0000][71][info ][safepoint   ] Safepoint "Cleanup", Time since last: 1000715305 ns, Reaching safepoint: 30635 ns, Cleanup: 23555 ns, At safepoint: 15435 ns, Total: 69625 ns
[2025-05-22T10:17:12.463+0000][71][info ][safepoint   ] Safepoint "Cleanup", Time since last: 1000858339 ns, Reaching safepoint: 25864 ns, Cleanup: 31700 ns, At safepoint: 10839 ns, Total: 68403 ns
[2025-05-22T10:17:15.464+0000][71][info ][safepoint   ] Safepoint "Cleanup", Time since last: 3001041702 ns, Reaching safepoint: 76256 ns, Cleanup: 18060 ns, At safepoint: 19503 ns, Total: 113819 ns
[2025-05-22T10:17:16.464+0000][71][info ][safepoint   ] Safepoint "Cleanup", Time since last: 1000587359 ns, Reaching safepoint: 18741 ns, Cleanup: 13847 ns, At safepoint: 8451 ns, Total: 41039 ns
[2025-05-22T10:17:26.467+0000][71][info ][safepoint   ] Safepoint "Cleanup", Time since last: 10002030216 ns, Reaching safepoint: 15943 ns, Cleanup: 13982 ns, At safepoint: 7482 ns, Total: 37407 ns
[2025-05-22T10:17:28.468+0000][71][info ][safepoint   ] Safepoint "Cleanup", Time since last: 2000941133 ns, Reaching safepoint: 18970 ns, Cleanup: 12721 ns, At safepoint: 7289 ns, Total: 38980 ns
[2025-05-22T10:17:31.273+0000][71][info ][safepoint   ] Safepoint "Cleanup", Time since last: 2805697477 ns, Reaching safepoint: 30865 ns, Cleanup: 18251 ns, At safepoint: 15111 ns, Total: 64227 ns
[2025-05-22T10:17:34.275+0000][71][info ][safepoint   ] Safepoint "Cleanup", Time since last: 3001187314 ns, Reaching safepoint: 60597 ns, Cleanup: 41966 ns, At safepoint: 21724 ns, Total: 124287 ns
[2025-05-22T10:17:36.275+0000][71][info ][safepoint   ] Safepoint "Cleanup", Time since last: 2000776094 ns, Reaching safepoint: 31291 ns, Cleanup: 27113 ns, At safepoint: 17719 ns, Total: 76123 ns
[2025-05-22T10:17:37.474+0000][71][info ][safepoint   ] Safepoint "Cleanup", Time since last: 1198383182 ns, Reaching safepoint: 22448 ns, Cleanup: 24788 ns, At safepoint: 80318 ns, Total: 127554 ns
[2025-05-22T10:17:38.475+0000][71][info ][safepoint   ] Safepoint "Cleanup", Time since last: 1000637819 ns, Reaching safepoint: 100903 ns, Cleanup: 25864 ns, At safepoint: 55281 ns, Total: 182048 ns
[2025-05-22T10:17:39.484+0000][71][info ][safepoint   ] Safepoint "Cleanup", Time since last: 1008787913 ns, Reaching safepoint: 21766 ns, Cleanup: 17218 ns, At safepoint: 7955 ns, Total: 46939 ns
[2025-05-22T10:17:40.484+0000][71][info ][safepoint   ] Safepoint "Cleanup", Time since last: 1000653790 ns, Reaching safepoint: 29715 ns, Cleanup: 38000 ns, At safepoint: 16206 ns, Total: 83921 ns
[2025-05-22T10:17:41.530+0000][71][info ][safepoint   ] Safepoint "Cleanup", Time since last: 1045441620 ns, Reaching safepoint: 20101 ns, Cleanup: 21707 ns, At safepoint: 7562 ns, Total: 49370 ns
[2025-05-22T10:17:43.531+0000][71][info ][safepoint   ] Safepoint "Cleanup", Time since last: 2004029576 ns, Reaching safepoint: 29451 ns, Cleanup: 15985 ns, At safepoint: 14975 ns, Total: 60411 ns
[2025-05-22T10:17:44.532+0000][71][info ][safepoint   ] Safepoint "Cleanup", Time since last: 1000865003 ns, Reaching safepoint: 72608 ns, Cleanup: 25244 ns, At safepoint: 29313 ns, Total: 127165 ns
[2025-05-22T10:17:46.533+0000][71][info ][safepoint   ] Safepoint "Cleanup", Time since last: 2001055044 ns, Reaching safepoint: 33602 ns, Cleanup: 22408 ns, At safepoint: 16886 ns, Total: 72896 ns
[2025-05-22T10:17:49.535+0000][71][info ][safepoint   ] Safepoint "Cleanup", Time since last: 3001236848 ns, Reaching safepoint: 31984 ns, Cleanup: 19209 ns, At safepoint: 15720 ns, Total: 66913 ns
[2025-05-22T10:17:56.536+0000][71][info ][safepoint   ] Safepoint "Cleanup", Time since last: 7001616308 ns, Reaching safepoint: 29381 ns, Cleanup: 19146 ns, At safepoint: 14020 ns, Total: 62547 ns
[2025-05-22T10:17:58.537+0000][71][info ][safepoint   ] Safepoint "Cleanup", Time since last: 2000905060 ns, Reaching safepoint: 30089 ns, Cleanup: 16922 ns, At safepoint: 16599 ns, Total: 63610 ns
[2025-05-22T10:18:01.492+0000][71][info ][safepoint   ] Safepoint "Cleanup", Time since last: 2954413756 ns, Reaching safepoint: 28901 ns, Cleanup: 28715 ns, At safepoint: 72726 ns, Total: 130342 ns
[2025-05-22T10:18:02.530+0000][71][info ][safepoint   ] Safepoint "Cleanup", Time since last: 1038426680 ns, Reaching safepoint: 28853 ns, Cleanup: 24743 ns, At safepoint: 15155 ns, Total: 68751 ns
[2025-05-22T10:18:03.567+0000][71][info ][safepoint   ] Safepoint "Cleanup", Time since last: 1036393039 ns, Reaching safepoint: 29752 ns, Cleanup: 22639 ns, At safepoint: 15582 ns, Total: 67973 ns
[2025-05-22T10:18:04.568+0000][71][info ][safepoint   ] Safepoint "Cleanup", Time since last: 1000701562 ns, Reaching safepoint: 35013 ns, Cleanup: 24653 ns, At safepoint: 18594 ns, Total: 78260 ns
[2025-05-22T10:18:06.569+0000][71][info ][safepoint   ] Safepoint "Cleanup", Time since last: 2001044600 ns, Reaching safepoint: 29582 ns, Cleanup: 15743 ns, At safepoint: 80512 ns, Total: 125837 ns
[2025-05-22T10:18:09.570+0000][71][info ][safepoint   ] Safepoint "Cleanup", Time since last: 3001144491 ns, Reaching safepoint: 26779 ns, Cleanup: 17998 ns, At safepoint: 11706 ns, Total: 56483 ns
[2025-05-22T10:18:11.571+0000][71][info ][safepoint   ] Safepoint "Cleanup", Time since last: 2000732180 ns, Reaching safepoint: 21091 ns, Cleanup: 7579 ns, At safepoint: 31532 ns, Total: 60202 ns
[2025-05-22T10:18:12.724+0000][71][info ][safepoint   ] Safepoint "Cleanup", Time since last: 1156376343 ns, Reaching safepoint: 19935 ns, Cleanup: 16960 ns, At safepoint: 7042 ns, Total: 43937 ns
[2025-05-22T10:18:13.725+0000][71][info ][safepoint   ] Safepoint "Cleanup", Time since last: 1000627182 ns, Reaching safepoint: 37317 ns, Cleanup: 27344 ns, At safepoint: 17854 ns, Total: 82515 ns
[2025-05-22T10:18:16.726+0000][71][info ][safepoint   ] Safepoint "Cleanup", Time since last: 3000942334 ns, Reaching safepoint: 69605 ns, Cleanup: 16648 ns, At safepoint: 16756 ns, Total: 103009 ns
[2025-05-22T10:18:19.727+0000][71][info ][safepoint   ] Safepoint "Cleanup", Time since last: 3001003418 ns, Reaching safepoint: 35706 ns, Cleanup: 16549 ns, At safepoint: 11990 ns, Total: 64245 ns
[2025-05-22T10:18:21.728+0000][71][info ][safepoint   ] Safepoint "Cleanup", Time since last: 2000818729 ns, Reaching safepoint: 493539 ns, Cleanup: 21173 ns, At safepoint: 23350 ns, Total: 538062 ns
[2025-05-22T10:18:24.729+0000][71][info ][safepoint   ] Safepoint "Cleanup", Time since last: 3000952982 ns, Reaching safepoint: 26559 ns, Cleanup: 17166 ns, At safepoint: 10918 ns, Total: 54643 ns
[2025-05-22T10:18:26.730+0000][71][info ][safepoint   ] Safepoint "Cleanup", Time since last: 2000667878 ns, Reaching safepoint: 29015 ns, Cleanup: 17816 ns, At safepoint: 11759 ns, Total: 58590 ns
[2025-05-22T10:18:28.731+0000][71][info ][safepoint   ] Safepoint "Cleanup", Time since last: 2000798194 ns, Reaching safepoint: 75014 ns, Cleanup: 33481 ns, At safepoint: 9685 ns, Total: 118180 ns
[2025-05-22T10:18:32.306+0000][71][info ][safepoint   ] Safepoint "Cleanup", Time since last: 3574962515 ns, Reaching safepoint: 208730 ns, Cleanup: 29670 ns, At safepoint: 22233 ns, Total: 260633 ns
[2025-05-22T10:18:34.307+0000][71][info ][safepoint   ] Safepoint "Cleanup", Time since last: 2000798304 ns, Reaching safepoint: 40693 ns, Cleanup: 23333 ns, At safepoint: 8208 ns, Total: 72234 ns
[2025-05-22T10:18:35.308+0000][71][info ][safepoint   ] Safepoint "Cleanup", Time since last: 1000696106 ns, Reaching safepoint: 262827 ns, Cleanup: 19146 ns, At safepoint: 34860 ns, Total: 316833 ns
[2025-05-22T10:18:36.309+0000][71][info ][safepoint   ] Safepoint "Cleanup", Time since last: 1000661742 ns, Reaching safepoint: 30403 ns, Cleanup: 23296 ns, At safepoint: 16420 ns, Total: 70119 ns
[2025-05-22T10:18:37.310+0000][71][info ][safepoint   ] Safepoint "Cleanup", Time since last: 1000714190 ns, Reaching safepoint: 50875 ns, Cleanup: 18445 ns, At safepoint: 12472 ns, Total: 81792 ns
[2025-05-22T10:18:38.311+0000][71][info ][safepoint   ] Safepoint "Cleanup", Time since last: 1000875690 ns, Reaching safepoint: 26115 ns, Cleanup: 18364 ns, At safepoint: 10542 ns, Total: 55021 ns
[2025-05-22T10:18:42.309+0000][71][info ][safepoint   ] Safepoint "Cleanup", Time since last: 4001154119 ns, Reaching safepoint: 100031 ns, Cleanup: 17011 ns, At safepoint: 11844 ns, Total: 128886 ns
[2025-05-22T10:18:44.310+0000][71][info ][safepoint   ] Safepoint "Cleanup", Time since last: 2000837873 ns, Reaching safepoint: 221085 ns, Cleanup: 21712 ns, At safepoint: 9945 ns, Total: 252742 ns
[2025-05-22T10:18:47.312+0000][71][info ][safepoint   ] Safepoint "Cleanup", Time since last: 3001422607 ns, Reaching safepoint: 204169 ns, Cleanup: 44468 ns, At safepoint: 16965 ns, Total: 265602 ns
[2025-05-22T10:18:49.313+0000][71][info ][safepoint   ] Safepoint "Cleanup", Time since last: 2000873092 ns, Reaching safepoint: 85362 ns, Cleanup: 60130 ns, At safepoint: 10749 ns, Total: 156241 ns
[2025-05-22T10:18:50.324+0000][71][info ][safepoint   ] Safepoint "Cleanup", Time since last: 1010553216 ns, Reaching safepoint: 25959 ns, Cleanup: 19631 ns, At safepoint: 10726 ns, Total: 56316 ns
[2025-05-22T10:18:51.328+0000][71][info ][safepoint   ] Safepoint "Cleanup", Time since last: 1004518384 ns, Reaching safepoint: 24346 ns, Cleanup: 54964 ns, At safepoint: 10906 ns, Total: 90216 ns
[2025-05-22T10:19:01.331+0000][71][info ][safepoint   ] Safepoint "Cleanup", Time since last: 10001907415 ns, Reaching safepoint: 345118 ns, Cleanup: 28724 ns, At safepoint: 29157 ns, Total: 402999 ns
[2025-05-22T10:19:02.332+0000][71][info ][safepoint   ] Safepoint "Cleanup", Time since last: 1000727849 ns, Reaching safepoint: 101332 ns, Cleanup: 36211 ns, At safepoint: 12837 ns, Total: 150380 ns
[2025-05-22T10:19:04.333+0000][71][info ][safepoint   ] Safepoint "Cleanup", Time since last: 2000825808 ns, Reaching safepoint: 134362 ns, Cleanup: 50259 ns, At safepoint: 13557 ns, Total: 198178 ns
[2025-05-22T10:19:05.551+0000][71][info ][safepoint   ] Safepoint "Cleanup", Time since last: 1218327753 ns, Reaching safepoint: 171316 ns, Cleanup: 123198 ns, At safepoint: 44880 ns, Total: 339394 ns
[2025-05-22T10:19:06.634+0000][71][info ][safepoint   ] Safepoint "Cleanup", Time since last: 1082248250 ns, Reaching safepoint: 21946 ns, Cleanup: 16591 ns, At safepoint: 9365 ns, Total: 47902 ns
[2025-05-22T10:19:11.635+0000][71][info ][safepoint   ] Safepoint "Cleanup", Time since last: 5001211976 ns, Reaching safepoint: 270182 ns, Cleanup: 19313 ns, At safepoint: 22124 ns, Total: 311619 ns
[2025-05-22T10:19:12.634+0000][71][info ][safepoint   ] Safepoint "Cleanup", Time since last: 1000817145 ns, Reaching safepoint: 28921 ns, Cleanup: 18130 ns, At safepoint: 11730 ns, Total: 58781 ns
[2025-05-22T10:19:13.634+0000][71][info ][safepoint   ] Safepoint "Cleanup", Time since last: 1000688631 ns, Reaching safepoint: 56789 ns, Cleanup: 15527 ns, At safepoint: 10394 ns, Total: 82710 ns
[2025-05-22T10:19:14.635+0000][71][info ][safepoint   ] Safepoint "Cleanup", Time since last: 1000638372 ns, Reaching safepoint: 76128 ns, Cleanup: 18200 ns, At safepoint: 10655 ns, Total: 104983 ns
[2025-05-22T10:19:16.636+0000][71][info ][safepoint   ] Safepoint "Cleanup", Time since last: 2000694036 ns, Reaching safepoint: 157271 ns, Cleanup: 23069 ns, At safepoint: 9550 ns, Total: 189890 ns
[2025-05-22T10:19:21.637+0000][71][info ][safepoint   ] Safepoint "Cleanup", Time since last: 5001259594 ns, Reaching safepoint: 75045 ns, Cleanup: 15427 ns, At safepoint: 8040 ns, Total: 98512 ns
[2025-05-22T10:19:24.638+0000][71][info ][safepoint   ] Safepoint "Cleanup", Time since last: 3000818376 ns, Reaching safepoint: 182580 ns, Cleanup: 17661 ns, At safepoint: 130194 ns, Total: 330435 ns
[2025-05-22T10:19:25.639+0000][71][info ][safepoint   ] Safepoint "Cleanup", Time since last: 1000645520 ns, Reaching safepoint: 18564 ns, Cleanup: 13062 ns, At safepoint: 7229 ns, Total: 38855 ns
[2025-05-22T10:19:26.640+0000][71][info ][safepoint   ] Safepoint "Cleanup", Time since last: 1000738771 ns, Reaching safepoint: 30193 ns, Cleanup: 17586 ns, At safepoint: 14723 ns, Total: 62502 ns
[2025-05-22T10:19:34.336+0000][71][info ][safepoint   ] Safepoint "Cleanup", Time since last: 7696364603 ns, Reaching safepoint: 20006 ns, Cleanup: 21240 ns, At safepoint: 7574 ns, Total: 48820 ns
[2025-05-22T10:19:36.338+0000][71][info ][safepoint   ] Safepoint "Cleanup", Time since last: 2001155102 ns, Reaching safepoint: 18895 ns, Cleanup: 13628 ns, At safepoint: 7628 ns, Total: 40151 ns
[2025-05-22T10:19:41.339+0000][71][info ][safepoint   ] Safepoint "Cleanup", Time since last: 5001803598 ns, Reaching safepoint: 32793 ns, Cleanup: 18603 ns, At safepoint: 15844 ns, Total: 67240 ns
[2025-05-22T10:19:42.338+0000][71][info ][safepoint   ] Safepoint "Cleanup", Time since last: 1000696140 ns, Reaching safepoint: 19077 ns, Cleanup: 15669 ns, At safepoint: 8017 ns, Total: 42763 ns
[2025-05-22T10:19:53.341+0000][71][info ][safepoint   ] Safepoint "Cleanup", Time since last: 11002487777 ns, Reaching safepoint: 582487 ns, Cleanup: 22449 ns, At safepoint: 38507 ns, Total: 643443 ns
[2025-05-22T10:19:59.343+0000][71][info ][safepoint   ] Safepoint "Cleanup", Time since last: 6002283022 ns, Reaching safepoint: 29495 ns, Cleanup: 16857 ns, At safepoint: 14912 ns, Total: 61264 ns
[2025-05-22T10:20:01.344+0000][71][info ][safepoint   ] Safepoint "Cleanup", Time since last: 2001064114 ns, Reaching safepoint: 18780 ns, Cleanup: 16125 ns, At safepoint: 7412 ns, Total: 42317 ns
[2025-05-22T10:20:07.470+0000][71][info ][safepoint   ] Safepoint "Cleanup", Time since last: 6125428737 ns, Reaching safepoint: 196421 ns, Cleanup: 14978 ns, At safepoint: 43173 ns, Total: 254572 ns
[2025-05-22T10:20:08.680+0000][71][info ][safepoint   ] Safepoint "Cleanup", Time since last: 1210249016 ns, Reaching safepoint: 32595 ns, Cleanup: 32762 ns, At safepoint: 17039 ns, Total: 82396 ns
[2025-05-22T10:20:13.692+0000][71][info ][safepoint   ] Safepoint "Cleanup", Time since last: 5014203063 ns, Reaching safepoint: 17530 ns, Cleanup: 13099 ns, At safepoint: 7508 ns, Total: 38137 ns
[2025-05-22T10:20:22.694+0000][71][info ][safepoint   ] Safepoint "Cleanup", Time since last: 9002349135 ns, Reaching safepoint: 21292 ns, Cleanup: 15557 ns, At safepoint: 8988 ns, Total: 45837 ns
[2025-05-22T10:20:24.695+0000][71][info ][safepoint   ] Safepoint "Cleanup", Time since last: 2000963192 ns, Reaching safepoint: 78811 ns, Cleanup: 24928 ns, At safepoint: 34102 ns, Total: 137841 ns
[2025-05-22T10:20:26.696+0000][71][info ][safepoint   ] Safepoint "Cleanup", Time since last: 2000847264 ns, Reaching safepoint: 18329 ns, Cleanup: 14659 ns, At safepoint: 7735 ns, Total: 40723 ns
[2025-05-22T10:20:28.697+0000][71][info ][safepoint   ] Safepoint "Cleanup", Time since last: 2000916470 ns, Reaching safepoint: 35646 ns, Cleanup: 24249 ns, At safepoint: 20268 ns, Total: 80163 ns
[2025-05-22T10:20:34.372+0000][71][info ][safepoint   ] Safepoint "Cleanup", Time since last: 5674525257 ns, Reaching safepoint: 17135 ns, Cleanup: 18526 ns, At safepoint: 7283 ns, Total: 42944 ns
[2025-05-22T10:20:36.373+0000][71][info ][safepoint   ] Safepoint "Cleanup", Time since last: 2000766761 ns, Reaching safepoint: 29519 ns, Cleanup: 15966 ns, At safepoint: 15016 ns, Total: 60501 ns
[2025-05-22T10:20:37.374+0000][71][info ][safepoint   ] Safepoint "Cleanup", Time since last: 1000746252 ns, Reaching safepoint: 28125 ns, Cleanup: 18481 ns, At safepoint: 11969 ns, Total: 58575 ns
[2025-05-22T10:20:41.375+0000][71][info ][safepoint   ] Safepoint "Cleanup", Time since last: 4001179444 ns, Reaching safepoint: 48503 ns, Cleanup: 15592 ns, At safepoint: 9262 ns, Total: 73357 ns
[2025-05-22T10:20:44.374+0000][71][info ][safepoint   ] Safepoint "Cleanup", Time since last: 3001112048 ns, Reaching safepoint: 32258 ns, Cleanup: 19652 ns, At safepoint: 15257 ns, Total: 67167 ns
[2025-05-22T10:20:45.374+0000][71][info ][safepoint   ] Safepoint "Cleanup", Time since last: 1000773500 ns, Reaching safepoint: 31308 ns, Cleanup: 21901 ns, At safepoint: 16560 ns, Total: 69769 ns
[2025-05-22T10:20:46.375+0000][71][info ][safepoint   ] Safepoint "Cleanup", Time since last: 1000672382 ns, Reaching safepoint: 20070 ns, Cleanup: 13877 ns, At safepoint: 9538 ns, Total: 43485 ns
[2025-05-22T10:20:47.376+0000][71][info ][safepoint   ] Safepoint "Cleanup", Time since last: 1000601299 ns, Reaching safepoint: 18214 ns, Cleanup: 16742 ns, At safepoint: 7575 ns, Total: 42531 ns
[2025-05-22T10:20:49.377+0000][71][info ][safepoint   ] Safepoint "Cleanup", Time since last: 2000869228 ns, Reaching safepoint: 25398 ns, Cleanup: 16842 ns, At safepoint: 11391 ns, Total: 53631 ns
[2025-05-22T10:20:50.382+0000][71][info ][safepoint   ] Safepoint "Cleanup", Time since last: 1005110223 ns, Reaching safepoint: 25816 ns, Cleanup: 16263 ns, At safepoint: 10043 ns, Total: 52122 ns
[2025-05-22T10:20:58.385+0000][71][info ][safepoint   ] Safepoint "Cleanup", Time since last: 8002546338 ns, Reaching safepoint: 51156 ns, Cleanup: 54251 ns, At safepoint: 11627 ns, Total: 117034 ns
[2025-05-22T10:21:05.386+0000][71][info ][safepoint   ] Safepoint "Cleanup", Time since last: 7001463077 ns, Reaching safepoint: 41149 ns, Cleanup: 32051 ns, At safepoint: 18080 ns, Total: 91280 ns
[2025-05-22T10:21:06.387+0000][71][info ][safepoint   ] Safepoint "Cleanup", Time since last: 1000677135 ns, Reaching safepoint: 31331 ns, Cleanup: 16858 ns, At safepoint: 16025 ns, Total: 64214 ns
[2025-05-22T10:21:07.388+0000][71][info ][safepoint   ] Safepoint "Cleanup", Time since last: 1000792483 ns, Reaching safepoint: 27727 ns, Cleanup: 16644 ns, At safepoint: 11565 ns, Total: 55936 ns
[2025-05-22T10:21:09.389+0000][71][info ][safepoint   ] Safepoint "Cleanup", Time since last: 2000912509 ns, Reaching safepoint: 34153 ns, Cleanup: 21277 ns, At safepoint: 16823 ns, Total: 72253 ns
[2025-05-22T10:21:10.473+0000][71][info ][safepoint   ] Safepoint "Cleanup", Time since last: 1084123781 ns, Reaching safepoint: 5949 ns, Cleanup: 10786 ns, At safepoint: 14004 ns, Total: 30739 ns
[2025-05-22T10:21:11.761+0000][71][info ][safepoint   ] Safepoint "Cleanup", Time since last: 1288163778 ns, Reaching safepoint: 41502 ns, Cleanup: 44548 ns, At safepoint: 14818 ns, Total: 100868 ns
[2025-05-22T10:21:13.760+0000][71][info ][safepoint   ] Safepoint "Cleanup", Time since last: 2000810292 ns, Reaching safepoint: 80992 ns, Cleanup: 20817 ns, At safepoint: 8980 ns, Total: 110789 ns
[2025-05-22T10:21:20.762+0000][71][info ][safepoint   ] Safepoint "Cleanup", Time since last: 7001499856 ns, Reaching safepoint: 156444 ns, Cleanup: 18506 ns, At safepoint: 14074 ns, Total: 189024 ns
[2025-05-22T10:21:21.763+0000][71][info ][safepoint   ] Safepoint "Cleanup", Time since last: 1000825907 ns, Reaching safepoint: 120813 ns, Cleanup: 19907 ns, At safepoint: 14451 ns, Total: 155171 ns
[2025-05-22T10:21:34.409+0000][71][info ][safepoint   ] Safepoint "Cleanup", Time since last: 12646297951 ns, Reaching safepoint: 95021 ns, Cleanup: 24294 ns, At safepoint: 10870 ns, Total: 130185 ns
[2025-05-22T10:21:41.411+0000][71][info ][safepoint   ] Safepoint "Cleanup", Time since last: 7001665615 ns, Reaching safepoint: 130328 ns, Cleanup: 20175 ns, At safepoint: 36983 ns, Total: 187486 ns
[2025-05-22T10:21:43.409+0000][71][info ][safepoint   ] Safepoint "Cleanup", Time since last: 2000879312 ns, Reaching safepoint: 31315 ns, Cleanup: 16850 ns, At safepoint: 17268 ns, Total: 65433 ns
[2025-05-22T10:21:44.410+0000][71][info ][safepoint   ] Safepoint "Cleanup", Time since last: 1000636408 ns, Reaching safepoint: 19258 ns, Cleanup: 17718 ns, At safepoint: 8220 ns, Total: 45196 ns
[2025-05-22T10:21:51.414+0000][71][info ][safepoint   ] Safepoint "Cleanup", Time since last: 7003451855 ns, Reaching safepoint: 19351 ns, Cleanup: 18848 ns, At safepoint: 8583 ns, Total: 46782 ns
[2025-05-22T10:21:55.415+0000][71][info ][safepoint   ] Safepoint "Cleanup", Time since last: 4001223951 ns, Reaching safepoint: 71350 ns, Cleanup: 19319 ns, At safepoint: 17780 ns, Total: 108449 ns
[2025-05-22T10:21:56.416+0000][71][info ][safepoint   ] Safepoint "Cleanup", Time since last: 1000823921 ns, Reaching safepoint: 33776 ns, Cleanup: 22482 ns, At safepoint: 17321 ns, Total: 73579 ns
[2025-05-22T10:22:05.418+0000][71][info ][safepoint   ] Safepoint "Cleanup", Time since last: 9001825583 ns, Reaching safepoint: 17969 ns, Cleanup: 16621 ns, At safepoint: 7875 ns, Total: 42465 ns
[2025-05-22T10:22:13.502+0000][71][info ][safepoint   ] Safepoint "Cleanup", Time since last: 8085693078 ns, Reaching safepoint: 1149106 ns, Cleanup: 21088 ns, At safepoint: 269186 ns, Total: 1439380 ns
[2025-05-22T10:22:14.807+0000][71][info ][safepoint   ] Safepoint "Cleanup", Time since last: 1305096435 ns, Reaching safepoint: 29427 ns, Cleanup: 26450 ns, At safepoint: 16018 ns, Total: 71895 ns
[2025-05-22T10:22:19.808+0000][71][info ][safepoint   ] Safepoint "Cleanup", Time since last: 5001614303 ns, Reaching safepoint: 30459 ns, Cleanup: 23527 ns, At safepoint: 15771 ns, Total: 69757 ns
[2025-05-22T10:22:21.809+0000][71][info ][safepoint   ] Safepoint "Cleanup", Time since last: 2000797914 ns, Reaching safepoint: 32004 ns, Cleanup: 18386 ns, At safepoint: 75214 ns, Total: 125604 ns
[2025-05-22T10:22:22.810+0000][71][info ][safepoint   ] Safepoint "Cleanup", Time since last: 1000823828 ns, Reaching safepoint: 30889 ns, Cleanup: 80967 ns, At safepoint: 21923 ns, Total: 133779 ns
[2025-05-22T10:22:24.811+0000][71][info ][safepoint   ] Safepoint "Cleanup", Time since last: 2000937150 ns, Reaching safepoint: 70340 ns, Cleanup: 21379 ns, At safepoint: 29704 ns, Total: 121423 ns
[2025-05-22T10:22:26.812+0000][71][info ][safepoint   ] Safepoint "Cleanup", Time since last: 2001077248 ns, Reaching safepoint: 29966 ns, Cleanup: 19505 ns, At safepoint: 16210 ns, Total: 65681 ns
[2025-05-22T10:22:28.813+0000][71][info ][safepoint   ] Safepoint "Cleanup", Time since last: 2000899415 ns, Reaching safepoint: 31381 ns, Cleanup: 17660 ns, At safepoint: 15826 ns, Total: 64867 ns
[2025-05-22T10:22:34.442+0000][71][info ][safepoint   ] Safepoint "Cleanup", Time since last: 5628321515 ns, Reaching safepoint: 17026 ns, Cleanup: 18615 ns, At safepoint: 25711 ns, Total: 61352 ns
[2025-05-22T10:22:36.443+0000][71][info ][safepoint   ] Safepoint "Cleanup", Time since last: 2001074323 ns, Reaching safepoint: 32297 ns, Cleanup: 20948 ns, At safepoint: 11518 ns, Total: 64763 ns
[2025-05-22T10:22:37.448+0000][71][info ][safepoint   ] Safepoint "Cleanup", Time since last: 1004529782 ns, Reaching safepoint: 21015 ns, Cleanup: 15223 ns, At safepoint: 8046 ns, Total: 44284 ns
[2025-05-22T10:22:40.459+0000][71][info ][safepoint   ] Safepoint "Cleanup", Time since last: 3011473973 ns, Reaching safepoint: 217112 ns, Cleanup: 15865 ns, At safepoint: 40754 ns, Total: 273731 ns
[2025-05-22T10:22:41.834+0000][71][info ][safepoint   ] Safepoint "Cleanup", Time since last: 1374776268 ns, Reaching safepoint: 33509 ns, Cleanup: 49037 ns, At safepoint: 19386 ns, Total: 101932 ns
[2025-05-22T10:22:43.832+0000][71][info ][safepoint   ] Safepoint "Cleanup", Time since last: 2000641854 ns, Reaching safepoint: 19305 ns, Cleanup: 14855 ns, At safepoint: 8822 ns, Total: 42982 ns
[2025-05-22T10:22:46.878+0000][71][info ][safepoint   ] Safepoint "Cleanup", Time since last: 3045945976 ns, Reaching safepoint: 30051 ns, Cleanup: 21594 ns, At safepoint: 15583 ns, Total: 67228 ns
[2025-05-22T10:22:51.880+0000][71][info ][safepoint   ] Safepoint "Cleanup", Time since last: 5001641624 ns, Reaching safepoint: 33651 ns, Cleanup: 20756 ns, At safepoint: 16462 ns, Total: 70869 ns
[2025-05-22T10:22:55.882+0000][71][info ][safepoint   ] Safepoint "Cleanup", Time since last: 4001439114 ns, Reaching safepoint: 68424 ns, Cleanup: 17916 ns, At safepoint: 15510 ns, Total: 101850 ns
[2025-05-22T10:22:59.883+0000][71][info ][safepoint   ] Safepoint "Cleanup", Time since last: 4001592523 ns, Reaching safepoint: 34772 ns, Cleanup: 21454 ns, At safepoint: 16237 ns, Total: 72463 ns
[2025-05-22T10:23:01.884+0000][71][info ][safepoint   ] Safepoint "Cleanup", Time since last: 2001030732 ns, Reaching safepoint: 95142 ns, Cleanup: 21394 ns, At safepoint: 18200 ns, Total: 134736 ns
[2025-05-22T10:23:03.885+0000][71][info ][safepoint   ] Safepoint "Cleanup", Time since last: 2000959479 ns, Reaching safepoint: 35053 ns, Cleanup: 19534 ns, At safepoint: 17911 ns, Total: 72498 ns
[2025-05-22T10:23:04.886+0000][71][info ][safepoint   ] Safepoint "Cleanup", Time since last: 1000924218 ns, Reaching safepoint: 17769 ns, Cleanup: 18633 ns, At safepoint: 7713 ns, Total: 44115 ns
[2025-05-22T10:23:11.888+0000][71][info ][safepoint   ] Safepoint "Cleanup", Time since last: 7001448902 ns, Reaching safepoint: 31475 ns, Cleanup: 21509 ns, At safepoint: 15663 ns, Total: 68647 ns
[2025-05-22T10:23:12.887+0000][71][info ][safepoint   ] Safepoint "Cleanup", Time since last: 1000792907 ns, Reaching safepoint: 30722 ns, Cleanup: 17165 ns, At safepoint: 15496 ns, Total: 63383 ns
[2025-05-22T10:23:13.887+0000][71][info ][safepoint   ] Safepoint "Cleanup", Time since last: 1000749267 ns, Reaching safepoint: 19094 ns, Cleanup: 13523 ns, At safepoint: 38606 ns, Total: 71223 ns
[2025-05-22T10:23:14.888+0000][71][info ][safepoint   ] Safepoint "Cleanup", Time since last: 1000684362 ns, Reaching safepoint: 32133 ns, Cleanup: 19680 ns, At safepoint: 77633 ns, Total: 129446 ns
[2025-05-22T10:23:16.460+0000][71][info ][safepoint   ] Safepoint "Cleanup", Time since last: 1572011936 ns, Reaching safepoint: 249812 ns, Cleanup: 26514 ns, At safepoint: 54292 ns, Total: 330618 ns
[2025-05-22T10:23:17.934+0000][71][info ][safepoint   ] Safepoint "Cleanup", Time since last: 1473585106 ns, Reaching safepoint: 5875 ns, Cleanup: 102787 ns, At safepoint: 13791 ns, Total: 122453 ns
[2025-05-22T10:23:19.937+0000][71][info ][safepoint   ] Safepoint "Cleanup", Time since last: 2003018423 ns, Reaching safepoint: 30051 ns, Cleanup: 24110 ns, At safepoint: 16852 ns, Total: 71013 ns
[2025-05-22T10:23:21.938+0000][71][info ][safepoint   ] Safepoint "Cleanup", Time since last: 2001022058 ns, Reaching safepoint: 31879 ns, Cleanup: 17650 ns, At safepoint: 16008 ns, Total: 65537 ns
[2025-05-22T10:23:26.940+0000][71][info ][safepoint   ] Safepoint "Cleanup", Time since last: 5001711037 ns, Reaching safepoint: 66793 ns, Cleanup: 28137 ns, At safepoint: 15761 ns, Total: 110691 ns
[2025-05-22T10:23:28.941+0000][71][info ][safepoint   ] Safepoint "Cleanup", Time since last: 2000902853 ns, Reaching safepoint: 17934 ns, Cleanup: 13607 ns, At safepoint: 7821 ns, Total: 39362 ns
[2025-05-22T10:23:31.480+0000][71][info ][safepoint   ] Safepoint "Cleanup", Time since last: 2539084972 ns, Reaching safepoint: 16454 ns, Cleanup: 14507 ns, At safepoint: 6980 ns, Total: 37941 ns
[2025-05-22T10:23:34.482+0000][71][info ][safepoint   ] Safepoint "Cleanup", Time since last: 3001213466 ns, Reaching safepoint: 30436 ns, Cleanup: 32970 ns, At safepoint: 13198 ns, Total: 76604 ns
[2025-05-22T10:23:39.484+0000][71][info ][safepoint   ] Safepoint "Cleanup", Time since last: 5001771730 ns, Reaching safepoint: 219820 ns, Cleanup: 26039 ns, At safepoint: 23710 ns, Total: 269569 ns
[2025-05-22T10:23:42.483+0000][71][info ][safepoint   ] Safepoint "Cleanup", Time since last: 3001201040 ns, Reaching safepoint: 102037 ns, Cleanup: 15754 ns, At safepoint: 8918 ns, Total: 126709 ns
[2025-05-22T10:23:43.483+0000][71][info ][safepoint   ] Safepoint "Cleanup", Time since last: 1000658068 ns, Reaching safepoint: 19340 ns, Cleanup: 15307 ns, At safepoint: 8548 ns, Total: 43195 ns
[2025-05-22T10:23:45.484+0000][71][info ][safepoint   ] Safepoint "Cleanup", Time since last: 2000800792 ns, Reaching safepoint: 34964 ns, Cleanup: 38751 ns, At safepoint: 16508 ns, Total: 90223 ns
[2025-05-22T10:23:46.485+0000][71][info ][safepoint   ] Safepoint "Cleanup", Time since last: 1000759633 ns, Reaching safepoint: 36147 ns, Cleanup: 17577 ns, At safepoint: 57362 ns, Total: 111086 ns
[2025-05-22T10:23:49.486+0000][71][info ][safepoint   ] Safepoint "Cleanup", Time since last: 3000854645 ns, Reaching safepoint: 83759 ns, Cleanup: 13816 ns, At safepoint: 8251 ns, Total: 105826 ns
[2025-05-22T10:23:51.487+0000][71][info ][safepoint   ] Safepoint "Cleanup", Time since last: 2000898273 ns, Reaching safepoint: 35502 ns, Cleanup: 123584 ns, At safepoint: 33414 ns, Total: 192500 ns
[2025-05-22T10:23:56.489+0000][71][info ][safepoint   ] Safepoint "Cleanup", Time since last: 5001285158 ns, Reaching safepoint: 70208 ns, Cleanup: 20509 ns, At safepoint: 15743 ns, Total: 106460 ns
[2025-05-22T10:23:58.491+0000][71][info ][safepoint   ] Safepoint "Cleanup", Time since last: 2001876928 ns, Reaching safepoint: 30775 ns, Cleanup: 22529 ns, At safepoint: 16124 ns, Total: 69428 ns
[2025-05-22T10:24:01.492+0000][71][info ][safepoint   ] Safepoint "Cleanup", Time since last: 3001135625 ns, Reaching safepoint: 34008 ns, Cleanup: 18693 ns, At safepoint: 15364 ns, Total: 68065 ns
[2025-05-22T10:24:03.493+0000][71][info ][safepoint   ] Safepoint "Cleanup", Time since last: 2001106261 ns, Reaching safepoint: 30315 ns, Cleanup: 18416 ns, At safepoint: 15279 ns, Total: 64010 ns
[2025-05-22T10:24:04.494+0000][71][info ][safepoint   ] Safepoint "Cleanup", Time since last: 1000720393 ns, Reaching safepoint: 34880 ns, Cleanup: 22465 ns, At safepoint: 17505 ns, Total: 74850 ns
[2025-05-22T10:24:09.495+0000][71][info ][safepoint   ] Safepoint "Cleanup", Time since last: 5001456701 ns, Reaching safepoint: 32446 ns, Cleanup: 19157 ns, At safepoint: 16078 ns, Total: 67681 ns
[2025-05-22T10:24:13.494+0000][71][info ][safepoint   ] Safepoint "Cleanup", Time since last: 4001271625 ns, Reaching safepoint: 71829 ns, Cleanup: 18925 ns, At safepoint: 16120 ns, Total: 106874 ns
[2025-05-22T10:24:16.495+0000][71][info ][safepoint   ] Safepoint "Cleanup", Time since last: 3001258381 ns, Reaching safepoint: 30191 ns, Cleanup: 20279 ns, At safepoint: 15614 ns, Total: 66084 ns
[2025-05-22T10:24:19.494+0000][71][info ][safepoint   ] Safepoint "Cleanup", Time since last: 2999045596 ns, Reaching safepoint: 6391 ns, Cleanup: 12969 ns, At safepoint: 12900 ns, Total: 32260 ns
[2025-05-22T10:24:20.976+0000][71][info ][safepoint   ] Safepoint "Cleanup", Time since last: 1481468451 ns, Reaching safepoint: 30142 ns, Cleanup: 19331 ns, At safepoint: 15910 ns, Total: 65383 ns
[2025-05-22T10:24:22.977+0000][71][info ][safepoint   ] Safepoint "Cleanup", Time since last: 2001096142 ns, Reaching safepoint: 18614 ns, Cleanup: 17645 ns, At safepoint: 8396 ns, Total: 44655 ns
[2025-05-22T10:24:34.518+0000][71][info ][safepoint   ] Safepoint "Cleanup", Time since last: 11540530168 ns, Reaching safepoint: 21713 ns, Cleanup: 14320 ns, At safepoint: 8038 ns, Total: 44071 ns
[2025-05-22T10:24:42.518+0000][71][info ][safepoint   ] Safepoint "Cleanup", Time since last: 8002325093 ns, Reaching safepoint: 72335 ns, Cleanup: 19399 ns, At safepoint: 31508 ns, Total: 123242 ns
[2025-05-22T10:24:43.519+0000][71][info ][safepoint   ] Safepoint "Cleanup", Time since last: 1000799282 ns, Reaching safepoint: 30345 ns, Cleanup: 17640 ns, At safepoint: 15816 ns, Total: 63801 ns
[2025-05-22T10:24:51.521+0000][71][info ][safepoint   ] Safepoint "Cleanup", Time since last: 8002114199 ns, Reaching safepoint: 24215 ns, Cleanup: 16250 ns, At safepoint: 9136 ns, Total: 49601 ns
[2025-05-22T10:24:52.522+0000][71][info ][safepoint   ] Safepoint "Cleanup", Time since last: 1001761407 ns, Reaching safepoint: 20080 ns, Cleanup: 18059 ns, At safepoint: 7656 ns, Total: 45795 ns
[2025-05-22T10:24:58.524+0000][71][info ][safepoint   ] Safepoint "Cleanup", Time since last: 6001617366 ns, Reaching safepoint: 66650 ns, Cleanup: 17983 ns, At safepoint: 29634 ns, Total: 114267 ns
[2025-05-22T10:24:59.525+0000][71][info ][safepoint   ] Safepoint "Cleanup", Time since last: 1000822768 ns, Reaching safepoint: 31970 ns, Cleanup: 19873 ns, At safepoint: 17610 ns, Total: 69453 ns
[2025-05-22T10:25:00.526+0000][71][info ][safepoint   ] Safepoint "Cleanup", Time since last: 1000758560 ns, Reaching safepoint: 26020 ns, Cleanup: 15724 ns, At safepoint: 9775 ns, Total: 51519 ns
[2025-05-22T10:25:04.527+0000][71][info ][safepoint   ] Safepoint "Cleanup", Time since last: 4001390377 ns, Reaching safepoint: 29960 ns, Cleanup: 17825 ns, At safepoint: 13592 ns, Total: 61377 ns
[2025-05-22T10:25:09.529+0000][71][info ][safepoint   ] Safepoint "Cleanup", Time since last: 5001381014 ns, Reaching safepoint: 25401 ns, Cleanup: 14057 ns, At safepoint: 8093 ns, Total: 47551 ns
[2025-05-22T10:25:10.530+0000][71][info ][safepoint   ] Safepoint "Cleanup", Time since last: 1000805859 ns, Reaching safepoint: 29836 ns, Cleanup: 100107 ns, At safepoint: 18641 ns, Total: 148584 ns
[2025-05-22T10:25:19.529+0000][71][info ][safepoint   ] Safepoint "Cleanup", Time since last: 9001984970 ns, Reaching safepoint: 54788 ns, Cleanup: 17088 ns, At safepoint: 10115 ns, Total: 81991 ns
[2025-05-22T10:25:20.530+0000][71][info ][safepoint   ] Safepoint "Cleanup", Time since last: 1000726150 ns, Reaching safepoint: 28548 ns, Cleanup: 16294 ns, At safepoint: 15122 ns, Total: 59964 ns
[2025-05-22T10:25:22.458+0000][71][info ][safepoint   ] Safepoint "Cleanup", Time since last: 1923558564 ns, Reaching safepoint: 4467688 ns, Cleanup: 21381 ns, At safepoint: 166697 ns, Total: 4655766 ns
[2025-05-22T10:25:24.053+0000][71][info ][safepoint   ] Safepoint "Cleanup", Time since last: 1594427245 ns, Reaching safepoint: 29604 ns, Cleanup: 32204 ns, At safepoint: 15108 ns, Total: 76916 ns
[2025-05-22T10:25:30.558+0000][71][info ][safepoint   ] Safepoint "Cleanup", Time since last: 6504887297 ns, Reaching safepoint: 22967 ns, Cleanup: 11129 ns, At safepoint: 2988 ns, Total: 37084 ns
[2025-05-22T10:25:31.559+0000][71][info ][safepoint   ] Safepoint "Cleanup", Time since last: 1001041271 ns, Reaching safepoint: 16940 ns, Cleanup: 11057 ns, At safepoint: 26914 ns, Total: 54911 ns
[2025-05-22T10:25:34.560+0000][71][info ][safepoint   ] Safepoint "Cleanup", Time since last: 3001062488 ns, Reaching safepoint: 30063 ns, Cleanup: 24220 ns, At safepoint: 10727 ns, Total: 65010 ns
[2025-05-22T10:25:41.562+0000][71][info ][safepoint   ] Safepoint "Cleanup", Time since last: 7001539969 ns, Reaching safepoint: 71845 ns, Cleanup: 13636 ns, At safepoint: 8833 ns, Total: 94314 ns
[2025-05-22T10:25:42.560+0000][71][info ][safepoint   ] Safepoint "Cleanup", Time since last: 1000675606 ns, Reaching safepoint: 24035 ns, Cleanup: 17309 ns, At safepoint: 10247 ns, Total: 51591 ns
[2025-05-22T10:25:51.562+0000][71][info ][safepoint   ] Safepoint "Cleanup", Time since last: 9002099284 ns, Reaching safepoint: 107960 ns, Cleanup: 23776 ns, At safepoint: 14486 ns, Total: 146222 ns
[2025-05-22T10:25:52.563+0000][71][info ][safepoint   ] Safepoint "Cleanup", Time since last: 1000745778 ns, Reaching safepoint: 22563 ns, Cleanup: 16803 ns, At safepoint: 10012 ns, Total: 49378 ns
[2025-05-22T10:26:01.565+0000][71][info ][safepoint   ] Safepoint "Cleanup", Time since last: 9002228227 ns, Reaching safepoint: 67372 ns, Cleanup: 119342 ns, At safepoint: 21853 ns, Total: 208567 ns
[2025-05-22T10:26:02.566+0000][71][info ][safepoint   ] Safepoint "Cleanup", Time since last: 1000626708 ns, Reaching safepoint: 17955 ns, Cleanup: 14234 ns, At safepoint: 7542 ns, Total: 39731 ns
[2025-05-22T10:26:04.567+0000][71][info ][safepoint   ] Safepoint "Cleanup", Time since last: 2000738668 ns, Reaching safepoint: 30118 ns, Cleanup: 16414 ns, At safepoint: 14986 ns, Total: 61518 ns
[2025-05-22T10:26:10.568+0000][71][info ][safepoint   ] Safepoint "Cleanup", Time since last: 6001381654 ns, Reaching safepoint: 88775 ns, Cleanup: 18394 ns, At safepoint: 13914 ns, Total: 121083 ns
[2025-05-22T10:26:12.567+0000][71][info ][safepoint   ] Safepoint "Cleanup", Time since last: 2000902336 ns, Reaching safepoint: 19377 ns, Cleanup: 16278 ns, At safepoint: 8982 ns, Total: 44637 ns
[2025-05-22T10:26:20.569+0000][71][info ][safepoint   ] Safepoint "Cleanup", Time since last: 8001528370 ns, Reaching safepoint: 97137 ns, Cleanup: 15783 ns, At safepoint: 11884 ns, Total: 124804 ns
[2025-05-22T10:26:25.467+0000][71][info ][safepoint   ] Safepoint "Cleanup", Time since last: 4898339803 ns, Reaching safepoint: 145688 ns, Cleanup: 14867 ns, At safepoint: 64750 ns, Total: 225305 ns
[2025-05-22T10:26:27.105+0000][71][info ][safepoint   ] Safepoint "Cleanup", Time since last: 1637796201 ns, Reaching safepoint: 29514 ns, Cleanup: 19012 ns, At safepoint: 15348 ns, Total: 63874 ns
[2025-05-22T10:26:29.106+0000][71][info ][safepoint   ] Safepoint "Cleanup", Time since last: 2000712493 ns, Reaching safepoint: 39926 ns, Cleanup: 28183 ns, At safepoint: 9142 ns, Total: 77251 ns
[2025-05-22T10:26:30.107+0000][71][info ][safepoint   ] Safepoint "Cleanup", Time since last: 1000792235 ns, Reaching safepoint: 17938 ns, Cleanup: 14572 ns, At safepoint: 7670 ns, Total: 40180 ns
[2025-05-22T10:26:34.594+0000][71][info ][safepoint   ] Safepoint "Cleanup", Time since last: 4487435524 ns, Reaching safepoint: 33789 ns, Cleanup: 28987 ns, At safepoint: 18491 ns, Total: 81267 ns
[2025-05-22T10:26:42.593+0000][71][info ][safepoint   ] Safepoint "Cleanup", Time since last: 8001672713 ns, Reaching safepoint: 97228 ns, Cleanup: 19089 ns, At safepoint: 16116 ns, Total: 132433 ns
[2025-05-22T10:27:00.597+0000][71][info ][safepoint   ] Safepoint "Cleanup", Time since last: 18003275245 ns, Reaching safepoint: 149006 ns, Cleanup: 16159 ns, At safepoint: 9263 ns, Total: 174428 ns
[2025-05-22T10:27:03.598+0000][71][info ][safepoint   ] Safepoint "Cleanup", Time since last: 3001551883 ns, Reaching safepoint: 28128 ns, Cleanup: 25456 ns, At safepoint: 16871 ns, Total: 70455 ns
[2025-05-22T10:27:04.600+0000][71][info ][safepoint   ] Safepoint "Cleanup", Time since last: 1001111462 ns, Reaching safepoint: 31759 ns, Cleanup: 24911 ns, At safepoint: 20341 ns, Total: 77011 ns
[2025-05-22T10:27:06.602+0000][71][info ][safepoint   ] Safepoint "Cleanup", Time since last: 2002677353 ns, Reaching safepoint: 22949 ns, Cleanup: 15749 ns, At safepoint: 9889 ns, Total: 48587 ns
[2025-05-22T10:27:12.601+0000][71][info ][safepoint   ] Safepoint "Cleanup", Time since last: 6001568615 ns, Reaching safepoint: 26388 ns, Cleanup: 20332 ns, At safepoint: 10568 ns, Total: 57288 ns
[2025-05-22T10:27:16.602+0000][71][info ][safepoint   ] Safepoint "Cleanup", Time since last: 4001290056 ns, Reaching safepoint: 146593 ns, Cleanup: 16772 ns, At safepoint: 14335 ns, Total: 177700 ns
[2025-05-22T10:27:23.604+0000][71][info ][safepoint   ] Safepoint "Cleanup", Time since last: 7001905437 ns, Reaching safepoint: 86871 ns, Cleanup: 13756 ns, At safepoint: 7954 ns, Total: 108581 ns
[2025-05-22T10:27:26.606+0000][71][info ][safepoint   ] Safepoint "Cleanup", Time since last: 3001438013 ns, Reaching safepoint: 39641 ns, Cleanup: 27737 ns, At safepoint: 20022 ns, Total: 87400 ns
[2025-05-22T10:27:28.444+0000][71][info ][safepoint   ] Safepoint "Cleanup", Time since last: 1838382107 ns, Reaching safepoint: 90384 ns, Cleanup: 51520 ns, At safepoint: 45082 ns, Total: 186986 ns
[2025-05-22T10:27:30.151+0000][71][info ][safepoint   ] Safepoint "Cleanup", Time since last: 1706332485 ns, Reaching safepoint: 17082 ns, Cleanup: 17954 ns, At safepoint: 6957 ns, Total: 41993 ns
[2025-05-22T10:27:31.630+0000][71][info ][safepoint   ] Safepoint "Cleanup", Time since last: 1479202260 ns, Reaching safepoint: 17866 ns, Cleanup: 15915 ns, At safepoint: 7207 ns, Total: 40988 ns
[2025-05-22T10:27:34.631+0000][71][info ][safepoint   ] Safepoint "Cleanup", Time since last: 3001030174 ns, Reaching safepoint: 17565 ns, Cleanup: 60104 ns, At safepoint: 7915 ns, Total: 85584 ns
[2025-05-22T10:27:37.632+0000][71][info ][safepoint   ] Safepoint "Cleanup", Time since last: 3000836681 ns, Reaching safepoint: 41299 ns, Cleanup: 13212 ns, At safepoint: 8246 ns, Total: 62757 ns
[2025-05-22T10:27:41.634+0000][71][info ][safepoint   ] Safepoint "Cleanup", Time since last: 4001420022 ns, Reaching safepoint: 185152 ns, Cleanup: 22101 ns, At safepoint: 26573 ns, Total: 233826 ns
[2025-05-22T10:27:42.633+0000][71][info ][safepoint   ] Safepoint "Cleanup", Time since last: 1001129251 ns, Reaching safepoint: 83061 ns, Cleanup: 16486 ns, At safepoint: 8790 ns, Total: 108337 ns
[2025-05-22T10:27:44.160+0000][71][info ][safepoint   ] Safepoint "Cleanup", Time since last: 1526954424 ns, Reaching safepoint: 17924 ns, Cleanup: 15418 ns, At safepoint: 10853 ns, Total: 44195 ns
[2025-05-22T10:27:46.171+0000][71][info ][safepoint   ] Safepoint "Cleanup", Time since last: 2010248768 ns, Reaching safepoint: 76904 ns, Cleanup: 18520 ns, At safepoint: 9061 ns, Total: 104485 ns
[2025-05-22T10:27:47.201+0000][71][info ][safepoint   ] Safepoint "Cleanup", Time since last: 1030563142 ns, Reaching safepoint: 20341 ns, Cleanup: 23052 ns, At safepoint: 8822 ns, Total: 52215 ns
[2025-05-22T10:27:51.203+0000][71][info ][safepoint   ] Safepoint "Cleanup", Time since last: 4001488189 ns, Reaching safepoint: 22978 ns, Cleanup: 14998 ns, At safepoint: 8710 ns, Total: 46686 ns
[2025-05-22T10:27:56.204+0000][71][info ][safepoint   ] Safepoint "Cleanup", Time since last: 5001245172 ns, Reaching safepoint: 59395 ns, Cleanup: 35127 ns, At safepoint: 29374 ns, Total: 123896 ns
[2025-05-22T10:28:11.175+0000][71][info ][safepoint   ] Safepoint "Cleanup", Time since last: 14970719316 ns, Reaching safepoint: 103441 ns, Cleanup: 14926 ns, At safepoint: 38216 ns, Total: 156583 ns
[2025-05-22T10:28:12.882+0000][71][info ][safepoint   ] Safepoint "Cleanup", Time since last: 1708670434 ns, Reaching safepoint: 356742 ns, Cleanup: 36305 ns, At safepoint: 31397 ns, Total: 424444 ns
[2025-05-22T10:28:15.884+0000][71][info ][safepoint   ] Safepoint "Cleanup", Time since last: 3001670906 ns, Reaching safepoint: 124226 ns, Cleanup: 13755 ns, At safepoint: 9304 ns, Total: 147285 ns
[2025-05-22T10:28:16.885+0000][71][info ][safepoint   ] Safepoint "Cleanup", Time since last: 1000705208 ns, Reaching safepoint: 41883 ns, Cleanup: 22974 ns, At safepoint: 23033 ns, Total: 87890 ns
[2025-05-22T10:28:20.887+0000][71][info ][safepoint   ] Safepoint "Cleanup", Time since last: 4002081502 ns, Reaching safepoint: 25928 ns, Cleanup: 20126 ns, At safepoint: 13473 ns, Total: 59527 ns
[2025-05-22T10:28:25.889+0000][71][info ][safepoint   ] Safepoint "Cleanup", Time since last: 5002126884 ns, Reaching safepoint: 51893 ns, Cleanup: 18661 ns, At safepoint: 8687 ns, Total: 79241 ns
[2025-05-22T10:28:31.515+0000][71][info ][safepoint   ] Safepoint "Cleanup", Time since last: 5625849743 ns, Reaching safepoint: 194596 ns, Cleanup: 23400 ns, At safepoint: 209649 ns, Total: 427645 ns
[2025-05-22T10:28:33.266+0000][71][info ][safepoint   ] Safepoint "Cleanup", Time since last: 1750716438 ns, Reaching safepoint: 8663 ns, Cleanup: 52033 ns, At safepoint: 21333 ns, Total: 82029 ns
[2025-05-22T10:28:34.271+0000][71][info ][safepoint   ] Safepoint "Cleanup", Time since last: 1005054472 ns, Reaching safepoint: 23625 ns, Cleanup: 18605 ns, At safepoint: 10825 ns, Total: 53055 ns
[2025-05-22T10:28:42.270+0000][71][info ][safepoint   ] Safepoint "Cleanup", Time since last: 8002069957 ns, Reaching safepoint: 64733 ns, Cleanup: 16940 ns, At safepoint: 9989 ns, Total: 91662 ns
[2025-05-22T10:28:44.271+0000][71][info ][safepoint   ] Safepoint "Cleanup", Time since last: 2000945701 ns, Reaching safepoint: 25391 ns, Cleanup: 18102 ns, At safepoint: 11978 ns, Total: 55471 ns
[2025-05-22T10:28:46.272+0000][71][info ][safepoint   ] Safepoint "Cleanup", Time since last: 2001169630 ns, Reaching safepoint: 16434 ns, Cleanup: 13186 ns, At safepoint: 7776 ns, Total: 37396 ns
[2025-05-22T10:28:47.273+0000][71][info ][safepoint   ] Safepoint "Cleanup", Time since last: 1000781807 ns, Reaching safepoint: 40060 ns, Cleanup: 22676 ns, At safepoint: 20158 ns, Total: 82894 ns
[2025-05-22T10:28:56.275+0000][71][info ][safepoint   ] Safepoint "Cleanup", Time since last: 9001993661 ns, Reaching safepoint: 70881 ns, Cleanup: 21647 ns, At safepoint: 14772 ns, Total: 107300 ns
[2025-05-22T10:29:02.278+0000][71][info ][safepoint   ] Safepoint "Cleanup", Time since last: 6002532483 ns, Reaching safepoint: 27671 ns, Cleanup: 22792 ns, At safepoint: 15813 ns, Total: 66276 ns
[2025-05-22T10:29:05.279+0000][71][info ][safepoint   ] Safepoint "Cleanup", Time since last: 3001639023 ns, Reaching safepoint: 29805 ns, Cleanup: 21859 ns, At safepoint: 17771 ns, Total: 69435 ns
[2025-05-22T10:29:06.280+0000][71][info ][safepoint   ] Safepoint "Cleanup", Time since last: 1001033587 ns, Reaching safepoint: 22198 ns, Cleanup: 18010 ns, At safepoint: 15214 ns, Total: 55422 ns
[2025-05-22T10:29:11.297+0000][71][info ][safepoint   ] Safepoint "Cleanup", Time since last: 5016638954 ns, Reaching safepoint: 34181 ns, Cleanup: 40796 ns, At safepoint: 21303 ns, Total: 96280 ns
[2025-05-22T10:29:12.296+0000][71][info ][safepoint   ] Safepoint "Cleanup", Time since last: 1000770874 ns, Reaching safepoint: 18650 ns, Cleanup: 15068 ns, At safepoint: 8790 ns, Total: 42508 ns
[2025-05-22T10:29:24.298+0000][71][info ][safepoint   ] Safepoint "Cleanup", Time since last: 12002329382 ns, Reaching safepoint: 70611 ns, Cleanup: 19831 ns, At safepoint: 32125 ns, Total: 122567 ns
[2025-05-22T10:29:25.299+0000][71][info ][safepoint   ] Safepoint "Cleanup", Time since last: 1000603823 ns, Reaching safepoint: 76686 ns, Cleanup: 19835 ns, At safepoint: 11740 ns, Total: 108261 ns
[2025-05-22T10:29:26.300+0000][71][info ][safepoint   ] Safepoint "Cleanup", Time since last: 1000648109 ns, Reaching safepoint: 107209 ns, Cleanup: 17414 ns, At safepoint: 18128 ns, Total: 142751 ns
[2025-05-22T10:29:31.709+0000][71][info ][safepoint   ] Safepoint "Cleanup", Time since last: 5409648403 ns, Reaching safepoint: 60184 ns, Cleanup: 61407 ns, At safepoint: 9292 ns, Total: 130883 ns
[2025-05-22T10:29:34.477+0000][71][info ][safepoint   ] Safepoint "Cleanup", Time since last: 2767131166 ns, Reaching safepoint: 134119 ns, Cleanup: 12245 ns, At safepoint: 57078 ns, Total: 203442 ns
[2025-05-22T10:29:36.302+0000][71][info ][safepoint   ] Safepoint "Cleanup", Time since last: 1825221825 ns, Reaching safepoint: 32168 ns, Cleanup: 36077 ns, At safepoint: 18587 ns, Total: 86832 ns
[2025-05-22T10:29:37.303+0000][71][info ][safepoint   ] Safepoint "Cleanup", Time since last: 1001384711 ns, Reaching safepoint: 33819 ns, Cleanup: 22300 ns, At safepoint: 16927 ns, Total: 73046 ns
[2025-05-22T10:29:38.304+0000][71][info ][safepoint   ] Safepoint "Cleanup", Time since last: 1000865492 ns, Reaching safepoint: 46358 ns, Cleanup: 14873 ns, At safepoint: 10117 ns, Total: 71348 ns
[2025-05-22T10:29:41.306+0000][71][info ][safepoint   ] Safepoint "Cleanup", Time since last: 3001101682 ns, Reaching safepoint: 32658 ns, Cleanup: 21833 ns, At safepoint: 18020 ns, Total: 72511 ns
[2025-05-22T10:29:42.304+0000][71][info ][safepoint   ] Safepoint "Cleanup", Time since last: 1000733172 ns, Reaching safepoint: 31611 ns, Cleanup: 21669 ns, At safepoint: 16188 ns, Total: 69468 ns
[2025-05-22T10:29:44.305+0000][71][info ][safepoint   ] Safepoint "Cleanup", Time since last: 2000988007 ns, Reaching safepoint: 26807 ns, Cleanup: 23822 ns, At safepoint: 10832 ns, Total: 61461 ns
[2025-05-22T10:29:46.306+0000][71][info ][safepoint   ] Safepoint "Cleanup", Time since last: 2000867011 ns, Reaching safepoint: 32547 ns, Cleanup: 18085 ns, At safepoint: 17453 ns, Total: 68085 ns
[2025-05-22T10:29:55.308+0000][71][info ][safepoint   ] Safepoint "Cleanup", Time since last: 9002019570 ns, Reaching safepoint: 45300 ns, Cleanup: 15648 ns, At safepoint: 9430 ns, Total: 70378 ns
[2025-05-22T10:29:56.308+0000][71][info ][safepoint   ] Safepoint "Cleanup", Time since last: 1000590964 ns, Reaching safepoint: 28391 ns, Cleanup: 18383 ns, At safepoint: 16779 ns, Total: 63553 ns
[2025-05-22T10:29:59.310+0000][71][info ][safepoint   ] Safepoint "Cleanup", Time since last: 3001144737 ns, Reaching safepoint: 53353 ns, Cleanup: 22665 ns, At safepoint: 19440 ns, Total: 95458 ns
[2025-05-22T10:30:05.311+0000][71][info ][safepoint   ] Safepoint "Cleanup", Time since last: 6001647486 ns, Reaching safepoint: 19344 ns, Cleanup: 15060 ns, At safepoint: 8609 ns, Total: 43013 ns
[2025-05-22T10:30:34.759+0000][71][info ][safepoint   ] Safepoint "Cleanup", Time since last: 29449802368 ns, Reaching safepoint: 61351 ns, Cleanup: 21116 ns, At safepoint: 12511 ns, Total: 94978 ns
[2025-05-22T10:30:36.760+0000][71][info ][safepoint   ] Safepoint "Cleanup", Time since last: 2001096997 ns, Reaching safepoint: 29166 ns, Cleanup: 16953 ns, At safepoint: 14428 ns, Total: 60547 ns
[2025-05-22T10:30:38.332+0000][71][info ][safepoint   ] Safepoint "Cleanup", Time since last: 1571915265 ns, Reaching safepoint: 6295 ns, Cleanup: 10177 ns, At safepoint: 13294 ns, Total: 29766 ns
[2025-05-22T10:30:39.355+0000][71][info ][safepoint   ] Safepoint "Cleanup", Time since last: 1023077917 ns, Reaching safepoint: 23039 ns, Cleanup: 15248 ns, At safepoint: 9984 ns, Total: 48271 ns
[2025-05-22T10:30:41.357+0000][71][info ][safepoint   ] Safepoint "Cleanup", Time since last: 2001713660 ns, Reaching safepoint: 24705 ns, Cleanup: 15615 ns, At safepoint: 8994 ns, Total: 49314 ns
[2025-05-22T10:30:50.357+0000][71][info ][safepoint   ] Safepoint "Cleanup", Time since last: 9001881023 ns, Reaching safepoint: 106396 ns, Cleanup: 18258 ns, At safepoint: 23505 ns, Total: 148159 ns
[2025-05-22T10:30:56.358+0000][71][info ][safepoint   ] Safepoint "Cleanup", Time since last: 6001238366 ns, Reaching safepoint: 26627 ns, Cleanup: 15572 ns, At safepoint: 10209 ns, Total: 52408 ns
[2025-05-22T10:31:06.361+0000][71][info ][safepoint   ] Safepoint "Cleanup", Time since last: 10002340753 ns, Reaching safepoint: 35903 ns, Cleanup: 21638 ns, At safepoint: 20625 ns, Total: 78166 ns
[2025-05-22T10:31:08.362+0000][71][info ][safepoint   ] Safepoint "Cleanup", Time since last: 2001083643 ns, Reaching safepoint: 17213 ns, Cleanup: 13117 ns, At safepoint: 7382 ns, Total: 37712 ns
[2025-05-22T10:31:20.362+0000][71][info ][safepoint   ] Safepoint "Cleanup", Time since last: 12002724175 ns, Reaching safepoint: 83460 ns, Cleanup: 16858 ns, At safepoint: 10372 ns, Total: 110690 ns
[2025-05-22T10:31:40.457+0000][71][info ][safepoint   ] Safepoint "Cleanup", Time since last: 20094623843 ns, Reaching safepoint: 16027 ns, Cleanup: 19937 ns, At safepoint: 81914 ns, Total: 117878 ns
[2025-05-22T10:31:42.402+0000][71][info ][safepoint   ] Safepoint "Cleanup", Time since last: 1947536642 ns, Reaching safepoint: 33343 ns, Cleanup: 44463 ns, At safepoint: 82170 ns, Total: 159976 ns
[2025-05-22T10:31:44.403+0000][71][info ][safepoint   ] Safepoint "Cleanup", Time since last: 2000884927 ns, Reaching safepoint: 29992 ns, Cleanup: 22377 ns, At safepoint: 71052 ns, Total: 123421 ns
[2025-05-22T10:31:46.404+0000][71][info ][safepoint   ] Safepoint "Cleanup", Time since last: 2001177231 ns, Reaching safepoint: 66546 ns, Cleanup: 17685 ns, At safepoint: 33190 ns, Total: 117421 ns
[2025-05-22T10:31:56.407+0000][71][info ][safepoint   ] Safepoint "Cleanup", Time since last: 10002348899 ns, Reaching safepoint: 30715 ns, Cleanup: 40238 ns, At safepoint: 16936 ns, Total: 87889 ns
[2025-05-22T10:31:59.408+0000][71][info ][safepoint   ] Safepoint "Cleanup", Time since last: 3001123841 ns, Reaching safepoint: 31368 ns, Cleanup: 19015 ns, At safepoint: 16617 ns, Total: 67000 ns
[2025-05-22T10:32:05.410+0000][71][info ][safepoint   ] Safepoint "Cleanup", Time since last: 6001718225 ns, Reaching safepoint: 32316 ns, Cleanup: 19025 ns, At safepoint: 18008 ns, Total: 69349 ns
[2025-05-22T10:32:11.412+0000][71][info ][safepoint   ] Safepoint "Cleanup", Time since last: 6001755327 ns, Reaching safepoint: 32153 ns, Cleanup: 21878 ns, At safepoint: 17933 ns, Total: 71964 ns
[2025-05-22T10:32:12.410+0000][71][info ][safepoint   ] Safepoint "Cleanup", Time since last: 1001011510 ns, Reaching safepoint: 32168 ns, Cleanup: 22384 ns, At safepoint: 17926 ns, Total: 72478 ns
[2025-05-22T10:32:14.411+0000][71][info ][safepoint   ] Safepoint "Cleanup", Time since last: 2000963123 ns, Reaching safepoint: 33088 ns, Cleanup: 26870 ns, At safepoint: 17148 ns, Total: 77106 ns
[2025-05-22T10:32:21.413+0000][71][info ][safepoint   ] Safepoint "Cleanup", Time since last: 7002078384 ns, Reaching safepoint: 72824 ns, Cleanup: 17669 ns, At safepoint: 86333 ns, Total: 176826 ns
[2025-05-22T10:32:30.416+0000][71][info ][safepoint   ] Safepoint "Cleanup", Time since last: 9002113960 ns, Reaching safepoint: 193944 ns, Cleanup: 15500 ns, At safepoint: 136055 ns, Total: 345499 ns
[2025-05-22T10:32:31.831+0000][71][info ][safepoint   ] Safepoint "Cleanup", Time since last: 1415671211 ns, Reaching safepoint: 42164 ns, Cleanup: 21978 ns, At safepoint: 17724 ns, Total: 81866 ns
[2025-05-22T10:32:34.833+0000][71][info ][safepoint   ] Safepoint "Cleanup", Time since last: 3001235531 ns, Reaching safepoint: 73845 ns, Cleanup: 17400 ns, At safepoint: 18393 ns, Total: 109638 ns
[2025-05-22T10:32:36.834+0000][71][info ][safepoint   ] Safepoint "Cleanup", Time since last: 2001033666 ns, Reaching safepoint: 33539 ns, Cleanup: 22156 ns, At safepoint: 19038 ns, Total: 74733 ns
[2025-05-22T10:32:37.835+0000][71][info ][safepoint   ] Safepoint "Cleanup", Time since last: 1000720464 ns, Reaching safepoint: 33748 ns, Cleanup: 19382 ns, At safepoint: 18143 ns, Total: 71273 ns
[2025-05-22T10:32:41.836+0000][71][info ][safepoint   ] Safepoint "Cleanup", Time since last: 4001285632 ns, Reaching safepoint: 32913 ns, Cleanup: 17791 ns, At safepoint: 17634 ns, Total: 68338 ns
[2025-05-22T10:32:43.459+0000][71][info ][safepoint   ] Safepoint "Cleanup", Time since last: 1624428801 ns, Reaching safepoint: 1103252 ns, Cleanup: 22574 ns, At safepoint: 314788 ns, Total: 1440614 ns
[2025-05-22T10:32:45.444+0000][71][info ][safepoint   ] Safepoint "Cleanup", Time since last: 1984519463 ns, Reaching safepoint: 31555 ns, Cleanup: 185752 ns, At safepoint: 27365 ns, Total: 244672 ns
[2025-05-22T10:32:46.445+0000][71][info ][safepoint   ] Safepoint "Cleanup", Time since last: 1000738872 ns, Reaching safepoint: 15243 ns, Cleanup: 9104 ns, At safepoint: 27240 ns, Total: 51587 ns
[2025-05-22T10:32:47.451+0000][71][info ][safepoint   ] Safepoint "Cleanup", Time since last: 1006047699 ns, Reaching safepoint: 236801 ns, Cleanup: 18059 ns, At safepoint: 37777 ns, Total: 292637 ns
[2025-05-22T10:32:48.464+0000][71][info ][safepoint   ] Safepoint "Cleanup", Time since last: 1012560718 ns, Reaching safepoint: 30005 ns, Cleanup: 17776 ns, At safepoint: 16664 ns, Total: 64445 ns
[2025-05-22T10:32:49.465+0000][71][info ][safepoint   ] Safepoint "Cleanup", Time since last: 1000799766 ns, Reaching safepoint: 32589 ns, Cleanup: 26807 ns, At safepoint: 19737 ns, Total: 79133 ns
[2025-05-22T10:32:50.499+0000][71][info ][safepoint   ] Safepoint "Cleanup", Time since last: 1034135173 ns, Reaching safepoint: 31942 ns, Cleanup: 19784 ns, At safepoint: 15929 ns, Total: 67655 ns
[2025-05-22T10:32:52.500+0000][71][info ][safepoint   ] Safepoint "Cleanup", Time since last: 2000898124 ns, Reaching safepoint: 66562 ns, Cleanup: 18130 ns, At safepoint: 11481 ns, Total: 96173 ns
[2025-05-22T10:33:03.528+0000][71][info ][safepoint   ] Safepoint "Cleanup", Time since last: 11027958769 ns, Reaching safepoint: 292076 ns, Cleanup: 20526 ns, At safepoint: 35264 ns, Total: 347866 ns
[2025-05-22T10:33:11.179+0000][71][info ][safepoint   ] Safepoint "Cleanup", Time since last: 7650513920 ns, Reaching safepoint: 18249 ns, Cleanup: 15782 ns, At safepoint: 41051 ns, Total: 75082 ns
[2025-05-22T10:33:11.184+0000][71][info ][gc,start    ] GC(15) Pause Young (Prepare Mixed) (G1 Evacuation Pause)
[2025-05-22T10:33:11.188+0000][71][info ][gc,task     ] GC(15) Using 10 workers of 10 for evacuation
[2025-05-22T10:33:11.189+0000][71][debug][gc,age      ] GC(15) Desired survivor size 83886080 bytes, new threshold 15 (max threshold 15)
[2025-05-22T10:33:11.506+0000][71][info ][gc,mmu      ] GC(15) MMU target violated: 201.0ms (200.0ms/201.0ms)
[2025-05-22T10:33:11.507+0000][71][info ][gc,phases   ] GC(15)   Pre Evacuate Collection Set: 13.97ms
[2025-05-22T10:33:11.508+0000][71][info ][gc,phases   ] GC(15)   Merge Heap Roots: 2.94ms
[2025-05-22T10:33:11.508+0000][71][info ][gc,phases   ] GC(15)   Evacuate Collection Set: 247.73ms
[2025-05-22T10:33:11.509+0000][71][info ][gc,phases   ] GC(15)   Post Evacuate Collection Set: 49.37ms
[2025-05-22T10:33:11.510+0000][71][info ][gc,phases   ] GC(15)   Other: 6.44ms
[2025-05-22T10:33:11.510+0000][71][trace][gc,age      ] GC(15) Age table with threshold 15 (max threshold 15)
[2025-05-22T10:33:11.511+0000][71][trace][gc,age      ] GC(15) - age   1:    3976440 bytes,    3976440 total
[2025-05-22T10:33:11.511+0000][71][trace][gc,age      ] GC(15) - age   2:    1509816 bytes,    5486256 total
[2025-05-22T10:33:11.512+0000][71][trace][gc,age      ] GC(15) - age   3:     837976 bytes,    6324232 total
[2025-05-22T10:33:11.512+0000][71][info ][gc,heap     ] GC(15) Eden regions: 313->0(112)
[2025-05-22T10:33:11.512+0000][71][info ][gc,heap     ] GC(15) Survivor regions: 2->2(40)
[2025-05-22T10:33:11.513+0000][71][info ][gc,heap     ] GC(15) Old regions: 27->27
[2025-05-22T10:33:11.513+0000][71][info ][gc,heap     ] GC(15) Humongous regions: 0->0
[2025-05-22T10:33:11.514+0000][71][info ][gc,metaspace] GC(15) Metaspace: 146348K(150272K)->146348K(150272K) NonClass: 126212K(128384K)->126212K(128384K) Class: 20135K(21888K)->20135K(21888K)
[2025-05-22T10:33:11.517+0000][71][info ][gc          ] GC(15) Pause Young (Prepare Mixed) (G1 Evacuation Pause) 1365M->114M(3880M) 332.440ms
[2025-05-22T10:33:11.517+0000][71][info ][gc,cpu      ] GC(15) User=1.79s Sys=0.03s Real=0.33s
[2025-05-22T10:33:11.518+0000][71][info ][safepoint   ] Safepoint "G1CollectForAllocation", Time since last: 1976350 ns, Reaching safepoint: 19736 ns, Cleanup: 5328 ns, At safepoint: 337205904 ns, Total: 337230968 ns
[2025-05-22T10:33:13.056+0000][71][info ][safepoint   ] Safepoint "Cleanup", Time since last: 1539521343 ns, Reaching safepoint: 19075 ns, Cleanup: 16226 ns, At safepoint: 9905 ns, Total: 45206 ns
[2025-05-22T10:33:16.057+0000][71][info ][safepoint   ] Safepoint "Cleanup", Time since last: 3000991497 ns, Reaching safepoint: 28244 ns, Cleanup: 21171 ns, At safepoint: 15800 ns, Total: 65215 ns
[2025-05-22T10:33:20.058+0000][71][info ][safepoint   ] Safepoint "Cleanup", Time since last: 4001295144 ns, Reaching safepoint: 223407 ns, Cleanup: 21137 ns, At safepoint: 68108 ns, Total: 312652 ns
[2025-05-22T10:33:31.876+0000][71][info ][safepoint   ] Safepoint "Cleanup", Time since last: 11817357130 ns, Reaching safepoint: 31136 ns, Cleanup: 21043 ns, At safepoint: 15839 ns, Total: 68018 ns
[2025-05-22T10:33:33.877+0000][71][info ][safepoint   ] Safepoint "Cleanup", Time since last: 2001111135 ns, Reaching safepoint: 190783 ns, Cleanup: 12502 ns, At safepoint: 182913 ns, Total: 386198 ns
[2025-05-22T10:33:38.879+0000][71][info ][safepoint   ] Safepoint "Cleanup", Time since last: 5001335591 ns, Reaching safepoint: 84176 ns, Cleanup: 20875 ns, At safepoint: 19781 ns, Total: 124832 ns
[2025-05-22T10:33:40.880+0000][71][info ][safepoint   ] Safepoint "Cleanup", Time since last: 2000889693 ns, Reaching safepoint: 32837 ns, Cleanup: 19104 ns, At safepoint: 18641 ns, Total: 70582 ns
[2025-05-22T10:33:45.879+0000][71][info ][safepoint   ] Safepoint "Cleanup", Time since last: 5001863916 ns, Reaching safepoint: 31643 ns, Cleanup: 15520 ns, At safepoint: 16220 ns, Total: 63383 ns
[2025-05-22T10:33:47.497+0000][71][info ][safepoint   ] Safepoint "Cleanup", Time since last: 1617879321 ns, Reaching safepoint: 25328 ns, Cleanup: 22731 ns, At safepoint: 11166 ns, Total: 59225 ns
[2025-05-22T10:33:48.565+0000][71][info ][safepoint   ] Safepoint "Cleanup", Time since last: 1068004973 ns, Reaching safepoint: 15242 ns, Cleanup: 45101 ns, At safepoint: 90134 ns, Total: 150477 ns
[2025-05-22T10:34:14.569+0000][71][info ][safepoint   ] Safepoint "Cleanup", Time since last: 26007204398 ns, Reaching safepoint: 129997 ns, Cleanup: 16783 ns, At safepoint: 12336 ns, Total: 159116 ns
[2025-05-22T10:34:26.572+0000][71][info ][safepoint   ] Safepoint "Cleanup", Time since last: 12002721148 ns, Reaching safepoint: 250652 ns, Cleanup: 18921 ns, At safepoint: 17808 ns, Total: 287381 ns
[2025-05-22T10:34:31.912+0000][71][info ][safepoint   ] Safepoint "Cleanup", Time since last: 5339627532 ns, Reaching safepoint: 27445 ns, Cleanup: 15711 ns, At safepoint: 11479 ns, Total: 54635 ns
[2025-05-22T10:34:49.475+0000][71][info ][safepoint   ] Safepoint "Cleanup", Time since last: 17564951940 ns, Reaching safepoint: 135314 ns, Cleanup: 14235 ns, At safepoint: 42360 ns, Total: 191909 ns
[2025-05-22T10:34:50.491+0000][71][info ][safepoint   ] Safepoint "Cleanup", Time since last: 1015790929 ns, Reaching safepoint: 33270 ns, Cleanup: 20593 ns, At safepoint: 16716 ns, Total: 70579 ns
[2025-05-22T10:34:53.604+0000][71][info ][safepoint   ] Safepoint "Cleanup", Time since last: 3113275681 ns, Reaching safepoint: 41777 ns, Cleanup: 12007 ns, At safepoint: 7362 ns, Total: 61146 ns
[2025-05-22T10:34:56.605+0000][71][info ][safepoint   ] Safepoint "Cleanup", Time since last: 3001046413 ns, Reaching safepoint: 59102 ns, Cleanup: 22105 ns, At safepoint: 9461 ns, Total: 90668 ns
[2025-05-22T10:35:01.607+0000][71][info ][safepoint   ] Safepoint "Cleanup", Time since last: 5001191594 ns, Reaching safepoint: 75204 ns, Cleanup: 14596 ns, At safepoint: 8967 ns, Total: 98767 ns
[2025-05-22T10:35:13.607+0000][71][info ][safepoint   ] Safepoint "Cleanup", Time since last: 12002739359 ns, Reaching safepoint: 129212 ns, Cleanup: 18690 ns, At safepoint: 10009 ns, Total: 157911 ns
[2025-05-22T10:35:25.609+0000][71][info ][safepoint   ] Safepoint "Cleanup", Time since last: 12002328676 ns, Reaching safepoint: 78050 ns, Cleanup: 22397 ns, At safepoint: 17244 ns, Total: 117691 ns
[2025-05-22T10:35:26.610+0000][71][info ][safepoint   ] Safepoint "Cleanup", Time since last: 1000640071 ns, Reaching safepoint: 25808 ns, Cleanup: 18419 ns, At safepoint: 11059 ns, Total: 55286 ns
[2025-05-22T10:35:33.948+0000][71][info ][safepoint   ] Safepoint "Cleanup", Time since last: 7337626355 ns, Reaching safepoint: 48192 ns, Cleanup: 16486 ns, At safepoint: 9581 ns, Total: 74259 ns
[2025-05-22T10:35:34.948+0000][71][info ][safepoint   ] Safepoint "Cleanup", Time since last: 1000604388 ns, Reaching safepoint: 26229 ns, Cleanup: 15226 ns, At safepoint: 10910 ns, Total: 52365 ns
[2025-05-22T10:35:40.950+0000][71][info ][safepoint   ] Safepoint "Cleanup", Time since last: 6001258356 ns, Reaching safepoint: 287565 ns, Cleanup: 17840 ns, At safepoint: 22423 ns, Total: 327828 ns
[2025-05-22T10:35:43.949+0000][71][info ][safepoint   ] Safepoint "Cleanup", Time since last: 3001262235 ns, Reaching safepoint: 30334 ns, Cleanup: 18808 ns, At safepoint: 18541 ns, Total: 67683 ns
[2025-05-22T10:35:52.461+0000][71][info ][safepoint   ] Safepoint "Cleanup", Time since last: 8511942140 ns, Reaching safepoint: 134090 ns, Cleanup: 7761 ns, At safepoint: 55825 ns, Total: 197676 ns
[2025-05-22T10:35:53.662+0000][71][info ][safepoint   ] Safepoint "Cleanup", Time since last: 1200574010 ns, Reaching safepoint: 25643 ns, Cleanup: 22156 ns, At safepoint: 11247 ns, Total: 59046 ns
[2025-05-22T10:35:58.678+0000][71][info ][safepoint   ] Safepoint "Cleanup", Time since last: 5016564372 ns, Reaching safepoint: 72973 ns, Cleanup: 20887 ns, At safepoint: 17612 ns, Total: 111472 ns
[2025-05-22T10:35:59.679+0000][71][info ][safepoint   ] Safepoint "Cleanup", Time since last: 1000801873 ns, Reaching safepoint: 33123 ns, Cleanup: 18745 ns, At safepoint: 17973 ns, Total: 69841 ns
[2025-05-22T10:36:00.680+0000][71][info ][safepoint   ] Safepoint "Cleanup", Time since last: 1000941293 ns, Reaching safepoint: 31941 ns, Cleanup: 17806 ns, At safepoint: 17346 ns, Total: 67093 ns
[2025-05-22T10:36:04.682+0000][71][info ][safepoint   ] Safepoint "Cleanup", Time since last: 4001403512 ns, Reaching safepoint: 32595 ns, Cleanup: 17460 ns, At safepoint: 16872 ns, Total: 66927 ns
[2025-05-22T10:36:09.683+0000][71][info ][safepoint   ] Safepoint "Cleanup", Time since last: 5001453078 ns, Reaching safepoint: 30132 ns, Cleanup: 16993 ns, At safepoint: 15971 ns, Total: 63096 ns
[2025-05-22T10:36:16.682+0000][71][info ][safepoint   ] Safepoint "Cleanup", Time since last: 7001895175 ns, Reaching safepoint: 40714 ns, Cleanup: 24191 ns, At safepoint: 19285 ns, Total: 84190 ns
[2025-05-22T10:36:22.686+0000][71][info ][safepoint   ] Safepoint "Cleanup", Time since last: 6004026226 ns, Reaching safepoint: 31052 ns, Cleanup: 17206 ns, At safepoint: 15982 ns, Total: 64240 ns
[2025-05-22T10:36:26.688+0000][71][info ][safepoint   ] Safepoint "Cleanup", Time since last: 4001308079 ns, Reaching safepoint: 57703 ns, Cleanup: 16250 ns, At safepoint: 11701 ns, Total: 85654 ns
[2025-05-22T10:36:33.982+0000][71][info ][safepoint   ] Safepoint "Cleanup", Time since last: 7294016024 ns, Reaching safepoint: 19905 ns, Cleanup: 17411 ns, At safepoint: 8648 ns, Total: 45964 ns
[2025-05-22T10:36:40.984+0000][71][info ][safepoint   ] Safepoint "Cleanup", Time since last: 7001711709 ns, Reaching safepoint: 205514 ns, Cleanup: 15872 ns, At safepoint: 47829 ns, Total: 269215 ns
[2025-05-22T10:36:41.994+0000][71][info ][safepoint   ] Safepoint "Cleanup", Time since last: 1010247374 ns, Reaching safepoint: 27263 ns, Cleanup: 18078 ns, At safepoint: 13027 ns, Total: 58368 ns
[2025-05-22T10:36:45.993+0000][71][info ][safepoint   ] Safepoint "Cleanup", Time since last: 4001238147 ns, Reaching safepoint: 20137 ns, Cleanup: 14337 ns, At safepoint: 8606 ns, Total: 43080 ns
[2025-05-22T10:36:49.994+0000][71][info ][safepoint   ] Safepoint "Cleanup", Time since last: 4001041651 ns, Reaching safepoint: 29291 ns, Cleanup: 17149 ns, At safepoint: 11365 ns, Total: 57805 ns
[2025-05-22T10:36:55.468+0000][71][info ][safepoint   ] Safepoint "Cleanup", Time since last: 5473600386 ns, Reaching safepoint: 6269 ns, Cleanup: 9575 ns, At safepoint: 3031 ns, Total: 18875 ns
[2025-05-22T10:36:56.764+0000][71][info ][safepoint   ] Safepoint "Cleanup", Time since last: 1296022751 ns, Reaching safepoint: 41814 ns, Cleanup: 78228 ns, At safepoint: 8969 ns, Total: 129011 ns
[2025-05-22T10:36:58.765+0000][71][info ][safepoint   ] Safepoint "Cleanup", Time since last: 2000846815 ns, Reaching safepoint: 19361 ns, Cleanup: 14536 ns, At safepoint: 8529 ns, Total: 42426 ns
[2025-05-22T10:37:04.767+0000][71][info ][safepoint   ] Safepoint "Cleanup", Time since last: 6001752509 ns, Reaching safepoint: 86884 ns, Cleanup: 21455 ns, At safepoint: 18290 ns, Total: 126629 ns
[2025-05-22T10:37:10.769+0000][71][info ][safepoint   ] Safepoint "Cleanup", Time since last: 6001657576 ns, Reaching safepoint: 34134 ns, Cleanup: 18264 ns, At safepoint: 17423 ns, Total: 69821 ns
[2025-05-22T10:37:11.769+0000][71][info ][safepoint   ] Safepoint "Cleanup", Time since last: 1000857444 ns, Reaching safepoint: 33752 ns, Cleanup: 17680 ns, At safepoint: 16632 ns, Total: 68064 ns
[2025-05-22T10:37:13.768+0000][71][info ][safepoint   ] Safepoint "Cleanup", Time since last: 2001282455 ns, Reaching safepoint: 31985 ns, Cleanup: 18261 ns, At safepoint: 16569 ns, Total: 66815 ns
[2025-05-22T10:37:34.021+0000][71][info ][safepoint   ] Safepoint "Cleanup", Time since last: 20252777274 ns, Reaching safepoint: 33483 ns, Cleanup: 18937 ns, At safepoint: 16846 ns, Total: 69266 ns
[2025-05-22T10:37:35.022+0000][71][info ][safepoint   ] Safepoint "Cleanup", Time since last: 1000731425 ns, Reaching safepoint: 26885 ns, Cleanup: 20698 ns, At safepoint: 9196 ns, Total: 56779 ns
[2025-05-22T10:37:43.021+0000][71][info ][safepoint   ] Safepoint "Cleanup", Time since last: 8001791027 ns, Reaching safepoint: 23553 ns, Cleanup: 14964 ns, At safepoint: 8232 ns, Total: 46749 ns
[2025-05-22T10:37:44.794+0000][71][info ][safepoint   ] Safepoint "Cleanup", Time since last: 1772461879 ns, Reaching safepoint: 27550 ns, Cleanup: 113592 ns, At safepoint: 25208 ns, Total: 166350 ns
[2025-05-22T10:37:46.834+0000][71][info ][safepoint   ] Safepoint "Cleanup", Time since last: 2040378906 ns, Reaching safepoint: 53017 ns, Cleanup: 15467 ns, At safepoint: 10222 ns, Total: 78706 ns
[2025-05-22T10:37:49.467+0000][71][info ][safepoint   ] Safepoint "Cleanup", Time since last: 2633363971 ns, Reaching safepoint: 20838 ns, Cleanup: 9930 ns, At safepoint: 6239 ns, Total: 37007 ns
[2025-05-22T10:37:50.822+0000][71][info ][safepoint   ] Safepoint "Cleanup", Time since last: 1354316718 ns, Reaching safepoint: 32872 ns, Cleanup: 20638 ns, At safepoint: 17069 ns, Total: 70579 ns
[2025-05-22T10:37:51.823+0000][71][info ][safepoint   ] Safepoint "Cleanup", Time since last: 1000783484 ns, Reaching safepoint: 19612 ns, Cleanup: 14322 ns, At safepoint: 8747 ns, Total: 42681 ns
[2025-05-22T10:37:52.863+0000][71][info ][safepoint   ] Safepoint "Cleanup", Time since last: 1039987792 ns, Reaching safepoint: 28150 ns, Cleanup: 15893 ns, At safepoint: 11607 ns, Total: 55650 ns
[2025-05-22T10:37:56.864+0000][71][info ][safepoint   ] Safepoint "Cleanup", Time since last: 4001221952 ns, Reaching safepoint: 121210 ns, Cleanup: 17713 ns, At safepoint: 19409 ns, Total: 158332 ns
[2025-05-22T10:37:58.576+0000][71][info ][safepoint   ] Safepoint "Cleanup", Time since last: 1711845212 ns, Reaching safepoint: 15960 ns, Cleanup: 20027 ns, At safepoint: 90534 ns, Total: 126521 ns
[2025-05-22T10:37:59.898+0000][71][info ][safepoint   ] Safepoint "Cleanup", Time since last: 1322196501 ns, Reaching safepoint: 31879 ns, Cleanup: 17037 ns, At safepoint: 15849 ns, Total: 64765 ns
[2025-05-22T10:38:11.167+0000][71][info ][safepoint   ] Safepoint "Cleanup", Time since last: 11268246311 ns, Reaching safepoint: 20834 ns, Cleanup: 10000 ns, At safepoint: 15785 ns, Total: 46619 ns
[2025-05-22T10:38:12.324+0000][71][info ][safepoint   ] Safepoint "Cleanup", Time since last: 1160076154 ns, Reaching safepoint: 33874 ns, Cleanup: 25147 ns, At safepoint: 18428 ns, Total: 77449 ns
[2025-05-22T10:38:21.326+0000][71][info ][safepoint   ] Safepoint "Cleanup", Time since last: 9001954517 ns, Reaching safepoint: 88357 ns, Cleanup: 14602 ns, At safepoint: 8904 ns, Total: 111863 ns
[2025-05-22T10:38:24.327+0000][71][info ][safepoint   ] Safepoint "Cleanup", Time since last: 3001144888 ns, Reaching safepoint: 35254 ns, Cleanup: 20119 ns, At safepoint: 19427 ns, Total: 74800 ns
[2025-05-22T10:38:25.328+0000][71][info ][safepoint   ] Safepoint "Cleanup", Time since last: 1001028385 ns, Reaching safepoint: 35599 ns, Cleanup: 21219 ns, At safepoint: 19371 ns, Total: 76189 ns
[2025-05-22T10:38:34.060+0000][71][info ][safepoint   ] Safepoint "Cleanup", Time since last: 8731506605 ns, Reaching safepoint: 34551 ns, Cleanup: 19433 ns, At safepoint: 17978 ns, Total: 71962 ns
[2025-05-22T10:38:36.061+0000][71][info ][safepoint   ] Safepoint "Cleanup", Time since last: 2001163266 ns, Reaching safepoint: 46577 ns, Cleanup: 15811 ns, At safepoint: 9567 ns, Total: 71955 ns
[2025-05-22T10:38:51.062+0000][71][info ][safepoint   ] Safepoint "Cleanup", Time since last: 15002999762 ns, Reaching safepoint: 113097 ns, Cleanup: 22231 ns, At safepoint: 16378 ns, Total: 151706 ns
[2025-05-22T10:38:56.067+0000][71][info ][safepoint   ] Safepoint "Cleanup", Time since last: 5004784453 ns, Reaching safepoint: 127749 ns, Cleanup: 17450 ns, At safepoint: 9916 ns, Total: 155115 ns
[2025-05-22T10:39:01.500+0000][71][info ][safepoint   ] Safepoint "Cleanup", Time since last: 5432682686 ns, Reaching safepoint: 193510 ns, Cleanup: 19689 ns, At safepoint: 137153 ns, Total: 350352 ns
[2025-05-22T10:39:02.976+0000][71][info ][safepoint   ] Safepoint "Cleanup", Time since last: 1475785093 ns, Reaching safepoint: 105606 ns, Cleanup: 116084 ns, At safepoint: 27237 ns, Total: 248927 ns
[2025-05-22T10:39:05.977+0000][71][info ][safepoint   ] Safepoint "Cleanup", Time since last: 3001135436 ns, Reaching safepoint: 245823 ns, Cleanup: 21604 ns, At safepoint: 133210 ns, Total: 400637 ns
[2025-05-22T10:39:08.979+0000][71][info ][safepoint   ] Safepoint "Cleanup", Time since last: 3001075095 ns, Reaching safepoint: 53779 ns, Cleanup: 15346 ns, At safepoint: 8954 ns, Total: 78079 ns
[2025-05-22T10:39:09.980+0000][71][info ][safepoint   ] Safepoint "Cleanup", Time since last: 1001028440 ns, Reaching safepoint: 32708 ns, Cleanup: 21337 ns, At safepoint: 16954 ns, Total: 70999 ns
[2025-05-22T10:39:12.976+0000][71][info ][safepoint   ] Safepoint "Cleanup", Time since last: 3001228801 ns, Reaching safepoint: 53291 ns, Cleanup: 23156 ns, At safepoint: 15649 ns, Total: 92096 ns
[2025-05-22T10:39:15.977+0000][71][info ][safepoint   ] Safepoint "Cleanup", Time since last: 3001359130 ns, Reaching safepoint: 34318 ns, Cleanup: 121475 ns, At safepoint: 26407 ns, Total: 182200 ns
[2025-05-22T10:39:19.979+0000][71][info ][safepoint   ] Safepoint "Cleanup", Time since last: 4001453683 ns, Reaching safepoint: 87471 ns, Cleanup: 16170 ns, At safepoint: 12289 ns, Total: 115930 ns
[2025-05-22T10:39:37.624+0000][71][info ][safepoint   ] Safepoint "Cleanup", Time since last: 17551365662 ns, Reaching safepoint: 93266875 ns, Cleanup: 43705 ns, At safepoint: 156084 ns, Total: 93466664 ns
[2025-05-22T10:39:38.625+0000][71][info ][safepoint   ] Safepoint "Cleanup", Time since last: 1001048857 ns, Reaching safepoint: 228981 ns, Cleanup: 24424 ns, At safepoint: 101071 ns, Total: 354476 ns
[2025-05-22T10:39:41.627+0000][71][info ][safepoint   ] Safepoint "Cleanup", Time since last: 3001350228 ns, Reaching safepoint: 29883 ns, Cleanup: 23947 ns, At safepoint: 15988 ns, Total: 69818 ns
[2025-05-22T10:39:56.662+0000][71][info ][safepoint   ] Safepoint "Cleanup", Time since last: 15030190551 ns, Reaching safepoint: 8810903 ns, Cleanup: 47372 ns, At safepoint: 105370 ns, Total: 8963645 ns
[2025-05-22T10:40:01.719+0000][71][info ][safepoint   ] Safepoint "Cleanup", Time since last: 5001541551 ns, Reaching safepoint: 54894277 ns, Cleanup: 22330 ns, At safepoint: 221506 ns, Total: 55138113 ns
[2025-05-22T10:40:03.103+0000][71][info ][safepoint   ] Safepoint "Cleanup", Time since last: 1384548355 ns, Reaching safepoint: 19906 ns, Cleanup: 27828 ns, At safepoint: 10101 ns, Total: 57835 ns
[2025-05-22T10:40:04.124+0000][71][info ][safepoint   ] Safepoint "Cleanup", Time since last: 1019867983 ns, Reaching safepoint: 26221 ns, Cleanup: 20616 ns, At safepoint: 186206 ns, Total: 233043 ns
[2025-05-22T10:40:05.124+0000][71][info ][safepoint   ] Safepoint "Cleanup", Time since last: 1000737407 ns, Reaching safepoint: 25327 ns, Cleanup: 15337 ns, At safepoint: 9743 ns, Total: 50407 ns
[2025-05-22T10:40:12.123+0000][71][info ][safepoint   ] Safepoint "Cleanup", Time since last: 7002265519 ns, Reaching safepoint: 43356 ns, Cleanup: 13485 ns, At safepoint: 7907 ns, Total: 64748 ns
[2025-05-22T10:40:35.312+0000][71][info ][safepoint   ] Safepoint "Cleanup", Time since last: 23189033459 ns, Reaching safepoint: 32159 ns, Cleanup: 17336 ns, At safepoint: 17873 ns, Total: 67368 ns
[2025-05-22T10:40:53.313+0000][71][info ][safepoint   ] Safepoint "Cleanup", Time since last: 18003609945 ns, Reaching safepoint: 226363 ns, Cleanup: 22346 ns, At safepoint: 48250 ns, Total: 296959 ns
[2025-05-22T10:41:01.315+0000][71][info ][safepoint   ] Safepoint "Cleanup", Time since last: 8001950242 ns, Reaching safepoint: 68910 ns, Cleanup: 19756 ns, At safepoint: 20606 ns, Total: 109272 ns
[2025-05-22T10:41:02.316+0000][71][info ][safepoint   ] Safepoint "Cleanup", Time since last: 1000687094 ns, Reaching safepoint: 17061 ns, Cleanup: 12579 ns, At safepoint: 7495 ns, Total: 37135 ns
[2025-05-22T10:41:04.483+0000][71][info ][safepoint   ] Safepoint "Cleanup", Time since last: 2167045604 ns, Reaching safepoint: 213156 ns, Cleanup: 11912 ns, At safepoint: 50146 ns, Total: 275214 ns
[2025-05-22T10:41:06.182+0000][71][info ][safepoint   ] Safepoint "Cleanup", Time since last: 1698555307 ns, Reaching safepoint: 33830 ns, Cleanup: 20245 ns, At safepoint: 18479 ns, Total: 72554 ns
[2025-05-22T10:41:11.184+0000][71][info ][safepoint   ] Safepoint "Cleanup", Time since last: 5001627467 ns, Reaching safepoint: 79065 ns, Cleanup: 20909 ns, At safepoint: 31945 ns, Total: 131919 ns
[2025-05-22T10:41:14.181+0000][71][info ][safepoint   ] Safepoint "Cleanup", Time since last: 3001251290 ns, Reaching safepoint: 32930 ns, Cleanup: 17994 ns, At safepoint: 86027 ns, Total: 136951 ns
[2025-05-22T10:41:57.346+0000][71][info ][safepoint   ] Safepoint "Cleanup", Time since last: 43168281448 ns, Reaching safepoint: 73791 ns, Cleanup: 21206 ns, At safepoint: 16278 ns, Total: 111275 ns
[2025-05-22T10:42:00.348+0000][71][info ][safepoint   ] Safepoint "Cleanup", Time since last: 3001386462 ns, Reaching safepoint: 36500 ns, Cleanup: 20472 ns, At safepoint: 18513 ns, Total: 75485 ns
[2025-05-22T10:42:08.216+0000][71][info ][safepoint   ] Safepoint "Cleanup", Time since last: 7868451884 ns, Reaching safepoint: 21943 ns, Cleanup: 22499 ns, At safepoint: 96584 ns, Total: 141026 ns
[2025-05-22T10:42:17.247+0000][71][info ][safepoint   ] Safepoint "Cleanup", Time since last: 9033639464 ns, Reaching safepoint: 28557 ns, Cleanup: 16921 ns, At safepoint: 15159 ns, Total: 60637 ns
[2025-05-22T10:42:34.380+0000][71][info ][safepoint   ] Safepoint "Cleanup", Time since last: 17133497906 ns, Reaching safepoint: 29717 ns, Cleanup: 20117 ns, At safepoint: 15965 ns, Total: 65799 ns
[2025-05-22T10:42:36.381+0000][71][info ][safepoint   ] Safepoint "Cleanup", Time since last: 2001110928 ns, Reaching safepoint: 30814 ns, Cleanup: 18495 ns, At safepoint: 16303 ns, Total: 65612 ns
[2025-05-22T10:42:40.402+0000][71][info ][gc,start    ] GC(16) Pause Young (Mixed) (G1 Evacuation Pause)
[2025-05-22T10:42:40.403+0000][71][info ][gc,task     ] GC(16) Using 10 workers of 10 for evacuation
[2025-05-22T10:42:40.403+0000][71][debug][gc,age      ] GC(16) Desired survivor size 31457280 bytes, new threshold 15 (max threshold 15)
[2025-05-22T10:42:40.519+0000][71][info ][gc,phases   ] GC(16)   Pre Evacuate Collection Set: 12.89ms
[2025-05-22T10:42:40.520+0000][71][info ][gc,phases   ] GC(16)   Merge Heap Roots: 2.27ms
[2025-05-22T10:42:40.520+0000][71][info ][gc,phases   ] GC(16)   Evacuate Collection Set: 92.49ms
[2025-05-22T10:42:40.520+0000][71][info ][gc,phases   ] GC(16)   Post Evacuate Collection Set: 6.88ms
[2025-05-22T10:42:40.521+0000][71][info ][gc,phases   ] GC(16)   Other: 2.15ms
[2025-05-22T10:42:40.521+0000][71][trace][gc,age      ] GC(16) Age table with threshold 15 (max threshold 15)
[2025-05-22T10:42:40.522+0000][71][trace][gc,age      ] GC(16) - age   1:     859000 bytes,     859000 total
[2025-05-22T10:42:40.522+0000][71][trace][gc,age      ] GC(16) - age   2:    2377280 bytes,    3236280 total
[2025-05-22T10:42:40.523+0000][71][trace][gc,age      ] GC(16) - age   3:    1507440 bytes,    4743720 total
[2025-05-22T10:42:40.523+0000][71][trace][gc,age      ] GC(16) - age   4:     837896 bytes,    5581616 total
[2025-05-22T10:42:40.523+0000][71][info ][gc,heap     ] GC(16) Eden regions: 117->0(193)
[2025-05-22T10:42:40.524+0000][71][info ][gc,heap     ] GC(16) Survivor regions: 2->2(15)
[2025-05-22T10:42:40.524+0000][71][info ][gc,heap     ] GC(16) Old regions: 27->27
[2025-05-22T10:42:40.525+0000][71][info ][gc,heap     ] GC(16) Humongous regions: 0->0
[2025-05-22T10:42:40.525+0000][71][info ][gc,metaspace] GC(16) Metaspace: 146694K(150656K)->146694K(150656K) NonClass: 126555K(128768K)->126555K(128768K) Class: 20139K(21888K)->20139K(21888K)
[2025-05-22T10:42:40.526+0000][71][info ][gc          ] GC(16) Pause Young (Mixed) (G1 Evacuation Pause) 582M->113M(3880M) 124.226ms
[2025-05-22T10:42:40.526+0000][71][info ][gc,cpu      ] GC(16) User=0.70s Sys=0.05s Real=0.13s
[2025-05-22T10:42:40.527+0000][71][info ][safepoint   ] Safepoint "G1CollectForAllocation", Time since last: 4017416982 ns, Reaching safepoint: 30056 ns, Cleanup: 6502 ns, At safepoint: 127780950 ns, Total: 127817508 ns
[2025-05-22T10:42:41.527+0000][71][info ][safepoint   ] Safepoint "Cleanup", Time since last: 1000667539 ns, Reaching safepoint: 69916 ns, Cleanup: 22084 ns, At safepoint: 14218 ns, Total: 106218 ns
[2025-05-22T10:42:52.429+0000][71][info ][safepoint   ] Safepoint "Cleanup", Time since last: 10906151498 ns, Reaching safepoint: 12866 ns, Cleanup: 74753 ns, At safepoint: 24424 ns, Total: 112043 ns
[2025-05-22T10:42:54.278+0000][71][info ][safepoint   ] Safepoint "Cleanup", Time since last: 1849085656 ns, Reaching safepoint: 35403 ns, Cleanup: 26661 ns, At safepoint: 20101 ns, Total: 82165 ns
[2025-05-22T10:42:56.322+0000][71][info ][safepoint   ] Safepoint "Cleanup", Time since last: 2043568228 ns, Reaching safepoint: 69155 ns, Cleanup: 24526 ns, At safepoint: 33198 ns, Total: 126879 ns
[2025-05-22T10:43:06.325+0000][71][info ][safepoint   ] Safepoint "Cleanup", Time since last: 10002079089 ns, Reaching safepoint: 141055 ns, Cleanup: 118116 ns, At safepoint: 20151 ns, Total: 279322 ns
[2025-05-22T10:43:07.326+0000][71][info ][safepoint   ] Safepoint "Cleanup", Time since last: 1001402287 ns, Reaching safepoint: 27803 ns, Cleanup: 23095 ns, At safepoint: 15839 ns, Total: 66737 ns
[2025-05-22T10:43:10.435+0000][71][info ][safepoint   ] Safepoint "Cleanup", Time since last: 3108910938 ns, Reaching safepoint: 6308 ns, Cleanup: 14288 ns, At safepoint: 3743 ns, Total: 24339 ns
[2025-05-22T10:43:11.892+0000][71][info ][safepoint   ] Safepoint "Cleanup", Time since last: 1457155698 ns, Reaching safepoint: 27912 ns, Cleanup: 19211 ns, At safepoint: 20093 ns, Total: 67216 ns
[2025-05-22T10:43:16.892+0000][71][info ][safepoint   ] Safepoint "Cleanup", Time since last: 5002466589 ns, Reaching safepoint: 17495 ns, Cleanup: 12594 ns, At safepoint: 7191 ns, Total: 37280 ns
[2025-05-22T10:43:21.894+0000][71][info ][safepoint   ] Safepoint "Cleanup", Time since last: 5001407205 ns, Reaching safepoint: 705631 ns, Cleanup: 23372 ns, At safepoint: 220531 ns, Total: 949534 ns
[2025-05-22T10:43:23.896+0000][71][info ][safepoint   ] Safepoint "Cleanup", Time since last: 2001341220 ns, Reaching safepoint: 30727 ns, Cleanup: 171711 ns, At safepoint: 135041 ns, Total: 337479 ns
[2025-05-22T10:43:31.418+0000][71][info ][safepoint   ] Safepoint "Cleanup", Time since last: 7521811577 ns, Reaching safepoint: 26611 ns, Cleanup: 10343 ns, At safepoint: 16373 ns, Total: 53327 ns
[2025-05-22T10:43:34.419+0000][71][info ][safepoint   ] Safepoint "Cleanup", Time since last: 3001401436 ns, Reaching safepoint: 31624 ns, Cleanup: 22682 ns, At safepoint: 17355 ns, Total: 71661 ns
[2025-05-22T10:43:36.421+0000][71][info ][safepoint   ] Safepoint "Cleanup", Time since last: 2001586776 ns, Reaching safepoint: 24304 ns, Cleanup: 26920 ns, At safepoint: 13836 ns, Total: 65060 ns
[2025-05-22T10:43:52.422+0000][71][info ][safepoint   ] Safepoint "Cleanup", Time since last: 16004716123 ns, Reaching safepoint: 506318 ns, Cleanup: 22294 ns, At safepoint: 85175 ns, Total: 613787 ns
[2025-05-22T10:44:01.425+0000][71][info ][safepoint   ] Safepoint "Cleanup", Time since last: 9003050056 ns, Reaching safepoint: 40730 ns, Cleanup: 15290 ns, At safepoint: 7909 ns, Total: 63929 ns
[2025-05-22T10:44:07.427+0000][71][info ][safepoint   ] Safepoint "Cleanup", Time since last: 6001703200 ns, Reaching safepoint: 26885 ns, Cleanup: 30192 ns, At safepoint: 12373 ns, Total: 69450 ns
[2025-05-22T10:44:12.426+0000][71][info ][safepoint   ] Safepoint "Cleanup", Time since last: 5002035072 ns, Reaching safepoint: 29194 ns, Cleanup: 24217 ns, At safepoint: 15594 ns, Total: 69005 ns
[2025-05-22T10:44:13.428+0000][71][info ][safepoint   ] Safepoint "Cleanup", Time since last: 1001281865 ns, Reaching safepoint: 148217 ns, Cleanup: 12240 ns, At safepoint: 60876 ns, Total: 221333 ns
[2025-05-22T10:44:14.428+0000][71][info ][safepoint   ] Safepoint "Cleanup", Time since last: 1000413268 ns, Reaching safepoint: 10528 ns, Cleanup: 22659 ns, At safepoint: 7400 ns, Total: 40587 ns
[2025-05-22T10:44:16.485+0000][71][info ][safepoint   ] Safepoint "Cleanup", Time since last: 2056421018 ns, Reaching safepoint: 20216 ns, Cleanup: 16339 ns, At safepoint: 9436 ns, Total: 45991 ns
[2025-05-22T10:44:32.462+0000][71][info ][safepoint   ] Safepoint "Cleanup", Time since last: 15977048794 ns, Reaching safepoint: 28716 ns, Cleanup: 26233 ns, At safepoint: 15210 ns, Total: 70159 ns
[2025-05-22T10:44:34.463+0000][71][info ][safepoint   ] Safepoint "Cleanup", Time since last: 2001226807 ns, Reaching safepoint: 29386 ns, Cleanup: 23308 ns, At safepoint: 15337 ns, Total: 68031 ns
[2025-05-22T10:44:38.465+0000][71][info ][safepoint   ] Safepoint "Cleanup", Time since last: 4001489037 ns, Reaching safepoint: 35071 ns, Cleanup: 26239 ns, At safepoint: 17604 ns, Total: 78914 ns
[2025-05-22T10:44:42.462+0000][71][info ][safepoint   ] Safepoint "Cleanup", Time since last: 4001613140 ns, Reaching safepoint: 31924 ns, Cleanup: 21352 ns, At safepoint: 15766 ns, Total: 69042 ns
[2025-05-22T10:44:58.466+0000][71][info ][safepoint   ] Safepoint "Cleanup", Time since last: 16003107792 ns, Reaching safepoint: 140546 ns, Cleanup: 18995 ns, At safepoint: 14031 ns, Total: 173572 ns
[2025-05-22T10:45:16.432+0000][71][info ][safepoint   ] Safepoint "Cleanup", Time since last: 17969833861 ns, Reaching safepoint: 18365 ns, Cleanup: 13251 ns, At safepoint: 111992 ns, Total: 143608 ns
[2025-05-22T10:45:17.477+0000][71][info ][safepoint   ] Safepoint "Cleanup", Time since last: 1045137014 ns, Reaching safepoint: 30839 ns, Cleanup: 17556 ns, At safepoint: 16036 ns, Total: 64431 ns
[2025-05-22T10:45:18.529+0000][71][info ][safepoint   ] Safepoint "Cleanup", Time since last: 1051722961 ns, Reaching safepoint: 31598 ns, Cleanup: 18685 ns, At safepoint: 18116 ns, Total: 68399 ns
[2025-05-22T10:45:22.531+0000][71][info ][safepoint   ] Safepoint "Cleanup", Time since last: 4001333909 ns, Reaching safepoint: 34210 ns, Cleanup: 18905 ns, At safepoint: 90499 ns, Total: 143614 ns
[2025-05-22T10:45:34.499+0000][71][info ][safepoint   ] Safepoint "Cleanup", Time since last: 11967992412 ns, Reaching safepoint: 22311 ns, Cleanup: 16344 ns, At safepoint: 9433 ns, Total: 48088 ns
[2025-05-22T10:45:56.501+0000][71][info ][safepoint   ] Safepoint "Cleanup", Time since last: 22004935254 ns, Reaching safepoint: 161928 ns, Cleanup: 112172 ns, At safepoint: 37825 ns, Total: 311925 ns
[2025-05-22T10:45:59.502+0000][71][info ][safepoint   ] Safepoint "Cleanup", Time since last: 3001162134 ns, Reaching safepoint: 114253 ns, Cleanup: 21301 ns, At safepoint: 19005 ns, Total: 154559 ns
[2025-05-22T10:46:13.501+0000][71][info ][safepoint   ] Safepoint "Cleanup", Time since last: 14002784065 ns, Reaching safepoint: 109087 ns, Cleanup: 17138 ns, At safepoint: 17947 ns, Total: 144172 ns
[2025-05-22T10:46:20.824+0000][71][info ][safepoint   ] Safepoint "Cleanup", Time since last: 7323193029 ns, Reaching safepoint: 16609 ns, Cleanup: 22703 ns, At safepoint: 78701 ns, Total: 118013 ns
[2025-05-22T10:46:26.827+0000][71][info ][safepoint   ] Safepoint "Cleanup", Time since last: 6002013499 ns, Reaching safepoint: 41295 ns, Cleanup: 22182 ns, At safepoint: 18119 ns, Total: 81596 ns
[2025-05-22T10:46:28.828+0000][71][info ][safepoint   ] Safepoint "Cleanup", Time since last: 2000887181 ns, Reaching safepoint: 55479 ns, Cleanup: 14822 ns, At safepoint: 9495 ns, Total: 79796 ns
[2025-05-22T10:46:34.533+0000][71][info ][safepoint   ] Safepoint "Cleanup", Time since last: 5705588818 ns, Reaching safepoint: 32190 ns, Cleanup: 18134 ns, At safepoint: 18377 ns, Total: 68701 ns
[2025-05-22T10:46:36.534+0000][71][info ][safepoint   ] Safepoint "Cleanup", Time since last: 2001188550 ns, Reaching safepoint: 30049 ns, Cleanup: 17680 ns, At safepoint: 15130 ns, Total: 62859 ns
[2025-05-22T10:46:41.536+0000][71][info ][safepoint   ] Safepoint "Cleanup", Time since last: 5001479559 ns, Reaching safepoint: 119462 ns, Cleanup: 80372 ns, At safepoint: 20209 ns, Total: 220043 ns
[2025-05-22T10:46:59.576+0000][71][info ][safepoint   ] Safepoint "Cleanup", Time since last: 18042887546 ns, Reaching safepoint: 88147 ns, Cleanup: 20499 ns, At safepoint: 17089 ns, Total: 125735 ns
[2025-05-22T10:47:01.577+0000][71][info ][safepoint   ] Safepoint "Cleanup", Time since last: 2000910066 ns, Reaching safepoint: 19441 ns, Cleanup: 18514 ns, At safepoint: 8860 ns, Total: 46815 ns
[2025-05-22T10:47:04.578+0000][71][info ][safepoint   ] Safepoint "Cleanup", Time since last: 3000987119 ns, Reaching safepoint: 19498 ns, Cleanup: 18609 ns, At safepoint: 8413 ns, Total: 46520 ns
[2025-05-22T10:47:12.576+0000][71][info ][safepoint   ] Safepoint "Cleanup", Time since last: 8001838132 ns, Reaching safepoint: 23947 ns, Cleanup: 16205 ns, At safepoint: 9993 ns, Total: 50145 ns
[2025-05-22T10:47:20.586+0000][71][info ][safepoint   ] Safepoint "Cleanup", Time since last: 8010011759 ns, Reaching safepoint: 30597 ns, Cleanup: 19161 ns, At safepoint: 15839 ns, Total: 65597 ns
[2025-05-22T10:47:21.587+0000][71][info ][safepoint   ] Safepoint "Cleanup", Time since last: 1000944921 ns, Reaching safepoint: 30344 ns, Cleanup: 16991 ns, At safepoint: 15750 ns, Total: 63085 ns
[2025-05-22T10:47:22.914+0000][71][info ][safepoint   ] Safepoint "Cleanup", Time since last: 1326563352 ns, Reaching safepoint: 14914 ns, Cleanup: 19143 ns, At safepoint: 69344 ns, Total: 103401 ns
[2025-05-22T10:47:23.936+0000][71][info ][safepoint   ] Safepoint "Cleanup", Time since last: 1022122479 ns, Reaching safepoint: 32878 ns, Cleanup: 37498 ns, At safepoint: 18074 ns, Total: 88450 ns
[2025-05-22T10:47:25.938+0000][71][info ][safepoint   ] Safepoint "Cleanup", Time since last: 2001109701 ns, Reaching safepoint: 646449 ns, Cleanup: 17402 ns, At safepoint: 180777 ns, Total: 844628 ns
[2025-05-22T10:47:26.939+0000][71][info ][safepoint   ] Safepoint "Cleanup", Time since last: 1000690858 ns, Reaching safepoint: 33026 ns, Cleanup: 22092 ns, At safepoint: 18950 ns, Total: 74068 ns
[2025-05-22T10:47:30.940+0000][71][info ][safepoint   ] Safepoint "Cleanup", Time since last: 4001317865 ns, Reaching safepoint: 31588 ns, Cleanup: 14054 ns, At safepoint: 17194 ns, Total: 62836 ns
[2025-05-22T10:47:34.639+0000][71][info ][safepoint   ] Safepoint "Cleanup", Time since last: 3699022005 ns, Reaching safepoint: 30769 ns, Cleanup: 20502 ns, At safepoint: 17132 ns, Total: 68403 ns
[2025-05-22T10:47:40.641+0000][71][info ][safepoint   ] Safepoint "Cleanup", Time since last: 6001612782 ns, Reaching safepoint: 163158 ns, Cleanup: 20622 ns, At safepoint: 22274 ns, Total: 206054 ns
[2025-05-22T10:47:43.639+0000][71][info ][safepoint   ] Safepoint "Cleanup", Time since last: 3001093881 ns, Reaching safepoint: 28904 ns, Cleanup: 16997 ns, At safepoint: 15370 ns, Total: 61271 ns
[2025-05-22T10:47:58.010+0000][71][info ][safepoint   ] Safepoint "Cleanup", Time since last: 14370573085 ns, Reaching safepoint: 21988 ns, Cleanup: 14156 ns, At safepoint: 115319 ns, Total: 151463 ns
[2025-05-22T10:47:59.011+0000][71][info ][safepoint   ] Safepoint "Cleanup", Time since last: 1000949291 ns, Reaching safepoint: 29813 ns, Cleanup: 18023 ns, At safepoint: 16060 ns, Total: 63896 ns
[2025-05-22T10:48:00.011+0000][71][info ][safepoint   ] Safepoint "Cleanup", Time since last: 1000718846 ns, Reaching safepoint: 22284 ns, Cleanup: 16012 ns, At safepoint: 8838 ns, Total: 47134 ns
[2025-05-22T10:48:01.013+0000][71][info ][safepoint   ] Safepoint "Cleanup", Time since last: 1001806702 ns, Reaching safepoint: 32981 ns, Cleanup: 19741 ns, At safepoint: 16773 ns, Total: 69495 ns
[2025-05-22T10:48:05.015+0000][71][info ][safepoint   ] Safepoint "Cleanup", Time since last: 4001325661 ns, Reaching safepoint: 32935 ns, Cleanup: 20771 ns, At safepoint: 62637 ns, Total: 116343 ns
[2025-05-22T10:48:11.148+0000][71][info ][safepoint   ] Safepoint "Cleanup", Time since last: 6132774419 ns, Reaching safepoint: 14429 ns, Cleanup: 15626 ns, At safepoint: 67903 ns, Total: 97958 ns
[2025-05-22T10:48:12.404+0000][71][info ][safepoint   ] Safepoint "Cleanup", Time since last: 1258955104 ns, Reaching safepoint: 19079 ns, Cleanup: 17691 ns, At safepoint: 7724 ns, Total: 44494 ns
[2025-05-22T10:48:26.048+0000][71][info ][safepoint   ] Safepoint "Cleanup", Time since last: 13644120536 ns, Reaching safepoint: 14164 ns, Cleanup: 7945 ns, At safepoint: 33762 ns, Total: 55871 ns
[2025-05-22T10:48:27.054+0000][71][info ][safepoint   ] Safepoint "Cleanup", Time since last: 1005974700 ns, Reaching safepoint: 26390 ns, Cleanup: 24443 ns, At safepoint: 14559 ns, Total: 65392 ns
[2025-05-22T10:48:36.682+0000][71][info ][safepoint   ] Safepoint "Cleanup", Time since last: 9627601953 ns, Reaching safepoint: 25550 ns, Cleanup: 17221 ns, At safepoint: 10872 ns, Total: 53643 ns
[2025-05-22T10:48:41.683+0000][71][info ][safepoint   ] Safepoint "Cleanup", Time since last: 5001494208 ns, Reaching safepoint: 92724 ns, Cleanup: 17125 ns, At safepoint: 14101 ns, Total: 123950 ns
[2025-05-22T10:49:00.683+0000][71][info ][safepoint   ] Safepoint "Cleanup", Time since last: 19003360510 ns, Reaching safepoint: 89848 ns, Cleanup: 14334 ns, At safepoint: 12702 ns, Total: 116884 ns
[2025-05-22T10:49:01.703+0000][71][info ][safepoint   ] Safepoint "Cleanup", Time since last: 1020202143 ns, Reaching safepoint: 29990 ns, Cleanup: 19899 ns, At safepoint: 15600 ns, Total: 65489 ns
[2025-05-22T10:49:28.422+0000][71][info ][safepoint   ] Safepoint "Cleanup", Time since last: 26722534870 ns, Reaching safepoint: 5098 ns, Cleanup: 5838 ns, At safepoint: 2916 ns, Total: 13852 ns
[2025-05-22T10:49:30.088+0000][71][info ][safepoint   ] Safepoint "Cleanup", Time since last: 1665136808 ns, Reaching safepoint: 29972 ns, Cleanup: 18973 ns, At safepoint: 15153 ns, Total: 64098 ns
[2025-05-22T10:49:31.089+0000][71][info ][safepoint   ] Safepoint "Cleanup", Time since last: 1000765959 ns, Reaching safepoint: 29810 ns, Cleanup: 228626 ns, At safepoint: 31677 ns, Total: 290113 ns
[2025-05-22T10:49:34.717+0000][71][info ][safepoint   ] Safepoint "Cleanup", Time since last: 3627974233 ns, Reaching safepoint: 32632 ns, Cleanup: 174954 ns, At safepoint: 30464 ns, Total: 238050 ns
[2025-05-22T10:49:42.715+0000][71][info ][safepoint   ] Safepoint "Cleanup", Time since last: 8001819614 ns, Reaching safepoint: 65394 ns, Cleanup: 19131 ns, At safepoint: 15568 ns, Total: 100093 ns
[2025-05-22T10:50:27.720+0000][71][info ][safepoint   ] Safepoint "Cleanup", Time since last: 45007409728 ns, Reaching safepoint: 32890 ns, Cleanup: 23819 ns, At safepoint: 17317 ns, Total: 74026 ns
[2025-05-22T10:50:31.417+0000][71][info ][safepoint   ] Safepoint "Cleanup", Time since last: 3696275471 ns, Reaching safepoint: 835213 ns, Cleanup: 18070 ns, At safepoint: 75057 ns, Total: 928340 ns
[2025-05-22T10:50:33.150+0000][71][info ][safepoint   ] Safepoint "Cleanup", Time since last: 1733385842 ns, Reaching safepoint: 18451 ns, Cleanup: 18817 ns, At safepoint: 8389 ns, Total: 45657 ns
[2025-05-22T10:50:34.151+0000][71][info ][safepoint   ] Safepoint "Cleanup", Time since last: 1000517836 ns, Reaching safepoint: 147573 ns, Cleanup: 18543 ns, At safepoint: 91203 ns, Total: 257319 ns
[2025-05-22T10:50:35.152+0000][71][info ][safepoint   ] Safepoint "Cleanup", Time since last: 1000629943 ns, Reaching safepoint: 30107 ns, Cleanup: 18466 ns, At safepoint: 15992 ns, Total: 64565 ns
[2025-05-22T10:50:52.152+0000][71][info ][safepoint   ] Safepoint "Cleanup", Time since last: 17003014168 ns, Reaching safepoint: 59784 ns, Cleanup: 15113 ns, At safepoint: 8146 ns, Total: 83043 ns
[2025-05-22T10:50:56.153+0000][71][info ][safepoint   ] Safepoint "Cleanup", Time since last: 4001205741 ns, Reaching safepoint: 33413 ns, Cleanup: 19403 ns, At safepoint: 21205 ns, Total: 74021 ns
[2025-05-22T10:51:32.156+0000][71][info ][safepoint   ] Safepoint "Cleanup", Time since last: 36006794223 ns, Reaching safepoint: 47298 ns, Cleanup: 20863 ns, At safepoint: 17225 ns, Total: 85386 ns
[2025-05-22T10:51:34.157+0000][71][info ][safepoint   ] Safepoint "Cleanup", Time since last: 2000859265 ns, Reaching safepoint: 30181 ns, Cleanup: 20139 ns, At safepoint: 16023 ns, Total: 66343 ns
[2025-05-22T10:51:35.169+0000][71][info ][safepoint   ] Safepoint "Cleanup", Time since last: 1012075095 ns, Reaching safepoint: 6786 ns, Cleanup: 86220 ns, At safepoint: 17811 ns, Total: 110817 ns
[2025-05-22T10:51:36.189+0000][71][info ][safepoint   ] Safepoint "Cleanup", Time since last: 1019246496 ns, Reaching safepoint: 29970 ns, Cleanup: 19733 ns, At safepoint: 15693 ns, Total: 65396 ns
[2025-05-22T10:51:37.190+0000][71][info ][safepoint   ] Safepoint "Cleanup", Time since last: 1000887220 ns, Reaching safepoint: 30836 ns, Cleanup: 19600 ns, At safepoint: 16460 ns, Total: 66896 ns
[2025-05-22T10:51:47.188+0000][71][info ][safepoint   ] Safepoint "Cleanup", Time since last: 10001935835 ns, Reaching safepoint: 89776 ns, Cleanup: 19858 ns, At safepoint: 30189 ns, Total: 139823 ns
[2025-05-22T10:51:51.190+0000][71][info ][safepoint   ] Safepoint "Cleanup", Time since last: 4001268404 ns, Reaching safepoint: 20213 ns, Cleanup: 14596 ns, At safepoint: 9104 ns, Total: 43913 ns
[2025-05-22T10:52:01.192+0000][71][info ][safepoint   ] Safepoint "Cleanup", Time since last: 10002348898 ns, Reaching safepoint: 68166 ns, Cleanup: 24442 ns, At safepoint: 19052 ns, Total: 111660 ns
[2025-05-22T10:52:05.193+0000][71][info ][safepoint   ] Safepoint "Cleanup", Time since last: 4001167199 ns, Reaching safepoint: 34118 ns, Cleanup: 18340 ns, At safepoint: 17099 ns, Total: 69557 ns
[2025-05-22T10:52:12.192+0000][71][info ][safepoint   ] Safepoint "Cleanup", Time since last: 7001641930 ns, Reaching safepoint: 33929 ns, Cleanup: 171809 ns, At safepoint: 38205 ns, Total: 243943 ns
[2025-05-22T10:52:31.815+0000][71][info ][safepoint   ] Safepoint "Cleanup", Time since last: 19623068413 ns, Reaching safepoint: 49208 ns, Cleanup: 17889 ns, At safepoint: 5873 ns, Total: 72970 ns
[2025-05-22T10:52:33.817+0000][71][info ][safepoint   ] Safepoint "Cleanup", Time since last: 2001573157 ns, Reaching safepoint: 35243 ns, Cleanup: 24092 ns, At safepoint: 20069 ns, Total: 79404 ns
[2025-05-22T10:52:34.818+0000][71][info ][safepoint   ] Safepoint "Cleanup", Time since last: 1000652479 ns, Reaching safepoint: 31680 ns, Cleanup: 18730 ns, At safepoint: 17842 ns, Total: 68252 ns
[2025-05-22T10:52:37.411+0000][71][info ][safepoint   ] Safepoint "Cleanup", Time since last: 2593033904 ns, Reaching safepoint: 12120 ns, Cleanup: 12163 ns, At safepoint: 25872 ns, Total: 50155 ns
[2025-05-22T10:52:39.240+0000][71][info ][safepoint   ] Safepoint "Cleanup", Time since last: 1828559479 ns, Reaching safepoint: 35744 ns, Cleanup: 24930 ns, At safepoint: 11425 ns, Total: 72099 ns
[2025-05-22T10:52:42.255+0000][71][info ][safepoint   ] Safepoint "Cleanup", Time since last: 3017467616 ns, Reaching safepoint: 74640 ns, Cleanup: 22826 ns, At safepoint: 18338 ns, Total: 115804 ns
[2025-05-22T10:52:43.255+0000][71][info ][safepoint   ] Safepoint "Cleanup", Time since last: 1000598765 ns, Reaching safepoint: 86763 ns, Cleanup: 18967 ns, At safepoint: 12107 ns, Total: 117837 ns
[2025-05-22T10:52:44.310+0000][71][info ][safepoint   ] Safepoint "Cleanup", Time since last: 1054376017 ns, Reaching safepoint: 68614 ns, Cleanup: 16873 ns, At safepoint: 16706 ns, Total: 102193 ns
[2025-05-22T10:52:46.388+0000][71][info ][safepoint   ] Safepoint "Cleanup", Time since last: 2077708366 ns, Reaching safepoint: 26230 ns, Cleanup: 10869 ns, At safepoint: 14703 ns, Total: 51802 ns
[2025-05-22T10:52:48.325+0000][71][info ][safepoint   ] Safepoint "Cleanup", Time since last: 1937781402 ns, Reaching safepoint: 33897 ns, Cleanup: 36762 ns, At safepoint: 18251 ns, Total: 88910 ns
[2025-05-22T10:52:56.327+0000][71][info ][safepoint   ] Safepoint "Cleanup", Time since last: 8001707040 ns, Reaching safepoint: 30832 ns, Cleanup: 18236 ns, At safepoint: 16823 ns, Total: 65891 ns
[2025-05-22T10:52:58.405+0000][71][info ][safepoint   ] Safepoint "Cleanup", Time since last: 2077949156 ns, Reaching safepoint: 12901 ns, Cleanup: 13772 ns, At safepoint: 21444 ns, Total: 48117 ns
[2025-05-22T10:53:00.364+0000][71][info ][safepoint   ] Safepoint "Cleanup", Time since last: 1958450435 ns, Reaching safepoint: 21511 ns, Cleanup: 24327 ns, At safepoint: 9603 ns, Total: 55441 ns
[2025-05-22T10:53:06.414+0000][71][info ][safepoint   ] Safepoint "Cleanup", Time since last: 6049989109 ns, Reaching safepoint: 251020 ns, Cleanup: 57408 ns, At safepoint: 14611 ns, Total: 323039 ns
[2025-05-22T10:53:07.417+0000][71][info ][safepoint   ] Safepoint "Cleanup", Time since last: 1003235998 ns, Reaching safepoint: 31384 ns, Cleanup: 17189 ns, At safepoint: 16167 ns, Total: 64740 ns
[2025-05-22T10:53:10.418+0000][71][info ][safepoint   ] Safepoint "Cleanup", Time since last: 3001073070 ns, Reaching safepoint: 70710 ns, Cleanup: 15675 ns, At safepoint: 10611 ns, Total: 96996 ns
[2025-05-22T10:53:11.642+0000][71][info ][safepoint   ] Safepoint "Cleanup", Time since last: 1223299297 ns, Reaching safepoint: 14103 ns, Cleanup: 16890 ns, At safepoint: 21006 ns, Total: 51999 ns
[2025-05-22T10:53:12.640+0000][71][info ][safepoint   ] Safepoint "Cleanup", Time since last: 1001301593 ns, Reaching safepoint: 43165 ns, Cleanup: 17114 ns, At safepoint: 8120 ns, Total: 68399 ns
[2025-05-22T10:53:13.641+0000][71][info ][safepoint   ] Safepoint "Cleanup", Time since last: 1000764339 ns, Reaching safepoint: 49953 ns, Cleanup: 15953 ns, At safepoint: 12017 ns, Total: 77923 ns
[2025-05-22T10:53:33.850+0000][71][info ][safepoint   ] Safepoint "Cleanup", Time since last: 20209514557 ns, Reaching safepoint: 32702 ns, Cleanup: 17552 ns, At safepoint: 16966 ns, Total: 67220 ns
[2025-05-22T10:53:40.450+0000][71][info ][safepoint   ] Safepoint "Cleanup", Time since last: 6599479570 ns, Reaching safepoint: 126807 ns, Cleanup: 18792 ns, At safepoint: 54866 ns, Total: 200465 ns
[2025-05-22T10:53:41.455+0000][71][info ][safepoint   ] Safepoint "Cleanup", Time since last: 1004898524 ns, Reaching safepoint: 11138 ns, Cleanup: 157943 ns, At safepoint: 74515 ns, Total: 243596 ns
[2025-05-22T10:53:42.488+0000][71][info ][safepoint   ] Safepoint "Cleanup", Time since last: 1036557835 ns, Reaching safepoint: 89797 ns, Cleanup: 16868 ns, At safepoint: 16597 ns, Total: 123262 ns
[2025-05-22T10:53:52.490+0000][71][info ][safepoint   ] Safepoint "Cleanup", Time since last: 10001901820 ns, Reaching safepoint: 32468 ns, Cleanup: 18185 ns, At safepoint: 13264 ns, Total: 63917 ns
[2025-05-22T10:54:33.882+0000][71][info ][safepoint   ] Safepoint "Cleanup", Time since last: 41394255377 ns, Reaching safepoint: 32044 ns, Cleanup: 21234 ns, At safepoint: 16337 ns, Total: 69615 ns
[2025-05-22T10:54:41.884+0000][71][info ][safepoint   ] Safepoint "Cleanup", Time since last: 8001957689 ns, Reaching safepoint: 30386 ns, Cleanup: 18216 ns, At safepoint: 17301 ns, Total: 65903 ns
[2025-05-22T10:54:43.411+0000][71][info ][safepoint   ] Safepoint "Cleanup", Time since last: 1529805921 ns, Reaching safepoint: 18723 ns, Cleanup: 18857 ns, At safepoint: 77787 ns, Total: 115367 ns
[2025-05-22T10:54:47.535+0000][71][info ][safepoint   ] Safepoint "Cleanup", Time since last: 4124004298 ns, Reaching safepoint: 36421 ns, Cleanup: 22799 ns, At safepoint: 18691 ns, Total: 77911 ns
[2025-05-22T10:54:53.537+0000][71][info ][safepoint   ] Safepoint "Cleanup", Time since last: 6001645731 ns, Reaching safepoint: 30899 ns, Cleanup: 22071 ns, At safepoint: 16279 ns, Total: 69249 ns
[2025-05-22T10:54:57.538+0000][71][info ][safepoint   ] Safepoint "Cleanup", Time since last: 4001142765 ns, Reaching safepoint: 30785 ns, Cleanup: 20202 ns, At safepoint: 17106 ns, Total: 68093 ns
[2025-05-22T10:55:03.539+0000][71][info ][safepoint   ] Safepoint "Cleanup", Time since last: 6001276700 ns, Reaching safepoint: 61580 ns, Cleanup: 16022 ns, At safepoint: 8913 ns, Total: 86515 ns
[2025-05-22T10:55:33.914+0000][71][info ][safepoint   ] Safepoint "Cleanup", Time since last: 30377451799 ns, Reaching safepoint: 36268 ns, Cleanup: 19833 ns, At safepoint: 18344 ns, Total: 74445 ns
[2025-05-22T10:55:46.387+0000][71][info ][safepoint   ] Safepoint "Cleanup", Time since last: 12475870700 ns, Reaching safepoint: 5214 ns, Cleanup: 9925 ns, At safepoint: 2927 ns, Total: 18066 ns
[2025-05-22T10:55:47.583+0000][71][info ][safepoint   ] Safepoint "Cleanup", Time since last: 1196648305 ns, Reaching safepoint: 25071 ns, Cleanup: 15631 ns, At safepoint: 10540 ns, Total: 51242 ns
[2025-05-22T10:55:51.605+0000][71][info ][safepoint   ] Safepoint "Cleanup", Time since last: 4021458815 ns, Reaching safepoint: 25980 ns, Cleanup: 17985 ns, At safepoint: 10945 ns, Total: 54910 ns
[2025-05-22T10:56:01.608+0000][71][info ][safepoint   ] Safepoint "Cleanup", Time since last: 10002512598 ns, Reaching safepoint: 137705 ns, Cleanup: 20571 ns, At safepoint: 18007 ns, Total: 176283 ns
[2025-05-22T10:56:07.609+0000][71][info ][safepoint   ] Safepoint "Cleanup", Time since last: 6001678584 ns, Reaching safepoint: 33212 ns, Cleanup: 17983 ns, At safepoint: 15588 ns, Total: 66783 ns
[2025-05-22T10:56:29.611+0000][71][info ][safepoint   ] Safepoint "Cleanup", Time since last: 22004845334 ns, Reaching safepoint: 33181 ns, Cleanup: 20554 ns, At safepoint: 17146 ns, Total: 70881 ns
[2025-05-22T10:56:30.613+0000][71][info ][safepoint   ] Safepoint "Cleanup", Time since last: 1001048443 ns, Reaching safepoint: 66808 ns, Cleanup: 26339 ns, At safepoint: 28951 ns, Total: 122098 ns
[2025-05-22T10:56:31.614+0000][71][info ][safepoint   ] Safepoint "Cleanup", Time since last: 1000853089 ns, Reaching safepoint: 30244 ns, Cleanup: 21687 ns, At safepoint: 16510 ns, Total: 68441 ns
[2025-05-22T10:56:33.952+0000][71][info ][safepoint   ] Safepoint "Cleanup", Time since last: 2338252434 ns, Reaching safepoint: 31611 ns, Cleanup: 21061 ns, At safepoint: 17901 ns, Total: 70573 ns
[2025-05-22T10:56:49.407+0000][71][info ][safepoint   ] Safepoint "Cleanup", Time since last: 15457911391 ns, Reaching safepoint: 6822 ns, Cleanup: 7839 ns, At safepoint: 12815 ns, Total: 27476 ns
[2025-05-22T10:56:50.663+0000][71][info ][safepoint   ] Safepoint "Cleanup", Time since last: 1256435980 ns, Reaching safepoint: 17926 ns, Cleanup: 13579 ns, At safepoint: 7690 ns, Total: 39195 ns
[2025-05-22T10:57:12.664+0000][71][info ][safepoint   ] Safepoint "Cleanup", Time since last: 22003965605 ns, Reaching safepoint: 21917 ns, Cleanup: 17797 ns, At safepoint: 7770 ns, Total: 47484 ns
[2025-05-22T10:57:33.989+0000][71][info ][safepoint   ] Safepoint "Cleanup", Time since last: 21324841698 ns, Reaching safepoint: 22282 ns, Cleanup: 24304 ns, At safepoint: 8585 ns, Total: 55171 ns
[2025-05-22T10:57:52.385+0000][71][info ][safepoint   ] Safepoint "Cleanup", Time since last: 18397585866 ns, Reaching safepoint: 279484 ns, Cleanup: 452288 ns, At safepoint: 162215 ns, Total: 893987 ns
[2025-05-22T10:57:53.710+0000][71][info ][safepoint   ] Safepoint "Cleanup", Time since last: 1325328169 ns, Reaching safepoint: 24929 ns, Cleanup: 23530 ns, At safepoint: 11715 ns, Total: 60174 ns
[2025-05-22T10:58:01.394+0000][71][info ][safepoint   ] Safepoint "Cleanup", Time since last: 7683639569 ns, Reaching safepoint: 5567 ns, Cleanup: 8778 ns, At safepoint: 12438 ns, Total: 26783 ns
[2025-05-22T10:58:07.786+0000][71][info ][safepoint   ] Safepoint "Cleanup", Time since last: 6391798760 ns, Reaching safepoint: 70334 ns, Cleanup: 18020 ns, At safepoint: 15916 ns, Total: 104270 ns
[2025-05-22T10:58:12.785+0000][71][info ][safepoint   ] Safepoint "Cleanup", Time since last: 5001714197 ns, Reaching safepoint: 39718 ns, Cleanup: 27333 ns, At safepoint: 18885 ns, Total: 85936 ns
[2025-05-22T10:58:13.785+0000][71][info ][safepoint   ] Safepoint "Cleanup", Time since last: 1000691845 ns, Reaching safepoint: 18456 ns, Cleanup: 13582 ns, At safepoint: 7908 ns, Total: 39946 ns
[2025-05-22T10:58:14.786+0000][71][info ][safepoint   ] Safepoint "Cleanup", Time since last: 1000823260 ns, Reaching safepoint: 31649 ns, Cleanup: 19764 ns, At safepoint: 80957 ns, Total: 132370 ns
[2025-05-22T10:58:31.790+0000][71][info ][safepoint   ] Safepoint "Cleanup", Time since last: 17003720134 ns, Reaching safepoint: 43256 ns, Cleanup: 13876 ns, At safepoint: 8265 ns, Total: 65397 ns
[2025-05-22T10:58:35.027+0000][71][info ][safepoint   ] Safepoint "Cleanup", Time since last: 3237172680 ns, Reaching safepoint: 67378 ns, Cleanup: 17453 ns, At safepoint: 15813 ns, Total: 100644 ns
[2025-05-22T10:58:38.029+0000][71][info ][safepoint   ] Safepoint "Cleanup", Time since last: 3001016909 ns, Reaching safepoint: 20586 ns, Cleanup: 16212 ns, At safepoint: 8687 ns, Total: 45485 ns
[2025-05-22T10:58:41.030+0000][71][info ][safepoint   ] Safepoint "Cleanup", Time since last: 3001094669 ns, Reaching safepoint: 33303 ns, Cleanup: 20040 ns, At safepoint: 16968 ns, Total: 70311 ns
[2025-05-22T10:58:44.028+0000][71][info ][safepoint   ] Safepoint "Cleanup", Time since last: 3001070750 ns, Reaching safepoint: 31193 ns, Cleanup: 17793 ns, At safepoint: 16733 ns, Total: 65719 ns
[2025-05-22T10:58:54.031+0000][71][info ][safepoint   ] Safepoint "Cleanup", Time since last: 10002468002 ns, Reaching safepoint: 67389 ns, Cleanup: 23614 ns, At safepoint: 28655 ns, Total: 119658 ns
[2025-05-22T10:58:55.429+0000][71][info ][safepoint   ] Safepoint "Cleanup", Time since last: 1398501192 ns, Reaching safepoint: 5489 ns, Cleanup: 6104 ns, At safepoint: 12384 ns, Total: 23977 ns
[2025-05-22T10:58:56.849+0000][71][info ][safepoint   ] Safepoint "Cleanup", Time since last: 1419169400 ns, Reaching safepoint: 30823 ns, Cleanup: 17970 ns, At safepoint: 16368 ns, Total: 65161 ns
[2025-05-22T10:59:07.851+0000][71][info ][safepoint   ] Safepoint "Cleanup", Time since last: 11002736804 ns, Reaching safepoint: 68463 ns, Cleanup: 27422 ns, At safepoint: 28636 ns, Total: 124521 ns
[2025-05-22T10:59:16.850+0000][71][info ][safepoint   ] Safepoint "Cleanup", Time since last: 9001925793 ns, Reaching safepoint: 20864 ns, Cleanup: 16175 ns, At safepoint: 9347 ns, Total: 46386 ns
[2025-05-22T10:59:27.852+0000][71][info ][safepoint   ] Safepoint "Cleanup", Time since last: 11002284632 ns, Reaching safepoint: 74648 ns, Cleanup: 26994 ns, At safepoint: 30996 ns, Total: 132638 ns
[2025-05-22T10:59:58.385+0000][71][info ][gc,start    ] GC(17) Pause Young (Normal) (G1 Evacuation Pause)
[2025-05-22T10:59:58.390+0000][71][info ][gc,task     ] GC(17) Using 10 workers of 10 for evacuation
[2025-05-22T10:59:58.391+0000][71][debug][gc,age      ] GC(17) Desired survivor size 54525952 bytes, new threshold 15 (max threshold 15)
[2025-05-22T10:59:58.482+0000][71][info ][gc,phases   ] GC(17)   Pre Evacuate Collection Set: 9.50ms
[2025-05-22T10:59:58.483+0000][71][info ][gc,phases   ] GC(17)   Merge Heap Roots: 3.62ms
[2025-05-22T10:59:58.483+0000][71][info ][gc,phases   ] GC(17)   Evacuate Collection Set: 67.36ms
[2025-05-22T10:59:58.483+0000][71][info ][gc,phases   ] GC(17)   Post Evacuate Collection Set: 8.96ms
[2025-05-22T10:59:58.484+0000][71][info ][gc,phases   ] GC(17)   Other: 4.46ms
[2025-05-22T10:59:58.484+0000][71][trace][gc,age      ] GC(17) Age table with threshold 15 (max threshold 15)
[2025-05-22T10:59:58.485+0000][71][trace][gc,age      ] GC(17) - age   1:    1242040 bytes,    1242040 total
[2025-05-22T10:59:58.485+0000][71][trace][gc,age      ] GC(17) - age   2:      65656 bytes,    1307696 total
[2025-05-22T10:59:58.485+0000][71][trace][gc,age      ] GC(17) - age   3:    2372424 bytes,    3680120 total
[2025-05-22T10:59:58.486+0000][71][trace][gc,age      ] GC(17) - age   4:    1506432 bytes,    5186552 total
[2025-05-22T10:59:58.486+0000][71][trace][gc,age      ] GC(17) - age   5:     836200 bytes,    6022752 total
[2025-05-22T10:59:58.487+0000][71][info ][gc,heap     ] GC(17) Eden regions: 201->0(298)
[2025-05-22T10:59:58.487+0000][71][info ][gc,heap     ] GC(17) Survivor regions: 2->2(26)
[2025-05-22T10:59:58.487+0000][71][info ][gc,heap     ] GC(17) Old regions: 27->27
[2025-05-22T10:59:58.488+0000][71][info ][gc,heap     ] GC(17) Humongous regions: 0->0
[2025-05-22T10:59:58.488+0000][71][info ][gc,metaspace] GC(17) Metaspace: 147080K(151040K)->147080K(151040K) NonClass: 126939K(129088K)->126939K(129088K) Class: 20141K(21952K)->20141K(21952K)
[2025-05-22T10:59:58.489+0000][71][info ][gc          ] GC(17) Pause Young (Normal) (G1 Evacuation Pause) 917M->113M(3880M) 103.342ms
[2025-05-22T10:59:58.489+0000][71][info ][gc,cpu      ] GC(17) User=0.60s Sys=0.00s Real=0.10s
[2025-05-22T10:59:58.489+0000][71][info ][safepoint   ] Safepoint "G1CollectForAllocation", Time since last: 30533293435 ns, Reaching safepoint: 35122 ns, Cleanup: 8288 ns, At safepoint: 106280182 ns, Total: 106323592 ns
[2025-05-22T10:59:59.907+0000][71][info ][safepoint   ] Safepoint "Cleanup", Time since last: 1417801192 ns, Reaching safepoint: 34821 ns, Cleanup: 22283 ns, At safepoint: 17906 ns, Total: 75010 ns
[2025-05-22T11:00:01.908+0000][71][info ][safepoint   ] Safepoint "Cleanup", Time since last: 2000834539 ns, Reaching safepoint: 32263 ns, Cleanup: 20118 ns, At safepoint: 16639 ns, Total: 69020 ns
[2025-05-22T11:00:34.103+0000][71][info ][safepoint   ] Safepoint "Cleanup", Time since last: 32196996776 ns, Reaching safepoint: 33262 ns, Cleanup: 18311 ns, At safepoint: 10926 ns, Total: 62499 ns
[2025-05-22T11:00:35.104+0000][71][info ][safepoint   ] Safepoint "Cleanup", Time since last: 1000773893 ns, Reaching safepoint: 18634 ns, Cleanup: 13777 ns, At safepoint: 9542 ns, Total: 41953 ns
[2025-05-22T11:00:52.104+0000][71][info ][safepoint   ] Safepoint "Cleanup", Time since last: 17003412074 ns, Reaching safepoint: 48419 ns, Cleanup: 14389 ns, At safepoint: 8556 ns, Total: 71364 ns
[2025-05-22T11:01:01.396+0000][71][info ][safepoint   ] Safepoint "Cleanup", Time since last: 9291703100 ns, Reaching safepoint: 15830 ns, Cleanup: 20449 ns, At safepoint: 141308 ns, Total: 177587 ns
[2025-05-22T11:01:02.950+0000][71][info ][safepoint   ] Safepoint "Cleanup", Time since last: 1553382933 ns, Reaching safepoint: 30852 ns, Cleanup: 20479 ns, At safepoint: 15888 ns, Total: 67219 ns
[2025-05-22T11:01:03.951+0000][71][info ][safepoint   ] Safepoint "Cleanup", Time since last: 1000946210 ns, Reaching safepoint: 29742 ns, Cleanup: 21918 ns, At safepoint: 16088 ns, Total: 67748 ns
[2025-05-22T11:01:16.951+0000][71][info ][safepoint   ] Safepoint "Cleanup", Time since last: 13002954669 ns, Reaching safepoint: 70780 ns, Cleanup: 17736 ns, At safepoint: 15617 ns, Total: 104133 ns
[2025-05-22T11:01:25.954+0000][71][info ][safepoint   ] Safepoint "Cleanup", Time since last: 9002159856 ns, Reaching safepoint: 72558 ns, Cleanup: 18672 ns, At safepoint: 19581 ns, Total: 110811 ns
[2025-05-22T11:01:34.139+0000][71][info ][safepoint   ] Safepoint "Cleanup", Time since last: 8185494946 ns, Reaching safepoint: 79603 ns, Cleanup: 25950 ns, At safepoint: 17345 ns, Total: 122898 ns
[2025-05-22T11:01:51.140+0000][71][info ][safepoint   ] Safepoint "Cleanup", Time since last: 17003687530 ns, Reaching safepoint: 185126 ns, Cleanup: 22736 ns, At safepoint: 22314 ns, Total: 230176 ns
[2025-05-22T11:02:04.980+0000][71][info ][safepoint   ] Safepoint "Cleanup", Time since last: 13839694461 ns, Reaching safepoint: 15861 ns, Cleanup: 16659 ns, At safepoint: 72117 ns, Total: 104637 ns
[2025-05-22T11:02:12.008+0000][71][info ][safepoint   ] Safepoint "Cleanup", Time since last: 7027579415 ns, Reaching safepoint: 31746 ns, Cleanup: 17589 ns, At safepoint: 18121 ns, Total: 67456 ns
[2025-05-22T11:02:21.007+0000][71][info ][safepoint   ] Safepoint "Cleanup", Time since last: 9002303866 ns, Reaching safepoint: 31899 ns, Cleanup: 19593 ns, At safepoint: 16386 ns, Total: 67878 ns
[2025-05-22T11:02:34.177+0000][71][info ][safepoint   ] Safepoint "Cleanup", Time since last: 13169823821 ns, Reaching safepoint: 31615 ns, Cleanup: 21287 ns, At safepoint: 16125 ns, Total: 69027 ns
[2025-05-22T11:02:36.178+0000][71][info ][safepoint   ] Safepoint "Cleanup", Time since last: 2001119816 ns, Reaching safepoint: 117808 ns, Cleanup: 13855 ns, At safepoint: 8664 ns, Total: 140327 ns
[2025-05-22T11:02:56.179+0000][71][info ][safepoint   ] Safepoint "Cleanup", Time since last: 20003257152 ns, Reaching safepoint: 80885 ns, Cleanup: 15643 ns, At safepoint: 8236 ns, Total: 104764 ns
[2025-05-22T11:03:04.373+0000][71][info ][safepoint   ] Safepoint "Cleanup", Time since last: 8193677881 ns, Reaching safepoint: 13980 ns, Cleanup: 21418 ns, At safepoint: 77241 ns, Total: 112639 ns
[2025-05-22T11:03:06.041+0000][71][info ][safepoint   ] Safepoint "Cleanup", Time since last: 1667473675 ns, Reaching safepoint: 34150 ns, Cleanup: 28794 ns, At safepoint: 19571 ns, Total: 82515 ns
[2025-05-22T11:03:07.042+0000][71][info ][safepoint   ] Safepoint "Cleanup", Time since last: 1001093437 ns, Reaching safepoint: 17121 ns, Cleanup: 16427 ns, At safepoint: 8210 ns, Total: 41758 ns
[2025-05-22T11:03:08.098+0000][71][info ][safepoint   ] Safepoint "Cleanup", Time since last: 1055902996 ns, Reaching safepoint: 13752 ns, Cleanup: 24215 ns, At safepoint: 82244 ns, Total: 120211 ns
[2025-05-22T11:03:11.112+0000][71][info ][safepoint   ] Safepoint "Cleanup", Time since last: 3013919768 ns, Reaching safepoint: 13618 ns, Cleanup: 21403 ns, At safepoint: 80265 ns, Total: 115286 ns
[2025-05-22T11:03:56.217+0000][71][info ][safepoint   ] Safepoint "Cleanup", Time since last: 45110913589 ns, Reaching safepoint: 76273 ns, Cleanup: 20399 ns, At safepoint: 16923 ns, Total: 113595 ns
[2025-05-22T11:04:01.219+0000][71][info ][safepoint   ] Safepoint "Cleanup", Time since last: 5001562044 ns, Reaching safepoint: 36217 ns, Cleanup: 20714 ns, At safepoint: 19837 ns, Total: 76768 ns
[2025-05-22T11:04:06.220+0000][71][info ][safepoint   ] Safepoint "Cleanup", Time since last: 5001258432 ns, Reaching safepoint: 30535 ns, Cleanup: 16925 ns, At safepoint: 15827 ns, Total: 63287 ns
[2025-05-22T11:04:11.155+0000][71][info ][safepoint   ] Safepoint "Cleanup", Time since last: 4934306778 ns, Reaching safepoint: 29629 ns, Cleanup: 17540 ns, At safepoint: 13865 ns, Total: 61034 ns
[2025-05-22T11:04:41.257+0000][71][info ][safepoint   ] Safepoint "Cleanup", Time since last: 30105234950 ns, Reaching safepoint: 36436 ns, Cleanup: 18511 ns, At safepoint: 17307 ns, Total: 72254 ns
[2025-05-22T11:05:06.259+0000][71][info ][safepoint   ] Safepoint "Cleanup", Time since last: 25004826721 ns, Reaching safepoint: 75789 ns, Cleanup: 17877 ns, At safepoint: 16160 ns, Total: 109826 ns
[2025-05-22T11:05:14.205+0000][71][info ][safepoint   ] Safepoint "Cleanup", Time since last: 7947967359 ns, Reaching safepoint: 13910 ns, Cleanup: 17311 ns, At safepoint: 84611 ns, Total: 115832 ns
[2025-05-22T11:05:36.291+0000][71][info ][safepoint   ] Safepoint "Cleanup", Time since last: 22086021609 ns, Reaching safepoint: 35862 ns, Cleanup: 20041 ns, At safepoint: 20646 ns, Total: 76549 ns
[2025-05-22T11:05:42.289+0000][71][info ][safepoint   ] Safepoint "Cleanup", Time since last: 6001402019 ns, Reaching safepoint: 174037 ns, Cleanup: 18269 ns, At safepoint: 80222 ns, Total: 272528 ns
[2025-05-22T11:06:11.295+0000][71][info ][safepoint   ] Safepoint "Cleanup", Time since last: 29005481958 ns, Reaching safepoint: 70818 ns, Cleanup: 18280 ns, At safepoint: 16408 ns, Total: 105506 ns
[2025-05-22T11:06:16.294+0000][71][info ][safepoint   ] Safepoint "Cleanup", Time since last: 5001488714 ns, Reaching safepoint: 181709 ns, Cleanup: 28132 ns, At safepoint: 34993 ns, Total: 244834 ns
[2025-05-22T11:06:18.272+0000][71][info ][safepoint   ] Safepoint "Cleanup", Time since last: 1977519374 ns, Reaching safepoint: 31215 ns, Cleanup: 17238 ns, At safepoint: 15934 ns, Total: 64387 ns
[2025-05-22T11:06:34.324+0000][71][info ][safepoint   ] Safepoint "Cleanup", Time since last: 16052085031 ns, Reaching safepoint: 177660 ns, Cleanup: 19453 ns, At safepoint: 82910 ns, Total: 280023 ns
[2025-05-22T11:06:48.324+0000][71][info ][safepoint   ] Safepoint "Cleanup", Time since last: 14002991077 ns, Reaching safepoint: 32853 ns, Cleanup: 17672 ns, At safepoint: 16944 ns, Total: 67469 ns
[2025-05-22T11:06:56.326+0000][71][info ][safepoint   ] Safepoint "Cleanup", Time since last: 8001912540 ns, Reaching safepoint: 31133 ns, Cleanup: 17935 ns, At safepoint: 16452 ns, Total: 65520 ns
[2025-05-22T11:07:17.328+0000][71][info ][safepoint   ] Safepoint "Cleanup", Time since last: 21004077004 ns, Reaching safepoint: 268761 ns, Cleanup: 14945 ns, At safepoint: 104484 ns, Total: 388190 ns
[2025-05-22T11:07:19.381+0000][71][info ][safepoint   ] Safepoint "Cleanup", Time since last: 2052617697 ns, Reaching safepoint: 6072 ns, Cleanup: 12243 ns, At safepoint: 13147 ns, Total: 31462 ns
[2025-05-22T11:07:21.315+0000][71][info ][safepoint   ] Safepoint "Cleanup", Time since last: 1934429668 ns, Reaching safepoint: 31724 ns, Cleanup: 19628 ns, At safepoint: 17146 ns, Total: 68498 ns
[2025-05-22T11:07:31.320+0000][71][info ][safepoint   ] Safepoint "Cleanup", Time since last: 10002326498 ns, Reaching safepoint: 2288550 ns, Cleanup: 22983 ns, At safepoint: 223597 ns, Total: 2535130 ns
[2025-05-22T11:07:32.321+0000][71][info ][safepoint   ] Safepoint "Cleanup", Time since last: 1000868920 ns, Reaching safepoint: 30709 ns, Cleanup: 16762 ns, At safepoint: 15769 ns, Total: 63240 ns
[2025-05-22T11:07:34.362+0000][71][info ][safepoint   ] Safepoint "Cleanup", Time since last: 2040291681 ns, Reaching safepoint: 245832 ns, Cleanup: 22738 ns, At safepoint: 93171 ns, Total: 361741 ns
[2025-05-22T11:07:36.093+0000][71][info ][safepoint   ] Safepoint "Cleanup", Time since last: 1731278636 ns, Reaching safepoint: 11832 ns, Cleanup: 173077 ns, At safepoint: 30152 ns, Total: 215061 ns
[2025-05-22T11:07:37.381+0000][71][info ][safepoint   ] Safepoint "Cleanup", Time since last: 1287451921 ns, Reaching safepoint: 30350 ns, Cleanup: 27286 ns, At safepoint: 17297 ns, Total: 74933 ns
[2025-05-22T11:07:38.409+0000][71][info ][safepoint   ] Safepoint "Cleanup", Time since last: 1028646317 ns, Reaching safepoint: 31706 ns, Cleanup: 27636 ns, At safepoint: 16473 ns, Total: 75815 ns
[2025-05-22T11:07:41.356+0000][71][info ][safepoint   ] Safepoint "Cleanup", Time since last: 2946272760 ns, Reaching safepoint: 9774 ns, Cleanup: 12989 ns, At safepoint: 18060 ns, Total: 40823 ns
[2025-05-22T11:07:42.392+0000][71][info ][safepoint   ] Safepoint "Cleanup", Time since last: 1039414562 ns, Reaching safepoint: 34145 ns, Cleanup: 22875 ns, At safepoint: 17980 ns, Total: 75000 ns
[2025-05-22T11:07:44.371+0000][71][info ][safepoint   ] Safepoint "Cleanup", Time since last: 1978619284 ns, Reaching safepoint: 31899 ns, Cleanup: 26739 ns, At safepoint: 15946 ns, Total: 74584 ns
[2025-05-22T11:07:45.424+0000][71][info ][safepoint   ] Safepoint "Cleanup", Time since last: 1052724908 ns, Reaching safepoint: 30811 ns, Cleanup: 25367 ns, At safepoint: 15935 ns, Total: 72113 ns
[2025-05-22T11:07:49.398+0000][71][info ][safepoint   ] Safepoint "Cleanup", Time since last: 3974181205 ns, Reaching safepoint: 44321 ns, Cleanup: 12835 ns, At safepoint: 16290 ns, Total: 73446 ns
[2025-05-22T11:07:50.399+0000][71][info ][safepoint   ] Safepoint "Cleanup", Time since last: 1000681687 ns, Reaching safepoint: 188438 ns, Cleanup: 18904 ns, At safepoint: 127919 ns, Total: 335261 ns
[2025-05-22T11:07:51.460+0000][71][info ][safepoint   ] Safepoint "Cleanup", Time since last: 1061099640 ns, Reaching safepoint: 34474 ns, Cleanup: 23569 ns, At safepoint: 19712 ns, Total: 77755 ns
[2025-05-22T11:08:06.464+0000][71][info ][safepoint   ] Safepoint "Cleanup", Time since last: 15003414003 ns, Reaching safepoint: 148853 ns, Cleanup: 20541 ns, At safepoint: 20232 ns, Total: 189626 ns
[2025-05-22T11:08:07.484+0000][71][info ][safepoint   ] Safepoint "Cleanup", Time since last: 1020026651 ns, Reaching safepoint: 9519 ns, Cleanup: 10817 ns, At safepoint: 17078 ns, Total: 37414 ns
[2025-05-22T11:08:08.575+0000][71][info ][safepoint   ] Safepoint "Cleanup", Time since last: 1090740610 ns, Reaching safepoint: 13944 ns, Cleanup: 18556 ns, At safepoint: 64865 ns, Total: 97365 ns
[2025-05-22T11:08:09.575+0000][71][info ][safepoint   ] Safepoint "Cleanup", Time since last: 1000466780 ns, Reaching safepoint: 5961 ns, Cleanup: 13272 ns, At safepoint: 13196 ns, Total: 32429 ns
[2025-05-22T11:08:19.595+0000][71][info ][safepoint   ] Safepoint "Cleanup", Time since last: 10022043963 ns, Reaching safepoint: 43068 ns, Cleanup: 13818 ns, At safepoint: 9520 ns, Total: 66406 ns
[2025-05-22T11:08:22.351+0000][71][info ][safepoint   ] Safepoint "Cleanup", Time since last: 2755669419 ns, Reaching safepoint: 5009 ns, Cleanup: 5287 ns, At safepoint: 3067 ns, Total: 13363 ns
[2025-05-22T11:08:23.638+0000][71][info ][safepoint   ] Safepoint "Cleanup", Time since last: 1287424304 ns, Reaching safepoint: 11002 ns, Cleanup: 15318 ns, At safepoint: 22217 ns, Total: 48537 ns
[2025-05-22T11:08:31.420+0000][71][info ][safepoint   ] Safepoint "Cleanup", Time since last: 7781217267 ns, Reaching safepoint: 19652 ns, Cleanup: 17653 ns, At safepoint: 65312 ns, Total: 102617 ns
[2025-05-22T11:08:33.400+0000][71][info ][safepoint   ] Safepoint "Cleanup", Time since last: 1979740798 ns, Reaching safepoint: 31674 ns, Cleanup: 20623 ns, At safepoint: 16706 ns, Total: 69003 ns
[2025-05-22T11:08:34.401+0000][71][info ][safepoint   ] Safepoint "Cleanup", Time since last: 1000928885 ns, Reaching safepoint: 31050 ns, Cleanup: 21430 ns, At safepoint: 15969 ns, Total: 68449 ns
[2025-05-22T11:08:41.105+0000][71][info ][safepoint   ] Safepoint "Cleanup", Time since last: 6704517854 ns, Reaching safepoint: 120264 ns, Cleanup: 20460 ns, At safepoint: 75068 ns, Total: 215792 ns
[2025-05-22T11:08:42.121+0000][71][info ][safepoint   ] Safepoint "Cleanup", Time since last: 1015302772 ns, Reaching safepoint: 37128 ns, Cleanup: 19804 ns, At safepoint: 19430 ns, Total: 76362 ns
[2025-05-22T11:08:51.120+0000][71][info ][safepoint   ] Safepoint "Cleanup", Time since last: 9002368601 ns, Reaching safepoint: 74796 ns, Cleanup: 18577 ns, At safepoint: 31467 ns, Total: 124840 ns
[2025-05-22T11:08:58.122+0000][71][info ][safepoint   ] Safepoint "Cleanup", Time since last: 7001911394 ns, Reaching safepoint: 60390 ns, Cleanup: 18770 ns, At safepoint: 15119 ns, Total: 94279 ns
[2025-05-22T11:09:25.665+0000][71][info ][safepoint   ] Safepoint "Cleanup", Time since last: 27545095627 ns, Reaching safepoint: 13292 ns, Cleanup: 16676 ns, At safepoint: 80217 ns, Total: 110185 ns
[2025-05-22T11:09:26.675+0000][71][info ][safepoint   ] Safepoint "Cleanup", Time since last: 1010563798 ns, Reaching safepoint: 30476 ns, Cleanup: 19532 ns, At safepoint: 15522 ns, Total: 65530 ns
[2025-05-22T11:09:36.441+0000][71][info ][safepoint   ] Safepoint "Cleanup", Time since last: 9765784298 ns, Reaching safepoint: 73489 ns, Cleanup: 20530 ns, At safepoint: 17678 ns, Total: 111697 ns
[2025-05-22T11:09:47.440+0000][71][info ][safepoint   ] Safepoint "Cleanup", Time since last: 11002141979 ns, Reaching safepoint: 34883 ns, Cleanup: 21388 ns, At safepoint: 17411 ns, Total: 73682 ns
[2025-05-22T11:10:06.445+0000][71][info ][safepoint   ] Safepoint "Cleanup", Time since last: 19004484416 ns, Reaching safepoint: 68923 ns, Cleanup: 20553 ns, At safepoint: 29497 ns, Total: 118973 ns
[2025-05-22T11:10:12.445+0000][71][info ][safepoint   ] Safepoint "Cleanup", Time since last: 6001906868 ns, Reaching safepoint: 29973 ns, Cleanup: 16474 ns, At safepoint: 10875 ns, Total: 57322 ns
[2025-05-22T11:10:26.448+0000][71][info ][safepoint   ] Safepoint "Cleanup", Time since last: 14003614193 ns, Reaching safepoint: 70480 ns, Cleanup: 18679 ns, At safepoint: 16333 ns, Total: 105492 ns
[2025-05-22T11:10:28.368+0000][71][info ][safepoint   ] Safepoint "Cleanup", Time since last: 1919077903 ns, Reaching safepoint: 106448 ns, Cleanup: 10049 ns, At safepoint: 41564 ns, Total: 158061 ns
[2025-05-22T11:10:31.723+0000][71][info ][safepoint   ] Safepoint "Cleanup", Time since last: 3355495992 ns, Reaching safepoint: 36860 ns, Cleanup: 31157 ns, At safepoint: 28168 ns, Total: 96185 ns
[2025-05-22T11:10:35.480+0000][71][info ][safepoint   ] Safepoint "Cleanup", Time since last: 3757165232 ns, Reaching safepoint: 72386 ns, Cleanup: 21280 ns, At safepoint: 28144 ns, Total: 121810 ns
[2025-05-22T11:10:43.480+0000][71][info ][safepoint   ] Safepoint "Cleanup", Time since last: 8002246490 ns, Reaching safepoint: 20918 ns, Cleanup: 15068 ns, At safepoint: 8901 ns, Total: 44887 ns
[2025-05-22T11:10:46.481+0000][71][info ][safepoint   ] Safepoint "Cleanup", Time since last: 3001049624 ns, Reaching safepoint: 30630 ns, Cleanup: 17311 ns, At safepoint: 16097 ns, Total: 64038 ns
[2025-05-22T11:10:49.482+0000][71][info ][safepoint   ] Safepoint "Cleanup", Time since last: 3000992673 ns, Reaching safepoint: 19266 ns, Cleanup: 14382 ns, At safepoint: 8326 ns, Total: 41974 ns
[2025-05-22T11:11:05.126+0000][71][info ][gc,start    ] GC(18) Pause Young (Concurrent Start) (CodeCache GC Threshold)
[2025-05-22T11:11:05.127+0000][71][info ][gc,task     ] GC(18) Using 10 workers of 10 for evacuation
[2025-05-22T11:11:05.127+0000][71][debug][gc,age      ] GC(18) Desired survivor size 153092096 bytes, new threshold 15 (max threshold 15)
[2025-05-22T11:11:05.190+0000][71][info ][gc,phases   ] GC(18)   Pre Evacuate Collection Set: 6.01ms
[2025-05-22T11:11:05.190+0000][71][info ][gc,phases   ] GC(18)   Merge Heap Roots: 0.84ms
[2025-05-22T11:11:05.191+0000][71][info ][gc,phases   ] GC(18)   Evacuate Collection Set: 53.35ms
[2025-05-22T11:11:05.191+0000][71][info ][gc,phases   ] GC(18)   Post Evacuate Collection Set: 2.28ms
[2025-05-22T11:11:05.192+0000][71][info ][gc,phases   ] GC(18)   Other: 0.80ms
[2025-05-22T11:11:05.192+0000][71][trace][gc,age      ] GC(18) Age table with threshold 15 (max threshold 15)
[2025-05-22T11:11:05.192+0000][71][trace][gc,age      ] GC(18) - age   1:    1421320 bytes,    1421320 total
[2025-05-22T11:11:05.193+0000][71][trace][gc,age      ] GC(18) - age   2:     125216 bytes,    1546536 total
[2025-05-22T11:11:05.193+0000][71][trace][gc,age      ] GC(18) - age   3:      64656 bytes,    1611192 total
[2025-05-22T11:11:05.194+0000][71][trace][gc,age      ] GC(18) - age   4:    2323736 bytes,    3934928 total
[2025-05-22T11:11:05.194+0000][71][trace][gc,age      ] GC(18) - age   5:    1503160 bytes,    5438088 total
[2025-05-22T11:11:05.194+0000][71][trace][gc,age      ] GC(18) - age   6:     758176 bytes,    6196264 total
[2025-05-22T11:11:05.195+0000][71][info ][gc,heap     ] GC(18) Eden regions: 145->0(440)
[2025-05-22T11:11:05.195+0000][71][info ][gc,heap     ] GC(18) Survivor regions: 2->2(73)
[2025-05-22T11:11:05.196+0000][71][info ][gc,heap     ] GC(18) Old regions: 27->27
[2025-05-22T11:11:05.196+0000][71][info ][gc,heap     ] GC(18) Humongous regions: 0->0
[2025-05-22T11:11:05.197+0000][71][info ][gc,metaspace] GC(18) Metaspace: 147446K(151424K)->147446K(151424K) NonClass: 127304K(129472K)->127304K(129472K) Class: 20142K(21952K)->20142K(21952K)
[2025-05-22T11:11:05.197+0000][71][info ][gc          ] GC(18) Pause Young (Concurrent Start) (CodeCache GC Threshold) 692M->113M(3880M) 71.156ms
[2025-05-22T11:11:05.198+0000][71][info ][gc,cpu      ] GC(18) User=0.22s Sys=0.00s Real=0.07s
[2025-05-22T11:11:05.198+0000][71][info ][safepoint   ] Safepoint "G1TryInitiateConcMark", Time since last: 15643197645 ns, Reaching safepoint: 69532 ns, Cleanup: 6159 ns, At safepoint: 72541726 ns, Total: 72617417 ns
[2025-05-22T11:11:05.198+0000][71][info ][gc          ] GC(19) Concurrent Mark Cycle
[2025-05-22T11:11:05.199+0000][71][info ][gc,marking  ] GC(19) Concurrent Scan Root Regions
[2025-05-22T11:11:05.259+0000][71][info ][gc,marking  ] GC(19) Concurrent Scan Root Regions 59.390ms
[2025-05-22T11:11:05.260+0000][71][info ][gc,marking  ] GC(19) Concurrent Mark
[2025-05-22T11:11:05.260+0000][71][info ][gc,marking  ] GC(19) Concurrent Mark From Roots
[2025-05-22T11:11:05.261+0000][71][info ][gc,task     ] GC(19) Using 3 workers of 3 for marking
[2025-05-22T11:11:05.445+0000][71][info ][gc,marking  ] GC(19) Concurrent Mark From Roots 184.765ms
[2025-05-22T11:11:05.445+0000][71][info ][gc,marking  ] GC(19) Concurrent Preclean
[2025-05-22T11:11:05.447+0000][71][info ][gc,marking  ] GC(19) Concurrent Preclean 1.672ms
[2025-05-22T11:11:05.448+0000][71][info ][gc,start    ] GC(19) Pause Remark
[2025-05-22T11:11:05.922+0000][71][info ][gc,mmu      ] GC(19) MMU target violated: 201.0ms (200.0ms/201.0ms)
[2025-05-22T11:11:05.922+0000][71][info ][gc          ] GC(19) Pause Remark 113M->113M(3880M) 474.246ms
[2025-05-22T11:11:05.923+0000][71][info ][gc,cpu      ] GC(19) User=3.56s Sys=0.00s Real=0.48s
[2025-05-22T11:11:05.924+0000][71][info ][safepoint   ] Safepoint "G1PauseRemark", Time since last: 249884148 ns, Reaching safepoint: 44231 ns, Cleanup: 6510 ns, At safepoint: 475583999 ns, Total: 475634740 ns
[2025-05-22T11:11:05.924+0000][71][info ][gc,marking  ] GC(19) Concurrent Mark 664.447ms
[2025-05-22T11:11:05.926+0000][71][info ][gc,marking  ] GC(19) Concurrent Rebuild Remembered Sets and Scrub Regions
[2025-05-22T11:11:05.988+0000][71][info ][gc,marking  ] GC(19) Concurrent Rebuild Remembered Sets and Scrub Regions 61.833ms
[2025-05-22T11:11:05.990+0000][71][info ][gc,start    ] GC(19) Pause Cleanup
[2025-05-22T11:11:05.990+0000][71][info ][gc          ] GC(19) Pause Cleanup 126M->126M(3880M) 0.661ms
[2025-05-22T11:11:05.991+0000][71][info ][gc,cpu      ] GC(19) User=0.00s Sys=0.00s Real=0.00s
[2025-05-22T11:11:05.992+0000][71][info ][safepoint   ] Safepoint "G1PauseCleanup", Time since last: 65144772 ns, Reaching safepoint: 343102 ns, Cleanup: 673152 ns, At safepoint: 1757715 ns, Total: 2773969 ns
[2025-05-22T11:11:05.992+0000][71][info ][gc,marking  ] GC(19) Concurrent Clear Claimed Marks
[2025-05-22T11:11:05.993+0000][71][info ][gc,marking  ] GC(19) Concurrent Clear Claimed Marks 0.797ms
[2025-05-22T11:11:05.993+0000][71][info ][gc,marking  ] GC(19) Concurrent Cleanup for Next Mark
[2025-05-22T11:11:06.065+0000][71][info ][gc,marking  ] GC(19) Concurrent Cleanup for Next Mark 71.901ms
[2025-05-22T11:11:06.066+0000][71][info ][gc          ] GC(19) Concurrent Mark Cycle 867.519ms
[2025-05-22T11:11:11.993+0000][71][info ][safepoint   ] Safepoint "Cleanup", Time since last: 6001698446 ns, Reaching safepoint: 43204 ns, Cleanup: 25889 ns, At safepoint: 29376 ns, Total: 98469 ns
[2025-05-22T11:11:31.954+0000][71][info ][safepoint   ] Safepoint "Cleanup", Time since last: 19963901848 ns, Reaching safepoint: 6563 ns, Cleanup: 10616 ns, At safepoint: 14829 ns, Total: 32008 ns
[2025-05-22T11:11:48.518+0000][71][info ][safepoint   ] Safepoint "Cleanup", Time since last: 16565746800 ns, Reaching safepoint: 73510 ns, Cleanup: 17773 ns, At safepoint: 17052 ns, Total: 108335 ns
[2025-05-22T11:11:58.520+0000][71][info ][safepoint   ] Safepoint "Cleanup", Time since last: 10002589039 ns, Reaching safepoint: 70263 ns, Cleanup: 18626 ns, At safepoint: 30470 ns, Total: 119359 ns
[2025-05-22T11:12:11.524+0000][71][info ][safepoint   ] Safepoint "Cleanup", Time since last: 13003168921 ns, Reaching safepoint: 31186 ns, Cleanup: 16622 ns, At safepoint: 16054 ns, Total: 63862 ns
[2025-05-22T11:12:12.522+0000][71][info ][safepoint   ] Safepoint "Cleanup", Time since last: 1000838592 ns, Reaching safepoint: 30562 ns, Cleanup: 17636 ns, At safepoint: 17358 ns, Total: 65556 ns
[2025-05-22T11:12:18.524+0000][71][info ][safepoint   ] Safepoint "Cleanup", Time since last: 6001827662 ns, Reaching safepoint: 33726 ns, Cleanup: 28855 ns, At safepoint: 16594 ns, Total: 79175 ns
[2025-05-22T11:12:19.524+0000][71][info ][safepoint   ] Safepoint "Cleanup", Time since last: 1000795612 ns, Reaching safepoint: 19868 ns, Cleanup: 28756 ns, At safepoint: 9498 ns, Total: 58122 ns
[2025-05-22T11:12:22.526+0000][71][info ][safepoint   ] Safepoint "Cleanup", Time since last: 3001380026 ns, Reaching safepoint: 130629 ns, Cleanup: 18190 ns, At safepoint: 17562 ns, Total: 166381 ns
[2025-05-22T11:12:34.349+0000][71][info ][safepoint   ] Safepoint "Cleanup", Time since last: 11823245243 ns, Reaching safepoint: 14677 ns, Cleanup: 17009 ns, At safepoint: 66318 ns, Total: 98004 ns
[2025-05-22T11:12:36.010+0000][71][info ][safepoint   ] Safepoint "Cleanup", Time since last: 1660617346 ns, Reaching safepoint: 29069 ns, Cleanup: 22564 ns, At safepoint: 11773 ns, Total: 63406 ns
[2025-05-22T11:13:10.322+0000][71][info ][safepoint   ] Safepoint "Cleanup", Time since last: 34314874524 ns, Reaching safepoint: 53439 ns, Cleanup: 9017 ns, At safepoint: 16291 ns, Total: 78747 ns
[2025-05-22T11:13:12.034+0000][71][info ][safepoint   ] Safepoint "Cleanup", Time since last: 1711295143 ns, Reaching safepoint: 24047 ns, Cleanup: 24964 ns, At safepoint: 9859 ns, Total: 58870 ns
[2025-05-22T11:13:13.047+0000][71][info ][safepoint   ] Safepoint "Cleanup", Time since last: 1015098064 ns, Reaching safepoint: 15708 ns, Cleanup: 20988 ns, At safepoint: 84801 ns, Total: 121497 ns
[2025-05-22T11:13:34.591+0000][71][info ][safepoint   ] Safepoint "Cleanup", Time since last: 21544257963 ns, Reaching safepoint: 33817 ns, Cleanup: 22358 ns, At safepoint: 17928 ns, Total: 74103 ns
[2025-05-22T11:13:36.592+0000][71][info ][safepoint   ] Safepoint "Cleanup", Time since last: 2000958688 ns, Reaching safepoint: 185337 ns, Cleanup: 14781 ns, At safepoint: 9528 ns, Total: 209646 ns
[2025-05-22T11:13:38.091+0000][71][info ][safepoint   ] Safepoint "Cleanup", Time since last: 1498665928 ns, Reaching safepoint: 10231 ns, Cleanup: 7604 ns, At safepoint: 32695 ns, Total: 50530 ns
[2025-05-22T11:13:39.093+0000][71][info ][safepoint   ] Safepoint "Cleanup", Time since last: 1002555722 ns, Reaching safepoint: 8719 ns, Cleanup: 22440 ns, At safepoint: 13521 ns, Total: 44680 ns
[2025-05-22T11:13:40.098+0000][71][info ][safepoint   ] Safepoint "Cleanup", Time since last: 1004215856 ns, Reaching safepoint: 25900 ns, Cleanup: 16873 ns, At safepoint: 11592 ns, Total: 54365 ns
[2025-05-22T11:13:41.102+0000][71][info ][safepoint   ] Safepoint "Cleanup", Time since last: 1004103631 ns, Reaching safepoint: 14114 ns, Cleanup: 21923 ns, At safepoint: 19661 ns, Total: 55698 ns
[2025-05-22T11:13:43.024+0000][71][info ][safepoint   ] Safepoint "Cleanup", Time since last: 1924798169 ns, Reaching safepoint: 189351 ns, Cleanup: 21211 ns, At safepoint: 79770 ns, Total: 290332 ns
[2025-05-22T11:13:44.024+0000][71][info ][safepoint   ] Safepoint "Cleanup", Time since last: 1000707288 ns, Reaching safepoint: 21329 ns, Cleanup: 18394 ns, At safepoint: 7944 ns, Total: 47667 ns
[2025-05-22T11:14:21.030+0000][71][info ][safepoint   ] Safepoint "Cleanup", Time since last: 37007535153 ns, Reaching safepoint: 57362 ns, Cleanup: 18254 ns, At safepoint: 7926 ns, Total: 83542 ns
[2025-05-22T11:14:33.628+0000][71][info ][safepoint   ] Safepoint "Cleanup", Time since last: 12598298820 ns, Reaching safepoint: 38217 ns, Cleanup: 19593 ns, At safepoint: 19344 ns, Total: 77154 ns
[2025-05-22T11:14:40.330+0000][71][info ][safepoint   ] Safepoint "Cleanup", Time since last: 6701322519 ns, Reaching safepoint: 14472 ns, Cleanup: 13102 ns, At safepoint: 20564 ns, Total: 48138 ns
[2025-05-22T11:14:42.124+0000][71][info ][safepoint   ] Safepoint "Cleanup", Time since last: 1794056976 ns, Reaching safepoint: 64869 ns, Cleanup: 21919 ns, At safepoint: 16000 ns, Total: 102788 ns
[2025-05-22T11:14:43.122+0000][71][info ][safepoint   ] Safepoint "Cleanup", Time since last: 1000902442 ns, Reaching safepoint: 32026 ns, Cleanup: 19676 ns, At safepoint: 16033 ns, Total: 67735 ns
[2025-05-22T11:14:47.123+0000][71][info ][safepoint   ] Safepoint "Cleanup", Time since last: 4001439419 ns, Reaching safepoint: 83935 ns, Cleanup: 15108 ns, At safepoint: 10056 ns, Total: 109099 ns
[2025-05-22T11:15:31.129+0000][71][info ][safepoint   ] Safepoint "Cleanup", Time since last: 44008150245 ns, Reaching safepoint: 68159 ns, Cleanup: 17834 ns, At safepoint: 35164 ns, Total: 121157 ns
[2025-05-22T11:15:33.665+0000][71][info ][safepoint   ] Safepoint "Cleanup", Time since last: 2536045118 ns, Reaching safepoint: 95405 ns, Cleanup: 14192 ns, At safepoint: 23322 ns, Total: 132919 ns
[2025-05-22T11:15:36.666+0000][71][info ][safepoint   ] Safepoint "Cleanup", Time since last: 3001091408 ns, Reaching safepoint: 32397 ns, Cleanup: 28979 ns, At safepoint: 18739 ns, Total: 80115 ns
[2025-05-22T11:15:41.668+0000][71][info ][safepoint   ] Safepoint "Cleanup", Time since last: 5001498808 ns, Reaching safepoint: 37936 ns, Cleanup: 30736 ns, At safepoint: 19562 ns, Total: 88234 ns
[2025-05-22T11:15:43.348+0000][71][info ][safepoint   ] Safepoint "Cleanup", Time since last: 1683219202 ns, Reaching safepoint: 14788 ns, Cleanup: 19683 ns, At safepoint: 76481 ns, Total: 110952 ns
[2025-05-22T11:15:45.163+0000][71][info ][safepoint   ] Safepoint "Cleanup", Time since last: 1814353036 ns, Reaching safepoint: 115259 ns, Cleanup: 17773 ns, At safepoint: 67473 ns, Total: 200505 ns
[2025-05-22T11:16:33.705+0000][71][info ][safepoint   ] Safepoint "Cleanup", Time since last: 48545000897 ns, Reaching safepoint: 31606 ns, Cleanup: 20364 ns, At safepoint: 16354 ns, Total: 68324 ns
[2025-05-22T11:16:36.707+0000][71][info ][safepoint   ] Safepoint "Cleanup", Time since last: 3001068051 ns, Reaching safepoint: 18521 ns, Cleanup: 13166 ns, At safepoint: 8826 ns, Total: 40513 ns
[2025-05-22T11:16:43.705+0000][71][info ][safepoint   ] Safepoint "Cleanup", Time since last: 7001438893 ns, Reaching safepoint: 42561 ns, Cleanup: 15384 ns, At safepoint: 9614 ns, Total: 67559 ns
[2025-05-22T11:16:46.338+0000][71][info ][safepoint   ] Safepoint "Cleanup", Time since last: 2632566082 ns, Reaching safepoint: 164670 ns, Cleanup: 11649 ns, At safepoint: 70789 ns, Total: 247108 ns
[2025-05-22T11:16:48.206+0000][71][info ][safepoint   ] Safepoint "Cleanup", Time since last: 1868008679 ns, Reaching safepoint: 18970 ns, Cleanup: 16186 ns, At safepoint: 8841 ns, Total: 43997 ns
[2025-05-22T11:17:08.210+0000][71][info ][safepoint   ] Safepoint "Cleanup", Time since last: 20004207834 ns, Reaching safepoint: 67151 ns, Cleanup: 17028 ns, At safepoint: 17177 ns, Total: 101356 ns
[2025-05-22T11:17:12.209+0000][71][info ][safepoint   ] Safepoint "Cleanup", Time since last: 4001338292 ns, Reaching safepoint: 30897 ns, Cleanup: 17973 ns, At safepoint: 16071 ns, Total: 64941 ns
[2025-05-22T11:17:19.212+0000][71][info ][safepoint   ] Safepoint "Cleanup", Time since last: 7002005055 ns, Reaching safepoint: 44870 ns, Cleanup: 16064 ns, At safepoint: 9095 ns, Total: 70029 ns
[2025-05-22T11:17:36.746+0000][71][info ][safepoint   ] Safepoint "Cleanup", Time since last: 17534225672 ns, Reaching safepoint: 32266 ns, Cleanup: 18902 ns, At safepoint: 16867 ns, Total: 68035 ns
[2025-05-22T11:17:49.345+0000][71][info ][safepoint   ] Safepoint "Cleanup", Time since last: 12601753774 ns, Reaching safepoint: 16100 ns, Cleanup: 13268 ns, At safepoint: 69838 ns, Total: 99206 ns
[2025-05-22T11:17:51.258+0000][71][info ][safepoint   ] Safepoint "Cleanup", Time since last: 1912704711 ns, Reaching safepoint: 31010 ns, Cleanup: 20706 ns, At safepoint: 17132 ns, Total: 68848 ns
[2025-05-22T11:18:11.262+0000][71][info ][safepoint   ] Safepoint "Cleanup", Time since last: 20004346911 ns, Reaching safepoint: 25890 ns, Cleanup: 14442 ns, At safepoint: 10415 ns, Total: 50747 ns
[2025-05-22T11:18:13.335+0000][71][info ][safepoint   ] Safepoint "Cleanup", Time since last: 2075658354 ns, Reaching safepoint: 16965 ns, Cleanup: 13834 ns, At safepoint: 67106 ns, Total: 97905 ns
[2025-05-22T11:18:15.276+0000][71][info ][safepoint   ] Safepoint "Cleanup", Time since last: 1941540094 ns, Reaching safepoint: 30643 ns, Cleanup: 18248 ns, At safepoint: 48453 ns, Total: 97344 ns
[2025-05-22T11:18:17.307+0000][71][info ][safepoint   ] Safepoint "Cleanup", Time since last: 2030012473 ns, Reaching safepoint: 23166 ns, Cleanup: 8347 ns, At safepoint: 3701 ns, Total: 35214 ns
[2025-05-22T11:18:33.784+0000][71][info ][safepoint   ] Safepoint "Cleanup", Time since last: 16477593528 ns, Reaching safepoint: 27380 ns, Cleanup: 16505 ns, At safepoint: 10854 ns, Total: 54739 ns
[2025-05-22T11:18:52.346+0000][71][info ][safepoint   ] Safepoint "Cleanup", Time since last: 18564568894 ns, Reaching safepoint: 16278 ns, Cleanup: 11872 ns, At safepoint: 14092 ns, Total: 42242 ns
[2025-05-22T11:18:53.426+0000][71][info ][safepoint   ] Safepoint "Cleanup", Time since last: 1079708679 ns, Reaching safepoint: 14733 ns, Cleanup: 7286 ns, At safepoint: 35203 ns, Total: 57222 ns
[2025-05-22T11:18:54.431+0000][71][info ][safepoint   ] Safepoint "Cleanup", Time since last: 1004584178 ns, Reaching safepoint: 55464 ns, Cleanup: 18974 ns, At safepoint: 72417 ns, Total: 146855 ns
[2025-05-22T11:19:26.438+0000][71][info ][safepoint   ] Safepoint "Cleanup", Time since last: 32009601433 ns, Reaching safepoint: 66576 ns, Cleanup: 20336 ns, At safepoint: 28857 ns, Total: 115769 ns
[2025-05-22T11:19:33.820+0000][71][info ][safepoint   ] Safepoint "Cleanup", Time since last: 7381559615 ns, Reaching safepoint: 33080 ns, Cleanup: 24998 ns, At safepoint: 17979 ns, Total: 76057 ns
[2025-05-22T11:19:56.369+0000][71][info ][safepoint   ] Safepoint "Cleanup", Time since last: 22551684515 ns, Reaching safepoint: 35790 ns, Cleanup: 23813 ns, At safepoint: 20238 ns, Total: 79841 ns
[2025-05-22T11:20:33.853+0000][71][info ][safepoint   ] Safepoint "Cleanup", Time since last: 37487024245 ns, Reaching safepoint: 22801 ns, Cleanup: 14000 ns, At safepoint: 8815 ns, Total: 45616 ns
[2025-05-22T11:20:52.854+0000][71][info ][safepoint   ] Safepoint "Cleanup", Time since last: 19002784795 ns, Reaching safepoint: 81275 ns, Cleanup: 15272 ns, At safepoint: 9515 ns, Total: 106062 ns
[2025-05-22T11:20:55.854+0000][71][info ][safepoint   ] Safepoint "Cleanup", Time since last: 3000832349 ns, Reaching safepoint: 41298 ns, Cleanup: 14430 ns, At safepoint: 8363 ns, Total: 64091 ns
[2025-05-22T11:20:58.349+0000][71][info ][safepoint   ] Safepoint "Cleanup", Time since last: 2493980152 ns, Reaching safepoint: 175228 ns, Cleanup: 10581 ns, At safepoint: 38581 ns, Total: 224390 ns
[2025-05-22T11:20:59.516+0000][71][info ][safepoint   ] Safepoint "Cleanup", Time since last: 1166940530 ns, Reaching safepoint: 31856 ns, Cleanup: 18606 ns, At safepoint: 17391 ns, Total: 67853 ns
[2025-05-22T11:21:01.529+0000][71][info ][safepoint   ] Safepoint "Cleanup", Time since last: 2013736377 ns, Reaching safepoint: 16899 ns, Cleanup: 13819 ns, At safepoint: 8482 ns, Total: 39200 ns
[2025-05-22T11:21:19.530+0000][71][info ][safepoint   ] Safepoint "Cleanup", Time since last: 18003965139 ns, Reaching safepoint: 17905 ns, Cleanup: 13719 ns, At safepoint: 7876 ns, Total: 39500 ns
[2025-05-22T11:21:35.886+0000][71][info ][safepoint   ] Safepoint "Cleanup", Time since last: 16355940793 ns, Reaching safepoint: 29796 ns, Cleanup: 17714 ns, At safepoint: 15866 ns, Total: 63376 ns
[2025-05-22T11:22:00.889+0000][71][info ][safepoint   ] Safepoint "Cleanup", Time since last: 25005083710 ns, Reaching safepoint: 30680 ns, Cleanup: 17393 ns, At safepoint: 15652 ns, Total: 63725 ns
[2025-05-22T11:22:02.588+0000][71][info ][safepoint   ] Safepoint "Cleanup", Time since last: 1698751471 ns, Reaching safepoint: 68117 ns, Cleanup: 17973 ns, At safepoint: 16519 ns, Total: 102609 ns
[2025-05-22T11:22:11.590+0000][71][info ][safepoint   ] Safepoint "Cleanup", Time since last: 9002156306 ns, Reaching safepoint: 18469 ns, Cleanup: 13477 ns, At safepoint: 8933 ns, Total: 40879 ns
[2025-05-22T11:22:12.589+0000][71][info ][safepoint   ] Safepoint "Cleanup", Time since last: 1000727388 ns, Reaching safepoint: 19613 ns, Cleanup: 13695 ns, At safepoint: 10376 ns, Total: 43684 ns
[2025-05-22T11:22:24.591+0000][71][info ][safepoint   ] Safepoint "Cleanup", Time since last: 12002383756 ns, Reaching safepoint: 51013 ns, Cleanup: 14837 ns, At safepoint: 9302 ns, Total: 75152 ns
[2025-05-22T11:22:52.341+0000][71][info ][safepoint   ] Safepoint "Cleanup", Time since last: 27753026816 ns, Reaching safepoint: 123534 ns, Cleanup: 13226 ns, At safepoint: 82811 ns, Total: 219571 ns
[2025-05-22T11:22:53.617+0000][71][info ][safepoint   ] Safepoint "Cleanup", Time since last: 1275955703 ns, Reaching safepoint: 33725 ns, Cleanup: 29359 ns, At safepoint: 17961 ns, Total: 81045 ns
[2025-05-22T11:23:04.381+0000][71][info ][safepoint   ] Safepoint "Cleanup", Time since last: 10763655422 ns, Reaching safepoint: 8201 ns, Cleanup: 8689 ns, At safepoint: 15199 ns, Total: 32089 ns
[2025-05-22T11:23:16.352+0000][71][info ][safepoint   ] Safepoint "Cleanup", Time since last: 11972661205 ns, Reaching safepoint: 640458 ns, Cleanup: 15132 ns, At safepoint: 87889 ns, Total: 743479 ns
[2025-05-22T11:23:17.701+0000][71][info ][safepoint   ] Safepoint "Cleanup", Time since last: 1349471647 ns, Reaching safepoint: 17951 ns, Cleanup: 21723 ns, At safepoint: 7309 ns, Total: 46983 ns
[2025-05-22T11:23:18.731+0000][71][info ][safepoint   ] Safepoint "Cleanup", Time since last: 1029787318 ns, Reaching safepoint: 41621 ns, Cleanup: 14570 ns, At safepoint: 8256 ns, Total: 64447 ns
[2025-05-22T11:23:33.965+0000][71][info ][safepoint   ] Safepoint "Cleanup", Time since last: 15233257278 ns, Reaching safepoint: 29865 ns, Cleanup: 19335 ns, At safepoint: 16764 ns, Total: 65964 ns
[2025-05-22T11:23:38.967+0000][71][info ][safepoint   ] Safepoint "Cleanup", Time since last: 5002094025 ns, Reaching safepoint: 33664 ns, Cleanup: 21881 ns, At safepoint: 17702 ns, Total: 73247 ns
[2025-05-22T11:23:41.368+0000][71][info ][safepoint   ] Safepoint "Cleanup", Time since last: 2401626373 ns, Reaching safepoint: 14430 ns, Cleanup: 25985 ns, At safepoint: 95549 ns, Total: 135964 ns
[2025-05-22T11:23:44.370+0000][71][info ][safepoint   ] Safepoint "Cleanup", Time since last: 3003084667 ns, Reaching safepoint: 30657 ns, Cleanup: 19608 ns, At safepoint: 16110 ns, Total: 66375 ns
[2025-05-22T11:24:01.373+0000][71][info ][safepoint   ] Safepoint "Cleanup", Time since last: 17003413420 ns, Reaching safepoint: 163030 ns, Cleanup: 18121 ns, At safepoint: 19968 ns, Total: 201119 ns
[2025-05-22T11:24:07.389+0000][71][info ][safepoint   ] Safepoint "Cleanup", Time since last: 6015087406 ns, Reaching safepoint: 140767 ns, Cleanup: 8853 ns, At safepoint: 76599 ns, Total: 226219 ns
[2025-05-22T11:24:21.769+0000][71][info ][safepoint   ] Safepoint "Cleanup", Time since last: 14383596376 ns, Reaching safepoint: 42719 ns, Cleanup: 14434 ns, At safepoint: 7401 ns, Total: 64554 ns
[2025-05-22T11:25:10.337+0000][71][info ][safepoint   ] Safepoint "Cleanup", Time since last: 48569986397 ns, Reaching safepoint: 102958 ns, Cleanup: 12194 ns, At safepoint: 38042 ns, Total: 153194 ns
[2025-05-22T11:25:38.038+0000][71][info ][safepoint   ] Safepoint "Cleanup", Time since last: 27704208741 ns, Reaching safepoint: 47104 ns, Cleanup: 13655 ns, At safepoint: 8530 ns, Total: 69289 ns
[2025-05-22T11:25:41.039+0000][71][info ][safepoint   ] Safepoint "Cleanup", Time since last: 3001126627 ns, Reaching safepoint: 29363 ns, Cleanup: 16618 ns, At safepoint: 16326 ns, Total: 62307 ns
[2025-05-22T11:26:11.043+0000][71][info ][safepoint   ] Safepoint "Cleanup", Time since last: 30006299975 ns, Reaching safepoint: 93453 ns, Cleanup: 22597 ns, At safepoint: 20029 ns, Total: 136079 ns
[2025-05-22T11:26:13.333+0000][71][info ][safepoint   ] Safepoint "Cleanup", Time since last: 2292020820 ns, Reaching safepoint: 17460 ns, Cleanup: 19256 ns, At safepoint: 141444 ns, Total: 178160 ns
[2025-05-22T11:26:14.895+0000][71][info ][safepoint   ] Safepoint "Cleanup", Time since last: 1561710746 ns, Reaching safepoint: 117283 ns, Cleanup: 27796 ns, At safepoint: 9288 ns, Total: 154367 ns
[2025-05-22T11:26:18.896+0000][71][info ][safepoint   ] Safepoint "Cleanup", Time since last: 4001198090 ns, Reaching safepoint: 174653 ns, Cleanup: 29883 ns, At safepoint: 19797 ns, Total: 224333 ns
[2025-05-22T11:26:23.899+0000][71][info ][safepoint   ] Safepoint "Cleanup", Time since last: 5002620054 ns, Reaching safepoint: 42648 ns, Cleanup: 13938 ns, At safepoint: 9649 ns, Total: 66235 ns
[2025-05-22T11:26:57.141+0000][71][info ][safepoint   ] Safepoint "Cleanup", Time since last: 33243738535 ns, Reaching safepoint: 251705 ns, Cleanup: 28582 ns, At safepoint: 20010 ns, Total: 300297 ns
[2025-05-22T11:27:12.146+0000][71][info ][safepoint   ] Safepoint "Cleanup", Time since last: 15004471668 ns, Reaching safepoint: 251163 ns, Cleanup: 32842 ns, At safepoint: 17852 ns, Total: 301857 ns
[2025-05-22T11:27:13.143+0000][71][info ][safepoint   ] Safepoint "Cleanup", Time since last: 1000776547 ns, Reaching safepoint: 101340 ns, Cleanup: 12497 ns, At safepoint: 42542 ns, Total: 156379 ns
[2025-05-22T11:27:16.955+0000][71][info ][safepoint   ] Safepoint "Cleanup", Time since last: 3811495281 ns, Reaching safepoint: 10618 ns, Cleanup: 13166 ns, At safepoint: 5863 ns, Total: 29647 ns
[2025-05-22T11:27:18.981+0000][71][info ][safepoint   ] Safepoint "Cleanup", Time since last: 2026368952 ns, Reaching safepoint: 54316 ns, Cleanup: 15452 ns, At safepoint: 9599 ns, Total: 79367 ns
[2025-05-22T11:27:38.234+0000][71][info ][safepoint   ] Safepoint "Cleanup", Time since last: 19252042827 ns, Reaching safepoint: 194343 ns, Cleanup: 31461 ns, At safepoint: 22646 ns, Total: 248450 ns
[2025-05-22T11:27:42.232+0000][71][info ][safepoint   ] Safepoint "Cleanup", Time since last: 4001941650 ns, Reaching safepoint: 61868 ns, Cleanup: 22837 ns, At safepoint: 10972 ns, Total: 95677 ns
[2025-05-22T11:28:19.383+0000][71][info ][safepoint   ] Safepoint "Cleanup", Time since last: 37153112631 ns, Reaching safepoint: 157077 ns, Cleanup: 56839 ns, At safepoint: 42183 ns, Total: 256099 ns
[2025-05-22T11:28:20.868+0000][71][info ][safepoint   ] Safepoint "Cleanup", Time since last: 1484951646 ns, Reaching safepoint: 30084 ns, Cleanup: 26082 ns, At safepoint: 19649 ns, Total: 75815 ns
[2025-05-22T11:28:21.915+0000][71][info ][safepoint   ] Safepoint "Cleanup", Time since last: 1046549140 ns, Reaching safepoint: 19852 ns, Cleanup: 16519 ns, At safepoint: 10847 ns, Total: 47218 ns
[2025-05-22T11:28:34.285+0000][71][info ][safepoint   ] Safepoint "Cleanup", Time since last: 12370054754 ns, Reaching safepoint: 51619 ns, Cleanup: 24663 ns, At safepoint: 17467 ns, Total: 93749 ns
[2025-05-22T11:28:41.171+0000][71][info ][safepoint   ] Safepoint "Cleanup", Time since last: 6886738411 ns, Reaching safepoint: 27308 ns, Cleanup: 15390 ns, At safepoint: 4564 ns, Total: 47262 ns
[2025-05-22T11:28:51.862+0000][71][info ][safepoint   ] Safepoint "Cleanup", Time since last: 10692711138 ns, Reaching safepoint: 194212 ns, Cleanup: 35125 ns, At safepoint: 14263 ns, Total: 243600 ns
[2025-05-22T11:29:22.343+0000][71][info ][safepoint   ] Safepoint "Cleanup", Time since last: 30482812226 ns, Reaching safepoint: 16093 ns, Cleanup: 7698 ns, At safepoint: 15162 ns, Total: 38953 ns
[2025-05-22T11:29:24.029+0000][71][info ][safepoint   ] Safepoint "Cleanup", Time since last: 1686096370 ns, Reaching safepoint: 8485 ns, Cleanup: 60639 ns, At safepoint: 7013 ns, Total: 76137 ns
[2025-05-22T11:29:31.036+0000][71][info ][safepoint   ] Safepoint "Cleanup", Time since last: 7007214368 ns, Reaching safepoint: 37431 ns, Cleanup: 22810 ns, At safepoint: 16076 ns, Total: 76317 ns
[2025-05-22T11:29:34.328+0000][71][info ][safepoint   ] Safepoint "Cleanup", Time since last: 3291498716 ns, Reaching safepoint: 26259 ns, Cleanup: 25570 ns, At safepoint: 35454 ns, Total: 87283 ns
[2025-05-22T11:29:42.328+0000][71][info ][safepoint   ] Safepoint "Cleanup", Time since last: 8002157741 ns, Reaching safepoint: 47178 ns, Cleanup: 15235 ns, At safepoint: 10243 ns, Total: 72656 ns
[2025-05-22T11:30:25.334+0000][71][info ][safepoint   ] Safepoint "Cleanup", Time since last: 43010002061 ns, Reaching safepoint: 49585 ns, Cleanup: 13416 ns, At safepoint: 7686 ns, Total: 70687 ns
[2025-05-22T11:30:27.087+0000][71][info ][safepoint   ] Safepoint "Cleanup", Time since last: 1752324436 ns, Reaching safepoint: 27162 ns, Cleanup: 30801 ns, At safepoint: 15517 ns, Total: 73480 ns
[2025-05-22T11:30:50.376+0000][71][info ][safepoint   ] Safepoint "Cleanup", Time since last: 23290189654 ns, Reaching safepoint: 374273 ns, Cleanup: 25340 ns, At safepoint: 19316 ns, Total: 418929 ns
[2025-05-22T11:30:51.377+0000][71][info ][safepoint   ] Safepoint "Cleanup", Time since last: 1001027285 ns, Reaching safepoint: 37952 ns, Cleanup: 17948 ns, At safepoint: 10392 ns, Total: 66292 ns
[2025-05-22T11:30:52.378+0000][71][info ][safepoint   ] Safepoint "Cleanup", Time since last: 1000889991 ns, Reaching safepoint: 566695 ns, Cleanup: 21372 ns, At safepoint: 132816 ns, Total: 720883 ns
[2025-05-22T11:31:28.406+0000][71][info ][safepoint   ] Safepoint "Cleanup", Time since last: 36007914842 ns, Reaching safepoint: 23036845 ns, Cleanup: 21717 ns, At safepoint: 297069 ns, Total: 23355631 ns
[2025-05-22T11:31:30.299+0000][71][info ][safepoint   ] Safepoint "Cleanup", Time since last: 1884714819 ns, Reaching safepoint: 8229180 ns, Cleanup: 19656 ns, At safepoint: 169245 ns, Total: 8418081 ns
[2025-05-22T11:31:31.403+0000][71][info ][safepoint   ] Safepoint "Cleanup", Time since last: 1103532219 ns, Reaching safepoint: 29281 ns, Cleanup: 16940 ns, At safepoint: 16294 ns, Total: 62515 ns
[2025-05-22T11:31:34.420+0000][71][info ][safepoint   ] Safepoint "Cleanup", Time since last: 3017516945 ns, Reaching safepoint: 15909 ns, Cleanup: 15001 ns, At safepoint: 7792 ns, Total: 38702 ns
[2025-05-22T11:32:31.376+0000][71][info ][safepoint   ] Safepoint "Cleanup", Time since last: 56958089598 ns, Reaching safepoint: 2246363 ns, Cleanup: 17146 ns, At safepoint: 166123 ns, Total: 2429632 ns
[2025-05-22T11:32:32.427+0000][71][info ][safepoint   ] Safepoint "Cleanup", Time since last: 1051097628 ns, Reaching safepoint: 30331 ns, Cleanup: 72352 ns, At safepoint: 175093 ns, Total: 277776 ns
[2025-05-22T11:32:42.458+0000][71][info ][safepoint   ] Safepoint "Cleanup", Time since last: 10032556961 ns, Reaching safepoint: 98528 ns, Cleanup: 25249 ns, At safepoint: 48352 ns, Total: 172129 ns
[2025-05-22T11:32:56.460+0000][71][info ][safepoint   ] Safepoint "Cleanup", Time since last: 14002884151 ns, Reaching safepoint: 46822 ns, Cleanup: 18033 ns, At safepoint: 10101 ns, Total: 74956 ns
[2025-05-22T11:33:12.713+0000][71][info ][safepoint   ] Safepoint "Cleanup", Time since last: 16255467821 ns, Reaching safepoint: 32703 ns, Cleanup: 17211 ns, At safepoint: 19267 ns, Total: 69181 ns
[2025-05-22T11:33:22.361+0000][71][info ][safepoint   ] Safepoint "Cleanup", Time since last: 9648010217 ns, Reaching safepoint: 7222 ns, Cleanup: 8858 ns, At safepoint: 13567 ns, Total: 29647 ns
[2025-05-22T11:33:23.364+0000][71][info ][safepoint   ] Safepoint "Cleanup", Time since last: 1002771215 ns, Reaching safepoint: 32990 ns, Cleanup: 23471 ns, At safepoint: 18814 ns, Total: 75275 ns
[2025-05-22T11:33:34.330+0000][71][info ][safepoint   ] Safepoint "Cleanup", Time since last: 10965366226 ns, Reaching safepoint: 22320 ns, Cleanup: 13720 ns, At safepoint: 67006 ns, Total: 103046 ns
[2025-05-22T11:33:41.060+0000][71][info ][safepoint   ] Safepoint "Cleanup", Time since last: 6730700726 ns, Reaching safepoint: 5278 ns, Cleanup: 8269 ns, At safepoint: 23208 ns, Total: 36755 ns
[2025-05-22T11:34:06.184+0000][71][info ][safepoint   ] Safepoint "Cleanup", Time since last: 25127227714 ns, Reaching safepoint: 18814 ns, Cleanup: 15134 ns, At safepoint: 9919 ns, Total: 43867 ns
[2025-05-22T11:34:17.185+0000][71][info ][safepoint   ] Safepoint "Cleanup", Time since last: 11002629529 ns, Reaching safepoint: 45956 ns, Cleanup: 13499 ns, At safepoint: 8494 ns, Total: 67949 ns
[2025-05-22T11:34:33.735+0000][71][info ][safepoint   ] Safepoint "Cleanup", Time since last: 16550211452 ns, Reaching safepoint: 17632 ns, Cleanup: 19549 ns, At safepoint: 13438 ns, Total: 50619 ns
[2025-05-22T11:34:37.351+0000][71][info ][safepoint   ] Safepoint "Cleanup", Time since last: 3615447420 ns, Reaching safepoint: 17850 ns, Cleanup: 22072 ns, At safepoint: 75559 ns, Total: 115481 ns
[2025-05-22T11:34:38.588+0000][71][info ][safepoint   ] Safepoint "Cleanup", Time since last: 1236838397 ns, Reaching safepoint: 29253 ns, Cleanup: 16160 ns, At safepoint: 14389 ns, Total: 59802 ns
[2025-05-22T11:35:40.373+0000][71][info ][safepoint   ] Safepoint "Cleanup", Time since last: 61790489411 ns, Reaching safepoint: 10348 ns, Cleanup: 11150 ns, At safepoint: 16682 ns, Total: 38180 ns
[2025-05-22T11:36:22.631+0000][71][info ][safepoint   ] Safepoint "Cleanup", Time since last: 42262400151 ns, Reaching safepoint: 77851 ns, Cleanup: 19783 ns, At safepoint: 17531 ns, Total: 115165 ns
[2025-05-22T11:36:31.633+0000][71][info ][safepoint   ] Safepoint "Cleanup", Time since last: 9002078568 ns, Reaching safepoint: 75184 ns, Cleanup: 16248 ns, At safepoint: 9007 ns, Total: 100439 ns
[2025-05-22T11:36:33.634+0000][71][info ][safepoint   ] Safepoint "Cleanup", Time since last: 2000870666 ns, Reaching safepoint: 30678 ns, Cleanup: 24787 ns, At safepoint: 17710 ns, Total: 73175 ns
[2025-05-22T11:36:40.815+0000][71][info ][safepoint   ] Safepoint "Cleanup", Time since last: 7181027875 ns, Reaching safepoint: 20519 ns, Cleanup: 14316 ns, At safepoint: 7951 ns, Total: 42786 ns
[2025-05-22T11:36:43.340+0000][71][info ][safepoint   ] Safepoint "Cleanup", Time since last: 2528102475 ns, Reaching safepoint: 17175 ns, Cleanup: 25689 ns, At safepoint: 80334 ns, Total: 123198 ns
[2025-05-22T11:36:51.672+0000][71][info ][safepoint   ] Safepoint "Cleanup", Time since last: 8332240845 ns, Reaching safepoint: 32788 ns, Cleanup: 19706 ns, At safepoint: 18534 ns, Total: 71028 ns
[2025-05-22T11:37:12.675+0000][71][info ][safepoint   ] Safepoint "Cleanup", Time since last: 21005464532 ns, Reaching safepoint: 65835 ns, Cleanup: 22061 ns, At safepoint: 30195 ns, Total: 118091 ns
[2025-05-22T11:37:33.680+0000][71][info ][safepoint   ] Safepoint "Cleanup", Time since last: 21004948120 ns, Reaching safepoint: 47437 ns, Cleanup: 22454 ns, At safepoint: 9264 ns, Total: 79155 ns
[2025-05-22T11:37:55.744+0000][71][info ][safepoint   ] Safepoint "Cleanup", Time since last: 22065946344 ns, Reaching safepoint: 15195 ns, Cleanup: 18305 ns, At safepoint: 65727 ns, Total: 99227 ns
[2025-05-22T11:38:25.355+0000][71][info ][safepoint   ] Safepoint "Cleanup", Time since last: 29613181908 ns, Reaching safepoint: 67512 ns, Cleanup: 9959 ns, At safepoint: 4500 ns, Total: 81971 ns
[2025-05-22T11:38:26.794+0000][71][info ][safepoint   ] Safepoint "Cleanup", Time since last: 1439485319 ns, Reaching safepoint: 23913 ns, Cleanup: 104824 ns, At safepoint: 11049 ns, Total: 139786 ns
[2025-05-22T11:38:27.846+0000][71][info ][safepoint   ] Safepoint "Cleanup", Time since last: 1050932278 ns, Reaching safepoint: 134166 ns, Cleanup: 25447 ns, At safepoint: 26960 ns, Total: 186573 ns
[2025-05-22T11:38:49.397+0000][71][info ][safepoint   ] Safepoint "Cleanup", Time since last: 21552475346 ns, Reaching safepoint: 938003 ns, Cleanup: 124148 ns, At safepoint: 333633 ns, Total: 1395784 ns
[2025-05-22T11:38:50.898+0000][71][info ][safepoint   ] Safepoint "Cleanup", Time since last: 1501273484 ns, Reaching safepoint: 11858 ns, Cleanup: 14096 ns, At safepoint: 7777 ns, Total: 33731 ns
[2025-05-22T11:39:01.912+0000][71][info ][safepoint   ] Safepoint "Cleanup", Time since last: 11013908782 ns, Reaching safepoint: 98265 ns, Cleanup: 31620 ns, At safepoint: 24216 ns, Total: 154101 ns
[2025-05-22T11:39:02.917+0000][71][info ][safepoint   ] Safepoint "Cleanup", Time since last: 1005433970 ns, Reaching safepoint: 24875 ns, Cleanup: 21171 ns, At safepoint: 15026 ns, Total: 61072 ns
[2025-05-22T11:39:20.920+0000][71][info ][safepoint   ] Safepoint "Cleanup", Time since last: 18005842274 ns, Reaching safepoint: 34800 ns, Cleanup: 26250 ns, At safepoint: 17653 ns, Total: 78703 ns
[2025-05-22T11:39:33.924+0000][71][info ][safepoint   ] Safepoint "Cleanup", Time since last: 13003625493 ns, Reaching safepoint: 41094 ns, Cleanup: 16534 ns, At safepoint: 8212 ns, Total: 65840 ns
[2025-05-22T11:39:35.926+0000][71][info ][safepoint   ] Safepoint "Cleanup", Time since last: 2001939353 ns, Reaching safepoint: 17129 ns, Cleanup: 14790 ns, At safepoint: 8770 ns, Total: 40689 ns
[2025-05-22T11:39:37.927+0000][71][info ][safepoint   ] Safepoint "Cleanup", Time since last: 2001135512 ns, Reaching safepoint: 18209 ns, Cleanup: 13222 ns, At safepoint: 8306 ns, Total: 39737 ns
[2025-05-22T11:39:52.328+0000][71][info ][safepoint   ] Safepoint "Cleanup", Time since last: 14403520899 ns, Reaching safepoint: 9495 ns, Cleanup: 8053 ns, At safepoint: 3614 ns, Total: 21162 ns
[2025-05-22T11:39:53.957+0000][71][info ][safepoint   ] Safepoint "Cleanup", Time since last: 1629182660 ns, Reaching safepoint: 15376 ns, Cleanup: 14622 ns, At safepoint: 8206 ns, Total: 38204 ns
[2025-05-22T11:39:55.958+0000][71][info ][safepoint   ] Safepoint "Cleanup", Time since last: 2001240924 ns, Reaching safepoint: 77226 ns, Cleanup: 17535 ns, At safepoint: 15275 ns, Total: 110036 ns
[2025-05-22T11:40:03.961+0000][71][info ][safepoint   ] Safepoint "Cleanup", Time since last: 8002041340 ns, Reaching safepoint: 95170 ns, Cleanup: 22914 ns, At safepoint: 9450 ns, Total: 127534 ns
[2025-05-22T11:40:25.304+0000][71][info ][gc,start    ] GC(20) Pause Young (Prepare Mixed) (G1 Evacuation Pause)
[2025-05-22T11:40:25.309+0000][71][info ][gc,task     ] GC(20) Using 10 workers of 10 for evacuation
[2025-05-22T11:40:25.310+0000][71][debug][gc,age      ] GC(20) Desired survivor size 90177536 bytes, new threshold 15 (max threshold 15)
[2025-05-22T11:40:25.450+0000][71][info ][gc,phases   ] GC(20)   Pre Evacuate Collection Set: 11.62ms
[2025-05-22T11:40:25.451+0000][71][info ][gc,phases   ] GC(20)   Merge Heap Roots: 3.51ms
[2025-05-22T11:40:25.452+0000][71][info ][gc,phases   ] GC(20)   Evacuate Collection Set: 110.01ms
[2025-05-22T11:40:25.453+0000][71][info ][gc,phases   ] GC(20)   Post Evacuate Collection Set: 12.40ms
[2025-05-22T11:40:25.454+0000][71][info ][gc,phases   ] GC(20)   Other: 6.14ms
[2025-05-22T11:40:25.454+0000][71][trace][gc,age      ] GC(20) Age table with threshold 15 (max threshold 15)
[2025-05-22T11:40:25.455+0000][71][trace][gc,age      ] GC(20) - age   1:     970008 bytes,     970008 total
[2025-05-22T11:40:25.455+0000][71][trace][gc,age      ] GC(20) - age   2:     436064 bytes,    1406072 total
[2025-05-22T11:40:25.455+0000][71][trace][gc,age      ] GC(20) - age   3:     121960 bytes,    1528032 total
[2025-05-22T11:40:25.456+0000][71][trace][gc,age      ] GC(20) - age   4:      63344 bytes,    1591376 total
[2025-05-22T11:40:25.456+0000][71][trace][gc,age      ] GC(20) - age   5:    2307528 bytes,    3898904 total
[2025-05-22T11:40:25.456+0000][71][trace][gc,age      ] GC(20) - age   6:    1376416 bytes,    5275320 total
[2025-05-22T11:40:25.457+0000][71][trace][gc,age      ] GC(20) - age   7:     715752 bytes,    5991072 total
[2025-05-22T11:40:25.457+0000][71][info ][gc,heap     ] GC(20) Eden regions: 335->0(580)
[2025-05-22T11:40:25.457+0000][71][info ][gc,heap     ] GC(20) Survivor regions: 2->2(43)
[2025-05-22T11:40:25.457+0000][71][info ][gc,heap     ] GC(20) Old regions: 27->27
[2025-05-22T11:40:25.458+0000][71][info ][gc,heap     ] GC(20) Humongous regions: 0->0
[2025-05-22T11:40:25.458+0000][71][info ][gc,metaspace] GC(20) Metaspace: 145462K(151488K)->145462K(151488K) NonClass: 125934K(129536K)->125934K(129536K) Class: 19527K(21952K)->19527K(21952K)
[2025-05-22T11:40:25.459+0000][71][info ][gc          ] GC(20) Pause Young (Prepare Mixed) (G1 Evacuation Pause) 1453M->113M(3880M) 155.334ms
[2025-05-22T11:40:25.460+0000][71][info ][gc,cpu      ] GC(20) User=1.07s Sys=0.02s Real=0.16s
[2025-05-22T11:40:25.460+0000][71][info ][safepoint   ] Safepoint "G1CollectForAllocation", Time since last: 21343106214 ns, Reaching safepoint: 35604 ns, Cleanup: 5995 ns, At safepoint: 158523141 ns, Total: 158564740 ns
[2025-05-22T11:41:01.096+0000][71][info ][safepoint   ] Safepoint "Cleanup", Time since last: 35638175177 ns, Reaching safepoint: 210652 ns, Cleanup: 18550 ns, At safepoint: 42244 ns, Total: 271446 ns
[2025-05-22T11:41:06.098+0000][71][info ][safepoint   ] Safepoint "Cleanup", Time since last: 5001871459 ns, Reaching safepoint: 53062 ns, Cleanup: 22883 ns, At safepoint: 24807 ns, Total: 100752 ns
[2025-05-22T11:41:34.102+0000][71][info ][safepoint   ] Safepoint "Cleanup", Time since last: 28007458284 ns, Reaching safepoint: 237797 ns, Cleanup: 32482 ns, At safepoint: 21120 ns, Total: 291399 ns
[2025-05-22T11:41:43.137+0000][71][info ][safepoint   ] Safepoint "Cleanup", Time since last: 9036958716 ns, Reaching safepoint: 23442 ns, Cleanup: 16276 ns, At safepoint: 8741 ns, Total: 48459 ns
[2025-05-22T11:41:58.391+0000][71][info ][safepoint   ] Safepoint "Cleanup", Time since last: 15253798258 ns, Reaching safepoint: 18154 ns, Cleanup: 15242 ns, At safepoint: 20990 ns, Total: 54386 ns
[2025-05-22T11:42:01.203+0000][71][info ][safepoint   ] Safepoint "Cleanup", Time since last: 2812108938 ns, Reaching safepoint: 30335 ns, Cleanup: 19252 ns, At safepoint: 17308 ns, Total: 66895 ns
[2025-05-22T11:42:12.205+0000][71][info ][safepoint   ] Safepoint "Cleanup", Time since last: 11001960200 ns, Reaching safepoint: 192412 ns, Cleanup: 20074 ns, At safepoint: 102074 ns, Total: 314560 ns
[2025-05-22T11:43:12.322+0000][71][info ][safepoint   ] Safepoint "Cleanup", Time since last: 60121555919 ns, Reaching safepoint: 22337 ns, Cleanup: 15680 ns, At safepoint: 8070 ns, Total: 46087 ns
[2025-05-22T11:43:16.320+0000][71][info ][safepoint   ] Safepoint "Cleanup", Time since last: 4001496726 ns, Reaching safepoint: 30375 ns, Cleanup: 20147 ns, At safepoint: 15834 ns, Total: 66356 ns
[2025-05-22T11:43:26.323+0000][71][info ][safepoint   ] Safepoint "Cleanup", Time since last: 10002593938 ns, Reaching safepoint: 66087 ns, Cleanup: 17321 ns, At safepoint: 16142 ns, Total: 99550 ns
[2025-05-22T11:43:27.324+0000][71][info ][safepoint   ] Safepoint "Cleanup", Time since last: 1000737925 ns, Reaching safepoint: 19856 ns, Cleanup: 20357 ns, At safepoint: 8565 ns, Total: 48778 ns
[2025-05-22T11:43:29.331+0000][71][info ][safepoint   ] Safepoint "Cleanup", Time since last: 2007180804 ns, Reaching safepoint: 27368 ns, Cleanup: 23343 ns, At safepoint: 67266 ns, Total: 117977 ns
[2025-05-22T11:43:30.340+0000][71][info ][safepoint   ] Safepoint "Cleanup", Time since last: 1009241044 ns, Reaching safepoint: 29473 ns, Cleanup: 18278 ns, At safepoint: 14799 ns, Total: 62550 ns
[2025-05-22T11:43:51.058+0000][71][info ][safepoint   ] Safepoint "Cleanup", Time since last: 20719725681 ns, Reaching safepoint: 55998 ns, Cleanup: 17050 ns, At safepoint: 9575 ns, Total: 82623 ns
[2025-05-22T11:44:05.415+0000][71][info ][safepoint   ] Safepoint "Cleanup", Time since last: 14356716380 ns, Reaching safepoint: 6288 ns, Cleanup: 6886 ns, At safepoint: 14297 ns, Total: 27471 ns
[2025-05-22T11:44:34.256+0000][71][info ][safepoint   ] Safepoint "Cleanup", Time since last: 28843440577 ns, Reaching safepoint: 31373 ns, Cleanup: 14007 ns, At safepoint: 5984 ns, Total: 51364 ns
[2025-05-22T11:44:44.255+0000][71][info ][safepoint   ] Safepoint "Cleanup", Time since last: 10002102893 ns, Reaching safepoint: 69387 ns, Cleanup: 18686 ns, At safepoint: 32549 ns, Total: 120622 ns
[2025-05-22T11:44:53.258+0000][71][info ][safepoint   ] Safepoint "Cleanup", Time since last: 9001993944 ns, Reaching safepoint: 120196 ns, Cleanup: 18542 ns, At safepoint: 19517 ns, Total: 158255 ns
[2025-05-22T11:45:06.261+0000][71][info ][safepoint   ] Safepoint "Cleanup", Time since last: 13003285800 ns, Reaching safepoint: 31239 ns, Cleanup: 102207 ns, At safepoint: 19783 ns, Total: 153229 ns
[2025-05-22T11:45:07.342+0000][71][info ][safepoint   ] Safepoint "Cleanup", Time since last: 1081062361 ns, Reaching safepoint: 25595 ns, Cleanup: 15132 ns, At safepoint: 87131 ns, Total: 127858 ns
[2025-05-22T11:45:08.357+0000][71][info ][safepoint   ] Safepoint "Cleanup", Time since last: 1015266682 ns, Reaching safepoint: 19778 ns, Cleanup: 16214 ns, At safepoint: 8619 ns, Total: 44611 ns
[2025-05-22T11:45:31.438+0000][71][info ][safepoint   ] Safepoint "Cleanup", Time since last: 23083753029 ns, Reaching safepoint: 183336 ns, Cleanup: 17015 ns, At safepoint: 8712 ns, Total: 209063 ns
[2025-05-22T11:45:34.293+0000][71][info ][safepoint   ] Safepoint "Cleanup", Time since last: 2854242648 ns, Reaching safepoint: 105954 ns, Cleanup: 21692 ns, At safepoint: 70836 ns, Total: 198482 ns
[2025-05-22T11:46:10.330+0000][71][info ][safepoint   ] Safepoint "Cleanup", Time since last: 36039250770 ns, Reaching safepoint: 26845 ns, Cleanup: 13254 ns, At safepoint: 137105 ns, Total: 177204 ns
[2025-05-22T11:46:13.508+0000][71][info ][safepoint   ] Safepoint "Cleanup", Time since last: 3180390598 ns, Reaching safepoint: 34143 ns, Cleanup: 21893 ns, At safepoint: 20132 ns, Total: 76168 ns
[2025-05-22T11:46:46.332+0000][71][info ][safepoint   ] Safepoint "Cleanup", Time since last: 32826835685 ns, Reaching safepoint: 68401 ns, Cleanup: 17709 ns, At safepoint: 28888 ns, Total: 114998 ns
[2025-05-22T11:47:06.336+0000][71][info ][safepoint   ] Safepoint "Cleanup", Time since last: 20003956122 ns, Reaching safepoint: 135207 ns, Cleanup: 18205 ns, At safepoint: 30780 ns, Total: 184192 ns
[2025-05-22T11:47:12.338+0000][71][info ][safepoint   ] Safepoint "Cleanup", Time since last: 6001474308 ns, Reaching safepoint: 16996 ns, Cleanup: 19485 ns, At safepoint: 8440 ns, Total: 44921 ns
[2025-05-22T11:47:13.338+0000][71][info ][safepoint   ] Safepoint "Cleanup", Time since last: 1002376972 ns, Reaching safepoint: 6543 ns, Cleanup: 63470 ns, At safepoint: 14980 ns, Total: 84993 ns
[2025-05-22T11:47:14.616+0000][71][info ][safepoint   ] Safepoint "Cleanup", Time since last: 1277636732 ns, Reaching safepoint: 16242 ns, Cleanup: 13666 ns, At safepoint: 8550 ns, Total: 38458 ns
[2025-05-22T11:48:16.649+0000][71][info ][safepoint   ] Safepoint "Cleanup", Time since last: 62038581402 ns, Reaching safepoint: 5816 ns, Cleanup: 8469 ns, At safepoint: 13315 ns, Total: 27600 ns
[2025-05-22T11:48:31.327+0000][71][info ][safepoint   ] Safepoint "Cleanup", Time since last: 14678146815 ns, Reaching safepoint: 71984 ns, Cleanup: 10718 ns, At safepoint: 20155 ns, Total: 102857 ns
[2025-05-22T11:48:32.701+0000][71][info ][safepoint   ] Safepoint "Cleanup", Time since last: 1373852619 ns, Reaching safepoint: 30066 ns, Cleanup: 240842 ns, At safepoint: 38102 ns, Total: 309010 ns
[2025-05-22T11:48:33.735+0000][71][info ][safepoint   ] Safepoint "Cleanup", Time since last: 1033817017 ns, Reaching safepoint: 68646 ns, Cleanup: 21365 ns, At safepoint: 16230 ns, Total: 106241 ns
[2025-05-22T11:48:39.411+0000][71][info ][safepoint   ] Safepoint "Cleanup", Time since last: 5675710170 ns, Reaching safepoint: 24595 ns, Cleanup: 17551 ns, At safepoint: 10914 ns, Total: 53060 ns
[2025-05-22T11:48:46.656+0000][71][info ][safepoint   ] Safepoint "Cleanup", Time since last: 7248733813 ns, Reaching safepoint: 27267 ns, Cleanup: 15621 ns, At safepoint: 126580 ns, Total: 169468 ns
[2025-05-22T11:49:19.754+0000][71][info ][safepoint   ] Safepoint "Cleanup", Time since last: 33100378184 ns, Reaching safepoint: 16509 ns, Cleanup: 19359 ns, At safepoint: 83240 ns, Total: 119108 ns
[2025-05-22T11:49:20.786+0000][71][info ][safepoint   ] Safepoint "Cleanup", Time since last: 1031532909 ns, Reaching safepoint: 14351 ns, Cleanup: 49069 ns, At safepoint: 147482 ns, Total: 210902 ns
[2025-05-22T11:49:23.791+0000][71][info ][safepoint   ] Safepoint "Cleanup", Time since last: 3004757155 ns, Reaching safepoint: 28333 ns, Cleanup: 17585 ns, At safepoint: 16322 ns, Total: 62240 ns
[2025-05-22T11:49:36.450+0000][71][info ][safepoint   ] Safepoint "Cleanup", Time since last: 12658869877 ns, Reaching safepoint: 31035 ns, Cleanup: 21438 ns, At safepoint: 17764 ns, Total: 70237 ns
[2025-05-22T11:50:21.332+0000][71][info ][safepoint   ] Safepoint "Cleanup", Time since last: 39858014735 ns, Reaching safepoint: 49337 ns, Cleanup: 11508 ns, At safepoint: 15701 ns, Total: 76546 ns
[2025-05-22T11:51:01.853+0000][71][info ][safepoint   ] Safepoint "Cleanup", Time since last: 40523735520 ns, Reaching safepoint: 109390 ns, Cleanup: 17792 ns, At safepoint: 16592 ns, Total: 143774 ns
[2025-05-22T11:51:24.355+0000][71][info ][safepoint   ] Safepoint "Cleanup", Time since last: 22504741014 ns, Reaching safepoint: 16615 ns, Cleanup: 18384 ns, At safepoint: 65918 ns, Total: 100917 ns
[2025-05-22T11:51:25.914+0000][71][info ][safepoint   ] Safepoint "Cleanup", Time since last: 1558216987 ns, Reaching safepoint: 29149 ns, Cleanup: 329628 ns, At safepoint: 89561 ns, Total: 448338 ns
[2025-05-22T11:51:30.916+0000][71][info ][safepoint   ] Safepoint "Cleanup", Time since last: 5001296574 ns, Reaching safepoint: 76998 ns, Cleanup: 22558 ns, At safepoint: 107653 ns, Total: 207209 ns
[2025-05-22T11:51:38.917+0000][71][info ][safepoint   ] Safepoint "Cleanup", Time since last: 8001879579 ns, Reaching safepoint: 31200 ns, Cleanup: 25089 ns, At safepoint: 19588 ns, Total: 75877 ns
[2025-05-22T11:52:06.558+0000][71][info ][safepoint   ] Safepoint "Cleanup", Time since last: 27642993660 ns, Reaching safepoint: 64579 ns, Cleanup: 17670 ns, At safepoint: 15855 ns, Total: 98104 ns
[2025-05-22T11:52:10.559+0000][71][info ][safepoint   ] Safepoint "Cleanup", Time since last: 4001384715 ns, Reaching safepoint: 18487 ns, Cleanup: 13396 ns, At safepoint: 8572 ns, Total: 40455 ns
[2025-05-22T11:52:16.560+0000][71][info ][safepoint   ] Safepoint "Cleanup", Time since last: 6001353203 ns, Reaching safepoint: 18200 ns, Cleanup: 16007 ns, At safepoint: 31749 ns, Total: 65956 ns
[2025-05-22T11:52:17.559+0000][71][info ][safepoint   ] Safepoint "Cleanup", Time since last: 1000732244 ns, Reaching safepoint: 16751 ns, Cleanup: 13237 ns, At safepoint: 8314 ns, Total: 38302 ns
[2025-05-22T11:52:26.561+0000][71][info ][safepoint   ] Safepoint "Cleanup", Time since last: 9001861895 ns, Reaching safepoint: 32877 ns, Cleanup: 26373 ns, At safepoint: 19613 ns, Total: 78863 ns
[2025-05-22T11:52:49.594+0000][71][info ][safepoint   ] Safepoint "Cleanup", Time since last: 23034946179 ns, Reaching safepoint: 72229 ns, Cleanup: 17435 ns, At safepoint: 17610 ns, Total: 107274 ns
[2025-05-22T11:52:56.595+0000][71][info ][safepoint   ] Safepoint "Cleanup", Time since last: 7001793505 ns, Reaching safepoint: 17176 ns, Cleanup: 15673 ns, At safepoint: 8671 ns, Total: 41520 ns
[2025-05-22T11:52:57.976+0000][71][info ][safepoint   ] Safepoint "Cleanup", Time since last: 1380530511 ns, Reaching safepoint: 6190 ns, Cleanup: 9005 ns, At safepoint: 3144 ns, Total: 18339 ns
[2025-05-22T11:53:33.371+0000][71][info ][safepoint   ] Safepoint "Cleanup", Time since last: 35397152174 ns, Reaching safepoint: 106250 ns, Cleanup: 19787 ns, At safepoint: 30180 ns, Total: 156217 ns
[2025-05-22T11:53:35.070+0000][71][info ][safepoint   ] Safepoint "Cleanup", Time since last: 1699573867 ns, Reaching safepoint: 30295 ns, Cleanup: 17674 ns, At safepoint: 18130 ns, Total: 66099 ns
[2025-05-22T11:53:37.071+0000][71][info ][safepoint   ] Safepoint "Cleanup", Time since last: 2000919389 ns, Reaching safepoint: 31754 ns, Cleanup: 23358 ns, At safepoint: 19055 ns, Total: 74167 ns
[2025-05-22T11:53:39.072+0000][71][info ][safepoint   ] Safepoint "Cleanup", Time since last: 2000928876 ns, Reaching safepoint: 16751 ns, Cleanup: 92145 ns, At safepoint: 9635 ns, Total: 118531 ns
[2025-05-22T11:53:46.918+0000][71][info ][safepoint   ] Safepoint "Cleanup", Time since last: 7845970029 ns, Reaching safepoint: 18617 ns, Cleanup: 15126 ns, At safepoint: 72767 ns, Total: 106510 ns
[2025-05-22T11:53:47.916+0000][71][info ][safepoint   ] Safepoint "Cleanup", Time since last: 1000931039 ns, Reaching safepoint: 24336 ns, Cleanup: 19799 ns, At safepoint: 11012 ns, Total: 55147 ns
[2025-05-22T11:54:00.919+0000][71][info ][safepoint   ] Safepoint "Cleanup", Time since last: 13002529576 ns, Reaching safepoint: 84809 ns, Cleanup: 14358 ns, At safepoint: 8553 ns, Total: 107720 ns
[2025-05-22T11:54:34.234+0000][71][info ][safepoint   ] Safepoint "Cleanup", Time since last: 33317020302 ns, Reaching safepoint: 18149 ns, Cleanup: 13440 ns, At safepoint: 19739 ns, Total: 51328 ns
[2025-05-22T11:54:39.848+0000][71][info ][safepoint   ] Safepoint "Cleanup", Time since last: 4928856828 ns, Reaching safepoint: 684202637 ns, Cleanup: 30297 ns, At safepoint: 430436 ns, Total: 684663370 ns
[2025-05-22T11:54:41.194+0000][71][info ][safepoint   ] Safepoint "Cleanup", Time since last: 1346346949 ns, Reaching safepoint: 19269 ns, Cleanup: 17580 ns, At safepoint: 9058 ns, Total: 45907 ns
[2025-05-22T11:55:21.172+0000][71][info ][safepoint   ] Safepoint "Cleanup", Time since last: 40303246098 ns, Reaching safepoint: 140082 ns, Cleanup: 19094 ns, At safepoint: 13648 ns, Total: 172824 ns
[2025-05-22T11:55:36.329+0000][71][info ][safepoint   ] Safepoint "Cleanup", Time since last: 15156984293 ns, Reaching safepoint: 8901 ns, Cleanup: 8873 ns, At safepoint: 3739 ns, Total: 21513 ns
[2025-05-22T11:55:37.953+0000][71][info ][safepoint   ] Safepoint "Cleanup", Time since last: 1624077643 ns, Reaching safepoint: 34145 ns, Cleanup: 25053 ns, At safepoint: 18799 ns, Total: 77997 ns
[2025-05-22T11:55:38.954+0000][71][info ][safepoint   ] Safepoint "Cleanup", Time since last: 1001356332 ns, Reaching safepoint: 36028 ns, Cleanup: 17725 ns, At safepoint: 12579 ns, Total: 66332 ns
[2025-05-22T11:56:36.609+0000][71][info ][safepoint   ] Safepoint "Cleanup", Time since last: 57340205561 ns, Reaching safepoint: 27461 ns, Cleanup: 14560 ns, At safepoint: 5644 ns, Total: 47665 ns
[2025-05-22T11:56:38.307+0000][71][info ][safepoint   ] Safepoint "Cleanup", Time since last: 1698069984 ns, Reaching safepoint: 28038 ns, Cleanup: 42549 ns, At safepoint: 16268 ns, Total: 86855 ns
[2025-05-22T11:56:39.320+0000][71][info ][safepoint   ] Safepoint "Cleanup", Time since last: 1013164173 ns, Reaching safepoint: 28722 ns, Cleanup: 31299 ns, At safepoint: 17197 ns, Total: 77218 ns
[2025-05-22T11:57:21.399+0000][71][info ][safepoint   ] Safepoint "Cleanup", Time since last: 42083480105 ns, Reaching safepoint: 92756 ns, Cleanup: 24420 ns, At safepoint: 18037 ns, Total: 135213 ns
[2025-05-22T11:57:38.975+0000][71][info ][safepoint   ] Safepoint "Cleanup", Time since last: 17575635877 ns, Reaching safepoint: 8687 ns, Cleanup: 11480 ns, At safepoint: 14355 ns, Total: 34522 ns
[2025-05-22T11:57:46.122+0000][71][info ][safepoint   ] Safepoint "Cleanup", Time since last: 7146655293 ns, Reaching safepoint: 27590 ns, Cleanup: 23105 ns, At safepoint: 17276 ns, Total: 67971 ns
[2025-05-22T11:58:16.126+0000][71][info ][safepoint   ] Safepoint "Cleanup", Time since last: 30006352306 ns, Reaching safepoint: 272045 ns, Cleanup: 28163 ns, At safepoint: 20539 ns, Total: 320747 ns
[2025-05-22T11:58:35.498+0000][71][info ][safepoint   ] Safepoint "Cleanup", Time since last: 19375577442 ns, Reaching safepoint: 176574 ns, Cleanup: 25579 ns, At safepoint: 110451 ns, Total: 312604 ns
[2025-05-22T11:58:38.544+0000][71][info ][safepoint   ] Safepoint "Cleanup", Time since last: 3045889254 ns, Reaching safepoint: 329546 ns, Cleanup: 25233 ns, At safepoint: 62726 ns, Total: 417505 ns
[2025-05-22T11:58:39.545+0000][71][info ][safepoint   ] Safepoint "Cleanup", Time since last: 1000789834 ns, Reaching safepoint: 66961 ns, Cleanup: 14486 ns, At safepoint: 8848 ns, Total: 90295 ns
[2025-05-22T11:58:40.553+0000][71][info ][safepoint   ] Safepoint "Cleanup", Time since last: 1008437716 ns, Reaching safepoint: 6235 ns, Cleanup: 9641 ns, At safepoint: 14734 ns, Total: 30610 ns
[2025-05-22T11:58:41.575+0000][71][info ][safepoint   ] Safepoint "Cleanup", Time since last: 1022094343 ns, Reaching safepoint: 29422 ns, Cleanup: 18399 ns, At safepoint: 11188 ns, Total: 59009 ns
[2025-05-22T11:58:51.103+0000][71][info ][safepoint   ] Safepoint "Cleanup", Time since last: 9529448643 ns, Reaching safepoint: 17161 ns, Cleanup: 8599 ns, At safepoint: 14767 ns, Total: 40527 ns
[2025-05-22T11:58:52.138+0000][71][info ][safepoint   ] Safepoint "Cleanup", Time since last: 1035119307 ns, Reaching safepoint: 26907 ns, Cleanup: 18930 ns, At safepoint: 13308 ns, Total: 59145 ns
[2025-05-22T11:59:19.146+0000][71][info ][safepoint   ] Safepoint "Cleanup", Time since last: 27009473085 ns, Reaching safepoint: 249318 ns, Cleanup: 33015 ns, At safepoint: 24212 ns, Total: 306545 ns
[2025-05-22T11:59:30.148+0000][71][info ][safepoint   ] Safepoint "Cleanup", Time since last: 11002438131 ns, Reaching safepoint: 140651 ns, Cleanup: 24379 ns, At safepoint: 15213 ns, Total: 180243 ns
[2025-05-22T11:59:42.817+0000][71][info ][safepoint   ] Safepoint "Cleanup", Time since last: 12667689116 ns, Reaching safepoint: 735153 ns, Cleanup: 24393 ns, At safepoint: 203026 ns, Total: 962572 ns
[2025-05-22T11:59:43.840+0000][71][info ][safepoint   ] Safepoint "Cleanup", Time since last: 1023243782 ns, Reaching safepoint: 31945 ns, Cleanup: 38040 ns, At safepoint: 78386 ns, Total: 148371 ns
[2025-05-22T11:59:44.866+0000][71][info ][safepoint   ] Safepoint "Cleanup", Time since last: 1025501051 ns, Reaching safepoint: 29898 ns, Cleanup: 17341 ns, At safepoint: 18105 ns, Total: 65344 ns
[2025-05-22T12:00:30.890+0000][71][info ][safepoint   ] Safepoint "Cleanup", Time since last: 46028522706 ns, Reaching safepoint: 343999 ns, Cleanup: 53777 ns, At safepoint: 49565 ns, Total: 447341 ns
[2025-05-22T12:00:45.725+0000][71][info ][safepoint   ] Safepoint "Cleanup", Time since last: 14835256185 ns, Reaching safepoint: 10888 ns, Cleanup: 15497 ns, At safepoint: 6730 ns, Total: 33115 ns
[2025-05-22T12:02:17.973+0000][71][info ][safepoint   ] Safepoint "Cleanup", Time since last: 92256420909 ns, Reaching safepoint: 152815 ns, Cleanup: 19227 ns, At safepoint: 31574 ns, Total: 203616 ns
[2025-05-22T12:02:18.972+0000][71][info ][safepoint   ] Safepoint "Cleanup", Time since last: 1001214683 ns, Reaching safepoint: 29880 ns, Cleanup: 16056 ns, At safepoint: 11873 ns, Total: 57809 ns
[2025-05-22T12:02:20.973+0000][71][info ][safepoint   ] Safepoint "Cleanup", Time since last: 2000869574 ns, Reaching safepoint: 17804 ns, Cleanup: 13866 ns, At safepoint: 9183 ns, Total: 40853 ns
[2025-05-22T12:03:36.708+0000][71][info ][safepoint   ] Safepoint "Cleanup", Time since last: 75739590328 ns, Reaching safepoint: 458306 ns, Cleanup: 16296 ns, At safepoint: 88709 ns, Total: 563311 ns
[2025-05-22T12:03:39.110+0000][71][info ][safepoint   ] Safepoint "Cleanup", Time since last: 2402790992 ns, Reaching safepoint: 18573 ns, Cleanup: 13598 ns, At safepoint: 8825 ns, Total: 40996 ns
[2025-05-22T12:03:40.491+0000][71][info ][safepoint   ] Safepoint "Cleanup", Time since last: 1380696092 ns, Reaching safepoint: 6263 ns, Cleanup: 11119 ns, At safepoint: 3081 ns, Total: 20463 ns
[2025-05-22T12:03:42.492+0000][71][info ][safepoint   ] Safepoint "Cleanup", Time since last: 2001011272 ns, Reaching safepoint: 32597 ns, Cleanup: 42405 ns, At safepoint: 11734 ns, Total: 86736 ns
[2025-05-22T12:03:46.028+0000][71][info ][safepoint   ] Safepoint "Cleanup", Time since last: 3535443737 ns, Reaching safepoint: 32512 ns, Cleanup: 16853 ns, At safepoint: 83398 ns, Total: 132763 ns
[2025-05-22T12:03:47.055+0000][71][info ][safepoint   ] Safepoint "Cleanup", Time since last: 1027496964 ns, Reaching safepoint: 37125 ns, Cleanup: 23144 ns, At safepoint: 22180 ns, Total: 82449 ns
[2025-05-22T12:03:51.054+0000][71][info ][safepoint   ] Safepoint "Cleanup", Time since last: 4001156818 ns, Reaching safepoint: 74223 ns, Cleanup: 20084 ns, At safepoint: 19106 ns, Total: 113413 ns
[2025-05-22T12:03:54.700+0000][71][info ][safepoint   ] Safepoint "Cleanup", Time since last: 3645693033 ns, Reaching safepoint: 6873 ns, Cleanup: 9800 ns, At safepoint: 13393 ns, Total: 30066 ns
[2025-05-22T12:03:56.177+0000][71][info ][safepoint   ] Safepoint "Cleanup", Time since last: 1476936515 ns, Reaching safepoint: 6059 ns, Cleanup: 13502 ns, At safepoint: 13491 ns, Total: 33052 ns
[2025-05-22T12:04:06.182+0000][71][info ][safepoint   ] Safepoint "Cleanup", Time since last: 10004958474 ns, Reaching safepoint: 63968 ns, Cleanup: 19020 ns, At safepoint: 28964 ns, Total: 111952 ns
[2025-05-22T12:04:16.184+0000][71][info ][safepoint   ] Safepoint "Cleanup", Time since last: 10002477100 ns, Reaching safepoint: 43001 ns, Cleanup: 16198 ns, At safepoint: 25897 ns, Total: 85096 ns
[2025-05-22T12:04:58.198+0000][71][info ][safepoint   ] Safepoint "Cleanup", Time since last: 42021538030 ns, Reaching safepoint: 17976 ns, Cleanup: 35630 ns, At safepoint: 101094 ns, Total: 154700 ns
[2025-05-22T12:05:19.206+0000][71][info ][safepoint   ] Safepoint "Cleanup", Time since last: 21011616918 ns, Reaching safepoint: 58120 ns, Cleanup: 14892 ns, At safepoint: 10260 ns, Total: 83272 ns
[2025-05-22T12:06:41.600+0000][71][info ][safepoint   ] Safepoint "Cleanup", Time since last: 82400995208 ns, Reaching safepoint: 47343 ns, Cleanup: 24062 ns, At safepoint: 15823 ns, Total: 87228 ns
[2025-05-22T12:06:56.601+0000][71][info ][safepoint   ] Safepoint "Cleanup", Time since last: 15003831692 ns, Reaching safepoint: 223450 ns, Cleanup: 31338 ns, At safepoint: 56442 ns, Total: 311230 ns
[2025-05-22T12:07:03.663+0000][71][info ][safepoint   ] Safepoint "Cleanup", Time since last: 7061050949 ns, Reaching safepoint: 179229 ns, Cleanup: 9396 ns, At safepoint: 55309 ns, Total: 243934 ns
[2025-05-22T12:07:12.316+0000][71][info ][safepoint   ] Safepoint "Cleanup", Time since last: 8653833557 ns, Reaching safepoint: 30794 ns, Cleanup: 22742 ns, At safepoint: 17970 ns, Total: 71506 ns
[2025-05-22T12:07:16.318+0000][71][info ][safepoint   ] Safepoint "Cleanup", Time since last: 4001617722 ns, Reaching safepoint: 178082 ns, Cleanup: 30018 ns, At safepoint: 24797 ns, Total: 232897 ns
[2025-05-22T12:07:36.703+0000][71][info ][safepoint   ] Safepoint "Cleanup", Time since last: 20388101044 ns, Reaching safepoint: 30801 ns, Cleanup: 19695 ns, At safepoint: 21695 ns, Total: 72191 ns
[2025-05-22T12:07:38.402+0000][71][info ][safepoint   ] Safepoint "Cleanup", Time since last: 1699266705 ns, Reaching safepoint: 31862 ns, Cleanup: 70983 ns, At safepoint: 19768 ns, Total: 122613 ns
[2025-05-22T12:07:39.439+0000][71][info ][safepoint   ] Safepoint "Cleanup", Time since last: 1036802852 ns, Reaching safepoint: 69612 ns, Cleanup: 75141 ns, At safepoint: 21220 ns, Total: 165973 ns
[2025-05-22T12:07:41.072+0000][71][info ][safepoint   ] Safepoint "Cleanup", Time since last: 1633169614 ns, Reaching safepoint: 6175 ns, Cleanup: 9276 ns, At safepoint: 3844 ns, Total: 19295 ns
[2025-05-22T12:07:42.517+0000][71][info ][safepoint   ] Safepoint "Cleanup", Time since last: 1444991274 ns, Reaching safepoint: 31340 ns, Cleanup: 24164 ns, At safepoint: 16578 ns, Total: 72082 ns
[2025-05-22T12:07:43.518+0000][71][info ][safepoint   ] Safepoint "Cleanup", Time since last: 1000672746 ns, Reaching safepoint: 33565 ns, Cleanup: 18426 ns, At safepoint: 17665 ns, Total: 69656 ns
[2025-05-22T12:07:45.694+0000][71][info ][safepoint   ] Safepoint "Cleanup", Time since last: 2175639638 ns, Reaching safepoint: 109040 ns, Cleanup: 11859 ns, At safepoint: 36258 ns, Total: 157157 ns
[2025-05-22T12:07:47.535+0000][71][info ][safepoint   ] Safepoint "Cleanup", Time since last: 1841695093 ns, Reaching safepoint: 30460 ns, Cleanup: 19084 ns, At safepoint: 17466 ns, Total: 67010 ns
[2025-05-22T12:07:48.534+0000][71][info ][safepoint   ] Safepoint "Cleanup", Time since last: 1000616215 ns, Reaching safepoint: 32373 ns, Cleanup: 23094 ns, At safepoint: 19425 ns, Total: 74892 ns
[2025-05-22T12:07:56.535+0000][71][info ][safepoint   ] Safepoint "Cleanup", Time since last: 8001473814 ns, Reaching safepoint: 140051 ns, Cleanup: 18841 ns, At safepoint: 14194 ns, Total: 173086 ns
[2025-05-22T12:08:04.562+0000][71][info ][safepoint   ] Safepoint "Cleanup", Time since last: 8026868033 ns, Reaching safepoint: 26768 ns, Cleanup: 68033 ns, At safepoint: 18766 ns, Total: 113567 ns
[2025-05-22T12:08:18.593+0000][71][info ][safepoint   ] Safepoint "Cleanup", Time since last: 14034544946 ns, Reaching safepoint: 30535 ns, Cleanup: 18664 ns, At safepoint: 17555 ns, Total: 66754 ns
[2025-05-22T12:08:39.393+0000][71][info ][safepoint   ] Safepoint "Cleanup", Time since last: 20799262010 ns, Reaching safepoint: 55088 ns, Cleanup: 29965 ns, At safepoint: 10942 ns, Total: 95995 ns
[2025-05-22T12:08:41.650+0000][71][info ][safepoint   ] Safepoint "Cleanup", Time since last: 2257426721 ns, Reaching safepoint: 7456 ns, Cleanup: 12597 ns, At safepoint: 14056 ns, Total: 34109 ns
[2025-05-22T12:09:10.697+0000][71][info ][safepoint   ] Safepoint "Cleanup", Time since last: 29049934624 ns, Reaching safepoint: 534198 ns, Cleanup: 16868 ns, At safepoint: 56889 ns, Total: 607955 ns
[2025-05-22T12:09:11.729+0000][71][info ][safepoint   ] Safepoint "Cleanup", Time since last: 1031802534 ns, Reaching safepoint: 8824 ns, Cleanup: 16311 ns, At safepoint: 13358 ns, Total: 38493 ns
[2025-05-22T12:09:12.734+0000][71][info ][safepoint   ] Safepoint "Cleanup", Time since last: 1005111893 ns, Reaching safepoint: 28553 ns, Cleanup: 17568 ns, At safepoint: 16177 ns, Total: 62298 ns
[2025-05-22T12:09:18.732+0000][71][info ][safepoint   ] Safepoint "Cleanup", Time since last: 6001830060 ns, Reaching safepoint: 31495 ns, Cleanup: 22791 ns, At safepoint: 17999 ns, Total: 72285 ns
[2025-05-22T12:09:24.735+0000][71][info ][safepoint   ] Safepoint "Cleanup", Time since last: 6002068553 ns, Reaching safepoint: 57244 ns, Cleanup: 18640 ns, At safepoint: 13773 ns, Total: 89657 ns
[2025-05-22T12:09:38.737+0000][71][info ][safepoint   ] Safepoint "Cleanup", Time since last: 14002507365 ns, Reaching safepoint: 39145 ns, Cleanup: 26764 ns, At safepoint: 9925 ns, Total: 75834 ns
[2025-05-22T12:10:14.775+0000][71][info ][safepoint   ] Safepoint "Cleanup", Time since last: 36040121357 ns, Reaching safepoint: 30531 ns, Cleanup: 20374 ns, At safepoint: 16657 ns, Total: 67562 ns
[2025-05-22T12:11:15.704+0000][71][info ][safepoint   ] Safepoint "Cleanup", Time since last: 60935497445 ns, Reaching safepoint: 25735 ns, Cleanup: 11182 ns, At safepoint: 19197 ns, Total: 56114 ns
[2025-05-22T12:12:11.792+0000][71][info ][safepoint   ] Safepoint "Cleanup", Time since last: 56094526068 ns, Reaching safepoint: 90322 ns, Cleanup: 21910 ns, At safepoint: 13100 ns, Total: 125332 ns
[2025-05-22T12:12:15.793+0000][71][info ][safepoint   ] Safepoint "Cleanup", Time since last: 4001116412 ns, Reaching safepoint: 81068 ns, Cleanup: 21105 ns, At safepoint: 20142 ns, Total: 122315 ns
[2025-05-22T12:12:18.679+0000][71][info ][safepoint   ] Safepoint "Cleanup", Time since last: 2887857620 ns, Reaching safepoint: 85959 ns, Cleanup: 11902 ns, At safepoint: 38736 ns, Total: 136597 ns
[2025-05-22T12:13:39.778+0000][71][info ][safepoint   ] Safepoint "Cleanup", Time since last: 81106448783 ns, Reaching safepoint: 342118 ns, Cleanup: 96292 ns, At safepoint: 34874 ns, Total: 473284 ns
[2025-05-22T12:13:40.856+0000][71][info ][safepoint   ] Safepoint "Cleanup", Time since last: 1077284571 ns, Reaching safepoint: 12072 ns, Cleanup: 49527 ns, At safepoint: 35633 ns, Total: 97232 ns
[2025-05-22T12:14:15.519+0000][71][info ][safepoint   ] Safepoint "Cleanup", Time since last: 34666987742 ns, Reaching safepoint: 115533 ns, Cleanup: 28042 ns, At safepoint: 12918 ns, Total: 156493 ns
[2025-05-22T12:14:22.221+0000][71][info ][safepoint   ] Safepoint "Cleanup", Time since last: 6704090815 ns, Reaching safepoint: 6566 ns, Cleanup: 7450 ns, At safepoint: 3404 ns, Total: 17420 ns
[2025-05-22T12:14:39.226+0000][71][info ][safepoint   ] Safepoint "Cleanup", Time since last: 17005108543 ns, Reaching safepoint: 77561 ns, Cleanup: 21046 ns, At safepoint: 18884 ns, Total: 117491 ns
[2025-05-22T12:15:03.891+0000][71][info ][safepoint   ] Safepoint "Cleanup", Time since last: 24667782248 ns, Reaching safepoint: 185084 ns, Cleanup: 20621 ns, At safepoint: 23198 ns, Total: 228903 ns
[2025-05-22T12:15:24.781+0000][71][info ][safepoint   ] Safepoint "Cleanup", Time since last: 20892770534 ns, Reaching safepoint: 18492 ns, Cleanup: 38034 ns, At safepoint: 24986 ns, Total: 81512 ns
[2025-05-22T12:15:39.255+0000][71][info ][safepoint   ] Safepoint "Cleanup", Time since last: 14473729510 ns, Reaching safepoint: 69682 ns, Cleanup: 115120 ns, At safepoint: 26414 ns, Total: 211216 ns
[2025-05-22T12:15:48.919+0000][71][info ][safepoint   ] Safepoint "Cleanup", Time since last: 9667803543 ns, Reaching safepoint: 27238 ns, Cleanup: 18349 ns, At safepoint: 11240 ns, Total: 56827 ns
[2025-05-22T12:15:50.920+0000][71][info ][safepoint   ] Safepoint "Cleanup", Time since last: 2000903113 ns, Reaching safepoint: 27347 ns, Cleanup: 16288 ns, At safepoint: 11451 ns, Total: 55086 ns
[2025-05-22T12:16:05.942+0000][71][info ][safepoint   ] Safepoint "Cleanup", Time since last: 15022171131 ns, Reaching safepoint: 52644 ns, Cleanup: 18527 ns, At safepoint: 12567 ns, Total: 83738 ns
[2025-05-22T12:16:25.678+0000][71][info ][safepoint   ] Safepoint "Cleanup", Time since last: 19738744303 ns, Reaching safepoint: 15528 ns, Cleanup: 9232 ns, At safepoint: 14397 ns, Total: 39157 ns
[2025-05-22T12:16:40.310+0000][71][info ][safepoint   ] Safepoint "Cleanup", Time since last: 14632521026 ns, Reaching safepoint: 58834 ns, Cleanup: 17324 ns, At safepoint: 10702 ns, Total: 86860 ns
[2025-05-22T12:17:11.952+0000][71][info ][safepoint   ] Safepoint "Cleanup", Time since last: 31645238997 ns, Reaching safepoint: 52381 ns, Cleanup: 24739 ns, At safepoint: 20995 ns, Total: 98115 ns
[2025-05-22T12:17:26.531+0000][71][info ][safepoint   ] Safepoint "Cleanup", Time since last: 14582055129 ns, Reaching safepoint: 17681 ns, Cleanup: 12703 ns, At safepoint: 8263 ns, Total: 38647 ns
[2025-05-22T12:18:02.957+0000][71][info ][safepoint   ] Safepoint "Cleanup", Time since last: 36428421789 ns, Reaching safepoint: 73767 ns, Cleanup: 17230 ns, At safepoint: 11984 ns, Total: 102981 ns
[2025-05-22T12:18:26.959+0000][71][info ][safepoint   ] Safepoint "Cleanup", Time since last: 24005194776 ns, Reaching safepoint: 24007 ns, Cleanup: 14017 ns, At safepoint: 8943 ns, Total: 46967 ns
[2025-05-22T12:18:41.293+0000][71][info ][safepoint   ] Safepoint "Cleanup", Time since last: 14333791123 ns, Reaching safepoint: 10434 ns, Cleanup: 14020 ns, At safepoint: 5335 ns, Total: 29789 ns
[2025-05-22T12:18:43.307+0000][71][info ][safepoint   ] Safepoint "Cleanup", Time since last: 2013588655 ns, Reaching safepoint: 22246 ns, Cleanup: 28396 ns, At safepoint: 13438 ns, Total: 64080 ns
[2025-05-22T12:18:46.266+0000][71][info ][safepoint   ] Safepoint "Cleanup", Time since last: 2959226019 ns, Reaching safepoint: 5571 ns, Cleanup: 6257 ns, At safepoint: 12447 ns, Total: 24275 ns
[2025-05-22T12:19:09.874+0000][71][info ][safepoint   ] Safepoint "Cleanup", Time since last: 23612348883 ns, Reaching safepoint: 169824 ns, Cleanup: 29708 ns, At safepoint: 11472 ns, Total: 211004 ns
[2025-05-22T12:19:29.877+0000][71][info ][safepoint   ] Safepoint "Cleanup", Time since last: 20004995680 ns, Reaching safepoint: 94511 ns, Cleanup: 16456 ns, At safepoint: 11043 ns, Total: 122010 ns
[2025-05-22T12:19:32.375+0000][71][info ][safepoint   ] Safepoint "Cleanup", Time since last: 2498049085 ns, Reaching safepoint: 175548 ns, Cleanup: 8801 ns, At safepoint: 42258 ns, Total: 226607 ns
[2025-05-22T12:19:33.382+0000][71][info ][safepoint   ] Safepoint "Cleanup", Time since last: 1006917001 ns, Reaching safepoint: 11287 ns, Cleanup: 21617 ns, At safepoint: 8030 ns, Total: 40934 ns
[2025-05-22T12:20:05.039+0000][71][info ][safepoint   ] Safepoint "Cleanup", Time since last: 31660111322 ns, Reaching safepoint: 117618 ns, Cleanup: 24456 ns, At safepoint: 14052 ns, Total: 156126 ns
[2025-05-22T12:20:06.040+0000][71][info ][safepoint   ] Safepoint "Cleanup", Time since last: 1000956167 ns, Reaching safepoint: 31292 ns, Cleanup: 24819 ns, At safepoint: 19553 ns, Total: 75664 ns
[2025-05-22T12:20:14.042+0000][71][info ][safepoint   ] Safepoint "Cleanup", Time since last: 8002051641 ns, Reaching safepoint: 30206 ns, Cleanup: 102568 ns, At safepoint: 24664 ns, Total: 157438 ns
[2025-05-22T12:20:35.419+0000][71][info ][safepoint   ] Safepoint "Cleanup", Time since last: 21379289864 ns, Reaching safepoint: 20221 ns, Cleanup: 28490 ns, At safepoint: 96550 ns, Total: 145261 ns
[2025-05-22T12:21:40.477+0000][71][info ][safepoint   ] Safepoint "Cleanup", Time since last: 65064282708 ns, Reaching safepoint: 33840 ns, Cleanup: 25484 ns, At safepoint: 18951 ns, Total: 78275 ns
[2025-05-22T12:21:53.113+0000][71][info ][safepoint   ] Safepoint "Cleanup", Time since last: 12640270218 ns, Reaching safepoint: 71672 ns, Cleanup: 24626 ns, At safepoint: 35752 ns, Total: 132050 ns
[2025-05-22T12:22:40.121+0000][71][info ][safepoint   ] Safepoint "Cleanup", Time since last: 47009029478 ns, Reaching safepoint: 169448 ns, Cleanup: 21186 ns, At safepoint: 21413 ns, Total: 212047 ns
[2025-05-22T12:22:41.152+0000][71][info ][safepoint   ] Safepoint "Cleanup", Time since last: 1030999226 ns, Reaching safepoint: 6066 ns, Cleanup: 10173 ns, At safepoint: 3284 ns, Total: 19523 ns
[2025-05-22T12:22:42.515+0000][71][info ][safepoint   ] Safepoint "Cleanup", Time since last: 1363343496 ns, Reaching safepoint: 25687 ns, Cleanup: 16616 ns, At safepoint: 12815 ns, Total: 55118 ns
[2025-05-22T12:22:59.581+0000][71][info ][safepoint   ] Safepoint "Cleanup", Time since last: 17068797596 ns, Reaching safepoint: 58493 ns, Cleanup: 15842 ns, At safepoint: 24769 ns, Total: 99104 ns
[2025-05-22T12:23:02.592+0000][71][info ][safepoint   ] Safepoint "Cleanup", Time since last: 3011299853 ns, Reaching safepoint: 28236 ns, Cleanup: 21548 ns, At safepoint: 16758 ns, Total: 66542 ns
[2025-05-22T12:23:16.244+0000][71][info ][safepoint   ] Safepoint "Cleanup", Time since last: 13652021279 ns, Reaching safepoint: 7775 ns, Cleanup: 8669 ns, At safepoint: 15101 ns, Total: 31545 ns
[2025-05-22T12:23:36.029+0000][71][info ][safepoint   ] Safepoint "Cleanup", Time since last: 19788557897 ns, Reaching safepoint: 67459 ns, Cleanup: 18208 ns, At safepoint: 16211 ns, Total: 101878 ns
[2025-05-22T12:23:44.034+0000][71][info ][safepoint   ] Safepoint "Cleanup", Time since last: 8004805852 ns, Reaching safepoint: 15628 ns, Cleanup: 19229 ns, At safepoint: 83712 ns, Total: 118569 ns
[2025-05-22T12:23:45.656+0000][71][info ][safepoint   ] Safepoint "Cleanup", Time since last: 1621939355 ns, Reaching safepoint: 29690 ns, Cleanup: 25644 ns, At safepoint: 71288 ns, Total: 126622 ns
[2025-05-22T12:23:46.691+0000][71][info ][safepoint   ] Safepoint "Cleanup", Time since last: 1034734987 ns, Reaching safepoint: 17671 ns, Cleanup: 13542 ns, At safepoint: 8880 ns, Total: 40093 ns
[2025-05-22T12:23:48.689+0000][71][info ][safepoint   ] Safepoint "Cleanup", Time since last: 2001066129 ns, Reaching safepoint: 24365 ns, Cleanup: 16116 ns, At safepoint: 13090 ns, Total: 53571 ns
[2025-05-22T12:24:05.693+0000][71][info ][safepoint   ] Safepoint "Cleanup", Time since last: 17003951057 ns, Reaching safepoint: 73281 ns, Cleanup: 23615 ns, At safepoint: 33248 ns, Total: 130144 ns
[2025-05-22T12:24:14.696+0000][71][info ][safepoint   ] Safepoint "Cleanup", Time since last: 9002413441 ns, Reaching safepoint: 31984 ns, Cleanup: 19143 ns, At safepoint: 18051 ns, Total: 69178 ns
[2025-05-22T12:24:46.232+0000][71][info ][safepoint   ] Safepoint "Cleanup", Time since last: 31539097764 ns, Reaching safepoint: 28997 ns, Cleanup: 17583 ns, At safepoint: 16126 ns, Total: 62706 ns
[2025-05-22T12:24:47.719+0000][71][info ][safepoint   ] Safepoint "Cleanup", Time since last: 1487063873 ns, Reaching safepoint: 11421 ns, Cleanup: 11802 ns, At safepoint: 18803 ns, Total: 42026 ns
[2025-05-22T12:24:48.738+0000][71][info ][safepoint   ] Safepoint "Cleanup", Time since last: 1021348043 ns, Reaching safepoint: 6303 ns, Cleanup: 10010 ns, At safepoint: 3502 ns, Total: 19815 ns
[2025-05-22T12:25:18.742+0000][71][info ][safepoint   ] Safepoint "Cleanup", Time since last: 30008210595 ns, Reaching safepoint: 71814 ns, Cleanup: 18304 ns, At safepoint: 17623 ns, Total: 107741 ns
[2025-05-22T12:25:46.270+0000][71][info ][safepoint   ] Safepoint "Cleanup", Time since last: 27527508763 ns, Reaching safepoint: 32321 ns, Cleanup: 21965 ns, At safepoint: 19660 ns, Total: 73946 ns
[2025-05-22T12:25:50.765+0000][71][info ][safepoint   ] Safepoint "Cleanup", Time since last: 4497396844 ns, Reaching safepoint: 16106 ns, Cleanup: 13311 ns, At safepoint: 21648 ns, Total: 51065 ns
[2025-05-22T12:26:14.791+0000][71][info ][safepoint   ] Safepoint "Cleanup", Time since last: 24025386155 ns, Reaching safepoint: 75750 ns, Cleanup: 16923 ns, At safepoint: 30449 ns, Total: 123122 ns
[2025-05-22T12:26:39.791+0000][71][info ][safepoint   ] Safepoint "Cleanup", Time since last: 25004582960 ns, Reaching safepoint: 67797 ns, Cleanup: 18473 ns, At safepoint: 30570 ns, Total: 116840 ns
[2025-05-22T12:26:46.306+0000][71][info ][safepoint   ] Safepoint "Cleanup", Time since last: 6514265777 ns, Reaching safepoint: 31342 ns, Cleanup: 18070 ns, At safepoint: 18832 ns, Total: 68244 ns
[2025-05-22T12:27:17.837+0000][71][info ][safepoint   ] Safepoint "Cleanup", Time since last: 31534033215 ns, Reaching safepoint: 33525 ns, Cleanup: 19675 ns, At safepoint: 18973 ns, Total: 72173 ns
[2025-05-22T12:27:18.835+0000][71][info ][safepoint   ] Safepoint "Cleanup", Time since last: 1000683234 ns, Reaching safepoint: 31271 ns, Cleanup: 16828 ns, At safepoint: 17490 ns, Total: 65589 ns
[2025-05-22T12:28:59.974+0000][71][info ][safepoint   ] Safepoint "Cleanup", Time since last: 101147750186 ns, Reaching safepoint: 18974 ns, Cleanup: 21711 ns, At safepoint: 90778 ns, Total: 131463 ns
[2025-05-22T12:30:02.974+0000][71][info ][safepoint   ] Safepoint "Cleanup", Time since last: 63006651088 ns, Reaching safepoint: 15232 ns, Cleanup: 20247 ns, At safepoint: 84306 ns, Total: 119785 ns
[2025-05-22T12:30:18.988+0000][71][info ][safepoint   ] Safepoint "Cleanup", Time since last: 16016377132 ns, Reaching safepoint: 265976 ns, Cleanup: 18964 ns, At safepoint: 18614 ns, Total: 303554 ns
[2025-05-22T12:31:40.049+0000][71][info ][safepoint   ] Safepoint "Cleanup", Time since last: 81066328465 ns, Reaching safepoint: 51523 ns, Cleanup: 14403 ns, At safepoint: 8663 ns, Total: 74589 ns
[2025-05-22T12:32:09.034+0000][71][info ][safepoint   ] Safepoint "Cleanup", Time since last: 28988414915 ns, Reaching safepoint: 28816 ns, Cleanup: 20449 ns, At safepoint: 17611 ns, Total: 66876 ns
[2025-05-22T12:32:10.086+0000][71][info ][safepoint   ] Safepoint "Cleanup", Time since last: 1051097136 ns, Reaching safepoint: 32160 ns, Cleanup: 19364 ns, At safepoint: 18315 ns, Total: 69839 ns
[2025-05-22T12:32:21.085+0000][71][info ][safepoint   ] Safepoint "Cleanup", Time since last: 11002714163 ns, Reaching safepoint: 70735 ns, Cleanup: 20563 ns, At safepoint: 19493 ns, Total: 110791 ns
[2025-05-22T12:32:40.090+0000][71][info ][safepoint   ] Safepoint "Cleanup", Time since last: 19004051206 ns, Reaching safepoint: 67923 ns, Cleanup: 17892 ns, At safepoint: 29417 ns, Total: 115232 ns
[2025-05-22T12:32:48.526+0000][71][info ][safepoint   ] Safepoint "Cleanup", Time since last: 8439387904 ns, Reaching safepoint: 21374 ns, Cleanup: 13623 ns, At safepoint: 8772 ns, Total: 43769 ns
[2025-05-22T12:33:25.705+0000][71][info ][gc,start    ] GC(21) Pause Young (Mixed) (G1 Evacuation Pause)
[2025-05-22T12:33:25.710+0000][71][info ][gc,task     ] GC(21) Using 10 workers of 10 for evacuation
[2025-05-22T12:33:25.712+0000][71][debug][gc,age      ] GC(21) Desired survivor size 153092096 bytes, new threshold 15 (max threshold 15)
[2025-05-22T12:33:25.948+0000][71][info ][gc,mmu      ] GC(21) MMU target violated: 201.0ms (200.0ms/201.0ms)
[2025-05-22T12:33:25.949+0000][71][info ][gc,phases   ] GC(21)   Pre Evacuate Collection Set: 11.85ms
[2025-05-22T12:33:25.950+0000][71][info ][gc,phases   ] GC(21)   Merge Heap Roots: 3.72ms
[2025-05-22T12:33:25.950+0000][71][info ][gc,phases   ] GC(21)   Evacuate Collection Set: 139.47ms
[2025-05-22T12:33:25.950+0000][71][info ][gc,phases   ] GC(21)   Post Evacuate Collection Set: 27.30ms
[2025-05-22T12:33:25.951+0000][71][info ][gc,phases   ] GC(21)   Other: 59.18ms
[2025-05-22T12:33:25.952+0000][71][trace][gc,age      ] GC(21) Age table with threshold 15 (max threshold 15)
[2025-05-22T12:33:25.952+0000][71][trace][gc,age      ] GC(21) - age   1:    1822184 bytes,    1822184 total
[2025-05-22T12:33:25.952+0000][71][trace][gc,age      ] GC(21) - age   2:     108056 bytes,    1930240 total
[2025-05-22T12:33:25.953+0000][71][trace][gc,age      ] GC(21) - age   3:     123528 bytes,    2053768 total
[2025-05-22T12:33:25.953+0000][71][trace][gc,age      ] GC(21) - age   4:     118720 bytes,    2172488 total
[2025-05-22T12:33:25.954+0000][71][trace][gc,age      ] GC(21) - age   5:      63224 bytes,    2235712 total
[2025-05-22T12:33:25.954+0000][71][trace][gc,age      ] GC(21) - age   6:    2290296 bytes,    4526008 total
[2025-05-22T12:33:25.954+0000][71][trace][gc,age      ] GC(21) - age   7:    1375264 bytes,    5901272 total
[2025-05-22T12:33:25.955+0000][71][trace][gc,age      ] GC(21) - age   8:     715344 bytes,    6616616 total
[2025-05-22T12:33:25.955+0000][71][info ][gc,heap     ] GC(21) Eden regions: 580->0(580)
[2025-05-22T12:33:25.956+0000][71][info ][gc,heap     ] GC(21) Survivor regions: 2->2(73)
[2025-05-22T12:33:25.956+0000][71][info ][gc,heap     ] GC(21) Old regions: 27->27
[2025-05-22T12:33:25.957+0000][71][info ][gc,heap     ] GC(21) Humongous regions: 0->0
[2025-05-22T12:33:25.957+0000][71][info ][gc,metaspace] GC(21) Metaspace: 146073K(151488K)->146073K(151488K) NonClass: 126503K(129536K)->126503K(129536K) Class: 19570K(21952K)->19570K(21952K)
[2025-05-22T12:33:25.958+0000][71][info ][gc          ] GC(21) Pause Young (Mixed) (G1 Evacuation Pause) 2433M->111M(3880M) 252.289ms
[2025-05-22T12:33:25.958+0000][71][info ][gc,cpu      ] GC(21) User=1.25s Sys=0.02s Real=0.25s
[2025-05-22T12:33:25.959+0000][71][info ][safepoint   ] Safepoint "G1CollectForAllocation", Time since last: 37178030918 ns, Reaching safepoint: 22193 ns, Cleanup: 5631 ns, At safepoint: 257113306 ns, Total: 257141130 ns
[2025-05-22T12:33:49.995+0000][71][info ][safepoint   ] Safepoint "Cleanup", Time since last: 24039636687 ns, Reaching safepoint: 19214 ns, Cleanup: 20764 ns, At safepoint: 96535 ns, Total: 136513 ns
[2025-05-22T12:33:51.166+0000][71][info ][safepoint   ] Safepoint "Cleanup", Time since last: 1170428438 ns, Reaching safepoint: 30624 ns, Cleanup: 18856 ns, At safepoint: 17672 ns, Total: 67152 ns
[2025-05-22T12:33:52.192+0000][71][info ][safepoint   ] Safepoint "Cleanup", Time since last: 1026370385 ns, Reaching safepoint: 32684 ns, Cleanup: 17727 ns, At safepoint: 17655 ns, Total: 68066 ns
[2025-05-22T12:33:53.234+0000][71][info ][safepoint   ] Safepoint "Cleanup", Time since last: 1041350754 ns, Reaching safepoint: 18479 ns, Cleanup: 15626 ns, At safepoint: 9065 ns, Total: 43170 ns
[2025-05-22T12:34:14.001+0000][71][info ][safepoint   ] Safepoint "Cleanup", Time since last: 20767043089 ns, Reaching safepoint: 23291 ns, Cleanup: 17989 ns, At safepoint: 67862 ns, Total: 109142 ns
[2025-05-22T12:34:15.277+0000][71][info ][safepoint   ] Safepoint "Cleanup", Time since last: 1275716940 ns, Reaching safepoint: 30273 ns, Cleanup: 19484 ns, At safepoint: 16521 ns, Total: 66278 ns
[2025-05-22T12:34:21.431+0000][71][info ][safepoint   ] Safepoint "Cleanup", Time since last: 6157471855 ns, Reaching safepoint: 73882 ns, Cleanup: 15861 ns, At safepoint: 92241 ns, Total: 181984 ns
[2025-05-22T12:35:17.006+0000][71][info ][safepoint   ] Safepoint "Cleanup", Time since last: 55576902366 ns, Reaching safepoint: 14648 ns, Cleanup: 7349 ns, At safepoint: 13771 ns, Total: 35768 ns
[2025-05-22T12:35:18.323+0000][71][info ][safepoint   ] Safepoint "Cleanup", Time since last: 1316784291 ns, Reaching safepoint: 21523 ns, Cleanup: 22141 ns, At safepoint: 11687 ns, Total: 55351 ns
[2025-05-22T12:36:19.995+0000][71][info ][safepoint   ] Safepoint "Cleanup", Time since last: 61680985755 ns, Reaching safepoint: 10434 ns, Cleanup: 10609 ns, At safepoint: 14797 ns, Total: 35840 ns
[2025-05-22T12:36:21.365+0000][71][info ][safepoint   ] Safepoint "Cleanup", Time since last: 1370434097 ns, Reaching safepoint: 28803 ns, Cleanup: 22660 ns, At safepoint: 12861 ns, Total: 64324 ns
[2025-05-22T12:37:33.412+0000][71][info ][safepoint   ] Safepoint "Cleanup", Time since last: 72052006158 ns, Reaching safepoint: 31557 ns, Cleanup: 23706 ns, At safepoint: 17598 ns, Total: 72861 ns
[2025-05-22T12:37:48.718+0000][71][info ][safepoint   ] Safepoint "Cleanup", Time since last: 15308592368 ns, Reaching safepoint: 17523 ns, Cleanup: 13037 ns, At safepoint: 8418 ns, Total: 38978 ns
[2025-05-22T12:38:01.978+0000][71][info ][safepoint   ] Safepoint "Cleanup", Time since last: 13259945202 ns, Reaching safepoint: 64908 ns, Cleanup: 18016 ns, At safepoint: 77281 ns, Total: 160205 ns
[2025-05-22T12:38:03.438+0000][71][info ][safepoint   ] Safepoint "Cleanup", Time since last: 1459801024 ns, Reaching safepoint: 31774 ns, Cleanup: 17829 ns, At safepoint: 17725 ns, Total: 67328 ns
[2025-05-22T12:38:06.439+0000][71][info ][safepoint   ] Safepoint "Cleanup", Time since last: 3000885913 ns, Reaching safepoint: 18898 ns, Cleanup: 13986 ns, At safepoint: 10131 ns, Total: 43015 ns
[2025-05-22T12:38:19.438+0000][71][info ][safepoint   ] Safepoint "Cleanup", Time since last: 13002641775 ns, Reaching safepoint: 28693 ns, Cleanup: 16782 ns, At safepoint: 15345 ns, Total: 60820 ns
[2025-05-22T12:38:26.127+0000][71][info ][safepoint   ] Safepoint "Cleanup", Time since last: 6688227153 ns, Reaching safepoint: 6095 ns, Cleanup: 10161 ns, At safepoint: 13837 ns, Total: 30093 ns
[2025-05-22T12:38:27.482+0000][71][info ][safepoint   ] Safepoint "Cleanup", Time since last: 1355120270 ns, Reaching safepoint: 18305 ns, Cleanup: 24127 ns, At safepoint: 8321 ns, Total: 50753 ns
[2025-05-22T12:38:50.754+0000][71][info ][safepoint   ] Safepoint "Cleanup", Time since last: 23275010878 ns, Reaching safepoint: 30553 ns, Cleanup: 19067 ns, At safepoint: 18177 ns, Total: 67797 ns
[2025-05-22T12:38:52.961+0000][71][info ][safepoint   ] Safepoint "Cleanup", Time since last: 2207045843 ns, Reaching safepoint: 6171 ns, Cleanup: 24722 ns, At safepoint: 15070 ns, Total: 45963 ns
[2025-05-22T12:39:13.548+0000][71][info ][safepoint   ] Safepoint "Cleanup", Time since last: 20586143271 ns, Reaching safepoint: 79431 ns, Cleanup: 20822 ns, At safepoint: 37089 ns, Total: 137342 ns
[2025-05-22T12:40:32.612+0000][71][info ][safepoint   ] Safepoint "Cleanup", Time since last: 79072227016 ns, Reaching safepoint: 7143 ns, Cleanup: 8154 ns, At safepoint: 3253 ns, Total: 18550 ns
[2025-05-22T12:41:34.999+0000][71][info ][safepoint   ] Safepoint "Cleanup", Time since last: 62393570087 ns, Reaching safepoint: 14848 ns, Cleanup: 42611 ns, At safepoint: 19498 ns, Total: 76957 ns
[2025-05-22T12:41:36.685+0000][71][info ][safepoint   ] Safepoint "Cleanup", Time since last: 1685667055 ns, Reaching safepoint: 27257 ns, Cleanup: 17489 ns, At safepoint: 12098 ns, Total: 56844 ns
[2025-05-22T12:41:39.687+0000][71][info ][safepoint   ] Safepoint "Cleanup", Time since last: 3001514983 ns, Reaching safepoint: 280697 ns, Cleanup: 74343 ns, At safepoint: 96391 ns, Total: 451431 ns
[2025-05-22T12:43:56.786+0000][71][info ][safepoint   ] Safepoint "Cleanup", Time since last: 137113070883 ns, Reaching safepoint: 17728 ns, Cleanup: 48193 ns, At safepoint: 26226 ns, Total: 92147 ns
[2025-05-22T12:44:16.225+0000][71][info ][safepoint   ] Safepoint "Cleanup", Time since last: 19439021173 ns, Reaching safepoint: 16131 ns, Cleanup: 18626 ns, At safepoint: 161787 ns, Total: 196544 ns
[2025-05-22T12:44:17.977+0000][71][info ][safepoint   ] Safepoint "Cleanup", Time since last: 1751365258 ns, Reaching safepoint: 33464 ns, Cleanup: 21102 ns, At safepoint: 18481 ns, Total: 73047 ns
[2025-05-22T12:44:44.898+0000][71][info ][safepoint   ] Safepoint "Cleanup", Time since last: 26923580818 ns, Reaching safepoint: 98779 ns, Cleanup: 13891 ns, At safepoint: 39049 ns, Total: 151719 ns
[2025-05-22T12:45:46.976+0000][71][info ][safepoint   ] Safepoint "Cleanup", Time since last: 62083942223 ns, Reaching safepoint: 16194 ns, Cleanup: 34676 ns, At safepoint: 14914 ns, Total: 65784 ns
[2025-05-22T12:46:03.977+0000][71][info ][safepoint   ] Safepoint "Cleanup", Time since last: 17003924460 ns, Reaching safepoint: 222303 ns, Cleanup: 128587 ns, At safepoint: 23954 ns, Total: 374844 ns
[2025-05-22T12:46:35.981+0000][71][info ][safepoint   ] Safepoint "Cleanup", Time since last: 32006896753 ns, Reaching safepoint: 128638 ns, Cleanup: 19252 ns, At safepoint: 17080 ns, Total: 164970 ns
[2025-05-22T12:46:44.146+0000][71][info ][safepoint   ] Safepoint "Cleanup", Time since last: 8164119181 ns, Reaching safepoint: 39676 ns, Cleanup: 13152 ns, At safepoint: 9850 ns, Total: 62678 ns
[2025-05-22T12:47:12.036+0000][71][info ][safepoint   ] Safepoint "Cleanup", Time since last: 27893623317 ns, Reaching safepoint: 39197 ns, Cleanup: 14983 ns, At safepoint: 12293 ns, Total: 66473 ns
[2025-05-22T12:47:19.035+0000][71][info ][safepoint   ] Safepoint "Cleanup", Time since last: 7001908319 ns, Reaching safepoint: 80670 ns, Cleanup: 24133 ns, At safepoint: 18776 ns, Total: 123579 ns
[2025-05-22T12:48:55.963+0000][71][info ][safepoint   ] Safepoint "Cleanup", Time since last: 96935106586 ns, Reaching safepoint: 28203 ns, Cleanup: 48580 ns, At safepoint: 64240 ns, Total: 141023 ns
[2025-05-22T12:49:03.239+0000][71][info ][safepoint   ] Safepoint "Cleanup", Time since last: 7276221765 ns, Reaching safepoint: 70960 ns, Cleanup: 110846 ns, At safepoint: 42810 ns, Total: 224616 ns
[2025-05-22T12:50:17.289+0000][71][info ][safepoint   ] Safepoint "Cleanup", Time since last: 74055962757 ns, Reaching safepoint: 72871 ns, Cleanup: 19218 ns, At safepoint: 94253 ns, Total: 186342 ns
[2025-05-22T12:50:37.292+0000][71][info ][safepoint   ] Safepoint "Cleanup", Time since last: 20004473634 ns, Reaching safepoint: 31157 ns, Cleanup: 123058 ns, At safepoint: 29537 ns, Total: 183752 ns
[2025-05-22T12:51:40.335+0000][71][info ][safepoint   ] Safepoint "Cleanup", Time since last: 63049750047 ns, Reaching safepoint: 88185 ns, Cleanup: 19881 ns, At safepoint: 31534 ns, Total: 139600 ns
[2025-05-22T12:52:05.363+0000][71][info ][safepoint   ] Safepoint "Cleanup", Time since last: 25030723113 ns, Reaching safepoint: 13930 ns, Cleanup: 10292 ns, At safepoint: 19290 ns, Total: 43512 ns
[2025-05-22T12:53:07.949+0000][71][info ][safepoint   ] Safepoint "Cleanup", Time since last: 62592300133 ns, Reaching safepoint: 17972 ns, Cleanup: 8646 ns, At safepoint: 16018 ns, Total: 42636 ns
[2025-05-22T12:54:03.525+0000][71][info ][safepoint   ] Safepoint "Cleanup", Time since last: 55580258728 ns, Reaching safepoint: 173487 ns, Cleanup: 19862 ns, At safepoint: 48208 ns, Total: 241557 ns
[2025-05-22T12:54:16.351+0000][71][info ][safepoint   ] Safepoint "Cleanup", Time since last: 12826580314 ns, Reaching safepoint: 6875 ns, Cleanup: 8062 ns, At safepoint: 3315 ns, Total: 18252 ns
[2025-05-22T12:55:14.127+0000][71][info ][safepoint   ] Safepoint "Cleanup", Time since last: 57781271928 ns, Reaching safepoint: 18906 ns, Cleanup: 11603 ns, At safepoint: 18770 ns, Total: 49279 ns
[2025-05-22T12:55:33.722+0000][71][info ][safepoint   ] Safepoint "Cleanup", Time since last: 19598312603 ns, Reaching safepoint: 49029 ns, Cleanup: 15260 ns, At safepoint: 10697 ns, Total: 74986 ns
[2025-05-22T12:57:12.621+0000][71][info ][safepoint   ] Safepoint "Cleanup", Time since last: 98905180447 ns, Reaching safepoint: 2215231 ns, Cleanup: 21350 ns, At safepoint: 130617 ns, Total: 2367198 ns
[2025-05-22T12:57:20.780+0000][71][info ][safepoint   ] Safepoint "Cleanup", Time since last: 8164938176 ns, Reaching safepoint: 14656 ns, Cleanup: 19782 ns, At safepoint: 78799 ns, Total: 113237 ns
[2025-05-22T12:59:04.936+0000][71][info ][safepoint   ] Safepoint "Cleanup", Time since last: 104161061840 ns, Reaching safepoint: 41694 ns, Cleanup: 14171 ns, At safepoint: 27952 ns, Total: 83817 ns
[2025-05-22T12:59:26.051+0000][71][info ][safepoint   ] Safepoint "Cleanup", Time since last: 21117359432 ns, Reaching safepoint: 6809 ns, Cleanup: 29865 ns, At safepoint: 14872 ns, Total: 51546 ns
[2025-05-22T13:00:48.757+0000][71][info ][safepoint   ] Safepoint "Cleanup", Time since last: 82714925671 ns, Reaching safepoint: 37018 ns, Cleanup: 22625 ns, At safepoint: 25126 ns, Total: 84769 ns
[2025-05-22T13:01:48.890+0000][71][info ][safepoint   ] Safepoint "Cleanup", Time since last: 60138521587 ns, Reaching safepoint: 32417 ns, Cleanup: 72244 ns, At safepoint: 12247 ns, Total: 116908 ns
[2025-05-22T13:02:11.895+0000][71][info ][safepoint   ] Safepoint "Cleanup", Time since last: 23004399782 ns, Reaching safepoint: 581475 ns, Cleanup: 43963 ns, At safepoint: 41135 ns, Total: 666573 ns
[2025-05-22T13:04:08.425+0000][71][info ][safepoint   ] Safepoint "Cleanup", Time since last: 116541133163 ns, Reaching safepoint: 72049 ns, Cleanup: 16444 ns, At safepoint: 29151 ns, Total: 117644 ns
[2025-05-22T13:04:10.478+0000][71][info ][safepoint   ] Safepoint "Cleanup", Time since last: 2052435513 ns, Reaching safepoint: 15012 ns, Cleanup: 18236 ns, At safepoint: 85426 ns, Total: 118674 ns
[2025-05-22T13:04:17.008+0000][71][info ][safepoint   ] Safepoint "Cleanup", Time since last: 6530033915 ns, Reaching safepoint: 7227 ns, Cleanup: 7784 ns, At safepoint: 17527 ns, Total: 32538 ns
[2025-05-22T13:06:24.565+0000][71][info ][safepoint   ] Safepoint "Cleanup", Time since last: 127571004600 ns, Reaching safepoint: 79543 ns, Cleanup: 18716 ns, At safepoint: 18136 ns, Total: 116395 ns
[2025-05-22T13:06:45.056+0000][71][info ][safepoint   ] Safepoint "Cleanup", Time since last: 20491293226 ns, Reaching safepoint: 39421 ns, Cleanup: 107897 ns, At safepoint: 28758 ns, Total: 176076 ns
[2025-05-22T13:06:46.906+0000][71][info ][safepoint   ] Safepoint "Cleanup", Time since last: 1849307232 ns, Reaching safepoint: 14442 ns, Cleanup: 190533 ns, At safepoint: 80078 ns, Total: 285053 ns
[2025-05-22T13:07:37.937+0000][71][info ][safepoint   ] Safepoint "Cleanup", Time since last: 51035173578 ns, Reaching safepoint: 1105724 ns, Cleanup: 16469 ns, At safepoint: 162938 ns, Total: 1285131 ns
[2025-05-22T13:07:39.667+0000][71][info ][safepoint   ] Safepoint "Cleanup", Time since last: 1730389300 ns, Reaching safepoint: 28674 ns, Cleanup: 24743 ns, At safepoint: 16766 ns, Total: 70183 ns
[2025-05-22T13:07:47.134+0000][71][info ][safepoint   ] Safepoint "Cleanup", Time since last: 7466346506 ns, Reaching safepoint: 6460 ns, Cleanup: 10007 ns, At safepoint: 13517 ns, Total: 29984 ns
[2025-05-22T13:07:48.755+0000][71][info ][safepoint   ] Safepoint "Cleanup", Time since last: 1623813245 ns, Reaching safepoint: 89506 ns, Cleanup: 8941 ns, At safepoint: 42071 ns, Total: 140518 ns
[2025-05-22T13:07:49.760+0000][71][info ][safepoint   ] Safepoint "Cleanup", Time since last: 1005116173 ns, Reaching safepoint: 5877 ns, Cleanup: 11099 ns, At safepoint: 14045 ns, Total: 31021 ns
[2025-05-22T13:07:50.771+0000][71][info ][safepoint   ] Safepoint "Cleanup", Time since last: 1011159425 ns, Reaching safepoint: 14453 ns, Cleanup: 13582 ns, At safepoint: 40748 ns, Total: 68783 ns
[2025-05-22T13:07:51.784+0000][71][info ][safepoint   ] Safepoint "Cleanup", Time since last: 1012258460 ns, Reaching safepoint: 35579 ns, Cleanup: 17617 ns, At safepoint: 20638 ns, Total: 73834 ns
[2025-05-22T13:08:07.894+0000][71][info ][safepoint   ] Safepoint "Cleanup", Time since last: 16110373885 ns, Reaching safepoint: 18582 ns, Cleanup: 10599 ns, At safepoint: 3965 ns, Total: 33146 ns
[2025-05-22T13:08:09.819+0000][71][info ][safepoint   ] Safepoint "Cleanup", Time since last: 1925331564 ns, Reaching safepoint: 34170 ns, Cleanup: 19068 ns, At safepoint: 20545 ns, Total: 73783 ns
[2025-05-22T13:08:17.273+0000][71][info ][safepoint   ] Safepoint "Cleanup", Time since last: 7453844054 ns, Reaching safepoint: 16156 ns, Cleanup: 24436 ns, At safepoint: 93621 ns, Total: 134213 ns
[2025-05-22T13:08:53.846+0000][71][info ][safepoint   ] Safepoint "Cleanup", Time since last: 36578034487 ns, Reaching safepoint: 27319 ns, Cleanup: 16459 ns, At safepoint: 26301 ns, Total: 70079 ns
[2025-05-22T13:09:16.313+0000][71][info ][safepoint   ] Safepoint "Cleanup", Time since last: 22467010437 ns, Reaching safepoint: 18027 ns, Cleanup: 19779 ns, At safepoint: 89923 ns, Total: 127729 ns
[2025-05-22T13:09:17.388+0000][71][info ][safepoint   ] Safepoint "Cleanup", Time since last: 1074585774 ns, Reaching safepoint: 14380 ns, Cleanup: 68550 ns, At safepoint: 25892 ns, Total: 108822 ns
[2025-05-22T13:09:26.394+0000][71][info ][safepoint   ] Safepoint "Cleanup", Time since last: 9008436398 ns, Reaching safepoint: 29147 ns, Cleanup: 17730 ns, At safepoint: 17927 ns, Total: 64804 ns
[2025-05-22T13:09:39.397+0000][71][info ][safepoint   ] Safepoint "Cleanup", Time since last: 13002951844 ns, Reaching safepoint: 30057 ns, Cleanup: 20726 ns, At safepoint: 11325 ns, Total: 62108 ns
[2025-05-22T13:09:55.909+0000][71][info ][safepoint   ] Safepoint "Cleanup", Time since last: 16515325184 ns, Reaching safepoint: 7093 ns, Cleanup: 9563 ns, At safepoint: 3573 ns, Total: 20229 ns
[2025-05-22T13:09:56.932+0000][71][info ][safepoint   ] Safepoint "Cleanup", Time since last: 1023253385 ns, Reaching safepoint: 25964 ns, Cleanup: 19274 ns, At safepoint: 12472 ns, Total: 57710 ns
[2025-05-22T13:09:57.982+0000][71][info ][safepoint   ] Safepoint "Cleanup", Time since last: 1050245550 ns, Reaching safepoint: 14673 ns, Cleanup: 19409 ns, At safepoint: 22654 ns, Total: 56736 ns
[2025-05-22T13:11:01.046+0000][71][info ][safepoint   ] Safepoint "Cleanup", Time since last: 63068905562 ns, Reaching safepoint: 27628 ns, Cleanup: 18763 ns, At safepoint: 9630 ns, Total: 56021 ns
[2025-05-22T13:12:19.141+0000][71][info ][safepoint   ] Safepoint "Cleanup", Time since last: 78103299426 ns, Reaching safepoint: 68149 ns, Cleanup: 21025 ns, At safepoint: 17841 ns, Total: 107015 ns
[2025-05-22T13:13:36.200+0000][71][info ][safepoint   ] Safepoint "Cleanup", Time since last: 77064330012 ns, Reaching safepoint: 35228 ns, Cleanup: 15526 ns, At safepoint: 17638 ns, Total: 68392 ns
[2025-05-22T13:13:37.201+0000][71][info ][safepoint   ] Safepoint "Cleanup", Time since last: 1000759509 ns, Reaching safepoint: 31160 ns, Cleanup: 19194 ns, At safepoint: 19373 ns, Total: 69727 ns
[2025-05-22T13:14:46.543+0000][71][info ][safepoint   ] Safepoint "Cleanup", Time since last: 69347964644 ns, Reaching safepoint: 45991 ns, Cleanup: 17957 ns, At safepoint: 67021 ns, Total: 130969 ns
[2025-05-22T13:15:11.370+0000][71][info ][safepoint   ] Safepoint "Cleanup", Time since last: 24829297930 ns, Reaching safepoint: 113877 ns, Cleanup: 14477 ns, At safepoint: 57929 ns, Total: 186283 ns
[2025-05-22T13:15:12.376+0000][71][info ][safepoint   ] Safepoint "Cleanup", Time since last: 1006363012 ns, Reaching safepoint: 247921 ns, Cleanup: 47883 ns, At safepoint: 170071 ns, Total: 465875 ns
[2025-05-22T13:16:14.438+0000][71][info ][safepoint   ] Safepoint "Cleanup", Time since last: 62067196975 ns, Reaching safepoint: 15041 ns, Cleanup: 8478 ns, At safepoint: 14122 ns, Total: 37641 ns
[2025-05-22T13:18:20.565+0000][71][info ][safepoint   ] Safepoint "Cleanup", Time since last: 126139624364 ns, Reaching safepoint: 16101 ns, Cleanup: 11594 ns, At safepoint: 38268 ns, Total: 65963 ns
[2025-05-22T13:19:17.591+0000][71][info ][safepoint   ] Safepoint "Cleanup", Time since last: 57029347383 ns, Reaching safepoint: 67493 ns, Cleanup: 12238 ns, At safepoint: 29265 ns, Total: 108996 ns
[2025-05-22T13:19:19.656+0000][71][info ][safepoint   ] Safepoint "Cleanup", Time since last: 2067446819 ns, Reaching safepoint: 31505 ns, Cleanup: 18395 ns, At safepoint: 17530 ns, Total: 67430 ns
[2025-05-22T13:19:23.736+0000][71][info ][safepoint   ] Safepoint "Cleanup", Time since last: 4080330719 ns, Reaching safepoint: 16535 ns, Cleanup: 17114 ns, At safepoint: 7061 ns, Total: 40710 ns
[2025-05-22T13:19:39.709+0000][71][info ][safepoint   ] Safepoint "Cleanup", Time since last: 15970910022 ns, Reaching safepoint: 162062 ns, Cleanup: 1525475 ns, At safepoint: 85862 ns, Total: 1773399 ns
[2025-05-22T13:19:41.710+0000][71][info ][safepoint   ] Safepoint "Cleanup", Time since last: 2000889646 ns, Reaching safepoint: 50217 ns, Cleanup: 15680 ns, At safepoint: 10802 ns, Total: 76699 ns
[2025-05-22T13:20:26.733+0000][71][info ][safepoint   ] Safepoint "Cleanup", Time since last: 45029222926 ns, Reaching safepoint: 26848 ns, Cleanup: 20380 ns, At safepoint: 23839 ns, Total: 71067 ns
[2025-05-22T13:22:15.301+0000][71][info ][gc,start    ] GC(22) Pause Young (Normal) (G1 Evacuation Pause)
[2025-05-22T13:22:15.308+0000][71][info ][gc,task     ] GC(22) Using 10 workers of 10 for evacuation
[2025-05-22T13:22:15.310+0000][71][debug][gc,age      ] GC(22) Desired survivor size 153092096 bytes, new threshold 15 (max threshold 15)
[2025-05-22T13:22:15.497+0000][71][info ][gc,phases   ] GC(22)   Pre Evacuate Collection Set: 14.33ms
[2025-05-22T13:22:15.501+0000][71][info ][gc,phases   ] GC(22)   Merge Heap Roots: 3.49ms
[2025-05-22T13:22:15.504+0000][71][info ][gc,phases   ] GC(22)   Evacuate Collection Set: 146.41ms
[2025-05-22T13:22:15.504+0000][71][info ][gc,phases   ] GC(22)   Post Evacuate Collection Set: 20.17ms
[2025-05-22T13:22:15.505+0000][71][info ][gc,phases   ] GC(22)   Other: 6.20ms
[2025-05-22T13:22:15.505+0000][71][trace][gc,age      ] GC(22) Age table with threshold 15 (max threshold 15)
[2025-05-22T13:22:15.506+0000][71][trace][gc,age      ] GC(22) - age   1:    1390616 bytes,    1390616 total
[2025-05-22T13:22:15.506+0000][71][trace][gc,age      ] GC(22) - age   2:     365824 bytes,    1756440 total
[2025-05-22T13:22:15.506+0000][71][trace][gc,age      ] GC(22) - age   3:     106296 bytes,    1862736 total
[2025-05-22T13:22:15.507+0000][71][trace][gc,age      ] GC(22) - age   4:      78824 bytes,    1941560 total
[2025-05-22T13:22:15.507+0000][71][trace][gc,age      ] GC(22) - age   5:     118360 bytes,    2059920 total
[2025-05-22T13:22:15.508+0000][71][trace][gc,age      ] GC(22) - age   6:      63224 bytes,    2123144 total
[2025-05-22T13:22:15.511+0000][71][trace][gc,age      ] GC(22) - age   7:    2201248 bytes,    4324392 total
[2025-05-22T13:22:15.512+0000][71][trace][gc,age      ] GC(22) - age   8:    1358560 bytes,    5682952 total
[2025-05-22T13:22:15.513+0000][71][trace][gc,age      ] GC(22) - age   9:     699096 bytes,    6382048 total
[2025-05-22T13:22:15.513+0000][71][info ][gc,heap     ] GC(22) Eden regions: 580->0(272)
[2025-05-22T13:22:15.514+0000][71][info ][gc,heap     ] GC(22) Survivor regions: 2->2(73)
[2025-05-22T13:22:15.514+0000][71][info ][gc,heap     ] GC(22) Old regions: 27->27
[2025-05-22T13:22:15.514+0000][71][info ][gc,heap     ] GC(22) Humongous regions: 0->0
[2025-05-22T13:22:15.515+0000][71][info ][gc,metaspace] GC(22) Metaspace: 146317K(151488K)->146317K(151488K) NonClass: 126746K(129536K)->126746K(129536K) Class: 19571K(21952K)->19571K(21952K)
[2025-05-22T13:22:15.518+0000][71][info ][gc          ] GC(22) Pause Young (Normal) (G1 Evacuation Pause) 2431M->111M(3880M) 216.574ms
[2025-05-22T13:22:15.521+0000][71][info ][gc,cpu      ] GC(22) User=1.29s Sys=0.00s Real=0.22s
[2025-05-22T13:22:15.522+0000][71][info ][safepoint   ] Safepoint "G1CollectForAllocation", Time since last: 108572873929 ns, Reaching safepoint: 26628 ns, Cleanup: 6619 ns, At safepoint: 223417555 ns, Total: 223450802 ns
[2025-05-22T13:22:32.844+0000][71][info ][safepoint   ] Safepoint "Cleanup", Time since last: 17325194225 ns, Reaching safepoint: 26600 ns, Cleanup: 102737 ns, At safepoint: 93956 ns, Total: 223293 ns
[2025-05-22T13:23:18.916+0000][71][info ][safepoint   ] Safepoint "Cleanup", Time since last: 46076740113 ns, Reaching safepoint: 34523 ns, Cleanup: 18720 ns, At safepoint: 18021 ns, Total: 71264 ns
[2025-05-22T13:24:01.869+0000][71][info ][safepoint   ] Safepoint "Cleanup", Time since last: 42955722518 ns, Reaching safepoint: 58613 ns, Cleanup: 62367 ns, At safepoint: 14155 ns, Total: 135135 ns
[2025-05-22T13:24:19.858+0000][71][info ][safepoint   ] Safepoint "Cleanup", Time since last: 17991478681 ns, Reaching safepoint: 37942 ns, Cleanup: 15815 ns, At safepoint: 14396 ns, Total: 68153 ns
[2025-05-22T13:24:21.005+0000][71][info ][safepoint   ] Safepoint "Cleanup", Time since last: 1146695470 ns, Reaching safepoint: 26554 ns, Cleanup: 108784 ns, At safepoint: 18662 ns, Total: 154000 ns
[2025-05-22T13:24:22.029+0000][71][info ][safepoint   ] Safepoint "Cleanup", Time since last: 1024265082 ns, Reaching safepoint: 27519 ns, Cleanup: 20097 ns, At safepoint: 41072 ns, Total: 88688 ns
[2025-05-22T13:24:40.085+0000][71][info ][safepoint   ] Safepoint "Cleanup", Time since last: 18056041624 ns, Reaching safepoint: 28875 ns, Cleanup: 18305 ns, At safepoint: 16999 ns, Total: 64179 ns
[2025-05-22T13:25:40.855+0000][71][info ][safepoint   ] Safepoint "Cleanup", Time since last: 60774489883 ns, Reaching safepoint: 10381 ns, Cleanup: 7058 ns, At safepoint: 13990 ns, Total: 31429 ns
[2025-05-22T13:25:42.150+0000][71][info ][safepoint   ] Safepoint "Cleanup", Time since last: 1295177073 ns, Reaching safepoint: 30713 ns, Cleanup: 19417 ns, At safepoint: 18941 ns, Total: 69071 ns
[2025-05-22T13:26:43.886+0000][71][info ][safepoint   ] Safepoint "Cleanup", Time since last: 61741200632 ns, Reaching safepoint: 18448 ns, Cleanup: 25278 ns, At safepoint: 25894 ns, Total: 69620 ns
[2025-05-22T13:26:45.195+0000][71][info ][safepoint   ] Safepoint "Cleanup", Time since last: 1309116150 ns, Reaching safepoint: 33524 ns, Cleanup: 26191 ns, At safepoint: 19765 ns, Total: 79480 ns
[2025-05-22T13:27:40.200+0000][71][info ][safepoint   ] Safepoint "Cleanup", Time since last: 55010358187 ns, Reaching safepoint: 73095 ns, Cleanup: 19360 ns, At safepoint: 17523 ns, Total: 109978 ns
[2025-05-22T13:28:40.244+0000][71][info ][safepoint   ] Safepoint "Cleanup", Time since last: 60048833993 ns, Reaching safepoint: 41936 ns, Cleanup: 19676 ns, At safepoint: 69503 ns, Total: 131115 ns
[2025-05-22T13:29:48.358+0000][71][info ][safepoint   ] Safepoint "Cleanup", Time since last: 68118878287 ns, Reaching safepoint: 32534 ns, Cleanup: 18531 ns, At safepoint: 16047 ns, Total: 67112 ns
[2025-05-22T13:30:55.859+0000][71][info ][safepoint   ] Safepoint "Cleanup", Time since last: 67505233531 ns, Reaching safepoint: 3366441 ns, Cleanup: 219866 ns, At safepoint: 130105 ns, Total: 3716412 ns
[2025-05-22T13:31:39.436+0000][71][info ][safepoint   ] Safepoint "Cleanup", Time since last: 43579630095 ns, Reaching safepoint: 97414 ns, Cleanup: 23533 ns, At safepoint: 21591 ns, Total: 142538 ns
[2025-05-22T13:31:58.831+0000][71][info ][safepoint   ] Safepoint "Cleanup", Time since last: 19397723521 ns, Reaching safepoint: 22166 ns, Cleanup: 13029 ns, At safepoint: 22333 ns, Total: 57528 ns
[2025-05-22T13:32:00.474+0000][71][info ][safepoint   ] Safepoint "Cleanup", Time since last: 1642414204 ns, Reaching safepoint: 27798 ns, Cleanup: 17826 ns, At safepoint: 12256 ns, Total: 57880 ns
[2025-05-22T13:32:51.182+0000][71][info ][safepoint   ] Safepoint "Cleanup", Time since last: 50714353905 ns, Reaching safepoint: 34526 ns, Cleanup: 18559 ns, At safepoint: 14281 ns, Total: 67366 ns
[2025-05-22T13:32:53.183+0000][71][info ][safepoint   ] Safepoint "Cleanup", Time since last: 2000818902 ns, Reaching safepoint: 30735 ns, Cleanup: 18475 ns, At safepoint: 16126 ns, Total: 65336 ns
[2025-05-22T13:34:05.568+0000][71][info ][safepoint   ] Safepoint "Cleanup", Time since last: 72389523614 ns, Reaching safepoint: 30464 ns, Cleanup: 26259 ns, At safepoint: 145915 ns, Total: 202638 ns
[2025-05-22T13:36:18.768+0000][71][info ][safepoint   ] Safepoint "Cleanup", Time since last: 133212142278 ns, Reaching safepoint: 72309 ns, Cleanup: 20965 ns, At safepoint: 166193 ns, Total: 259467 ns
[2025-05-22T13:36:39.771+0000][71][info ][safepoint   ] Safepoint "Cleanup", Time since last: 21003549101 ns, Reaching safepoint: 39541 ns, Cleanup: 22276 ns, At safepoint: 22003 ns, Total: 83820 ns
[2025-05-22T13:37:06.329+0000][71][info ][safepoint   ] Safepoint "Cleanup", Time since last: 26560035913 ns, Reaching safepoint: 29689 ns, Cleanup: 23459 ns, At safepoint: 16891 ns, Total: 70039 ns
[2025-05-22T13:37:13.845+0000][71][info ][safepoint   ] Safepoint "Cleanup", Time since last: 7515874111 ns, Reaching safepoint: 14696 ns, Cleanup: 12575 ns, At safepoint: 19585 ns, Total: 46856 ns
[2025-05-22T13:38:11.365+0000][71][info ][safepoint   ] Safepoint "Cleanup", Time since last: 57525262827 ns, Reaching safepoint: 158790 ns, Cleanup: 23147 ns, At safepoint: 19803 ns, Total: 201740 ns
[2025-05-22T13:38:13.901+0000][71][info ][safepoint   ] Safepoint "Cleanup", Time since last: 2535450742 ns, Reaching safepoint: 16205 ns, Cleanup: 30468 ns, At safepoint: 22924 ns, Total: 69597 ns
[2025-05-22T13:38:15.849+0000][71][info ][safepoint   ] Safepoint "Cleanup", Time since last: 1948610733 ns, Reaching safepoint: 23818 ns, Cleanup: 18319 ns, At safepoint: 11087 ns, Total: 53224 ns
[2025-05-22T13:39:40.017+0000][71][info ][safepoint   ] Safepoint "Cleanup", Time since last: 84174694808 ns, Reaching safepoint: 49661 ns, Cleanup: 16204 ns, At safepoint: 10414 ns, Total: 76279 ns
[2025-05-22T13:39:51.429+0000][71][info ][safepoint   ] Safepoint "Cleanup", Time since last: 11415271529 ns, Reaching safepoint: 30648 ns, Cleanup: 17845 ns, At safepoint: 16510 ns, Total: 65003 ns
[2025-05-22T13:41:11.468+0000][71][info ][safepoint   ] Safepoint "Cleanup", Time since last: 80044093955 ns, Reaching safepoint: 84729 ns, Cleanup: 23162 ns, At safepoint: 15938 ns, Total: 123829 ns
[2025-05-22T13:41:25.858+0000][71][info ][safepoint   ] Safepoint "Cleanup", Time since last: 14392422995 ns, Reaching safepoint: 10376 ns, Cleanup: 11392 ns, At safepoint: 30535 ns, Total: 52303 ns
[2025-05-22T13:41:27.164+0000][71][info ][safepoint   ] Safepoint "Cleanup", Time since last: 1305764034 ns, Reaching safepoint: 28724 ns, Cleanup: 23638 ns, At safepoint: 18036 ns, Total: 70398 ns
[2025-05-22T13:42:41.211+0000][71][info ][safepoint   ] Safepoint "Cleanup", Time since last: 74052321438 ns, Reaching safepoint: 73673 ns, Cleanup: 20184 ns, At safepoint: 19100 ns, Total: 112957 ns
[2025-05-22T13:43:01.561+0000][71][info ][safepoint   ] Safepoint "Cleanup", Time since last: 20352591782 ns, Reaching safepoint: 79400 ns, Cleanup: 19531 ns, At safepoint: 14969 ns, Total: 113900 ns
[2025-05-22T13:43:32.247+0000][71][info ][safepoint   ] Safepoint "Cleanup", Time since last: 30688795785 ns, Reaching safepoint: 15399 ns, Cleanup: 10495 ns, At safepoint: 14671 ns, Total: 40565 ns
[2025-05-22T13:44:30.322+0000][71][info ][safepoint   ] Safepoint "Cleanup", Time since last: 58079604093 ns, Reaching safepoint: 26843 ns, Cleanup: 16373 ns, At safepoint: 19655 ns, Total: 62871 ns
[2025-05-22T13:44:39.375+0000][71][info ][safepoint   ] Safepoint "Cleanup", Time since last: 9052963986 ns, Reaching safepoint: 29730 ns, Cleanup: 18659 ns, At safepoint: 17277 ns, Total: 65666 ns
[2025-05-22T13:49:43.749+0000][71][info ][safepoint   ] Safepoint "Cleanup", Time since last: 304399822500 ns, Reaching safepoint: 55236 ns, Cleanup: 509667 ns, At safepoint: 44125 ns, Total: 609028 ns
[2025-05-22T13:49:46.750+0000][71][info ][safepoint   ] Safepoint "Cleanup", Time since last: 3001027263 ns, Reaching safepoint: 19117 ns, Cleanup: 14633 ns, At safepoint: 10059 ns, Total: 43809 ns
[2025-05-22T13:49:47.757+0000][71][info ][safepoint   ] Safepoint "Cleanup", Time since last: 1006995720 ns, Reaching safepoint: 125400 ns, Cleanup: 15289 ns, At safepoint: 55552 ns, Total: 196241 ns
[2025-05-22T13:50:56.817+0000][71][info ][safepoint   ] Safepoint "Cleanup", Time since last: 69067184984 ns, Reaching safepoint: 29521 ns, Cleanup: 16044 ns, At safepoint: 9936 ns, Total: 55501 ns
[2025-05-22T13:53:27.789+0000][71][info ][safepoint   ] Safepoint "Cleanup", Time since last: 150985780276 ns, Reaching safepoint: 50136 ns, Cleanup: 24601 ns, At safepoint: 17916 ns, Total: 92653 ns
[2025-05-22T13:53:59.287+0000][71][info ][safepoint   ] Safepoint "Cleanup", Time since last: 31499622474 ns, Reaching safepoint: 258249 ns, Cleanup: 10554 ns, At safepoint: 45111 ns, Total: 313914 ns
[2025-05-22T13:54:01.126+0000][71][info ][safepoint   ] Safepoint "Cleanup", Time since last: 1838318370 ns, Reaching safepoint: 37007 ns, Cleanup: 45313 ns, At safepoint: 16654 ns, Total: 98974 ns
[2025-05-22T13:54:18.132+0000][71][info ][safepoint   ] Safepoint "Cleanup", Time since last: 17006039369 ns, Reaching safepoint: 88249 ns, Cleanup: 28769 ns, At safepoint: 22009 ns, Total: 139027 ns
[2025-05-22T13:54:35.359+0000][71][info ][safepoint   ] Safepoint "Cleanup", Time since last: 17230494784 ns, Reaching safepoint: 9632 ns, Cleanup: 10757 ns, At safepoint: 14334 ns, Total: 34723 ns
[2025-05-22T13:54:39.176+0000][71][info ][safepoint   ] Safepoint "Cleanup", Time since last: 3816010582 ns, Reaching safepoint: 70719 ns, Cleanup: 178858 ns, At safepoint: 41160 ns, Total: 290737 ns
[2025-05-22T13:55:39.212+0000][71][info ][safepoint   ] Safepoint "Cleanup", Time since last: 60041442113 ns, Reaching safepoint: 126556 ns, Cleanup: 20209 ns, At safepoint: 21378 ns, Total: 168143 ns
[2025-05-22T13:55:56.435+0000][71][info ][safepoint   ] Safepoint "Cleanup", Time since last: 17225296984 ns, Reaching safepoint: 35386 ns, Cleanup: 31405 ns, At safepoint: 19847 ns, Total: 86638 ns
[2025-05-22T13:55:59.437+0000][71][info ][safepoint   ] Safepoint "Cleanup", Time since last: 3001431531 ns, Reaching safepoint: 30346 ns, Cleanup: 20113 ns, At safepoint: 17832 ns, Total: 68291 ns
[2025-05-22T13:56:09.261+0000][71][info ][safepoint   ] Safepoint "Cleanup", Time since last: 9823876751 ns, Reaching safepoint: 34831 ns, Cleanup: 83113 ns, At safepoint: 21878 ns, Total: 139822 ns
[2025-05-22T13:57:12.310+0000][71][info ][safepoint   ] Safepoint "Cleanup", Time since last: 63054695307 ns, Reaching safepoint: 64220 ns, Cleanup: 17758 ns, At safepoint: 28570 ns, Total: 110548 ns
[2025-05-22T13:58:29.355+0000][71][info ][safepoint   ] Safepoint "Cleanup", Time since last: 77052232100 ns, Reaching safepoint: 164908 ns, Cleanup: 21017 ns, At safepoint: 40575 ns, Total: 226500 ns
[2025-05-22T13:59:14.310+0000][71][info ][safepoint   ] Safepoint "Cleanup", Time since last: 44957327341 ns, Reaching safepoint: 28959 ns, Cleanup: 14887 ns, At safepoint: 73336 ns, Total: 117182 ns
[2025-05-22T13:59:39.418+0000][71][info ][safepoint   ] Safepoint "Cleanup", Time since last: 25110339509 ns, Reaching safepoint: 72968 ns, Cleanup: 19572 ns, At safepoint: 19748 ns, Total: 112288 ns
[2025-05-22T13:59:47.718+0000][71][info ][safepoint   ] Safepoint "Cleanup", Time since last: 8299576149 ns, Reaching safepoint: 32897 ns, Cleanup: 14924 ns, At safepoint: 71673 ns, Total: 119494 ns
[2025-05-22T13:59:48.739+0000][71][info ][safepoint   ] Safepoint "Cleanup", Time since last: 1021503286 ns, Reaching safepoint: 32290 ns, Cleanup: 23903 ns, At safepoint: 18300 ns, Total: 74493 ns
[2025-05-22T14:00:17.497+0000][71][info ][safepoint   ] Safepoint "Cleanup", Time since last: 28759650624 ns, Reaching safepoint: 146782 ns, Cleanup: 12189 ns, At safepoint: 50300 ns, Total: 209271 ns
[2025-05-22T14:02:39.655+0000][71][info ][safepoint   ] Safepoint "Cleanup", Time since last: 142170747266 ns, Reaching safepoint: 74991 ns, Cleanup: 174065 ns, At safepoint: 36037 ns, Total: 285093 ns
[2025-05-22T14:03:26.678+0000][71][info ][safepoint   ] Safepoint "Cleanup", Time since last: 47028310720 ns, Reaching safepoint: 14515 ns, Cleanup: 18996 ns, At safepoint: 77458 ns, Total: 110969 ns
[2025-05-22T14:04:41.295+0000][71][info ][safepoint   ] Safepoint "Cleanup", Time since last: 74621594407 ns, Reaching safepoint: 103312 ns, Cleanup: 11722 ns, At safepoint: 14943 ns, Total: 129977 ns
[2025-05-22T14:04:42.775+0000][71][info ][safepoint   ] Safepoint "Cleanup", Time since last: 1480371798 ns, Reaching safepoint: 30786 ns, Cleanup: 17883 ns, At safepoint: 16218 ns, Total: 64887 ns
[2025-05-22T14:05:18.436+0000][71][info ][safepoint   ] Safepoint "Cleanup", Time since last: 35663139496 ns, Reaching safepoint: 79618 ns, Cleanup: 19528 ns, At safepoint: 8987 ns, Total: 108133 ns
[2025-05-22T14:05:32.365+0000][71][info ][safepoint   ] Safepoint "Cleanup", Time since last: 13931817951 ns, Reaching safepoint: 6169 ns, Cleanup: 8651 ns, At safepoint: 12627 ns, Total: 27447 ns
[2025-05-22T14:05:33.908+0000][71][info ][safepoint   ] Safepoint "Cleanup", Time since last: 1542329714 ns, Reaching safepoint: 29993 ns, Cleanup: 132864 ns, At safepoint: 21923 ns, Total: 184780 ns
[2025-05-22T14:06:35.959+0000][71][info ][safepoint   ] Safepoint "Cleanup", Time since last: 62056907267 ns, Reaching safepoint: 11881 ns, Cleanup: 10606 ns, At safepoint: 17514 ns, Total: 40001 ns
[2025-05-22T14:07:38.331+0000][71][info ][safepoint   ] Safepoint "Cleanup", Time since last: 62376091827 ns, Reaching safepoint: 8121 ns, Cleanup: 290768 ns, At safepoint: 45889 ns, Total: 344778 ns
[2025-05-22T14:07:40.045+0000][71][info ][safepoint   ] Safepoint "Cleanup", Time since last: 1714238750 ns, Reaching safepoint: 35792 ns, Cleanup: 78507 ns, At safepoint: 21456 ns, Total: 135755 ns
[2025-05-22T14:07:42.691+0000][71][info ][safepoint   ] Safepoint "Cleanup", Time since last: 2645741477 ns, Reaching safepoint: 7929 ns, Cleanup: 9907 ns, At safepoint: 5740 ns, Total: 23576 ns
[2025-05-22T14:07:44.592+0000][71][info ][safepoint   ] Safepoint "Cleanup", Time since last: 1900435095 ns, Reaching safepoint: 17719 ns, Cleanup: 13256 ns, At safepoint: 9679 ns, Total: 40654 ns
[2025-05-22T14:07:47.681+0000][71][info ][safepoint   ] Safepoint "Cleanup", Time since last: 3089195590 ns, Reaching safepoint: 10814 ns, Cleanup: 15067 ns, At safepoint: 5886 ns, Total: 31767 ns
[2025-05-22T14:07:49.168+0000][71][info ][safepoint   ] Safepoint "Cleanup", Time since last: 1489696362 ns, Reaching safepoint: 11927 ns, Cleanup: 25565 ns, At safepoint: 8387 ns, Total: 45879 ns
[2025-05-22T14:08:41.567+0000][71][info ][safepoint   ] Safepoint "Cleanup", Time since last: 52401365915 ns, Reaching safepoint: 22967 ns, Cleanup: 107238 ns, At safepoint: 95581 ns, Total: 225786 ns
[2025-05-22T14:08:43.454+0000][71][info ][safepoint   ] Safepoint "Cleanup", Time since last: 1887097342 ns, Reaching safepoint: 28889 ns, Cleanup: 23324 ns, At safepoint: 16202 ns, Total: 68415 ns
[2025-05-22T14:09:44.325+0000][71][info ][gc,start    ] GC(23) Pause Young (Concurrent Start) (G1 Evacuation Pause)
[2025-05-22T14:09:44.337+0000][71][info ][gc,task     ] GC(23) Using 10 workers of 10 for evacuation
[2025-05-22T14:09:44.348+0000][71][debug][gc,age      ] GC(23) Desired survivor size 153092096 bytes, new threshold 15 (max threshold 15)
[2025-05-22T14:09:44.539+0000][71][info ][gc,phases   ] GC(23)   Pre Evacuate Collection Set: 13.47ms
[2025-05-22T14:09:44.558+0000][71][info ][gc,phases   ] GC(23)   Merge Heap Roots: 1.54ms
[2025-05-22T14:09:44.563+0000][71][info ][gc,phases   ] GC(23)   Evacuate Collection Set: 148.56ms
[2025-05-22T14:09:44.563+0000][71][info ][gc,phases   ] GC(23)   Post Evacuate Collection Set: 12.97ms
[2025-05-22T14:09:44.565+0000][71][info ][gc,phases   ] GC(23)   Other: 27.26ms
[2025-05-22T14:09:44.568+0000][71][trace][gc,age      ] GC(23) Age table with threshold 15 (max threshold 15)
[2025-05-22T14:09:44.571+0000][71][trace][gc,age      ] GC(23) - age   1:    1361352 bytes,    1361352 total
[2025-05-22T14:09:44.571+0000][71][trace][gc,age      ] GC(23) - age   2:     326024 bytes,    1687376 total
[2025-05-22T14:09:44.572+0000][71][trace][gc,age      ] GC(23) - age   3:     329680 bytes,    2017056 total
[2025-05-22T14:09:44.572+0000][71][trace][gc,age      ] GC(23) - age   4:     106296 bytes,    2123352 total
[2025-05-22T14:09:44.573+0000][71][trace][gc,age      ] GC(23) - age   5:      77864 bytes,    2201216 total
[2025-05-22T14:09:44.576+0000][71][trace][gc,age      ] GC(23) - age   6:     118360 bytes,    2319576 total
[2025-05-22T14:09:44.577+0000][71][trace][gc,age      ] GC(23) - age   7:      63224 bytes,    2382800 total
[2025-05-22T14:09:44.578+0000][71][trace][gc,age      ] GC(23) - age   8:    2183400 bytes,    4566200 total
[2025-05-22T14:09:44.578+0000][71][trace][gc,age      ] GC(23) - age   9:    1358328 bytes,    5924528 total
[2025-05-22T14:09:44.579+0000][71][trace][gc,age      ] GC(23) - age  10:     682712 bytes,    6607240 total
[2025-05-22T14:09:44.580+0000][71][info ][gc,heap     ] GC(23) Eden regions: 580->0(580)
[2025-05-22T14:09:44.585+0000][71][info ][gc,heap     ] GC(23) Survivor regions: 2->2(73)
[2025-05-22T14:09:44.586+0000][71][info ][gc,heap     ] GC(23) Old regions: 27->27
[2025-05-22T14:09:44.587+0000][71][info ][gc,heap     ] GC(23) Humongous regions: 0->0
[2025-05-22T14:09:44.589+0000][71][info ][gc,metaspace] GC(23) Metaspace: 146468K(151488K)->146468K(151488K) NonClass: 126896K(129536K)->126896K(129536K) Class: 19571K(21952K)->19571K(21952K)
[2025-05-22T14:09:44.590+0000][71][info ][gc          ] GC(23) Pause Young (Concurrent Start) (G1 Evacuation Pause) 2431M->111M(3880M) 265.277ms
[2025-05-22T14:09:44.593+0000][71][info ][gc,cpu      ] GC(23) User=0.94s Sys=0.03s Real=0.26s
[2025-05-22T14:09:44.594+0000][71][info ][gc          ] GC(24) Concurrent Mark Cycle
[2025-05-22T14:09:44.610+0000][71][info ][gc,marking  ] GC(24) Concurrent Scan Root Regions
[2025-05-22T14:09:44.594+0000][71][info ][safepoint   ] Safepoint "G1CollectForAllocation", Time since last: 60871351982 ns, Reaching safepoint: 21604 ns, Cleanup: 6231 ns, At safepoint: 273042022 ns, Total: 273069857 ns
[2025-05-22T14:09:44.734+0000][71][info ][gc,marking  ] GC(24) Concurrent Scan Root Regions 124.466ms
[2025-05-22T14:09:44.735+0000][71][info ][gc,marking  ] GC(24) Concurrent Mark
[2025-05-22T14:09:44.735+0000][71][info ][gc,marking  ] GC(24) Concurrent Mark From Roots
[2025-05-22T14:09:44.736+0000][71][info ][gc,task     ] GC(24) Using 3 workers of 3 for marking
[2025-05-22T14:09:45.090+0000][71][info ][gc,marking  ] GC(24) Concurrent Mark From Roots 354.237ms
[2025-05-22T14:09:45.099+0000][71][info ][gc,marking  ] GC(24) Concurrent Preclean
[2025-05-22T14:09:45.110+0000][71][info ][gc,marking  ] GC(24) Concurrent Preclean 10.700ms
[2025-05-22T14:09:45.117+0000][71][info ][gc,start    ] GC(24) Pause Remark
[2025-05-22T14:09:45.904+0000][71][info ][gc,mmu      ] GC(24) MMU target violated: 201.0ms (200.0ms/201.0ms)
[2025-05-22T14:09:45.904+0000][71][info ][gc          ] GC(24) Pause Remark 128M->128M(3880M) 787.094ms
[2025-05-22T14:09:45.905+0000][71][info ][gc,cpu      ] GC(24) User=5.36s Sys=0.00s Real=0.79s
[2025-05-22T14:09:45.906+0000][71][info ][safepoint   ] Safepoint "G1PauseRemark", Time since last: 523597645 ns, Reaching safepoint: 32519 ns, Cleanup: 7181 ns, At safepoint: 788434578 ns, Total: 788474278 ns
[2025-05-22T14:09:45.907+0000][71][info ][gc,marking  ] GC(24) Concurrent Mark 1171.923ms
[2025-05-22T14:09:45.908+0000][71][info ][gc,marking  ] GC(24) Concurrent Rebuild Remembered Sets and Scrub Regions
[2025-05-22T14:09:46.047+0000][71][info ][gc,marking  ] GC(24) Concurrent Rebuild Remembered Sets and Scrub Regions 139.691ms
[2025-05-22T14:09:46.051+0000][71][info ][gc,start    ] GC(24) Pause Cleanup
[2025-05-22T14:09:46.052+0000][71][info ][gc          ] GC(24) Pause Cleanup 132M->132M(3880M) 0.813ms
[2025-05-22T14:09:46.053+0000][71][info ][gc,cpu      ] GC(24) User=0.00s Sys=0.00s Real=0.00s
[2025-05-22T14:09:46.054+0000][71][info ][safepoint   ] Safepoint "G1PauseCleanup", Time since last: 142191839 ns, Reaching safepoint: 2252050 ns, Cleanup: 964737 ns, At safepoint: 2886452 ns, Total: 6103239 ns
[2025-05-22T14:09:46.054+0000][71][info ][gc,marking  ] GC(24) Concurrent Clear Claimed Marks
[2025-05-22T14:09:46.055+0000][71][info ][gc,marking  ] GC(24) Concurrent Clear Claimed Marks 0.660ms
[2025-05-22T14:09:46.056+0000][71][info ][gc,marking  ] GC(24) Concurrent Cleanup for Next Mark
[2025-05-22T14:09:46.141+0000][71][info ][gc,marking  ] GC(24) Concurrent Cleanup for Next Mark 84.910ms
[2025-05-22T14:09:46.141+0000][71][info ][gc          ] GC(24) Concurrent Mark Cycle 1547.365ms
[2025-05-22T14:09:48.013+0000][71][info ][safepoint   ] Safepoint "Cleanup", Time since last: 1959405736 ns, Reaching safepoint: 16970 ns, Cleanup: 14678 ns, At safepoint: 8127 ns, Total: 39775 ns
[2025-05-22T14:10:17.707+0000][71][info ][safepoint   ] Safepoint "Cleanup", Time since last: 29696434300 ns, Reaching safepoint: 6307 ns, Cleanup: 8135 ns, At safepoint: 15376 ns, Total: 29818 ns
[2025-05-22T14:10:24.713+0000][71][info ][safepoint   ] Safepoint "Cleanup", Time since last: 7008961890 ns, Reaching safepoint: 32943 ns, Cleanup: 17554 ns, At safepoint: 19805 ns, Total: 70302 ns
[2025-05-22T14:10:39.717+0000][71][info ][safepoint   ] Safepoint "Cleanup", Time since last: 15003523782 ns, Reaching safepoint: 66402 ns, Cleanup: 17279 ns, At safepoint: 16166 ns, Total: 99847 ns
[2025-05-22T14:10:54.063+0000][71][info ][safepoint   ] Safepoint "Cleanup", Time since last: 14348122106 ns, Reaching safepoint: 32465 ns, Cleanup: 20870 ns, At safepoint: 17764 ns, Total: 71099 ns
[2025-05-22T14:11:40.070+0000][71][info ][safepoint   ] Safepoint "Cleanup", Time since last: 46008448449 ns, Reaching safepoint: 315355 ns, Cleanup: 21681 ns, At safepoint: 15615 ns, Total: 352651 ns
[2025-05-22T14:11:45.078+0000][71][info ][safepoint   ] Safepoint "Cleanup", Time since last: 5008279483 ns, Reaching safepoint: 29013 ns, Cleanup: 21627 ns, At safepoint: 15116 ns, Total: 65756 ns
[2025-05-22T14:11:58.104+0000][71][info ][safepoint   ] Safepoint "Cleanup", Time since last: 13029067729 ns, Reaching safepoint: 69147 ns, Cleanup: 21315 ns, At safepoint: 18179 ns, Total: 108641 ns
[2025-05-22T14:13:57.343+0000][71][info ][safepoint   ] Safepoint "Cleanup", Time since last: 119248679352 ns, Reaching safepoint: 36976 ns, Cleanup: 22009 ns, At safepoint: 13053 ns, Total: 72038 ns
[2025-05-22T14:14:59.307+0000][71][info ][safepoint   ] Safepoint "Cleanup", Time since last: 61968549704 ns, Reaching safepoint: 1056137 ns, Cleanup: 18811 ns, At safepoint: 150996 ns, Total: 1225944 ns
[2025-05-22T14:16:02.340+0000][71][info ][safepoint   ] Safepoint "Cleanup", Time since last: 63037399779 ns, Reaching safepoint: 24018 ns, Cleanup: 11847 ns, At safepoint: 5563 ns, Total: 41428 ns
[2025-05-22T14:16:03.547+0000][71][info ][safepoint   ] Safepoint "Cleanup", Time since last: 1206994167 ns, Reaching safepoint: 18392 ns, Cleanup: 14433 ns, At safepoint: 8790 ns, Total: 41615 ns
[2025-05-22T14:16:39.551+0000][71][info ][safepoint   ] Safepoint "Cleanup", Time since last: 36006999956 ns, Reaching safepoint: 123528 ns, Cleanup: 31843 ns, At safepoint: 9697 ns, Total: 165068 ns
[2025-05-22T14:17:05.313+0000][71][info ][safepoint   ] Safepoint "Cleanup", Time since last: 25764290409 ns, Reaching safepoint: 712320 ns, Cleanup: 17364 ns, At safepoint: 140300 ns, Total: 869984 ns
[2025-05-22T14:17:12.605+0000][71][info ][safepoint   ] Safepoint "Cleanup", Time since last: 7291606014 ns, Reaching safepoint: 21071 ns, Cleanup: 17153 ns, At safepoint: 11377 ns, Total: 49601 ns
[2025-05-22T14:17:39.611+0000][71][info ][safepoint   ] Safepoint "Cleanup", Time since last: 27007209444 ns, Reaching safepoint: 72659 ns, Cleanup: 21230 ns, At safepoint: 19092 ns, Total: 112981 ns
[2025-05-22T14:18:00.364+0000][71][info ][safepoint   ] Safepoint "Cleanup", Time since last: 20757191629 ns, Reaching safepoint: 219785 ns, Cleanup: 253138 ns, At safepoint: 70938 ns, Total: 543861 ns
[2025-05-22T14:21:17.933+0000][71][info ][safepoint   ] Safepoint "Cleanup", Time since last: 197582306668 ns, Reaching safepoint: 162640 ns, Cleanup: 28947 ns, At safepoint: 35924 ns, Total: 227511 ns
[2025-05-22T14:22:09.586+0000][71][info ][safepoint   ] Safepoint "Cleanup", Time since last: 51656617549 ns, Reaching safepoint: 306619 ns, Cleanup: 19492 ns, At safepoint: 29719 ns, Total: 355830 ns
[2025-05-22T14:22:12.587+0000][71][info ][safepoint   ] Safepoint "Cleanup", Time since last: 3001010233 ns, Reaching safepoint: 24863 ns, Cleanup: 17415 ns, At safepoint: 10537 ns, Total: 52815 ns
[2025-05-22T14:23:20.419+0000][71][info ][safepoint   ] Safepoint "Cleanup", Time since last: 67838971225 ns, Reaching safepoint: 777562 ns, Cleanup: 42812 ns, At safepoint: 151475 ns, Total: 971849 ns
[2025-05-22T14:23:22.042+0000][71][info ][safepoint   ] Safepoint "Cleanup", Time since last: 1622663322 ns, Reaching safepoint: 23565 ns, Cleanup: 17001 ns, At safepoint: 10433 ns, Total: 50999 ns
[2025-05-22T14:23:23.300+0000][71][info ][safepoint   ] Safepoint "Cleanup", Time since last: 1258075995 ns, Reaching safepoint: 6635 ns, Cleanup: 8862 ns, At safepoint: 3681 ns, Total: 19178 ns
[2025-05-22T14:25:26.998+0000][71][info ][safepoint   ] Safepoint "Cleanup", Time since last: 123708296436 ns, Reaching safepoint: 96288 ns, Cleanup: 35189 ns, At safepoint: 18737 ns, Total: 150214 ns
[2025-05-22T14:25:30.332+0000][71][info ][safepoint   ] Safepoint "Cleanup", Time since last: 3334526438 ns, Reaching safepoint: 13569 ns, Cleanup: 10471 ns, At safepoint: 33452 ns, Total: 57492 ns
[2025-05-22T14:25:35.297+0000][71][info ][safepoint   ] Safepoint "Cleanup", Time since last: 4964654483 ns, Reaching safepoint: 21661 ns, Cleanup: 13409 ns, At safepoint: 8440 ns, Total: 43510 ns
[2025-05-22T14:26:33.318+0000][71][info ][safepoint   ] Safepoint "Cleanup", Time since last: 58025999887 ns, Reaching safepoint: 169693 ns, Cleanup: 19555 ns, At safepoint: 81557 ns, Total: 270805 ns
[2025-05-22T14:27:36.317+0000][71][info ][safepoint   ] Safepoint "Cleanup", Time since last: 63005333986 ns, Reaching safepoint: 33767 ns, Cleanup: 18915 ns, At safepoint: 18613 ns, Total: 71295 ns
[2025-05-22T14:27:37.395+0000][71][info ][safepoint   ] Safepoint "Cleanup", Time since last: 1077103916 ns, Reaching safepoint: 30345 ns, Cleanup: 16956 ns, At safepoint: 16803 ns, Total: 64104 ns
[2025-05-22T14:28:39.337+0000][71][info ][safepoint   ] Safepoint "Cleanup", Time since last: 61947469312 ns, Reaching safepoint: 32697 ns, Cleanup: 19152 ns, At safepoint: 17169 ns, Total: 69018 ns
[2025-05-22T14:29:46.865+0000][71][info ][safepoint   ] Safepoint "Cleanup", Time since last: 67533792661 ns, Reaching safepoint: 30160 ns, Cleanup: 16684 ns, At safepoint: 15178 ns, Total: 62022 ns
[2025-05-22T14:30:44.597+0000][71][info ][safepoint   ] Safepoint "Cleanup", Time since last: 57736701789 ns, Reaching safepoint: 24783 ns, Cleanup: 12735 ns, At safepoint: 6164 ns, Total: 43682 ns
[2025-05-22T14:30:45.633+0000][71][info ][safepoint   ] Safepoint "Cleanup", Time since last: 1035912920 ns, Reaching safepoint: 7475 ns, Cleanup: 8293 ns, At safepoint: 14471 ns, Total: 30239 ns
[2025-05-22T14:30:56.899+0000][71][info ][safepoint   ] Safepoint "Cleanup", Time since last: 11268763139 ns, Reaching safepoint: 84655 ns, Cleanup: 14966 ns, At safepoint: 11219 ns, Total: 110840 ns
[2025-05-22T14:34:23.258+0000][71][info ][gc,start    ] GC(25) Pause Young (Prepare Mixed) (G1 Evacuation Pause)
[2025-05-22T14:34:23.267+0000][71][info ][gc,task     ] GC(25) Using 10 workers of 10 for evacuation
[2025-05-22T14:34:23.268+0000][71][debug][gc,age      ] GC(25) Desired survivor size 73400320 bytes, new threshold 15 (max threshold 15)
[2025-05-22T14:34:23.464+0000][71][info ][gc,phases   ] GC(25)   Pre Evacuate Collection Set: 19.38ms
[2025-05-22T14:34:23.464+0000][71][info ][gc,phases   ] GC(25)   Merge Heap Roots: 4.20ms
[2025-05-22T14:34:23.465+0000][71][info ][gc,phases   ] GC(25)   Evacuate Collection Set: 148.90ms
[2025-05-22T14:34:23.466+0000][71][info ][gc,phases   ] GC(25)   Post Evacuate Collection Set: 20.96ms
[2025-05-22T14:34:23.466+0000][71][info ][gc,phases   ] GC(25)   Other: 6.54ms
[2025-05-22T14:34:23.467+0000][71][trace][gc,age      ] GC(25) Age table with threshold 15 (max threshold 15)
[2025-05-22T14:34:23.467+0000][71][trace][gc,age      ] GC(25) - age   1:     914472 bytes,     914472 total
[2025-05-22T14:34:23.468+0000][71][trace][gc,age      ] GC(25) - age   2:     523560 bytes,    1438032 total
[2025-05-22T14:34:23.468+0000][71][trace][gc,age      ] GC(25) - age   3:     258696 bytes,    1696728 total
[2025-05-22T14:34:23.468+0000][71][trace][gc,age      ] GC(25) - age   4:     329296 bytes,    2026024 total
[2025-05-22T14:34:23.469+0000][71][trace][gc,age      ] GC(25) - age   5:     106264 bytes,    2132288 total
[2025-05-22T14:34:23.469+0000][71][trace][gc,age      ] GC(25) - age   6:      61712 bytes,    2194000 total
[2025-05-22T14:34:23.469+0000][71][trace][gc,age      ] GC(25) - age   7:     117352 bytes,    2311352 total
[2025-05-22T14:34:23.470+0000][71][trace][gc,age      ] GC(25) - age   8:      63224 bytes,    2374576 total
[2025-05-22T14:34:23.470+0000][71][trace][gc,age      ] GC(25) - age   9:    2181296 bytes,    4555872 total
[2025-05-22T14:34:23.471+0000][71][trace][gc,age      ] GC(25) - age  10:    1358096 bytes,    5913968 total
[2025-05-22T14:34:23.471+0000][71][trace][gc,age      ] GC(25) - age  11:     682672 bytes,    6596640 total
[2025-05-22T14:34:23.471+0000][71][info ][gc,heap     ] GC(25) Eden regions: 276->0(580)
[2025-05-22T14:34:23.472+0000][71][info ][gc,heap     ] GC(25) Survivor regions: 2->2(35)
[2025-05-22T14:34:23.473+0000][71][info ][gc,heap     ] GC(25) Old regions: 27->27
[2025-05-22T14:34:23.473+0000][71][info ][gc,heap     ] GC(25) Humongous regions: 0->0
[2025-05-22T14:34:23.473+0000][71][info ][gc,metaspace] GC(25) Metaspace: 146504K(151552K)->146504K(151552K) NonClass: 126957K(129600K)->126957K(129600K) Class: 19546K(21952K)->19546K(21952K)
[2025-05-22T14:34:23.475+0000][71][info ][gc          ] GC(25) Pause Young (Prepare Mixed) (G1 Evacuation Pause) 1215M->111M(3880M) 217.153ms
[2025-05-22T14:34:23.475+0000][71][info ][gc,cpu      ] GC(25) User=1.23s Sys=0.00s Real=0.22s
[2025-05-22T14:34:23.476+0000][71][info ][safepoint   ] Safepoint "G1CollectForAllocation", Time since last: 206373237536 ns, Reaching safepoint: 82195 ns, Cleanup: 5702 ns, At safepoint: 222389214 ns, Total: 222477111 ns
[2025-05-22T14:34:56.299+0000][71][info ][safepoint   ] Safepoint "Cleanup", Time since last: 32824335052 ns, Reaching safepoint: 2270448 ns, Cleanup: 25343 ns, At safepoint: 175548 ns, Total: 2471339 ns
[2025-05-22T14:34:57.811+0000][71][info ][safepoint   ] Safepoint "Cleanup", Time since last: 1511928462 ns, Reaching safepoint: 30067 ns, Cleanup: 21123 ns, At safepoint: 16530 ns, Total: 67720 ns
[2025-05-22T14:35:00.834+0000][71][info ][safepoint   ] Safepoint "Cleanup", Time since last: 3022149618 ns, Reaching safepoint: 30297 ns, Cleanup: 24200 ns, At safepoint: 17322 ns, Total: 71819 ns
[2025-05-22T14:35:01.875+0000][71][info ][safepoint   ] Safepoint "Cleanup", Time since last: 1041495216 ns, Reaching safepoint: 34135 ns, Cleanup: 18275 ns, At safepoint: 80673 ns, Total: 133083 ns
[2025-05-22T14:35:59.970+0000][71][info ][safepoint   ] Safepoint "Cleanup", Time since last: 58099178491 ns, Reaching safepoint: 15571 ns, Cleanup: 22993 ns, At safepoint: 66532 ns, Total: 105096 ns
[2025-05-22T14:37:11.977+0000][71][info ][safepoint   ] Safepoint "Cleanup", Time since last: 72012153520 ns, Reaching safepoint: 17391 ns, Cleanup: 73042 ns, At safepoint: 8991 ns, Total: 99424 ns
[2025-05-22T14:37:17.978+0000][71][info ][safepoint   ] Safepoint "Cleanup", Time since last: 6001316090 ns, Reaching safepoint: 31606 ns, Cleanup: 18016 ns, At safepoint: 17136 ns, Total: 66758 ns
[2025-05-22T14:37:26.977+0000][71][info ][safepoint   ] Safepoint "Cleanup", Time since last: 9001793819 ns, Reaching safepoint: 18615 ns, Cleanup: 13791 ns, At safepoint: 8704 ns, Total: 41110 ns
[2025-05-22T14:37:50.286+0000][71][info ][safepoint   ] Safepoint "Cleanup", Time since last: 23310687046 ns, Reaching safepoint: 612395 ns, Cleanup: 17216 ns, At safepoint: 150574 ns, Total: 780185 ns
[2025-05-22T14:38:06.063+0000][71][info ][safepoint   ] Safepoint "Cleanup", Time since last: 15777358691 ns, Reaching safepoint: 16624 ns, Cleanup: 14995 ns, At safepoint: 14756 ns, Total: 46375 ns
[2025-05-22T14:38:51.202+0000][71][info ][safepoint   ] Safepoint "Cleanup", Time since last: 45143885245 ns, Reaching safepoint: 35757 ns, Cleanup: 19077 ns, At safepoint: 18230 ns, Total: 73064 ns
[2025-05-22T14:39:06.206+0000][71][info ][safepoint   ] Safepoint "Cleanup", Time since last: 15003723818 ns, Reaching safepoint: 31678 ns, Cleanup: 19000 ns, At safepoint: 19995 ns, Total: 70673 ns
[2025-05-22T14:39:08.309+0000][71][info ][safepoint   ] Safepoint "Cleanup", Time since last: 2103766625 ns, Reaching safepoint: 5504 ns, Cleanup: 7960 ns, At safepoint: 12983 ns, Total: 26447 ns
[2025-05-22T14:39:10.158+0000][71][info ][safepoint   ] Safepoint "Cleanup", Time since last: 1848335651 ns, Reaching safepoint: 28944 ns, Cleanup: 15623 ns, At safepoint: 15970 ns, Total: 60537 ns
[2025-05-22T14:39:19.158+0000][71][info ][safepoint   ] Safepoint "Cleanup", Time since last: 9002463848 ns, Reaching safepoint: 66898 ns, Cleanup: 16774 ns, At safepoint: 29440 ns, Total: 113112 ns
[2025-05-22T14:39:37.161+0000][71][info ][safepoint   ] Safepoint "Cleanup", Time since last: 18003496376 ns, Reaching safepoint: 69489 ns, Cleanup: 18080 ns, At safepoint: 20032 ns, Total: 107601 ns
[2025-05-22T14:40:05.218+0000][71][info ][safepoint   ] Safepoint "Cleanup", Time since last: 28058988011 ns, Reaching safepoint: 5914 ns, Cleanup: 6364 ns, At safepoint: 23639 ns, Total: 35917 ns
[2025-05-22T14:42:05.324+0000][71][info ][safepoint   ] Safepoint "Cleanup", Time since last: 120116407697 ns, Reaching safepoint: 67280 ns, Cleanup: 17889 ns, At safepoint: 12406 ns, Total: 97575 ns
[2025-05-22T14:42:17.271+0000][71][info ][safepoint   ] Safepoint "Cleanup", Time since last: 11945894718 ns, Reaching safepoint: 817635 ns, Cleanup: 15935 ns, At safepoint: 141927 ns, Total: 975497 ns
[2025-05-22T14:44:23.455+0000][71][info ][safepoint   ] Safepoint "Cleanup", Time since last: 126197619586 ns, Reaching safepoint: 28293 ns, Cleanup: 12088 ns, At safepoint: 21020 ns, Total: 61401 ns
[2025-05-22T14:44:39.473+0000][71][info ][safepoint   ] Safepoint "Cleanup", Time since last: 16017454292 ns, Reaching safepoint: 55551 ns, Cleanup: 16051 ns, At safepoint: 11232 ns, Total: 82834 ns
[2025-05-22T14:44:48.433+0000][71][info ][safepoint   ] Safepoint "Cleanup", Time since last: 8960701435 ns, Reaching safepoint: 19565 ns, Cleanup: 16097 ns, At safepoint: 9708 ns, Total: 45370 ns
[2025-05-22T14:45:21.536+0000][71][info ][safepoint   ] Safepoint "Cleanup", Time since last: 33107772889 ns, Reaching safepoint: 42569 ns, Cleanup: 14046 ns, At safepoint: 8358 ns, Total: 64973 ns
[2025-05-22T14:46:30.614+0000][71][info ][safepoint   ] Safepoint "Cleanup", Time since last: 69082621755 ns, Reaching safepoint: 30150 ns, Cleanup: 17739 ns, At safepoint: 18791 ns, Total: 66680 ns
[2025-05-22T14:47:32.637+0000][71][info ][safepoint   ] Safepoint "Cleanup", Time since last: 62028567070 ns, Reaching safepoint: 57802 ns, Cleanup: 21860 ns, At safepoint: 64505 ns, Total: 144167 ns
[2025-05-22T14:48:35.264+0000][71][info ][safepoint   ] Safepoint "Cleanup", Time since last: 62631662402 ns, Reaching safepoint: 158150 ns, Cleanup: 9687 ns, At safepoint: 23630 ns, Total: 191467 ns
[2025-05-22T14:48:41.717+0000][71][info ][safepoint   ] Safepoint "Cleanup", Time since last: 6452915515 ns, Reaching safepoint: 26423 ns, Cleanup: 16253 ns, At safepoint: 12685 ns, Total: 55361 ns
[2025-05-22T14:49:38.294+0000][71][info ][safepoint   ] Safepoint "Cleanup", Time since last: 56580245303 ns, Reaching safepoint: 2274215 ns, Cleanup: 23271 ns, At safepoint: 164079 ns, Total: 2461565 ns
[2025-05-22T14:49:39.773+0000][71][info ][safepoint   ] Safepoint "Cleanup", Time since last: 1479051599 ns, Reaching safepoint: 29372 ns, Cleanup: 27588 ns, At safepoint: 17979 ns, Total: 74939 ns
[2025-05-22T14:50:10.807+0000][71][info ][safepoint   ] Safepoint "Cleanup", Time since last: 31036593119 ns, Reaching safepoint: 70657 ns, Cleanup: 25336 ns, At safepoint: 15085 ns, Total: 111078 ns
[2025-05-22T14:50:51.672+0000][71][info ][safepoint   ] Safepoint "Cleanup", Time since last: 40870150644 ns, Reaching safepoint: 63061 ns, Cleanup: 21040 ns, At safepoint: 17166 ns, Total: 101267 ns
[2025-05-22T14:51:44.930+0000][71][info ][safepoint   ] Safepoint "Cleanup", Time since last: 53261605502 ns, Reaching safepoint: 19292 ns, Cleanup: 25185 ns, At safepoint: 95870 ns, Total: 140347 ns
[2025-05-22T14:52:15.713+0000][71][info ][safepoint   ] Safepoint "Cleanup", Time since last: 30785065266 ns, Reaching safepoint: 18666 ns, Cleanup: 13788 ns, At safepoint: 33726 ns, Total: 66180 ns
[2025-05-22T14:52:47.743+0000][71][info ][safepoint   ] Safepoint "Cleanup", Time since last: 32032701326 ns, Reaching safepoint: 17142 ns, Cleanup: 18150 ns, At safepoint: 14443 ns, Total: 49735 ns
[2025-05-22T14:53:30.045+0000][71][info ][safepoint   ] Safepoint "Cleanup", Time since last: 42307204865 ns, Reaching safepoint: 32337 ns, Cleanup: 19292 ns, At safepoint: 17456 ns, Total: 69085 ns
[2025-05-22T14:53:50.263+0000][71][info ][safepoint   ] Safepoint "Cleanup", Time since last: 20221218235 ns, Reaching safepoint: 13805 ns, Cleanup: 17232 ns, At safepoint: 81022 ns, Total: 112059 ns
[2025-05-22T14:55:34.210+0000][71][info ][safepoint   ] Safepoint "Cleanup", Time since last: 103954947178 ns, Reaching safepoint: 33909 ns, Cleanup: 19010 ns, At safepoint: 17763 ns, Total: 70682 ns
[2025-05-22T14:55:47.856+0000][71][info ][safepoint   ] Safepoint "Cleanup", Time since last: 13645485760 ns, Reaching safepoint: 34195 ns, Cleanup: 19960 ns, At safepoint: 26733 ns, Total: 80888 ns
[2025-05-22T14:55:54.599+0000][71][info ][safepoint   ] Safepoint "Cleanup", Time since last: 6745755112 ns, Reaching safepoint: 65595 ns, Cleanup: 28508 ns, At safepoint: 20547 ns, Total: 114650 ns
[2025-05-22T14:55:56.350+0000][71][info ][safepoint   ] Safepoint "Cleanup", Time since last: 1750968847 ns, Reaching safepoint: 10562 ns, Cleanup: 50849 ns, At safepoint: 8779 ns, Total: 70190 ns
[2025-05-22T14:55:58.259+0000][71][info ][safepoint   ] Safepoint "Cleanup", Time since last: 1909015854 ns, Reaching safepoint: 16410 ns, Cleanup: 15691 ns, At safepoint: 34575 ns, Total: 66676 ns
[2025-05-22T14:56:01.266+0000][71][info ][safepoint   ] Safepoint "Cleanup", Time since last: 3006367112 ns, Reaching safepoint: 128834 ns, Cleanup: 25860 ns, At safepoint: 10526 ns, Total: 165220 ns
[2025-05-22T14:56:39.271+0000][71][info ][safepoint   ] Safepoint "Cleanup", Time since last: 38007760362 ns, Reaching safepoint: 70177 ns, Cleanup: 24215 ns, At safepoint: 20895 ns, Total: 115287 ns
[2025-05-22T14:57:00.262+0000][71][info ][safepoint   ] Safepoint "Cleanup", Time since last: 20994154921 ns, Reaching safepoint: 15487 ns, Cleanup: 16308 ns, At safepoint: 8378 ns, Total: 40173 ns
[2025-05-22T15:00:14.316+0000][71][info ][safepoint   ] Safepoint "Cleanup", Time since last: 194067492314 ns, Reaching safepoint: 2490865 ns, Cleanup: 168003 ns, At safepoint: 84725 ns, Total: 2743593 ns
[2025-05-22T15:01:12.322+0000][71][info ][safepoint   ] Safepoint "Cleanup", Time since last: 58011962697 ns, Reaching safepoint: 94722 ns, Cleanup: 12186 ns, At safepoint: 39749 ns, Total: 146657 ns
[2025-05-22T15:02:28.490+0000][71][info ][safepoint   ] Safepoint "Cleanup", Time since last: 76176030917 ns, Reaching safepoint: 60651 ns, Cleanup: 19592 ns, At safepoint: 13027 ns, Total: 93270 ns
[2025-05-22T15:03:17.527+0000][71][info ][safepoint   ] Safepoint "Cleanup", Time since last: 49039763466 ns, Reaching safepoint: 159845 ns, Cleanup: 18174 ns, At safepoint: 99090 ns, Total: 277109 ns
[2025-05-22T15:03:18.554+0000][71][info ][safepoint   ] Safepoint "Cleanup", Time since last: 1026862398 ns, Reaching safepoint: 30509 ns, Cleanup: 16292 ns, At safepoint: 16230 ns, Total: 63031 ns
[2025-05-22T15:04:20.250+0000][71][info ][safepoint   ] Safepoint "Cleanup", Time since last: 61702982721 ns, Reaching safepoint: 15729 ns, Cleanup: 390226 ns, At safepoint: 42207 ns, Total: 448162 ns
[2025-05-22T15:05:20.487+0000][71][info ][safepoint   ] Safepoint "Cleanup", Time since last: 60242957974 ns, Reaching safepoint: 34680 ns, Cleanup: 16931 ns, At safepoint: 81444 ns, Total: 133055 ns
[2025-05-22T15:05:21.707+0000][71][info ][safepoint   ] Safepoint "Cleanup", Time since last: 1219125881 ns, Reaching safepoint: 29849 ns, Cleanup: 23131 ns, At safepoint: 18767 ns, Total: 71747 ns
[2025-05-22T15:06:26.766+0000][71][info ][safepoint   ] Safepoint "Cleanup", Time since last: 65064037785 ns, Reaching safepoint: 1072654 ns, Cleanup: 51181 ns, At safepoint: 89227 ns, Total: 1213062 ns
[2025-05-22T15:06:27.817+0000][71][info ][safepoint   ] Safepoint "Cleanup", Time since last: 1050329136 ns, Reaching safepoint: 27094 ns, Cleanup: 15836 ns, At safepoint: 11397 ns, Total: 54327 ns
[2025-05-22T15:06:38.819+0000][71][info ][safepoint   ] Safepoint "Cleanup", Time since last: 11002784806 ns, Reaching safepoint: 18571 ns, Cleanup: 15160 ns, At safepoint: 8794 ns, Total: 42525 ns
[2025-05-22T15:07:12.639+0000][71][info ][safepoint   ] Safepoint "Cleanup", Time since last: 33822945630 ns, Reaching safepoint: 34801 ns, Cleanup: 19153 ns, At safepoint: 19769 ns, Total: 73723 ns
[2025-05-22T15:07:41.254+0000][71][info ][safepoint   ] Safepoint "Cleanup", Time since last: 28617113549 ns, Reaching safepoint: 8908 ns, Cleanup: 71828 ns, At safepoint: 15999 ns, Total: 96735 ns
[2025-05-22T15:07:42.654+0000][71][info ][safepoint   ] Safepoint "Cleanup", Time since last: 1399941376 ns, Reaching safepoint: 5961 ns, Cleanup: 7949 ns, At safepoint: 3239 ns, Total: 17149 ns
[2025-05-22T15:07:50.956+0000][71][info ][safepoint   ] Safepoint "Cleanup", Time since last: 8303944328 ns, Reaching safepoint: 5785 ns, Cleanup: 11333 ns, At safepoint: 5363 ns, Total: 22481 ns
[2025-05-22T15:08:29.422+0000][71][info ][safepoint   ] Safepoint "Cleanup", Time since last: 38468717627 ns, Reaching safepoint: 99984 ns, Cleanup: 9667 ns, At safepoint: 45690 ns, Total: 155341 ns
[2025-05-22T15:08:30.996+0000][71][info ][safepoint   ] Safepoint "Cleanup", Time since last: 1573923039 ns, Reaching safepoint: 19866 ns, Cleanup: 21038 ns, At safepoint: 10298 ns, Total: 51202 ns
[2025-05-22T15:08:38.973+0000][71][info ][safepoint   ] Safepoint "Cleanup", Time since last: 7977314492 ns, Reaching safepoint: 23398 ns, Cleanup: 18585 ns, At safepoint: 10557 ns, Total: 52540 ns
[2025-05-22T15:10:47.736+0000][71][info ][safepoint   ] Safepoint "Cleanup", Time since last: 128773807152 ns, Reaching safepoint: 26208 ns, Cleanup: 117289 ns, At safepoint: 97187 ns, Total: 240684 ns
[2025-05-22T15:10:48.787+0000][71][info ][safepoint   ] Safepoint "Cleanup", Time since last: 1050934929 ns, Reaching safepoint: 7003 ns, Cleanup: 13093 ns, At safepoint: 12941 ns, Total: 33037 ns
[2025-05-22T15:11:38.790+0000][71][info ][safepoint   ] Safepoint "Cleanup", Time since last: 50008754489 ns, Reaching safepoint: 67979 ns, Cleanup: 113543 ns, At safepoint: 28436 ns, Total: 209958 ns
[2025-05-22T15:11:42.214+0000][71][info ][safepoint   ] Safepoint "Cleanup", Time since last: 3423811034 ns, Reaching safepoint: 16285 ns, Cleanup: 12868 ns, At safepoint: 5359 ns, Total: 34512 ns
[2025-05-22T15:11:47.236+0000][71][info ][safepoint   ] Safepoint "Cleanup", Time since last: 5021902582 ns, Reaching safepoint: 62410 ns, Cleanup: 14912 ns, At safepoint: 10058 ns, Total: 87380 ns
[2025-05-22T15:12:06.825+0000][71][info ][safepoint   ] Safepoint "Cleanup", Time since last: 19591379217 ns, Reaching safepoint: 45773 ns, Cleanup: 13653 ns, At safepoint: 9075 ns, Total: 68501 ns
[2025-05-22T15:12:44.278+0000][71][info ][safepoint   ] Safepoint "Cleanup", Time since last: 37455558837 ns, Reaching safepoint: 160339 ns, Cleanup: 20757 ns, At safepoint: 83872 ns, Total: 264968 ns
[2025-05-22T15:13:47.324+0000][71][info ][safepoint   ] Safepoint "Cleanup", Time since last: 63051373128 ns, Reaching safepoint: 165233 ns, Cleanup: 16764 ns, At safepoint: 88565 ns, Total: 270562 ns
[2025-05-22T15:13:48.382+0000][71][info ][safepoint   ] Safepoint "Cleanup", Time since last: 1058091589 ns, Reaching safepoint: 32432 ns, Cleanup: 23668 ns, At safepoint: 18215 ns, Total: 74315 ns
[2025-05-22T15:13:49.912+0000][71][info ][safepoint   ] Safepoint "Cleanup", Time since last: 1531645552 ns, Reaching safepoint: 31494 ns, Cleanup: 24592 ns, At safepoint: 18249 ns, Total: 74335 ns
[2025-05-22T15:14:50.277+0000][71][info ][safepoint   ] Safepoint "Cleanup", Time since last: 60371930688 ns, Reaching safepoint: 81916 ns, Cleanup: 8006 ns, At safepoint: 13777 ns, Total: 103699 ns
[2025-05-22T15:15:26.085+0000][71][info ][safepoint   ] Safepoint "Cleanup", Time since last: 35809989818 ns, Reaching safepoint: 6544 ns, Cleanup: 7856 ns, At safepoint: 3333 ns, Total: 17733 ns
[2025-05-22T15:15:42.088+0000][71][info ][safepoint   ] Safepoint "Cleanup", Time since last: 16003345279 ns, Reaching safepoint: 64495 ns, Cleanup: 67406 ns, At safepoint: 12149 ns, Total: 144050 ns
[2025-05-22T15:15:52.397+0000][71][info ][safepoint   ] Safepoint "Cleanup", Time since last: 10311032744 ns, Reaching safepoint: 25846 ns, Cleanup: 16858 ns, At safepoint: 130546 ns, Total: 173250 ns
[2025-05-22T15:16:39.497+0000][71][info ][safepoint   ] Safepoint "Cleanup", Time since last: 47102923683 ns, Reaching safepoint: 345940 ns, Cleanup: 36048 ns, At safepoint: 25661 ns, Total: 407649 ns
[2025-05-22T15:17:12.473+0000][71][info ][safepoint   ] Safepoint "Cleanup", Time since last: 32978925964 ns, Reaching safepoint: 82916 ns, Cleanup: 23360 ns, At safepoint: 21851 ns, Total: 128127 ns
[2025-05-22T15:17:56.330+0000][71][info ][safepoint   ] Safepoint "Cleanup", Time since last: 43861376091 ns, Reaching safepoint: 18403 ns, Cleanup: 10052 ns, At safepoint: 4185 ns, Total: 32640 ns
[2025-05-22T15:18:39.589+0000][71][info ][safepoint   ] Safepoint "Cleanup", Time since last: 43261804661 ns, Reaching safepoint: 173772 ns, Cleanup: 27649 ns, At safepoint: 19213 ns, Total: 220634 ns
[2025-05-22T15:22:05.148+0000][71][info ][safepoint   ] Safepoint "Cleanup", Time since last: 205577451954 ns, Reaching safepoint: 320021 ns, Cleanup: 231238 ns, At safepoint: 169701 ns, Total: 720960 ns
[2025-05-22T15:22:06.443+0000][71][info ][safepoint   ] Safepoint "Cleanup", Time since last: 1295097120 ns, Reaching safepoint: 38497 ns, Cleanup: 282807 ns, At safepoint: 72859 ns, Total: 394163 ns
[2025-05-22T15:22:53.189+0000][71][info ][safepoint   ] Safepoint "Cleanup", Time since last: 46751509329 ns, Reaching safepoint: 10832 ns, Cleanup: 7600 ns, At safepoint: 3428 ns, Total: 21860 ns
[2025-05-22T15:23:20.211+0000][71][info ][gc,start    ] GC(26) Pause Young (Mixed) (G1 Evacuation Pause)
[2025-05-22T15:23:20.220+0000][71][info ][gc,task     ] GC(26) Using 10 workers of 10 for evacuation
[2025-05-22T15:23:20.222+0000][71][debug][gc,age      ] GC(26) Desired survivor size 153092096 bytes, new threshold 15 (max threshold 15)
[2025-05-22T15:23:20.481+0000][71][info ][gc,mmu      ] GC(26) MMU target violated: 201.0ms (200.0ms/201.0ms)
[2025-05-22T15:23:20.481+0000][71][info ][gc,phases   ] GC(26)   Pre Evacuate Collection Set: 23.24ms
[2025-05-22T15:23:20.481+0000][71][info ][gc,phases   ] GC(26)   Merge Heap Roots: 6.21ms
[2025-05-22T15:23:20.481+0000][71][info ][gc,phases   ] GC(26)   Evacuate Collection Set: 209.63ms
[2025-05-22T15:23:20.482+0000][71][info ][gc,phases   ] GC(26)   Post Evacuate Collection Set: 15.79ms
[2025-05-22T15:23:20.482+0000][71][info ][gc,phases   ] GC(26)   Other: 8.94ms
[2025-05-22T15:23:20.482+0000][71][trace][gc,age      ] GC(26) Age table with threshold 15 (max threshold 15)
[2025-05-22T15:23:20.483+0000][71][trace][gc,age      ] GC(26) - age   1:    1250056 bytes,    1250056 total
[2025-05-22T15:23:20.483+0000][71][trace][gc,age      ] GC(26) - age   2:      86440 bytes,    1336496 total
[2025-05-22T15:23:20.483+0000][71][trace][gc,age      ] GC(26) - age   3:     130576 bytes,    1467072 total
[2025-05-22T15:23:20.484+0000][71][trace][gc,age      ] GC(26) - age   4:     168624 bytes,    1635696 total
[2025-05-22T15:23:20.484+0000][71][trace][gc,age      ] GC(26) - age   5:     328688 bytes,    1964384 total
[2025-05-22T15:23:20.485+0000][71][trace][gc,age      ] GC(26) - age   6:     105600 bytes,    2069984 total
[2025-05-22T15:23:20.485+0000][71][trace][gc,age      ] GC(26) - age   7:      61656 bytes,    2131640 total
[2025-05-22T15:23:20.486+0000][71][trace][gc,age      ] GC(26) - age   8:     117352 bytes,    2248992 total
[2025-05-22T15:23:20.486+0000][71][trace][gc,age      ] GC(26) - age   9:      63224 bytes,    2312216 total
[2025-05-22T15:23:20.487+0000][71][trace][gc,age      ] GC(26) - age  10:    2181240 bytes,    4493456 total
[2025-05-22T15:23:20.487+0000][71][trace][gc,age      ] GC(26) - age  11:    1357912 bytes,    5851368 total
[2025-05-22T15:23:20.487+0000][71][trace][gc,age      ] GC(26) - age  12:     664848 bytes,    6516216 total
[2025-05-22T15:23:20.488+0000][71][info ][gc,heap     ] GC(26) Eden regions: 580->0(580)
[2025-05-22T15:23:20.488+0000][71][info ][gc,heap     ] GC(26) Survivor regions: 2->2(73)
[2025-05-22T15:23:20.488+0000][71][info ][gc,heap     ] GC(26) Old regions: 27->26
[2025-05-22T15:23:20.488+0000][71][info ][gc,heap     ] GC(26) Humongous regions: 0->0
[2025-05-22T15:23:20.489+0000][71][info ][gc,metaspace] GC(26) Metaspace: 146606K(151616K)->146606K(151616K) NonClass: 127057K(129664K)->127057K(129664K) Class: 19549K(21952K)->19549K(21952K)
[2025-05-22T15:23:20.490+0000][71][info ][gc          ] GC(26) Pause Young (Mixed) (G1 Evacuation Pause) 2431M->110M(3880M) 278.835ms
[2025-05-22T15:23:20.490+0000][71][info ][gc,cpu      ] GC(26) User=1.81s Sys=0.00s Real=0.28s
[2025-05-22T15:23:20.490+0000][71][info ][safepoint   ] Safepoint "G1CollectForAllocation", Time since last: 27014823630 ns, Reaching safepoint: 36605 ns, Cleanup: 8840 ns, At safepoint: 289652675 ns, Total: 289698120 ns
[2025-05-22T15:25:26.309+0000][71][info ][safepoint   ] Safepoint "Cleanup", Time since last: 125828369641 ns, Reaching safepoint: 132132 ns, Cleanup: 18323 ns, At safepoint: 44397 ns, Total: 194852 ns
[2025-05-22T15:27:21.920+0000][71][info ][safepoint   ] Safepoint "Cleanup", Time since last: 115623012340 ns, Reaching safepoint: 88069 ns, Cleanup: 35788 ns, At safepoint: 15145 ns, Total: 139002 ns
[2025-05-22T15:27:51.919+0000][71][info ][safepoint   ] Safepoint "Cleanup", Time since last: 30001988060 ns, Reaching safepoint: 35362 ns, Cleanup: 60625 ns, At safepoint: 12221 ns, Total: 108208 ns
[2025-05-22T15:28:20.235+0000][71][info ][safepoint   ] Safepoint "Cleanup", Time since last: 28317349929 ns, Reaching safepoint: 101457 ns, Cleanup: 51178 ns, At safepoint: 63429 ns, Total: 216064 ns
[2025-05-22T15:30:39.088+0000][71][info ][safepoint   ] Safepoint "Cleanup", Time since last: 138864713612 ns, Reaching safepoint: 69265 ns, Cleanup: 17900 ns, At safepoint: 29664 ns, Total: 116829 ns
[2025-05-22T15:31:30.127+0000][71][info ][safepoint   ] Safepoint "Cleanup", Time since last: 51044959891 ns, Reaching safepoint: 24286 ns, Cleanup: 13995 ns, At safepoint: 82543 ns, Total: 120824 ns
[2025-05-22T15:32:12.083+0000][71][info ][safepoint   ] Safepoint "Cleanup", Time since last: 41957340815 ns, Reaching safepoint: 30080 ns, Cleanup: 116606 ns, At safepoint: 27498 ns, Total: 174184 ns
[2025-05-22T15:32:39.255+0000][71][info ][safepoint   ] Safepoint "Cleanup", Time since last: 27174234549 ns, Reaching safepoint: 64764 ns, Cleanup: 16377 ns, At safepoint: 13519 ns, Total: 94660 ns
[2025-05-22T15:35:41.463+0000][71][info ][safepoint   ] Safepoint "Cleanup", Time since last: 182224318090 ns, Reaching safepoint: 26839 ns, Cleanup: 15133 ns, At safepoint: 73188 ns, Total: 115160 ns
[2025-05-22T15:37:12.421+0000][71][info ][safepoint   ] Safepoint "Cleanup", Time since last: 90965175328 ns, Reaching safepoint: 21925 ns, Cleanup: 14902 ns, At safepoint: 9237 ns, Total: 46064 ns
[2025-05-22T15:37:44.424+0000][71][info ][safepoint   ] Safepoint "Cleanup", Time since last: 32006041206 ns, Reaching safepoint: 78709 ns, Cleanup: 17791 ns, At safepoint: 17969 ns, Total: 114469 ns
[2025-05-22T15:38:35.183+0000][71][info ][safepoint   ] Safepoint "Cleanup", Time since last: 50764799718 ns, Reaching safepoint: 46938 ns, Cleanup: 10669 ns, At safepoint: 18829 ns, Total: 76436 ns
[2025-05-22T15:38:36.610+0000][71][info ][safepoint   ] Safepoint "Cleanup", Time since last: 1426609212 ns, Reaching safepoint: 41415 ns, Cleanup: 13130 ns, At safepoint: 10118 ns, Total: 64663 ns
[2025-05-22T15:38:37.611+0000][71][info ][safepoint   ] Safepoint "Cleanup", Time since last: 1000685433 ns, Reaching safepoint: 16747 ns, Cleanup: 13354 ns, At safepoint: 8369 ns, Total: 38470 ns
[2025-05-22T15:38:38.612+0000][71][info ][safepoint   ] Safepoint "Cleanup", Time since last: 1000724523 ns, Reaching safepoint: 32511 ns, Cleanup: 21623 ns, At safepoint: 17931 ns, Total: 72065 ns
[2025-05-22T15:39:03.659+0000][71][info ][safepoint   ] Safepoint "Cleanup", Time since last: 25050202662 ns, Reaching safepoint: 96061 ns, Cleanup: 18859 ns, At safepoint: 13730 ns, Total: 128650 ns
[2025-05-22T15:39:38.666+0000][71][info ][safepoint   ] Safepoint "Cleanup", Time since last: 35007995571 ns, Reaching safepoint: 61280 ns, Cleanup: 383925 ns, At safepoint: 58869 ns, Total: 504074 ns
[2025-05-22T15:40:38.814+0000][71][info ][safepoint   ] Safepoint "Cleanup", Time since last: 60154717632 ns, Reaching safepoint: 73780 ns, Cleanup: 21331 ns, At safepoint: 13355 ns, Total: 108466 ns
[2025-05-22T15:40:56.873+0000][71][info ][safepoint   ] Safepoint "Cleanup", Time since last: 18058353168 ns, Reaching safepoint: 2218930 ns, Cleanup: 17745 ns, At safepoint: 100319 ns, Total: 2336994 ns
[2025-05-22T15:40:57.873+0000][71][info ][safepoint   ] Safepoint "Cleanup", Time since last: 1000029022 ns, Reaching safepoint: 13221 ns, Cleanup: 192561 ns, At safepoint: 11449 ns, Total: 217231 ns
[2025-05-22T15:41:38.881+0000][71][info ][safepoint   ] Safepoint "Cleanup", Time since last: 41010723431 ns, Reaching safepoint: 98666 ns, Cleanup: 24283 ns, At safepoint: 34313 ns, Total: 157262 ns
[2025-05-22T15:43:02.971+0000][71][info ][safepoint   ] Safepoint "Cleanup", Time since last: 84096568292 ns, Reaching safepoint: 18034 ns, Cleanup: 12688 ns, At safepoint: 21971 ns, Total: 52693 ns
[2025-05-22T15:44:05.344+0000][71][info ][safepoint   ] Safepoint "Cleanup", Time since last: 62379465603 ns, Reaching safepoint: 15491 ns, Cleanup: 9159 ns, At safepoint: 18037 ns, Total: 42687 ns
[2025-05-22T15:44:06.482+0000][71][info ][safepoint   ] Safepoint "Cleanup", Time since last: 1138016836 ns, Reaching safepoint: 17840 ns, Cleanup: 15155 ns, At safepoint: 8115 ns, Total: 41110 ns
[2025-05-22T15:46:19.501+0000][71][info ][safepoint   ] Safepoint "Cleanup", Time since last: 132644770040 ns, Reaching safepoint: 383805096 ns, Cleanup: 185285 ns, At safepoint: 266802 ns, Total: 384257183 ns
[2025-05-22T15:46:33.773+0000][71][info ][safepoint   ] Safepoint "Cleanup", Time since last: 14274190315 ns, Reaching safepoint: 15932 ns, Cleanup: 218067 ns, At safepoint: 46322 ns, Total: 280321 ns
[2025-05-22T15:46:34.773+0000][71][info ][safepoint   ] Safepoint "Cleanup", Time since last: 1000210177 ns, Reaching safepoint: 25789 ns, Cleanup: 58733 ns, At safepoint: 27513 ns, Total: 112035 ns
[2025-05-22T15:46:41.146+0000][71][info ][safepoint   ] Safepoint "Cleanup", Time since last: 6373440625 ns, Reaching safepoint: 54988 ns, Cleanup: 16781 ns, At safepoint: 11546 ns, Total: 83315 ns
[2025-05-22T15:49:01.086+0000][71][info ][safepoint   ] Safepoint "Cleanup", Time since last: 139950680690 ns, Reaching safepoint: 28147 ns, Cleanup: 1011852 ns, At safepoint: 76970 ns, Total: 1116969 ns
[2025-05-22T15:51:01.159+0000][71][info ][safepoint   ] Safepoint "Cleanup", Time since last: 122100280604 ns, Reaching safepoint: 1127133 ns, Cleanup: 254753 ns, At safepoint: 154438 ns, Total: 1536324 ns
[2025-05-22T15:51:05.591+0000][71][info ][safepoint   ] Safepoint "Cleanup", Time since last: 4431509126 ns, Reaching safepoint: 20822 ns, Cleanup: 12276 ns, At safepoint: 27906 ns, Total: 61004 ns
[2025-05-22T15:51:07.114+0000][71][info ][safepoint   ] Safepoint "Cleanup", Time since last: 1523442169 ns, Reaching safepoint: 9516 ns, Cleanup: 14971 ns, At safepoint: 4964 ns, Total: 29451 ns
[2025-05-22T15:52:12.521+0000][71][info ][safepoint   ] Safepoint "Cleanup", Time since last: 63393155931 ns, Reaching safepoint: 128214 ns, Cleanup: 72965 ns, At safepoint: 24754 ns, Total: 225933 ns
[2025-05-22T15:54:09.449+0000][71][info ][safepoint   ] Safepoint "Cleanup", Time since last: 116936138634 ns, Reaching safepoint: 2258850 ns, Cleanup: 30986 ns, At safepoint: 336227 ns, Total: 2626063 ns
[2025-05-22T15:55:43.370+0000][71][info ][safepoint   ] Safepoint "Cleanup", Time since last: 93928268117 ns, Reaching safepoint: 34040 ns, Cleanup: 12341 ns, At safepoint: 42390 ns, Total: 88771 ns
[2025-05-22T15:56:15.659+0000][71][info ][safepoint   ] Safepoint "Cleanup", Time since last: 32290987830 ns, Reaching safepoint: 662378 ns, Cleanup: 165121 ns, At safepoint: 81483 ns, Total: 908982 ns
[2025-05-22T15:58:37.834+0000][71][info ][safepoint   ] Safepoint "Cleanup", Time since last: 142992737326 ns, Reaching safepoint: 187519 ns, Cleanup: 53258 ns, At safepoint: 22305 ns, Total: 263082 ns
[2025-05-22T15:58:41.836+0000][71][info ][safepoint   ] Safepoint "Cleanup", Time since last: 4001415659 ns, Reaching safepoint: 27788 ns, Cleanup: 17760 ns, At safepoint: 12170 ns, Total: 57718 ns
[2025-05-22T16:03:23.171+0000][71][info ][safepoint   ] Safepoint "Cleanup", Time since last: 280562031419 ns, Reaching safepoint: 126353 ns, Cleanup: 148648 ns, At safepoint: 25808 ns, Total: 300809 ns
[2025-05-22T16:04:39.347+0000][71][info ][safepoint   ] Safepoint "Cleanup", Time since last: 76187896108 ns, Reaching safepoint: 175185 ns, Cleanup: 32505 ns, At safepoint: 24997 ns, Total: 232687 ns
[2025-05-22T16:05:39.264+0000][71][info ][safepoint   ] Safepoint "Cleanup", Time since last: 59924023829 ns, Reaching safepoint: 55111 ns, Cleanup: 56995 ns, At safepoint: 12927 ns, Total: 125033 ns
[2025-05-22T16:05:59.304+0000][71][info ][safepoint   ] Safepoint "Cleanup", Time since last: 20042459377 ns, Reaching safepoint: 138919 ns, Cleanup: 21727 ns, At safepoint: 59299 ns, Total: 219945 ns
[2025-05-22T16:06:15.131+0000][71][info ][safepoint   ] Safepoint "Cleanup", Time since last: 15826092669 ns, Reaching safepoint: 21449 ns, Cleanup: 18213 ns, At safepoint: 25283 ns, Total: 64945 ns
[2025-05-22T16:07:43.030+0000][71][info ][safepoint   ] Safepoint "Cleanup", Time since last: 87909423575 ns, Reaching safepoint: 107966 ns, Cleanup: 9559 ns, At safepoint: 73278 ns, Total: 190803 ns
[2025-05-22T16:07:44.691+0000][71][info ][safepoint   ] Safepoint "Cleanup", Time since last: 1660271324 ns, Reaching safepoint: 30498 ns, Cleanup: 31545 ns, At safepoint: 17454 ns, Total: 79497 ns
[2025-05-22T16:07:45.826+0000][71][info ][safepoint   ] Safepoint "Cleanup", Time since last: 1134449816 ns, Reaching safepoint: 650807 ns, Cleanup: 22452 ns, At safepoint: 85394 ns, Total: 758653 ns
[2025-05-22T16:07:47.755+0000][71][info ][safepoint   ] Safepoint "Cleanup", Time since last: 1928770570 ns, Reaching safepoint: 84067 ns, Cleanup: 25691 ns, At safepoint: 21446 ns, Total: 131204 ns
[2025-05-22T16:07:52.397+0000][71][info ][safepoint   ] Safepoint "Cleanup", Time since last: 4641898836 ns, Reaching safepoint: 15634 ns, Cleanup: 16130 ns, At safepoint: 13249 ns, Total: 45013 ns
[2025-05-22T16:08:15.779+0000][71][info ][safepoint   ] Safepoint "Cleanup", Time since last: 23385534087 ns, Reaching safepoint: 15822 ns, Cleanup: 14908 ns, At safepoint: 21429 ns, Total: 52159 ns
[2025-05-22T16:08:49.931+0000][71][info ][safepoint   ] Safepoint "Cleanup", Time since last: 34154575645 ns, Reaching safepoint: 99123 ns, Cleanup: 14555 ns, At safepoint: 40589 ns, Total: 154267 ns
[2025-05-22T16:09:51.933+0000][71][info ][safepoint   ] Safepoint "Cleanup", Time since last: 62008315955 ns, Reaching safepoint: 19078 ns, Cleanup: 17339 ns, At safepoint: 15604 ns, Total: 52021 ns
[2025-05-22T16:10:38.972+0000][71][info ][safepoint   ] Safepoint "Cleanup", Time since last: 47045333262 ns, Reaching safepoint: 42549 ns, Cleanup: 13433 ns, At safepoint: 7982 ns, Total: 63964 ns
[2025-05-22T16:11:30.787+0000][71][info ][gc,start    ] GC(27) Pause Young (Concurrent Start) (G1 Evacuation Pause)
[2025-05-22T16:11:30.794+0000][71][info ][gc,task     ] GC(27) Using 10 workers of 10 for evacuation
[2025-05-22T16:11:30.795+0000][71][debug][gc,age      ] GC(27) Desired survivor size 153092096 bytes, new threshold 15 (max threshold 15)
[2025-05-22T16:11:30.975+0000][71][info ][gc,phases   ] GC(27)   Pre Evacuate Collection Set: 15.76ms
[2025-05-22T16:11:30.976+0000][71][info ][gc,phases   ] GC(27)   Merge Heap Roots: 1.86ms
[2025-05-22T16:11:30.976+0000][71][info ][gc,phases   ] GC(27)   Evacuate Collection Set: 143.62ms
[2025-05-22T16:11:30.977+0000][71][info ][gc,phases   ] GC(27)   Post Evacuate Collection Set: 13.00ms
[2025-05-22T16:11:30.977+0000][71][info ][gc,phases   ] GC(27)   Other: 10.86ms
[2025-05-22T16:11:30.978+0000][71][trace][gc,age      ] GC(27) Age table with threshold 15 (max threshold 15)
[2025-05-22T16:11:30.978+0000][71][trace][gc,age      ] GC(27) - age   1:    2618016 bytes,    2618016 total
[2025-05-22T16:11:30.978+0000][71][trace][gc,age      ] GC(27) - age   2:     214392 bytes,    2832408 total
[2025-05-22T16:11:30.979+0000][71][trace][gc,age      ] GC(27) - age   3:      84160 bytes,    2916568 total
[2025-05-22T16:11:30.979+0000][71][trace][gc,age      ] GC(27) - age   4:     129616 bytes,    3046184 total
[2025-05-22T16:11:30.980+0000][71][trace][gc,age      ] GC(27) - age   5:     167904 bytes,    3214088 total
[2025-05-22T16:11:30.980+0000][71][trace][gc,age      ] GC(27) - age   6:     328608 bytes,    3542696 total
[2025-05-22T16:11:30.981+0000][71][trace][gc,age      ] GC(27) - age   7:     105288 bytes,    3647984 total
[2025-05-22T16:11:30.981+0000][71][trace][gc,age      ] GC(27) - age   8:      61616 bytes,    3709600 total
[2025-05-22T16:11:30.981+0000][71][trace][gc,age      ] GC(27) - age   9:     117352 bytes,    3826952 total
[2025-05-22T16:11:30.982+0000][71][trace][gc,age      ] GC(27) - age  10:      63224 bytes,    3890176 total
[2025-05-22T16:11:30.982+0000][71][trace][gc,age      ] GC(27) - age  11:    2181240 bytes,    6071416 total
[2025-05-22T16:11:30.983+0000][71][trace][gc,age      ] GC(27) - age  12:    1352632 bytes,    7424048 total
[2025-05-22T16:11:30.983+0000][71][trace][gc,age      ] GC(27) - age  13:     664848 bytes,    8088896 total
[2025-05-22T16:11:30.984+0000][71][info ][gc,heap     ] GC(27) Eden regions: 580->0(579)
[2025-05-22T16:11:30.984+0000][71][info ][gc,heap     ] GC(27) Survivor regions: 2->3(73)
[2025-05-22T16:11:30.984+0000][71][info ][gc,heap     ] GC(27) Old regions: 26->26
[2025-05-22T16:11:30.985+0000][71][info ][gc,heap     ] GC(27) Humongous regions: 0->0
[2025-05-22T16:11:30.985+0000][71][info ][gc,metaspace] GC(27) Metaspace: 146698K(151616K)->146698K(151616K) NonClass: 127149K(129664K)->127149K(129664K) Class: 19549K(21952K)->19549K(21952K)
[2025-05-22T16:11:30.986+0000][71][info ][gc          ] GC(27) Pause Young (Concurrent Start) (G1 Evacuation Pause) 2430M->111M(3880M) 200.033ms
[2025-05-22T16:11:30.987+0000][71][info ][gc,cpu      ] GC(27) User=1.07s Sys=0.00s Real=0.20s
[2025-05-22T16:11:30.988+0000][71][info ][safepoint   ] Safepoint "G1CollectForAllocation", Time since last: 51817314132 ns, Reaching safepoint: 79899 ns, Cleanup: 5023 ns, At safepoint: 204609128 ns, Total: 204694050 ns
[2025-05-22T16:11:30.989+0000][71][info ][gc          ] GC(28) Concurrent Mark Cycle
[2025-05-22T16:11:30.990+0000][71][info ][gc,marking  ] GC(28) Concurrent Scan Root Regions
[2025-05-22T16:11:31.051+0000][71][info ][gc,marking  ] GC(28) Concurrent Scan Root Regions 60.998ms
[2025-05-22T16:11:31.052+0000][71][info ][gc,marking  ] GC(28) Concurrent Mark
[2025-05-22T16:11:31.052+0000][71][info ][gc,marking  ] GC(28) Concurrent Mark From Roots
[2025-05-22T16:11:31.053+0000][71][info ][gc,task     ] GC(28) Using 3 workers of 3 for marking
[2025-05-22T16:11:31.250+0000][71][info ][gc,marking  ] GC(28) Concurrent Mark From Roots 198.059ms
[2025-05-22T16:11:31.251+0000][71][info ][gc,marking  ] GC(28) Concurrent Preclean
[2025-05-22T16:11:31.252+0000][71][info ][gc,marking  ] GC(28) Concurrent Preclean 1.136ms
[2025-05-22T16:11:31.252+0000][71][info ][gc,start    ] GC(28) Pause Remark
[2025-05-22T16:11:31.475+0000][71][info ][gc,mmu      ] GC(28) MMU target violated: 201.0ms (200.0ms/201.0ms)
[2025-05-22T16:11:31.475+0000][71][info ][gc          ] GC(28) Pause Remark 125M->125M(3880M) 222.831ms
[2025-05-22T16:11:31.476+0000][71][info ][gc,cpu      ] GC(28) User=1.45s Sys=0.00s Real=0.23s
[2025-05-22T16:11:31.476+0000][71][info ][safepoint   ] Safepoint "G1PauseRemark", Time since last: 264415361 ns, Reaching safepoint: 18410 ns, Cleanup: 4931 ns, At safepoint: 223837993 ns, Total: 223861334 ns
[2025-05-22T16:11:31.477+0000][71][info ][gc,marking  ] GC(28) Concurrent Mark 425.209ms
[2025-05-22T16:11:31.477+0000][71][info ][gc,marking  ] GC(28) Concurrent Rebuild Remembered Sets and Scrub Regions
[2025-05-22T16:11:31.521+0000][71][info ][gc,marking  ] GC(28) Concurrent Rebuild Remembered Sets and Scrub Regions 43.674ms
[2025-05-22T16:11:31.522+0000][71][info ][gc,start    ] GC(28) Pause Cleanup
[2025-05-22T16:11:31.522+0000][71][info ][gc          ] GC(28) Pause Cleanup 125M->125M(3880M) 0.620ms
[2025-05-22T16:11:31.523+0000][71][info ][gc,cpu      ] GC(28) User=0.00s Sys=0.00s Real=0.00s
[2025-05-22T16:11:31.523+0000][71][info ][safepoint   ] Safepoint "G1PauseCleanup", Time since last: 45255473 ns, Reaching safepoint: 16272 ns, Cleanup: 203707 ns, At safepoint: 1535137 ns, Total: 1755116 ns
[2025-05-22T16:11:31.524+0000][71][info ][gc,marking  ] GC(28) Concurrent Clear Claimed Marks
[2025-05-22T16:11:31.524+0000][71][info ][gc,marking  ] GC(28) Concurrent Clear Claimed Marks 0.706ms
[2025-05-22T16:11:31.525+0000][71][info ][gc,marking  ] GC(28) Concurrent Cleanup for Next Mark
[2025-05-22T16:11:31.587+0000][71][info ][gc,marking  ] GC(28) Concurrent Cleanup for Next Mark 62.168ms
[2025-05-22T16:11:31.588+0000][71][info ][gc          ] GC(28) Concurrent Mark Cycle 598.712ms
[2025-05-22T16:16:09.822+0000][71][info ][safepoint   ] Safepoint "Cleanup", Time since last: 278326574522 ns, Reaching safepoint: 13698 ns, Cleanup: 10017 ns, At safepoint: 19990 ns, Total: 43705 ns
[2025-05-22T16:17:13.374+0000][71][info ][safepoint   ] Safepoint "Cleanup", Time since last: 63558496065 ns, Reaching safepoint: 23487 ns, Cleanup: 13042 ns, At safepoint: 85931 ns, Total: 122460 ns
[2025-05-22T16:18:19.435+0000][71][info ][safepoint   ] Safepoint "Cleanup", Time since last: 66067976495 ns, Reaching safepoint: 31189 ns, Cleanup: 18021 ns, At safepoint: 17199 ns, Total: 66409 ns
[2025-05-22T16:23:12.910+0000][71][info ][safepoint   ] Safepoint "Cleanup", Time since last: 293502868577 ns, Reaching safepoint: 82909 ns, Cleanup: 16680 ns, At safepoint: 12829 ns, Total: 112418 ns
[2025-05-22T16:25:33.983+0000][71][info ][safepoint   ] Safepoint "Cleanup", Time since last: 141088670384 ns, Reaching safepoint: 193735 ns, Cleanup: 34503 ns, At safepoint: 25154 ns, Total: 253392 ns
[2025-05-22T16:27:33.101+0000][71][info ][safepoint   ] Safepoint "Cleanup", Time since last: 119128815720 ns, Reaching safepoint: 62982 ns, Cleanup: 14497 ns, At safepoint: 8270 ns, Total: 85749 ns
[2025-05-22T16:29:52.259+0000][71][info ][safepoint   ] Safepoint "Cleanup", Time since last: 139169447589 ns, Reaching safepoint: 33603 ns, Cleanup: 122214 ns, At safepoint: 36877 ns, Total: 192694 ns
[2025-05-22T16:29:54.206+0000][71][info ][safepoint   ] Safepoint "Cleanup", Time since last: 1946357955 ns, Reaching safepoint: 33291 ns, Cleanup: 19899 ns, At safepoint: 19095 ns, Total: 72285 ns
[2025-05-22T16:31:01.310+0000][71][info ][safepoint   ] Safepoint "Cleanup", Time since last: 67113946013 ns, Reaching safepoint: 45368 ns, Cleanup: 19498 ns, At safepoint: 24045 ns, Total: 88911 ns
[2025-05-22T16:31:26.063+0000][71][info ][safepoint   ] Safepoint "Cleanup", Time since last: 24755568262 ns, Reaching safepoint: 62122 ns, Cleanup: 84894 ns, At safepoint: 23598 ns, Total: 170614 ns
[2025-05-22T16:31:39.066+0000][71][info ][safepoint   ] Safepoint "Cleanup", Time since last: 13002274619 ns, Reaching safepoint: 112888 ns, Cleanup: 19179 ns, At safepoint: 13072 ns, Total: 145139 ns
[2025-05-22T16:33:03.454+0000][71][info ][safepoint   ] Safepoint "Cleanup", Time since last: 84397307150 ns, Reaching safepoint: 25222 ns, Cleanup: 22783 ns, At safepoint: 13061 ns, Total: 61066 ns
[2025-05-22T16:34:43.522+0000][71][info ][safepoint   ] Safepoint "Cleanup", Time since last: 100076082169 ns, Reaching safepoint: 44572 ns, Cleanup: 15009 ns, At safepoint: 8577 ns, Total: 68158 ns
[2025-05-22T16:34:53.406+0000][71][info ][safepoint   ] Safepoint "Cleanup", Time since last: 9884222004 ns, Reaching safepoint: 14614 ns, Cleanup: 12635 ns, At safepoint: 14292 ns, Total: 41541 ns
[2025-05-22T16:36:23.438+0000][71][info ][safepoint   ] Safepoint "Cleanup", Time since last: 90040727110 ns, Reaching safepoint: 24887 ns, Cleanup: 14439 ns, At safepoint: 11693 ns, Total: 51019 ns
[2025-05-22T16:37:10.680+0000][71][info ][safepoint   ] Safepoint "Cleanup", Time since last: 47248100365 ns, Reaching safepoint: 12437 ns, Cleanup: 12081 ns, At safepoint: 5244 ns, Total: 29762 ns
[2025-05-22T16:41:06.877+0000][71][info ][safepoint   ] Safepoint "Cleanup", Time since last: 236218566469 ns, Reaching safepoint: 52552 ns, Cleanup: 14260 ns, At safepoint: 25497 ns, Total: 92309 ns
[2025-05-22T16:41:16.629+0000][71][info ][safepoint   ] Safepoint "Cleanup", Time since last: 9751893372 ns, Reaching safepoint: 24745 ns, Cleanup: 15579 ns, At safepoint: 11813 ns, Total: 52137 ns
[2025-05-22T16:41:21.758+0000][71][info ][safepoint   ] Safepoint "Cleanup", Time since last: 5128585815 ns, Reaching safepoint: 6093 ns, Cleanup: 9260 ns, At safepoint: 13922 ns, Total: 29275 ns
[2025-05-22T16:48:53.343+0000][71][info ][safepoint   ] Safepoint "Cleanup", Time since last: 451624171002 ns, Reaching safepoint: 29471 ns, Cleanup: 75219 ns, At safepoint: 18079 ns, Total: 122769 ns
[2025-05-22T16:51:13.439+0000][71][info ][safepoint   ] Safepoint "Cleanup", Time since last: 140109058939 ns, Reaching safepoint: 18647 ns, Cleanup: 12153 ns, At safepoint: 21375 ns, Total: 52175 ns
[2025-05-22T16:51:52.583+0000][71][info ][safepoint   ] Safepoint "Cleanup", Time since last: 39147454961 ns, Reaching safepoint: 18297 ns, Cleanup: 13920 ns, At safepoint: 4775 ns, Total: 36992 ns
[2025-05-22T16:52:11.859+0000][71][info ][safepoint   ] Safepoint "Cleanup", Time since last: 19278146545 ns, Reaching safepoint: 70702 ns, Cleanup: 20233 ns, At safepoint: 12345 ns, Total: 103280 ns
[2025-05-22T16:55:00.722+0000][71][info ][safepoint   ] Safepoint "Cleanup", Time since last: 168878374332 ns, Reaching safepoint: 115237 ns, Cleanup: 13333 ns, At safepoint: 44094 ns, Total: 172664 ns
[2025-05-22T16:55:01.734+0000][71][info ][safepoint   ] Safepoint "Cleanup", Time since last: 1012325440 ns, Reaching safepoint: 15348 ns, Cleanup: 11631 ns, At safepoint: 6091 ns, Total: 33070 ns
[2025-05-22T16:56:12.896+0000][71][info ][safepoint   ] Safepoint "Cleanup", Time since last: 71166928230 ns, Reaching safepoint: 34266 ns, Cleanup: 16001 ns, At safepoint: 11512 ns, Total: 61779 ns
[2025-05-22T16:56:15.791+0000][71][info ][safepoint   ] Safepoint "Cleanup", Time since last: 2894390853 ns, Reaching safepoint: 378914 ns, Cleanup: 17130 ns, At safepoint: 58538 ns, Total: 454582 ns
[2025-05-22T16:56:38.972+0000][71][info ][safepoint   ] Safepoint "Cleanup", Time since last: 23182877564 ns, Reaching safepoint: 81043 ns, Cleanup: 114114 ns, At safepoint: 26809 ns, Total: 221966 ns
[2025-05-22T16:56:42.973+0000][71][info ][safepoint   ] Safepoint "Cleanup", Time since last: 4001466875 ns, Reaching safepoint: 26817 ns, Cleanup: 16546 ns, At safepoint: 12090 ns, Total: 55453 ns
[2025-05-22T16:56:58.116+0000][71][info ][safepoint   ] Safepoint "Cleanup", Time since last: 15145117596 ns, Reaching safepoint: 62610 ns, Cleanup: 20725 ns, At safepoint: 19987 ns, Total: 103322 ns
[2025-05-22T16:57:11.011+0000][71][info ][safepoint   ] Safepoint "Cleanup", Time since last: 12895177759 ns, Reaching safepoint: 28171 ns, Cleanup: 17987 ns, At safepoint: 12756 ns, Total: 58914 ns
[2025-05-22T16:57:12.012+0000][71][info ][safepoint   ] Safepoint "Cleanup", Time since last: 1000750682 ns, Reaching safepoint: 25524 ns, Cleanup: 15108 ns, At safepoint: 11916 ns, Total: 52548 ns
[2025-05-22T16:57:31.013+0000][71][info ][safepoint   ] Safepoint "Cleanup", Time since last: 19003290433 ns, Reaching safepoint: 135778 ns, Cleanup: 19673 ns, At safepoint: 19070 ns, Total: 174521 ns
[2025-05-22T16:58:10.027+0000][71][info ][safepoint   ] Safepoint "Cleanup", Time since last: 39016351747 ns, Reaching safepoint: 15372 ns, Cleanup: 10917 ns, At safepoint: 18861 ns, Total: 45150 ns
[2025-05-22T16:59:12.710+0000][71][info ][safepoint   ] Safepoint "Cleanup", Time since last: 62688395592 ns, Reaching safepoint: 7260 ns, Cleanup: 8950 ns, At safepoint: 3342 ns, Total: 19552 ns
[2025-05-22T17:00:57.688+0000][71][info ][gc,start    ] GC(29) Pause Young (Prepare Mixed) (G1 Evacuation Pause)
[2025-05-22T17:00:57.690+0000][71][info ][gc,task     ] GC(29) Using 10 workers of 10 for evacuation
[2025-05-22T17:00:57.691+0000][71][debug][gc,age      ] GC(29) Desired survivor size 153092096 bytes, new threshold 15 (max threshold 15)
[2025-05-22T17:00:57.792+0000][71][info ][gc,phases   ] GC(29)   Pre Evacuate Collection Set: 5.87ms
[2025-05-22T17:00:57.792+0000][71][info ][gc,phases   ] GC(29)   Merge Heap Roots: 1.91ms
[2025-05-22T17:00:57.793+0000][71][info ][gc,phases   ] GC(29)   Evacuate Collection Set: 80.70ms
[2025-05-22T17:00:57.793+0000][71][info ][gc,phases   ] GC(29)   Post Evacuate Collection Set: 11.53ms
[2025-05-22T17:00:57.793+0000][71][info ][gc,phases   ] GC(29)   Other: 2.28ms
[2025-05-22T17:00:57.794+0000][71][trace][gc,age      ] GC(29) Age table with threshold 15 (max threshold 15)
[2025-05-22T17:00:57.794+0000][71][trace][gc,age      ] GC(29) - age   1:     927904 bytes,     927904 total
[2025-05-22T17:00:57.795+0000][71][trace][gc,age      ] GC(29) - age   2:    1449680 bytes,    2377584 total
[2025-05-22T17:00:57.795+0000][71][trace][gc,age      ] GC(29) - age   3:     131688 bytes,    2509272 total
[2025-05-22T17:00:57.795+0000][71][trace][gc,age      ] GC(29) - age   4:      83800 bytes,    2593072 total
[2025-05-22T17:00:57.796+0000][71][trace][gc,age      ] GC(29) - age   5:     129616 bytes,    2722688 total
[2025-05-22T17:00:57.796+0000][71][trace][gc,age      ] GC(29) - age   6:     167640 bytes,    2890328 total
[2025-05-22T17:00:57.797+0000][71][trace][gc,age      ] GC(29) - age   7:     328440 bytes,    3218768 total
[2025-05-22T17:00:57.797+0000][71][trace][gc,age      ] GC(29) - age   8:     105128 bytes,    3323896 total
[2025-05-22T17:00:57.798+0000][71][trace][gc,age      ] GC(29) - age   9:      61616 bytes,    3385512 total
[2025-05-22T17:00:57.800+0000][71][trace][gc,age      ] GC(29) - age  10:     117352 bytes,    3502864 total
[2025-05-22T17:00:57.801+0000][71][trace][gc,age      ] GC(29) - age  11:      63224 bytes,    3566088 total
[2025-05-22T17:00:57.801+0000][71][trace][gc,age      ] GC(29) - age  12:    2180976 bytes,    5747064 total
[2025-05-22T17:00:57.802+0000][71][trace][gc,age      ] GC(29) - age  13:    1352576 bytes,    7099640 total
[2025-05-22T17:00:57.802+0000][71][trace][gc,age      ] GC(29) - age  14:     664696 bytes,    7764336 total
[2025-05-22T17:00:57.802+0000][71][info ][gc,heap     ] GC(29) Eden regions: 579->0(236)
[2025-05-22T17:00:57.802+0000][71][info ][gc,heap     ] GC(29) Survivor regions: 3->3(73)
[2025-05-22T17:00:57.803+0000][71][info ][gc,heap     ] GC(29) Old regions: 26->26
[2025-05-22T17:00:57.803+0000][71][info ][gc,heap     ] GC(29) Humongous regions: 0->0
[2025-05-22T17:00:57.803+0000][71][info ][gc,metaspace] GC(29) Metaspace: 146769K(151616K)->146769K(151616K) NonClass: 127219K(129664K)->127219K(129664K) Class: 19550K(21952K)->19550K(21952K)
[2025-05-22T17:00:57.804+0000][71][info ][gc          ] GC(29) Pause Young (Prepare Mixed) (G1 Evacuation Pause) 2427M->111M(3880M) 116.387ms
[2025-05-22T17:00:57.804+0000][71][info ][gc,cpu      ] GC(29) User=0.66s Sys=0.00s Real=0.11s
[2025-05-22T17:00:57.805+0000][71][info ][safepoint   ] Safepoint "G1CollectForAllocation", Time since last: 104986217938 ns, Reaching safepoint: 32920 ns, Cleanup: 7274 ns, At safepoint: 118923946 ns, Total: 118964140 ns
[2025-05-22T17:01:06.806+0000][71][info ][safepoint   ] Safepoint "Cleanup", Time since last: 9001476676 ns, Reaching safepoint: 18410 ns, Cleanup: 14745 ns, At safepoint: 9830 ns, Total: 42985 ns
[2025-05-22T17:01:07.807+0000][71][info ][safepoint   ] Safepoint "Cleanup", Time since last: 1000595831 ns, Reaching safepoint: 25767 ns, Cleanup: 14715 ns, At safepoint: 11087 ns, Total: 51569 ns
[2025-05-22T17:02:32.249+0000][71][info ][safepoint   ] Safepoint "Cleanup", Time since last: 84448292335 ns, Reaching safepoint: 27192 ns, Cleanup: 20388 ns, At safepoint: 12923 ns, Total: 60503 ns
[2025-05-22T17:03:05.276+0000][71][info ][safepoint   ] Safepoint "Cleanup", Time since last: 33029773897 ns, Reaching safepoint: 26777 ns, Cleanup: 18240 ns, At safepoint: 12543 ns, Total: 57560 ns
[2025-05-22T17:03:22.279+0000][71][info ][safepoint   ] Safepoint "Cleanup", Time since last: 17002777267 ns, Reaching safepoint: 63109 ns, Cleanup: 18138 ns, At safepoint: 11361 ns, Total: 92608 ns
[2025-05-22T17:07:36.739+0000][71][info ][safepoint   ] Safepoint "Cleanup", Time since last: 254482662913 ns, Reaching safepoint: 149016 ns, Cleanup: 15087 ns, At safepoint: 55633 ns, Total: 219736 ns
[2025-05-22T17:07:38.503+0000][71][info ][safepoint   ] Safepoint "Cleanup", Time since last: 1763491631 ns, Reaching safepoint: 28582 ns, Cleanup: 17243 ns, At safepoint: 12096 ns, Total: 57921 ns
[2025-05-22T17:07:46.509+0000][71][info ][safepoint   ] Safepoint "Cleanup", Time since last: 8006739631 ns, Reaching safepoint: 19207 ns, Cleanup: 15021 ns, At safepoint: 5720 ns, Total: 39948 ns
[2025-05-22T17:07:49.561+0000][71][info ][safepoint   ] Safepoint "Cleanup", Time since last: 3051850631 ns, Reaching safepoint: 7610 ns, Cleanup: 11176 ns, At safepoint: 3294 ns, Total: 22080 ns
[2025-05-22T17:07:54.715+0000][71][info ][safepoint   ] Safepoint "Cleanup", Time since last: 5156119227 ns, Reaching safepoint: 12324 ns, Cleanup: 12178 ns, At safepoint: 5546 ns, Total: 30048 ns
[2025-05-22T17:07:56.576+0000][71][info ][safepoint   ] Safepoint "Cleanup", Time since last: 1860471160 ns, Reaching safepoint: 21157 ns, Cleanup: 22383 ns, At safepoint: 10418 ns, Total: 53958 ns
[2025-05-22T17:08:33.950+0000][71][info ][safepoint   ] Safepoint "Cleanup", Time since last: 37376242752 ns, Reaching safepoint: 59222 ns, Cleanup: 16012 ns, At safepoint: 12564 ns, Total: 87798 ns
[2025-05-22T17:08:34.971+0000][71][info ][safepoint   ] Safepoint "Cleanup", Time since last: 1021298240 ns, Reaching safepoint: 25542 ns, Cleanup: 16918 ns, At safepoint: 12902 ns, Total: 55362 ns
[2025-05-22T17:10:46.719+0000][71][info ][safepoint   ] Safepoint "Cleanup", Time since last: 131757938477 ns, Reaching safepoint: 15838 ns, Cleanup: 55597 ns, At safepoint: 25400 ns, Total: 96835 ns
[2025-05-22T17:11:25.750+0000][71][info ][safepoint   ] Safepoint "Cleanup", Time since last: 39036188288 ns, Reaching safepoint: 7961 ns, Cleanup: 10287 ns, At safepoint: 3836 ns, Total: 22084 ns
[2025-05-22T17:12:12.528+0000][71][info ][safepoint   ] Safepoint "Cleanup", Time since last: 46780148756 ns, Reaching safepoint: 111182 ns, Cleanup: 16018 ns, At safepoint: 15638 ns, Total: 142838 ns
[2025-05-22T17:12:32.529+0000][71][info ][safepoint   ] Safepoint "Cleanup", Time since last: 20003748746 ns, Reaching safepoint: 18802 ns, Cleanup: 14618 ns, At safepoint: 9829 ns, Total: 43249 ns
[2025-05-22T17:12:51.859+0000][71][info ][safepoint   ] Safepoint "Cleanup", Time since last: 19329278630 ns, Reaching safepoint: 110215 ns, Cleanup: 10993 ns, At safepoint: 39199 ns, Total: 160407 ns
[2025-05-22T17:13:54.678+0000][71][info ][safepoint   ] Safepoint "Cleanup", Time since last: 62826262817 ns, Reaching safepoint: 15398 ns, Cleanup: 12975 ns, At safepoint: 21419 ns, Total: 49792 ns
[2025-05-22T17:14:57.695+0000][71][info ][safepoint   ] Safepoint "Cleanup", Time since last: 63021335430 ns, Reaching safepoint: 6754 ns, Cleanup: 9678 ns, At safepoint: 3586 ns, Total: 20018 ns
[2025-05-22T17:15:38.962+0000][71][info ][safepoint   ] Safepoint "Cleanup", Time since last: 41269337811 ns, Reaching safepoint: 59891 ns, Cleanup: 17674 ns, At safepoint: 10072 ns, Total: 87637 ns
[2025-05-22T17:16:46.156+0000][71][info ][safepoint   ] Safepoint "Cleanup", Time since last: 67199522687 ns, Reaching safepoint: 27698 ns, Cleanup: 17412 ns, At safepoint: 14437 ns, Total: 59547 ns
[2025-05-22T17:23:51.698+0000][71][info ][safepoint   ] Safepoint "Cleanup", Time since last: 425575290929 ns, Reaching safepoint: 431857 ns, Cleanup: 16405 ns, At safepoint: 92125 ns, Total: 540387 ns
[2025-05-22T17:24:38.387+0000][71][info ][safepoint   ] Safepoint "Cleanup", Time since last: 46693353516 ns, Reaching safepoint: 28470 ns, Cleanup: 20374 ns, At safepoint: 13629 ns, Total: 62473 ns
[2025-05-22T17:26:46.402+0000][71][info ][safepoint   ] Safepoint "Cleanup", Time since last: 128023718060 ns, Reaching safepoint: 33904 ns, Cleanup: 19319 ns, At safepoint: 18353 ns, Total: 71576 ns
[2025-05-22T17:27:34.580+0000][71][info ][safepoint   ] Safepoint "Cleanup", Time since last: 48182594668 ns, Reaching safepoint: 14203 ns, Cleanup: 17694 ns, At safepoint: 21528 ns, Total: 53425 ns
[2025-05-22T17:32:38.058+0000][71][info ][safepoint   ] Safepoint "Cleanup", Time since last: 303501200329 ns, Reaching safepoint: 81459 ns, Cleanup: 18078 ns, At safepoint: 11871 ns, Total: 111408 ns
[2025-05-22T17:32:48.711+0000][71][info ][safepoint   ] Safepoint "Cleanup", Time since last: 10652630229 ns, Reaching safepoint: 199384 ns, Cleanup: 12940 ns, At safepoint: 65752 ns, Total: 278076 ns
[2025-05-22T17:34:38.111+0000][71][info ][safepoint   ] Safepoint "Cleanup", Time since last: 109409227319 ns, Reaching safepoint: 60979 ns, Cleanup: 23566 ns, At safepoint: 13704 ns, Total: 98249 ns
[2025-05-22T17:35:13.136+0000][71][info ][safepoint   ] Safepoint "Cleanup", Time since last: 35027180498 ns, Reaching safepoint: 97820 ns, Cleanup: 20757 ns, At safepoint: 11854 ns, Total: 130431 ns
[2025-05-22T17:35:18.137+0000][71][info ][safepoint   ] Safepoint "Cleanup", Time since last: 5001250144 ns, Reaching safepoint: 55896 ns, Cleanup: 17965 ns, At safepoint: 14503 ns, Total: 88364 ns
[2025-05-22T17:36:44.967+0000][71][info ][safepoint   ] Safepoint "Cleanup", Time since last: 86836738814 ns, Reaching safepoint: 14261 ns, Cleanup: 12123 ns, At safepoint: 21507 ns, Total: 47891 ns
[2025-05-22T17:37:00.905+0000][71][info ][safepoint   ] Safepoint "Cleanup", Time since last: 15947477777 ns, Reaching safepoint: 102054 ns, Cleanup: 44192 ns, At safepoint: 76216 ns, Total: 222462 ns
[2025-05-22T17:38:03.642+0000][71][info ][safepoint   ] Safepoint "Cleanup", Time since last: 62742669593 ns, Reaching safepoint: 24303 ns, Cleanup: 15710 ns, At safepoint: 78708 ns, Total: 118721 ns
[2025-05-22T17:38:38.741+0000][71][info ][safepoint   ] Safepoint "Cleanup", Time since last: 35101001802 ns, Reaching safepoint: 132916 ns, Cleanup: 20562 ns, At safepoint: 36453 ns, Total: 189931 ns
[2025-05-22T17:38:54.650+0000][71][info ][safepoint   ] Safepoint "Cleanup", Time since last: 15910238988 ns, Reaching safepoint: 49265 ns, Cleanup: 9469 ns, At safepoint: 4012 ns, Total: 62746 ns
[2025-05-22T17:39:03.237+0000][71][info ][safepoint   ] Safepoint "Cleanup", Time since last: 8586424329 ns, Reaching safepoint: 33189 ns, Cleanup: 19592 ns, At safepoint: 19308 ns, Total: 72089 ns
[2025-05-22T17:39:06.647+0000][71][info ][safepoint   ] Safepoint "Cleanup", Time since last: 3409849618 ns, Reaching safepoint: 89199 ns, Cleanup: 11249 ns, At safepoint: 29001 ns, Total: 129449 ns
[2025-05-22T17:42:17.263+0000][71][info ][safepoint   ] Safepoint "Cleanup", Time since last: 190627041162 ns, Reaching safepoint: 36311 ns, Cleanup: 18704 ns, At safepoint: 13897 ns, Total: 68912 ns
[2025-05-22T17:45:24.640+0000][71][info ][safepoint   ] Safepoint "Cleanup", Time since last: 187390744702 ns, Reaching safepoint: 113764 ns, Cleanup: 14268 ns, At safepoint: 47540 ns, Total: 175572 ns
[2025-05-22T17:45:53.371+0000][71][info ][safepoint   ] Safepoint "Cleanup", Time since last: 28730913703 ns, Reaching safepoint: 60184 ns, Cleanup: 17561 ns, At safepoint: 12655 ns, Total: 90400 ns
[2025-05-22T17:46:01.436+0000][71][info ][safepoint   ] Safepoint "Cleanup", Time since last: 8067229187 ns, Reaching safepoint: 25163 ns, Cleanup: 15556 ns, At safepoint: 11495 ns, Total: 52214 ns
[2025-05-22T17:47:12.465+0000][71][info ][safepoint   ] Safepoint "Cleanup", Time since last: 71032764952 ns, Reaching safepoint: 23792 ns, Cleanup: 14527 ns, At safepoint: 10513 ns, Total: 48832 ns
[2025-05-22T17:48:34.473+0000][71][info ][safepoint   ] Safepoint "Cleanup", Time since last: 82013989885 ns, Reaching safepoint: 19148 ns, Cleanup: 11542 ns, At safepoint: 18965 ns, Total: 49655 ns
[2025-05-22T17:49:04.519+0000][71][info ][safepoint   ] Safepoint "Cleanup", Time since last: 30047653753 ns, Reaching safepoint: 55890 ns, Cleanup: 15104 ns, At safepoint: 13157 ns, Total: 84151 ns
[2025-05-22T17:49:09.622+0000][71][info ][gc,start    ] GC(30) Pause Young (Mixed) (G1 Evacuation Pause)
[2025-05-22T17:49:09.624+0000][71][info ][gc,task     ] GC(30) Using 10 workers of 10 for evacuation
[2025-05-22T17:49:09.625+0000][71][debug][gc,age      ] GC(30) Desired survivor size 153092096 bytes, new threshold 15 (max threshold 15)
[2025-05-22T17:49:09.679+0000][71][info ][gc,phases   ] GC(30)   Pre Evacuate Collection Set: 4.28ms
[2025-05-22T17:49:09.679+0000][71][info ][gc,phases   ] GC(30)   Merge Heap Roots: 1.18ms
[2025-05-22T17:49:09.680+0000][71][info ][gc,phases   ] GC(30)   Evacuate Collection Set: 43.80ms
[2025-05-22T17:49:09.681+0000][71][info ][gc,phases   ] GC(30)   Post Evacuate Collection Set: 3.09ms
[2025-05-22T17:49:09.682+0000][71][info ][gc,phases   ] GC(30)   Other: 2.59ms
[2025-05-22T17:49:09.683+0000][71][trace][gc,age      ] GC(30) Age table with threshold 15 (max threshold 15)
[2025-05-22T17:49:09.684+0000][71][trace][gc,age      ] GC(30) - age   1:    1545424 bytes,    1545424 total
[2025-05-22T17:49:09.685+0000][71][trace][gc,age      ] GC(30) - age   2:     119720 bytes,    1665144 total
[2025-05-22T17:49:09.686+0000][71][trace][gc,age      ] GC(30) - age   3:    1276616 bytes,    2941760 total
[2025-05-22T17:49:09.686+0000][71][trace][gc,age      ] GC(30) - age   4:     131144 bytes,    3072904 total
[2025-05-22T17:49:09.687+0000][71][trace][gc,age      ] GC(30) - age   5:      83744 bytes,    3156648 total
[2025-05-22T17:49:09.687+0000][71][trace][gc,age      ] GC(30) - age   6:     129144 bytes,    3285792 total
[2025-05-22T17:49:09.688+0000][71][trace][gc,age      ] GC(30) - age   7:     167504 bytes,    3453296 total
[2025-05-22T17:49:09.689+0000][71][trace][gc,age      ] GC(30) - age   8:     328112 bytes,    3781408 total
[2025-05-22T17:49:09.689+0000][71][trace][gc,age      ] GC(30) - age   9:     104992 bytes,    3886400 total
[2025-05-22T17:49:09.689+0000][71][trace][gc,age      ] GC(30) - age  10:      60096 bytes,    3946496 total
[2025-05-22T17:49:09.690+0000][71][trace][gc,age      ] GC(30) - age  11:     117352 bytes,    4063848 total
[2025-05-22T17:49:09.690+0000][71][trace][gc,age      ] GC(30) - age  12:      63224 bytes,    4127072 total
[2025-05-22T17:49:09.690+0000][71][trace][gc,age      ] GC(30) - age  13:    2180672 bytes,    6307744 total
[2025-05-22T17:49:09.691+0000][71][trace][gc,age      ] GC(30) - age  14:    1352320 bytes,    7660064 total
[2025-05-22T17:49:09.691+0000][71][trace][gc,age      ] GC(30) - age  15:     664696 bytes,    8324760 total
[2025-05-22T17:49:09.691+0000][71][info ][gc,heap     ] GC(30) Eden regions: 579->0(579)
[2025-05-22T17:49:09.691+0000][71][info ][gc,heap     ] GC(30) Survivor regions: 3->3(73)
[2025-05-22T17:49:09.692+0000][71][info ][gc,heap     ] GC(30) Old regions: 26->26
[2025-05-22T17:49:09.692+0000][71][info ][gc,heap     ] GC(30) Humongous regions: 0->0
[2025-05-22T17:49:09.692+0000][71][info ][gc,metaspace] GC(30) Metaspace: 146833K(151616K)->146833K(151616K) NonClass: 127283K(129664K)->127283K(129664K) Class: 19550K(21952K)->19550K(21952K)
[2025-05-22T17:49:09.693+0000][71][info ][gc          ] GC(30) Pause Young (Mixed) (G1 Evacuation Pause) 2427M->110M(3880M) 70.541ms
[2025-05-22T17:49:09.693+0000][71][info ][gc,cpu      ] GC(30) User=0.44s Sys=0.00s Real=0.07s
[2025-05-22T17:49:09.694+0000][71][info ][safepoint   ] Safepoint "G1CollectForAllocation", Time since last: 5103318841 ns, Reaching safepoint: 28488 ns, Cleanup: 6740 ns, At safepoint: 71498226 ns, Total: 71533454 ns
[2025-05-22T17:50:52.538+0000][71][info ][safepoint   ] Safepoint "Cleanup", Time since last: 102850335778 ns, Reaching safepoint: 126565 ns, Cleanup: 17946 ns, At safepoint: 18227 ns, Total: 162738 ns
[2025-05-22T17:51:43.549+0000][71][info ][safepoint   ] Safepoint "Cleanup", Time since last: 51014873126 ns, Reaching safepoint: 6567 ns, Cleanup: 8780 ns, At safepoint: 3105 ns, Total: 18452 ns
[2025-05-22T17:52:21.054+0000][71][info ][safepoint   ] Safepoint "Cleanup", Time since last: 37507763265 ns, Reaching safepoint: 26880 ns, Cleanup: 20077 ns, At safepoint: 11422 ns, Total: 58379 ns
[2025-05-22T17:56:32.719+0000][71][info ][safepoint   ] Safepoint "Cleanup", Time since last: 251682018943 ns, Reaching safepoint: 61052 ns, Cleanup: 16430 ns, At safepoint: 10979 ns, Total: 88461 ns
[2025-05-22T17:57:14.853+0000][71][info ][safepoint   ] Safepoint "Cleanup", Time since last: 42136191507 ns, Reaching safepoint: 105995 ns, Cleanup: 23853 ns, At safepoint: 44375 ns, Total: 174223 ns
[2025-05-22T17:59:03.851+0000][71][info ][safepoint   ] Safepoint "Cleanup", Time since last: 109006574756 ns, Reaching safepoint: 12733 ns, Cleanup: 10763 ns, At safepoint: 17418 ns, Total: 40914 ns
[2025-05-22T17:59:27.865+0000][71][info ][safepoint   ] Safepoint "Cleanup", Time since last: 24016980634 ns, Reaching safepoint: 80756 ns, Cleanup: 19705 ns, At safepoint: 17928 ns, Total: 118389 ns
[2025-05-22T18:01:09.636+0000][71][info ][safepoint   ] Safepoint "Cleanup", Time since last: 101776501212 ns, Reaching safepoint: 14257 ns, Cleanup: 11950 ns, At safepoint: 4899 ns, Total: 31106 ns
[2025-05-22T18:01:21.921+0000][71][info ][safepoint   ] Safepoint "Cleanup", Time since last: 12284326234 ns, Reaching safepoint: 47951 ns, Cleanup: 14610 ns, At safepoint: 10851 ns, Total: 73412 ns
[2025-05-22T18:02:12.965+0000][71][info ][safepoint   ] Safepoint "Cleanup", Time since last: 51047753045 ns, Reaching safepoint: 15266 ns, Cleanup: 12465 ns, At safepoint: 18616 ns, Total: 46347 ns
[2025-05-22T18:05:22.059+0000][71][info ][safepoint   ] Safepoint "Cleanup", Time since last: 189106919189 ns, Reaching safepoint: 6606 ns, Cleanup: 9221 ns, At safepoint: 3147 ns, Total: 18974 ns
[2025-05-22T18:07:00.125+0000][71][info ][safepoint   ] Safepoint "Cleanup", Time since last: 98074756989 ns, Reaching safepoint: 37851 ns, Cleanup: 23407 ns, At safepoint: 22697 ns, Total: 83955 ns
[2025-05-22T18:07:49.176+0000][71][info ][safepoint   ] Safepoint "Cleanup", Time since last: 49053237714 ns, Reaching safepoint: 6986 ns, Cleanup: 13319 ns, At safepoint: 15083 ns, Total: 35388 ns
[2025-05-22T18:07:50.194+0000][71][info ][safepoint   ] Safepoint "Cleanup", Time since last: 1018170981 ns, Reaching safepoint: 21576 ns, Cleanup: 16212 ns, At safepoint: 9202 ns, Total: 46990 ns
[2025-05-22T18:08:15.237+0000][71][info ][safepoint   ] Safepoint "Cleanup", Time since last: 25044335545 ns, Reaching safepoint: 25024 ns, Cleanup: 15976 ns, At safepoint: 12767 ns, Total: 53767 ns
[2025-05-22T18:08:17.391+0000][71][info ][safepoint   ] Safepoint "Cleanup", Time since last: 2154269183 ns, Reaching safepoint: 48640 ns, Cleanup: 15858 ns, At safepoint: 10303 ns, Total: 74801 ns
[2025-05-22T18:08:30.762+0000][71][info ][safepoint   ] Safepoint "Cleanup", Time since last: 13372828044 ns, Reaching safepoint: 17515 ns, Cleanup: 18213 ns, At safepoint: 21208 ns, Total: 56936 ns
[2025-05-22T18:08:35.398+0000][71][info ][safepoint   ] Safepoint "Cleanup", Time since last: 4635057200 ns, Reaching safepoint: 24343 ns, Cleanup: 16274 ns, At safepoint: 11179 ns, Total: 51796 ns
[2025-05-22T18:09:01.293+0000][71][info ][safepoint   ] Safepoint "Cleanup", Time since last: 25897559796 ns, Reaching safepoint: 6373 ns, Cleanup: 8330 ns, At safepoint: 3509 ns, Total: 18212 ns
[2025-05-22T18:12:12.479+0000][71][info ][safepoint   ] Safepoint "Cleanup", Time since last: 191199434409 ns, Reaching safepoint: 26821 ns, Cleanup: 20275 ns, At safepoint: 12996 ns, Total: 60092 ns
[2025-05-22T18:12:14.480+0000][71][info ][safepoint   ] Safepoint "Cleanup", Time since last: 2000787728 ns, Reaching safepoint: 25189 ns, Cleanup: 21742 ns, At safepoint: 12464 ns, Total: 59395 ns
[2025-05-22T18:13:38.192+0000][71][info ][safepoint   ] Safepoint "Cleanup", Time since last: 83718851519 ns, Reaching safepoint: 26280 ns, Cleanup: 18086 ns, At safepoint: 53571 ns, Total: 97937 ns
[2025-05-22T18:14:33.219+0000][71][info ][safepoint   ] Safepoint "Cleanup", Time since last: 55031205401 ns, Reaching safepoint: 60410 ns, Cleanup: 15298 ns, At safepoint: 12247 ns, Total: 87955 ns
[2025-05-22T18:14:49.570+0000][71][info ][safepoint   ] Safepoint "Cleanup", Time since last: 16350113834 ns, Reaching safepoint: 17341 ns, Cleanup: 13332 ns, At safepoint: 20548 ns, Total: 51221 ns
[2025-05-22T18:17:04.676+0000][71][info ][safepoint   ] Safepoint "Cleanup", Time since last: 135117603319 ns, Reaching safepoint: 15650 ns, Cleanup: 13278 ns, At safepoint: 5047 ns, Total: 33975 ns
[2025-05-22T18:17:11.719+0000][71][info ][safepoint   ] Safepoint "Cleanup", Time since last: 7042920125 ns, Reaching safepoint: 35218 ns, Cleanup: 20868 ns, At safepoint: 21381 ns, Total: 77467 ns
[2025-05-22T18:17:58.661+0000][71][info ][safepoint   ] Safepoint "Cleanup", Time since last: 46948180968 ns, Reaching safepoint: 18721 ns, Cleanup: 15852 ns, At safepoint: 9269 ns, Total: 43842 ns
[2025-05-22T18:21:36.879+0000][71][info ][safepoint   ] Safepoint "Cleanup", Time since last: 218231808037 ns, Reaching safepoint: 64803 ns, Cleanup: 19573 ns, At safepoint: 22737 ns, Total: 107113 ns
[2025-05-22T18:24:03.623+0000][71][info ][safepoint   ] Safepoint "Cleanup", Time since last: 146755629186 ns, Reaching safepoint: 7393 ns, Cleanup: 10876 ns, At safepoint: 3425 ns, Total: 21694 ns
[2025-05-22T18:24:05.016+0000][71][info ][safepoint   ] Safepoint "Cleanup", Time since last: 1393399074 ns, Reaching safepoint: 31019 ns, Cleanup: 20137 ns, At safepoint: 13208 ns, Total: 64364 ns
[2025-05-22T18:27:10.088+0000][71][info ][safepoint   ] Safepoint "Cleanup", Time since last: 185085011826 ns, Reaching safepoint: 14766 ns, Cleanup: 10651 ns, At safepoint: 17519 ns, Total: 42936 ns
[2025-05-22T18:27:13.094+0000][71][info ][safepoint   ] Safepoint "Cleanup", Time since last: 3005885914 ns, Reaching safepoint: 57566 ns, Cleanup: 17006 ns, At safepoint: 15572 ns, Total: 90144 ns
[2025-05-22T18:27:14.814+0000][71][info ][safepoint   ] Safepoint "Cleanup", Time since last: 1719553018 ns, Reaching safepoint: 6353 ns, Cleanup: 9176 ns, At safepoint: 3283 ns, Total: 18812 ns
[2025-05-22T18:29:31.168+0000][71][info ][safepoint   ] Safepoint "Cleanup", Time since last: 136365963804 ns, Reaching safepoint: 13167 ns, Cleanup: 13039 ns, At safepoint: 4837 ns, Total: 31043 ns
[2025-05-22T18:34:46.329+0000][71][info ][safepoint   ] Safepoint "Cleanup", Time since last: 315182941786 ns, Reaching safepoint: 20448 ns, Cleanup: 13779 ns, At safepoint: 6810 ns, Total: 41037 ns
[2025-05-22T18:37:15.600+0000][71][info ][gc,start    ] GC(31) Pause Young (Concurrent Start) (G1 Evacuation Pause)
[2025-05-22T18:37:15.600+0000][71][info ][gc,task     ] GC(31) Using 10 workers of 10 for evacuation
[2025-05-22T18:37:15.601+0000][71][debug][gc,age      ] GC(31) Desired survivor size 153092096 bytes, new threshold 15 (max threshold 15)
[2025-05-22T18:37:15.622+0000][71][info ][gc,phases   ] GC(31)   Pre Evacuate Collection Set: 1.12ms
[2025-05-22T18:37:15.623+0000][71][info ][gc,phases   ] GC(31)   Merge Heap Roots: 0.46ms
[2025-05-22T18:37:15.623+0000][71][info ][gc,phases   ] GC(31)   Evacuate Collection Set: 17.85ms
[2025-05-22T18:37:15.624+0000][71][info ][gc,phases   ] GC(31)   Post Evacuate Collection Set: 1.65ms
[2025-05-22T18:37:15.625+0000][71][info ][gc,phases   ] GC(31)   Other: 0.85ms
[2025-05-22T18:37:15.625+0000][71][trace][gc,age      ] GC(31) Age table with threshold 15 (max threshold 15)
[2025-05-22T18:37:15.626+0000][71][trace][gc,age      ] GC(31) - age   1:    1539944 bytes,    1539944 total
[2025-05-22T18:37:15.626+0000][71][trace][gc,age      ] GC(31) - age   2:     225272 bytes,    1765216 total
[2025-05-22T18:37:15.626+0000][71][trace][gc,age      ] GC(31) - age   3:     117056 bytes,    1882272 total
[2025-05-22T18:37:15.628+0000][71][trace][gc,age      ] GC(31) - age   4:    1275448 bytes,    3157720 total
[2025-05-22T18:37:15.628+0000][71][trace][gc,age      ] GC(31) - age   5:     131032 bytes,    3288752 total
[2025-05-22T18:37:15.628+0000][71][trace][gc,age      ] GC(31) - age   6:      83648 bytes,    3372400 total
[2025-05-22T18:37:15.628+0000][71][trace][gc,age      ] GC(31) - age   7:     129008 bytes,    3501408 total
[2025-05-22T18:37:15.629+0000][71][trace][gc,age      ] GC(31) - age   8:     167384 bytes,    3668792 total
[2025-05-22T18:37:15.629+0000][71][trace][gc,age      ] GC(31) - age   9:     327760 bytes,    3996552 total
[2025-05-22T18:37:15.629+0000][71][trace][gc,age      ] GC(31) - age  10:     104880 bytes,    4101432 total
[2025-05-22T18:37:15.629+0000][71][trace][gc,age      ] GC(31) - age  11:      59832 bytes,    4161264 total
[2025-05-22T18:37:15.630+0000][71][trace][gc,age      ] GC(31) - age  12:     117352 bytes,    4278616 total
[2025-05-22T18:37:15.630+0000][71][trace][gc,age      ] GC(31) - age  13:      63224 bytes,    4341840 total
[2025-05-22T18:37:15.630+0000][71][trace][gc,age      ] GC(31) - age  14:    2180672 bytes,    6522512 total
[2025-05-22T18:37:15.630+0000][71][trace][gc,age      ] GC(31) - age  15:    1352280 bytes,    7874792 total
[2025-05-22T18:37:15.631+0000][71][info ][gc,heap     ] GC(31) Eden regions: 579->0(579)
[2025-05-22T18:37:15.631+0000][71][info ][gc,heap     ] GC(31) Survivor regions: 3->3(73)
[2025-05-22T18:37:15.632+0000][71][info ][gc,heap     ] GC(31) Old regions: 26->26
[2025-05-22T18:37:15.632+0000][71][info ][gc,heap     ] GC(31) Humongous regions: 0->0
[2025-05-22T18:37:15.632+0000][71][info ][gc,metaspace] GC(31) Metaspace: 146921K(151616K)->146921K(151616K) NonClass: 127371K(129664K)->127371K(129664K) Class: 19550K(21952K)->19550K(21952K)
[2025-05-22T18:37:15.632+0000][71][info ][gc          ] GC(31) Pause Young (Concurrent Start) (G1 Evacuation Pause) 2426M->111M(3880M) 32.858ms
[2025-05-22T18:37:15.633+0000][71][info ][gc,cpu      ] GC(31) User=0.10s Sys=0.00s Real=0.04s
[2025-05-22T18:37:15.634+0000][71][info ][gc          ] GC(32) Concurrent Mark Cycle
[2025-05-22T18:37:15.634+0000][71][info ][safepoint   ] Safepoint "G1CollectForAllocation", Time since last: 149281300380 ns, Reaching safepoint: 23345 ns, Cleanup: 5744 ns, At safepoint: 34128987 ns, Total: 34158076 ns
[2025-05-22T18:37:15.634+0000][71][info ][gc,marking  ] GC(32) Concurrent Scan Root Regions
[2025-05-22T18:37:15.666+0000][71][info ][gc,marking  ] GC(32) Concurrent Scan Root Regions 32.100ms
[2025-05-22T18:37:15.667+0000][71][info ][gc,marking  ] GC(32) Concurrent Mark
[2025-05-22T18:37:15.667+0000][71][info ][gc,marking  ] GC(32) Concurrent Mark From Roots
[2025-05-22T18:37:15.668+0000][71][info ][gc,task     ] GC(32) Using 3 workers of 3 for marking
[2025-05-22T18:37:15.834+0000][71][info ][gc,marking  ] GC(32) Concurrent Mark From Roots 166.808ms
[2025-05-22T18:37:15.834+0000][71][info ][gc,marking  ] GC(32) Concurrent Preclean
[2025-05-22T18:37:15.835+0000][71][info ][gc,marking  ] GC(32) Concurrent Preclean 0.893ms
[2025-05-22T18:37:15.836+0000][71][info ][gc,start    ] GC(32) Pause Remark
[2025-05-22T18:37:15.923+0000][71][info ][gc          ] GC(32) Pause Remark 124M->124M(3880M) 87.079ms
[2025-05-22T18:37:15.923+0000][71][info ][gc,cpu      ] GC(32) User=0.77s Sys=0.00s Real=0.09s
[2025-05-22T18:37:15.924+0000][71][info ][safepoint   ] Safepoint "G1PauseRemark", Time since last: 202183783 ns, Reaching safepoint: 30136 ns, Cleanup: 6420 ns, At safepoint: 87971886 ns, Total: 88008442 ns
[2025-05-22T18:37:15.924+0000][71][info ][gc,marking  ] GC(32) Concurrent Mark 257.443ms
[2025-05-22T18:37:15.925+0000][71][info ][gc,marking  ] GC(32) Concurrent Rebuild Remembered Sets and Scrub Regions
[2025-05-22T18:37:15.962+0000][71][info ][gc,marking  ] GC(32) Concurrent Rebuild Remembered Sets and Scrub Regions 37.427ms
[2025-05-22T18:37:15.963+0000][71][info ][gc,start    ] GC(32) Pause Cleanup
[2025-05-22T18:37:15.964+0000][71][info ][gc          ] GC(32) Pause Cleanup 129M->129M(3880M) 1.024ms
[2025-05-22T18:37:15.966+0000][71][info ][gc,cpu      ] GC(32) User=0.00s Sys=0.00s Real=0.00s
[2025-05-22T18:37:15.967+0000][71][info ][safepoint   ] Safepoint "G1PauseCleanup", Time since last: 38799096 ns, Reaching safepoint: 26454 ns, Cleanup: 15131 ns, At safepoint: 4364227 ns, Total: 4405812 ns
[2025-05-22T18:37:15.968+0000][71][info ][gc,marking  ] GC(32) Concurrent Clear Claimed Marks
[2025-05-22T18:37:15.969+0000][71][info ][gc,marking  ] GC(32) Concurrent Clear Claimed Marks 0.703ms
[2025-05-22T18:37:15.969+0000][71][info ][gc,marking  ] GC(32) Concurrent Cleanup for Next Mark
[2025-05-22T18:37:16.082+0000][71][info ][gc,marking  ] GC(32) Concurrent Cleanup for Next Mark 112.673ms
[2025-05-22T18:37:16.083+0000][71][info ][gc          ] GC(32) Concurrent Mark Cycle 449.104ms
[2025-05-22T18:39:38.508+0000][71][info ][safepoint   ] Safepoint "Cleanup", Time since last: 142553071671 ns, Reaching safepoint: 72334 ns, Cleanup: 18957 ns, At safepoint: 11125 ns, Total: 102416 ns
[2025-05-22T18:42:07.568+0000][71][info ][safepoint   ] Safepoint "Cleanup", Time since last: 149072359570 ns, Reaching safepoint: 19643 ns, Cleanup: 22625 ns, At safepoint: 35270 ns, Total: 77538 ns
[2025-05-22T18:42:30.609+0000][71][info ][safepoint   ] Safepoint "Cleanup", Time since last: 23042975436 ns, Reaching safepoint: 62783 ns, Cleanup: 18174 ns, At safepoint: 12306 ns, Total: 93263 ns
[2025-05-22T18:42:38.610+0000][71][info ][safepoint   ] Safepoint "Cleanup", Time since last: 8001721479 ns, Reaching safepoint: 62183 ns, Cleanup: 18355 ns, At safepoint: 14424 ns, Total: 94962 ns
[2025-05-22T18:43:09.573+0000][71][info ][safepoint   ] Safepoint "Cleanup", Time since last: 30964087712 ns, Reaching safepoint: 10407 ns, Cleanup: 6657 ns, At safepoint: 55237 ns, Total: 72301 ns
[2025-05-22T18:46:18.707+0000][71][info ][safepoint   ] Safepoint "Cleanup", Time since last: 189148636109 ns, Reaching safepoint: 445359 ns, Cleanup: 18899 ns, At safepoint: 106135 ns, Total: 570393 ns
[2025-05-22T18:47:12.101+0000][71][info ][safepoint   ] Safepoint "Cleanup", Time since last: 53398617993 ns, Reaching safepoint: 18763 ns, Cleanup: 14236 ns, At safepoint: 33244 ns, Total: 66243 ns
[2025-05-22T18:47:21.738+0000][71][info ][safepoint   ] Safepoint "Cleanup", Time since last: 9636329288 ns, Reaching safepoint: 93093 ns, Cleanup: 11930 ns, At safepoint: 61354 ns, Total: 166377 ns
[2025-05-22T18:47:22.747+0000][71][info ][safepoint   ] Safepoint "Cleanup", Time since last: 1009463584 ns, Reaching safepoint: 25488 ns, Cleanup: 17446 ns, At safepoint: 9270 ns, Total: 52204 ns
[2025-05-22T18:47:27.756+0000][71][info ][safepoint   ] Safepoint "Cleanup", Time since last: 5011257766 ns, Reaching safepoint: 26443 ns, Cleanup: 15363 ns, At safepoint: 12628 ns, Total: 54434 ns
[2025-05-22T18:47:49.760+0000][71][info ][safepoint   ] Safepoint "Cleanup", Time since last: 22003409304 ns, Reaching safepoint: 52363 ns, Cleanup: 9891 ns, At safepoint: 31798 ns, Total: 94052 ns
[2025-05-22T18:49:37.806+0000][71][info ][safepoint   ] Safepoint "Cleanup", Time since last: 108055761476 ns, Reaching safepoint: 25729 ns, Cleanup: 19511 ns, At safepoint: 13607 ns, Total: 58847 ns
[2025-05-22T18:50:30.561+0000][71][info ][safepoint   ] Safepoint "Cleanup", Time since last: 52760579796 ns, Reaching safepoint: 6278 ns, Cleanup: 8492 ns, At safepoint: 2991 ns, Total: 17761 ns
[2025-05-22T18:52:31.906+0000][71][info ][safepoint   ] Safepoint "Cleanup", Time since last: 121353889881 ns, Reaching safepoint: 64041 ns, Cleanup: 19891 ns, At safepoint: 33739 ns, Total: 117671 ns
[2025-05-22T18:53:39.598+0000][71][info ][safepoint   ] Safepoint "Cleanup", Time since last: 67696896813 ns, Reaching safepoint: 33450 ns, Cleanup: 16235 ns, At safepoint: 123761 ns, Total: 173446 ns
[2025-05-22T18:55:46.000+0000][71][info ][safepoint   ] Safepoint "Cleanup", Time since last: 126411002460 ns, Reaching safepoint: 8565 ns, Cleanup: 11340 ns, At safepoint: 16724 ns, Total: 36629 ns
[2025-05-22T18:56:49.032+0000][71][info ][safepoint   ] Safepoint "Cleanup", Time since last: 63036278575 ns, Reaching safepoint: 6011 ns, Cleanup: 9319 ns, At safepoint: 12923 ns, Total: 28253 ns
[2025-05-22T18:57:27.587+0000][71][info ][safepoint   ] Safepoint "Cleanup", Time since last: 38560370362 ns, Reaching safepoint: 98888 ns, Cleanup: 11490 ns, At safepoint: 47123 ns, Total: 157501 ns
[2025-05-22T18:58:19.397+0000][71][info ][safepoint   ] Safepoint "Cleanup", Time since last: 51811655103 ns, Reaching safepoint: 25682 ns, Cleanup: 15085 ns, At safepoint: 11492 ns, Total: 52259 ns
[2025-05-22T19:01:53.174+0000][71][info ][safepoint   ] Safepoint "Cleanup", Time since last: 213793603530 ns, Reaching safepoint: 75862 ns, Cleanup: 17591 ns, At safepoint: 13136 ns, Total: 106589 ns
[2025-05-22T19:03:07.243+0000][71][info ][safepoint   ] Safepoint "Cleanup", Time since last: 74075880477 ns, Reaching safepoint: 16289 ns, Cleanup: 14821 ns, At safepoint: 28528 ns, Total: 59638 ns
[2025-05-22T19:05:13.316+0000][71][info ][safepoint   ] Safepoint "Cleanup", Time since last: 126081436034 ns, Reaching safepoint: 6593 ns, Cleanup: 8112 ns, At safepoint: 3125 ns, Total: 17830 ns
[2025-05-22T19:06:15.607+0000][71][info ][safepoint   ] Safepoint "Cleanup", Time since last: 62296122524 ns, Reaching safepoint: 7898 ns, Cleanup: 10574 ns, At safepoint: 4224 ns, Total: 22696 ns
[2025-05-22T19:07:51.658+0000][71][info ][safepoint   ] Safepoint "Cleanup", Time since last: 96057573868 ns, Reaching safepoint: 197411 ns, Cleanup: 17722 ns, At safepoint: 49963 ns, Total: 265096 ns
[2025-05-22T19:14:39.831+0000][71][info ][safepoint   ] Safepoint "Cleanup", Time since last: 408204698899 ns, Reaching safepoint: 154628 ns, Cleanup: 19260 ns, At safepoint: 143689 ns, Total: 317577 ns
[2025-05-22T19:16:37.892+0000][71][info ][safepoint   ] Safepoint "Cleanup", Time since last: 118069994572 ns, Reaching safepoint: 53128 ns, Cleanup: 16305 ns, At safepoint: 15262 ns, Total: 84695 ns
[2025-05-22T19:17:03.915+0000][71][info ][safepoint   ] Safepoint "Cleanup", Time since last: 26026086792 ns, Reaching safepoint: 26152 ns, Cleanup: 37981 ns, At safepoint: 12387 ns, Total: 76520 ns
[2025-05-22T19:17:11.917+0000][71][info ][safepoint   ] Safepoint "Cleanup", Time since last: 8001801461 ns, Reaching safepoint: 26379 ns, Cleanup: 18645 ns, At safepoint: 12523 ns, Total: 57547 ns
[2025-05-22T19:17:39.917+0000][71][info ][safepoint   ] Safepoint "Cleanup", Time since last: 28002103262 ns, Reaching safepoint: 50664 ns, Cleanup: 13419 ns, At safepoint: 22861 ns, Total: 86944 ns
[2025-05-22T19:22:38.056+0000][71][info ][safepoint   ] Safepoint "Cleanup", Time since last: 298161307211 ns, Reaching safepoint: 61611 ns, Cleanup: 21206 ns, At safepoint: 12624 ns, Total: 95441 ns
[2025-05-22T19:22:47.083+0000][71][info ][safepoint   ] Safepoint "Cleanup", Time since last: 9027288306 ns, Reaching safepoint: 56050 ns, Cleanup: 16894 ns, At safepoint: 12324 ns, Total: 85268 ns
[2025-05-22T19:23:37.782+0000][71][info ][safepoint   ] Safepoint "Cleanup", Time since last: 50704396975 ns, Reaching safepoint: 63186 ns, Cleanup: 17528 ns, At safepoint: 14821 ns, Total: 95535 ns
[2025-05-22T19:25:10.178+0000][71][info ][gc,start    ] GC(33) Pause Young (Prepare Mixed) (G1 Evacuation Pause)
[2025-05-22T19:25:10.179+0000][71][info ][gc,task     ] GC(33) Using 10 workers of 10 for evacuation
[2025-05-22T19:25:10.179+0000][71][debug][gc,age      ] GC(33) Desired survivor size 153092096 bytes, new threshold 15 (max threshold 15)
[2025-05-22T19:25:10.192+0000][71][info ][gc,phases   ] GC(33)   Pre Evacuate Collection Set: 0.68ms
[2025-05-22T19:25:10.193+0000][71][info ][gc,phases   ] GC(33)   Merge Heap Roots: 0.73ms
[2025-05-22T19:25:10.193+0000][71][info ][gc,phases   ] GC(33)   Evacuate Collection Set: 9.68ms
[2025-05-22T19:25:10.193+0000][71][info ][gc,phases   ] GC(33)   Post Evacuate Collection Set: 1.64ms
[2025-05-22T19:25:10.194+0000][71][info ][gc,phases   ] GC(33)   Other: 0.97ms
[2025-05-22T19:25:10.194+0000][71][trace][gc,age      ] GC(33) Age table with threshold 15 (max threshold 15)
[2025-05-22T19:25:10.194+0000][71][trace][gc,age      ] GC(33) - age   1:    1628400 bytes,    1628400 total
[2025-05-22T19:25:10.194+0000][71][trace][gc,age      ] GC(33) - age   2:     205936 bytes,    1834336 total
[2025-05-22T19:25:10.195+0000][71][trace][gc,age      ] GC(33) - age   3:     157664 bytes,    1992000 total
[2025-05-22T19:25:10.195+0000][71][trace][gc,age      ] GC(33) - age   4:     117056 bytes,    2109056 total
[2025-05-22T19:25:10.195+0000][71][trace][gc,age      ] GC(33) - age   5:    1275368 bytes,    3384424 total
[2025-05-22T19:25:10.196+0000][71][trace][gc,age      ] GC(33) - age   6:     130584 bytes,    3515008 total
[2025-05-22T19:25:10.196+0000][71][trace][gc,age      ] GC(33) - age   7:      83648 bytes,    3598656 total
[2025-05-22T19:25:10.196+0000][71][trace][gc,age      ] GC(33) - age   8:     129008 bytes,    3727664 total
[2025-05-22T19:25:10.196+0000][71][trace][gc,age      ] GC(33) - age   9:     167344 bytes,    3895008 total
[2025-05-22T19:25:10.197+0000][71][trace][gc,age      ] GC(33) - age  10:     327760 bytes,    4222768 total
[2025-05-22T19:25:10.197+0000][71][trace][gc,age      ] GC(33) - age  11:     104880 bytes,    4327648 total
[2025-05-22T19:25:10.197+0000][71][trace][gc,age      ] GC(33) - age  12:      59832 bytes,    4387480 total
[2025-05-22T19:25:10.197+0000][71][trace][gc,age      ] GC(33) - age  13:     117352 bytes,    4504832 total
[2025-05-22T19:25:10.197+0000][71][trace][gc,age      ] GC(33) - age  14:      63224 bytes,    4568056 total
[2025-05-22T19:25:10.198+0000][71][trace][gc,age      ] GC(33) - age  15:    2180672 bytes,    6748728 total
[2025-05-22T19:25:10.198+0000][71][info ][gc,heap     ] GC(33) Eden regions: 579->0(580)
[2025-05-22T19:25:10.198+0000][71][info ][gc,heap     ] GC(33) Survivor regions: 3->2(73)
[2025-05-22T19:25:10.199+0000][71][info ][gc,heap     ] GC(33) Old regions: 26->27
[2025-05-22T19:25:10.199+0000][71][info ][gc,heap     ] GC(33) Humongous regions: 0->0
[2025-05-22T19:25:10.199+0000][71][info ][gc,metaspace] GC(33) Metaspace: 146981K(151616K)->146981K(151616K) NonClass: 127430K(129664K)->127430K(129664K) Class: 19550K(21952K)->19550K(21952K)
[2025-05-22T19:25:10.199+0000][71][info ][gc          ] GC(33) Pause Young (Prepare Mixed) (G1 Evacuation Pause) 2427M->111M(3880M) 21.599ms
[2025-05-22T19:25:10.200+0000][71][info ][gc,cpu      ] GC(33) User=0.10s Sys=0.00s Real=0.02s
[2025-05-22T19:25:10.200+0000][71][info ][safepoint   ] Safepoint "G1CollectForAllocation", Time since last: 92402700787 ns, Reaching safepoint: 27667 ns, Cleanup: 7531 ns, At safepoint: 22321977 ns, Total: 22357175 ns
[2025-05-22T19:27:47.267+0000][71][info ][safepoint   ] Safepoint "Cleanup", Time since last: 157078746557 ns, Reaching safepoint: 19442 ns, Cleanup: 14994 ns, At safepoint: 8701 ns, Total: 43137 ns
[2025-05-22T19:32:14.337+0000][71][info ][safepoint   ] Safepoint "Cleanup", Time since last: 267090800403 ns, Reaching safepoint: 55166 ns, Cleanup: 15567 ns, At safepoint: 14284 ns, Total: 85017 ns
[2025-05-22T19:32:38.376+0000][71][info ][safepoint   ] Safepoint "Cleanup", Time since last: 24041999931 ns, Reaching safepoint: 26935 ns, Cleanup: 16677 ns, At safepoint: 11718 ns, Total: 55330 ns
[2025-05-22T19:33:33.657+0000][71][info ][safepoint   ] Safepoint "Cleanup", Time since last: 55285329605 ns, Reaching safepoint: 7154 ns, Cleanup: 9869 ns, At safepoint: 13918 ns, Total: 30941 ns
[2025-05-22T19:33:35.420+0000][71][info ][safepoint   ] Safepoint "Cleanup", Time since last: 1762940100 ns, Reaching safepoint: 26491 ns, Cleanup: 16978 ns, At safepoint: 12852 ns, Total: 56321 ns
[2025-05-22T19:37:12.485+0000][71][info ][safepoint   ] Safepoint "Cleanup", Time since last: 217080681144 ns, Reaching safepoint: 27381 ns, Cleanup: 22582 ns, At safepoint: 49390 ns, Total: 99353 ns
[2025-05-22T19:37:46.507+0000][71][info ][safepoint   ] Safepoint "Cleanup", Time since last: 34024463629 ns, Reaching safepoint: 6274 ns, Cleanup: 11441 ns, At safepoint: 3154 ns, Total: 20869 ns
[2025-05-22T19:38:14.515+0000][71][info ][safepoint   ] Safepoint "Cleanup", Time since last: 28009934522 ns, Reaching safepoint: 23369 ns, Cleanup: 17094 ns, At safepoint: 10010 ns, Total: 50473 ns
[2025-05-22T19:38:15.968+0000][71][info ][safepoint   ] Safepoint "Cleanup", Time since last: 1452868462 ns, Reaching safepoint: 21607 ns, Cleanup: 16057 ns, At safepoint: 9605 ns, Total: 47269 ns
[2025-05-22T19:39:12.664+0000][71][info ][safepoint   ] Safepoint "Cleanup", Time since last: 56700452547 ns, Reaching safepoint: 90173 ns, Cleanup: 9129 ns, At safepoint: 31309 ns, Total: 130611 ns
[2025-05-22T19:39:37.585+0000][71][info ][safepoint   ] Safepoint "Cleanup", Time since last: 24923550756 ns, Reaching safepoint: 63436 ns, Cleanup: 17501 ns, At safepoint: 14986 ns, Total: 95923 ns
[2025-05-22T19:42:54.655+0000][71][info ][safepoint   ] Safepoint "Cleanup", Time since last: 197083082634 ns, Reaching safepoint: 57136 ns, Cleanup: 15142 ns, At safepoint: 24107 ns, Total: 96385 ns
[2025-05-22T19:42:55.668+0000][71][info ][safepoint   ] Safepoint "Cleanup", Time since last: 1015835651 ns, Reaching safepoint: 14129 ns, Cleanup: 19183 ns, At safepoint: 5338 ns, Total: 38650 ns
[2025-05-22T19:47:57.830+0000][71][info ][safepoint   ] Safepoint "Cleanup", Time since last: 302185087569 ns, Reaching safepoint: 31330 ns, Cleanup: 11690 ns, At safepoint: 15318 ns, Total: 58338 ns
[2025-05-22T19:53:31.041+0000][71][info ][safepoint   ] Safepoint "Cleanup", Time since last: 333236668731 ns, Reaching safepoint: 6084 ns, Cleanup: 9272 ns, At safepoint: 3410 ns, Total: 18766 ns
[2025-05-22T19:58:03.654+0000][71][info ][safepoint   ] Safepoint "Cleanup", Time since last: 272633110903 ns, Reaching safepoint: 13173 ns, Cleanup: 12183 ns, At safepoint: 20408 ns, Total: 45764 ns
[2025-05-22T20:00:38.120+0000][71][info ][safepoint   ] Safepoint "Cleanup", Time since last: 154477023499 ns, Reaching safepoint: 65500 ns, Cleanup: 17246 ns, At safepoint: 13864 ns, Total: 96610 ns
[2025-05-22T20:03:52.334+0000][71][info ][safepoint   ] Safepoint "Cleanup", Time since last: 194226951792 ns, Reaching safepoint: 70389 ns, Cleanup: 17076 ns, At safepoint: 14604 ns, Total: 102069 ns
[2025-05-22T20:07:54.629+0000][71][info ][safepoint   ] Safepoint "Cleanup", Time since last: 242312884143 ns, Reaching safepoint: 5772 ns, Cleanup: 9131 ns, At safepoint: 11822 ns, Total: 26725 ns
[2025-05-22T20:07:56.450+0000][71][info ][safepoint   ] Safepoint "Cleanup", Time since last: 1822829991 ns, Reaching safepoint: 31717 ns, Cleanup: 18061 ns, At safepoint: 14216 ns, Total: 63994 ns
[2025-05-22T20:08:03.613+0000][71][info ][safepoint   ] Safepoint "Cleanup", Time since last: 7163734968 ns, Reaching safepoint: 6921 ns, Cleanup: 9726 ns, At safepoint: 3252 ns, Total: 19899 ns
[2025-05-22T20:08:12.622+0000][71][info ][safepoint   ] Safepoint "Cleanup", Time since last: 9007999848 ns, Reaching safepoint: 139960 ns, Cleanup: 15385 ns, At safepoint: 118312 ns, Total: 273657 ns
[2025-05-22T20:08:14.521+0000][71][info ][safepoint   ] Safepoint "Cleanup", Time since last: 1899397272 ns, Reaching safepoint: 24704 ns, Cleanup: 19091 ns, At safepoint: 11563 ns, Total: 55358 ns
[2025-05-22T20:08:33.452+0000][71][info ][safepoint   ] Safepoint "Cleanup", Time since last: 18932424543 ns, Reaching safepoint: 173496 ns, Cleanup: 10256 ns, At safepoint: 32729 ns, Total: 216481 ns
[2025-05-22T20:09:15.655+0000][71][info ][safepoint   ] Safepoint "Cleanup", Time since last: 42205652954 ns, Reaching safepoint: 13771 ns, Cleanup: 15628 ns, At safepoint: 19308 ns, Total: 48707 ns
[2025-05-22T20:09:17.546+0000][71][info ][safepoint   ] Safepoint "Cleanup", Time since last: 1890235881 ns, Reaching safepoint: 26144 ns, Cleanup: 16718 ns, At safepoint: 11609 ns, Total: 54471 ns
[2025-05-22T20:12:24.622+0000][71][info ][gc,start    ] GC(34) Pause Young (Mixed) (G1 Evacuation Pause)
[2025-05-22T20:12:24.622+0000][71][info ][gc,task     ] GC(34) Using 10 workers of 10 for evacuation
[2025-05-22T20:12:24.623+0000][71][debug][gc,age      ] GC(34) Desired survivor size 153092096 bytes, new threshold 15 (max threshold 15)
[2025-05-22T20:12:24.652+0000][71][info ][gc,phases   ] GC(34)   Pre Evacuate Collection Set: 0.64ms
[2025-05-22T20:12:24.652+0000][71][info ][gc,phases   ] GC(34)   Merge Heap Roots: 0.54ms
[2025-05-22T20:12:24.652+0000][71][info ][gc,phases   ] GC(34)   Evacuate Collection Set: 24.94ms
[2025-05-22T20:12:24.653+0000][71][info ][gc,phases   ] GC(34)   Post Evacuate Collection Set: 2.52ms
[2025-05-22T20:12:24.653+0000][71][info ][gc,phases   ] GC(34)   Other: 0.81ms
[2025-05-22T20:12:24.653+0000][71][trace][gc,age      ] GC(34) Age table with threshold 15 (max threshold 15)
[2025-05-22T20:12:24.654+0000][71][trace][gc,age      ] GC(34) - age   1:    1735216 bytes,    1735216 total
[2025-05-22T20:12:24.654+0000][71][trace][gc,age      ] GC(34) - age   2:     187392 bytes,    1922608 total
[2025-05-22T20:12:24.654+0000][71][trace][gc,age      ] GC(34) - age   3:     138792 bytes,    2061400 total
[2025-05-22T20:12:24.655+0000][71][trace][gc,age      ] GC(34) - age   4:     156560 bytes,    2217960 total
[2025-05-22T20:12:24.655+0000][71][trace][gc,age      ] GC(34) - age   5:     117056 bytes,    2335016 total
[2025-05-22T20:12:24.655+0000][71][trace][gc,age      ] GC(34) - age   6:    1275232 bytes,    3610248 total
[2025-05-22T20:12:24.655+0000][71][trace][gc,age      ] GC(34) - age   7:     130544 bytes,    3740792 total
[2025-05-22T20:12:24.656+0000][71][trace][gc,age      ] GC(34) - age   8:      83568 bytes,    3824360 total
[2025-05-22T20:12:24.656+0000][71][trace][gc,age      ] GC(34) - age   9:     128896 bytes,    3953256 total
[2025-05-22T20:12:24.656+0000][71][trace][gc,age      ] GC(34) - age  10:     167080 bytes,    4120336 total
[2025-05-22T20:12:24.657+0000][71][trace][gc,age      ] GC(34) - age  11:     327760 bytes,    4448096 total
[2025-05-22T20:12:24.657+0000][71][trace][gc,age      ] GC(34) - age  12:     104880 bytes,    4552976 total
[2025-05-22T20:12:24.657+0000][71][trace][gc,age      ] GC(34) - age  13:      59656 bytes,    4612632 total
[2025-05-22T20:12:24.657+0000][71][trace][gc,age      ] GC(34) - age  14:     115776 bytes,    4728408 total
[2025-05-22T20:12:24.658+0000][71][trace][gc,age      ] GC(34) - age  15:      63224 bytes,    4791632 total
[2025-05-22T20:12:24.658+0000][71][info ][gc,heap     ] GC(34) Eden regions: 580->0(580)
[2025-05-22T20:12:24.658+0000][71][info ][gc,heap     ] GC(34) Survivor regions: 2->2(73)
[2025-05-22T20:12:24.658+0000][71][info ][gc,heap     ] GC(34) Old regions: 27->27
[2025-05-22T20:12:24.659+0000][71][info ][gc,heap     ] GC(34) Humongous regions: 0->0
[2025-05-22T20:12:24.659+0000][71][info ][gc,metaspace] GC(34) Metaspace: 147001K(151616K)->147001K(151616K) NonClass: 127451K(129664K)->127451K(129664K) Class: 19550K(21952K)->19550K(21952K)
[2025-05-22T20:12:24.659+0000][71][info ][gc          ] GC(34) Pause Young (Mixed) (G1 Evacuation Pause) 2431M->110M(3880M) 37.441ms
[2025-05-22T20:12:24.660+0000][71][info ][gc,cpu      ] GC(34) User=0.24s Sys=0.00s Real=0.03s
[2025-05-22T20:12:24.660+0000][71][info ][safepoint   ] Safepoint "G1CollectForAllocation", Time since last: 187089020891 ns, Reaching safepoint: 19301 ns, Cleanup: 6603 ns, At safepoint: 38194962 ns, Total: 38220866 ns
[2025-05-22T20:18:17.848+0000][71][info ][safepoint   ] Safepoint "Cleanup", Time since last: 353214201193 ns, Reaching safepoint: 25330 ns, Cleanup: 17371 ns, At safepoint: 11396 ns, Total: 54097 ns
[2025-05-22T20:28:09.611+0000][71][info ][safepoint   ] Safepoint "Cleanup", Time since last: 591806704861 ns, Reaching safepoint: 8621 ns, Cleanup: 8514 ns, At safepoint: 13563 ns, Total: 30698 ns
[2025-05-22T20:35:31.331+0000][71][info ][safepoint   ] Safepoint "Cleanup", Time since last: 441753239558 ns, Reaching safepoint: 12376 ns, Cleanup: 11079 ns, At safepoint: 18668 ns, Total: 42123 ns
[2025-05-22T20:35:50.338+0000][71][info ][safepoint   ] Safepoint "Cleanup", Time since last: 19006829678 ns, Reaching safepoint: 64042 ns, Cleanup: 21263 ns, At safepoint: 16266 ns, Total: 101571 ns
[2025-05-22T20:37:14.134+0000][71][info ][safepoint   ] Safepoint "Cleanup", Time since last: 83802549638 ns, Reaching safepoint: 31352 ns, Cleanup: 16320 ns, At safepoint: 12508 ns, Total: 60180 ns
[2025-05-22T20:39:24.615+0000][71][info ][safepoint   ] Safepoint "Cleanup", Time since last: 130490255315 ns, Reaching safepoint: 12768 ns, Cleanup: 9620 ns, At safepoint: 3496 ns, Total: 25884 ns
[2025-05-22T20:47:37.682+0000][71][info ][safepoint   ] Safepoint "Cleanup", Time since last: 493104733936 ns, Reaching safepoint: 78405 ns, Cleanup: 22119 ns, At safepoint: 31543 ns, Total: 132067 ns
[2025-05-22T20:48:37.748+0000][71][info ][safepoint   ] Safepoint "Cleanup", Time since last: 60069798097 ns, Reaching safepoint: 24753 ns, Cleanup: 18306 ns, At safepoint: 11415 ns, Total: 54474 ns
[2025-05-22T20:50:48.797+0000][71][info ][safepoint   ] Safepoint "Cleanup", Time since last: 131057603701 ns, Reaching safepoint: 69222 ns, Cleanup: 20786 ns, At safepoint: 13024 ns, Total: 103032 ns
[2025-05-22T20:51:37.819+0000][71][info ][safepoint   ] Safepoint "Cleanup", Time since last: 49026342689 ns, Reaching safepoint: 59267 ns, Cleanup: 18239 ns, At safepoint: 13294 ns, Total: 90800 ns
[2025-05-22T20:53:42.891+0000][71][info ][safepoint   ] Safepoint "Cleanup", Time since last: 125080875525 ns, Reaching safepoint: 55201 ns, Cleanup: 16178 ns, At safepoint: 11332 ns, Total: 82711 ns
[2025-05-22T20:54:24.919+0000][71][info ][safepoint   ] Safepoint "Cleanup", Time since last: 42032504739 ns, Reaching safepoint: 9724 ns, Cleanup: 10705 ns, At safepoint: 15677 ns, Total: 36106 ns
[2025-05-22T20:56:30.967+0000][71][info ][safepoint   ] Safepoint "Cleanup", Time since last: 126056974125 ns, Reaching safepoint: 33070 ns, Cleanup: 17516 ns, At safepoint: 38087 ns, Total: 88673 ns
[2025-05-22T20:58:39.581+0000][71][info ][safepoint   ] Safepoint "Cleanup", Time since last: 128621823547 ns, Reaching safepoint: 136349 ns, Cleanup: 13594 ns, At safepoint: 63073 ns, Total: 213016 ns
[2025-05-22T20:59:40.092+0000][71][info ][safepoint   ] Safepoint "Cleanup", Time since last: 60515512582 ns, Reaching safepoint: 292716 ns, Cleanup: 12184 ns, At safepoint: 50047 ns, Total: 354947 ns
[2025-05-22T21:02:37.086+0000][71][info ][gc,start    ] GC(35) Pause Young (Concurrent Start) (G1 Evacuation Pause)
[2025-05-22T21:02:37.088+0000][71][info ][gc,task     ] GC(35) Using 10 workers of 10 for evacuation
[2025-05-22T21:02:37.089+0000][71][debug][gc,age      ] GC(35) Desired survivor size 153092096 bytes, new threshold 15 (max threshold 15)
[2025-05-22T21:02:37.102+0000][71][info ][gc,phases   ] GC(35)   Pre Evacuate Collection Set: 0.95ms
[2025-05-22T21:02:37.104+0000][71][info ][gc,phases   ] GC(35)   Merge Heap Roots: 0.50ms
[2025-05-22T21:02:37.106+0000][71][info ][gc,phases   ] GC(35)   Evacuate Collection Set: 9.73ms
[2025-05-22T21:02:37.113+0000][71][info ][gc,phases   ] GC(35)   Post Evacuate Collection Set: 1.51ms
[2025-05-22T21:02:37.115+0000][71][info ][gc,phases   ] GC(35)   Other: 1.18ms
[2025-05-22T21:02:37.116+0000][71][trace][gc,age      ] GC(35) Age table with threshold 15 (max threshold 15)
[2025-05-22T21:02:37.117+0000][71][trace][gc,age      ] GC(35) - age   1:     979296 bytes,     979296 total
[2025-05-22T21:02:37.119+0000][71][trace][gc,age      ] GC(35) - age   2:     491864 bytes,    1471160 total
[2025-05-22T21:02:37.121+0000][71][trace][gc,age      ] GC(35) - age   3:     119304 bytes,    1590464 total
[2025-05-22T21:02:37.121+0000][71][trace][gc,age      ] GC(35) - age   4:     137176 bytes,    1727640 total
[2025-05-22T21:02:37.122+0000][71][trace][gc,age      ] GC(35) - age   5:     140128 bytes,    1867768 total
[2025-05-22T21:02:37.123+0000][71][trace][gc,age      ] GC(35) - age   6:     116496 bytes,    1984264 total
[2025-05-22T21:02:37.123+0000][71][trace][gc,age      ] GC(35) - age   7:    1274992 bytes,    3259256 total
[2025-05-22T21:02:37.124+0000][71][trace][gc,age      ] GC(35) - age   8:     130432 bytes,    3389688 total
[2025-05-22T21:02:37.125+0000][71][trace][gc,age      ] GC(35) - age   9:      83568 bytes,    3473256 total
[2025-05-22T21:02:37.125+0000][71][trace][gc,age      ] GC(35) - age  10:     128896 bytes,    3602152 total
[2025-05-22T21:02:37.125+0000][71][trace][gc,age      ] GC(35) - age  11:     167080 bytes,    3769232 total
[2025-05-22T21:02:37.126+0000][71][trace][gc,age      ] GC(35) - age  12:     327760 bytes,    4096992 total
[2025-05-22T21:02:37.126+0000][71][trace][gc,age      ] GC(35) - age  13:     104880 bytes,    4201872 total
[2025-05-22T21:02:37.126+0000][71][trace][gc,age      ] GC(35) - age  14:      59656 bytes,    4261528 total
[2025-05-22T21:02:37.127+0000][71][trace][gc,age      ] GC(35) - age  15:     115776 bytes,    4377304 total
[2025-05-22T21:02:37.128+0000][71][info ][gc,heap     ] GC(35) Eden regions: 580->0(580)
[2025-05-22T21:02:37.128+0000][71][info ][gc,heap     ] GC(35) Survivor regions: 2->2(73)
[2025-05-22T21:02:37.129+0000][71][info ][gc,heap     ] GC(35) Old regions: 27->27
[2025-05-22T21:02:37.130+0000][71][info ][gc,heap     ] GC(35) Humongous regions: 0->0
[2025-05-22T21:02:37.130+0000][71][info ][gc,metaspace] GC(35) Metaspace: 147034K(151616K)->147034K(151616K) NonClass: 127484K(129664K)->127484K(129664K) Class: 19550K(21952K)->19550K(21952K)
[2025-05-22T21:02:37.131+0000][71][info ][gc          ] GC(35) Pause Young (Concurrent Start) (G1 Evacuation Pause) 2430M->110M(3880M) 45.374ms
[2025-05-22T21:02:37.132+0000][71][info ][gc,cpu      ] GC(35) User=0.07s Sys=0.01s Real=0.05s
[2025-05-22T21:02:37.132+0000][71][info ][gc          ] GC(36) Concurrent Mark Cycle
[2025-05-22T21:02:37.133+0000][71][info ][safepoint   ] Safepoint "G1CollectForAllocation", Time since last: 177005884940 ns, Reaching safepoint: 43804 ns, Cleanup: 5723 ns, At safepoint: 47828625 ns, Total: 47878152 ns
[2025-05-22T21:02:37.134+0000][71][info ][gc,marking  ] GC(36) Concurrent Scan Root Regions
[2025-05-22T21:02:37.155+0000][71][info ][gc,marking  ] GC(36) Concurrent Scan Root Regions 20.695ms
[2025-05-22T21:02:37.156+0000][71][info ][gc,marking  ] GC(36) Concurrent Mark
[2025-05-22T21:02:37.156+0000][71][info ][gc,marking  ] GC(36) Concurrent Mark From Roots
[2025-05-22T21:02:37.156+0000][71][info ][gc,task     ] GC(36) Using 3 workers of 3 for marking
[2025-05-22T21:02:37.297+0000][71][info ][gc,marking  ] GC(36) Concurrent Mark From Roots 141.405ms
[2025-05-22T21:02:37.298+0000][71][info ][gc,marking  ] GC(36) Concurrent Preclean
[2025-05-22T21:02:37.299+0000][71][info ][gc,marking  ] GC(36) Concurrent Preclean 0.938ms
[2025-05-22T21:02:37.299+0000][71][info ][gc,start    ] GC(36) Pause Remark
[2025-05-22T21:02:38.003+0000][71][info ][gc,mmu      ] GC(36) MMU target violated: 201.0ms (200.0ms/201.0ms)
[2025-05-22T21:02:38.003+0000][71][info ][gc          ] GC(36) Pause Remark 121M->121M(3880M) 703.881ms
[2025-05-22T21:02:38.004+0000][71][info ][gc,cpu      ] GC(36) User=5.36s Sys=0.00s Real=0.70s
[2025-05-22T21:02:38.004+0000][71][info ][safepoint   ] Safepoint "G1PauseRemark", Time since last: 165851960 ns, Reaching safepoint: 18367 ns, Cleanup: 4740 ns, At safepoint: 704747879 ns, Total: 704770986 ns
[2025-05-22T21:02:38.005+0000][71][info ][gc,marking  ] GC(36) Concurrent Mark 849.153ms
[2025-05-22T21:02:38.005+0000][71][info ][gc,marking  ] GC(36) Concurrent Rebuild Remembered Sets and Scrub Regions
[2025-05-22T21:02:38.092+0000][71][info ][gc,marking  ] GC(36) Concurrent Rebuild Remembered Sets and Scrub Regions 86.251ms
[2025-05-22T21:02:38.094+0000][71][info ][gc,start    ] GC(36) Pause Cleanup
[2025-05-22T21:02:38.095+0000][71][info ][gc          ] GC(36) Pause Cleanup 124M->124M(3880M) 0.772ms
[2025-05-22T21:02:38.096+0000][71][info ][gc,cpu      ] GC(36) User=0.00s Sys=0.00s Real=0.00s
[2025-05-22T21:02:38.096+0000][71][info ][safepoint   ] Safepoint "G1PauseCleanup", Time since last: 88008472 ns, Reaching safepoint: 2167967 ns, Cleanup: 158954 ns, At safepoint: 1808068 ns, Total: 4134989 ns
[2025-05-22T21:02:38.097+0000][71][info ][gc,marking  ] GC(36) Concurrent Clear Claimed Marks
[2025-05-22T21:02:38.097+0000][71][info ][gc,marking  ] GC(36) Concurrent Clear Claimed Marks 0.551ms
[2025-05-22T21:02:38.097+0000][71][info ][gc,marking  ] GC(36) Concurrent Cleanup for Next Mark
[2025-05-22T21:02:38.202+0000][71][info ][gc,marking  ] GC(36) Concurrent Cleanup for Next Mark 104.158ms
[2025-05-22T21:02:38.202+0000][71][info ][gc          ] GC(36) Concurrent Mark Cycle 1070.135ms
[2025-05-22T21:04:55.258+0000][71][info ][safepoint   ] Safepoint "Cleanup", Time since last: 137173993663 ns, Reaching safepoint: 14651 ns, Cleanup: 12046 ns, At safepoint: 17938 ns, Total: 44635 ns
[2025-05-22T21:06:55.932+0000][71][info ][safepoint   ] Safepoint "Cleanup", Time since last: 120683199537 ns, Reaching safepoint: 62540 ns, Cleanup: 16674 ns, At safepoint: 14485 ns, Total: 93699 ns
[2025-05-22T21:07:58.342+0000][71][info ][safepoint   ] Safepoint "Cleanup", Time since last: 62415303283 ns, Reaching safepoint: 19838 ns, Cleanup: 12369 ns, At safepoint: 22420 ns, Total: 54627 ns
[2025-05-22T21:07:59.353+0000][71][info ][safepoint   ] Safepoint "Cleanup", Time since last: 1011008353 ns, Reaching safepoint: 26235 ns, Cleanup: 19139 ns, At safepoint: 11789 ns, Total: 57163 ns
[2025-05-22T21:08:04.378+0000][71][info ][safepoint   ] Safepoint "Cleanup", Time since last: 5024942465 ns, Reaching safepoint: 18599 ns, Cleanup: 12143 ns, At safepoint: 18412 ns, Total: 49154 ns
[2025-05-22T21:08:07.391+0000][71][info ][safepoint   ] Safepoint "Cleanup", Time since last: 3012539384 ns, Reaching safepoint: 7982 ns, Cleanup: 11298 ns, At safepoint: 14744 ns, Total: 34024 ns
[2025-05-22T21:08:33.352+0000][71][info ][safepoint   ] Safepoint "Cleanup", Time since last: 25963399732 ns, Reaching safepoint: 60145 ns, Cleanup: 18143 ns, At safepoint: 14612 ns, Total: 92900 ns
[2025-05-22T21:17:13.239+0000][71][info ][safepoint   ] Safepoint "Cleanup", Time since last: 519929000069 ns, Reaching safepoint: 32624 ns, Cleanup: 24170 ns, At safepoint: 15098 ns, Total: 71892 ns
[2025-05-22T21:18:33.619+0000][71][info ][safepoint   ] Safepoint "Cleanup", Time since last: 80387141686 ns, Reaching safepoint: 17178 ns, Cleanup: 22680 ns, At safepoint: 111710 ns, Total: 151568 ns
[2025-05-22T21:18:34.716+0000][71][info ][safepoint   ] Safepoint "Cleanup", Time since last: 1097261067 ns, Reaching safepoint: 13774 ns, Cleanup: 12461 ns, At safepoint: 20919 ns, Total: 47154 ns
[2025-05-22T21:18:35.724+0000][71][info ][safepoint   ] Safepoint "Cleanup", Time since last: 1008045626 ns, Reaching safepoint: 28573 ns, Cleanup: 17944 ns, At safepoint: 12926 ns, Total: 59443 ns
[2025-05-22T21:18:51.578+0000][71][info ][safepoint   ] Safepoint "Cleanup", Time since last: 15853922071 ns, Reaching safepoint: 16995 ns, Cleanup: 12485 ns, At safepoint: 20370 ns, Total: 49850 ns
[2025-05-22T21:19:37.780+0000][71][info ][safepoint   ] Safepoint "Cleanup", Time since last: 46207631415 ns, Reaching safepoint: 14813 ns, Cleanup: 11930 ns, At safepoint: 20410 ns, Total: 47153 ns
[2025-05-22T21:20:39.565+0000][71][info ][safepoint   ] Safepoint "Cleanup", Time since last: 61788453277 ns, Reaching safepoint: 29853 ns, Cleanup: 15623 ns, At safepoint: 84853 ns, Total: 130329 ns
[2025-05-22T21:20:40.814+0000][71][info ][safepoint   ] Safepoint "Cleanup", Time since last: 1249156577 ns, Reaching safepoint: 24715 ns, Cleanup: 17079 ns, At safepoint: 11677 ns, Total: 53471 ns
[2025-05-22T21:21:42.581+0000][71][info ][safepoint   ] Safepoint "Cleanup", Time since last: 61772662510 ns, Reaching safepoint: 20756 ns, Cleanup: 11047 ns, At safepoint: 65080 ns, Total: 96883 ns
[2025-05-22T21:24:51.981+0000][71][info ][safepoint   ] Safepoint "Cleanup", Time since last: 189414403560 ns, Reaching safepoint: 6227 ns, Cleanup: 23407 ns, At safepoint: 3199 ns, Total: 32833 ns
[2025-05-22T21:31:10.123+0000][71][info ][safepoint   ] Safepoint "Cleanup", Time since last: 378173100790 ns, Reaching safepoint: 13544 ns, Cleanup: 13038 ns, At safepoint: 56837 ns, Total: 83419 ns
[2025-05-22T21:34:15.690+0000][71][info ][safepoint   ] Safepoint "Cleanup", Time since last: 185580921191 ns, Reaching safepoint: 24967 ns, Cleanup: 16828 ns, At safepoint: 10991 ns, Total: 52786 ns
[2025-05-22T21:39:34.361+0000][71][info ][safepoint   ] Safepoint "Cleanup", Time since last: 318696642173 ns, Reaching safepoint: 33160 ns, Cleanup: 14999 ns, At safepoint: 123586 ns, Total: 171745 ns
[2025-05-22T21:44:14.837+0000][71][info ][safepoint   ] Safepoint "Cleanup", Time since last: 280497539654 ns, Reaching safepoint: 18508 ns, Cleanup: 23661 ns, At safepoint: 91708 ns, Total: 133877 ns
[2025-05-22T21:47:57.523+0000][71][info ][safepoint   ] Safepoint "Cleanup", Time since last: 222703435674 ns, Reaching safepoint: 16094 ns, Cleanup: 12714 ns, At safepoint: 20732 ns, Total: 49540 ns
[2025-05-22T21:51:42.494+0000][71][info ][gc,start    ] GC(37) Pause Young (Prepare Mixed) (G1 Evacuation Pause)
[2025-05-22T21:51:42.494+0000][71][info ][gc,task     ] GC(37) Using 10 workers of 10 for evacuation
[2025-05-22T21:51:42.495+0000][71][debug][gc,age      ] GC(37) Desired survivor size 153092096 bytes, new threshold 15 (max threshold 15)
[2025-05-22T21:51:42.508+0000][71][info ][gc,phases   ] GC(37)   Pre Evacuate Collection Set: 0.60ms
[2025-05-22T21:51:42.509+0000][71][info ][gc,phases   ] GC(37)   Merge Heap Roots: 0.54ms
[2025-05-22T21:51:42.509+0000][71][info ][gc,phases   ] GC(37)   Evacuate Collection Set: 10.20ms
[2025-05-22T21:51:42.509+0000][71][info ][gc,phases   ] GC(37)   Post Evacuate Collection Set: 1.71ms
[2025-05-22T21:51:42.509+0000][71][info ][gc,phases   ] GC(37)   Other: 0.91ms
[2025-05-22T21:51:42.510+0000][71][trace][gc,age      ] GC(37) Age table with threshold 15 (max threshold 15)
[2025-05-22T21:51:42.510+0000][71][trace][gc,age      ] GC(37) - age   1:    1550840 bytes,    1550840 total
[2025-05-22T21:51:42.510+0000][71][trace][gc,age      ] GC(37) - age   2:     114048 bytes,    1664888 total
[2025-05-22T21:51:42.511+0000][71][trace][gc,age      ] GC(37) - age   3:     113800 bytes,    1778688 total
[2025-05-22T21:51:42.511+0000][71][trace][gc,age      ] GC(37) - age   4:     118576 bytes,    1897264 total
[2025-05-22T21:51:42.511+0000][71][trace][gc,age      ] GC(37) - age   5:     120944 bytes,    2018208 total
[2025-05-22T21:51:42.511+0000][71][trace][gc,age      ] GC(37) - age   6:     140032 bytes,    2158240 total
[2025-05-22T21:51:42.512+0000][71][trace][gc,age      ] GC(37) - age   7:     116496 bytes,    2274736 total
[2025-05-22T21:51:42.512+0000][71][trace][gc,age      ] GC(37) - age   8:    1274920 bytes,    3549656 total
[2025-05-22T21:51:42.512+0000][71][trace][gc,age      ] GC(37) - age   9:     130392 bytes,    3680048 total
[2025-05-22T21:51:42.513+0000][71][trace][gc,age      ] GC(37) - age  10:      83568 bytes,    3763616 total
[2025-05-22T21:51:42.513+0000][71][trace][gc,age      ] GC(37) - age  11:     128896 bytes,    3892512 total
[2025-05-22T21:51:42.513+0000][71][trace][gc,age      ] GC(37) - age  12:     167080 bytes,    4059592 total
[2025-05-22T21:51:42.514+0000][71][trace][gc,age      ] GC(37) - age  13:     327760 bytes,    4387352 total
[2025-05-22T21:51:42.514+0000][71][trace][gc,age      ] GC(37) - age  14:     104880 bytes,    4492232 total
[2025-05-22T21:51:42.514+0000][71][trace][gc,age      ] GC(37) - age  15:      59656 bytes,    4551888 total
[2025-05-22T21:51:42.515+0000][71][info ][gc,heap     ] GC(37) Eden regions: 580->0(580)
[2025-05-22T21:51:42.515+0000][71][info ][gc,heap     ] GC(37) Survivor regions: 2->2(73)
[2025-05-22T21:51:42.515+0000][71][info ][gc,heap     ] GC(37) Old regions: 27->27
[2025-05-22T21:51:42.515+0000][71][info ][gc,heap     ] GC(37) Humongous regions: 0->0
[2025-05-22T21:51:42.516+0000][71][info ][gc,metaspace] GC(37) Metaspace: 146993K(151616K)->146993K(151616K) NonClass: 127460K(129664K)->127460K(129664K) Class: 19532K(21952K)->19532K(21952K)
[2025-05-22T21:51:42.516+0000][71][info ][gc          ] GC(37) Pause Young (Prepare Mixed) (G1 Evacuation Pause) 2430M->110M(3880M) 22.323ms
[2025-05-22T21:51:42.516+0000][71][info ][gc,cpu      ] GC(37) User=0.06s Sys=0.01s Real=0.03s
[2025-05-22T21:51:42.517+0000][71][info ][safepoint   ] Safepoint "G1CollectForAllocation", Time since last: 224986839945 ns, Reaching safepoint: 45851 ns, Cleanup: 4888 ns, At safepoint: 23076920 ns, Total: 23127659 ns
[2025-05-22T22:07:13.626+0000][71][info ][safepoint   ] Safepoint "Cleanup", Time since last: 931178918933 ns, Reaching safepoint: 53856 ns, Cleanup: 18841 ns, At safepoint: 10577 ns, Total: 83274 ns
[2025-05-22T22:07:39.676+0000][71][info ][safepoint   ] Safepoint "Cleanup", Time since last: 26052560327 ns, Reaching safepoint: 6796 ns, Cleanup: 71609 ns, At safepoint: 36132 ns, Total: 114537 ns
[2025-05-22T22:07:41.185+0000][71][info ][safepoint   ] Safepoint "Cleanup", Time since last: 1508010621 ns, Reaching safepoint: 25950 ns, Cleanup: 70606 ns, At safepoint: 15905 ns, Total: 112461 ns
[2025-05-22T22:07:42.197+0000][71][info ][safepoint   ] Safepoint "Cleanup", Time since last: 1011940006 ns, Reaching safepoint: 26456 ns, Cleanup: 15924 ns, At safepoint: 12613 ns, Total: 54993 ns
[2025-05-22T22:07:43.197+0000][71][info ][safepoint   ] Safepoint "Cleanup", Time since last: 1000582019 ns, Reaching safepoint: 27289 ns, Cleanup: 21263 ns, At safepoint: 12050 ns, Total: 60602 ns
[2025-05-22T22:07:52.199+0000][71][info ][safepoint   ] Safepoint "Cleanup", Time since last: 9002083044 ns, Reaching safepoint: 59993 ns, Cleanup: 16510 ns, At safepoint: 14339 ns, Total: 90842 ns
[2025-05-22T22:07:56.211+0000][71][info ][safepoint   ] Safepoint "Cleanup", Time since last: 4014513867 ns, Reaching safepoint: 27553 ns, Cleanup: 19580 ns, At safepoint: 12565 ns, Total: 59698 ns
[2025-05-22T22:08:00.488+0000][71][info ][safepoint   ] Safepoint "Cleanup", Time since last: 4276570745 ns, Reaching safepoint: 6747 ns, Cleanup: 8839 ns, At safepoint: 3062 ns, Total: 18648 ns
[2025-05-22T22:08:02.227+0000][71][info ][safepoint   ] Safepoint "Cleanup", Time since last: 1738672239 ns, Reaching safepoint: 25394 ns, Cleanup: 18217 ns, At safepoint: 8919 ns, Total: 52530 ns
[2025-05-22T22:08:03.652+0000][71][info ][safepoint   ] Safepoint "Cleanup", Time since last: 1425493509 ns, Reaching safepoint: 25499 ns, Cleanup: 17043 ns, At safepoint: 10484 ns, Total: 53026 ns
[2025-05-22T22:08:12.247+0000][71][info ][safepoint   ] Safepoint "Cleanup", Time since last: 8594889998 ns, Reaching safepoint: 26300 ns, Cleanup: 21483 ns, At safepoint: 12670 ns, Total: 60453 ns
[2025-05-22T22:08:26.258+0000][71][info ][safepoint   ] Safepoint "Cleanup", Time since last: 14012544504 ns, Reaching safepoint: 63896 ns, Cleanup: 18029 ns, At safepoint: 11859 ns, Total: 93784 ns
[2025-05-22T22:08:37.226+0000][71][info ][safepoint   ] Safepoint "Cleanup", Time since last: 10967778829 ns, Reaching safepoint: 20137 ns, Cleanup: 16672 ns, At safepoint: 9205 ns, Total: 46014 ns
[2025-05-22T22:08:43.227+0000][71][info ][safepoint   ] Safepoint "Cleanup", Time since last: 6001251061 ns, Reaching safepoint: 27406 ns, Cleanup: 16535 ns, At safepoint: 12077 ns, Total: 56018 ns
[2025-05-22T22:08:44.511+0000][71][info ][safepoint   ] Safepoint "Cleanup", Time since last: 1283596621 ns, Reaching safepoint: 6925 ns, Cleanup: 9300 ns, At safepoint: 3328 ns, Total: 19553 ns
[2025-05-22T22:08:46.236+0000][71][info ][safepoint   ] Safepoint "Cleanup", Time since last: 1725380180 ns, Reaching safepoint: 24973 ns, Cleanup: 24497 ns, At safepoint: 13692 ns, Total: 63162 ns
[2025-05-22T22:08:47.237+0000][71][info ][safepoint   ] Safepoint "Cleanup", Time since last: 1000642334 ns, Reaching safepoint: 26339 ns, Cleanup: 21489 ns, At safepoint: 12259 ns, Total: 60087 ns
[2025-05-22T22:08:52.238+0000][71][info ][safepoint   ] Safepoint "Cleanup", Time since last: 5001108271 ns, Reaching safepoint: 26814 ns, Cleanup: 16289 ns, At safepoint: 11228 ns, Total: 54331 ns
[2025-05-22T22:08:57.237+0000][71][info ][safepoint   ] Safepoint "Cleanup", Time since last: 5001232028 ns, Reaching safepoint: 61676 ns, Cleanup: 17718 ns, At safepoint: 13079 ns, Total: 92473 ns
[2025-05-22T22:09:02.285+0000][71][info ][safepoint   ] Safepoint "Cleanup", Time since last: 5047705157 ns, Reaching safepoint: 20543 ns, Cleanup: 16406 ns, At safepoint: 9642 ns, Total: 46591 ns
[2025-05-22T22:09:22.294+0000][71][info ][safepoint   ] Safepoint "Cleanup", Time since last: 20008606862 ns, Reaching safepoint: 16503 ns, Cleanup: 9562 ns, At safepoint: 3335 ns, Total: 29400 ns
[2025-05-22T22:09:25.312+0000][71][info ][safepoint   ] Safepoint "Cleanup", Time since last: 3021109107 ns, Reaching safepoint: 60260 ns, Cleanup: 16877 ns, At safepoint: 11924 ns, Total: 89061 ns
[2025-05-22T22:09:27.313+0000][71][info ][safepoint   ] Safepoint "Cleanup", Time since last: 2000741065 ns, Reaching safepoint: 28339 ns, Cleanup: 18681 ns, At safepoint: 12199 ns, Total: 59219 ns
[2025-05-22T22:09:37.315+0000][71][info ][safepoint   ] Safepoint "Cleanup", Time since last: 10001769406 ns, Reaching safepoint: 22176 ns, Cleanup: 46732 ns, At safepoint: 11366 ns, Total: 80274 ns
[2025-05-22T22:09:42.316+0000][71][info ][safepoint   ] Safepoint "Cleanup", Time since last: 5001109015 ns, Reaching safepoint: 26523 ns, Cleanup: 29508 ns, At safepoint: 12179 ns, Total: 68210 ns
[2025-05-22T22:09:43.319+0000][71][info ][safepoint   ] Safepoint "Cleanup", Time since last: 1002895663 ns, Reaching safepoint: 6318 ns, Cleanup: 9188 ns, At safepoint: 3044 ns, Total: 18550 ns
[2025-05-22T22:09:45.248+0000][71][info ][safepoint   ] Safepoint "Cleanup", Time since last: 1928850577 ns, Reaching safepoint: 13200 ns, Cleanup: 10367 ns, At safepoint: 30884 ns, Total: 54451 ns
[2025-05-22T22:09:46.260+0000][71][info ][safepoint   ] Safepoint "Cleanup", Time since last: 1011654272 ns, Reaching safepoint: 24004 ns, Cleanup: 16088 ns, At safepoint: 11288 ns, Total: 51380 ns
[2025-05-22T22:09:47.261+0000][71][info ][safepoint   ] Safepoint "Cleanup", Time since last: 1001370213 ns, Reaching safepoint: 26020 ns, Cleanup: 17345 ns, At safepoint: 11592 ns, Total: 54957 ns
[2025-05-22T22:10:12.711+0000][71][info ][safepoint   ] Safepoint "Cleanup", Time since last: 25451065175 ns, Reaching safepoint: 65026 ns, Cleanup: 16291 ns, At safepoint: 15088 ns, Total: 96405 ns
[2025-05-22T22:10:22.713+0000][71][info ][safepoint   ] Safepoint "Cleanup", Time since last: 10002146620 ns, Reaching safepoint: 27003 ns, Cleanup: 15382 ns, At safepoint: 15607 ns, Total: 57992 ns
[2025-05-22T22:10:37.713+0000][71][info ][safepoint   ] Safepoint "Cleanup", Time since last: 15002413397 ns, Reaching safepoint: 63484 ns, Cleanup: 31075 ns, At safepoint: 12897 ns, Total: 107456 ns
[2025-05-22T22:10:42.715+0000][71][info ][safepoint   ] Safepoint "Cleanup", Time since last: 5001902440 ns, Reaching safepoint: 49697 ns, Cleanup: 17079 ns, At safepoint: 11313 ns, Total: 78089 ns
[2025-05-22T22:11:04.368+0000][71][info ][safepoint   ] Safepoint "Cleanup", Time since last: 21654846916 ns, Reaching safepoint: 15320 ns, Cleanup: 11085 ns, At safepoint: 5751 ns, Total: 32156 ns
[2025-05-22T22:12:37.397+0000][71][info ][safepoint   ] Safepoint "Cleanup", Time since last: 93037744106 ns, Reaching safepoint: 66000 ns, Cleanup: 20186 ns, At safepoint: 13861 ns, Total: 100047 ns
[2025-05-22T22:12:47.399+0000][71][info ][safepoint   ] Safepoint "Cleanup", Time since last: 10001866099 ns, Reaching safepoint: 63881 ns, Cleanup: 16004 ns, At safepoint: 15054 ns, Total: 94939 ns
[2025-05-22T22:13:06.793+0000][71][info ][safepoint   ] Safepoint "Cleanup", Time since last: 19395124653 ns, Reaching safepoint: 22990 ns, Cleanup: 17218 ns, At safepoint: 10193 ns, Total: 50401 ns
[2025-05-22T22:13:09.500+0000][71][info ][safepoint   ] Safepoint "Cleanup", Time since last: 2706384432 ns, Reaching safepoint: 15502 ns, Cleanup: 10977 ns, At safepoint: 18235 ns, Total: 44714 ns
[2025-05-22T22:14:11.822+0000][71][info ][safepoint   ] Safepoint "Cleanup", Time since last: 62326960702 ns, Reaching safepoint: 26180 ns, Cleanup: 16265 ns, At safepoint: 11888 ns, Total: 54333 ns
[2025-05-22T22:14:25.448+0000][71][info ][safepoint   ] Safepoint "Cleanup", Time since last: 13627612088 ns, Reaching safepoint: 6723 ns, Cleanup: 10527 ns, At safepoint: 3265 ns, Total: 20515 ns
[2025-05-22T22:15:37.497+0000][71][info ][safepoint   ] Safepoint "Cleanup", Time since last: 72054150601 ns, Reaching safepoint: 59046 ns, Cleanup: 17130 ns, At safepoint: 11882 ns, Total: 88058 ns
[2025-05-22T22:21:37.652+0000][71][info ][safepoint   ] Safepoint "Cleanup", Time since last: 360183288713 ns, Reaching safepoint: 28892 ns, Cleanup: 17501 ns, At safepoint: 10472 ns, Total: 56865 ns
[2025-05-22T22:22:22.058+0000][71][info ][safepoint   ] Safepoint "Cleanup", Time since last: 44408665394 ns, Reaching safepoint: 26597 ns, Cleanup: 16957 ns, At safepoint: 14162 ns, Total: 57716 ns
[2025-05-22T22:22:36.665+0000][71][info ][safepoint   ] Safepoint "Cleanup", Time since last: 14608323817 ns, Reaching safepoint: 13716 ns, Cleanup: 11781 ns, At safepoint: 20101 ns, Total: 45598 ns
[2025-05-22T22:22:37.675+0000][71][info ][safepoint   ] Safepoint "Cleanup", Time since last: 1010553137 ns, Reaching safepoint: 37511 ns, Cleanup: 25461 ns, At safepoint: 21099 ns, Total: 84071 ns
[2025-05-22T22:22:42.677+0000][71][info ][safepoint   ] Safepoint "Cleanup", Time since last: 5001285525 ns, Reaching safepoint: 27334 ns, Cleanup: 16736 ns, At safepoint: 12606 ns, Total: 56676 ns
[2025-05-22T22:23:07.086+0000][71][info ][safepoint   ] Safepoint "Cleanup", Time since last: 24411070838 ns, Reaching safepoint: 27372 ns, Cleanup: 17239 ns, At safepoint: 10870 ns, Total: 55481 ns
[2025-05-22T22:24:30.705+0000][71][info ][safepoint   ] Safepoint "Cleanup", Time since last: 83626436498 ns, Reaching safepoint: 20953 ns, Cleanup: 16489 ns, At safepoint: 23903 ns, Total: 61345 ns
[2025-05-22T22:24:36.730+0000][71][info ][safepoint   ] Safepoint "Cleanup", Time since last: 6025214002 ns, Reaching safepoint: 26520 ns, Cleanup: 16011 ns, At safepoint: 10990 ns, Total: 53521 ns
[2025-05-22T22:26:48.814+0000][71][info ][safepoint   ] Safepoint "Cleanup", Time since last: 132093051889 ns, Reaching safepoint: 23250 ns, Cleanup: 11014 ns, At safepoint: 19992 ns, Total: 54256 ns
[2025-05-22T22:27:26.192+0000][71][info ][safepoint   ] Safepoint "Cleanup", Time since last: 37382378517 ns, Reaching safepoint: 25827 ns, Cleanup: 15526 ns, At safepoint: 77327 ns, Total: 118680 ns
[2025-05-22T22:27:51.466+0000][71][info ][safepoint   ] Safepoint "Cleanup", Time since last: 25274035723 ns, Reaching safepoint: 14089 ns, Cleanup: 12346 ns, At safepoint: 21009 ns, Total: 47444 ns
[2025-05-22T22:28:52.222+0000][71][info ][safepoint   ] Safepoint "Cleanup", Time since last: 60760683499 ns, Reaching safepoint: 55129 ns, Cleanup: 18562 ns, At safepoint: 13588 ns, Total: 87279 ns
[2025-05-22T22:29:36.903+0000][71][info ][safepoint   ] Safepoint "Cleanup", Time since last: 44685861567 ns, Reaching safepoint: 62807 ns, Cleanup: 18552 ns, At safepoint: 12366 ns, Total: 93725 ns
[2025-05-22T22:29:57.927+0000][71][info ][safepoint   ] Safepoint "Cleanup", Time since last: 21026458259 ns, Reaching safepoint: 17389 ns, Cleanup: 27612 ns, At safepoint: 91946 ns, Total: 136947 ns
[2025-05-22T22:35:13.079+0000][71][info ][safepoint   ] Safepoint "Cleanup", Time since last: 315174330196 ns, Reaching safepoint: 9704 ns, Cleanup: 17900 ns, At safepoint: 16393 ns, Total: 43997 ns
[2025-05-22T22:42:21.536+0000][71][info ][gc,start    ] GC(38) Pause Young (Mixed) (G1 Evacuation Pause)
[2025-05-22T22:42:21.537+0000][71][info ][gc,task     ] GC(38) Using 10 workers of 10 for evacuation
[2025-05-22T22:42:21.539+0000][71][debug][gc,age      ] GC(38) Desired survivor size 153092096 bytes, new threshold 15 (max threshold 15)
[2025-05-22T22:42:21.559+0000][71][info ][gc,phases   ] GC(38)   Pre Evacuate Collection Set: 0.67ms
[2025-05-22T22:42:21.559+0000][71][info ][gc,phases   ] GC(38)   Merge Heap Roots: 0.49ms
[2025-05-22T22:42:21.559+0000][71][info ][gc,phases   ] GC(38)   Evacuate Collection Set: 15.75ms
[2025-05-22T22:42:21.560+0000][71][info ][gc,phases   ] GC(38)   Post Evacuate Collection Set: 2.25ms
[2025-05-22T22:42:21.560+0000][71][info ][gc,phases   ] GC(38)   Other: 2.52ms
[2025-05-22T22:42:21.560+0000][71][trace][gc,age      ] GC(38) Age table with threshold 15 (max threshold 15)
[2025-05-22T22:42:21.561+0000][71][trace][gc,age      ] GC(38) - age   1:    1341320 bytes,    1341320 total
[2025-05-22T22:42:21.561+0000][71][trace][gc,age      ] GC(38) - age   2:     203488 bytes,    1544808 total
[2025-05-22T22:42:21.562+0000][71][trace][gc,age      ] GC(38) - age   3:     110512 bytes,    1655320 total
[2025-05-22T22:42:21.563+0000][71][trace][gc,age      ] GC(38) - age   4:     113488 bytes,    1768808 total
[2025-05-22T22:42:21.564+0000][71][trace][gc,age      ] GC(38) - age   5:     118048 bytes,    1886856 total
[2025-05-22T22:42:21.565+0000][71][trace][gc,age      ] GC(38) - age   6:     120912 bytes,    2007768 total
[2025-05-22T22:42:21.566+0000][71][trace][gc,age      ] GC(38) - age   7:     127816 bytes,    2135584 total
[2025-05-22T22:42:21.566+0000][71][trace][gc,age      ] GC(38) - age   8:     116496 bytes,    2252080 total
[2025-05-22T22:42:21.567+0000][71][trace][gc,age      ] GC(38) - age   9:    1180488 bytes,    3432568 total
[2025-05-22T22:42:21.567+0000][71][trace][gc,age      ] GC(38) - age  10:     130392 bytes,    3562960 total
[2025-05-22T22:42:21.568+0000][71][trace][gc,age      ] GC(38) - age  11:      83568 bytes,    3646528 total
[2025-05-22T22:42:21.569+0000][71][trace][gc,age      ] GC(38) - age  12:     128896 bytes,    3775424 total
[2025-05-22T22:42:21.569+0000][71][trace][gc,age      ] GC(38) - age  13:     167080 bytes,    3942504 total
[2025-05-22T22:42:21.570+0000][71][trace][gc,age      ] GC(38) - age  14:     327760 bytes,    4270264 total
[2025-05-22T22:42:21.570+0000][71][trace][gc,age      ] GC(38) - age  15:     104880 bytes,    4375144 total
[2025-05-22T22:42:21.571+0000][71][info ][gc,heap     ] GC(38) Eden regions: 580->0(580)
[2025-05-22T22:42:21.572+0000][71][info ][gc,heap     ] GC(38) Survivor regions: 2->2(73)
[2025-05-22T22:42:21.573+0000][71][info ][gc,heap     ] GC(38) Old regions: 27->27
[2025-05-22T22:42:21.573+0000][71][info ][gc,heap     ] GC(38) Humongous regions: 0->0
[2025-05-22T22:42:21.573+0000][71][info ][gc,metaspace] GC(38) Metaspace: 147039K(151616K)->147039K(151616K) NonClass: 127507K(129664K)->127507K(129664K) Class: 19532K(21952K)->19532K(21952K)
[2025-05-22T22:42:21.574+0000][71][info ][gc          ] GC(38) Pause Young (Mixed) (G1 Evacuation Pause) 2430M->110M(3880M) 37.538ms
[2025-05-22T22:42:21.574+0000][71][info ][gc,cpu      ] GC(38) User=0.14s Sys=0.00s Real=0.04s
[2025-05-22T22:42:21.575+0000][71][info ][safepoint   ] Safepoint "G1CollectForAllocation", Time since last: 428490846130 ns, Reaching safepoint: 24874 ns, Cleanup: 6546 ns, At safepoint: 38373914 ns, Total: 38405334 ns
[2025-05-22T22:45:36.698+0000][71][info ][safepoint   ] Safepoint "Cleanup", Time since last: 195141763348 ns, Reaching safepoint: 67732 ns, Cleanup: 18241 ns, At safepoint: 12078 ns, Total: 98051 ns
[2025-05-22T22:47:55.417+0000][71][info ][safepoint   ] Safepoint "Cleanup", Time since last: 138731826026 ns, Reaching safepoint: 26988 ns, Cleanup: 18192 ns, At safepoint: 11083 ns, Total: 56263 ns
[2025-05-22T22:48:51.421+0000][71][info ][safepoint   ] Safepoint "Cleanup", Time since last: 56005604197 ns, Reaching safepoint: 28271 ns, Cleanup: 15593 ns, At safepoint: 70027 ns, Total: 113891 ns
[2025-05-22T22:50:37.440+0000][71][info ][safepoint   ] Safepoint "Cleanup", Time since last: 106029400646 ns, Reaching safepoint: 58392 ns, Cleanup: 18183 ns, At safepoint: 14586 ns, Total: 91161 ns
[2025-05-22T22:50:57.497+0000][71][info ][safepoint   ] Safepoint "Cleanup", Time since last: 20060159700 ns, Reaching safepoint: 14913 ns, Cleanup: 10888 ns, At safepoint: 63220 ns, Total: 89021 ns
[2025-05-22T22:53:37.594+0000][71][info ][safepoint   ] Safepoint "Cleanup", Time since last: 160108747290 ns, Reaching safepoint: 44189 ns, Cleanup: 15146 ns, At safepoint: 9025 ns, Total: 68360 ns
[2025-05-22T22:54:06.401+0000][71][info ][safepoint   ] Safepoint "Cleanup", Time since last: 28809575866 ns, Reaching safepoint: 425907 ns, Cleanup: 14348 ns, At safepoint: 54421 ns, Total: 494676 ns
[2025-05-22T22:55:36.811+0000][71][info ][safepoint   ] Safepoint "Cleanup", Time since last: 90417595683 ns, Reaching safepoint: 84188 ns, Cleanup: 16697 ns, At safepoint: 11672 ns, Total: 112557 ns
[2025-05-22T22:57:15.423+0000][71][info ][safepoint   ] Safepoint "Cleanup", Time since last: 98618810571 ns, Reaching safepoint: 17661 ns, Cleanup: 13100 ns, At safepoint: 86686 ns, Total: 117447 ns
[2025-05-22T22:58:25.748+0000][71][info ][safepoint   ] Safepoint "Cleanup", Time since last: 70332345632 ns, Reaching safepoint: 35692 ns, Cleanup: 15239 ns, At safepoint: 8739 ns, Total: 59670 ns
[2025-05-22T23:00:24.838+0000][71][info ][safepoint   ] Safepoint "Cleanup", Time since last: 119096332051 ns, Reaching safepoint: 7727 ns, Cleanup: 10153 ns, At safepoint: 3825 ns, Total: 21705 ns
[2025-05-22T23:08:03.382+0000][71][info ][safepoint   ] Safepoint "Cleanup", Time since last: 458583580653 ns, Reaching safepoint: 151129 ns, Cleanup: 15654 ns, At safepoint: 71368 ns, Total: 238151 ns
[2025-05-22T23:08:04.398+0000][71][info ][safepoint   ] Safepoint "Cleanup", Time since last: 1015508640 ns, Reaching safepoint: 14035 ns, Cleanup: 16655 ns, At safepoint: 19944 ns, Total: 50634 ns
[2025-05-22T23:08:12.062+0000][71][info ][safepoint   ] Safepoint "Cleanup", Time since last: 7664297171 ns, Reaching safepoint: 20985 ns, Cleanup: 16583 ns, At safepoint: 10729 ns, Total: 48297 ns
[2025-05-22T23:09:58.133+0000][71][info ][safepoint   ] Safepoint "Cleanup", Time since last: 106080394289 ns, Reaching safepoint: 17157 ns, Cleanup: 11664 ns, At safepoint: 36660 ns, Total: 65481 ns
[2025-05-22T23:10:55.189+0000][71][info ][safepoint   ] Safepoint "Cleanup", Time since last: 57058654454 ns, Reaching safepoint: 6337 ns, Cleanup: 22859 ns, At safepoint: 13032 ns, Total: 42228 ns
[2025-05-22T23:16:27.319+0000][71][info ][safepoint   ] Safepoint "Cleanup", Time since last: 332158452440 ns, Reaching safepoint: 55682 ns, Cleanup: 15620 ns, At safepoint: 9592 ns, Total: 80894 ns
[2025-05-22T23:16:34.320+0000][71][info ][safepoint   ] Safepoint "Cleanup", Time since last: 7001384914 ns, Reaching safepoint: 59097 ns, Cleanup: 18194 ns, At safepoint: 13246 ns, Total: 90537 ns
[2025-05-22T23:20:02.400+0000][71][info ][safepoint   ] Safepoint "Cleanup", Time since last: 208096882209 ns, Reaching safepoint: 49966 ns, Cleanup: 14884 ns, At safepoint: 9397 ns, Total: 74247 ns
[2025-05-22T23:23:36.532+0000][71][info ][safepoint   ] Safepoint "Cleanup", Time since last: 214148408682 ns, Reaching safepoint: 28117 ns, Cleanup: 22151 ns, At safepoint: 13077 ns, Total: 63345 ns
[2025-05-22T23:25:36.611+0000][71][info ][safepoint   ] Safepoint "Cleanup", Time since last: 120088103782 ns, Reaching safepoint: 7240 ns, Cleanup: 6399 ns, At safepoint: 16815 ns, Total: 30454 ns
[2025-05-22T23:27:36.865+0000][71][info ][safepoint   ] Safepoint "Cleanup", Time since last: 120263162338 ns, Reaching safepoint: 51051 ns, Cleanup: 15849 ns, At safepoint: 9817 ns, Total: 76717 ns
[2025-05-22T23:30:36.720+0000][71][info ][safepoint   ] Safepoint "Cleanup", Time since last: 179869194162 ns, Reaching safepoint: 62203 ns, Cleanup: 18397 ns, At safepoint: 15217 ns, Total: 95817 ns
[2025-05-22T23:33:59.337+0000][71][info ][gc,start    ] GC(39) Pause Young (Concurrent Start) (G1 Evacuation Pause)
[2025-05-22T23:33:59.337+0000][71][info ][gc,task     ] GC(39) Using 10 workers of 10 for evacuation
[2025-05-22T23:33:59.339+0000][71][debug][gc,age      ] GC(39) Desired survivor size 153092096 bytes, new threshold 15 (max threshold 15)
[2025-05-22T23:33:59.353+0000][71][info ][gc,phases   ] GC(39)   Pre Evacuate Collection Set: 0.94ms
[2025-05-22T23:33:59.354+0000][71][info ][gc,phases   ] GC(39)   Merge Heap Roots: 0.46ms
[2025-05-22T23:33:59.355+0000][71][info ][gc,phases   ] GC(39)   Evacuate Collection Set: 9.94ms
[2025-05-22T23:33:59.356+0000][71][info ][gc,phases   ] GC(39)   Post Evacuate Collection Set: 1.50ms
[2025-05-22T23:33:59.356+0000][71][info ][gc,phases   ] GC(39)   Other: 2.56ms
[2025-05-22T23:33:59.357+0000][71][trace][gc,age      ] GC(39) Age table with threshold 15 (max threshold 15)
[2025-05-22T23:33:59.357+0000][71][trace][gc,age      ] GC(39) - age   1:    1459424 bytes,    1459424 total
[2025-05-22T23:33:59.357+0000][71][trace][gc,age      ] GC(39) - age   2:     670424 bytes,    2129848 total
[2025-05-22T23:33:59.357+0000][71][trace][gc,age      ] GC(39) - age   3:     135264 bytes,    2265112 total
[2025-05-22T23:33:59.358+0000][71][trace][gc,age      ] GC(39) - age   4:     110320 bytes,    2375432 total
[2025-05-22T23:33:59.358+0000][71][trace][gc,age      ] GC(39) - age   5:     113144 bytes,    2488576 total
[2025-05-22T23:33:59.358+0000][71][trace][gc,age      ] GC(39) - age   6:     117528 bytes,    2606104 total
[2025-05-22T23:33:59.358+0000][71][trace][gc,age      ] GC(39) - age   7:     120776 bytes,    2726880 total
[2025-05-22T23:33:59.359+0000][71][trace][gc,age      ] GC(39) - age   8:     127776 bytes,    2854656 total
[2025-05-22T23:33:59.359+0000][71][trace][gc,age      ] GC(39) - age   9:     116496 bytes,    2971152 total
[2025-05-22T23:33:59.359+0000][71][trace][gc,age      ] GC(39) - age  10:    1180488 bytes,    4151640 total
[2025-05-22T23:33:59.359+0000][71][trace][gc,age      ] GC(39) - age  11:     130256 bytes,    4281896 total
[2025-05-22T23:33:59.360+0000][71][trace][gc,age      ] GC(39) - age  12:      83568 bytes,    4365464 total
[2025-05-22T23:33:59.360+0000][71][trace][gc,age      ] GC(39) - age  13:     128896 bytes,    4494360 total
[2025-05-22T23:33:59.361+0000][71][trace][gc,age      ] GC(39) - age  14:     167080 bytes,    4661440 total
[2025-05-22T23:33:59.362+0000][71][trace][gc,age      ] GC(39) - age  15:     327624 bytes,    4989064 total
[2025-05-22T23:33:59.363+0000][71][info ][gc,heap     ] GC(39) Eden regions: 580->0(580)
[2025-05-22T23:33:59.363+0000][71][info ][gc,heap     ] GC(39) Survivor regions: 2->2(73)
[2025-05-22T23:33:59.364+0000][71][info ][gc,heap     ] GC(39) Old regions: 27->27
[2025-05-22T23:33:59.365+0000][71][info ][gc,heap     ] GC(39) Humongous regions: 0->0
[2025-05-22T23:33:59.367+0000][71][info ][gc,metaspace] GC(39) Metaspace: 147054K(151616K)->147054K(151616K) NonClass: 127522K(129664K)->127522K(129664K) Class: 19532K(21952K)->19532K(21952K)
[2025-05-22T23:33:59.367+0000][71][info ][gc          ] GC(39) Pause Young (Concurrent Start) (G1 Evacuation Pause) 2430M->111M(3880M) 30.739ms
[2025-05-22T23:33:59.368+0000][71][info ][gc,cpu      ] GC(39) User=0.08s Sys=0.00s Real=0.04s
[2025-05-22T23:33:59.368+0000][71][info ][gc          ] GC(40) Concurrent Mark Cycle
[2025-05-22T23:33:59.369+0000][71][info ][gc,marking  ] GC(40) Concurrent Scan Root Regions
[2025-05-22T23:33:59.369+0000][71][info ][safepoint   ] Safepoint "G1CollectForAllocation", Time since last: 202633616932 ns, Reaching safepoint: 101683 ns, Cleanup: 5329 ns, At safepoint: 32545721 ns, Total: 32652733 ns
[2025-05-22T23:33:59.386+0000][71][info ][gc,marking  ] GC(40) Concurrent Scan Root Regions 16.085ms
[2025-05-22T23:33:59.386+0000][71][info ][gc,marking  ] GC(40) Concurrent Mark
[2025-05-22T23:33:59.386+0000][71][info ][gc,marking  ] GC(40) Concurrent Mark From Roots
[2025-05-22T23:33:59.387+0000][71][info ][gc,task     ] GC(40) Using 3 workers of 3 for marking
[2025-05-22T23:33:59.530+0000][71][info ][gc,marking  ] GC(40) Concurrent Mark From Roots 144.015ms
[2025-05-22T23:33:59.532+0000][71][info ][gc,marking  ] GC(40) Concurrent Preclean
[2025-05-22T23:33:59.535+0000][71][info ][gc,marking  ] GC(40) Concurrent Preclean 3.018ms
[2025-05-22T23:33:59.537+0000][71][info ][gc,start    ] GC(40) Pause Remark
[2025-05-22T23:33:59.560+0000][71][info ][gc          ] GC(40) Pause Remark 111M->111M(3880M) 22.379ms
[2025-05-22T23:33:59.562+0000][71][info ][gc,cpu      ] GC(40) User=0.16s Sys=0.00s Real=0.03s
[2025-05-22T23:33:59.562+0000][71][info ][safepoint   ] Safepoint "G1PauseRemark", Time since last: 168155516 ns, Reaching safepoint: 25153 ns, Cleanup: 5911 ns, At safepoint: 24841187 ns, Total: 24872251 ns
[2025-05-22T23:33:59.564+0000][71][info ][gc,marking  ] GC(40) Concurrent Mark 178.199ms
[2025-05-22T23:33:59.565+0000][71][info ][gc,marking  ] GC(40) Concurrent Rebuild Remembered Sets and Scrub Regions
[2025-05-22T23:33:59.598+0000][71][info ][gc,marking  ] GC(40) Concurrent Rebuild Remembered Sets and Scrub Regions 33.026ms
[2025-05-22T23:33:59.601+0000][71][info ][gc,start    ] GC(40) Pause Cleanup
[2025-05-22T23:33:59.602+0000][71][info ][gc          ] GC(40) Pause Cleanup 111M->111M(3880M) 0.953ms
[2025-05-22T23:33:59.602+0000][71][info ][gc,cpu      ] GC(40) User=0.00s Sys=0.00s Real=0.00s
[2025-05-22T23:33:59.602+0000][71][info ][safepoint   ] Safepoint "G1PauseCleanup", Time since last: 38498799 ns, Reaching safepoint: 25911 ns, Cleanup: 12686 ns, At safepoint: 1690253 ns, Total: 1728850 ns
[2025-05-22T23:33:59.603+0000][71][info ][gc,marking  ] GC(40) Concurrent Clear Claimed Marks
[2025-05-22T23:33:59.603+0000][71][info ][gc,marking  ] GC(40) Concurrent Clear Claimed Marks 0.508ms
[2025-05-22T23:33:59.604+0000][71][info ][gc,marking  ] GC(40) Concurrent Cleanup for Next Mark
[2025-05-22T23:33:59.673+0000][71][info ][gc,marking  ] GC(40) Concurrent Cleanup for Next Mark 69.872ms
[2025-05-22T23:33:59.674+0000][71][info ][gc          ] GC(40) Concurrent Mark Cycle 305.956ms
[2025-05-22T23:35:09.075+0000][71][info ][safepoint   ] Safepoint "Cleanup", Time since last: 69477448077 ns, Reaching safepoint: 21747 ns, Cleanup: 14618 ns, At safepoint: 10711 ns, Total: 47076 ns
[2025-05-22T23:35:12.340+0000][71][info ][safepoint   ] Safepoint "Cleanup", Time since last: 3264405588 ns, Reaching safepoint: 9598 ns, Cleanup: 5853 ns, At safepoint: 18039 ns, Total: 33490 ns
[2025-05-22T23:35:13.837+0000][71][info ][safepoint   ] Safepoint "Cleanup", Time since last: 1496917696 ns, Reaching safepoint: 28412 ns, Cleanup: 17073 ns, At safepoint: 13826 ns, Total: 59311 ns
[2025-05-22T23:36:29.879+0000][71][info ][safepoint   ] Safepoint "Cleanup", Time since last: 76049779934 ns, Reaching safepoint: 49490 ns, Cleanup: 14504 ns, At safepoint: 10734 ns, Total: 74728 ns
[2025-05-22T23:37:36.901+0000][71][info ][safepoint   ] Safepoint "Cleanup", Time since last: 67026817041 ns, Reaching safepoint: 89005 ns, Cleanup: 17315 ns, At safepoint: 10731 ns, Total: 117051 ns
[2025-05-22T23:40:00.970+0000][71][info ][safepoint   ] Safepoint "Cleanup", Time since last: 144081164422 ns, Reaching safepoint: 59884 ns, Cleanup: 11005 ns, At safepoint: 16446 ns, Total: 87335 ns
[2025-05-22T23:40:01.976+0000][71][info ][safepoint   ] Safepoint "Cleanup", Time since last: 1005777179 ns, Reaching safepoint: 61165 ns, Cleanup: 17045 ns, At safepoint: 13838 ns, Total: 92048 ns
[2025-05-22T23:40:15.984+0000][71][info ][safepoint   ] Safepoint "Cleanup", Time since last: 14007836325 ns, Reaching safepoint: 15394 ns, Cleanup: 12947 ns, At safepoint: 19223 ns, Total: 47564 ns
[2025-05-22T23:40:17.009+0000][71][info ][safepoint   ] Safepoint "Cleanup", Time since last: 1024511462 ns, Reaching safepoint: 58538 ns, Cleanup: 16221 ns, At safepoint: 26039 ns, Total: 100798 ns
[2025-05-22T23:40:18.315+0000][71][info ][safepoint   ] Safepoint "Cleanup", Time since last: 1305908307 ns, Reaching safepoint: 19411 ns, Cleanup: 13145 ns, At safepoint: 74981 ns, Total: 107537 ns
[2025-05-22T23:46:36.338+0000][71][info ][safepoint   ] Safepoint "Cleanup", Time since last: 378052821142 ns, Reaching safepoint: 19674 ns, Cleanup: 11217 ns, At safepoint: 19429 ns, Total: 50320 ns
[2025-05-22T23:54:25.601+0000][71][info ][safepoint   ] Safepoint "Cleanup", Time since last: 469299506877 ns, Reaching safepoint: 63636 ns, Cleanup: 16323 ns, At safepoint: 15925 ns, Total: 95884 ns
[2025-05-22T23:56:36.654+0000][71][info ][safepoint   ] Safepoint "Cleanup", Time since last: 131061633145 ns, Reaching safepoint: 54078 ns, Cleanup: 17400 ns, At safepoint: 10255 ns, Total: 81733 ns
[2025-05-22T23:57:36.484+0000][71][info ][safepoint   ] Safepoint "Cleanup", Time since last: 59834394867 ns, Reaching safepoint: 81054 ns, Cleanup: 16451 ns, At safepoint: 13616 ns, Total: 111121 ns
[2025-05-23T00:00:00.533+0000][71][info ][safepoint   ] Safepoint "Cleanup", Time since last: 144060230767 ns, Reaching safepoint: 68325 ns, Cleanup: 22410 ns, At safepoint: 25290 ns, Total: 116025 ns
[2025-05-23T00:00:26.564+0000][71][info ][safepoint   ] Safepoint "Cleanup", Time since last: 26033372328 ns, Reaching safepoint: 38412 ns, Cleanup: 18221 ns, At safepoint: 14332 ns, Total: 70965 ns
[2025-05-23T00:00:36.586+0000][71][info ][safepoint   ] Safepoint "Cleanup", Time since last: 10021451271 ns, Reaching safepoint: 57050 ns, Cleanup: 21573 ns, At safepoint: 13354 ns, Total: 91977 ns
[2025-05-23T00:00:44.320+0000][71][info ][safepoint   ] Safepoint "Cleanup", Time since last: 7734655458 ns, Reaching safepoint: 7657 ns, Cleanup: 10861 ns, At safepoint: 2945 ns, Total: 21463 ns
[2025-05-23T00:00:45.326+0000][71][info ][safepoint   ] Safepoint "Cleanup", Time since last: 1005228098 ns, Reaching safepoint: 24955 ns, Cleanup: 16000 ns, At safepoint: 11312 ns, Total: 52267 ns
[2025-05-23T00:01:18.334+0000][71][info ][safepoint   ] Safepoint "Cleanup", Time since last: 33010777291 ns, Reaching safepoint: 6593 ns, Cleanup: 8384 ns, At safepoint: 3428 ns, Total: 18405 ns
[2025-05-23T00:01:19.605+0000][71][info ][safepoint   ] Safepoint "Cleanup", Time since last: 1270847303 ns, Reaching safepoint: 26332 ns, Cleanup: 17018 ns, At safepoint: 12067 ns, Total: 55417 ns
[2025-05-23T00:07:11.934+0000][71][info ][safepoint   ] Safepoint "Cleanup", Time since last: 352356265371 ns, Reaching safepoint: 31469 ns, Cleanup: 22024 ns, At safepoint: 12940 ns, Total: 66433 ns
[2025-05-23T00:08:06.758+0000][71][info ][safepoint   ] Safepoint "Cleanup", Time since last: 54827705835 ns, Reaching safepoint: 712711 ns, Cleanup: 11530 ns, At safepoint: 80868 ns, Total: 805109 ns
[2025-05-23T00:08:09.402+0000][71][info ][safepoint   ] Safepoint "Cleanup", Time since last: 2644259785 ns, Reaching safepoint: 8823 ns, Cleanup: 11554 ns, At safepoint: 12914 ns, Total: 33291 ns
[2025-05-23T00:08:10.775+0000][71][info ][safepoint   ] Safepoint "Cleanup", Time since last: 1372576646 ns, Reaching safepoint: 17356 ns, Cleanup: 12040 ns, At safepoint: 23595 ns, Total: 52991 ns
[2025-05-23T00:08:33.834+0000][71][info ][safepoint   ] Safepoint "Cleanup", Time since last: 23061839160 ns, Reaching safepoint: 26271 ns, Cleanup: 16795 ns, At safepoint: 12164 ns, Total: 55230 ns
[2025-05-23T00:08:36.835+0000][71][info ][safepoint   ] Safepoint "Cleanup", Time since last: 3000774800 ns, Reaching safepoint: 20875 ns, Cleanup: 14438 ns, At safepoint: 9483 ns, Total: 44796 ns
[2025-05-23T00:08:39.403+0000][71][info ][safepoint   ] Safepoint "Cleanup", Time since last: 2567780038 ns, Reaching safepoint: 12967 ns, Cleanup: 11265 ns, At safepoint: 20160 ns, Total: 44392 ns
[2025-05-23T00:08:40.812+0000][71][info ][safepoint   ] Safepoint "Cleanup", Time since last: 1409237369 ns, Reaching safepoint: 18692 ns, Cleanup: 15291 ns, At safepoint: 8923 ns, Total: 42906 ns
[2025-05-23T00:11:37.035+0000][71][info ][safepoint   ] Safepoint "Cleanup", Time since last: 176238702634 ns, Reaching safepoint: 58919 ns, Cleanup: 17560 ns, At safepoint: 10687 ns, Total: 87166 ns
[2025-05-23T00:17:12.186+0000][71][info ][safepoint   ] Safepoint "Cleanup", Time since last: 335185672991 ns, Reaching safepoint: 29128 ns, Cleanup: 15640 ns, At safepoint: 11930 ns, Total: 56698 ns
[2025-05-23T00:20:57.019+0000][71][info ][safepoint   ] Safepoint "Cleanup", Time since last: 224857668357 ns, Reaching safepoint: 29543 ns, Cleanup: 19489 ns, At safepoint: 11662 ns, Total: 60694 ns
[2025-05-23T00:22:07.312+0000][71][info ][safepoint   ] Safepoint "Cleanup", Time since last: 70298915019 ns, Reaching safepoint: 28412 ns, Cleanup: 16690 ns, At safepoint: 12824 ns, Total: 57926 ns
[2025-05-23T00:22:45.061+0000][71][info ][gc,start    ] GC(41) Pause Young (Prepare Mixed) (G1 Evacuation Pause)
[2025-05-23T00:22:45.062+0000][71][info ][gc,task     ] GC(41) Using 10 workers of 10 for evacuation
[2025-05-23T00:22:45.063+0000][71][debug][gc,age      ] GC(41) Desired survivor size 153092096 bytes, new threshold 15 (max threshold 15)
[2025-05-23T00:22:45.124+0000][71][info ][gc,phases   ] GC(41)   Pre Evacuate Collection Set: 4.65ms
[2025-05-23T00:22:45.124+0000][71][info ][gc,phases   ] GC(41)   Merge Heap Roots: 3.70ms
[2025-05-23T00:22:45.124+0000][71][info ][gc,phases   ] GC(41)   Evacuate Collection Set: 44.02ms
[2025-05-23T00:22:45.125+0000][71][info ][gc,phases   ] GC(41)   Post Evacuate Collection Set: 7.54ms
[2025-05-23T00:22:45.125+0000][71][info ][gc,phases   ] GC(41)   Other: 1.89ms
[2025-05-23T00:22:45.125+0000][71][trace][gc,age      ] GC(41) Age table with threshold 15 (max threshold 15)
[2025-05-23T00:22:45.126+0000][71][trace][gc,age      ] GC(41) - age   1:    1261448 bytes,    1261448 total
[2025-05-23T00:22:45.126+0000][71][trace][gc,age      ] GC(41) - age   2:     189608 bytes,    1451056 total
[2025-05-23T00:22:45.127+0000][71][trace][gc,age      ] GC(41) - age   3:     495176 bytes,    1946232 total
[2025-05-23T00:22:45.128+0000][71][trace][gc,age      ] GC(41) - age   4:     134808 bytes,    2081040 total
[2025-05-23T00:22:45.129+0000][71][trace][gc,age      ] GC(41) - age   5:     110120 bytes,    2191160 total
[2025-05-23T00:22:45.130+0000][71][trace][gc,age      ] GC(41) - age   6:     112992 bytes,    2304152 total
[2025-05-23T00:22:45.130+0000][71][trace][gc,age      ] GC(41) - age   7:     117488 bytes,    2421640 total
[2025-05-23T00:22:45.131+0000][71][trace][gc,age      ] GC(41) - age   8:     120512 bytes,    2542152 total
[2025-05-23T00:22:45.132+0000][71][trace][gc,age      ] GC(41) - age   9:     127776 bytes,    2669928 total
[2025-05-23T00:22:45.133+0000][71][trace][gc,age      ] GC(41) - age  10:     116496 bytes,    2786424 total
[2025-05-23T00:22:45.133+0000][71][trace][gc,age      ] GC(41) - age  11:    1180488 bytes,    3966912 total
[2025-05-23T00:22:45.133+0000][71][trace][gc,age      ] GC(41) - age  12:     130256 bytes,    4097168 total
[2025-05-23T00:22:45.134+0000][71][trace][gc,age      ] GC(41) - age  13:      83568 bytes,    4180736 total
[2025-05-23T00:22:45.134+0000][71][trace][gc,age      ] GC(41) - age  14:     128760 bytes,    4309496 total
[2025-05-23T00:22:45.134+0000][71][trace][gc,age      ] GC(41) - age  15:     167080 bytes,    4476576 total
[2025-05-23T00:22:45.135+0000][71][info ][gc,heap     ] GC(41) Eden regions: 580->0(580)
[2025-05-23T00:22:45.135+0000][71][info ][gc,heap     ] GC(41) Survivor regions: 2->2(73)
[2025-05-23T00:22:45.135+0000][71][info ][gc,heap     ] GC(41) Old regions: 27->27
[2025-05-23T00:22:45.135+0000][71][info ][gc,heap     ] GC(41) Humongous regions: 0->0
[2025-05-23T00:22:45.136+0000][71][info ][gc,metaspace] GC(41) Metaspace: 147070K(151616K)->147070K(151616K) NonClass: 127537K(129664K)->127537K(129664K) Class: 19532K(21952K)->19532K(21952K)
[2025-05-23T00:22:45.136+0000][71][info ][gc          ] GC(41) Pause Young (Prepare Mixed) (G1 Evacuation Pause) 2431M->111M(3880M) 75.511ms
[2025-05-23T00:22:45.137+0000][71][info ][gc,cpu      ] GC(41) User=0.36s Sys=0.00s Real=0.08s
[2025-05-23T00:22:45.137+0000][71][info ][safepoint   ] Safepoint "G1CollectForAllocation", Time since last: 37751768872 ns, Reaching safepoint: 17794 ns, Cleanup: 4925 ns, At safepoint: 76618514 ns, Total: 76641233 ns
[2025-05-23T00:27:12.439+0000][71][info ][safepoint   ] Safepoint "Cleanup", Time since last: 267326632105 ns, Reaching safepoint: 34338 ns, Cleanup: 20241 ns, At safepoint: 10183 ns, Total: 64762 ns
[2025-05-23T00:31:45.735+0000][71][info ][safepoint   ] Safepoint "Cleanup", Time since last: 273319756775 ns, Reaching safepoint: 12548 ns, Cleanup: 12681 ns, At safepoint: 3275 ns, Total: 28504 ns
[2025-05-23T00:37:57.709+0000][71][info ][safepoint   ] Safepoint "Cleanup", Time since last: 372005397435 ns, Reaching safepoint: 84489 ns, Cleanup: 15710 ns, At safepoint: 12903 ns, Total: 113102 ns
[2025-05-23T00:45:36.554+0000][71][info ][safepoint   ] Safepoint "Cleanup", Time since last: 458881058557 ns, Reaching safepoint: 81661 ns, Cleanup: 24513 ns, At safepoint: 91984 ns, Total: 198158 ns
[2025-05-23T01:00:00.722+0000][71][info ][safepoint   ] Safepoint "Cleanup", Time since last: 864239143807 ns, Reaching safepoint: 2314903 ns, Cleanup: 583122 ns, At safepoint: 240482 ns, Total: 3138507 ns
[2025-05-23T01:01:01.593+0000][71][info ][safepoint   ] Safepoint "Cleanup", Time since last: 60876444321 ns, Reaching safepoint: 56300 ns, Cleanup: 15738 ns, At safepoint: 79426 ns, Total: 151464 ns
[2025-05-23T01:03:06.961+0000][71][info ][safepoint   ] Safepoint "Cleanup", Time since last: 125378236621 ns, Reaching safepoint: 102633 ns, Cleanup: 16908 ns, At safepoint: 11953 ns, Total: 131494 ns
[2025-05-23T01:07:31.605+0000][71][info ][safepoint   ] Safepoint "Cleanup", Time since last: 264666145649 ns, Reaching safepoint: 161778 ns, Cleanup: 511494 ns, At safepoint: 94965 ns, Total: 768237 ns
[2025-05-23T01:08:07.747+0000][71][info ][safepoint   ] Safepoint "Cleanup", Time since last: 36132046367 ns, Reaching safepoint: 11475541 ns, Cleanup: 219681 ns, At safepoint: 187031 ns, Total: 11882253 ns
[2025-05-23T01:08:08.954+0000][71][info ][safepoint   ] Safepoint "Cleanup", Time since last: 1207062756 ns, Reaching safepoint: 8364 ns, Cleanup: 18654 ns, At safepoint: 13613 ns, Total: 40631 ns
[2025-05-23T01:08:10.027+0000][71][info ][safepoint   ] Safepoint "Cleanup", Time since last: 1073078718 ns, Reaching safepoint: 16831 ns, Cleanup: 97480 ns, At safepoint: 27514 ns, Total: 141825 ns
[2025-05-23T01:08:11.130+0000][71][info ][safepoint   ] Safepoint "Cleanup", Time since last: 1102380212 ns, Reaching safepoint: 60047 ns, Cleanup: 34491 ns, At safepoint: 8849 ns, Total: 103387 ns
[2025-05-23T01:08:35.306+0000][71][info ][safepoint   ] Safepoint "Cleanup", Time since last: 24179753136 ns, Reaching safepoint: 7301 ns, Cleanup: 10033 ns, At safepoint: 13594 ns, Total: 30928 ns
[2025-05-23T01:11:14.304+0000][71][info ][safepoint   ] Safepoint "Cleanup", Time since last: 159009891804 ns, Reaching safepoint: 156696 ns, Cleanup: 56623 ns, At safepoint: 38215 ns, Total: 251534 ns
[2025-05-23T01:12:46.600+0000][71][info ][safepoint   ] Safepoint "Cleanup", Time since last: 92303193770 ns, Reaching safepoint: 34857 ns, Cleanup: 18187 ns, At safepoint: 81905 ns, Total: 134949 ns
[2025-05-23T01:13:06.783+0000][71][info ][gc,start    ] GC(42) Pause Young (Mixed) (G1 Evacuation Pause)
[2025-05-23T01:13:06.790+0000][71][info ][gc,task     ] GC(42) Using 10 workers of 10 for evacuation
[2025-05-23T01:13:06.791+0000][71][debug][gc,age      ] GC(42) Desired survivor size 153092096 bytes, new threshold 15 (max threshold 15)
[2025-05-23T01:13:06.990+0000][71][info ][gc,phases   ] GC(42)   Pre Evacuate Collection Set: 13.77ms
[2025-05-23T01:13:06.990+0000][71][info ][gc,phases   ] GC(42)   Merge Heap Roots: 4.52ms
[2025-05-23T01:13:06.991+0000][71][info ][gc,phases   ] GC(42)   Evacuate Collection Set: 162.85ms
[2025-05-23T01:13:06.991+0000][71][info ][gc,phases   ] GC(42)   Post Evacuate Collection Set: 14.47ms
[2025-05-23T01:13:06.991+0000][71][info ][gc,phases   ] GC(42)   Other: 6.80ms
[2025-05-23T01:13:06.992+0000][71][trace][gc,age      ] GC(42) Age table with threshold 15 (max threshold 15)
[2025-05-23T01:13:06.992+0000][71][trace][gc,age      ] GC(42) - age   1:    1197824 bytes,    1197824 total
[2025-05-23T01:13:06.992+0000][71][trace][gc,age      ] GC(42) - age   2:     185048 bytes,    1382872 total
[2025-05-23T01:13:06.993+0000][71][trace][gc,age      ] GC(42) - age   3:     138504 bytes,    1521376 total
[2025-05-23T01:13:06.993+0000][71][trace][gc,age      ] GC(42) - age   4:     494136 bytes,    2015512 total
[2025-05-23T01:13:06.993+0000][71][trace][gc,age      ] GC(42) - age   5:     118312 bytes,    2133824 total
[2025-05-23T01:13:06.994+0000][71][trace][gc,age      ] GC(42) - age   6:     110120 bytes,    2243944 total
[2025-05-23T01:13:06.994+0000][71][trace][gc,age      ] GC(42) - age   7:     112952 bytes,    2356896 total
[2025-05-23T01:13:06.995+0000][71][trace][gc,age      ] GC(42) - age   8:     117488 bytes,    2474384 total
[2025-05-23T01:13:06.996+0000][71][trace][gc,age      ] GC(42) - age   9:     120512 bytes,    2594896 total
[2025-05-23T01:13:06.996+0000][71][trace][gc,age      ] GC(42) - age  10:     127712 bytes,    2722608 total
[2025-05-23T01:13:06.996+0000][71][trace][gc,age      ] GC(42) - age  11:     116232 bytes,    2838840 total
[2025-05-23T01:13:06.997+0000][71][trace][gc,age      ] GC(42) - age  12:    1180488 bytes,    4019328 total
[2025-05-23T01:13:06.997+0000][71][trace][gc,age      ] GC(42) - age  13:     130256 bytes,    4149584 total
[2025-05-23T01:13:06.997+0000][71][trace][gc,age      ] GC(42) - age  14:      83568 bytes,    4233152 total
[2025-05-23T01:13:06.998+0000][71][trace][gc,age      ] GC(42) - age  15:     128760 bytes,    4361912 total
[2025-05-23T01:13:06.998+0000][71][info ][gc,heap     ] GC(42) Eden regions: 580->0(580)
[2025-05-23T01:13:06.999+0000][71][info ][gc,heap     ] GC(42) Survivor regions: 2->2(73)
[2025-05-23T01:13:06.999+0000][71][info ][gc,heap     ] GC(42) Old regions: 27->27
[2025-05-23T01:13:07.000+0000][71][info ][gc,heap     ] GC(42) Humongous regions: 0->0
[2025-05-23T01:13:07.000+0000][71][info ][gc,metaspace] GC(42) Metaspace: 147130K(151616K)->147130K(151616K) NonClass: 127592K(129664K)->127592K(129664K) Class: 19537K(21952K)->19537K(21952K)
[2025-05-23T01:13:07.001+0000][71][info ][gc          ] GC(42) Pause Young (Mixed) (G1 Evacuation Pause) 2431M->110M(3880M) 217.980ms
[2025-05-23T01:13:07.002+0000][71][info ][gc,cpu      ] GC(42) User=1.31s Sys=0.00s Real=0.22s
[2025-05-23T01:13:07.002+0000][71][info ][safepoint   ] Safepoint "G1CollectForAllocation", Time since last: 20182813403 ns, Reaching safepoint: 131034 ns, Cleanup: 7601 ns, At safepoint: 221994026 ns, Total: 222132661 ns
[2025-05-23T01:16:58.612+0000][71][info ][safepoint   ] Safepoint "Cleanup", Time since last: 231631322144 ns, Reaching safepoint: 22166 ns, Cleanup: 43418 ns, At safepoint: 22407 ns, Total: 87991 ns
[2025-05-23T01:25:19.645+0000][71][info ][safepoint   ] Safepoint "Cleanup", Time since last: 501073747803 ns, Reaching safepoint: 187819 ns, Cleanup: 107841 ns, At safepoint: 64603 ns, Total: 360263 ns
[2025-05-23T01:26:19.908+0000][71][info ][safepoint   ] Safepoint "Cleanup", Time since last: 60268066388 ns, Reaching safepoint: 32985 ns, Cleanup: 51163 ns, At safepoint: 10622 ns, Total: 94770 ns
[2025-05-23T01:26:25.617+0000][71][info ][safepoint   ] Safepoint "Cleanup", Time since last: 5710805472 ns, Reaching safepoint: 376044 ns, Cleanup: 17081 ns, At safepoint: 146865 ns, Total: 539990 ns
[2025-05-23T01:30:01.095+0000][71][info ][safepoint   ] Safepoint "Cleanup", Time since last: 215496316872 ns, Reaching safepoint: 31189 ns, Cleanup: 215653 ns, At safepoint: 77912 ns, Total: 324754 ns
[2025-05-23T01:34:36.130+0000][71][info ][safepoint   ] Safepoint "Cleanup", Time since last: 275054597335 ns, Reaching safepoint: 214221 ns, Cleanup: 1332640 ns, At safepoint: 148663 ns, Total: 1695524 ns
[2025-05-23T01:38:00.567+0000][71][info ][safepoint   ] Safepoint "Cleanup", Time since last: 204454304025 ns, Reaching safepoint: 682051 ns, Cleanup: 18146 ns, At safepoint: 72474 ns, Total: 772671 ns
[2025-05-23T01:38:02.368+0000][71][info ][safepoint   ] Safepoint "Cleanup", Time since last: 1800424955 ns, Reaching safepoint: 25185 ns, Cleanup: 191434 ns, At safepoint: 31805 ns, Total: 248424 ns
[2025-05-23T01:38:56.385+0000][71][info ][safepoint   ] Safepoint "Cleanup", Time since last: 54022020366 ns, Reaching safepoint: 47713 ns, Cleanup: 16441 ns, At safepoint: 8880 ns, Total: 73034 ns
[2025-05-23T01:39:38.417+0000][71][info ][safepoint   ] Safepoint "Cleanup", Time since last: 42035345219 ns, Reaching safepoint: 75467 ns, Cleanup: 20428 ns, At safepoint: 33348 ns, Total: 129243 ns
[2025-05-23T01:40:22.612+0000][71][info ][safepoint   ] Safepoint "Cleanup", Time since last: 44196302936 ns, Reaching safepoint: 48058 ns, Cleanup: 80626 ns, At safepoint: 91386 ns, Total: 220070 ns
[2025-05-23T01:41:04.696+0000][71][info ][safepoint   ] Safepoint "Cleanup", Time since last: 42089093641 ns, Reaching safepoint: 49645 ns, Cleanup: 15753 ns, At safepoint: 8481 ns, Total: 73879 ns
[2025-05-23T01:41:07.621+0000][71][info ][safepoint   ] Safepoint "Cleanup", Time since last: 2922555199 ns, Reaching safepoint: 2245391 ns, Cleanup: 14755 ns, At safepoint: 75021 ns, Total: 2335167 ns
[2025-05-23T01:41:15.493+0000][71][info ][safepoint   ] Safepoint "Cleanup", Time since last: 7872545915 ns, Reaching safepoint: 38460 ns, Cleanup: 16469 ns, At safepoint: 11429 ns, Total: 66358 ns
[2025-05-23T01:41:25.653+0000][71][info ][safepoint   ] Safepoint "Cleanup", Time since last: 10161803386 ns, Reaching safepoint: 10130 ns, Cleanup: 9903 ns, At safepoint: 5635 ns, Total: 25668 ns
[2025-05-23T01:41:27.819+0000][71][info ][safepoint   ] Safepoint "Cleanup", Time since last: 2166440318 ns, Reaching safepoint: 19282 ns, Cleanup: 14724 ns, At safepoint: 9169 ns, Total: 43175 ns
[2025-05-23T01:47:25.630+0000][71][info ][safepoint   ] Safepoint "Cleanup", Time since last: 357838107118 ns, Reaching safepoint: 14171 ns, Cleanup: 21365 ns, At safepoint: 14093 ns, Total: 49629 ns
[2025-05-23T01:49:32.294+0000][71][info ][safepoint   ] Safepoint "Cleanup", Time since last: 126676267929 ns, Reaching safepoint: 23167 ns, Cleanup: 13831 ns, At safepoint: 67376 ns, Total: 104374 ns
[2025-05-23T01:49:33.316+0000][71][info ][safepoint   ] Safepoint "Cleanup", Time since last: 1021055440 ns, Reaching safepoint: 32910 ns, Cleanup: 521358 ns, At safepoint: 46324 ns, Total: 600592 ns
[2025-05-23T01:51:31.629+0000][71][info ][safepoint   ] Safepoint "Cleanup", Time since last: 118322612406 ns, Reaching safepoint: 24810 ns, Cleanup: 36105 ns, At safepoint: 24309 ns, Total: 85224 ns
[2025-05-23T01:53:28.675+0000][71][info ][safepoint   ] Safepoint "Cleanup", Time since last: 117055779489 ns, Reaching safepoint: 835124 ns, Cleanup: 17237 ns, At safepoint: 74431 ns, Total: 926792 ns
[2025-05-23T02:02:46.679+0000][71][info ][gc,start    ] GC(43) Pause Young (Concurrent Start) (G1 Evacuation Pause)
[2025-05-23T02:02:46.689+0000][71][info ][gc,task     ] GC(43) Using 10 workers of 10 for evacuation
[2025-05-23T02:02:46.689+0000][71][debug][gc,age      ] GC(43) Desired survivor size 153092096 bytes, new threshold 15 (max threshold 15)
[2025-05-23T02:02:46.958+0000][71][info ][gc,mmu      ] GC(43) MMU target violated: 201.0ms (200.0ms/201.0ms)
[2025-05-23T02:02:46.959+0000][71][info ][gc,phases   ] GC(43)   Pre Evacuate Collection Set: 25.26ms
[2025-05-23T02:02:46.960+0000][71][info ][gc,phases   ] GC(43)   Merge Heap Roots: 3.80ms
[2025-05-23T02:02:46.960+0000][71][info ][gc,phases   ] GC(43)   Evacuate Collection Set: 216.74ms
[2025-05-23T02:02:46.960+0000][71][info ][gc,phases   ] GC(43)   Post Evacuate Collection Set: 19.83ms
[2025-05-23T02:02:46.961+0000][71][info ][gc,phases   ] GC(43)   Other: 7.80ms
[2025-05-23T02:02:46.961+0000][71][trace][gc,age      ] GC(43) Age table with threshold 15 (max threshold 15)
[2025-05-23T02:02:46.962+0000][71][trace][gc,age      ] GC(43) - age   1:    1397672 bytes,    1397672 total
[2025-05-23T02:02:46.962+0000][71][trace][gc,age      ] GC(43) - age   2:     324824 bytes,    1722496 total
[2025-05-23T02:02:46.962+0000][71][trace][gc,age      ] GC(43) - age   3:     115976 bytes,    1838472 total
[2025-05-23T02:02:46.963+0000][71][trace][gc,age      ] GC(43) - age   4:     138152 bytes,    1976624 total
[2025-05-23T02:02:46.963+0000][71][trace][gc,age      ] GC(43) - age   5:     477384 bytes,    2454008 total
[2025-05-23T02:02:46.963+0000][71][trace][gc,age      ] GC(43) - age   6:     118200 bytes,    2572208 total
[2025-05-23T02:02:46.964+0000][71][trace][gc,age      ] GC(43) - age   7:     110120 bytes,    2682328 total
[2025-05-23T02:02:46.964+0000][71][trace][gc,age      ] GC(43) - age   8:     112952 bytes,    2795280 total
[2025-05-23T02:02:46.964+0000][71][trace][gc,age      ] GC(43) - age   9:     117488 bytes,    2912768 total
[2025-05-23T02:02:46.965+0000][71][trace][gc,age      ] GC(43) - age  10:     120512 bytes,    3033280 total
[2025-05-23T02:02:46.965+0000][71][trace][gc,age      ] GC(43) - age  11:     127712 bytes,    3160992 total
[2025-05-23T02:02:46.966+0000][71][trace][gc,age      ] GC(43) - age  12:     116136 bytes,    3277128 total
[2025-05-23T02:02:46.966+0000][71][trace][gc,age      ] GC(43) - age  13:    1180488 bytes,    4457616 total
[2025-05-23T02:02:46.966+0000][71][trace][gc,age      ] GC(43) - age  14:     130256 bytes,    4587872 total
[2025-05-23T02:02:46.967+0000][71][trace][gc,age      ] GC(43) - age  15:      83488 bytes,    4671360 total
[2025-05-23T02:02:46.967+0000][71][info ][gc,heap     ] GC(43) Eden regions: 580->0(580)
[2025-05-23T02:02:46.967+0000][71][info ][gc,heap     ] GC(43) Survivor regions: 2->2(73)
[2025-05-23T02:02:46.967+0000][71][info ][gc,heap     ] GC(43) Old regions: 27->27
[2025-05-23T02:02:46.968+0000][71][info ][gc,heap     ] GC(43) Humongous regions: 0->0
[2025-05-23T02:02:46.968+0000][71][info ][gc,metaspace] GC(43) Metaspace: 147422K(151744K)->147422K(151744K) NonClass: 127825K(129792K)->127825K(129792K) Class: 19596K(21952K)->19596K(21952K)
[2025-05-23T02:02:46.969+0000][71][info ][gc          ] GC(43) Pause Young (Concurrent Start) (G1 Evacuation Pause) 2430M->111M(3880M) 289.704ms
[2025-05-23T02:02:46.970+0000][71][info ][gc,cpu      ] GC(43) User=1.22s Sys=0.00s Real=0.29s
[2025-05-23T02:02:46.971+0000][71][info ][safepoint   ] Safepoint "G1CollectForAllocation", Time since last: 558044822563 ns, Reaching safepoint: 235384 ns, Cleanup: 250020 ns, At safepoint: 296426053 ns, Total: 296911457 ns
[2025-05-23T02:02:46.971+0000][71][info ][gc          ] GC(44) Concurrent Mark Cycle
[2025-05-23T02:02:46.972+0000][71][info ][gc,marking  ] GC(44) Concurrent Scan Root Regions
[2025-05-23T02:02:47.110+0000][71][info ][gc,marking  ] GC(44) Concurrent Scan Root Regions 137.411ms
[2025-05-23T02:02:47.111+0000][71][info ][gc,marking  ] GC(44) Concurrent Mark
[2025-05-23T02:02:47.112+0000][71][info ][gc,marking  ] GC(44) Concurrent Mark From Roots
[2025-05-23T02:02:47.113+0000][71][info ][gc,task     ] GC(44) Using 3 workers of 3 for marking
[2025-05-23T02:02:47.354+0000][71][info ][gc,marking  ] GC(44) Concurrent Mark From Roots 242.589ms
[2025-05-23T02:02:47.355+0000][71][info ][gc,marking  ] GC(44) Concurrent Preclean
[2025-05-23T02:02:47.356+0000][71][info ][gc,marking  ] GC(44) Concurrent Preclean 1.181ms
[2025-05-23T02:02:47.357+0000][71][info ][gc,start    ] GC(44) Pause Remark
[2025-05-23T02:02:47.482+0000][71][info ][gc          ] GC(44) Pause Remark 119M->119M(3880M) 125.165ms
[2025-05-23T02:02:47.482+0000][71][info ][gc,cpu      ] GC(44) User=0.82s Sys=0.00s Real=0.12s
[2025-05-23T02:02:47.483+0000][71][info ][safepoint   ] Safepoint "G1PauseRemark", Time since last: 386092200 ns, Reaching safepoint: 28670 ns, Cleanup: 6538 ns, At safepoint: 126264745 ns, Total: 126299953 ns
[2025-05-23T02:02:47.484+0000][71][info ][gc,marking  ] GC(44) Concurrent Mark 372.721ms
[2025-05-23T02:02:47.484+0000][71][info ][gc,marking  ] GC(44) Concurrent Rebuild Remembered Sets and Scrub Regions
[2025-05-23T02:02:47.530+0000][71][info ][gc,marking  ] GC(44) Concurrent Rebuild Remembered Sets and Scrub Regions 45.819ms
[2025-05-23T02:02:47.531+0000][71][info ][gc,start    ] GC(44) Pause Cleanup
[2025-05-23T02:02:47.532+0000][71][info ][gc          ] GC(44) Pause Cleanup 119M->119M(3880M) 1.194ms
[2025-05-23T02:02:47.533+0000][71][info ][gc,cpu      ] GC(44) User=0.00s Sys=0.00s Real=0.00s
[2025-05-23T02:02:47.533+0000][71][info ][safepoint   ] Safepoint "G1PauseCleanup", Time since last: 47553500 ns, Reaching safepoint: 18241 ns, Cleanup: 442599 ns, At safepoint: 2094330 ns, Total: 2555170 ns
[2025-05-23T02:02:47.534+0000][71][info ][gc,marking  ] GC(44) Concurrent Clear Claimed Marks
[2025-05-23T02:02:47.534+0000][71][info ][gc,marking  ] GC(44) Concurrent Clear Claimed Marks 0.726ms
[2025-05-23T02:02:47.535+0000][71][info ][gc,marking  ] GC(44) Concurrent Cleanup for Next Mark
[2025-05-23T02:02:47.597+0000][71][info ][gc,marking  ] GC(44) Concurrent Cleanup for Next Mark 61.916ms
[2025-05-23T02:02:47.597+0000][71][info ][gc          ] GC(44) Concurrent Mark Cycle 626.285ms
[2025-05-23T02:08:10.619+0000][71][info ][safepoint   ] Safepoint "Cleanup", Time since last: 323114724583 ns, Reaching safepoint: 686088 ns, Cleanup: 19107 ns, At safepoint: 65656 ns, Total: 770851 ns
[2025-05-23T02:08:12.335+0000][71][info ][safepoint   ] Safepoint "Cleanup", Time since last: 1716343875 ns, Reaching safepoint: 18678 ns, Cleanup: 15934 ns, At safepoint: 9745 ns, Total: 44357 ns
[2025-05-23T02:09:52.504+0000][71][info ][safepoint   ] Safepoint "Cleanup", Time since last: 100177148224 ns, Reaching safepoint: 83343 ns, Cleanup: 126192 ns, At safepoint: 48476 ns, Total: 258011 ns
[2025-05-23T02:10:29.531+0000][71][info ][safepoint   ] Safepoint "Cleanup", Time since last: 37031202164 ns, Reaching safepoint: 75645 ns, Cleanup: 16337 ns, At safepoint: 15343 ns, Total: 107325 ns
[2025-05-23T02:11:42.615+0000][71][info ][safepoint   ] Safepoint "Cleanup", Time since last: 73089984762 ns, Reaching safepoint: 99970 ns, Cleanup: 30747 ns, At safepoint: 10797 ns, Total: 141514 ns
[2025-05-23T02:12:11.883+0000][71][info ][safepoint   ] Safepoint "Cleanup", Time since last: 29271020932 ns, Reaching safepoint: 38134 ns, Cleanup: 23425 ns, At safepoint: 21689 ns, Total: 83248 ns
[2025-05-23T02:20:26.196+0000][71][info ][safepoint   ] Safepoint "Cleanup", Time since last: 494355864625 ns, Reaching safepoint: 281889 ns, Cleanup: 329923 ns, At safepoint: 134419 ns, Total: 746231 ns
[2025-05-23T02:20:41.202+0000][71][info ][safepoint   ] Safepoint "Cleanup", Time since last: 15006392019 ns, Reaching safepoint: 140207 ns, Cleanup: 133785 ns, At safepoint: 133759 ns, Total: 407751 ns
[2025-05-23T02:21:52.156+0000][71][info ][safepoint   ] Safepoint "Cleanup", Time since last: 70958790935 ns, Reaching safepoint: 47237 ns, Cleanup: 60035 ns, At safepoint: 21881 ns, Total: 129153 ns
[2025-05-23T02:26:53.469+0000][71][info ][safepoint   ] Safepoint "Cleanup", Time since last: 301338923631 ns, Reaching safepoint: 104699 ns, Cleanup: 12674 ns, At safepoint: 44504 ns, Total: 161877 ns
[2025-05-23T02:27:14.129+0000][71][info ][safepoint   ] Safepoint "Cleanup", Time since last: 20662974728 ns, Reaching safepoint: 20484 ns, Cleanup: 11159 ns, At safepoint: 20399 ns, Total: 52042 ns
[2025-05-23T02:28:19.495+0000][71][info ][safepoint   ] Safepoint "Cleanup", Time since last: 65370861358 ns, Reaching safepoint: 95384 ns, Cleanup: 71804 ns, At safepoint: 24186 ns, Total: 191374 ns
[2025-05-23T02:39:18.423+0000][71][info ][safepoint   ] Safepoint "Cleanup", Time since last: 658984765556 ns, Reaching safepoint: 160403 ns, Cleanup: 173054 ns, At safepoint: 86086 ns, Total: 419543 ns
[2025-05-23T02:39:19.447+0000][71][info ][safepoint   ] Safepoint "Cleanup", Time since last: 1023332776 ns, Reaching safepoint: 31899 ns, Cleanup: 29501 ns, At safepoint: 18154 ns, Total: 79554 ns
[2025-05-23T02:39:23.214+0000][71][info ][safepoint   ] Safepoint "Cleanup", Time since last: 3767316455 ns, Reaching safepoint: 13963 ns, Cleanup: 19507 ns, At safepoint: 19632 ns, Total: 53102 ns
[2025-05-23T02:39:24.216+0000][71][info ][safepoint   ] Safepoint "Cleanup", Time since last: 1001425071 ns, Reaching safepoint: 28566 ns, Cleanup: 62089 ns, At safepoint: 17295 ns, Total: 107950 ns
[2025-05-23T02:39:25.584+0000][71][info ][safepoint   ] Safepoint "Cleanup", Time since last: 1367930710 ns, Reaching safepoint: 6067 ns, Cleanup: 109428 ns, At safepoint: 9918 ns, Total: 125413 ns
[2025-05-23T02:39:25.996+0000][71][info ][gc,heap,exit] Heap
[2025-05-23T02:39:25.997+0000][71][info ][gc,heap,exit]  garbage-first heap   total reserved 3973120K, committed 3973120K, used 1964876K [0x000000070d800000, 0x0000000800000000)
[2025-05-23T02:39:25.997+0000][71][info ][gc,heap,exit]   region size 4096K, 454 young (1859584K), 2 survivors (8192K)
[2025-05-23T02:39:25.998+0000][71][info ][gc,heap,exit]  Metaspace       used 147781K, committed 151936K, reserved 1179648K
[2025-05-23T02:39:25.998+0000][71][info ][gc,heap,exit]   class space    used 19679K, committed 21952K, reserved 1048576K
