[2025-05-21T08:18:59.978+0000][36][info][gc,init] CardTable entry size: 512
[2025-05-21T08:18:59.983+0000][36][info][gc     ] Using G1
[2025-05-21T08:18:59.997+0000][36][info][gc,init] Version: 22+36-2370 (release)
[2025-05-21T08:18:59.998+0000][36][info][gc,init] CPUs: 12 total, 12 available
[2025-05-21T08:18:59.999+0000][36][info][gc,init] Memory: 7757M
[2025-05-21T08:18:59.999+0000][36][info][gc,init] Large Page Support: Disabled
[2025-05-21T08:18:59.999+0000][36][info][gc,init] NUMA Support: Disabled
[2025-05-21T08:19:00.000+0000][36][info][gc,init] Compressed Oops: Enabled (32-bit)
[2025-05-21T08:19:00.000+0000][36][info][gc,init] Heap Region Size: 1M
[2025-05-21T08:19:00.001+0000][36][info][gc,init] Heap Min Capacity: 8M
[2025-05-21T08:19:00.003+0000][36][info][gc,init] Heap Initial Capacity: 122M
[2025-05-21T08:19:00.007+0000][36][info][gc,init] Heap Max Capacity: 1940M
[2025-05-21T08:19:00.011+0000][36][info][gc,init] Pre-touch: Disabled
[2025-05-21T08:19:00.013+0000][36][info][gc,init] Parallel Workers: 10
[2025-05-21T08:19:00.021+0000][36][info][gc,init] Concurrent Workers: 3
[2025-05-21T08:19:00.025+0000][36][info][gc,init] Concurrent Refinement Workers: 10
[2025-05-21T08:19:00.029+0000][36][info][gc,init] Periodic GC: Disabled
[2025-05-21T08:19:00.133+0000][36][info][gc,metaspace] CDS archive(s) mapped at: [0x00007f25b6000000-0x00007f25b6c74000-0x00007f25b6c74000), size 13058048, SharedBaseAddress: 0x00007f25b6000000, ArchiveRelocationMode: 1.
[2025-05-21T08:19:00.134+0000][36][info][gc,metaspace] Compressed class space mapped at: 0x00007f25b7000000-0x00007f25f7000000, reserved size: 1073741824
[2025-05-21T08:19:00.135+0000][36][info][gc,metaspace] Narrow klass base: 0x00007f25b6000000, Narrow klass shift: 0, Narrow klass range: 0x100000000
[2025-05-21T08:19:00.291+0000][36][info][gc,heap,exit] Heap
[2025-05-21T08:19:00.291+0000][36][info][gc,heap,exit]  garbage-first heap   total reserved 1986560K, committed 126976K, used 3105K [0x0000000086c00000, 0x0000000100000000)
[2025-05-21T08:19:00.292+0000][36][info][gc,heap,exit]   region size 1024K, 2 young (2048K), 0 survivors (0K)
[2025-05-21T08:19:00.292+0000][36][info][gc,heap,exit]  Metaspace       used 205K, committed 448K, reserved 1114112K
[2025-05-21T08:19:00.292+0000][36][info][gc,heap,exit]   class space    used 5K, committed 128K, reserved 1048576K
