[2025-05-19T05:25:47.893+0000][71][info][gc,init] CardTable entry size: 512
[2025-05-19T05:25:47.895+0000][71][info][gc     ] Using G1
[2025-05-19T05:25:51.846+0000][71][info][gc,init] Version: 22+36-2370 (release)
[2025-05-19T05:25:51.849+0000][71][info][gc,init] CPUs: 12 total, 12 available
[2025-05-19T05:25:51.852+0000][71][info][gc,init] Memory: 7757M
[2025-05-19T05:25:51.852+0000][71][info][gc,init] Large Page Support: Disabled
[2025-05-19T05:25:51.853+0000][71][info][gc,init] NUMA Support: Disabled
[2025-05-19T05:25:51.853+0000][71][info][gc,init] Compressed Oops: Enabled (Zero based)
[2025-05-19T05:25:51.854+0000][71][info][gc,init] Heap Region Size: 4M
[2025-05-19T05:25:51.855+0000][71][info][gc,init] Heap Min Capacity: 3880M
[2025-05-19T05:25:51.855+0000][71][info][gc,init] Heap Initial Capacity: 3880M
[2025-05-19T05:25:51.861+0000][71][info][gc,init] Heap Max Capacity: 3880M
[2025-05-19T05:25:51.861+0000][71][info][gc,init] Pre-touch: Enabled
[2025-05-19T05:25:51.862+0000][71][info][gc,init] Parallel Workers: 10
[2025-05-19T05:25:51.862+0000][71][info][gc,init] Concurrent Workers: 3
[2025-05-19T05:25:51.865+0000][71][info][gc,init] Concurrent Refinement Workers: 10
[2025-05-19T05:25:51.866+0000][71][info][gc,init] Periodic GC: Disabled
[2025-05-19T05:25:52.105+0000][71][info][gc,metaspace] CDS archive(s) mapped at: [0x00007f8332000000-0x00007f8332c74000-0x00007f8332c74000), size 13058048, SharedBaseAddress: 0x00007f8332000000, ArchiveRelocationMode: 1.
[2025-05-19T05:25:52.107+0000][71][info][gc,metaspace] Compressed class space mapped at: 0x00007f8333000000-0x00007f8373000000, reserved size: 1073741824
[2025-05-19T05:25:52.109+0000][71][info][gc,metaspace] Narrow klass base: 0x00007f8332000000, Narrow klass shift: 0, Narrow klass range: 0x100000000
[2025-05-19T05:25:53.445+0000][71][info][safepoint   ] Safepoint "Cleanup", Time since last: 1296260479 ns, Reaching safepoint: 574175 ns, Cleanup: 121639 ns, At safepoint: 161456 ns, Total: 857270 ns
[2025-05-19T05:25:54.498+0000][71][info][safepoint   ] Safepoint "Cleanup", Time since last: 1052662678 ns, Reaching safepoint: 102820 ns, Cleanup: 147486 ns, At safepoint: 40346 ns, Total: 290652 ns
[2025-05-19T05:25:55.565+0000][71][info][safepoint   ] Safepoint "ICBufferFull", Time since last: 1066837670 ns, Reaching safepoint: 6559 ns, Cleanup: 473413 ns, At safepoint: 82426 ns, Total: 562398 ns
[2025-05-19T05:25:56.713+0000][71][info][safepoint   ] Safepoint "Cleanup", Time since last: 1147509617 ns, Reaching safepoint: 4182 ns, Cleanup: 120990 ns, At safepoint: 40544 ns, Total: 165716 ns
[2025-05-19T05:25:58.000+0000][71][info][safepoint   ] Safepoint "Cleanup", Time since last: 1286613069 ns, Reaching safepoint: 123327 ns, Cleanup: 115637 ns, At safepoint: 62618 ns, Total: 301582 ns
[2025-05-19T05:25:59.002+0000][71][info][safepoint   ] Safepoint "Cleanup", Time since last: 1002138855 ns, Reaching safepoint: 147490 ns, Cleanup: 51145 ns, At safepoint: 61123 ns, Total: 259758 ns
[2025-05-19T05:26:00.023+0000][71][info][gc,start    ] GC(0) Pause Young (Concurrent Start) (Metadata GC Threshold)
[2025-05-19T05:26:00.031+0000][71][info][gc,task     ] GC(0) Using 10 workers of 10 for evacuation
[2025-05-19T05:26:00.036+0000][71][debug][gc,age      ] GC(0) Desired survivor size 12582912 bytes, new threshold 15 (max threshold 15)
[2025-05-19T05:26:00.064+0000][71][info ][gc,phases   ] GC(0)   Pre Evacuate Collection Set: 2.38ms
[2025-05-19T05:26:00.071+0000][71][info ][gc,phases   ] GC(0)   Merge Heap Roots: 1.53ms
[2025-05-19T05:26:00.071+0000][71][info ][gc,phases   ] GC(0)   Evacuate Collection Set: 9.25ms
[2025-05-19T05:26:00.072+0000][71][info ][gc,phases   ] GC(0)   Post Evacuate Collection Set: 7.47ms
[2025-05-19T05:26:00.072+0000][71][info ][gc,phases   ] GC(0)   Other: 12.34ms
[2025-05-19T05:26:00.073+0000][71][trace][gc,age      ] GC(0) Age table with threshold 15 (max threshold 15)
[2025-05-19T05:26:00.075+0000][71][trace][gc,age      ] GC(0) - age   1:   10198896 bytes,   10198896 total
[2025-05-19T05:26:00.075+0000][71][info ][gc,heap     ] GC(0) Eden regions: 45->0(45)
[2025-05-19T05:26:00.076+0000][71][info ][gc,heap     ] GC(0) Survivor regions: 0->3(6)
[2025-05-19T05:26:00.077+0000][71][info ][gc,heap     ] GC(0) Old regions: 1->1
[2025-05-19T05:26:00.078+0000][71][info ][gc,heap     ] GC(0) Humongous regions: 0->0
[2025-05-19T05:26:00.081+0000][71][info ][gc,metaspace] GC(0) Metaspace: 20959K(21504K)->20959K(21504K) NonClass: 18580K(18880K)->18580K(18880K) Class: 2378K(2624K)->2378K(2624K)
[2025-05-19T05:26:00.082+0000][71][info ][gc          ] GC(0) Pause Young (Concurrent Start) (Metadata GC Threshold) 179M->11M(3880M) 59.543ms
[2025-05-19T05:26:00.084+0000][71][info ][gc,cpu      ] GC(0) User=0.10s Sys=0.00s Real=0.06s
[2025-05-19T05:26:00.084+0000][71][info ][gc          ] GC(1) Concurrent Mark Cycle
[2025-05-19T05:26:00.086+0000][71][info ][safepoint   ] Safepoint "CollectForMetadataAllocation", Time since last: 1020214453 ns, Reaching safepoint: 200510 ns, Cleanup: 152378 ns, At safepoint: 63461329 ns, Total: 63814217 ns
[2025-05-19T05:26:00.089+0000][71][info ][gc,marking  ] GC(1) Concurrent Scan Root Regions
[2025-05-19T05:26:00.101+0000][71][info ][gc,marking  ] GC(1) Concurrent Scan Root Regions 11.710ms
[2025-05-19T05:26:00.102+0000][71][info ][gc,marking  ] GC(1) Concurrent Mark
[2025-05-19T05:26:00.109+0000][71][info ][gc,marking  ] GC(1) Concurrent Mark From Roots
[2025-05-19T05:26:00.112+0000][71][info ][gc,task     ] GC(1) Using 3 workers of 3 for marking
[2025-05-19T05:26:00.116+0000][71][info ][gc,marking  ] GC(1) Concurrent Mark From Roots 6.886ms
[2025-05-19T05:26:00.123+0000][71][info ][gc,marking  ] GC(1) Concurrent Preclean
[2025-05-19T05:26:00.127+0000][71][info ][gc,marking  ] GC(1) Concurrent Preclean 4.161ms
[2025-05-19T05:26:00.133+0000][71][info ][gc,start    ] GC(1) Pause Remark
[2025-05-19T05:26:00.141+0000][71][info ][gc          ] GC(1) Pause Remark 15M->15M(3880M) 7.179ms
[2025-05-19T05:26:00.142+0000][71][info ][gc,cpu      ] GC(1) User=0.04s Sys=0.00s Real=0.01s
[2025-05-19T05:26:00.145+0000][71][info ][safepoint   ] Safepoint "G1PauseRemark", Time since last: 47146547 ns, Reaching safepoint: 95306 ns, Cleanup: 24754 ns, At safepoint: 12063280 ns, Total: 12183340 ns
[2025-05-19T05:26:00.153+0000][71][info ][gc,marking  ] GC(1) Concurrent Mark 50.371ms
[2025-05-19T05:26:00.155+0000][71][info ][gc,marking  ] GC(1) Concurrent Rebuild Remembered Sets and Scrub Regions
[2025-05-19T05:26:00.160+0000][71][info ][gc,marking  ] GC(1) Concurrent Rebuild Remembered Sets and Scrub Regions 5.271ms
[2025-05-19T05:26:00.161+0000][71][info ][gc,start    ] GC(1) Pause Cleanup
[2025-05-19T05:26:00.163+0000][71][info ][gc          ] GC(1) Pause Cleanup 15M->15M(3880M) 1.503ms
[2025-05-19T05:26:00.163+0000][71][info ][gc,cpu      ] GC(1) User=0.00s Sys=0.00s Real=0.00s
[2025-05-19T05:26:00.164+0000][71][info ][safepoint   ] Safepoint "G1PauseCleanup", Time since last: 15586205 ns, Reaching safepoint: 108056 ns, Cleanup: 20963 ns, At safepoint: 2817956 ns, Total: 2946975 ns
[2025-05-19T05:26:00.165+0000][71][info ][gc,marking  ] GC(1) Concurrent Clear Claimed Marks
[2025-05-19T05:26:00.166+0000][71][info ][gc,marking  ] GC(1) Concurrent Clear Claimed Marks 0.910ms
[2025-05-19T05:26:00.167+0000][71][info ][gc,marking  ] GC(1) Concurrent Cleanup for Next Mark
[2025-05-19T05:26:00.174+0000][71][info ][gc,marking  ] GC(1) Concurrent Cleanup for Next Mark 6.287ms
[2025-05-19T05:26:00.174+0000][71][info ][gc          ] GC(1) Concurrent Mark Cycle 89.849ms
[2025-05-19T05:26:01.639+0000][71][info ][safepoint   ] Safepoint "Cleanup", Time since last: 1474526792 ns, Reaching safepoint: 162632 ns, Cleanup: 148489 ns, At safepoint: 74916 ns, Total: 386037 ns
[2025-05-19T05:26:02.640+0000][71][info ][safepoint   ] Safepoint "Cleanup", Time since last: 1001184597 ns, Reaching safepoint: 9169 ns, Cleanup: 129953 ns, At safepoint: 79206 ns, Total: 218328 ns
[2025-05-19T05:26:02.672+0000][71][info ][gc,start    ] GC(2) Pause Young (Prepare Mixed) (G1 Evacuation Pause)
[2025-05-19T05:26:02.673+0000][71][info ][gc,task     ] GC(2) Using 10 workers of 10 for evacuation
[2025-05-19T05:26:02.674+0000][71][debug][gc,age      ] GC(2) Desired survivor size 12582912 bytes, new threshold 15 (max threshold 15)
[2025-05-19T05:26:02.690+0000][71][info ][gc,phases   ] GC(2)   Pre Evacuate Collection Set: 0.49ms
[2025-05-19T05:26:02.693+0000][71][info ][gc,phases   ] GC(2)   Merge Heap Roots: 0.22ms
[2025-05-19T05:26:02.694+0000][71][info ][gc,phases   ] GC(2)   Evacuate Collection Set: 11.85ms
[2025-05-19T05:26:02.694+0000][71][info ][gc,phases   ] GC(2)   Post Evacuate Collection Set: 2.59ms
[2025-05-19T05:26:02.695+0000][71][info ][gc,phases   ] GC(2)   Other: 2.19ms
[2025-05-19T05:26:02.695+0000][71][trace][gc,age      ] GC(2) Age table with threshold 15 (max threshold 15)
[2025-05-19T05:26:02.696+0000][71][trace][gc,age      ] GC(2) - age   1:    6187864 bytes,    6187864 total
[2025-05-19T05:26:02.697+0000][71][trace][gc,age      ] GC(2) - age   2:    9295800 bytes,   15483664 total
[2025-05-19T05:26:02.698+0000][71][info ][gc,heap     ] GC(2) Eden regions: 45->0(43)
[2025-05-19T05:26:02.699+0000][71][info ][gc,heap     ] GC(2) Survivor regions: 3->5(6)
[2025-05-19T05:26:02.699+0000][71][info ][gc,heap     ] GC(2) Old regions: 1->1
[2025-05-19T05:26:02.700+0000][71][info ][gc,heap     ] GC(2) Humongous regions: 0->0
[2025-05-19T05:26:02.700+0000][71][info ][gc,metaspace] GC(2) Metaspace: 27604K(28224K)->27604K(28224K) NonClass: 24490K(24832K)->24490K(24832K) Class: 3114K(3392K)->3114K(3392K)
[2025-05-19T05:26:02.701+0000][71][info ][gc          ] GC(2) Pause Young (Prepare Mixed) (G1 Evacuation Pause) 191M->17M(3880M) 28.064ms
[2025-05-19T05:26:02.701+0000][71][info ][gc,cpu      ] GC(2) User=0.11s Sys=0.00s Real=0.03s
[2025-05-19T05:26:02.702+0000][71][info ][safepoint   ] Safepoint "G1CollectForAllocation", Time since last: 32099678 ns, Reaching safepoint: 6429 ns, Cleanup: 5128 ns, At safepoint: 29508921 ns, Total: 29520478 ns
[2025-05-19T05:26:04.085+0000][71][info ][safepoint   ] Safepoint "ICBufferFull", Time since last: 1382773049 ns, Reaching safepoint: 8885 ns, Cleanup: 192391 ns, At safepoint: 15064 ns, Total: 216340 ns
[2025-05-19T05:26:04.338+0000][71][info ][gc,start    ] GC(3) Pause Young (Mixed) (G1 Evacuation Pause)
[2025-05-19T05:26:04.338+0000][71][info ][gc,task     ] GC(3) Using 10 workers of 10 for evacuation
[2025-05-19T05:26:04.339+0000][71][debug][gc,age      ] GC(3) Desired survivor size 12582912 bytes, new threshold 2 (max threshold 15)
[2025-05-19T05:26:04.387+0000][71][info ][gc,phases   ] GC(3)   Pre Evacuate Collection Set: 0.86ms
[2025-05-19T05:26:04.391+0000][71][info ][gc,phases   ] GC(3)   Merge Heap Roots: 0.56ms
[2025-05-19T05:26:04.392+0000][71][info ][gc,phases   ] GC(3)   Evacuate Collection Set: 42.75ms
[2025-05-19T05:26:04.393+0000][71][info ][gc,phases   ] GC(3)   Post Evacuate Collection Set: 3.51ms
[2025-05-19T05:26:04.394+0000][71][info ][gc,phases   ] GC(3)   Other: 1.33ms
[2025-05-19T05:26:04.394+0000][71][trace][gc,age      ] GC(3) Age table with threshold 2 (max threshold 15)
[2025-05-19T05:26:04.395+0000][71][trace][gc,age      ] GC(3) - age   1:    4618072 bytes,    4618072 total
[2025-05-19T05:26:04.395+0000][71][trace][gc,age      ] GC(3) - age   2:    4254856 bytes,    8872928 total
[2025-05-19T05:26:04.395+0000][71][info ][gc,heap     ] GC(3) Eden regions: 43->0(53)
[2025-05-19T05:26:04.397+0000][71][info ][gc,heap     ] GC(3) Survivor regions: 5->3(6)
[2025-05-19T05:26:04.398+0000][71][info ][gc,heap     ] GC(3) Old regions: 1->3
[2025-05-19T05:26:04.398+0000][71][info ][gc,heap     ] GC(3) Humongous regions: 0->0
[2025-05-19T05:26:04.399+0000][71][info ][gc,metaspace] GC(3) Metaspace: 29093K(29824K)->29093K(29824K) NonClass: 25698K(26112K)->25698K(26112K) Class: 3394K(3712K)->3394K(3712K)
[2025-05-19T05:26:04.400+0000][71][info ][gc          ] GC(3) Pause Young (Mixed) (G1 Evacuation Pause) 189M->19M(3880M) 62.372ms
[2025-05-19T05:26:04.401+0000][71][info ][gc,cpu      ] GC(3) User=0.29s Sys=0.00s Real=0.06s
[2025-05-19T05:26:04.402+0000][71][info ][safepoint   ] Safepoint "G1CollectForAllocation", Time since last: 252762544 ns, Reaching safepoint: 9003 ns, Cleanup: 35998 ns, At safepoint: 64490089 ns, Total: 64535090 ns
[2025-05-19T05:26:05.414+0000][71][info ][gc,start    ] GC(4) Pause Young (Normal) (G1 Evacuation Pause)
[2025-05-19T05:26:05.415+0000][71][info ][gc,task     ] GC(4) Using 10 workers of 10 for evacuation
[2025-05-19T05:26:05.416+0000][71][debug][gc,age      ] GC(4) Desired survivor size 14680064 bytes, new threshold 15 (max threshold 15)
[2025-05-19T05:26:05.427+0000][71][info ][gc,phases   ] GC(4)   Pre Evacuate Collection Set: 0.67ms
[2025-05-19T05:26:05.429+0000][71][info ][gc,phases   ] GC(4)   Merge Heap Roots: 0.55ms
[2025-05-19T05:26:05.430+0000][71][info ][gc,phases   ] GC(4)   Evacuate Collection Set: 6.11ms
[2025-05-19T05:26:05.430+0000][71][info ][gc,phases   ] GC(4)   Post Evacuate Collection Set: 2.59ms
[2025-05-19T05:26:05.431+0000][71][info ][gc,phases   ] GC(4)   Other: 1.48ms
[2025-05-19T05:26:05.431+0000][71][trace][gc,age      ] GC(4) Age table with threshold 15 (max threshold 15)
[2025-05-19T05:26:05.432+0000][71][trace][gc,age      ] GC(4) - age   1:    3155208 bytes,    3155208 total
[2025-05-19T05:26:05.432+0000][71][trace][gc,age      ] GC(4) - age   2:    4113368 bytes,    7268576 total
[2025-05-19T05:26:05.433+0000][71][trace][gc,age      ] GC(4) - age   3:    4253896 bytes,   11522472 total
[2025-05-19T05:26:05.435+0000][71][info ][gc,heap     ] GC(4) Eden regions: 53->0(578)
[2025-05-19T05:26:05.436+0000][71][info ][gc,heap     ] GC(4) Survivor regions: 3->4(7)
[2025-05-19T05:26:05.437+0000][71][info ][gc,heap     ] GC(4) Old regions: 3->3
[2025-05-19T05:26:05.437+0000][71][info ][gc,heap     ] GC(4) Humongous regions: 0->0
[2025-05-19T05:26:05.437+0000][71][info ][gc,metaspace] GC(4) Metaspace: 29699K(30400K)->29699K(30400K) NonClass: 26237K(26624K)->26237K(26624K) Class: 3461K(3776K)->3461K(3776K)
[2025-05-19T05:26:05.440+0000][71][info ][gc          ] GC(4) Pause Young (Normal) (G1 Evacuation Pause) 231M->22M(3880M) 25.794ms
[2025-05-19T05:26:05.440+0000][71][info ][gc,cpu      ] GC(4) User=0.04s Sys=0.00s Real=0.03s
[2025-05-19T05:26:05.442+0000][71][info ][safepoint   ] Safepoint "G1CollectForAllocation", Time since last: 1011427578 ns, Reaching safepoint: 7317 ns, Cleanup: 129123 ns, At safepoint: 28632515 ns, Total: 28768955 ns
[2025-05-19T05:26:06.730+0000][71][info ][safepoint   ] Safepoint "Cleanup", Time since last: 1286857672 ns, Reaching safepoint: 3998 ns, Cleanup: 544762 ns, At safepoint: 57888 ns, Total: 606648 ns
[2025-05-19T05:26:07.382+0000][71][info ][gc,start    ] GC(5) Pause Young (Concurrent Start) (Metadata GC Threshold)
[2025-05-19T05:26:07.383+0000][71][info ][gc,task     ] GC(5) Using 10 workers of 10 for evacuation
[2025-05-19T05:26:07.383+0000][71][debug][gc,age      ] GC(5) Desired survivor size 153092096 bytes, new threshold 15 (max threshold 15)
[2025-05-19T05:26:07.401+0000][71][info ][gc,phases   ] GC(5)   Pre Evacuate Collection Set: 1.53ms
[2025-05-19T05:26:07.403+0000][71][info ][gc,phases   ] GC(5)   Merge Heap Roots: 0.90ms
[2025-05-19T05:26:07.405+0000][71][info ][gc,phases   ] GC(5)   Evacuate Collection Set: 10.13ms
[2025-05-19T05:26:07.407+0000][71][info ][gc,phases   ] GC(5)   Post Evacuate Collection Set: 2.01ms
[2025-05-19T05:26:07.407+0000][71][info ][gc,phases   ] GC(5)   Other: 3.23ms
[2025-05-19T05:26:07.408+0000][71][trace][gc,age      ] GC(5) Age table with threshold 15 (max threshold 15)
[2025-05-19T05:26:07.409+0000][71][trace][gc,age      ] GC(5) - age   1:    4328296 bytes,    4328296 total
[2025-05-19T05:26:07.411+0000][71][trace][gc,age      ] GC(5) - age   2:    2510280 bytes,    6838576 total
[2025-05-19T05:26:07.412+0000][71][trace][gc,age      ] GC(5) - age   3:    4109272 bytes,   10947848 total
[2025-05-19T05:26:07.414+0000][71][trace][gc,age      ] GC(5) - age   4:    4252744 bytes,   15200592 total
[2025-05-19T05:26:07.415+0000][71][info ][gc,heap     ] GC(5) Eden regions: 63->0(578)
[2025-05-19T05:26:07.416+0000][71][info ][gc,heap     ] GC(5) Survivor regions: 4->4(73)
[2025-05-19T05:26:07.417+0000][71][info ][gc,heap     ] GC(5) Old regions: 3->3
[2025-05-19T05:26:07.420+0000][71][info ][gc,heap     ] GC(5) Humongous regions: 0->0
[2025-05-19T05:26:07.420+0000][71][info ][gc,metaspace] GC(5) Metaspace: 35328K(36160K)->35328K(36160K) NonClass: 31224K(31680K)->31224K(31680K) Class: 4103K(4480K)->4103K(4480K)
[2025-05-19T05:26:07.423+0000][71][info ][gc          ] GC(5) Pause Young (Concurrent Start) (Metadata GC Threshold) 272M->26M(3880M) 40.636ms
[2025-05-19T05:26:07.425+0000][71][info ][gc          ] GC(6) Concurrent Mark Cycle
[2025-05-19T05:26:07.429+0000][71][info ][gc,marking  ] GC(6) Concurrent Scan Root Regions
[2025-05-19T05:26:07.425+0000][71][info ][gc,cpu      ] GC(5) User=0.08s Sys=0.00s Real=0.04s
[2025-05-19T05:26:07.431+0000][71][info ][safepoint   ] Safepoint "CollectForMetadataAllocation", Time since last: 651924753 ns, Reaching safepoint: 7604 ns, Cleanup: 49886 ns, At safepoint: 48926013 ns, Total: 48983503 ns
[2025-05-19T05:26:07.433+0000][71][info ][gc,marking  ] GC(6) Concurrent Scan Root Regions 3.599ms
[2025-05-19T05:26:07.436+0000][71][info ][gc,marking  ] GC(6) Concurrent Mark
[2025-05-19T05:26:07.436+0000][71][info ][gc,marking  ] GC(6) Concurrent Mark From Roots
[2025-05-19T05:26:07.436+0000][71][info ][gc,task     ] GC(6) Using 3 workers of 3 for marking
[2025-05-19T05:26:07.453+0000][71][info ][gc,marking  ] GC(6) Concurrent Mark From Roots 16.852ms
[2025-05-19T05:26:07.457+0000][71][info ][gc,marking  ] GC(6) Concurrent Preclean
[2025-05-19T05:26:07.457+0000][71][info ][gc,marking  ] GC(6) Concurrent Preclean 0.561ms
[2025-05-19T05:26:07.463+0000][71][info ][gc,start    ] GC(6) Pause Remark
[2025-05-19T05:26:07.479+0000][71][info ][gc          ] GC(6) Pause Remark 34M->34M(3880M) 16.330ms
[2025-05-19T05:26:07.482+0000][71][info ][gc,cpu      ] GC(6) User=0.04s Sys=0.00s Real=0.02s
[2025-05-19T05:26:07.484+0000][71][info ][safepoint   ] Safepoint "G1PauseRemark", Time since last: 32033289 ns, Reaching safepoint: 212894 ns, Cleanup: 39398 ns, At safepoint: 20871169 ns, Total: 21123461 ns
[2025-05-19T05:26:07.487+0000][71][info ][gc,marking  ] GC(6) Concurrent Mark 51.451ms
[2025-05-19T05:26:07.490+0000][71][info ][gc,marking  ] GC(6) Concurrent Rebuild Remembered Sets and Scrub Regions
[2025-05-19T05:26:07.493+0000][71][info ][gc,marking  ] GC(6) Concurrent Rebuild Remembered Sets and Scrub Regions 3.583ms
[2025-05-19T05:26:07.494+0000][71][info ][gc,start    ] GC(6) Pause Cleanup
[2025-05-19T05:26:07.497+0000][71][info ][gc          ] GC(6) Pause Cleanup 38M->38M(3880M) 2.819ms
[2025-05-19T05:26:07.500+0000][71][info ][gc,cpu      ] GC(6) User=0.00s Sys=0.00s Real=0.01s
[2025-05-19T05:26:07.500+0000][71][info ][safepoint   ] Safepoint "G1PauseCleanup", Time since last: 10069344 ns, Reaching safepoint: 6918 ns, Cleanup: 24135 ns, At safepoint: 6422688 ns, Total: 6453741 ns
[2025-05-19T05:26:07.506+0000][71][info ][gc,marking  ] GC(6) Concurrent Clear Claimed Marks
[2025-05-19T05:26:07.509+0000][71][info ][gc,marking  ] GC(6) Concurrent Clear Claimed Marks 3.332ms
[2025-05-19T05:26:07.514+0000][71][info ][gc,marking  ] GC(6) Concurrent Cleanup for Next Mark
[2025-05-19T05:26:07.517+0000][71][info ][gc,marking  ] GC(6) Concurrent Cleanup for Next Mark 3.240ms
[2025-05-19T05:26:07.520+0000][71][info ][gc          ] GC(6) Concurrent Mark Cycle 95.459ms
[2025-05-19T05:26:08.506+0000][71][info ][safepoint   ] Safepoint "Cleanup", Time since last: 1005407020 ns, Reaching safepoint: 107697 ns, Cleanup: 103778 ns, At safepoint: 48725 ns, Total: 260200 ns
[2025-05-19T05:26:09.508+0000][71][info ][safepoint   ] Safepoint "Cleanup", Time since last: 1001530336 ns, Reaching safepoint: 196761 ns, Cleanup: 47716 ns, At safepoint: 50132 ns, Total: 294609 ns
[2025-05-19T05:26:10.510+0000][71][info ][safepoint   ] Safepoint "Cleanup", Time since last: 1002308559 ns, Reaching safepoint: 8455 ns, Cleanup: 43447 ns, At safepoint: 9657 ns, Total: 61559 ns
[2025-05-19T05:26:11.512+0000][71][info ][safepoint   ] Safepoint "Cleanup", Time since last: 1000956003 ns, Reaching safepoint: 294047 ns, Cleanup: 94221 ns, At safepoint: 30700 ns, Total: 418968 ns
[2025-05-19T05:26:12.513+0000][71][info ][safepoint   ] Safepoint "Cleanup", Time since last: 1000822004 ns, Reaching safepoint: 443324 ns, Cleanup: 154613 ns, At safepoint: 36464 ns, Total: 634401 ns
[2025-05-19T05:26:13.515+0000][71][info ][safepoint   ] Safepoint "Cleanup", Time since last: 1001602984 ns, Reaching safepoint: 5442 ns, Cleanup: 59753 ns, At safepoint: 8421 ns, Total: 73616 ns
[2025-05-19T05:26:14.522+0000][71][info ][safepoint   ] Safepoint "Cleanup", Time since last: 1006671202 ns, Reaching safepoint: 162137 ns, Cleanup: 132292 ns, At safepoint: 69364 ns, Total: 363793 ns
[2025-05-19T05:26:16.398+0000][71][info ][safepoint   ] Safepoint "Cleanup", Time since last: 1875470114 ns, Reaching safepoint: 104090 ns, Cleanup: 95414 ns, At safepoint: 37232 ns, Total: 236736 ns
[2025-05-19T05:26:17.281+0000][71][info ][gc,start    ] GC(7) Pause Young (Concurrent Start) (Metadata GC Threshold)
[2025-05-19T05:26:17.282+0000][71][info ][gc,task     ] GC(7) Using 10 workers of 10 for evacuation
[2025-05-19T05:26:17.282+0000][71][debug][gc,age      ] GC(7) Desired survivor size 153092096 bytes, new threshold 15 (max threshold 15)
[2025-05-19T05:26:17.307+0000][71][info ][gc,phases   ] GC(7)   Pre Evacuate Collection Set: 0.79ms
[2025-05-19T05:26:17.308+0000][71][info ][gc,phases   ] GC(7)   Merge Heap Roots: 0.28ms
[2025-05-19T05:26:17.309+0000][71][info ][gc,phases   ] GC(7)   Evacuate Collection Set: 18.64ms
[2025-05-19T05:26:17.309+0000][71][info ][gc,phases   ] GC(7)   Post Evacuate Collection Set: 4.16ms
[2025-05-19T05:26:17.310+0000][71][info ][gc,phases   ] GC(7)   Other: 1.16ms
[2025-05-19T05:26:17.310+0000][71][trace][gc,age      ] GC(7) Age table with threshold 15 (max threshold 15)
[2025-05-19T05:26:17.311+0000][71][trace][gc,age      ] GC(7) - age   1:   15027760 bytes,   15027760 total
[2025-05-19T05:26:17.311+0000][71][trace][gc,age      ] GC(7) - age   2:    4296320 bytes,   19324080 total
[2025-05-19T05:26:17.312+0000][71][trace][gc,age      ] GC(7) - age   3:    2504704 bytes,   21828784 total
[2025-05-19T05:26:17.312+0000][71][trace][gc,age      ] GC(7) - age   4:    4093080 bytes,   25921864 total
[2025-05-19T05:26:17.313+0000][71][trace][gc,age      ] GC(7) - age   5:    4237392 bytes,   30159256 total
[2025-05-19T05:26:17.313+0000][71][info ][gc,heap     ] GC(7) Eden regions: 240->0(574)
[2025-05-19T05:26:17.314+0000][71][info ][gc,heap     ] GC(7) Survivor regions: 4->8(73)
[2025-05-19T05:26:17.314+0000][71][info ][gc,heap     ] GC(7) Old regions: 3->3
[2025-05-19T05:26:17.315+0000][71][info ][gc,heap     ] GC(7) Humongous regions: 0->0
[2025-05-19T05:26:17.315+0000][71][info ][gc,metaspace] GC(7) Metaspace: 59116K(60416K)->59116K(60416K) NonClass: 51594K(52352K)->51594K(52352K) Class: 7521K(8064K)->7521K(8064K)
[2025-05-19T05:26:17.316+0000][71][info ][gc          ] GC(7) Pause Young (Concurrent Start) (Metadata GC Threshold) 984M->40M(3880M) 34.881ms
[2025-05-19T05:26:17.316+0000][71][info ][gc,cpu      ] GC(7) User=0.14s Sys=0.00s Real=0.04s
[2025-05-19T05:26:17.316+0000][71][info ][gc          ] GC(8) Concurrent Mark Cycle
[2025-05-19T05:26:17.317+0000][71][info ][safepoint   ] Safepoint "CollectForMetadataAllocation", Time since last: 883010042 ns, Reaching safepoint: 8368 ns, Cleanup: 113840 ns, At safepoint: 36040557 ns, Total: 36162765 ns
[2025-05-19T05:26:17.317+0000][71][info ][gc,marking  ] GC(8) Concurrent Scan Root Regions
[2025-05-19T05:26:17.324+0000][71][info ][gc,marking  ] GC(8) Concurrent Scan Root Regions 6.929ms
[2025-05-19T05:26:17.325+0000][71][info ][gc,marking  ] GC(8) Concurrent Mark
[2025-05-19T05:26:17.325+0000][71][info ][gc,marking  ] GC(8) Concurrent Mark From Roots
[2025-05-19T05:26:17.326+0000][71][info ][gc,task     ] GC(8) Using 3 workers of 3 for marking
[2025-05-19T05:26:17.337+0000][71][info ][gc,marking  ] GC(8) Concurrent Mark From Roots 12.083ms
[2025-05-19T05:26:17.338+0000][71][info ][gc,marking  ] GC(8) Concurrent Preclean
[2025-05-19T05:26:17.339+0000][71][info ][gc,marking  ] GC(8) Concurrent Preclean 0.610ms
[2025-05-19T05:26:17.339+0000][71][info ][gc,start    ] GC(8) Pause Remark
[2025-05-19T05:26:17.346+0000][71][info ][gc          ] GC(8) Pause Remark 46M->46M(3880M) 7.046ms
[2025-05-19T05:26:17.347+0000][71][info ][gc,cpu      ] GC(8) User=0.03s Sys=0.00s Real=0.01s
[2025-05-19T05:26:17.348+0000][71][info ][safepoint   ] Safepoint "G1PauseRemark", Time since last: 22345664 ns, Reaching safepoint: 263247 ns, Cleanup: 7972 ns, At safepoint: 8133955 ns, Total: 8405174 ns
[2025-05-19T05:26:17.348+0000][71][info ][gc,marking  ] GC(8) Concurrent Mark 23.295ms
[2025-05-19T05:26:17.348+0000][71][info ][gc,marking  ] GC(8) Concurrent Rebuild Remembered Sets and Scrub Regions
[2025-05-19T05:26:17.352+0000][71][info ][gc,marking  ] GC(8) Concurrent Rebuild Remembered Sets and Scrub Regions 3.404ms
[2025-05-19T05:26:17.353+0000][71][info ][gc,start    ] GC(8) Pause Cleanup
[2025-05-19T05:26:17.354+0000][71][info ][gc          ] GC(8) Pause Cleanup 46M->46M(3880M) 0.954ms
[2025-05-19T05:26:17.354+0000][71][info ][gc,cpu      ] GC(8) User=0.01s Sys=0.00s Real=0.00s
[2025-05-19T05:26:17.355+0000][71][info ][safepoint   ] Safepoint "G1PauseCleanup", Time since last: 4996566 ns, Reaching safepoint: 93239 ns, Cleanup: 16822 ns, At safepoint: 2366727 ns, Total: 2476788 ns
[2025-05-19T05:26:17.356+0000][71][info ][gc,marking  ] GC(8) Concurrent Clear Claimed Marks
[2025-05-19T05:26:17.356+0000][71][info ][gc,marking  ] GC(8) Concurrent Clear Claimed Marks 0.586ms
[2025-05-19T05:26:17.357+0000][71][info ][gc,marking  ] GC(8) Concurrent Cleanup for Next Mark
[2025-05-19T05:26:17.360+0000][71][info ][gc,marking  ] GC(8) Concurrent Cleanup for Next Mark 3.459ms
[2025-05-19T05:26:17.364+0000][71][info ][gc          ] GC(8) Concurrent Mark Cycle 47.535ms
[2025-05-19T05:26:18.356+0000][71][info ][safepoint   ] Safepoint "Cleanup", Time since last: 1000730347 ns, Reaching safepoint: 135945 ns, Cleanup: 39805 ns, At safepoint: 88722 ns, Total: 264472 ns
[2025-05-19T05:26:19.461+0000][71][info ][safepoint   ] Safepoint "Cleanup", Time since last: 1097473785 ns, Reaching safepoint: 128108 ns, Cleanup: 131330 ns, At safepoint: 51200 ns, Total: 310638 ns
[2025-05-19T05:26:20.463+0000][71][info ][safepoint   ] Safepoint "Cleanup", Time since last: 1000944195 ns, Reaching safepoint: 95297 ns, Cleanup: 55742 ns, At safepoint: 31209 ns, Total: 182248 ns
[2025-05-19T05:26:21.463+0000][71][info ][safepoint   ] Safepoint "Cleanup", Time since last: 1000543170 ns, Reaching safepoint: 121486 ns, Cleanup: 22405 ns, At safepoint: 38585 ns, Total: 182476 ns
[2025-05-19T05:26:22.464+0000][71][info ][safepoint   ] Safepoint "Cleanup", Time since last: 1000545674 ns, Reaching safepoint: 6235 ns, Cleanup: 78251 ns, At safepoint: 8200 ns, Total: 92686 ns
[2025-05-19T05:26:23.674+0000][71][info ][safepoint   ] Safepoint "Cleanup", Time since last: 1209361372 ns, Reaching safepoint: 121345 ns, Cleanup: 144315 ns, At safepoint: 31981 ns, Total: 297641 ns
[2025-05-19T05:26:24.675+0000][71][info ][safepoint   ] Safepoint "Cleanup", Time since last: 1001589883 ns, Reaching safepoint: 149130 ns, Cleanup: 37552 ns, At safepoint: 33803 ns, Total: 220485 ns
[2025-05-19T05:26:25.934+0000][71][info ][safepoint   ] Safepoint "Cleanup", Time since last: 1258341181 ns, Reaching safepoint: 8366 ns, Cleanup: 95859 ns, At safepoint: 21660 ns, Total: 125885 ns
[2025-05-19T05:26:27.241+0000][71][info ][safepoint   ] Safepoint "Cleanup", Time since last: 1306314495 ns, Reaching safepoint: 495683 ns, Cleanup: 149454 ns, At safepoint: 83103 ns, Total: 728240 ns
[2025-05-19T05:26:28.614+0000][71][info ][safepoint   ] Safepoint "Cleanup", Time since last: 1372546782 ns, Reaching safepoint: 7850 ns, Cleanup: 94881 ns, At safepoint: 43146 ns, Total: 145877 ns
[2025-05-19T05:26:29.615+0000][71][info ][safepoint   ] Safepoint "Cleanup", Time since last: 1000796109 ns, Reaching safepoint: 144442 ns, Cleanup: 29385 ns, At safepoint: 72533 ns, Total: 246360 ns
[2025-05-19T05:26:30.804+0000][71][info ][gc,start    ] GC(9) Pause Young (Concurrent Start) (Metadata GC Threshold)
[2025-05-19T05:26:30.805+0000][71][info ][gc,task     ] GC(9) Using 10 workers of 10 for evacuation
[2025-05-19T05:26:30.805+0000][71][debug][gc,age      ] GC(9) Desired survivor size 153092096 bytes, new threshold 15 (max threshold 15)
[2025-05-19T05:26:30.837+0000][71][info ][gc,phases   ] GC(9)   Pre Evacuate Collection Set: 1.04ms
[2025-05-19T05:26:30.837+0000][71][info ][gc,phases   ] GC(9)   Merge Heap Roots: 0.61ms
[2025-05-19T05:26:30.838+0000][71][info ][gc,phases   ] GC(9)   Evacuate Collection Set: 24.15ms
[2025-05-19T05:26:30.838+0000][71][info ][gc,phases   ] GC(9)   Post Evacuate Collection Set: 5.08ms
[2025-05-19T05:26:30.839+0000][71][info ][gc,phases   ] GC(9)   Other: 1.12ms
[2025-05-19T05:26:30.839+0000][71][trace][gc,age      ] GC(9) Age table with threshold 15 (max threshold 15)
[2025-05-19T05:26:30.840+0000][71][trace][gc,age      ] GC(9) - age   1:   21328296 bytes,   21328296 total
[2025-05-19T05:26:30.840+0000][71][trace][gc,age      ] GC(9) - age   2:   14376096 bytes,   35704392 total
[2025-05-19T05:26:30.841+0000][71][trace][gc,age      ] GC(9) - age   3:    4258424 bytes,   39962816 total
[2025-05-19T05:26:30.841+0000][71][trace][gc,age      ] GC(9) - age   4:    2490720 bytes,   42453536 total
[2025-05-19T05:26:30.841+0000][71][trace][gc,age      ] GC(9) - age   5:    4075744 bytes,   46529280 total
[2025-05-19T05:26:30.842+0000][71][trace][gc,age      ] GC(9) - age   6:    4207992 bytes,   50737272 total
[2025-05-19T05:26:30.842+0000][71][info ][gc,heap     ] GC(9) Eden regions: 208->0(318)
[2025-05-19T05:26:30.843+0000][71][info ][gc,heap     ] GC(9) Survivor regions: 8->13(73)
[2025-05-19T05:26:30.843+0000][71][info ][gc,heap     ] GC(9) Old regions: 3->3
[2025-05-19T05:26:30.843+0000][71][info ][gc,heap     ] GC(9) Humongous regions: 0->0
[2025-05-19T05:26:30.844+0000][71][info ][gc,metaspace] GC(9) Metaspace: 99101K(100928K)->99101K(100928K) NonClass: 85967K(87040K)->85967K(87040K) Class: 13133K(13888K)->13133K(13888K)
[2025-05-19T05:26:30.845+0000][71][info ][gc          ] GC(9) Pause Young (Concurrent Start) (Metadata GC Threshold) 870M->62M(3880M) 40.711ms
[2025-05-19T05:26:30.845+0000][71][info ][gc,cpu      ] GC(9) User=0.24s Sys=0.00s Real=0.04s
[2025-05-19T05:26:30.845+0000][71][info ][gc          ] GC(10) Concurrent Mark Cycle
[2025-05-19T05:26:30.846+0000][71][info ][gc,marking  ] GC(10) Concurrent Scan Root Regions
[2025-05-19T05:26:30.846+0000][71][info ][safepoint   ] Safepoint "CollectForMetadataAllocation", Time since last: 1189165596 ns, Reaching safepoint: 6431 ns, Cleanup: 108481 ns, At safepoint: 42181579 ns, Total: 42296491 ns
[2025-05-19T05:26:30.866+0000][71][info ][gc,marking  ] GC(10) Concurrent Scan Root Regions 19.975ms
[2025-05-19T05:26:30.869+0000][71][info ][gc,marking  ] GC(10) Concurrent Mark
[2025-05-19T05:26:30.870+0000][71][info ][gc,marking  ] GC(10) Concurrent Mark From Roots
[2025-05-19T05:26:30.870+0000][71][info ][gc,task     ] GC(10) Using 3 workers of 3 for marking
[2025-05-19T05:26:30.880+0000][71][info ][gc,marking  ] GC(10) Concurrent Mark From Roots 10.609ms
[2025-05-19T05:26:30.882+0000][71][info ][gc,marking  ] GC(10) Concurrent Preclean
[2025-05-19T05:26:30.882+0000][71][info ][gc,marking  ] GC(10) Concurrent Preclean 0.596ms
[2025-05-19T05:26:30.883+0000][71][info ][gc,start    ] GC(10) Pause Remark
[2025-05-19T05:26:30.890+0000][71][info ][gc          ] GC(10) Pause Remark 70M->70M(3880M) 7.221ms
[2025-05-19T05:26:30.891+0000][71][info ][gc,cpu      ] GC(10) User=0.04s Sys=0.00s Real=0.00s
[2025-05-19T05:26:30.892+0000][71][info ][safepoint   ] Safepoint "G1PauseRemark", Time since last: 36912330 ns, Reaching safepoint: 151984 ns, Cleanup: 6882 ns, At safepoint: 8314492 ns, Total: 8473358 ns
[2025-05-19T05:26:30.892+0000][71][info ][gc,marking  ] GC(10) Concurrent Mark 23.019ms
[2025-05-19T05:26:30.893+0000][71][info ][gc,marking  ] GC(10) Concurrent Rebuild Remembered Sets and Scrub Regions
[2025-05-19T05:26:30.897+0000][71][info ][gc,marking  ] GC(10) Concurrent Rebuild Remembered Sets and Scrub Regions 4.057ms
[2025-05-19T05:26:30.898+0000][71][info ][gc,start    ] GC(10) Pause Cleanup
[2025-05-19T05:26:30.899+0000][71][info ][gc          ] GC(10) Pause Cleanup 70M->70M(3880M) 1.242ms
[2025-05-19T05:26:30.900+0000][71][info ][gc,cpu      ] GC(10) User=0.00s Sys=0.00s Real=0.00s
[2025-05-19T05:26:30.900+0000][71][info ][safepoint   ] Safepoint "G1PauseCleanup", Time since last: 6380448 ns, Reaching safepoint: 273294 ns, Cleanup: 25503 ns, At safepoint: 2041451 ns, Total: 2340248 ns
[2025-05-19T05:26:30.901+0000][71][info ][gc,marking  ] GC(10) Concurrent Clear Claimed Marks
[2025-05-19T05:26:30.901+0000][71][info ][gc,marking  ] GC(10) Concurrent Clear Claimed Marks 0.589ms
[2025-05-19T05:26:30.902+0000][71][info ][gc,marking  ] GC(10) Concurrent Cleanup for Next Mark
[2025-05-19T05:26:30.910+0000][71][info ][gc,marking  ] GC(10) Concurrent Cleanup for Next Mark 7.888ms
[2025-05-19T05:26:30.911+0000][71][info ][gc          ] GC(10) Concurrent Mark Cycle 65.842ms
[2025-05-19T05:26:32.355+0000][71][info ][safepoint   ] Safepoint "Cleanup", Time since last: 1451623961 ns, Reaching safepoint: 2243797 ns, Cleanup: 221461 ns, At safepoint: 150084 ns, Total: 2615342 ns
[2025-05-19T05:26:33.356+0000][71][info ][safepoint   ] Safepoint "Cleanup", Time since last: 1000903833 ns, Reaching safepoint: 162324 ns, Cleanup: 43645 ns, At safepoint: 48164 ns, Total: 254133 ns
[2025-05-19T05:26:34.468+0000][71][info ][safepoint   ] Safepoint "Cleanup", Time since last: 1112048234 ns, Reaching safepoint: 231825 ns, Cleanup: 114073 ns, At safepoint: 104635 ns, Total: 450533 ns
[2025-05-19T05:26:34.897+0000][71][info ][safepoint   ] Safepoint "ICBufferFull", Time since last: 428507479 ns, Reaching safepoint: 173950 ns, Cleanup: 286660 ns, At safepoint: 204920 ns, Total: 665530 ns
[2025-05-19T05:26:35.227+0000][71][info ][safepoint   ] Safepoint "ICBufferFull", Time since last: 328993654 ns, Reaching safepoint: 13814 ns, Cleanup: 207418 ns, At safepoint: 16245 ns, Total: 237477 ns
[2025-05-19T05:26:35.440+0000][71][info ][safepoint   ] Safepoint "ICBufferFull", Time since last: 213389831 ns, Reaching safepoint: 16587 ns, Cleanup: 153273 ns, At safepoint: 117456 ns, Total: 287316 ns
[2025-05-19T05:26:35.861+0000][71][info ][safepoint   ] Safepoint "ICBufferFull", Time since last: 420216706 ns, Reaching safepoint: 205879 ns, Cleanup: 188185 ns, At safepoint: 106901 ns, Total: 500965 ns
[2025-05-19T05:26:36.312+0000][71][info ][safepoint   ] Safepoint "ICBufferFull", Time since last: 450999132 ns, Reaching safepoint: 10924 ns, Cleanup: 165614 ns, At safepoint: 13881 ns, Total: 190419 ns
[2025-05-19T05:26:37.084+0000][71][info ][safepoint   ] Safepoint "ICBufferFull", Time since last: 771050891 ns, Reaching safepoint: 14127 ns, Cleanup: 245114 ns, At safepoint: 69409 ns, Total: 328650 ns
[2025-05-19T05:26:37.694+0000][71][info ][safepoint   ] Safepoint "ICBufferFull", Time since last: 609899376 ns, Reaching safepoint: 11935 ns, Cleanup: 151754 ns, At safepoint: 47855 ns, Total: 211544 ns
[2025-05-19T05:26:38.695+0000][71][info ][safepoint   ] Safepoint "Cleanup", Time since last: 1000880122 ns, Reaching safepoint: 125712 ns, Cleanup: 117521 ns, At safepoint: 44843 ns, Total: 288076 ns
[2025-05-19T05:26:39.697+0000][71][info ][safepoint   ] Safepoint "Cleanup", Time since last: 1001780935 ns, Reaching safepoint: 26647 ns, Cleanup: 143773 ns, At safepoint: 21316 ns, Total: 191736 ns
[2025-05-19T05:26:42.699+0000][71][info ][safepoint   ] Safepoint "Cleanup", Time since last: 3001468848 ns, Reaching safepoint: 246790 ns, Cleanup: 23651 ns, At safepoint: 24009 ns, Total: 294450 ns
[2025-05-19T05:26:44.700+0000][71][info ][safepoint   ] Safepoint "Cleanup", Time since last: 2001273732 ns, Reaching safepoint: 13179 ns, Cleanup: 23517 ns, At safepoint: 9649 ns, Total: 46345 ns
[2025-05-19T05:26:54.998+0000][71][info ][safepoint   ] Safepoint "Cleanup", Time since last: 10300792843 ns, Reaching safepoint: 17420 ns, Cleanup: 62874 ns, At safepoint: 12282 ns, Total: 92576 ns
[2025-05-19T05:27:05.001+0000][71][info ][safepoint   ] Safepoint "Cleanup", Time since last: 10002359945 ns, Reaching safepoint: 17321 ns, Cleanup: 28657 ns, At safepoint: 12805 ns, Total: 58783 ns
[2025-05-19T05:27:07.217+0000][71][info ][safepoint   ] Safepoint "Cleanup", Time since last: 2216015596 ns, Reaching safepoint: 5877 ns, Cleanup: 19796 ns, At safepoint: 3362 ns, Total: 29035 ns
[2025-05-19T05:27:07.726+0000][71][info ][safepoint   ] Safepoint "ICBufferFull", Time since last: 509172338 ns, Reaching safepoint: 172784 ns, Cleanup: 203033 ns, At safepoint: 100076 ns, Total: 475893 ns
[2025-05-19T05:27:08.363+0000][71][info ][safepoint   ] Safepoint "ICBufferFull", Time since last: 636208920 ns, Reaching safepoint: 15435 ns, Cleanup: 221320 ns, At safepoint: 41160 ns, Total: 277915 ns
[2025-05-19T05:27:09.544+0000][71][info ][safepoint   ] Safepoint "Cleanup", Time since last: 1181160653 ns, Reaching safepoint: 15601 ns, Cleanup: 193666 ns, At safepoint: 17154 ns, Total: 226421 ns
[2025-05-19T05:27:10.545+0000][71][info ][safepoint   ] Safepoint "Cleanup", Time since last: 1000711970 ns, Reaching safepoint: 16683 ns, Cleanup: 104863 ns, At safepoint: 14334 ns, Total: 135880 ns
[2025-05-19T05:27:11.546+0000][71][info ][safepoint   ] Safepoint "Cleanup", Time since last: 1001078980 ns, Reaching safepoint: 19366 ns, Cleanup: 20335 ns, At safepoint: 13967 ns, Total: 53668 ns
[2025-05-19T05:27:13.440+0000][71][info ][safepoint   ] Safepoint "Cleanup", Time since last: 1893596612 ns, Reaching safepoint: 21732 ns, Cleanup: 218305 ns, At safepoint: 22217 ns, Total: 262254 ns
[2025-05-19T05:27:14.441+0000][71][info ][safepoint   ] Safepoint "Cleanup", Time since last: 1000844675 ns, Reaching safepoint: 157702 ns, Cleanup: 24287 ns, At safepoint: 18218 ns, Total: 200207 ns
[2025-05-19T05:27:15.466+0000][71][info ][safepoint   ] Safepoint "Cleanup", Time since last: 1024406671 ns, Reaching safepoint: 17010 ns, Cleanup: 19640 ns, At safepoint: 10571 ns, Total: 47221 ns
[2025-05-19T05:27:19.465+0000][71][info ][safepoint   ] Safepoint "Cleanup", Time since last: 4001085239 ns, Reaching safepoint: 16693 ns, Cleanup: 17759 ns, At safepoint: 10729 ns, Total: 45181 ns
[2025-05-19T05:27:20.466+0000][71][info ][safepoint   ] Safepoint "Cleanup", Time since last: 1001292938 ns, Reaching safepoint: 20953 ns, Cleanup: 18844 ns, At safepoint: 13943 ns, Total: 53740 ns
[2025-05-19T05:27:21.124+0000][71][info ][safepoint   ] Safepoint "ICBufferFull", Time since last: 654619409 ns, Reaching safepoint: 3396188 ns, Cleanup: 178643 ns, At safepoint: 203939 ns, Total: 3778770 ns
[2025-05-19T05:27:21.137+0000][71][info ][safepoint   ] Safepoint "ICBufferFull", Time since last: 9242955 ns, Reaching safepoint: 3275875 ns, Cleanup: 50583 ns, At safepoint: 176088 ns, Total: 3502546 ns
[2025-05-19T05:27:21.483+0000][71][info ][safepoint   ] Safepoint "ICBufferFull", Time since last: 328131174 ns, Reaching safepoint: 17473995 ns, Cleanup: 141966 ns, At safepoint: 232853 ns, Total: 17848814 ns
[2025-05-19T05:27:21.910+0000][71][info ][safepoint   ] Safepoint "ICBufferFull", Time since last: 418347445 ns, Reaching safepoint: 450914 ns, Cleanup: 282956 ns, At safepoint: 7990277 ns, Total: 8724147 ns
[2025-05-19T05:27:22.191+0000][71][info ][safepoint   ] Safepoint "ICBufferFull", Time since last: 280715885 ns, Reaching safepoint: 20915 ns, Cleanup: 148033 ns, At safepoint: 102465 ns, Total: 271413 ns
[2025-05-19T05:27:22.710+0000][71][info ][safepoint   ] Safepoint "ICBufferFull", Time since last: 518967011 ns, Reaching safepoint: 135739 ns, Cleanup: 185908 ns, At safepoint: 146406 ns, Total: 468053 ns
[2025-05-19T05:27:24.027+0000][71][info ][safepoint   ] Safepoint "Cleanup", Time since last: 1315884829 ns, Reaching safepoint: 110934 ns, Cleanup: 223933 ns, At safepoint: 54143 ns, Total: 389010 ns
[2025-05-19T05:27:24.694+0000][71][info ][safepoint   ] Safepoint "ICBufferFull", Time since last: 666234807 ns, Reaching safepoint: 20331 ns, Cleanup: 199300 ns, At safepoint: 754932 ns, Total: 974563 ns
[2025-05-19T05:27:25.156+0000][71][info ][safepoint   ] Safepoint "ICBufferFull", Time since last: 461208315 ns, Reaching safepoint: 141735 ns, Cleanup: 128218 ns, At safepoint: 82721 ns, Total: 352674 ns
[2025-05-19T05:27:25.573+0000][71][info ][safepoint   ] Safepoint "ICBufferFull", Time since last: 417565881 ns, Reaching safepoint: 117408 ns, Cleanup: 157144 ns, At safepoint: 63910 ns, Total: 338462 ns
[2025-05-19T05:27:26.063+0000][71][info ][safepoint   ] Safepoint "ICBufferFull", Time since last: 489383240 ns, Reaching safepoint: 25793 ns, Cleanup: 194722 ns, At safepoint: 19779 ns, Total: 240294 ns
[2025-05-19T05:27:27.374+0000][71][info ][safepoint   ] Safepoint "Cleanup", Time since last: 1309914401 ns, Reaching safepoint: 177400 ns, Cleanup: 295349 ns, At safepoint: 195721 ns, Total: 668470 ns
[2025-05-19T05:27:28.049+0000][71][info ][safepoint   ] Safepoint "ICBufferFull", Time since last: 675089648 ns, Reaching safepoint: 124842 ns, Cleanup: 148374 ns, At safepoint: 84478 ns, Total: 357694 ns
[2025-05-19T05:27:28.645+0000][71][info ][safepoint   ] Safepoint "ICBufferFull", Time since last: 595301304 ns, Reaching safepoint: 18562 ns, Cleanup: 124254 ns, At safepoint: 48088 ns, Total: 190904 ns
[2025-05-19T05:27:29.635+0000][71][info ][safepoint   ] Safepoint "ICBufferFull", Time since last: 989899644 ns, Reaching safepoint: 531926 ns, Cleanup: 196936 ns, At safepoint: 264387 ns, Total: 993249 ns
[2025-05-19T05:27:30.344+0000][71][info ][safepoint   ] Safepoint "ICBufferFull", Time since last: 708473367 ns, Reaching safepoint: 54205 ns, Cleanup: 159978 ns, At safepoint: 34414 ns, Total: 248597 ns
[2025-05-19T05:27:30.837+0000][71][info ][safepoint   ] Safepoint "ICBufferFull", Time since last: 492131116 ns, Reaching safepoint: 44759 ns, Cleanup: 162314 ns, At safepoint: 51209 ns, Total: 258282 ns
[2025-05-19T05:27:31.461+0000][71][info ][safepoint   ] Safepoint "ICBufferFull", Time since last: 622968059 ns, Reaching safepoint: 1018953 ns, Cleanup: 299046 ns, At safepoint: 178813 ns, Total: 1496812 ns
[2025-05-19T05:27:32.896+0000][71][info ][safepoint   ] Safepoint "Cleanup", Time since last: 1184369067 ns, Reaching safepoint: 250621506 ns, Cleanup: 196204 ns, At safepoint: 206315 ns, Total: 251024025 ns
[2025-05-19T05:27:33.886+0000][71][info ][safepoint   ] Safepoint "ICBufferFull", Time since last: 989630608 ns, Reaching safepoint: 19187 ns, Cleanup: 131234 ns, At safepoint: 14806 ns, Total: 165227 ns
[2025-05-19T05:27:35.008+0000][71][info ][safepoint   ] Safepoint "Cleanup", Time since last: 1120918217 ns, Reaching safepoint: 188605 ns, Cleanup: 182712 ns, At safepoint: 119575 ns, Total: 490892 ns
[2025-05-19T05:27:36.010+0000][71][info ][safepoint   ] Safepoint "Cleanup", Time since last: 1002482660 ns, Reaching safepoint: 42717 ns, Cleanup: 128221 ns, At safepoint: 19953 ns, Total: 190891 ns
[2025-05-19T05:27:36.641+0000][71][info ][safepoint   ] Safepoint "ICBufferFull", Time since last: 630143397 ns, Reaching safepoint: 181848 ns, Cleanup: 232409 ns, At safepoint: 410429 ns, Total: 824686 ns
[2025-05-19T05:27:38.040+0000][71][info ][safepoint   ] Safepoint "Cleanup", Time since last: 1398906520 ns, Reaching safepoint: 17998 ns, Cleanup: 87489 ns, At safepoint: 9234 ns, Total: 114721 ns
[2025-05-19T05:27:39.736+0000][71][info ][safepoint   ] Safepoint "Cleanup", Time since last: 1695097415 ns, Reaching safepoint: 142894 ns, Cleanup: 74236 ns, At safepoint: 162003 ns, Total: 379133 ns
[2025-05-19T05:27:41.097+0000][71][info ][safepoint   ] Safepoint "Cleanup", Time since last: 1361223857 ns, Reaching safepoint: 34329 ns, Cleanup: 242976 ns, At safepoint: 24420 ns, Total: 301725 ns
[2025-05-19T05:27:42.155+0000][71][info ][safepoint   ] Safepoint "Cleanup", Time since last: 1057846014 ns, Reaching safepoint: 77587 ns, Cleanup: 44719 ns, At safepoint: 20825 ns, Total: 143131 ns
[2025-05-19T05:27:43.156+0000][71][info ][safepoint   ] Safepoint "Cleanup", Time since last: 1000761068 ns, Reaching safepoint: 28086 ns, Cleanup: 43554 ns, At safepoint: 15594 ns, Total: 87234 ns
[2025-05-19T05:27:44.157+0000][71][info ][safepoint   ] Safepoint "Cleanup", Time since last: 1001120326 ns, Reaching safepoint: 30649 ns, Cleanup: 37454 ns, At safepoint: 15582 ns, Total: 83685 ns
[2025-05-19T05:27:45.953+0000][71][info ][gc,start    ] GC(11) Pause Young (Concurrent Start) (CodeCache GC Threshold)
[2025-05-19T05:27:45.954+0000][71][info ][gc,task     ] GC(11) Using 10 workers of 10 for evacuation
[2025-05-19T05:27:45.954+0000][71][debug][gc,age      ] GC(11) Desired survivor size 88080384 bytes, new threshold 15 (max threshold 15)
[2025-05-19T05:27:46.236+0000][71][info ][gc,mmu      ] GC(11) MMU target violated: 201.0ms (200.0ms/201.0ms)
[2025-05-19T05:27:46.237+0000][71][info ][gc,phases   ] GC(11)   Pre Evacuate Collection Set: 1.65ms
[2025-05-19T05:27:46.239+0000][71][info ][gc,phases   ] GC(11)   Merge Heap Roots: 2.17ms
[2025-05-19T05:27:46.240+0000][71][info ][gc,phases   ] GC(11)   Evacuate Collection Set: 177.45ms
[2025-05-19T05:27:46.240+0000][71][info ][gc,phases   ] GC(11)   Post Evacuate Collection Set: 99.75ms
[2025-05-19T05:27:46.241+0000][71][info ][gc,phases   ] GC(11)   Other: 2.00ms
[2025-05-19T05:27:46.241+0000][71][trace][gc,age      ] GC(11) Age table with threshold 15 (max threshold 15)
[2025-05-19T05:27:46.242+0000][71][trace][gc,age      ] GC(11) - age   1:   52449976 bytes,   52449976 total
[2025-05-19T05:27:46.242+0000][71][trace][gc,age      ] GC(11) - age   2:   20256624 bytes,   72706600 total
[2025-05-19T05:27:46.242+0000][71][trace][gc,age      ] GC(11) - age   3:   14342520 bytes,   87049120 total
[2025-05-19T05:27:46.243+0000][71][trace][gc,age      ] GC(11) - age   4:    4255416 bytes,   91304536 total
[2025-05-19T05:27:46.243+0000][71][trace][gc,age      ] GC(11) - age   5:    2489008 bytes,   93793544 total
[2025-05-19T05:27:46.244+0000][71][trace][gc,age      ] GC(11) - age   6:    4074248 bytes,   97867792 total
[2025-05-19T05:27:46.244+0000][71][trace][gc,age      ] GC(11) - age   7:    4199464 bytes,  102067256 total
[2025-05-19T05:27:46.245+0000][71][info ][gc,heap     ] GC(11) Eden regions: 317->0(20)
[2025-05-19T05:27:46.245+0000][71][info ][gc,heap     ] GC(11) Survivor regions: 13->28(42)
[2025-05-19T05:27:46.246+0000][71][info ][gc,heap     ] GC(11) Old regions: 3->3
[2025-05-19T05:27:46.247+0000][71][info ][gc,heap     ] GC(11) Humongous regions: 0->0
[2025-05-19T05:27:46.247+0000][71][info ][gc,metaspace] GC(11) Metaspace: 141189K(145152K)->141189K(145152K) NonClass: 121590K(123712K)->121590K(123712K) Class: 19598K(21440K)->19598K(21440K)
[2025-05-19T05:27:46.248+0000][71][info ][gc          ] GC(11) Pause Young (Concurrent Start) (CodeCache GC Threshold) 1330M->119M(3880M) 294.632ms
[2025-05-19T05:27:46.250+0000][71][info ][gc          ] GC(12) Concurrent Mark Cycle
[2025-05-19T05:27:46.250+0000][71][info ][gc,cpu      ] GC(11) User=1.74s Sys=0.10s Real=0.33s
[2025-05-19T05:27:46.250+0000][71][info ][gc,marking  ] GC(12) Concurrent Scan Root Regions
[2025-05-19T05:27:46.251+0000][71][info ][safepoint   ] Safepoint "G1TryInitiateConcMark", Time since last: 1795690672 ns, Reaching safepoint: 140301 ns, Cleanup: 54327 ns, At safepoint: 297707074 ns, Total: 297901702 ns
[2025-05-19T05:27:46.277+0000][71][info ][gc,marking  ] GC(12) Concurrent Scan Root Regions 27.318ms
[2025-05-19T05:27:46.278+0000][71][info ][gc,marking  ] GC(12) Concurrent Mark
[2025-05-19T05:27:46.278+0000][71][info ][gc,marking  ] GC(12) Concurrent Mark From Roots
[2025-05-19T05:27:46.279+0000][71][info ][gc,task     ] GC(12) Using 3 workers of 3 for marking
[2025-05-19T05:27:46.288+0000][71][info ][gc,marking  ] GC(12) Concurrent Mark From Roots 9.858ms
[2025-05-19T05:27:46.289+0000][71][info ][gc,marking  ] GC(12) Concurrent Preclean
[2025-05-19T05:27:46.289+0000][71][info ][gc,marking  ] GC(12) Concurrent Preclean 0.569ms
[2025-05-19T05:27:46.331+0000][71][info ][gc,start    ] GC(12) Pause Remark
[2025-05-19T05:27:46.356+0000][71][info ][gc          ] GC(12) Pause Remark 131M->131M(3880M) 24.293ms
[2025-05-19T05:27:46.356+0000][71][info ][gc,cpu      ] GC(12) User=0.09s Sys=0.01s Real=0.02s
[2025-05-19T05:27:46.357+0000][71][info ][safepoint   ] Safepoint "G1PauseRemark", Time since last: 39204328 ns, Reaching safepoint: 41080589 ns, Cleanup: 10909 ns, At safepoint: 25504288 ns, Total: 66595786 ns
[2025-05-19T05:27:46.357+0000][71][info ][gc,marking  ] GC(12) Concurrent Mark 79.137ms
[2025-05-19T05:27:46.358+0000][71][info ][gc,marking  ] GC(12) Concurrent Rebuild Remembered Sets and Scrub Regions
[2025-05-19T05:27:46.367+0000][71][info ][gc,marking  ] GC(12) Concurrent Rebuild Remembered Sets and Scrub Regions 9.090ms
[2025-05-19T05:27:46.369+0000][71][info ][gc,start    ] GC(12) Pause Cleanup
[2025-05-19T05:27:46.370+0000][71][info ][gc          ] GC(12) Pause Cleanup 134M->134M(3880M) 1.295ms
[2025-05-19T05:27:46.371+0000][71][info ][gc,cpu      ] GC(12) User=0.00s Sys=0.00s Real=0.00s
[2025-05-19T05:27:46.371+0000][71][info ][safepoint   ] Safepoint "G1PauseCleanup", Time since last: 11776938 ns, Reaching safepoint: 131760 ns, Cleanup: 40284 ns, At safepoint: 2344028 ns, Total: 2516072 ns
[2025-05-19T05:27:46.372+0000][71][info ][gc,marking  ] GC(12) Concurrent Clear Claimed Marks
[2025-05-19T05:27:46.373+0000][71][info ][gc,marking  ] GC(12) Concurrent Clear Claimed Marks 1.089ms
[2025-05-19T05:27:46.373+0000][71][info ][gc,marking  ] GC(12) Concurrent Cleanup for Next Mark
[2025-05-19T05:27:46.382+0000][71][info ][gc,marking  ] GC(12) Concurrent Cleanup for Next Mark 8.637ms
[2025-05-19T05:27:46.383+0000][71][info ][gc          ] GC(12) Concurrent Mark Cycle 133.059ms
[2025-05-19T05:27:49.171+0000][71][info ][safepoint   ] Safepoint "Cleanup", Time since last: 2802250577 ns, Reaching safepoint: 29819 ns, Cleanup: 109602 ns, At safepoint: 17357 ns, Total: 156778 ns
[2025-05-19T05:27:51.172+0000][71][info ][safepoint   ] Safepoint "Cleanup", Time since last: 2001181467 ns, Reaching safepoint: 32259 ns, Cleanup: 53607 ns, At safepoint: 18427 ns, Total: 104293 ns
[2025-05-19T05:27:52.173+0000][71][info ][safepoint   ] Safepoint "Cleanup", Time since last: 1000856166 ns, Reaching safepoint: 22588 ns, Cleanup: 42869 ns, At safepoint: 9945 ns, Total: 75402 ns
[2025-05-19T05:27:53.174+0000][71][info ][safepoint   ] Safepoint "Cleanup", Time since last: 1000606567 ns, Reaching safepoint: 27341 ns, Cleanup: 13387 ns, At safepoint: 41598 ns, Total: 82326 ns
[2025-05-19T05:27:55.175+0000][71][info ][safepoint   ] Safepoint "Cleanup", Time since last: 2001126994 ns, Reaching safepoint: 33129 ns, Cleanup: 34754 ns, At safepoint: 16203 ns, Total: 84086 ns
[2025-05-19T05:27:56.176+0000][71][info ][safepoint   ] Safepoint "Cleanup", Time since last: 1000987144 ns, Reaching safepoint: 17760 ns, Cleanup: 21866 ns, At safepoint: 8542 ns, Total: 48168 ns
[2025-05-19T05:27:58.177+0000][71][info ][safepoint   ] Safepoint "Cleanup", Time since last: 2000888127 ns, Reaching safepoint: 31597 ns, Cleanup: 39814 ns, At safepoint: 15314 ns, Total: 86725 ns
[2025-05-19T05:27:59.178+0000][71][info ][safepoint   ] Safepoint "Cleanup", Time since last: 1000988065 ns, Reaching safepoint: 32522 ns, Cleanup: 20432 ns, At safepoint: 12475 ns, Total: 65429 ns
[2025-05-19T05:28:00.179+0000][71][info ][safepoint   ] Safepoint "Cleanup", Time since last: 1000970564 ns, Reaching safepoint: 30023 ns, Cleanup: 31070 ns, At safepoint: 14163 ns, Total: 75256 ns
[2025-05-19T05:28:01.180+0000][71][info ][safepoint   ] Safepoint "Cleanup", Time since last: 1000687480 ns, Reaching safepoint: 29672 ns, Cleanup: 52365 ns, At safepoint: 15721 ns, Total: 97758 ns
[2025-05-19T05:28:02.181+0000][71][info ][safepoint   ] Safepoint "Cleanup", Time since last: 1000781117 ns, Reaching safepoint: 34299 ns, Cleanup: 22152 ns, At safepoint: 17759 ns, Total: 74210 ns
[2025-05-19T05:28:03.182+0000][71][info ][safepoint   ] Safepoint "Cleanup", Time since last: 1000773880 ns, Reaching safepoint: 26158 ns, Cleanup: 18862 ns, At safepoint: 10359 ns, Total: 55379 ns
[2025-05-19T05:28:04.183+0000][71][info ][safepoint   ] Safepoint "Cleanup", Time since last: 1000640336 ns, Reaching safepoint: 61683 ns, Cleanup: 24311 ns, At safepoint: 10247 ns, Total: 96241 ns
[2025-05-19T05:28:05.183+0000][71][info ][safepoint   ] Safepoint "Cleanup", Time since last: 1000671765 ns, Reaching safepoint: 37047 ns, Cleanup: 34471 ns, At safepoint: 16706 ns, Total: 88224 ns
[2025-05-19T05:28:05.926+0000][71][info ][gc,start    ] GC(13) Pause Young (Normal) (G1 Evacuation Pause)
[2025-05-19T05:28:05.926+0000][71][info ][gc,task     ] GC(13) Using 10 workers of 10 for evacuation
[2025-05-19T05:28:05.926+0000][71][debug][gc,age      ] GC(13) Desired survivor size 12582912 bytes, new threshold 1 (max threshold 15)
[2025-05-19T05:28:06.068+0000][71][info ][gc,phases   ] GC(13)   Pre Evacuate Collection Set: 0.85ms
[2025-05-19T05:28:06.069+0000][71][info ][gc,phases   ] GC(13)   Merge Heap Roots: 0.61ms
[2025-05-19T05:28:06.070+0000][71][info ][gc,phases   ] GC(13)   Evacuate Collection Set: 136.37ms
[2025-05-19T05:28:06.070+0000][71][info ][gc,phases   ] GC(13)   Post Evacuate Collection Set: 3.50ms
[2025-05-19T05:28:06.071+0000][71][info ][gc,phases   ] GC(13)   Other: 0.91ms
[2025-05-19T05:28:06.071+0000][71][trace][gc,age      ] GC(13) Age table with threshold 1 (max threshold 15)
[2025-05-19T05:28:06.072+0000][71][trace][gc,age      ] GC(13) - age   1:     354816 bytes,     354816 total
[2025-05-19T05:28:06.072+0000][71][info ][gc,heap     ] GC(13) Eden regions: 20->0(307)
[2025-05-19T05:28:06.073+0000][71][info ][gc,heap     ] GC(13) Survivor regions: 28->4(6)
[2025-05-19T05:28:06.073+0000][71][info ][gc,heap     ] GC(13) Old regions: 3->30
[2025-05-19T05:28:06.074+0000][71][info ][gc,heap     ] GC(13) Humongous regions: 0->0
[2025-05-19T05:28:06.074+0000][71][info ][gc,metaspace] GC(13) Metaspace: 141307K(145280K)->141307K(145280K) NonClass: 121706K(123840K)->121706K(123840K) Class: 19600K(21440K)->19600K(21440K)
[2025-05-19T05:28:06.074+0000][71][info ][gc          ] GC(13) Pause Young (Normal) (G1 Evacuation Pause) 199M->131M(3880M) 148.884ms
[2025-05-19T05:28:06.075+0000][71][info ][gc,cpu      ] GC(13) User=1.23s Sys=0.02s Real=0.15s
[2025-05-19T05:28:06.075+0000][71][info ][safepoint   ] Safepoint "G1CollectForAllocation", Time since last: 742121266 ns, Reaching safepoint: 15638 ns, Cleanup: 65257 ns, At safepoint: 149970126 ns, Total: 150051021 ns
[2025-05-19T05:28:07.732+0000][71][info ][safepoint   ] Safepoint "Cleanup", Time since last: 1656296885 ns, Reaching safepoint: 18542 ns, Cleanup: 29279 ns, At safepoint: 8338 ns, Total: 56159 ns
[2025-05-19T05:28:08.732+0000][71][info ][safepoint   ] Safepoint "Cleanup", Time since last: 1000584472 ns, Reaching safepoint: 20619 ns, Cleanup: 16570 ns, At safepoint: 12077 ns, Total: 49266 ns
[2025-05-19T05:28:09.733+0000][71][info ][safepoint   ] Safepoint "Cleanup", Time since last: 1000833668 ns, Reaching safepoint: 19289 ns, Cleanup: 39088 ns, At safepoint: 8764 ns, Total: 67141 ns
[2025-05-19T05:28:11.478+0000][71][info ][safepoint   ] Safepoint "Cleanup", Time since last: 1744251090 ns, Reaching safepoint: 33334 ns, Cleanup: 112165 ns, At safepoint: 21032 ns, Total: 166531 ns
[2025-05-19T05:28:12.480+0000][71][info ][safepoint   ] Safepoint "Cleanup", Time since last: 1002146651 ns, Reaching safepoint: 34296 ns, Cleanup: 30363 ns, At safepoint: 16368 ns, Total: 81027 ns
[2025-05-19T05:28:14.481+0000][71][info ][safepoint   ] Safepoint "Cleanup", Time since last: 2000852743 ns, Reaching safepoint: 37341 ns, Cleanup: 16782 ns, At safepoint: 10515 ns, Total: 64638 ns
[2025-05-19T05:28:15.482+0000][71][info ][safepoint   ] Safepoint "Cleanup", Time since last: 1000849570 ns, Reaching safepoint: 35751 ns, Cleanup: 38542 ns, At safepoint: 20682 ns, Total: 94975 ns
[2025-05-19T05:28:16.483+0000][71][info ][safepoint   ] Safepoint "Cleanup", Time since last: 1000782377 ns, Reaching safepoint: 167727 ns, Cleanup: 28392 ns, At safepoint: 14313 ns, Total: 210432 ns
[2025-05-19T05:28:18.484+0000][71][info ][safepoint   ] Safepoint "Cleanup", Time since last: 2000922284 ns, Reaching safepoint: 23319 ns, Cleanup: 28769 ns, At safepoint: 10128 ns, Total: 62216 ns
[2025-05-19T05:28:21.482+0000][71][info ][safepoint   ] Safepoint "Cleanup", Time since last: 3001201830 ns, Reaching safepoint: 27999 ns, Cleanup: 71168 ns, At safepoint: 12550 ns, Total: 111717 ns
[2025-05-19T05:28:22.483+0000][71][info ][safepoint   ] Safepoint "Cleanup", Time since last: 1000955291 ns, Reaching safepoint: 19484 ns, Cleanup: 13073 ns, At safepoint: 8557 ns, Total: 41114 ns
[2025-05-19T05:28:24.484+0000][71][info ][safepoint   ] Safepoint "Cleanup", Time since last: 2000792808 ns, Reaching safepoint: 21526 ns, Cleanup: 30773 ns, At safepoint: 8001 ns, Total: 60300 ns
[2025-05-19T05:28:25.485+0000][71][info ][safepoint   ] Safepoint "Cleanup", Time since last: 1000651862 ns, Reaching safepoint: 44108 ns, Cleanup: 44183 ns, At safepoint: 19748 ns, Total: 108039 ns
[2025-05-19T05:28:26.486+0000][71][info ][safepoint   ] Safepoint "Cleanup", Time since last: 1000754084 ns, Reaching safepoint: 28720 ns, Cleanup: 52498 ns, At safepoint: 41644 ns, Total: 122862 ns
[2025-05-19T05:28:27.492+0000][71][info ][safepoint   ] Safepoint "Cleanup", Time since last: 1006042701 ns, Reaching safepoint: 130022 ns, Cleanup: 94674 ns, At safepoint: 69528 ns, Total: 294224 ns
[2025-05-19T05:28:29.295+0000][71][info ][safepoint   ] Safepoint "Cleanup", Time since last: 1802868283 ns, Reaching safepoint: 26295 ns, Cleanup: 140923 ns, At safepoint: 18510 ns, Total: 185728 ns
[2025-05-19T05:28:31.296+0000][71][info ][safepoint   ] Safepoint "Cleanup", Time since last: 2000882003 ns, Reaching safepoint: 29418 ns, Cleanup: 33393 ns, At safepoint: 13339 ns, Total: 76150 ns
[2025-05-19T05:28:34.297+0000][71][info ][safepoint   ] Safepoint "Cleanup", Time since last: 3000983831 ns, Reaching safepoint: 70850 ns, Cleanup: 21751 ns, At safepoint: 15524 ns, Total: 108125 ns
[2025-05-19T05:28:36.302+0000][71][info ][safepoint   ] Safepoint "Cleanup", Time since last: 2004402042 ns, Reaching safepoint: 22214 ns, Cleanup: 14877 ns, At safepoint: 9224 ns, Total: 46315 ns
[2025-05-19T05:28:38.303+0000][71][info ][safepoint   ] Safepoint "Cleanup", Time since last: 2000777993 ns, Reaching safepoint: 50530 ns, Cleanup: 40715 ns, At safepoint: 12544 ns, Total: 103789 ns
[2025-05-19T05:28:39.303+0000][71][info ][safepoint   ] Safepoint "Cleanup", Time since last: 1000568457 ns, Reaching safepoint: 29894 ns, Cleanup: 17547 ns, At safepoint: 13392 ns, Total: 60833 ns
[2025-05-19T05:28:40.304+0000][71][info ][safepoint   ] Safepoint "Cleanup", Time since last: 1000600294 ns, Reaching safepoint: 30463 ns, Cleanup: 23533 ns, At safepoint: 12087 ns, Total: 66083 ns
[2025-05-19T05:28:41.304+0000][71][info ][safepoint   ] Safepoint "Cleanup", Time since last: 1000591092 ns, Reaching safepoint: 30708 ns, Cleanup: 32412 ns, At safepoint: 11268 ns, Total: 74388 ns
[2025-05-19T05:28:43.305+0000][71][info ][safepoint   ] Safepoint "Cleanup", Time since last: 2000800484 ns, Reaching safepoint: 28288 ns, Cleanup: 31952 ns, At safepoint: 11816 ns, Total: 72056 ns
[2025-05-19T05:28:46.306+0000][71][info ][safepoint   ] Safepoint "Cleanup", Time since last: 3001053454 ns, Reaching safepoint: 21043 ns, Cleanup: 31907 ns, At safepoint: 9584 ns, Total: 62534 ns
[2025-05-19T05:28:48.205+0000][71][info ][safepoint   ] Safepoint "Cleanup", Time since last: 1898374091 ns, Reaching safepoint: 15939 ns, Cleanup: 19299 ns, At safepoint: 26040 ns, Total: 61278 ns
[2025-05-19T05:28:49.204+0000][71][info ][safepoint   ] Safepoint "Cleanup", Time since last: 1001090778 ns, Reaching safepoint: 42064 ns, Cleanup: 34462 ns, At safepoint: 16057 ns, Total: 92583 ns
[2025-05-19T05:28:51.205+0000][71][info ][safepoint   ] Safepoint "Cleanup", Time since last: 2000954179 ns, Reaching safepoint: 161747 ns, Cleanup: 39367 ns, At safepoint: 18838 ns, Total: 219952 ns
[2025-05-19T05:28:52.206+0000][71][info ][safepoint   ] Safepoint "Cleanup", Time since last: 1000698122 ns, Reaching safepoint: 28976 ns, Cleanup: 23433 ns, At safepoint: 12353 ns, Total: 64762 ns
[2025-05-19T05:28:55.207+0000][71][info ][safepoint   ] Safepoint "Cleanup", Time since last: 3000804171 ns, Reaching safepoint: 35402 ns, Cleanup: 44259 ns, At safepoint: 10193 ns, Total: 89854 ns
[2025-05-19T05:28:56.207+0000][71][info ][safepoint   ] Safepoint "Cleanup", Time since last: 1000856575 ns, Reaching safepoint: 26442 ns, Cleanup: 31047 ns, At safepoint: 11301 ns, Total: 68790 ns
[2025-05-19T05:28:58.210+0000][71][info ][safepoint   ] Safepoint "Cleanup", Time since last: 2002901568 ns, Reaching safepoint: 29448 ns, Cleanup: 22497 ns, At safepoint: 9110 ns, Total: 61055 ns
[2025-05-19T05:28:59.211+0000][71][info ][safepoint   ] Safepoint "Cleanup", Time since last: 1000745476 ns, Reaching safepoint: 38248 ns, Cleanup: 30718 ns, At safepoint: 14831 ns, Total: 83797 ns
[2025-05-19T05:29:01.212+0000][71][info ][safepoint   ] Safepoint "Cleanup", Time since last: 2000849389 ns, Reaching safepoint: 28162 ns, Cleanup: 20645 ns, At safepoint: 9297 ns, Total: 58104 ns
[2025-05-19T05:29:04.214+0000][71][info ][safepoint   ] Safepoint "Cleanup", Time since last: 3001258133 ns, Reaching safepoint: 91951 ns, Cleanup: 26696 ns, At safepoint: 13960 ns, Total: 132607 ns
[2025-05-19T05:29:06.215+0000][71][info ][safepoint   ] Safepoint "Cleanup", Time since last: 2000960945 ns, Reaching safepoint: 36301 ns, Cleanup: 27778 ns, At safepoint: 13472 ns, Total: 77551 ns
[2025-05-19T05:29:07.219+0000][71][info ][safepoint   ] Safepoint "Cleanup", Time since last: 1004736560 ns, Reaching safepoint: 36030 ns, Cleanup: 27054 ns, At safepoint: 18334 ns, Total: 81418 ns
[2025-05-19T05:29:10.220+0000][71][info ][safepoint   ] Safepoint "Cleanup", Time since last: 3000963366 ns, Reaching safepoint: 29401 ns, Cleanup: 18908 ns, At safepoint: 12044 ns, Total: 60353 ns
[2025-05-19T05:29:11.221+0000][71][info ][safepoint   ] Safepoint "Cleanup", Time since last: 1000689508 ns, Reaching safepoint: 306720 ns, Cleanup: 25766 ns, At safepoint: 11911 ns, Total: 344397 ns
[2025-05-19T05:29:16.223+0000][71][info ][safepoint   ] Safepoint "Cleanup", Time since last: 5001480466 ns, Reaching safepoint: 186808 ns, Cleanup: 23868 ns, At safepoint: 26540 ns, Total: 237216 ns
[2025-05-19T05:29:19.222+0000][71][info ][safepoint   ] Safepoint "Cleanup", Time since last: 3001379692 ns, Reaching safepoint: 196005 ns, Cleanup: 18538 ns, At safepoint: 13134 ns, Total: 227677 ns
[2025-05-19T05:29:21.223+0000][71][info ][safepoint   ] Safepoint "Cleanup", Time since last: 2000974688 ns, Reaching safepoint: 105094 ns, Cleanup: 44353 ns, At safepoint: 13631 ns, Total: 163078 ns
[2025-05-19T05:29:22.225+0000][71][info ][safepoint   ] Safepoint "Cleanup", Time since last: 1001128126 ns, Reaching safepoint: 30905 ns, Cleanup: 28789 ns, At safepoint: 11686 ns, Total: 71380 ns
[2025-05-19T05:29:23.225+0000][71][info ][safepoint   ] Safepoint "Cleanup", Time since last: 1000818751 ns, Reaching safepoint: 25087 ns, Cleanup: 16124 ns, At safepoint: 10883 ns, Total: 52094 ns
[2025-05-19T05:29:25.226+0000][71][info ][safepoint   ] Safepoint "Cleanup", Time since last: 2000807319 ns, Reaching safepoint: 42339 ns, Cleanup: 24220 ns, At safepoint: 15464 ns, Total: 82023 ns
[2025-05-19T05:29:26.227+0000][71][info ][safepoint   ] Safepoint "Cleanup", Time since last: 1000845429 ns, Reaching safepoint: 33191 ns, Cleanup: 32930 ns, At safepoint: 14268 ns, Total: 80389 ns
[2025-05-19T05:29:28.229+0000][71][info ][safepoint   ] Safepoint "Cleanup", Time since last: 2001602019 ns, Reaching safepoint: 30512 ns, Cleanup: 25117 ns, At safepoint: 11940 ns, Total: 67569 ns
[2025-05-19T05:29:30.462+0000][71][info ][safepoint   ] Safepoint "Cleanup", Time since last: 2232973354 ns, Reaching safepoint: 121442 ns, Cleanup: 31232 ns, At safepoint: 51474 ns, Total: 204148 ns
[2025-05-19T05:29:32.404+0000][71][info ][safepoint   ] Safepoint "Cleanup", Time since last: 1941916210 ns, Reaching safepoint: 63334 ns, Cleanup: 73858 ns, At safepoint: 16610 ns, Total: 153802 ns
[2025-05-19T05:29:34.107+0000][71][info ][safepoint   ] Safepoint "Cleanup", Time since last: 1702316098 ns, Reaching safepoint: 36832 ns, Cleanup: 103225 ns, At safepoint: 17726 ns, Total: 157783 ns
[2025-05-19T05:29:35.108+0000][71][info ][safepoint   ] Safepoint "Cleanup", Time since last: 1001152710 ns, Reaching safepoint: 31245 ns, Cleanup: 36176 ns, At safepoint: 16784 ns, Total: 84205 ns
[2025-05-19T05:29:36.110+0000][71][info ][safepoint   ] Safepoint "Cleanup", Time since last: 1002052606 ns, Reaching safepoint: 183607 ns, Cleanup: 99064 ns, At safepoint: 94260 ns, Total: 376931 ns
[2025-05-19T05:29:37.116+0000][71][info ][safepoint   ] Safepoint "Cleanup", Time since last: 1005453013 ns, Reaching safepoint: 45055 ns, Cleanup: 55892 ns, At safepoint: 23299 ns, Total: 124246 ns
[2025-05-19T05:29:38.212+0000][71][info ][safepoint   ] Safepoint "Cleanup", Time since last: 1096107168 ns, Reaching safepoint: 28371 ns, Cleanup: 33646 ns, At safepoint: 34465 ns, Total: 96482 ns
[2025-05-19T05:29:39.213+0000][71][info ][safepoint   ] Safepoint "Cleanup", Time since last: 1000723490 ns, Reaching safepoint: 34900 ns, Cleanup: 21905 ns, At safepoint: 13730 ns, Total: 70535 ns
[2025-05-19T05:29:40.214+0000][71][info ][safepoint   ] Safepoint "Cleanup", Time since last: 1000632739 ns, Reaching safepoint: 38432 ns, Cleanup: 134394 ns, At safepoint: 24056 ns, Total: 196882 ns
[2025-05-19T05:29:41.214+0000][71][info ][safepoint   ] Safepoint "Cleanup", Time since last: 1000681996 ns, Reaching safepoint: 20725 ns, Cleanup: 23662 ns, At safepoint: 9289 ns, Total: 53676 ns
[2025-05-19T05:29:42.215+0000][71][info ][safepoint   ] Safepoint "Cleanup", Time since last: 1000748154 ns, Reaching safepoint: 39443 ns, Cleanup: 22753 ns, At safepoint: 16476 ns, Total: 78672 ns
[2025-05-19T05:29:43.216+0000][71][info ][safepoint   ] Safepoint "Cleanup", Time since last: 1000864968 ns, Reaching safepoint: 27805 ns, Cleanup: 20386 ns, At safepoint: 11594 ns, Total: 59785 ns
[2025-05-19T05:29:45.217+0000][71][info ][safepoint   ] Safepoint "Cleanup", Time since last: 2000865475 ns, Reaching safepoint: 32666 ns, Cleanup: 19624 ns, At safepoint: 18175 ns, Total: 70465 ns
[2025-05-19T05:29:46.218+0000][71][info ][safepoint   ] Safepoint "Cleanup", Time since last: 1000722582 ns, Reaching safepoint: 41722 ns, Cleanup: 135203 ns, At safepoint: 21694 ns, Total: 198619 ns
[2025-05-19T05:29:47.219+0000][71][info ][safepoint   ] Safepoint "Cleanup", Time since last: 1001049662 ns, Reaching safepoint: 38490 ns, Cleanup: 31812 ns, At safepoint: 16277 ns, Total: 86579 ns
[2025-05-19T05:29:48.220+0000][71][info ][safepoint   ] Safepoint "Cleanup", Time since last: 1000866023 ns, Reaching safepoint: 34098 ns, Cleanup: 22242 ns, At safepoint: 17239 ns, Total: 73579 ns
[2025-05-19T05:29:49.354+0000][71][info ][safepoint   ] Safepoint "Cleanup", Time since last: 1136293253 ns, Reaching safepoint: 34207 ns, Cleanup: 27309 ns, At safepoint: 17134 ns, Total: 78650 ns
[2025-05-19T05:29:51.356+0000][71][info ][safepoint   ] Safepoint "Cleanup", Time since last: 2001312982 ns, Reaching safepoint: 78709 ns, Cleanup: 70744 ns, At safepoint: 16690 ns, Total: 166143 ns
[2025-05-19T05:29:52.357+0000][71][info ][safepoint   ] Safepoint "Cleanup", Time since last: 1000988683 ns, Reaching safepoint: 34627 ns, Cleanup: 29039 ns, At safepoint: 14837 ns, Total: 78503 ns
[2025-05-19T05:29:53.358+0000][71][info ][safepoint   ] Safepoint "Cleanup", Time since last: 1000948578 ns, Reaching safepoint: 31412 ns, Cleanup: 19768 ns, At safepoint: 15803 ns, Total: 66983 ns
[2025-05-19T05:29:56.359+0000][71][info ][safepoint   ] Safepoint "Cleanup", Time since last: 3001393023 ns, Reaching safepoint: 33930 ns, Cleanup: 23643 ns, At safepoint: 16926 ns, Total: 74499 ns
[2025-05-19T05:29:57.360+0000][71][info ][safepoint   ] Safepoint "Cleanup", Time since last: 1001128160 ns, Reaching safepoint: 20342 ns, Cleanup: 24152 ns, At safepoint: 10600 ns, Total: 55094 ns
[2025-05-19T05:30:00.361+0000][71][info ][safepoint   ] Safepoint "Cleanup", Time since last: 3000964410 ns, Reaching safepoint: 39814 ns, Cleanup: 24417 ns, At safepoint: 19178 ns, Total: 83409 ns
[2025-05-19T05:30:01.363+0000][71][info ][safepoint   ] Safepoint "Cleanup", Time since last: 1001092199 ns, Reaching safepoint: 29664 ns, Cleanup: 32352 ns, At safepoint: 11472 ns, Total: 73488 ns
[2025-05-19T05:30:03.364+0000][71][info ][safepoint   ] Safepoint "Cleanup", Time since last: 2000946056 ns, Reaching safepoint: 34933 ns, Cleanup: 17074 ns, At safepoint: 82161 ns, Total: 134168 ns
[2025-05-19T05:30:04.364+0000][71][info ][safepoint   ] Safepoint "Cleanup", Time since last: 1000787996 ns, Reaching safepoint: 34357 ns, Cleanup: 23766 ns, At safepoint: 18659 ns, Total: 76782 ns
[2025-05-19T05:30:05.365+0000][71][info ][safepoint   ] Safepoint "Cleanup", Time since last: 1000826839 ns, Reaching safepoint: 29228 ns, Cleanup: 24581 ns, At safepoint: 12112 ns, Total: 65921 ns
[2025-05-19T05:30:06.366+0000][71][info ][safepoint   ] Safepoint "Cleanup", Time since last: 1000638826 ns, Reaching safepoint: 70826 ns, Cleanup: 28829 ns, At safepoint: 16861 ns, Total: 116516 ns
[2025-05-19T05:30:07.367+0000][71][info ][safepoint   ] Safepoint "Cleanup", Time since last: 1000854627 ns, Reaching safepoint: 33338 ns, Cleanup: 25339 ns, At safepoint: 15683 ns, Total: 74360 ns
[2025-05-19T05:30:10.368+0000][71][info ][safepoint   ] Safepoint "Cleanup", Time since last: 3000892705 ns, Reaching safepoint: 37298 ns, Cleanup: 34589 ns, At safepoint: 18517 ns, Total: 90404 ns
[2025-05-19T05:30:11.369+0000][71][info ][safepoint   ] Safepoint "Cleanup", Time since last: 1000750242 ns, Reaching safepoint: 28146 ns, Cleanup: 26422 ns, At safepoint: 12336 ns, Total: 66904 ns
[2025-05-19T05:30:13.370+0000][71][info ][safepoint   ] Safepoint "Cleanup", Time since last: 2000850985 ns, Reaching safepoint: 32468 ns, Cleanup: 17449 ns, At safepoint: 16314 ns, Total: 66231 ns
[2025-05-19T05:30:16.371+0000][71][info ][safepoint   ] Safepoint "Cleanup", Time since last: 3001180600 ns, Reaching safepoint: 35831 ns, Cleanup: 39597 ns, At safepoint: 15083 ns, Total: 90511 ns
[2025-05-19T05:30:17.372+0000][71][info ][safepoint   ] Safepoint "Cleanup", Time since last: 1000802656 ns, Reaching safepoint: 30990 ns, Cleanup: 26553 ns, At safepoint: 16710 ns, Total: 74253 ns
[2025-05-19T05:30:18.373+0000][71][info ][safepoint   ] Safepoint "Cleanup", Time since last: 1000729830 ns, Reaching safepoint: 34098 ns, Cleanup: 18438 ns, At safepoint: 16186 ns, Total: 68722 ns
[2025-05-19T05:30:19.371+0000][71][info ][safepoint   ] Safepoint "Cleanup", Time since last: 1000778609 ns, Reaching safepoint: 21633 ns, Cleanup: 23265 ns, At safepoint: 9477 ns, Total: 54375 ns
[2025-05-19T05:30:21.372+0000][71][info ][safepoint   ] Safepoint "Cleanup", Time since last: 2000828507 ns, Reaching safepoint: 36750 ns, Cleanup: 87328 ns, At safepoint: 20246 ns, Total: 144324 ns
[2025-05-19T05:30:22.373+0000][71][info ][safepoint   ] Safepoint "Cleanup", Time since last: 1000840661 ns, Reaching safepoint: 80364 ns, Cleanup: 40334 ns, At safepoint: 121020 ns, Total: 241718 ns
[2025-05-19T05:30:25.375+0000][71][info ][safepoint   ] Safepoint "Cleanup", Time since last: 3001057558 ns, Reaching safepoint: 29845 ns, Cleanup: 24390 ns, At safepoint: 12741 ns, Total: 66976 ns
[2025-05-19T05:30:26.375+0000][71][info ][safepoint   ] Safepoint "Cleanup", Time since last: 1000698812 ns, Reaching safepoint: 31857 ns, Cleanup: 32994 ns, At safepoint: 16239 ns, Total: 81090 ns
[2025-05-19T05:30:27.376+0000][71][info ][safepoint   ] Safepoint "Cleanup", Time since last: 1000689677 ns, Reaching safepoint: 24503 ns, Cleanup: 22244 ns, At safepoint: 10434 ns, Total: 57181 ns
[2025-05-19T05:30:28.378+0000][71][info ][safepoint   ] Safepoint "Cleanup", Time since last: 1002056625 ns, Reaching safepoint: 36110 ns, Cleanup: 40583 ns, At safepoint: 19198 ns, Total: 95891 ns
[2025-05-19T05:30:30.379+0000][71][info ][safepoint   ] Safepoint "Cleanup", Time since last: 2001042524 ns, Reaching safepoint: 32983 ns, Cleanup: 22372 ns, At safepoint: 13636 ns, Total: 68991 ns
[2025-05-19T05:30:31.381+0000][71][info ][safepoint   ] Safepoint "Cleanup", Time since last: 1001251705 ns, Reaching safepoint: 33771 ns, Cleanup: 50703 ns, At safepoint: 18229 ns, Total: 102703 ns
[2025-05-19T05:30:33.382+0000][71][info ][safepoint   ] Safepoint "Cleanup", Time since last: 2000882890 ns, Reaching safepoint: 40357 ns, Cleanup: 23744 ns, At safepoint: 17764 ns, Total: 81865 ns
[2025-05-19T05:30:34.437+0000][71][info ][safepoint   ] Safepoint "Cleanup", Time since last: 1055618831 ns, Reaching safepoint: 15041 ns, Cleanup: 49957 ns, At safepoint: 27325 ns, Total: 92323 ns
[2025-05-19T05:30:35.480+0000][71][info ][safepoint   ] Safepoint "Cleanup", Time since last: 1043025150 ns, Reaching safepoint: 34508 ns, Cleanup: 27727 ns, At safepoint: 17139 ns, Total: 79374 ns
[2025-05-19T05:30:36.482+0000][71][info ][safepoint   ] Safepoint "Cleanup", Time since last: 1001191351 ns, Reaching safepoint: 32289 ns, Cleanup: 94649 ns, At safepoint: 21001 ns, Total: 147939 ns
[2025-05-19T05:30:37.483+0000][71][info ][safepoint   ] Safepoint "Cleanup", Time since last: 1000839060 ns, Reaching safepoint: 95928 ns, Cleanup: 32786 ns, At safepoint: 19823 ns, Total: 148537 ns
[2025-05-19T05:30:38.484+0000][71][info ][safepoint   ] Safepoint "Cleanup", Time since last: 1000869082 ns, Reaching safepoint: 33787 ns, Cleanup: 25685 ns, At safepoint: 16772 ns, Total: 76244 ns
[2025-05-19T05:30:39.485+0000][71][info ][safepoint   ] Safepoint "Cleanup", Time since last: 1000852960 ns, Reaching safepoint: 42497 ns, Cleanup: 30680 ns, At safepoint: 16631 ns, Total: 89808 ns
[2025-05-19T05:30:40.486+0000][71][info ][safepoint   ] Safepoint "Cleanup", Time since last: 1000795109 ns, Reaching safepoint: 32739 ns, Cleanup: 22396 ns, At safepoint: 16008 ns, Total: 71143 ns
[2025-05-19T05:30:41.486+0000][71][info ][safepoint   ] Safepoint "Cleanup", Time since last: 1000754272 ns, Reaching safepoint: 36181 ns, Cleanup: 25506 ns, At safepoint: 19355 ns, Total: 81042 ns
[2025-05-19T05:30:42.487+0000][71][info ][safepoint   ] Safepoint "Cleanup", Time since last: 1000833776 ns, Reaching safepoint: 21515 ns, Cleanup: 21964 ns, At safepoint: 8957 ns, Total: 52436 ns
[2025-05-19T05:30:45.488+0000][71][info ][safepoint   ] Safepoint "Cleanup", Time since last: 3000859453 ns, Reaching safepoint: 26458 ns, Cleanup: 21729 ns, At safepoint: 11476 ns, Total: 59663 ns
[2025-05-19T05:30:46.489+0000][71][info ][safepoint   ] Safepoint "Cleanup", Time since last: 1000767522 ns, Reaching safepoint: 35104 ns, Cleanup: 23143 ns, At safepoint: 71614 ns, Total: 129861 ns
[2025-05-19T05:30:47.490+0000][71][info ][safepoint   ] Safepoint "Cleanup", Time since last: 1000760455 ns, Reaching safepoint: 35806 ns, Cleanup: 119153 ns, At safepoint: 24429 ns, Total: 179388 ns
[2025-05-19T05:30:49.388+0000][71][info ][safepoint   ] Safepoint "Cleanup", Time since last: 1899800652 ns, Reaching safepoint: 48969 ns, Cleanup: 24754 ns, At safepoint: 14154 ns, Total: 87877 ns
[2025-05-19T05:30:51.389+0000][71][info ][safepoint   ] Safepoint "Cleanup", Time since last: 2000814258 ns, Reaching safepoint: 30102 ns, Cleanup: 25446 ns, At safepoint: 11371 ns, Total: 66919 ns
[2025-05-19T05:30:52.390+0000][71][info ][safepoint   ] Safepoint "Cleanup", Time since last: 1000876937 ns, Reaching safepoint: 67650 ns, Cleanup: 17842 ns, At safepoint: 14349 ns, Total: 99841 ns
[2025-05-19T05:30:55.391+0000][71][info ][safepoint   ] Safepoint "Cleanup", Time since last: 3001660275 ns, Reaching safepoint: 33143 ns, Cleanup: 21692 ns, At safepoint: 11049 ns, Total: 65884 ns
[2025-05-19T05:30:56.392+0000][71][info ][safepoint   ] Safepoint "Cleanup", Time since last: 1000667402 ns, Reaching safepoint: 29777 ns, Cleanup: 15949 ns, At safepoint: 10269 ns, Total: 55995 ns
[2025-05-19T05:30:57.393+0000][71][info ][safepoint   ] Safepoint "Cleanup", Time since last: 1000673652 ns, Reaching safepoint: 31252 ns, Cleanup: 19381 ns, At safepoint: 11953 ns, Total: 62586 ns
[2025-05-19T05:30:58.395+0000][71][info ][safepoint   ] Safepoint "Cleanup", Time since last: 1002149159 ns, Reaching safepoint: 28318 ns, Cleanup: 22013 ns, At safepoint: 11401 ns, Total: 61732 ns
[2025-05-19T05:31:01.396+0000][71][info ][safepoint   ] Safepoint "Cleanup", Time since last: 3001268681 ns, Reaching safepoint: 100275 ns, Cleanup: 26859 ns, At safepoint: 15528 ns, Total: 142662 ns
[2025-05-19T05:31:02.397+0000][71][info ][safepoint   ] Safepoint "Cleanup", Time since last: 1000768466 ns, Reaching safepoint: 35533 ns, Cleanup: 24572 ns, At safepoint: 17212 ns, Total: 77317 ns
[2025-05-19T05:31:03.398+0000][71][info ][safepoint   ] Safepoint "Cleanup", Time since last: 1000769876 ns, Reaching safepoint: 50831 ns, Cleanup: 22291 ns, At safepoint: 12196 ns, Total: 85318 ns
[2025-05-19T05:31:04.399+0000][71][info ][safepoint   ] Safepoint "Cleanup", Time since last: 1000667031 ns, Reaching safepoint: 32898 ns, Cleanup: 92912 ns, At safepoint: 20814 ns, Total: 146624 ns
[2025-05-19T05:31:06.401+0000][71][info ][safepoint   ] Safepoint "Cleanup", Time since last: 2002081839 ns, Reaching safepoint: 64630 ns, Cleanup: 25699 ns, At safepoint: 18319 ns, Total: 108648 ns
[2025-05-19T05:31:07.402+0000][71][info ][safepoint   ] Safepoint "Cleanup", Time since last: 1000699567 ns, Reaching safepoint: 37888 ns, Cleanup: 25585 ns, At safepoint: 12854 ns, Total: 76327 ns
[2025-05-19T05:31:08.403+0000][71][info ][safepoint   ] Safepoint "Cleanup", Time since last: 1000749974 ns, Reaching safepoint: 63392 ns, Cleanup: 22065 ns, At safepoint: 13642 ns, Total: 99099 ns
[2025-05-19T05:31:12.404+0000][71][info ][safepoint   ] Safepoint "Cleanup", Time since last: 4001255055 ns, Reaching safepoint: 29746 ns, Cleanup: 91896 ns, At safepoint: 13803 ns, Total: 135445 ns
[2025-05-19T05:31:18.406+0000][71][info ][safepoint   ] Safepoint "Cleanup", Time since last: 6001523323 ns, Reaching safepoint: 92259 ns, Cleanup: 21080 ns, At safepoint: 10910 ns, Total: 124249 ns
[2025-05-19T05:31:21.405+0000][71][info ][safepoint   ] Safepoint "Cleanup", Time since last: 3001049409 ns, Reaching safepoint: 30933 ns, Cleanup: 52367 ns, At safepoint: 15610 ns, Total: 98910 ns
[2025-05-19T05:31:22.406+0000][71][info ][safepoint   ] Safepoint "Cleanup", Time since last: 1001229643 ns, Reaching safepoint: 40753 ns, Cleanup: 30606 ns, At safepoint: 16764 ns, Total: 88123 ns
[2025-05-19T05:31:25.407+0000][71][info ][safepoint   ] Safepoint "Cleanup", Time since last: 3001389562 ns, Reaching safepoint: 110280 ns, Cleanup: 18313 ns, At safepoint: 12318 ns, Total: 140911 ns
[2025-05-19T05:31:26.409+0000][71][info ][safepoint   ] Safepoint "Cleanup", Time since last: 1001089583 ns, Reaching safepoint: 31586 ns, Cleanup: 33301 ns, At safepoint: 13135 ns, Total: 78022 ns
[2025-05-19T05:31:28.410+0000][71][info ][safepoint   ] Safepoint "Cleanup", Time since last: 2001330961 ns, Reaching safepoint: 30356 ns, Cleanup: 22991 ns, At safepoint: 12206 ns, Total: 65553 ns
[2025-05-19T05:31:31.411+0000][71][info ][safepoint   ] Safepoint "Cleanup", Time since last: 3001056387 ns, Reaching safepoint: 93282 ns, Cleanup: 30978 ns, At safepoint: 13885 ns, Total: 138145 ns
[2025-05-19T05:31:32.412+0000][71][info ][safepoint   ] Safepoint "Cleanup", Time since last: 1000689918 ns, Reaching safepoint: 36996 ns, Cleanup: 23427 ns, At safepoint: 15440 ns, Total: 75863 ns
[2025-05-19T05:31:34.413+0000][71][info ][safepoint   ] Safepoint "Cleanup", Time since last: 2000831624 ns, Reaching safepoint: 32890 ns, Cleanup: 23437 ns, At safepoint: 15516 ns, Total: 71843 ns
[2025-05-19T05:31:35.414+0000][71][info ][safepoint   ] Safepoint "Cleanup", Time since last: 1000667561 ns, Reaching safepoint: 43796 ns, Cleanup: 57388 ns, At safepoint: 14196 ns, Total: 115380 ns
[2025-05-19T05:31:36.415+0000][71][info ][safepoint   ] Safepoint "Cleanup", Time since last: 1000943086 ns, Reaching safepoint: 26491 ns, Cleanup: 30974 ns, At safepoint: 9878 ns, Total: 67343 ns
[2025-05-19T05:31:37.507+0000][71][info ][safepoint   ] Safepoint "Cleanup", Time since last: 1092112194 ns, Reaching safepoint: 8018 ns, Cleanup: 36293 ns, At safepoint: 17355 ns, Total: 61666 ns
[2025-05-19T05:31:38.542+0000][71][info ][safepoint   ] Safepoint "Cleanup", Time since last: 1034750641 ns, Reaching safepoint: 89620 ns, Cleanup: 33368 ns, At safepoint: 33059 ns, Total: 156047 ns
[2025-05-19T05:31:39.543+0000][71][info ][safepoint   ] Safepoint "Cleanup", Time since last: 1000827899 ns, Reaching safepoint: 32392 ns, Cleanup: 23456 ns, At safepoint: 17070 ns, Total: 72918 ns
[2025-05-19T05:31:41.544+0000][71][info ][safepoint   ] Safepoint "Cleanup", Time since last: 2000952546 ns, Reaching safepoint: 36607 ns, Cleanup: 22125 ns, At safepoint: 19128 ns, Total: 77860 ns
[2025-05-19T05:31:42.544+0000][71][info ][safepoint   ] Safepoint "Cleanup", Time since last: 1000768774 ns, Reaching safepoint: 32622 ns, Cleanup: 21570 ns, At safepoint: 17219 ns, Total: 71411 ns
[2025-05-19T05:31:44.546+0000][71][info ][safepoint   ] Safepoint "Cleanup", Time since last: 2001000784 ns, Reaching safepoint: 32218 ns, Cleanup: 67591 ns, At safepoint: 17163 ns, Total: 116972 ns
[2025-05-19T05:31:46.547+0000][71][info ][safepoint   ] Safepoint "Cleanup", Time since last: 2000835371 ns, Reaching safepoint: 28968 ns, Cleanup: 23572 ns, At safepoint: 11623 ns, Total: 64163 ns
[2025-05-19T05:31:49.420+0000][71][info ][safepoint   ] Safepoint "Cleanup", Time since last: 2876019569 ns, Reaching safepoint: 31119 ns, Cleanup: 17594 ns, At safepoint: 15029 ns, Total: 63742 ns
[2025-05-19T05:31:51.421+0000][71][info ][safepoint   ] Safepoint "Cleanup", Time since last: 2000879743 ns, Reaching safepoint: 132966 ns, Cleanup: 18501 ns, At safepoint: 64020 ns, Total: 215487 ns
[2025-05-19T05:31:56.423+0000][71][info ][safepoint   ] Safepoint "Cleanup", Time since last: 5001517037 ns, Reaching safepoint: 80852 ns, Cleanup: 22184 ns, At safepoint: 19235 ns, Total: 122271 ns
[2025-05-19T05:31:58.424+0000][71][info ][safepoint   ] Safepoint "Cleanup", Time since last: 2000903091 ns, Reaching safepoint: 34077 ns, Cleanup: 19807 ns, At safepoint: 18027 ns, Total: 71911 ns
[2025-05-19T05:32:05.425+0000][71][info ][safepoint   ] Safepoint "Cleanup", Time since last: 7001741901 ns, Reaching safepoint: 39078 ns, Cleanup: 22227 ns, At safepoint: 13665 ns, Total: 74970 ns
[2025-05-19T05:32:07.431+0000][71][info ][safepoint   ] Safepoint "Cleanup", Time since last: 2005642020 ns, Reaching safepoint: 25126 ns, Cleanup: 25882 ns, At safepoint: 10417 ns, Total: 61425 ns
[2025-05-19T05:32:08.432+0000][71][info ][safepoint   ] Safepoint "Cleanup", Time since last: 1001096998 ns, Reaching safepoint: 28193 ns, Cleanup: 22812 ns, At safepoint: 11319 ns, Total: 62324 ns
[2025-05-19T05:32:09.433+0000][71][info ][safepoint   ] Safepoint "Cleanup", Time since last: 1000655221 ns, Reaching safepoint: 222198 ns, Cleanup: 17767 ns, At safepoint: 57493 ns, Total: 297458 ns
[2025-05-19T05:32:11.434+0000][71][info ][safepoint   ] Safepoint "Cleanup", Time since last: 2000982275 ns, Reaching safepoint: 34319 ns, Cleanup: 23156 ns, At safepoint: 15271 ns, Total: 72746 ns
[2025-05-19T05:32:12.166+0000][71][info ][safepoint   ] Safepoint "ICBufferFull", Time since last: 731394299 ns, Reaching safepoint: 404552 ns, Cleanup: 248940 ns, At safepoint: 205173 ns, Total: 858665 ns
[2025-05-19T05:32:12.172+0000][71][info ][safepoint   ] Safepoint "ICBufferFull", Time since last: 2882639 ns, Reaching safepoint: 2188318 ns, Cleanup: 63809 ns, At safepoint: 845000 ns, Total: 3097127 ns
[2025-05-19T05:32:12.193+0000][71][info ][safepoint   ] Safepoint "ICBufferFull", Time since last: 17702488 ns, Reaching safepoint: 845884 ns, Cleanup: 61519 ns, At safepoint: 1818946 ns, Total: 2726349 ns
[2025-05-19T05:32:12.619+0000][71][info ][safepoint   ] Safepoint "ICBufferFull", Time since last: 425613884 ns, Reaching safepoint: 29367 ns, Cleanup: 162866 ns, At safepoint: 63317 ns, Total: 255550 ns
[2025-05-19T05:32:13.894+0000][71][info ][safepoint   ] Safepoint "Cleanup", Time since last: 1275377171 ns, Reaching safepoint: 42079 ns, Cleanup: 102771 ns, At safepoint: 19816 ns, Total: 164666 ns
[2025-05-19T05:32:15.896+0000][71][info ][safepoint   ] Safepoint "Cleanup", Time since last: 2001245373 ns, Reaching safepoint: 28621 ns, Cleanup: 33279 ns, At safepoint: 10405 ns, Total: 72305 ns
[2025-05-19T05:32:16.897+0000][71][info ][safepoint   ] Safepoint "Cleanup", Time since last: 1001153687 ns, Reaching safepoint: 20432 ns, Cleanup: 33617 ns, At safepoint: 10409 ns, Total: 64458 ns
[2025-05-19T05:32:17.940+0000][71][info ][safepoint   ] Safepoint "Cleanup", Time since last: 1043149761 ns, Reaching safepoint: 32355 ns, Cleanup: 21872 ns, At safepoint: 11364 ns, Total: 65591 ns
[2025-05-19T05:32:18.941+0000][71][info ][safepoint   ] Safepoint "Cleanup", Time since last: 1000950916 ns, Reaching safepoint: 54274 ns, Cleanup: 18488 ns, At safepoint: 12067 ns, Total: 84829 ns
[2025-05-19T05:32:20.940+0000][71][info ][safepoint   ] Safepoint "Cleanup", Time since last: 2000783257 ns, Reaching safepoint: 28270 ns, Cleanup: 37363 ns, At safepoint: 11149 ns, Total: 76782 ns
[2025-05-19T05:32:21.941+0000][71][info ][safepoint   ] Safepoint "Cleanup", Time since last: 1001135373 ns, Reaching safepoint: 26668 ns, Cleanup: 19721 ns, At safepoint: 10238 ns, Total: 56627 ns
[2025-05-19T05:32:24.942+0000][71][info ][safepoint   ] Safepoint "Cleanup", Time since last: 3000901007 ns, Reaching safepoint: 65988 ns, Cleanup: 30259 ns, At safepoint: 12058 ns, Total: 108305 ns
[2025-05-19T05:32:25.943+0000][71][info ][safepoint   ] Safepoint "Cleanup", Time since last: 1000602099 ns, Reaching safepoint: 26999 ns, Cleanup: 21357 ns, At safepoint: 66231 ns, Total: 114587 ns
[2025-05-19T05:32:27.600+0000][71][info ][safepoint   ] Safepoint "Cleanup", Time since last: 1656921940 ns, Reaching safepoint: 16955 ns, Cleanup: 27532 ns, At safepoint: 42394 ns, Total: 86881 ns
[2025-05-19T05:32:29.586+0000][71][info ][safepoint   ] Safepoint "Cleanup", Time since last: 1986305486 ns, Reaching safepoint: 22178 ns, Cleanup: 26520 ns, At safepoint: 9437 ns, Total: 58135 ns
[2025-05-19T05:32:30.608+0000][71][info ][safepoint   ] Safepoint "Cleanup", Time since last: 1021835921 ns, Reaching safepoint: 7649 ns, Cleanup: 29200 ns, At safepoint: 17304 ns, Total: 54153 ns
[2025-05-19T05:32:31.609+0000][71][info ][safepoint   ] Safepoint "Cleanup", Time since last: 1000690960 ns, Reaching safepoint: 35331 ns, Cleanup: 44747 ns, At safepoint: 17108 ns, Total: 97186 ns
[2025-05-19T05:32:32.633+0000][71][info ][safepoint   ] Safepoint "Cleanup", Time since last: 1024458549 ns, Reaching safepoint: 33855 ns, Cleanup: 27036 ns, At safepoint: 16455 ns, Total: 77346 ns
[2025-05-19T05:32:33.634+0000][71][info ][safepoint   ] Safepoint "Cleanup", Time since last: 1000688274 ns, Reaching safepoint: 35891 ns, Cleanup: 35377 ns, At safepoint: 16050 ns, Total: 87318 ns
[2025-05-19T05:32:34.675+0000][71][info ][safepoint   ] Safepoint "Cleanup", Time since last: 1041426280 ns, Reaching safepoint: 39129 ns, Cleanup: 26634 ns, At safepoint: 17076 ns, Total: 82839 ns
[2025-05-19T05:32:36.676+0000][71][info ][safepoint   ] Safepoint "Cleanup", Time since last: 2000894953 ns, Reaching safepoint: 21981 ns, Cleanup: 20708 ns, At safepoint: 8932 ns, Total: 51621 ns
[2025-05-19T05:32:37.677+0000][71][info ][safepoint   ] Safepoint "Cleanup", Time since last: 1000686691 ns, Reaching safepoint: 20406 ns, Cleanup: 16095 ns, At safepoint: 9095 ns, Total: 45596 ns
[2025-05-19T05:32:38.678+0000][71][info ][safepoint   ] Safepoint "Cleanup", Time since last: 1000878923 ns, Reaching safepoint: 29219 ns, Cleanup: 23273 ns, At safepoint: 15065 ns, Total: 67557 ns
[2025-05-19T05:32:39.765+0000][71][info ][safepoint   ] Safepoint "Cleanup", Time since last: 1087320134 ns, Reaching safepoint: 8492 ns, Cleanup: 31064 ns, At safepoint: 17057 ns, Total: 56613 ns
[2025-05-19T05:32:41.748+0000][71][info ][safepoint   ] Safepoint "Cleanup", Time since last: 1982338457 ns, Reaching safepoint: 97508 ns, Cleanup: 51959 ns, At safepoint: 20702 ns, Total: 170169 ns
[2025-05-19T05:32:42.749+0000][71][info ][safepoint   ] Safepoint "Cleanup", Time since last: 1000813054 ns, Reaching safepoint: 34694 ns, Cleanup: 28636 ns, At safepoint: 17067 ns, Total: 80397 ns
[2025-05-19T05:32:45.750+0000][71][info ][safepoint   ] Safepoint "Cleanup", Time since last: 3001159774 ns, Reaching safepoint: 37261 ns, Cleanup: 30527 ns, At safepoint: 15843 ns, Total: 83631 ns
[2025-05-19T05:32:46.751+0000][71][info ][safepoint   ] Safepoint "Cleanup", Time since last: 1000924317 ns, Reaching safepoint: 19998 ns, Cleanup: 14732 ns, At safepoint: 10465 ns, Total: 45195 ns
[2025-05-19T05:32:48.455+0000][71][info ][safepoint   ] Safepoint "Cleanup", Time since last: 1703628351 ns, Reaching safepoint: 8050 ns, Cleanup: 12837 ns, At safepoint: 3527 ns, Total: 24414 ns
[2025-05-19T05:32:49.453+0000][71][info ][safepoint   ] Safepoint "Cleanup", Time since last: 1000953185 ns, Reaching safepoint: 42276 ns, Cleanup: 20157 ns, At safepoint: 82451 ns, Total: 144884 ns
[2025-05-19T05:32:51.455+0000][71][info ][safepoint   ] Safepoint "Cleanup", Time since last: 2001506186 ns, Reaching safepoint: 22953 ns, Cleanup: 25406 ns, At safepoint: 9728 ns, Total: 58087 ns
[2025-05-19T05:32:52.456+0000][71][info ][safepoint   ] Safepoint "Cleanup", Time since last: 1000712972 ns, Reaching safepoint: 21635 ns, Cleanup: 17758 ns, At safepoint: 9681 ns, Total: 49074 ns
[2025-05-19T05:32:55.457+0000][71][info ][safepoint   ] Safepoint "Cleanup", Time since last: 3000964848 ns, Reaching safepoint: 65731 ns, Cleanup: 19676 ns, At safepoint: 14166 ns, Total: 99573 ns
[2025-05-19T05:32:56.457+0000][71][info ][safepoint   ] Safepoint "Cleanup", Time since last: 1000627282 ns, Reaching safepoint: 21687 ns, Cleanup: 14874 ns, At safepoint: 9818 ns, Total: 46379 ns
[2025-05-19T05:32:58.458+0000][71][info ][safepoint   ] Safepoint "Cleanup", Time since last: 2000747160 ns, Reaching safepoint: 30933 ns, Cleanup: 21682 ns, At safepoint: 13349 ns, Total: 65964 ns
[2025-05-19T05:32:59.459+0000][71][info ][safepoint   ] Safepoint "Cleanup", Time since last: 1000839864 ns, Reaching safepoint: 33478 ns, Cleanup: 17572 ns, At safepoint: 15593 ns, Total: 66643 ns
[2025-05-19T05:33:01.460+0000][71][info ][safepoint   ] Safepoint "Cleanup", Time since last: 2000887335 ns, Reaching safepoint: 375551 ns, Cleanup: 33952 ns, At safepoint: 41207 ns, Total: 450710 ns
[2025-05-19T05:33:04.462+0000][71][info ][safepoint   ] Safepoint "Cleanup", Time since last: 3001102873 ns, Reaching safepoint: 38057 ns, Cleanup: 24872 ns, At safepoint: 13776 ns, Total: 76705 ns
[2025-05-19T05:33:05.975+0000][71][info ][safepoint   ] Safepoint "Cleanup", Time since last: 1513472459 ns, Reaching safepoint: 158017 ns, Cleanup: 16850 ns, At safepoint: 53324 ns, Total: 228191 ns
[2025-05-19T05:33:07.020+0000][71][info ][safepoint   ] Safepoint "Cleanup", Time since last: 1044374913 ns, Reaching safepoint: 35796 ns, Cleanup: 34566 ns, At safepoint: 17542 ns, Total: 87904 ns
[2025-05-19T05:33:08.021+0000][71][info ][safepoint   ] Safepoint "Cleanup", Time since last: 1000732730 ns, Reaching safepoint: 36673 ns, Cleanup: 23722 ns, At safepoint: 14627 ns, Total: 75022 ns
[2025-05-19T05:33:09.022+0000][71][info ][safepoint   ] Safepoint "Cleanup", Time since last: 1000849820 ns, Reaching safepoint: 21020 ns, Cleanup: 14156 ns, At safepoint: 9668 ns, Total: 44844 ns
[2025-05-19T05:33:11.023+0000][71][info ][safepoint   ] Safepoint "Cleanup", Time since last: 2000976900 ns, Reaching safepoint: 86144 ns, Cleanup: 22180 ns, At safepoint: 18922 ns, Total: 127246 ns
[2025-05-19T05:33:13.024+0000][71][info ][safepoint   ] Safepoint "Cleanup", Time since last: 2000905470 ns, Reaching safepoint: 32371 ns, Cleanup: 26306 ns, At safepoint: 12069 ns, Total: 70746 ns
[2025-05-19T05:33:16.025+0000][71][info ][safepoint   ] Safepoint "Cleanup", Time since last: 3001120462 ns, Reaching safepoint: 36773 ns, Cleanup: 25827 ns, At safepoint: 15742 ns, Total: 78342 ns
[2025-05-19T05:33:18.026+0000][71][info ][safepoint   ] Safepoint "Cleanup", Time since last: 2001040764 ns, Reaching safepoint: 38479 ns, Cleanup: 80611 ns, At safepoint: 26941 ns, Total: 146031 ns
[2025-05-19T05:33:19.024+0000][71][info ][safepoint   ] Safepoint "Cleanup", Time since last: 1000859667 ns, Reaching safepoint: 46858 ns, Cleanup: 28830 ns, At safepoint: 21877 ns, Total: 97565 ns
[2025-05-19T05:33:21.025+0000][71][info ][safepoint   ] Safepoint "Cleanup", Time since last: 2000970550 ns, Reaching safepoint: 35736 ns, Cleanup: 49833 ns, At safepoint: 17251 ns, Total: 102820 ns
[2025-05-19T05:33:24.031+0000][71][info ][safepoint   ] Safepoint "Cleanup", Time since last: 3005115870 ns, Reaching safepoint: 35993 ns, Cleanup: 24914 ns, At safepoint: 15584 ns, Total: 76491 ns
[2025-05-19T05:33:25.032+0000][71][info ][safepoint   ] Safepoint "Cleanup", Time since last: 1000917830 ns, Reaching safepoint: 40418 ns, Cleanup: 26667 ns, At safepoint: 17272 ns, Total: 84357 ns
[2025-05-19T05:33:26.032+0000][71][info ][safepoint   ] Safepoint "Cleanup", Time since last: 1000668159 ns, Reaching safepoint: 67816 ns, Cleanup: 19736 ns, At safepoint: 15940 ns, Total: 103492 ns
[2025-05-19T05:33:28.033+0000][71][info ][safepoint   ] Safepoint "Cleanup", Time since last: 2000954965 ns, Reaching safepoint: 30369 ns, Cleanup: 30025 ns, At safepoint: 12900 ns, Total: 73294 ns
[2025-05-19T05:33:34.036+0000][71][info ][safepoint   ] Safepoint "Cleanup", Time since last: 6002180248 ns, Reaching safepoint: 92151 ns, Cleanup: 19875 ns, At safepoint: 12311 ns, Total: 124337 ns
[2025-05-19T05:33:37.037+0000][71][info ][safepoint   ] Safepoint "Cleanup", Time since last: 3000882723 ns, Reaching safepoint: 101904 ns, Cleanup: 20444 ns, At safepoint: 13497 ns, Total: 135845 ns
[2025-05-19T05:33:38.038+0000][71][info ][safepoint   ] Safepoint "Cleanup", Time since last: 1001161580 ns, Reaching safepoint: 31873 ns, Cleanup: 19980 ns, At safepoint: 13083 ns, Total: 64936 ns
[2025-05-19T05:33:39.040+0000][71][info ][safepoint   ] Safepoint "Cleanup", Time since last: 1001933909 ns, Reaching safepoint: 33967 ns, Cleanup: 20053 ns, At safepoint: 13471 ns, Total: 67491 ns
[2025-05-19T05:33:40.042+0000][71][info ][safepoint   ] Safepoint "Cleanup", Time since last: 1001616086 ns, Reaching safepoint: 37847 ns, Cleanup: 21210 ns, At safepoint: 17802 ns, Total: 76859 ns
[2025-05-19T05:33:41.043+0000][71][info ][safepoint   ] Safepoint "Cleanup", Time since last: 1000866767 ns, Reaching safepoint: 34297 ns, Cleanup: 48343 ns, At safepoint: 13278 ns, Total: 95918 ns
[2025-05-19T05:33:42.561+0000][71][info ][safepoint   ] Safepoint "Cleanup", Time since last: 1517879609 ns, Reaching safepoint: 207486 ns, Cleanup: 39379 ns, At safepoint: 91875 ns, Total: 338740 ns
[2025-05-19T05:33:43.871+0000][71][info ][safepoint   ] Safepoint "Cleanup", Time since last: 1309837093 ns, Reaching safepoint: 41388 ns, Cleanup: 49757 ns, At safepoint: 20336 ns, Total: 111481 ns
[2025-05-19T05:33:44.917+0000][71][info ][safepoint   ] Safepoint "Cleanup", Time since last: 1045767743 ns, Reaching safepoint: 64003 ns, Cleanup: 36815 ns, At safepoint: 19790 ns, Total: 120608 ns
[2025-05-19T05:33:45.918+0000][71][info ][safepoint   ] Safepoint "Cleanup", Time since last: 1000772505 ns, Reaching safepoint: 40745 ns, Cleanup: 19811 ns, At safepoint: 90405 ns, Total: 150961 ns
[2025-05-19T05:33:46.918+0000][71][info ][safepoint   ] Safepoint "Cleanup", Time since last: 1000601929 ns, Reaching safepoint: 32723 ns, Cleanup: 20985 ns, At safepoint: 12411 ns, Total: 66119 ns
[2025-05-19T05:33:47.919+0000][71][info ][safepoint   ] Safepoint "Cleanup", Time since last: 1000945254 ns, Reaching safepoint: 31075 ns, Cleanup: 17516 ns, At safepoint: 11570 ns, Total: 60161 ns
[2025-05-19T05:33:49.485+0000][71][info ][safepoint   ] Safepoint "Cleanup", Time since last: 1568065891 ns, Reaching safepoint: 30042 ns, Cleanup: 17518 ns, At safepoint: 11253 ns, Total: 58813 ns
[2025-05-19T05:33:51.486+0000][71][info ][safepoint   ] Safepoint "Cleanup", Time since last: 2000783417 ns, Reaching safepoint: 26787 ns, Cleanup: 37775 ns, At safepoint: 11384 ns, Total: 75946 ns
[2025-05-19T05:33:52.487+0000][71][info ][safepoint   ] Safepoint "Cleanup", Time since last: 1000626726 ns, Reaching safepoint: 22676 ns, Cleanup: 23632 ns, At safepoint: 8895 ns, Total: 55203 ns
[2025-05-19T05:33:53.488+0000][71][info ][safepoint   ] Safepoint "Cleanup", Time since last: 1001214664 ns, Reaching safepoint: 31941 ns, Cleanup: 23557 ns, At safepoint: 12786 ns, Total: 68284 ns
[2025-05-19T05:33:55.489+0000][71][info ][safepoint   ] Safepoint "Cleanup", Time since last: 2000842680 ns, Reaching safepoint: 39385 ns, Cleanup: 18943 ns, At safepoint: 11569 ns, Total: 69897 ns
[2025-05-19T05:33:56.490+0000][71][info ][safepoint   ] Safepoint "Cleanup", Time since last: 1000623202 ns, Reaching safepoint: 35139 ns, Cleanup: 19457 ns, At safepoint: 11478 ns, Total: 66074 ns
[2025-05-19T05:33:58.491+0000][71][info ][safepoint   ] Safepoint "Cleanup", Time since last: 2000897725 ns, Reaching safepoint: 64256 ns, Cleanup: 21285 ns, At safepoint: 13404 ns, Total: 98945 ns
[2025-05-19T05:34:01.492+0000][71][info ][safepoint   ] Safepoint "Cleanup", Time since last: 3001137408 ns, Reaching safepoint: 32190 ns, Cleanup: 22843 ns, At safepoint: 14663 ns, Total: 69696 ns
[2025-05-19T05:34:03.498+0000][71][info ][safepoint   ] Safepoint "Cleanup", Time since last: 2000822674 ns, Reaching safepoint: 4545799 ns, Cleanup: 22998 ns, At safepoint: 127215 ns, Total: 4696012 ns
[2025-05-19T05:34:04.499+0000][71][info ][safepoint   ] Safepoint "Cleanup", Time since last: 1001229834 ns, Reaching safepoint: 21935 ns, Cleanup: 26437 ns, At safepoint: 11386 ns, Total: 59758 ns
[2025-05-19T05:34:05.500+0000][71][info ][safepoint   ] Safepoint "Cleanup", Time since last: 1001092579 ns, Reaching safepoint: 28753 ns, Cleanup: 27982 ns, At safepoint: 12852 ns, Total: 69587 ns
[2025-05-19T05:34:06.502+0000][71][info ][safepoint   ] Safepoint "Cleanup", Time since last: 1001633721 ns, Reaching safepoint: 227491 ns, Cleanup: 21446 ns, At safepoint: 67618 ns, Total: 316555 ns
[2025-05-19T05:34:08.503+0000][71][info ][safepoint   ] Safepoint "Cleanup", Time since last: 2000910455 ns, Reaching safepoint: 39819 ns, Cleanup: 26787 ns, At safepoint: 13579 ns, Total: 80185 ns
[2025-05-19T05:34:11.505+0000][71][info ][safepoint   ] Safepoint "Cleanup", Time since last: 3002042255 ns, Reaching safepoint: 36312 ns, Cleanup: 18432 ns, At safepoint: 11299 ns, Total: 66043 ns
[2025-05-19T05:34:21.504+0000][71][info ][safepoint   ] Safepoint "Cleanup", Time since last: 10002008419 ns, Reaching safepoint: 129813 ns, Cleanup: 31263 ns, At safepoint: 50430 ns, Total: 211506 ns
[2025-05-19T05:34:23.507+0000][71][info ][safepoint   ] Safepoint "Cleanup", Time since last: 2002178107 ns, Reaching safepoint: 35851 ns, Cleanup: 17397 ns, At safepoint: 16445 ns, Total: 69693 ns
[2025-05-19T05:34:24.508+0000][71][info ][safepoint   ] Safepoint "Cleanup", Time since last: 1000764910 ns, Reaching safepoint: 274427 ns, Cleanup: 14976 ns, At safepoint: 88452 ns, Total: 377855 ns
[2025-05-19T05:34:30.509+0000][71][info ][safepoint   ] Safepoint "Cleanup", Time since last: 6001400516 ns, Reaching safepoint: 49938 ns, Cleanup: 16138 ns, At safepoint: 9444 ns, Total: 75520 ns
[2025-05-19T05:34:31.510+0000][71][info ][safepoint   ] Safepoint "Cleanup", Time since last: 1000719200 ns, Reaching safepoint: 29413 ns, Cleanup: 17177 ns, At safepoint: 11882 ns, Total: 58472 ns
[2025-05-19T05:34:36.512+0000][71][info ][safepoint   ] Safepoint "Cleanup", Time since last: 5001421126 ns, Reaching safepoint: 271577 ns, Cleanup: 20644 ns, At safepoint: 139674 ns, Total: 431895 ns
[2025-05-19T05:34:37.513+0000][71][info ][safepoint   ] Safepoint "Cleanup", Time since last: 1000817056 ns, Reaching safepoint: 33304 ns, Cleanup: 21513 ns, At safepoint: 10992 ns, Total: 65809 ns
[2025-05-19T05:34:39.594+0000][71][info ][safepoint   ] Safepoint "Cleanup", Time since last: 2001197113 ns, Reaching safepoint: 79983517 ns, Cleanup: 25318 ns, At safepoint: 207679 ns, Total: 80216514 ns
[2025-05-19T05:34:43.619+0000][71][info ][safepoint   ] Safepoint "Cleanup", Time since last: 4001424240 ns, Reaching safepoint: 22631772 ns, Cleanup: 23515 ns, At safepoint: 224808 ns, Total: 22880095 ns
[2025-05-19T05:34:45.045+0000][71][info ][safepoint   ] Safepoint "Cleanup", Time since last: 1426310689 ns, Reaching safepoint: 37380 ns, Cleanup: 44716 ns, At safepoint: 16480 ns, Total: 98576 ns
[2025-05-19T05:34:51.535+0000][71][info ][safepoint   ] Safepoint "Cleanup", Time since last: 6492539460 ns, Reaching safepoint: 34611 ns, Cleanup: 21693 ns, At safepoint: 17858 ns, Total: 74162 ns
[2025-05-19T05:34:56.537+0000][71][info ][safepoint   ] Safepoint "Cleanup", Time since last: 5001683406 ns, Reaching safepoint: 36240 ns, Cleanup: 17971 ns, At safepoint: 16823 ns, Total: 71034 ns
[2025-05-19T05:34:57.538+0000][71][info ][safepoint   ] Safepoint "Cleanup", Time since last: 1000692924 ns, Reaching safepoint: 35122 ns, Cleanup: 23719 ns, At safepoint: 16926 ns, Total: 75767 ns
[2025-05-19T05:35:01.539+0000][71][info ][safepoint   ] Safepoint "Cleanup", Time since last: 4001139327 ns, Reaching safepoint: 191675 ns, Cleanup: 22847 ns, At safepoint: 21834 ns, Total: 236356 ns
[2025-05-19T05:35:08.542+0000][71][info ][safepoint   ] Safepoint "Cleanup", Time since last: 7001853650 ns, Reaching safepoint: 174514 ns, Cleanup: 25691 ns, At safepoint: 221101 ns, Total: 421306 ns
[2025-05-19T05:35:09.542+0000][71][info ][safepoint   ] Safepoint "Cleanup", Time since last: 1000764413 ns, Reaching safepoint: 32769 ns, Cleanup: 20507 ns, At safepoint: 12321 ns, Total: 65597 ns
[2025-05-19T05:35:11.543+0000][71][info ][safepoint   ] Safepoint "Cleanup", Time since last: 2000956606 ns, Reaching safepoint: 46658 ns, Cleanup: 26103 ns, At safepoint: 22886 ns, Total: 95647 ns
[2025-05-19T05:35:12.544+0000][71][info ][safepoint   ] Safepoint "Cleanup", Time since last: 1000824302 ns, Reaching safepoint: 36185 ns, Cleanup: 20506 ns, At safepoint: 15569 ns, Total: 72260 ns
[2025-05-19T05:35:15.545+0000][71][info ][safepoint   ] Safepoint "Cleanup", Time since last: 3001021696 ns, Reaching safepoint: 60755 ns, Cleanup: 15410 ns, At safepoint: 14405 ns, Total: 90570 ns
[2025-05-19T05:35:21.544+0000][71][info ][safepoint   ] Safepoint "Cleanup", Time since last: 6001644167 ns, Reaching safepoint: 36459 ns, Cleanup: 40868 ns, At safepoint: 10564 ns, Total: 87891 ns
[2025-05-19T05:35:26.546+0000][71][info ][safepoint   ] Safepoint "Cleanup", Time since last: 5001153840 ns, Reaching safepoint: 36140 ns, Cleanup: 22543 ns, At safepoint: 16762 ns, Total: 75445 ns
[2025-05-19T05:35:30.547+0000][71][info ][safepoint   ] Safepoint "Cleanup", Time since last: 4001088556 ns, Reaching safepoint: 77922 ns, Cleanup: 19016 ns, At safepoint: 12472 ns, Total: 109410 ns
[2025-05-19T05:35:31.548+0000][71][info ][safepoint   ] Safepoint "Cleanup", Time since last: 1000739415 ns, Reaching safepoint: 64861 ns, Cleanup: 15760 ns, At safepoint: 10131 ns, Total: 90752 ns
[2025-05-19T05:35:36.549+0000][71][info ][safepoint   ] Safepoint "Cleanup", Time since last: 5001310282 ns, Reaching safepoint: 22721 ns, Cleanup: 13785 ns, At safepoint: 33464 ns, Total: 69970 ns
[2025-05-19T05:35:39.551+0000][71][info ][safepoint   ] Safepoint "Cleanup", Time since last: 3001789797 ns, Reaching safepoint: 41012 ns, Cleanup: 27172 ns, At safepoint: 12738 ns, Total: 80922 ns
[2025-05-19T05:35:41.553+0000][71][info ][safepoint   ] Safepoint "Cleanup", Time since last: 2002162172 ns, Reaching safepoint: 48136 ns, Cleanup: 26761 ns, At safepoint: 18979 ns, Total: 93876 ns
[2025-05-19T05:35:42.554+0000][71][info ][safepoint   ] Safepoint "Cleanup", Time since last: 1000727297 ns, Reaching safepoint: 25572 ns, Cleanup: 15524 ns, At safepoint: 9532 ns, Total: 50628 ns
[2025-05-19T05:35:45.555+0000][71][info ][safepoint   ] Safepoint "Cleanup", Time since last: 3000883178 ns, Reaching safepoint: 79812 ns, Cleanup: 16660 ns, At safepoint: 230310 ns, Total: 326782 ns
[2025-05-19T05:35:46.840+0000][71][info ][safepoint   ] Safepoint "Cleanup", Time since last: 1285138040 ns, Reaching safepoint: 37956 ns, Cleanup: 34112 ns, At safepoint: 15306 ns, Total: 87374 ns
[2025-05-19T05:35:48.568+0000][71][info ][safepoint   ] Safepoint "Cleanup", Time since last: 1728107470 ns, Reaching safepoint: 11773 ns, Cleanup: 16849 ns, At safepoint: 21179 ns, Total: 49801 ns
[2025-05-19T05:35:51.568+0000][71][info ][safepoint   ] Safepoint "Cleanup", Time since last: 3001434108 ns, Reaching safepoint: 41193 ns, Cleanup: 31573 ns, At safepoint: 16527 ns, Total: 89293 ns
[2025-05-19T05:35:53.570+0000][71][info ][safepoint   ] Safepoint "Cleanup", Time since last: 2001506758 ns, Reaching safepoint: 22192 ns, Cleanup: 15247 ns, At safepoint: 9679 ns, Total: 47118 ns
[2025-05-19T05:35:57.571+0000][71][info ][safepoint   ] Safepoint "Cleanup", Time since last: 4001258820 ns, Reaching safepoint: 33176 ns, Cleanup: 20089 ns, At safepoint: 12322 ns, Total: 65587 ns
[2025-05-19T05:36:00.572+0000][71][info ][safepoint   ] Safepoint "Cleanup", Time since last: 3000951136 ns, Reaching safepoint: 69364 ns, Cleanup: 22842 ns, At safepoint: 13037 ns, Total: 105243 ns
[2025-05-19T05:36:01.575+0000][71][info ][safepoint   ] Safepoint "Cleanup", Time since last: 1002892598 ns, Reaching safepoint: 178165 ns, Cleanup: 31894 ns, At safepoint: 25111 ns, Total: 235170 ns
[2025-05-19T05:36:03.576+0000][71][info ][safepoint   ] Safepoint "Cleanup", Time since last: 2000822437 ns, Reaching safepoint: 20746 ns, Cleanup: 20889 ns, At safepoint: 8360 ns, Total: 49995 ns
[2025-05-19T05:36:06.577+0000][71][info ][safepoint   ] Safepoint "Cleanup", Time since last: 3001020080 ns, Reaching safepoint: 38136 ns, Cleanup: 20850 ns, At safepoint: 15273 ns, Total: 74259 ns
[2025-05-19T05:36:16.579+0000][71][info ][safepoint   ] Safepoint "Cleanup", Time since last: 10002024879 ns, Reaching safepoint: 55725 ns, Cleanup: 20043 ns, At safepoint: 11842 ns, Total: 87610 ns
[2025-05-19T05:36:18.580+0000][71][info ][safepoint   ] Safepoint "Cleanup", Time since last: 2000835403 ns, Reaching safepoint: 90445 ns, Cleanup: 24771 ns, At safepoint: 23115 ns, Total: 138331 ns
[2025-05-19T05:36:20.579+0000][71][info ][safepoint   ] Safepoint "Cleanup", Time since last: 2000925819 ns, Reaching safepoint: 164326 ns, Cleanup: 42568 ns, At safepoint: 203012 ns, Total: 409906 ns
[2025-05-19T05:36:21.580+0000][71][info ][safepoint   ] Safepoint "Cleanup", Time since last: 1000687571 ns, Reaching safepoint: 28745 ns, Cleanup: 29164 ns, At safepoint: 12616 ns, Total: 70525 ns
[2025-05-19T05:36:27.582+0000][71][info ][safepoint   ] Safepoint "Cleanup", Time since last: 6001439197 ns, Reaching safepoint: 26097 ns, Cleanup: 15760 ns, At safepoint: 10334 ns, Total: 52191 ns
[2025-05-19T05:36:31.583+0000][71][info ][safepoint   ] Safepoint "Cleanup", Time since last: 4001057599 ns, Reaching safepoint: 74329 ns, Cleanup: 17081 ns, At safepoint: 15722 ns, Total: 107132 ns
[2025-05-19T05:36:33.584+0000][71][info ][safepoint   ] Safepoint "Cleanup", Time since last: 2000902855 ns, Reaching safepoint: 136152 ns, Cleanup: 20768 ns, At safepoint: 19851 ns, Total: 176771 ns
[2025-05-19T05:36:35.585+0000][71][info ][safepoint   ] Safepoint "Cleanup", Time since last: 2000960434 ns, Reaching safepoint: 32757 ns, Cleanup: 85970 ns, At safepoint: 12643 ns, Total: 131370 ns
[2025-05-19T05:36:36.586+0000][71][info ][safepoint   ] Safepoint "Cleanup", Time since last: 1000888781 ns, Reaching safepoint: 35263 ns, Cleanup: 25190 ns, At safepoint: 16778 ns, Total: 77231 ns
[2025-05-19T05:36:38.587+0000][71][info ][safepoint   ] Safepoint "Cleanup", Time since last: 2000771611 ns, Reaching safepoint: 37270 ns, Cleanup: 22258 ns, At safepoint: 16884 ns, Total: 76412 ns
[2025-05-19T05:36:40.588+0000][71][info ][safepoint   ] Safepoint "Cleanup", Time since last: 2000822660 ns, Reaching safepoint: 30519 ns, Cleanup: 19198 ns, At safepoint: 10947 ns, Total: 60664 ns
[2025-05-19T05:36:41.589+0000][71][info ][safepoint   ] Safepoint "Cleanup", Time since last: 1000864806 ns, Reaching safepoint: 34192 ns, Cleanup: 20048 ns, At safepoint: 16005 ns, Total: 70245 ns
[2025-05-19T05:36:45.590+0000][71][info ][safepoint   ] Safepoint "Cleanup", Time since last: 4001111670 ns, Reaching safepoint: 35984 ns, Cleanup: 24636 ns, At safepoint: 14241 ns, Total: 74861 ns
[2025-05-19T05:36:46.591+0000][71][info ][safepoint   ] Safepoint "Cleanup", Time since last: 1000962135 ns, Reaching safepoint: 69493 ns, Cleanup: 20832 ns, At safepoint: 12582 ns, Total: 102907 ns
[2025-05-19T05:36:48.541+0000][71][info ][safepoint   ] Safepoint "Cleanup", Time since last: 1949637318 ns, Reaching safepoint: 124124 ns, Cleanup: 21094 ns, At safepoint: 66654 ns, Total: 211872 ns
[2025-05-19T05:36:49.968+0000][71][info ][safepoint   ] Safepoint "Cleanup", Time since last: 1429896255 ns, Reaching safepoint: 21666 ns, Cleanup: 42363 ns, At safepoint: 11205 ns, Total: 75234 ns
[2025-05-19T05:36:50.968+0000][71][info ][safepoint   ] Safepoint "Cleanup", Time since last: 1000652869 ns, Reaching safepoint: 47203 ns, Cleanup: 33445 ns, At safepoint: 16391 ns, Total: 97039 ns
[2025-05-19T05:36:51.969+0000][71][info ][safepoint   ] Safepoint "Cleanup", Time since last: 1000648699 ns, Reaching safepoint: 31867 ns, Cleanup: 31129 ns, At safepoint: 14028 ns, Total: 77024 ns
[2025-05-19T05:36:54.970+0000][71][info ][safepoint   ] Safepoint "Cleanup", Time since last: 3000916253 ns, Reaching safepoint: 36784 ns, Cleanup: 22092 ns, At safepoint: 12474 ns, Total: 71350 ns
[2025-05-19T05:36:55.972+0000][71][info ][safepoint   ] Safepoint "Cleanup", Time since last: 1001484235 ns, Reaching safepoint: 37763 ns, Cleanup: 24871 ns, At safepoint: 17765 ns, Total: 80399 ns
[2025-05-19T05:36:57.973+0000][71][info ][safepoint   ] Safepoint "Cleanup", Time since last: 2000752100 ns, Reaching safepoint: 44167 ns, Cleanup: 20270 ns, At safepoint: 13623 ns, Total: 78060 ns
[2025-05-19T05:37:00.974+0000][71][info ][safepoint   ] Safepoint "Cleanup", Time since last: 3001026851 ns, Reaching safepoint: 27944 ns, Cleanup: 23397 ns, At safepoint: 10480 ns, Total: 61821 ns
[2025-05-19T05:37:01.975+0000][71][info ][safepoint   ] Safepoint "Cleanup", Time since last: 1000763136 ns, Reaching safepoint: 111275 ns, Cleanup: 25181 ns, At safepoint: 18532 ns, Total: 154988 ns
[2025-05-19T05:37:03.976+0000][71][info ][safepoint   ] Safepoint "Cleanup", Time since last: 2000822204 ns, Reaching safepoint: 124813 ns, Cleanup: 26423 ns, At safepoint: 16017 ns, Total: 167253 ns
[2025-05-19T05:37:04.981+0000][71][info ][safepoint   ] Safepoint "Cleanup", Time since last: 1005799535 ns, Reaching safepoint: 43798 ns, Cleanup: 20432 ns, At safepoint: 11433 ns, Total: 75663 ns
[2025-05-19T05:37:05.993+0000][71][info ][safepoint   ] Safepoint "Cleanup", Time since last: 1011616200 ns, Reaching safepoint: 31644 ns, Cleanup: 19589 ns, At safepoint: 12419 ns, Total: 63652 ns
[2025-05-19T05:37:08.996+0000][71][info ][safepoint   ] Safepoint "Cleanup", Time since last: 3002303903 ns, Reaching safepoint: 146589 ns, Cleanup: 22384 ns, At safepoint: 14227 ns, Total: 183200 ns
[2025-05-19T05:37:09.996+0000][71][info ][safepoint   ] Safepoint "Cleanup", Time since last: 1000747744 ns, Reaching safepoint: 37483 ns, Cleanup: 26714 ns, At safepoint: 19950 ns, Total: 84147 ns
[2025-05-19T05:37:10.997+0000][71][info ][safepoint   ] Safepoint "Cleanup", Time since last: 1000954699 ns, Reaching safepoint: 30173 ns, Cleanup: 102985 ns, At safepoint: 18669 ns, Total: 151827 ns
[2025-05-19T05:37:11.999+0000][71][info ][safepoint   ] Safepoint "Cleanup", Time since last: 1001898103 ns, Reaching safepoint: 30104 ns, Cleanup: 17941 ns, At safepoint: 11546 ns, Total: 59591 ns
[2025-05-19T05:37:16.001+0000][71][info ][safepoint   ] Safepoint "Cleanup", Time since last: 4001248867 ns, Reaching safepoint: 21632 ns, Cleanup: 18402 ns, At safepoint: 8676 ns, Total: 48710 ns
[2025-05-19T05:37:21.000+0000][71][info ][safepoint   ] Safepoint "Cleanup", Time since last: 5001588798 ns, Reaching safepoint: 162204 ns, Cleanup: 23280 ns, At safepoint: 10092 ns, Total: 195576 ns
[2025-05-19T05:37:22.001+0000][71][info ][safepoint   ] Safepoint "Cleanup", Time since last: 1000966537 ns, Reaching safepoint: 87695 ns, Cleanup: 17386 ns, At safepoint: 11529 ns, Total: 116610 ns
[2025-05-19T05:37:24.002+0000][71][info ][safepoint   ] Safepoint "Cleanup", Time since last: 2000975635 ns, Reaching safepoint: 29736 ns, Cleanup: 18110 ns, At safepoint: 11406 ns, Total: 59252 ns
[2025-05-19T05:37:26.003+0000][71][info ][safepoint   ] Safepoint "Cleanup", Time since last: 2000809576 ns, Reaching safepoint: 23464 ns, Cleanup: 22293 ns, At safepoint: 10894 ns, Total: 56651 ns
[2025-05-19T05:37:30.559+0000][71][info ][safepoint   ] Safepoint "Cleanup", Time since last: 4555367819 ns, Reaching safepoint: 13464 ns, Cleanup: 9989 ns, At safepoint: 16364 ns, Total: 39817 ns
[2025-05-19T05:37:32.008+0000][71][info ][safepoint   ] Safepoint "Cleanup", Time since last: 1449440596 ns, Reaching safepoint: 61360 ns, Cleanup: 37980 ns, At safepoint: 15357 ns, Total: 114697 ns
[2025-05-19T05:37:33.573+0000][71][info ][safepoint   ] Safepoint "Cleanup", Time since last: 1565149498 ns, Reaching safepoint: 13955 ns, Cleanup: 21131 ns, At safepoint: 67866 ns, Total: 102952 ns
[2025-05-19T05:37:35.053+0000][71][info ][safepoint   ] Safepoint "Cleanup", Time since last: 1479835576 ns, Reaching safepoint: 36713 ns, Cleanup: 22486 ns, At safepoint: 14057 ns, Total: 73256 ns
[2025-05-19T05:37:36.107+0000][71][info ][safepoint   ] Safepoint "Cleanup", Time since last: 1053633380 ns, Reaching safepoint: 21751 ns, Cleanup: 17370 ns, At safepoint: 8319 ns, Total: 47440 ns
[2025-05-19T05:37:39.108+0000][71][info ][safepoint   ] Safepoint "Cleanup", Time since last: 3000841475 ns, Reaching safepoint: 20548 ns, Cleanup: 20350 ns, At safepoint: 9494 ns, Total: 50392 ns
[2025-05-19T05:37:40.109+0000][71][info ][safepoint   ] Safepoint "Cleanup", Time since last: 1000795525 ns, Reaching safepoint: 24098 ns, Cleanup: 15693 ns, At safepoint: 10945 ns, Total: 50736 ns
[2025-05-19T05:37:41.110+0000][71][info ][safepoint   ] Safepoint "Cleanup", Time since last: 1000713931 ns, Reaching safepoint: 22308 ns, Cleanup: 15701 ns, At safepoint: 8704 ns, Total: 46713 ns
[2025-05-19T05:37:46.111+0000][71][info ][safepoint   ] Safepoint "Cleanup", Time since last: 5001118509 ns, Reaching safepoint: 21546 ns, Cleanup: 16869 ns, At safepoint: 9873 ns, Total: 48288 ns
[2025-05-19T05:37:49.111+0000][71][info ][safepoint   ] Safepoint "Cleanup", Time since last: 3001654687 ns, Reaching safepoint: 20465 ns, Cleanup: 14973 ns, At safepoint: 8732 ns, Total: 44170 ns
[2025-05-19T05:37:51.112+0000][71][info ][safepoint   ] Safepoint "Cleanup", Time since last: 2001507800 ns, Reaching safepoint: 22528 ns, Cleanup: 20820 ns, At safepoint: 9686 ns, Total: 53034 ns
[2025-05-19T05:37:52.143+0000][71][info ][safepoint   ] Safepoint "Cleanup", Time since last: 1030689187 ns, Reaching safepoint: 171478 ns, Cleanup: 15199 ns, At safepoint: 54947 ns, Total: 241624 ns
[2025-05-19T05:37:53.204+0000][71][info ][safepoint   ] Safepoint "Cleanup", Time since last: 1061330314 ns, Reaching safepoint: 36246 ns, Cleanup: 23205 ns, At safepoint: 17057 ns, Total: 76508 ns
[2025-05-19T05:37:55.206+0000][71][info ][safepoint   ] Safepoint "Cleanup", Time since last: 2001303478 ns, Reaching safepoint: 36767 ns, Cleanup: 17973 ns, At safepoint: 91841 ns, Total: 146581 ns
[2025-05-19T05:37:56.207+0000][71][info ][safepoint   ] Safepoint "Cleanup", Time since last: 1000664917 ns, Reaching safepoint: 20294 ns, Cleanup: 38098 ns, At safepoint: 8189 ns, Total: 66581 ns
[2025-05-19T05:38:00.208+0000][71][info ][safepoint   ] Safepoint "Cleanup", Time since last: 4001031492 ns, Reaching safepoint: 27146 ns, Cleanup: 15642 ns, At safepoint: 9855 ns, Total: 52643 ns
[2025-05-19T05:38:01.209+0000][71][info ][safepoint   ] Safepoint "Cleanup", Time since last: 1000682558 ns, Reaching safepoint: 140607 ns, Cleanup: 22718 ns, At safepoint: 54377 ns, Total: 217702 ns
[2025-05-19T05:38:05.702+0000][71][info ][safepoint   ] Safepoint "Cleanup", Time since last: 4493734655 ns, Reaching safepoint: 12623 ns, Cleanup: 15410 ns, At safepoint: 4199 ns, Total: 32232 ns
[2025-05-19T05:38:07.273+0000][71][info ][safepoint   ] Safepoint "Cleanup", Time since last: 1570959115 ns, Reaching safepoint: 39038 ns, Cleanup: 130696 ns, At safepoint: 19014 ns, Total: 188748 ns
[2025-05-19T05:38:09.275+0000][71][info ][safepoint   ] Safepoint "Cleanup", Time since last: 2001205109 ns, Reaching safepoint: 38752 ns, Cleanup: 23587 ns, At safepoint: 18382 ns, Total: 80721 ns
[2025-05-19T05:38:11.276+0000][71][info ][safepoint   ] Safepoint "Cleanup", Time since last: 2000800516 ns, Reaching safepoint: 25375 ns, Cleanup: 21003 ns, At safepoint: 9553 ns, Total: 55931 ns
[2025-05-19T05:38:13.277+0000][71][info ][safepoint   ] Safepoint "Cleanup", Time since last: 2000943594 ns, Reaching safepoint: 33160 ns, Cleanup: 19959 ns, At safepoint: 11963 ns, Total: 65082 ns
[2025-05-19T05:38:16.278+0000][71][info ][safepoint   ] Safepoint "Cleanup", Time since last: 3001123873 ns, Reaching safepoint: 31202 ns, Cleanup: 22158 ns, At safepoint: 10172 ns, Total: 63532 ns
[2025-05-19T05:38:21.276+0000][71][info ][safepoint   ] Safepoint "Cleanup", Time since last: 5001224582 ns, Reaching safepoint: 73162 ns, Cleanup: 31410 ns, At safepoint: 13973 ns, Total: 118545 ns
[2025-05-19T05:38:26.278+0000][71][info ][safepoint   ] Safepoint "Cleanup", Time since last: 5001215660 ns, Reaching safepoint: 34722 ns, Cleanup: 24436 ns, At safepoint: 10886 ns, Total: 70044 ns
[2025-05-19T05:38:35.280+0000][71][info ][safepoint   ] Safepoint "Cleanup", Time since last: 9002268312 ns, Reaching safepoint: 25509 ns, Cleanup: 21767 ns, At safepoint: 19787 ns, Total: 67063 ns
[2025-05-19T05:38:38.281+0000][71][info ][safepoint   ] Safepoint "Cleanup", Time since last: 3001143142 ns, Reaching safepoint: 30812 ns, Cleanup: 19633 ns, At safepoint: 12101 ns, Total: 62546 ns
[2025-05-19T05:38:40.282+0000][71][info ][safepoint   ] Safepoint "Cleanup", Time since last: 2000950989 ns, Reaching safepoint: 38450 ns, Cleanup: 22073 ns, At safepoint: 16784 ns, Total: 77307 ns
[2025-05-19T05:38:46.284+0000][71][info ][safepoint   ] Safepoint "Cleanup", Time since last: 6001468849 ns, Reaching safepoint: 29442 ns, Cleanup: 15759 ns, At safepoint: 10720 ns, Total: 55921 ns
[2025-05-19T05:38:48.857+0000][71][info ][safepoint   ] Safepoint "Cleanup", Time since last: 2572788533 ns, Reaching safepoint: 41739 ns, Cleanup: 16485 ns, At safepoint: 5349 ns, Total: 63573 ns
[2025-05-19T05:38:51.855+0000][71][info ][safepoint   ] Safepoint "Cleanup", Time since last: 3001201016 ns, Reaching safepoint: 21545 ns, Cleanup: 15910 ns, At safepoint: 8248 ns, Total: 45703 ns
[2025-05-19T05:38:54.548+0000][71][info ][safepoint   ] Safepoint "Cleanup", Time since last: 2692808785 ns, Reaching safepoint: 135295 ns, Cleanup: 21302 ns, At safepoint: 42461 ns, Total: 199058 ns
[2025-05-19T05:38:56.259+0000][71][info ][safepoint   ] Safepoint "Cleanup", Time since last: 1710518564 ns, Reaching safepoint: 36675 ns, Cleanup: 49439 ns, At safepoint: 18216 ns, Total: 104330 ns
[2025-05-19T05:39:01.260+0000][71][info ][safepoint   ] Safepoint "Cleanup", Time since last: 5001146866 ns, Reaching safepoint: 39341 ns, Cleanup: 19778 ns, At safepoint: 17596 ns, Total: 76715 ns
[2025-05-19T05:39:04.261+0000][71][info ][safepoint   ] Safepoint "Cleanup", Time since last: 3001180306 ns, Reaching safepoint: 90871 ns, Cleanup: 31394 ns, At safepoint: 18944 ns, Total: 141209 ns
[2025-05-19T05:39:06.262+0000][71][info ][safepoint   ] Safepoint "Cleanup", Time since last: 2000816213 ns, Reaching safepoint: 26950 ns, Cleanup: 19263 ns, At safepoint: 9789 ns, Total: 56002 ns
[2025-05-19T05:39:07.264+0000][71][info ][safepoint   ] Safepoint "Cleanup", Time since last: 1001462866 ns, Reaching safepoint: 35197 ns, Cleanup: 22306 ns, At safepoint: 15873 ns, Total: 73376 ns
[2025-05-19T05:39:09.265+0000][71][info ][safepoint   ] Safepoint "Cleanup", Time since last: 2001065940 ns, Reaching safepoint: 31019 ns, Cleanup: 19668 ns, At safepoint: 10169 ns, Total: 60856 ns
[2025-05-19T05:39:11.266+0000][71][info ][safepoint   ] Safepoint "Cleanup", Time since last: 2000854752 ns, Reaching safepoint: 26146 ns, Cleanup: 16642 ns, At safepoint: 32124 ns, Total: 74912 ns
[2025-05-19T05:39:13.267+0000][71][info ][safepoint   ] Safepoint "Cleanup", Time since last: 2000716795 ns, Reaching safepoint: 48345 ns, Cleanup: 21751 ns, At safepoint: 19763 ns, Total: 89859 ns
[2025-05-19T05:39:21.266+0000][71][info ][safepoint   ] Safepoint "Cleanup", Time since last: 8001834675 ns, Reaching safepoint: 95640 ns, Cleanup: 38252 ns, At safepoint: 95942 ns, Total: 229834 ns
[2025-05-19T05:39:22.268+0000][71][info ][safepoint   ] Safepoint "Cleanup", Time since last: 1001666783 ns, Reaching safepoint: 27974 ns, Cleanup: 17473 ns, At safepoint: 10075 ns, Total: 55522 ns
[2025-05-19T05:39:23.269+0000][71][info ][safepoint   ] Safepoint "Cleanup", Time since last: 1000609282 ns, Reaching safepoint: 32873 ns, Cleanup: 21980 ns, At safepoint: 15659 ns, Total: 70512 ns
[2025-05-19T05:39:25.270+0000][71][info ][safepoint   ] Safepoint "Cleanup", Time since last: 2001365380 ns, Reaching safepoint: 57335 ns, Cleanup: 15395 ns, At safepoint: 9017 ns, Total: 81747 ns
[2025-05-19T05:39:26.271+0000][71][info ][safepoint   ] Safepoint "Cleanup", Time since last: 1000704875 ns, Reaching safepoint: 33597 ns, Cleanup: 18975 ns, At safepoint: 14472 ns, Total: 67044 ns
[2025-05-19T05:39:27.272+0000][71][info ][safepoint   ] Safepoint "Cleanup", Time since last: 1001065830 ns, Reaching safepoint: 36390 ns, Cleanup: 20328 ns, At safepoint: 16970 ns, Total: 73688 ns
[2025-05-19T05:39:28.273+0000][71][info ][safepoint   ] Safepoint "Cleanup", Time since last: 1000746050 ns, Reaching safepoint: 40956 ns, Cleanup: 19850 ns, At safepoint: 11793 ns, Total: 72599 ns
[2025-05-19T05:39:29.275+0000][71][info ][safepoint   ] Safepoint "Cleanup", Time since last: 1002146749 ns, Reaching safepoint: 33344 ns, Cleanup: 24292 ns, At safepoint: 102478 ns, Total: 160114 ns
[2025-05-19T05:39:31.276+0000][71][info ][safepoint   ] Safepoint "Cleanup", Time since last: 2000853881 ns, Reaching safepoint: 35701 ns, Cleanup: 21370 ns, At safepoint: 15609 ns, Total: 72680 ns
[2025-05-19T05:39:34.277+0000][71][info ][safepoint   ] Safepoint "Cleanup", Time since last: 3000970381 ns, Reaching safepoint: 21967 ns, Cleanup: 19880 ns, At safepoint: 9940 ns, Total: 51787 ns
[2025-05-19T05:39:37.278+0000][71][info ][safepoint   ] Safepoint "Cleanup", Time since last: 3000997083 ns, Reaching safepoint: 81321 ns, Cleanup: 26039 ns, At safepoint: 17788 ns, Total: 125148 ns
[2025-05-19T05:39:40.280+0000][71][info ][safepoint   ] Safepoint "Cleanup", Time since last: 3001059502 ns, Reaching safepoint: 28004 ns, Cleanup: 16461 ns, At safepoint: 11714 ns, Total: 56179 ns
[2025-05-19T05:39:51.888+0000][71][info ][safepoint   ] Safepoint "Cleanup", Time since last: 11610769646 ns, Reaching safepoint: 57803 ns, Cleanup: 18066 ns, At safepoint: 11533 ns, Total: 87402 ns
[2025-05-19T05:39:57.584+0000][71][info ][safepoint   ] Safepoint "Cleanup", Time since last: 5695773751 ns, Reaching safepoint: 115068 ns, Cleanup: 15890 ns, At safepoint: 60143 ns, Total: 191101 ns
[2025-05-19T05:39:59.330+0000][71][info ][safepoint   ] Safepoint "Cleanup", Time since last: 1745026025 ns, Reaching safepoint: 30115 ns, Cleanup: 23366 ns, At safepoint: 11631 ns, Total: 65112 ns
[2025-05-19T05:40:09.332+0000][71][info ][safepoint   ] Safepoint "Cleanup", Time since last: 10002322196 ns, Reaching safepoint: 95152 ns, Cleanup: 19132 ns, At safepoint: 11611 ns, Total: 125895 ns
[2025-05-19T05:40:11.333+0000][71][info ][safepoint   ] Safepoint "Cleanup", Time since last: 2000917516 ns, Reaching safepoint: 51899 ns, Cleanup: 16536 ns, At safepoint: 10885 ns, Total: 79320 ns
[2025-05-19T05:40:16.334+0000][71][info ][safepoint   ] Safepoint "Cleanup", Time since last: 5001142695 ns, Reaching safepoint: 33588 ns, Cleanup: 21144 ns, At safepoint: 12610 ns, Total: 67342 ns
[2025-05-19T05:40:21.333+0000][71][info ][safepoint   ] Safepoint "Cleanup", Time since last: 5001375615 ns, Reaching safepoint: 83488 ns, Cleanup: 40632 ns, At safepoint: 37843 ns, Total: 161963 ns
[2025-05-19T05:40:26.336+0000][71][info ][safepoint   ] Safepoint "Cleanup", Time since last: 5003455453 ns, Reaching safepoint: 32193 ns, Cleanup: 21609 ns, At safepoint: 12655 ns, Total: 66457 ns
[2025-05-19T05:40:31.338+0000][71][info ][safepoint   ] Safepoint "Cleanup", Time since last: 5001185081 ns, Reaching safepoint: 38685 ns, Cleanup: 25996 ns, At safepoint: 13753 ns, Total: 78434 ns
[2025-05-19T05:40:36.339+0000][71][info ][safepoint   ] Safepoint "Cleanup", Time since last: 5001451737 ns, Reaching safepoint: 59102 ns, Cleanup: 17083 ns, At safepoint: 13186 ns, Total: 89371 ns
[2025-05-19T05:40:39.340+0000][71][info ][safepoint   ] Safepoint "Cleanup", Time since last: 3000847494 ns, Reaching safepoint: 37562 ns, Cleanup: 18844 ns, At safepoint: 10631 ns, Total: 67037 ns
[2025-05-19T05:40:41.342+0000][71][info ][safepoint   ] Safepoint "Cleanup", Time since last: 2002106925 ns, Reaching safepoint: 22196 ns, Cleanup: 16095 ns, At safepoint: 10045 ns, Total: 48336 ns
[2025-05-19T05:40:43.343+0000][71][info ][safepoint   ] Safepoint "Cleanup", Time since last: 2000859766 ns, Reaching safepoint: 36892 ns, Cleanup: 21375 ns, At safepoint: 17783 ns, Total: 76050 ns
[2025-05-19T05:40:46.344+0000][71][info ][safepoint   ] Safepoint "Cleanup", Time since last: 3001030950 ns, Reaching safepoint: 36784 ns, Cleanup: 22352 ns, At safepoint: 12174 ns, Total: 71310 ns
[2025-05-19T05:40:50.920+0000][71][info ][safepoint   ] Safepoint "Cleanup", Time since last: 4577883054 ns, Reaching safepoint: 31624 ns, Cleanup: 18504 ns, At safepoint: 14655 ns, Total: 64783 ns
[2025-05-19T05:40:51.921+0000][71][info ][safepoint   ] Safepoint "Cleanup", Time since last: 1000813709 ns, Reaching safepoint: 35307 ns, Cleanup: 17762 ns, At safepoint: 16593 ns, Total: 69662 ns
[2025-05-19T05:40:54.922+0000][71][info ][safepoint   ] Safepoint "Cleanup", Time since last: 3001163839 ns, Reaching safepoint: 32600 ns, Cleanup: 16639 ns, At safepoint: 14891 ns, Total: 64130 ns
[2025-05-19T05:40:55.923+0000][71][info ][safepoint   ] Safepoint "Cleanup", Time since last: 1000908816 ns, Reaching safepoint: 32766 ns, Cleanup: 18165 ns, At safepoint: 15114 ns, Total: 66045 ns
[2025-05-19T05:41:00.548+0000][71][info ][safepoint   ] Safepoint "Cleanup", Time since last: 4625639764 ns, Reaching safepoint: 11803 ns, Cleanup: 20128 ns, At safepoint: 36373 ns, Total: 68304 ns
[2025-05-19T05:41:02.390+0000][71][info ][safepoint   ] Safepoint "Cleanup", Time since last: 1841789071 ns, Reaching safepoint: 40031 ns, Cleanup: 53165 ns, At safepoint: 17274 ns, Total: 110470 ns
[2025-05-19T05:41:03.391+0000][71][info ][safepoint   ] Safepoint "Cleanup", Time since last: 1000810041 ns, Reaching safepoint: 35275 ns, Cleanup: 23016 ns, At safepoint: 16192 ns, Total: 74483 ns
[2025-05-19T05:41:04.392+0000][71][info ][safepoint   ] Safepoint "Cleanup", Time since last: 1000772842 ns, Reaching safepoint: 34120 ns, Cleanup: 19287 ns, At safepoint: 15776 ns, Total: 69183 ns
[2025-05-19T05:41:06.393+0000][71][info ][safepoint   ] Safepoint "Cleanup", Time since last: 2000817721 ns, Reaching safepoint: 28871 ns, Cleanup: 19432 ns, At safepoint: 11904 ns, Total: 60207 ns
[2025-05-19T05:41:08.394+0000][71][info ][safepoint   ] Safepoint "Cleanup", Time since last: 2000951710 ns, Reaching safepoint: 73758 ns, Cleanup: 25804 ns, At safepoint: 16367 ns, Total: 115929 ns
[2025-05-19T05:41:10.395+0000][71][info ][safepoint   ] Safepoint "Cleanup", Time since last: 2000792818 ns, Reaching safepoint: 125430 ns, Cleanup: 15373 ns, At safepoint: 46296 ns, Total: 187099 ns
[2025-05-19T05:41:11.396+0000][71][info ][safepoint   ] Safepoint "Cleanup", Time since last: 1000577931 ns, Reaching safepoint: 30992 ns, Cleanup: 20858 ns, At safepoint: 15557 ns, Total: 67407 ns
[2025-05-19T05:41:16.397+0000][71][info ][safepoint   ] Safepoint "Cleanup", Time since last: 5001373789 ns, Reaching safepoint: 26320 ns, Cleanup: 15123 ns, At safepoint: 10709 ns, Total: 52152 ns
[2025-05-19T05:41:18.398+0000][71][info ][safepoint   ] Safepoint "Cleanup", Time since last: 2000819621 ns, Reaching safepoint: 185047 ns, Cleanup: 17952 ns, At safepoint: 153941 ns, Total: 356940 ns
[2025-05-19T05:41:21.397+0000][71][info ][safepoint   ] Safepoint "Cleanup", Time since last: 3000929712 ns, Reaching safepoint: 63542 ns, Cleanup: 47873 ns, At safepoint: 93210 ns, Total: 204625 ns
[2025-05-19T05:41:22.399+0000][71][info ][safepoint   ] Safepoint "Cleanup", Time since last: 1001246728 ns, Reaching safepoint: 112718 ns, Cleanup: 24836 ns, At safepoint: 34808 ns, Total: 172362 ns
[2025-05-19T05:41:26.400+0000][71][info ][safepoint   ] Safepoint "Cleanup", Time since last: 4001213950 ns, Reaching safepoint: 265137 ns, Cleanup: 17423 ns, At safepoint: 90211 ns, Total: 372771 ns
[2025-05-19T05:41:31.402+0000][71][info ][safepoint   ] Safepoint "Cleanup", Time since last: 5001184876 ns, Reaching safepoint: 33131 ns, Cleanup: 18895 ns, At safepoint: 90002 ns, Total: 142028 ns
[2025-05-19T05:41:33.403+0000][71][info ][safepoint   ] Safepoint "Cleanup", Time since last: 2000947660 ns, Reaching safepoint: 34082 ns, Cleanup: 21119 ns, At safepoint: 19789 ns, Total: 74990 ns
[2025-05-19T05:41:35.404+0000][71][info ][safepoint   ] Safepoint "Cleanup", Time since last: 2000759521 ns, Reaching safepoint: 18783 ns, Cleanup: 14663 ns, At safepoint: 7991 ns, Total: 41437 ns
[2025-05-19T05:41:37.404+0000][71][info ][safepoint   ] Safepoint "Cleanup", Time since last: 2000716260 ns, Reaching safepoint: 37319 ns, Cleanup: 18958 ns, At safepoint: 16638 ns, Total: 72915 ns
[2025-05-19T05:41:41.406+0000][71][info ][safepoint   ] Safepoint "Cleanup", Time since last: 4001351450 ns, Reaching safepoint: 108028 ns, Cleanup: 22579 ns, At safepoint: 10674 ns, Total: 141281 ns
[2025-05-19T05:41:48.955+0000][71][info ][safepoint   ] Safepoint "Cleanup", Time since last: 7549321974 ns, Reaching safepoint: 17413 ns, Cleanup: 21391 ns, At safepoint: 6365 ns, Total: 45169 ns
[2025-05-19T05:41:50.954+0000][71][info ][safepoint   ] Safepoint "Cleanup", Time since last: 2001044674 ns, Reaching safepoint: 30602 ns, Cleanup: 16206 ns, At safepoint: 12172 ns, Total: 58980 ns
[2025-05-19T05:41:55.956+0000][71][info ][safepoint   ] Safepoint "Cleanup", Time since last: 5001652573 ns, Reaching safepoint: 117610 ns, Cleanup: 15385 ns, At safepoint: 9234 ns, Total: 142229 ns
[2025-05-19T05:41:57.956+0000][71][info ][safepoint   ] Safepoint "Cleanup", Time since last: 2000809782 ns, Reaching safepoint: 34376 ns, Cleanup: 17897 ns, At safepoint: 15111 ns, Total: 67384 ns
[2025-05-19T05:42:00.958+0000][71][info ][safepoint   ] Safepoint "Cleanup", Time since last: 3000930087 ns, Reaching safepoint: 154811 ns, Cleanup: 21268 ns, At safepoint: 191485 ns, Total: 367564 ns
[2025-05-19T05:42:03.963+0000][71][info ][safepoint   ] Safepoint "Cleanup", Time since last: 3004750823 ns, Reaching safepoint: 31798 ns, Cleanup: 91042 ns, At safepoint: 9764 ns, Total: 132604 ns
[2025-05-19T05:42:05.158+0000][71][info ][safepoint   ] Safepoint "Cleanup", Time since last: 1195305002 ns, Reaching safepoint: 37644 ns, Cleanup: 218162 ns, At safepoint: 36129 ns, Total: 291935 ns
[2025-05-19T05:42:06.460+0000][71][info ][safepoint   ] Safepoint "Cleanup", Time since last: 1301766966 ns, Reaching safepoint: 23897 ns, Cleanup: 15910 ns, At safepoint: 9391 ns, Total: 49198 ns
[2025-05-19T05:42:08.461+0000][71][info ][safepoint   ] Safepoint "Cleanup", Time since last: 2000781387 ns, Reaching safepoint: 48659 ns, Cleanup: 16031 ns, At safepoint: 9721 ns, Total: 74411 ns
[2025-05-19T05:42:09.462+0000][71][info ][safepoint   ] Safepoint "Cleanup", Time since last: 1000755957 ns, Reaching safepoint: 22862 ns, Cleanup: 15285 ns, At safepoint: 10588 ns, Total: 48735 ns
[2025-05-19T05:42:11.463+0000][71][info ][safepoint   ] Safepoint "Cleanup", Time since last: 2000957747 ns, Reaching safepoint: 37141 ns, Cleanup: 20240 ns, At safepoint: 15963 ns, Total: 73344 ns
[2025-05-19T05:42:16.466+0000][71][info ][safepoint   ] Safepoint "Cleanup", Time since last: 5002871022 ns, Reaching safepoint: 30632 ns, Cleanup: 19105 ns, At safepoint: 9995 ns, Total: 59732 ns
[2025-05-19T05:42:25.464+0000][71][info ][safepoint   ] Safepoint "Cleanup", Time since last: 9001806747 ns, Reaching safepoint: 78828 ns, Cleanup: 18413 ns, At safepoint: 17744 ns, Total: 114985 ns
[2025-05-19T05:42:28.466+0000][71][info ][safepoint   ] Safepoint "Cleanup", Time since last: 3000936142 ns, Reaching safepoint: 31079 ns, Cleanup: 93191 ns, At safepoint: 24717 ns, Total: 148987 ns
[2025-05-19T05:42:33.625+0000][71][info ][safepoint   ] Safepoint "Cleanup", Time since last: 5159694225 ns, Reaching safepoint: 17651 ns, Cleanup: 22868 ns, At safepoint: 20821 ns, Total: 61340 ns
[2025-05-19T05:42:35.494+0000][71][info ][safepoint   ] Safepoint "Cleanup", Time since last: 1868959812 ns, Reaching safepoint: 35488 ns, Cleanup: 20016 ns, At safepoint: 16418 ns, Total: 71922 ns
[2025-05-19T05:42:36.609+0000][71][info ][safepoint   ] Safepoint "Cleanup", Time since last: 1114942148 ns, Reaching safepoint: 6627 ns, Cleanup: 8409 ns, At safepoint: 15044 ns, Total: 30080 ns
[2025-05-19T05:42:38.555+0000][71][info ][safepoint   ] Safepoint "Cleanup", Time since last: 1946084565 ns, Reaching safepoint: 28422 ns, Cleanup: 17335 ns, At safepoint: 10754 ns, Total: 56511 ns
[2025-05-19T05:42:39.556+0000][71][info ][safepoint   ] Safepoint "Cleanup", Time since last: 1000644164 ns, Reaching safepoint: 56945 ns, Cleanup: 16031 ns, At safepoint: 22555 ns, Total: 95531 ns
[2025-05-19T05:42:41.593+0000][71][info ][safepoint   ] Safepoint "Cleanup", Time since last: 2036135981 ns, Reaching safepoint: 133730 ns, Cleanup: 27515 ns, At safepoint: 25287 ns, Total: 186532 ns
[2025-05-19T05:42:42.594+0000][71][info ][safepoint   ] Safepoint "Cleanup", Time since last: 1001369628 ns, Reaching safepoint: 33355 ns, Cleanup: 23071 ns, At safepoint: 16832 ns, Total: 73258 ns
[2025-05-19T05:42:43.595+0000][71][info ][safepoint   ] Safepoint "Cleanup", Time since last: 1000610099 ns, Reaching safepoint: 27755 ns, Cleanup: 20923 ns, At safepoint: 10085 ns, Total: 58763 ns
[2025-05-19T05:42:45.595+0000][71][info ][safepoint   ] Safepoint "Cleanup", Time since last: 2000786295 ns, Reaching safepoint: 22345 ns, Cleanup: 18104 ns, At safepoint: 8013 ns, Total: 48462 ns
[2025-05-19T05:42:46.597+0000][71][info ][safepoint   ] Safepoint "Cleanup", Time since last: 1001577882 ns, Reaching safepoint: 40429 ns, Cleanup: 22655 ns, At safepoint: 18849 ns, Total: 81933 ns
[2025-05-19T05:42:51.102+0000][71][info ][safepoint   ] Safepoint "Cleanup", Time since last: 4508076142 ns, Reaching safepoint: 33347 ns, Cleanup: 18128 ns, At safepoint: 16928 ns, Total: 68403 ns
[2025-05-19T05:43:00.104+0000][71][info ][safepoint   ] Safepoint "Cleanup", Time since last: 9001813894 ns, Reaching safepoint: 295335 ns, Cleanup: 22751 ns, At safepoint: 19703 ns, Total: 337789 ns
[2025-05-19T05:43:01.106+0000][71][info ][safepoint   ] Safepoint "Cleanup", Time since last: 1001883094 ns, Reaching safepoint: 40811 ns, Cleanup: 27115 ns, At safepoint: 17172 ns, Total: 85098 ns
[2025-05-19T05:43:04.107+0000][71][info ][safepoint   ] Safepoint "Cleanup", Time since last: 3000962759 ns, Reaching safepoint: 36409 ns, Cleanup: 18316 ns, At safepoint: 16128 ns, Total: 70853 ns
[2025-05-19T05:43:05.726+0000][71][info ][safepoint   ] Safepoint "Cleanup", Time since last: 1618993771 ns, Reaching safepoint: 23707 ns, Cleanup: 13946 ns, At safepoint: 138022 ns, Total: 175675 ns
[2025-05-19T05:43:07.593+0000][71][info ][safepoint   ] Safepoint "Cleanup", Time since last: 1866855464 ns, Reaching safepoint: 33559 ns, Cleanup: 29174 ns, At safepoint: 15218 ns, Total: 77951 ns
[2025-05-19T05:43:08.675+0000][71][info ][safepoint   ] Safepoint "Cleanup", Time since last: 1082064073 ns, Reaching safepoint: 16059 ns, Cleanup: 136151 ns, At safepoint: 67302 ns, Total: 219512 ns
[2025-05-19T05:43:09.683+0000][71][info ][safepoint   ] Safepoint "Cleanup", Time since last: 1007443067 ns, Reaching safepoint: 75317 ns, Cleanup: 30092 ns, At safepoint: 30632 ns, Total: 136041 ns
[2025-05-19T05:43:10.684+0000][71][info ][safepoint   ] Safepoint "Cleanup", Time since last: 1000738564 ns, Reaching safepoint: 33286 ns, Cleanup: 15382 ns, At safepoint: 176414 ns, Total: 225082 ns
[2025-05-19T05:43:11.685+0000][71][info ][safepoint   ] Safepoint "Cleanup", Time since last: 1000658351 ns, Reaching safepoint: 25197 ns, Cleanup: 15385 ns, At safepoint: 10129 ns, Total: 50711 ns
[2025-05-19T05:43:15.686+0000][71][info ][safepoint   ] Safepoint "Cleanup", Time since last: 4001428363 ns, Reaching safepoint: 29784 ns, Cleanup: 17717 ns, At safepoint: 10365 ns, Total: 57866 ns
[2025-05-19T05:43:20.687+0000][71][info ][safepoint   ] Safepoint "Cleanup", Time since last: 5001303561 ns, Reaching safepoint: 26711 ns, Cleanup: 18899 ns, At safepoint: 9618 ns, Total: 55228 ns
[2025-05-19T05:43:21.688+0000][71][info ][safepoint   ] Safepoint "Cleanup", Time since last: 1000932927 ns, Reaching safepoint: 34202 ns, Cleanup: 43937 ns, At safepoint: 17560 ns, Total: 95699 ns
[2025-05-19T05:43:26.690+0000][71][info ][safepoint   ] Safepoint "Cleanup", Time since last: 5001539459 ns, Reaching safepoint: 75098 ns, Cleanup: 29898 ns, At safepoint: 15810 ns, Total: 120806 ns
[2025-05-19T05:43:27.842+0000][71][info ][safepoint   ] Safepoint "Cleanup", Time since last: 1000694901 ns, Reaching safepoint: 151843526 ns, Cleanup: 28778 ns, At safepoint: 248134 ns, Total: 152120438 ns
[2025-05-19T05:43:30.844+0000][71][info ][safepoint   ] Safepoint "Cleanup", Time since last: 3001117366 ns, Reaching safepoint: 28617 ns, Cleanup: 17276 ns, At safepoint: 11635 ns, Total: 57528 ns
[2025-05-19T05:43:36.845+0000][71][info ][safepoint   ] Safepoint "Cleanup", Time since last: 6001418708 ns, Reaching safepoint: 31931 ns, Cleanup: 19023 ns, At safepoint: 11864 ns, Total: 62818 ns
[2025-05-19T05:43:41.847+0000][71][info ][safepoint   ] Safepoint "Cleanup", Time since last: 5001442191 ns, Reaching safepoint: 61183 ns, Cleanup: 19755 ns, At safepoint: 15088 ns, Total: 96026 ns
[2025-05-19T05:43:46.848+0000][71][info ][safepoint   ] Safepoint "Cleanup", Time since last: 5001267105 ns, Reaching safepoint: 30663 ns, Cleanup: 16269 ns, At safepoint: 10784 ns, Total: 57716 ns
[2025-05-19T05:43:50.136+0000][71][info ][safepoint   ] Safepoint "Cleanup", Time since last: 3290807741 ns, Reaching safepoint: 49501 ns, Cleanup: 17392 ns, At safepoint: 12830 ns, Total: 79723 ns
[2025-05-19T05:43:52.137+0000][71][info ][safepoint   ] Safepoint "Cleanup", Time since last: 2000760383 ns, Reaching safepoint: 35358 ns, Cleanup: 21251 ns, At safepoint: 16835 ns, Total: 73444 ns
[2025-05-19T05:44:00.139+0000][71][info ][safepoint   ] Safepoint "Cleanup", Time since last: 8001886172 ns, Reaching safepoint: 60352 ns, Cleanup: 15353 ns, At safepoint: 11085 ns, Total: 86790 ns
[2025-05-19T05:44:01.139+0000][71][info ][safepoint   ] Safepoint "Cleanup", Time since last: 1000704746 ns, Reaching safepoint: 28993 ns, Cleanup: 22541 ns, At safepoint: 11164 ns, Total: 62698 ns
[2025-05-19T05:44:06.141+0000][71][info ][safepoint   ] Safepoint "Cleanup", Time since last: 5001329360 ns, Reaching safepoint: 33676 ns, Cleanup: 17872 ns, At safepoint: 15652 ns, Total: 67200 ns
[2025-05-19T05:44:09.560+0000][71][info ][safepoint   ] Safepoint "Cleanup", Time since last: 3419166399 ns, Reaching safepoint: 17552 ns, Cleanup: 15157 ns, At safepoint: 38273 ns, Total: 70982 ns
[2025-05-19T05:44:10.910+0000][71][info ][safepoint   ] Safepoint "Cleanup", Time since last: 1349726935 ns, Reaching safepoint: 110870 ns, Cleanup: 49075 ns, At safepoint: 18066 ns, Total: 178011 ns
[2025-05-19T05:44:16.911+0000][71][info ][safepoint   ] Safepoint "Cleanup", Time since last: 6001458216 ns, Reaching safepoint: 69352 ns, Cleanup: 18571 ns, At safepoint: 11815 ns, Total: 99738 ns
[2025-05-19T05:44:18.913+0000][71][info ][safepoint   ] Safepoint "Cleanup", Time since last: 2001138552 ns, Reaching safepoint: 34247 ns, Cleanup: 21653 ns, At safepoint: 17307 ns, Total: 73207 ns
[2025-05-19T05:44:20.911+0000][71][info ][safepoint   ] Safepoint "Cleanup", Time since last: 2000954336 ns, Reaching safepoint: 34964 ns, Cleanup: 23471 ns, At safepoint: 16182 ns, Total: 74617 ns
[2025-05-19T05:44:29.913+0000][71][info ][safepoint   ] Safepoint "Cleanup", Time since last: 9001936071 ns, Reaching safepoint: 58280 ns, Cleanup: 17611 ns, At safepoint: 13022 ns, Total: 88913 ns
[2025-05-19T05:44:38.916+0000][71][info ][safepoint   ] Safepoint "Cleanup", Time since last: 9002191103 ns, Reaching safepoint: 36389 ns, Cleanup: 19473 ns, At safepoint: 16748 ns, Total: 72610 ns
[2025-05-19T05:44:39.918+0000][71][info ][safepoint   ] Safepoint "Cleanup", Time since last: 1001682478 ns, Reaching safepoint: 36555 ns, Cleanup: 29030 ns, At safepoint: 16038 ns, Total: 81623 ns
[2025-05-19T05:44:41.918+0000][71][info ][safepoint   ] Safepoint "Cleanup", Time since last: 2000892788 ns, Reaching safepoint: 50211 ns, Cleanup: 15788 ns, At safepoint: 10466 ns, Total: 76465 ns
[2025-05-19T05:44:42.919+0000][71][info ][safepoint   ] Safepoint "Cleanup", Time since last: 1000732007 ns, Reaching safepoint: 34581 ns, Cleanup: 17331 ns, At safepoint: 16281 ns, Total: 68193 ns
[2025-05-19T05:44:45.920+0000][71][info ][safepoint   ] Safepoint "Cleanup", Time since last: 3000863901 ns, Reaching safepoint: 74486 ns, Cleanup: 19250 ns, At safepoint: 126890 ns, Total: 220626 ns
[2025-05-19T05:44:48.922+0000][71][info ][safepoint   ] Safepoint "Cleanup", Time since last: 3001493588 ns, Reaching safepoint: 34297 ns, Cleanup: 20637 ns, At safepoint: 16027 ns, Total: 70961 ns
[2025-05-19T05:44:50.169+0000][71][info ][safepoint   ] Safepoint "Cleanup", Time since last: 1248889989 ns, Reaching safepoint: 32137 ns, Cleanup: 17976 ns, At safepoint: 14871 ns, Total: 64984 ns
[2025-05-19T05:45:00.171+0000][71][info ][safepoint   ] Safepoint "Cleanup", Time since last: 10002478172 ns, Reaching safepoint: 78121 ns, Cleanup: 19415 ns, At safepoint: 18041 ns, Total: 115577 ns
[2025-05-19T05:45:04.173+0000][71][info ][safepoint   ] Safepoint "Cleanup", Time since last: 4001327569 ns, Reaching safepoint: 33220 ns, Cleanup: 20322 ns, At safepoint: 15335 ns, Total: 68877 ns
[2025-05-19T05:45:06.174+0000][71][info ][safepoint   ] Safepoint "Cleanup", Time since last: 2000873379 ns, Reaching safepoint: 35592 ns, Cleanup: 20789 ns, At safepoint: 10495 ns, Total: 66876 ns
[2025-05-19T05:45:11.175+0000][71][info ][safepoint   ] Safepoint "Cleanup", Time since last: 5001441153 ns, Reaching safepoint: 28272 ns, Cleanup: 17875 ns, At safepoint: 9838 ns, Total: 55985 ns
[2025-05-19T05:45:12.556+0000][71][info ][safepoint   ] Safepoint "Cleanup", Time since last: 1380538190 ns, Reaching safepoint: 17101 ns, Cleanup: 20128 ns, At safepoint: 87240 ns, Total: 124469 ns
[2025-05-19T05:45:13.986+0000][71][info ][safepoint   ] Safepoint "Cleanup", Time since last: 1430092928 ns, Reaching safepoint: 27102 ns, Cleanup: 37840 ns, At safepoint: 10081 ns, Total: 75023 ns
[2025-05-19T05:45:20.980+0000][71][info ][safepoint   ] Safepoint "Cleanup", Time since last: 7002040986 ns, Reaching safepoint: 33528 ns, Cleanup: 26594 ns, At safepoint: 14654 ns, Total: 74776 ns
[2025-05-19T05:45:21.981+0000][71][info ][safepoint   ] Safepoint "Cleanup", Time since last: 1000712027 ns, Reaching safepoint: 28700 ns, Cleanup: 16915 ns, At safepoint: 9389 ns, Total: 55004 ns
[2025-05-19T05:45:38.984+0000][71][info ][safepoint   ] Safepoint "Cleanup", Time since last: 17003108289 ns, Reaching safepoint: 167214 ns, Cleanup: 24539 ns, At safepoint: 15561 ns, Total: 207314 ns
[2025-05-19T05:45:40.985+0000][71][info ][safepoint   ] Safepoint "Cleanup", Time since last: 2000737682 ns, Reaching safepoint: 81156 ns, Cleanup: 17660 ns, At safepoint: 9786 ns, Total: 108602 ns
[2025-05-19T05:45:42.986+0000][71][info ][safepoint   ] Safepoint "Cleanup", Time since last: 2000748104 ns, Reaching safepoint: 31362 ns, Cleanup: 16601 ns, At safepoint: 15695 ns, Total: 63658 ns
[2025-05-19T05:45:45.987+0000][71][info ][safepoint   ] Safepoint "Cleanup", Time since last: 3000902204 ns, Reaching safepoint: 70864 ns, Cleanup: 20267 ns, At safepoint: 13515 ns, Total: 104646 ns
[2025-05-19T05:45:51.204+0000][71][info ][safepoint   ] Safepoint "Cleanup", Time since last: 5213554473 ns, Reaching safepoint: 34958 ns, Cleanup: 25655 ns, At safepoint: 16306 ns, Total: 76919 ns
[2025-05-19T05:46:00.206+0000][71][info ][safepoint   ] Safepoint "Cleanup", Time since last: 9002123077 ns, Reaching safepoint: 73063 ns, Cleanup: 23077 ns, At safepoint: 11775 ns, Total: 107915 ns
[2025-05-19T05:46:01.207+0000][71][info ][safepoint   ] Safepoint "Cleanup", Time since last: 1001041737 ns, Reaching safepoint: 28989 ns, Cleanup: 18512 ns, At safepoint: 44186 ns, Total: 91687 ns
[2025-05-19T05:46:04.208+0000][71][info ][safepoint   ] Safepoint "Cleanup", Time since last: 3000941714 ns, Reaching safepoint: 269041 ns, Cleanup: 19759 ns, At safepoint: 20076 ns, Total: 308876 ns
[2025-05-19T05:46:08.209+0000][71][info ][safepoint   ] Safepoint "Cleanup", Time since last: 4001124673 ns, Reaching safepoint: 29491 ns, Cleanup: 18532 ns, At safepoint: 11447 ns, Total: 59470 ns
[2025-05-19T05:46:10.211+0000][71][info ][safepoint   ] Safepoint "Cleanup", Time since last: 2001216209 ns, Reaching safepoint: 32617 ns, Cleanup: 47984 ns, At safepoint: 18449 ns, Total: 99050 ns
[2025-05-19T05:46:15.582+0000][71][info ][safepoint   ] Safepoint "Cleanup", Time since last: 5371514811 ns, Reaching safepoint: 18648 ns, Cleanup: 14654 ns, At safepoint: 51245 ns, Total: 84547 ns
[2025-05-19T05:46:17.246+0000][71][info ][safepoint   ] Safepoint "Cleanup", Time since last: 1664128828 ns, Reaching safepoint: 22308 ns, Cleanup: 23561 ns, At safepoint: 9855 ns, Total: 55724 ns
[2025-05-19T05:46:19.244+0000][71][info ][safepoint   ] Safepoint "Cleanup", Time since last: 2000835873 ns, Reaching safepoint: 36258 ns, Cleanup: 20942 ns, At safepoint: 19825 ns, Total: 77025 ns
[2025-05-19T05:46:21.246+0000][71][info ][safepoint   ] Safepoint "Cleanup", Time since last: 2001262174 ns, Reaching safepoint: 31535 ns, Cleanup: 30102 ns, At safepoint: 16156 ns, Total: 77793 ns
[2025-05-19T05:46:22.247+0000][71][info ][safepoint   ] Safepoint "Cleanup", Time since last: 1000720012 ns, Reaching safepoint: 32889 ns, Cleanup: 25838 ns, At safepoint: 16212 ns, Total: 74939 ns
[2025-05-19T05:46:27.248+0000][71][info ][safepoint   ] Safepoint "Cleanup", Time since last: 5001158502 ns, Reaching safepoint: 24845 ns, Cleanup: 14117 ns, At safepoint: 8840 ns, Total: 47802 ns
[2025-05-19T05:46:35.249+0000][71][info ][safepoint   ] Safepoint "Cleanup", Time since last: 8001393667 ns, Reaching safepoint: 26684 ns, Cleanup: 27591 ns, At safepoint: 9094 ns, Total: 63369 ns
[2025-05-19T05:46:36.251+0000][71][info ][safepoint   ] Safepoint "Cleanup", Time since last: 1001506925 ns, Reaching safepoint: 30617 ns, Cleanup: 18501 ns, At safepoint: 10899 ns, Total: 60017 ns
[2025-05-19T05:46:41.252+0000][71][info ][safepoint   ] Safepoint "Cleanup", Time since last: 5001159332 ns, Reaching safepoint: 20904 ns, Cleanup: 16121 ns, At safepoint: 9220 ns, Total: 46245 ns
[2025-05-19T05:46:45.255+0000][71][info ][safepoint   ] Safepoint "Cleanup", Time since last: 4002601774 ns, Reaching safepoint: 87388 ns, Cleanup: 21735 ns, At safepoint: 39353 ns, Total: 148476 ns
[2025-05-19T05:46:51.235+0000][71][info ][safepoint   ] Safepoint "Cleanup", Time since last: 5982576422 ns, Reaching safepoint: 33590 ns, Cleanup: 21547 ns, At safepoint: 18827 ns, Total: 73964 ns
[2025-05-19T05:47:01.238+0000][71][info ][safepoint   ] Safepoint "Cleanup", Time since last: 10002202946 ns, Reaching safepoint: 67650 ns, Cleanup: 19504 ns, At safepoint: 11923 ns, Total: 99077 ns
[2025-05-19T05:47:07.239+0000][71][info ][safepoint   ] Safepoint "Cleanup", Time since last: 6001411061 ns, Reaching safepoint: 26173 ns, Cleanup: 15479 ns, At safepoint: 41802 ns, Total: 83454 ns
[2025-05-19T05:47:11.240+0000][71][info ][safepoint   ] Safepoint "Cleanup", Time since last: 4001279229 ns, Reaching safepoint: 27245 ns, Cleanup: 16614 ns, At safepoint: 10281 ns, Total: 54140 ns
[2025-05-19T05:47:13.241+0000][71][info ][safepoint   ] Safepoint "Cleanup", Time since last: 2000723175 ns, Reaching safepoint: 20093 ns, Cleanup: 13703 ns, At safepoint: 8664 ns, Total: 42460 ns
[2025-05-19T05:47:18.561+0000][71][info ][safepoint   ] Safepoint "Cleanup", Time since last: 5319412162 ns, Reaching safepoint: 7235 ns, Cleanup: 7940 ns, At safepoint: 26974 ns, Total: 42149 ns
[2025-05-19T05:47:20.310+0000][71][info ][safepoint   ] Safepoint "Cleanup", Time since last: 1751374350 ns, Reaching safepoint: 29958 ns, Cleanup: 22912 ns, At safepoint: 10295 ns, Total: 63165 ns
[2025-05-19T05:47:21.310+0000][71][info ][safepoint   ] Safepoint "Cleanup", Time since last: 1000659043 ns, Reaching safepoint: 37326 ns, Cleanup: 31571 ns, At safepoint: 78392 ns, Total: 147289 ns
[2025-05-19T05:47:31.313+0000][71][info ][safepoint   ] Safepoint "Cleanup", Time since last: 10002069986 ns, Reaching safepoint: 58896 ns, Cleanup: 21331 ns, At safepoint: 15427 ns, Total: 95654 ns
[2025-05-19T05:47:36.549+0000][71][info ][safepoint   ] Safepoint "Cleanup", Time since last: 5236269481 ns, Reaching safepoint: 18675 ns, Cleanup: 24722 ns, At safepoint: 99998 ns, Total: 143395 ns
[2025-05-19T05:47:38.349+0000][71][info ][safepoint   ] Safepoint "Cleanup", Time since last: 1799910986 ns, Reaching safepoint: 24514 ns, Cleanup: 19384 ns, At safepoint: 8847 ns, Total: 52745 ns
[2025-05-19T05:47:39.559+0000][71][info ][safepoint   ] Safepoint "Cleanup", Time since last: 1209879081 ns, Reaching safepoint: 14697 ns, Cleanup: 17287 ns, At safepoint: 82158 ns, Total: 114142 ns
[2025-05-19T05:47:41.395+0000][71][info ][safepoint   ] Safepoint "Cleanup", Time since last: 1835624787 ns, Reaching safepoint: 32112 ns, Cleanup: 23282 ns, At safepoint: 15521 ns, Total: 70915 ns
[2025-05-19T05:47:42.436+0000][71][info ][safepoint   ] Safepoint "Cleanup", Time since last: 1041646901 ns, Reaching safepoint: 33869 ns, Cleanup: 22435 ns, At safepoint: 15136 ns, Total: 71440 ns
[2025-05-19T05:47:46.438+0000][71][info ][safepoint   ] Safepoint "Cleanup", Time since last: 4001578708 ns, Reaching safepoint: 48158 ns, Cleanup: 13679 ns, At safepoint: 9088 ns, Total: 70925 ns
[2025-05-19T05:47:51.269+0000][71][info ][safepoint   ] Safepoint "Cleanup", Time since last: 4832934175 ns, Reaching safepoint: 39615 ns, Cleanup: 22284 ns, At safepoint: 119079 ns, Total: 180978 ns
[2025-05-19T05:48:11.300+0000][71][info ][safepoint   ] Safepoint "Cleanup", Time since last: 20030610374 ns, Reaching safepoint: 39427 ns, Cleanup: 17275 ns, At safepoint: 9073 ns, Total: 65775 ns
[2025-05-19T05:48:13.301+0000][71][info ][safepoint   ] Safepoint "Cleanup", Time since last: 2000906269 ns, Reaching safepoint: 31391 ns, Cleanup: 14775 ns, At safepoint: 136669 ns, Total: 182835 ns
[2025-05-19T05:48:19.300+0000][71][info ][safepoint   ] Safepoint "Cleanup", Time since last: 6002257785 ns, Reaching safepoint: 80647 ns, Cleanup: 18410 ns, At safepoint: 17828 ns, Total: 116885 ns
[2025-05-19T05:48:21.302+0000][71][info ][safepoint   ] Safepoint "Cleanup", Time since last: 2001205060 ns, Reaching safepoint: 35061 ns, Cleanup: 23871 ns, At safepoint: 77929 ns, Total: 136861 ns
[2025-05-19T05:48:22.477+0000][71][info ][safepoint   ] Safepoint "Cleanup", Time since last: 1174932167 ns, Reaching safepoint: 16296 ns, Cleanup: 36076 ns, At safepoint: 71007 ns, Total: 123379 ns
[2025-05-19T05:48:23.515+0000][71][info ][safepoint   ] Safepoint "Cleanup", Time since last: 1038364580 ns, Reaching safepoint: 35977 ns, Cleanup: 19932 ns, At safepoint: 13370 ns, Total: 69279 ns
[2025-05-19T05:48:24.516+0000][71][info ][safepoint   ] Safepoint "Cleanup", Time since last: 1000602236 ns, Reaching safepoint: 26218 ns, Cleanup: 13482 ns, At safepoint: 10012 ns, Total: 49712 ns
[2025-05-19T05:48:30.518+0000][71][info ][safepoint   ] Safepoint "Cleanup", Time since last: 6001552830 ns, Reaching safepoint: 31059 ns, Cleanup: 17021 ns, At safepoint: 15515 ns, Total: 63595 ns
[2025-05-19T05:48:34.519+0000][71][info ][safepoint   ] Safepoint "Cleanup", Time since last: 4000922836 ns, Reaching safepoint: 71632 ns, Cleanup: 13814 ns, At safepoint: 7781 ns, Total: 93227 ns
[2025-05-19T05:48:35.519+0000][71][info ][safepoint   ] Safepoint "Cleanup", Time since last: 1000589190 ns, Reaching safepoint: 34524 ns, Cleanup: 88879 ns, At safepoint: 21786 ns, Total: 145189 ns
[2025-05-19T05:48:36.520+0000][71][info ][safepoint   ] Safepoint "Cleanup", Time since last: 1000582481 ns, Reaching safepoint: 33375 ns, Cleanup: 17504 ns, At safepoint: 17182 ns, Total: 68061 ns
[2025-05-19T05:48:56.302+0000][71][info ][safepoint   ] Safepoint "Cleanup", Time since last: 19784715096 ns, Reaching safepoint: 37711 ns, Cleanup: 17724 ns, At safepoint: 16928 ns, Total: 72363 ns
[2025-05-19T05:48:58.303+0000][71][info ][safepoint   ] Safepoint "Cleanup", Time since last: 2000765567 ns, Reaching safepoint: 34674 ns, Cleanup: 16797 ns, At safepoint: 15432 ns, Total: 66903 ns
[2025-05-19T05:49:03.305+0000][71][info ][safepoint   ] Safepoint "Cleanup", Time since last: 5001594214 ns, Reaching safepoint: 62751 ns, Cleanup: 52974 ns, At safepoint: 15157 ns, Total: 130882 ns
[2025-05-19T05:49:06.306+0000][71][info ][safepoint   ] Safepoint "Cleanup", Time since last: 3000964389 ns, Reaching safepoint: 40376 ns, Cleanup: 20166 ns, At safepoint: 18400 ns, Total: 78942 ns
[2025-05-19T05:49:11.307+0000][71][info ][safepoint   ] Safepoint "Cleanup", Time since last: 5001444580 ns, Reaching safepoint: 32561 ns, Cleanup: 16815 ns, At safepoint: 14785 ns, Total: 64161 ns
[2025-05-19T05:49:21.307+0000][71][info ][safepoint   ] Safepoint "Cleanup", Time since last: 10002250596 ns, Reaching safepoint: 71990 ns, Cleanup: 22047 ns, At safepoint: 12351 ns, Total: 106388 ns
[2025-05-19T05:49:25.590+0000][71][info ][safepoint   ] Safepoint "Cleanup", Time since last: 4282110056 ns, Reaching safepoint: 146563 ns, Cleanup: 17559 ns, At safepoint: 109638 ns, Total: 273760 ns
[2025-05-19T05:49:38.632+0000][71][info ][safepoint   ] Safepoint "Cleanup", Time since last: 13042002340 ns, Reaching safepoint: 53477 ns, Cleanup: 23121 ns, At safepoint: 9046 ns, Total: 85644 ns
[2025-05-19T05:49:51.334+0000][71][info ][safepoint   ] Safepoint "Cleanup", Time since last: 12703672564 ns, Reaching safepoint: 36751 ns, Cleanup: 21029 ns, At safepoint: 16082 ns, Total: 73862 ns
[2025-05-19T05:49:55.335+0000][71][info ][safepoint   ] Safepoint "Cleanup", Time since last: 4000954098 ns, Reaching safepoint: 31233 ns, Cleanup: 16792 ns, At safepoint: 10249 ns, Total: 58274 ns
[2025-05-19T05:50:07.338+0000][71][info ][safepoint   ] Safepoint "Cleanup", Time since last: 12002839399 ns, Reaching safepoint: 92458 ns, Cleanup: 23075 ns, At safepoint: 20967 ns, Total: 136500 ns
[2025-05-19T05:50:08.338+0000][71][info ][safepoint   ] Safepoint "Cleanup", Time since last: 1000723575 ns, Reaching safepoint: 36702 ns, Cleanup: 18573 ns, At safepoint: 16148 ns, Total: 71423 ns
[2025-05-19T05:50:21.338+0000][71][info ][safepoint   ] Safepoint "Cleanup", Time since last: 13002637673 ns, Reaching safepoint: 80418 ns, Cleanup: 23576 ns, At safepoint: 19575 ns, Total: 123569 ns
[2025-05-19T05:50:22.339+0000][71][info ][safepoint   ] Safepoint "Cleanup", Time since last: 1000561506 ns, Reaching safepoint: 26761 ns, Cleanup: 16457 ns, At safepoint: 10560 ns, Total: 53778 ns
[2025-05-19T05:50:26.340+0000][71][info ][safepoint   ] Safepoint "Cleanup", Time since last: 4001294197 ns, Reaching safepoint: 30589 ns, Cleanup: 17139 ns, At safepoint: 11312 ns, Total: 59040 ns
[2025-05-19T05:50:28.614+0000][71][info ][safepoint   ] Safepoint "Cleanup", Time since last: 2273378867 ns, Reaching safepoint: 34253 ns, Cleanup: 22189 ns, At safepoint: 17600 ns, Total: 74042 ns
[2025-05-19T05:50:29.690+0000][71][info ][safepoint   ] Safepoint "Cleanup", Time since last: 1075771626 ns, Reaching safepoint: 33835 ns, Cleanup: 17164 ns, At safepoint: 14933 ns, Total: 65932 ns
[2025-05-19T05:50:30.690+0000][71][info ][safepoint   ] Safepoint "Cleanup", Time since last: 1000767999 ns, Reaching safepoint: 21504 ns, Cleanup: 15482 ns, At safepoint: 8771 ns, Total: 45757 ns
[2025-05-19T05:50:30.892+0000][71][info ][gc,start    ] GC(14) Pause Young (Normal) (G1 Evacuation Pause)
[2025-05-19T05:50:30.897+0000][71][info ][gc,task     ] GC(14) Using 10 workers of 10 for evacuation
[2025-05-19T05:50:30.898+0000][71][debug][gc,age      ] GC(14) Desired survivor size 81788928 bytes, new threshold 15 (max threshold 15)
[2025-05-19T05:50:31.029+0000][71][info ][gc,phases   ] GC(14)   Pre Evacuate Collection Set: 15.22ms
[2025-05-19T05:50:31.031+0000][71][info ][gc,phases   ] GC(14)   Merge Heap Roots: 5.36ms
[2025-05-19T05:50:31.031+0000][71][info ][gc,phases   ] GC(14)   Evacuate Collection Set: 91.00ms
[2025-05-19T05:50:31.031+0000][71][info ][gc,phases   ] GC(14)   Post Evacuate Collection Set: 16.37ms
[2025-05-19T05:50:31.032+0000][71][info ][gc,phases   ] GC(14)   Other: 5.68ms
[2025-05-19T05:50:31.032+0000][71][trace][gc,age      ] GC(14) Age table with threshold 15 (max threshold 15)
[2025-05-19T05:50:31.032+0000][71][trace][gc,age      ] GC(14) - age   1:    3739456 bytes,    3739456 total
[2025-05-19T05:50:31.032+0000][71][trace][gc,age      ] GC(14) - age   2:      69880 bytes,    3809336 total
[2025-05-19T05:50:31.033+0000][71][info ][gc,heap     ] GC(14) Eden regions: 307->0(167)
[2025-05-19T05:50:31.033+0000][71][info ][gc,heap     ] GC(14) Survivor regions: 4->2(39)
[2025-05-19T05:50:31.033+0000][71][info ][gc,heap     ] GC(14) Old regions: 30->30
[2025-05-19T05:50:31.034+0000][71][info ][gc,heap     ] GC(14) Humongous regions: 0->0
[2025-05-19T05:50:31.034+0000][71][info ][gc,metaspace] GC(14) Metaspace: 146533K(150528K)->146533K(150528K) NonClass: 126494K(128640K)->126494K(128640K) Class: 20038K(21888K)->20038K(21888K)
[2025-05-19T05:50:31.035+0000][71][info ][gc          ] GC(14) Pause Young (Normal) (G1 Evacuation Pause) 1359M->123M(3880M) 142.980ms
[2025-05-19T05:50:31.036+0000][71][info ][gc,cpu      ] GC(14) User=1.05s Sys=0.00s Real=0.14s
[2025-05-19T05:50:31.036+0000][71][info ][safepoint   ] Safepoint "G1CollectForAllocation", Time since last: 199716826 ns, Reaching safepoint: 19518 ns, Cleanup: 5488 ns, At safepoint: 145873339 ns, Total: 145898345 ns
[2025-05-19T05:50:32.037+0000][71][info ][safepoint   ] Safepoint "Cleanup", Time since last: 1000920894 ns, Reaching safepoint: 33478 ns, Cleanup: 16817 ns, At safepoint: 17281 ns, Total: 67576 ns
[2025-05-19T05:50:41.039+0000][71][info ][safepoint   ] Safepoint "Cleanup", Time since last: 9001806443 ns, Reaching safepoint: 161628 ns, Cleanup: 17297 ns, At safepoint: 16315 ns, Total: 195240 ns
[2025-05-19T05:50:46.040+0000][71][info ][safepoint   ] Safepoint "Cleanup", Time since last: 5001261004 ns, Reaching safepoint: 34677 ns, Cleanup: 17190 ns, At safepoint: 17059 ns, Total: 68926 ns
[2025-05-19T05:50:52.367+0000][71][info ][safepoint   ] Safepoint "Cleanup", Time since last: 6328512333 ns, Reaching safepoint: 159192 ns, Cleanup: 19878 ns, At safepoint: 18157 ns, Total: 197227 ns
[2025-05-19T05:50:53.367+0000][71][info ][safepoint   ] Safepoint "Cleanup", Time since last: 1000724729 ns, Reaching safepoint: 32158 ns, Cleanup: 18202 ns, At safepoint: 15112 ns, Total: 65472 ns
[2025-05-19T05:51:01.369+0000][71][info ][safepoint   ] Safepoint "Cleanup", Time since last: 8001753725 ns, Reaching safepoint: 22164 ns, Cleanup: 17589 ns, At safepoint: 9058 ns, Total: 48811 ns
[2025-05-19T05:51:04.370+0000][71][info ][safepoint   ] Safepoint "Cleanup", Time since last: 3000973670 ns, Reaching safepoint: 32900 ns, Cleanup: 20103 ns, At safepoint: 18311 ns, Total: 71314 ns
[2025-05-19T05:51:05.371+0000][71][info ][safepoint   ] Safepoint "Cleanup", Time since last: 1000816531 ns, Reaching safepoint: 28047 ns, Cleanup: 17468 ns, At safepoint: 9508 ns, Total: 55023 ns
[2025-05-19T05:51:06.372+0000][71][info ][safepoint   ] Safepoint "Cleanup", Time since last: 1000571931 ns, Reaching safepoint: 67082 ns, Cleanup: 20133 ns, At safepoint: 16025 ns, Total: 103240 ns
[2025-05-19T05:51:10.373+0000][71][info ][safepoint   ] Safepoint "Cleanup", Time since last: 4001263695 ns, Reaching safepoint: 36488 ns, Cleanup: 20768 ns, At safepoint: 17259 ns, Total: 74515 ns
[2025-05-19T05:51:11.374+0000][71][info ][safepoint   ] Safepoint "Cleanup", Time since last: 1000596097 ns, Reaching safepoint: 28371 ns, Cleanup: 17736 ns, At safepoint: 10842 ns, Total: 56949 ns
[2025-05-19T05:51:26.375+0000][71][info ][safepoint   ] Safepoint "Cleanup", Time since last: 15003131309 ns, Reaching safepoint: 82266 ns, Cleanup: 16883 ns, At safepoint: 9405 ns, Total: 108554 ns
[2025-05-19T05:51:28.376+0000][71][info ][safepoint   ] Safepoint "Cleanup", Time since last: 2000890764 ns, Reaching safepoint: 35643 ns, Cleanup: 16637 ns, At safepoint: 11447 ns, Total: 63727 ns
[2025-05-19T05:51:29.377+0000][71][info ][safepoint   ] Safepoint "Cleanup", Time since last: 1000806612 ns, Reaching safepoint: 20120 ns, Cleanup: 14318 ns, At safepoint: 9714 ns, Total: 44152 ns
[2025-05-19T05:51:30.547+0000][71][info ][safepoint   ] Safepoint "Cleanup", Time since last: 1170013917 ns, Reaching safepoint: 138097 ns, Cleanup: 12550 ns, At safepoint: 61968 ns, Total: 212615 ns
[2025-05-19T05:51:31.746+0000][71][info ][safepoint   ] Safepoint "Cleanup", Time since last: 1199271317 ns, Reaching safepoint: 34545 ns, Cleanup: 24876 ns, At safepoint: 18014 ns, Total: 77435 ns
[2025-05-19T05:51:32.771+0000][71][info ][safepoint   ] Safepoint "Cleanup", Time since last: 1024516865 ns, Reaching safepoint: 34199 ns, Cleanup: 22980 ns, At safepoint: 17085 ns, Total: 74264 ns
[2025-05-19T05:51:34.772+0000][71][info ][safepoint   ] Safepoint "Cleanup", Time since last: 2000912320 ns, Reaching safepoint: 30899 ns, Cleanup: 18765 ns, At safepoint: 12291 ns, Total: 61955 ns
[2025-05-19T05:51:40.773+0000][71][info ][safepoint   ] Safepoint "Cleanup", Time since last: 6001422007 ns, Reaching safepoint: 78613 ns, Cleanup: 23456 ns, At safepoint: 30416 ns, Total: 132485 ns
[2025-05-19T05:51:56.402+0000][71][info ][safepoint   ] Safepoint "Cleanup", Time since last: 15630888217 ns, Reaching safepoint: 88159 ns, Cleanup: 25743 ns, At safepoint: 18386 ns, Total: 132288 ns
[2025-05-19T05:52:04.404+0000][71][info ][safepoint   ] Safepoint "Cleanup", Time since last: 8001912989 ns, Reaching safepoint: 38541 ns, Cleanup: 21334 ns, At safepoint: 17847 ns, Total: 77722 ns
[2025-05-19T05:52:05.404+0000][71][info ][safepoint   ] Safepoint "Cleanup", Time since last: 1000735692 ns, Reaching safepoint: 40350 ns, Cleanup: 22873 ns, At safepoint: 17412 ns, Total: 80635 ns
[2025-05-19T05:52:06.405+0000][71][info ][safepoint   ] Safepoint "Cleanup", Time since last: 1000856996 ns, Reaching safepoint: 33581 ns, Cleanup: 21271 ns, At safepoint: 15287 ns, Total: 70139 ns
[2025-05-19T05:52:07.406+0000][71][info ][safepoint   ] Safepoint "Cleanup", Time since last: 1000663734 ns, Reaching safepoint: 78448 ns, Cleanup: 20192 ns, At safepoint: 35772 ns, Total: 134412 ns
[2025-05-19T05:52:16.408+0000][71][info ][safepoint   ] Safepoint "Cleanup", Time since last: 9002048765 ns, Reaching safepoint: 25563 ns, Cleanup: 16714 ns, At safepoint: 10291 ns, Total: 52568 ns
[2025-05-19T05:52:21.407+0000][71][info ][safepoint   ] Safepoint "Cleanup", Time since last: 5001362343 ns, Reaching safepoint: 34386 ns, Cleanup: 23395 ns, At safepoint: 16044 ns, Total: 73825 ns
[2025-05-19T05:52:33.559+0000][71][info ][safepoint   ] Safepoint "Cleanup", Time since last: 12150675857 ns, Reaching safepoint: 838566 ns, Cleanup: 25749 ns, At safepoint: 178783 ns, Total: 1043098 ns
[2025-05-19T05:52:34.861+0000][71][info ][safepoint   ] Safepoint "Cleanup", Time since last: 1302132368 ns, Reaching safepoint: 34365 ns, Cleanup: 25703 ns, At safepoint: 17884 ns, Total: 77952 ns
[2025-05-19T05:52:36.862+0000][71][info ][safepoint   ] Safepoint "Cleanup", Time since last: 2000872324 ns, Reaching safepoint: 40638 ns, Cleanup: 17853 ns, At safepoint: 19684 ns, Total: 78175 ns
[2025-05-19T05:52:39.871+0000][71][info ][safepoint   ] Safepoint "Cleanup", Time since last: 3008545718 ns, Reaching safepoint: 32926 ns, Cleanup: 10434 ns, At safepoint: 20461 ns, Total: 63821 ns
[2025-05-19T05:52:44.943+0000][71][info ][safepoint   ] Safepoint "Cleanup", Time since last: 5072057841 ns, Reaching safepoint: 34413 ns, Cleanup: 24223 ns, At safepoint: 16928 ns, Total: 75564 ns
[2025-05-19T05:52:52.435+0000][71][info ][safepoint   ] Safepoint "Cleanup", Time since last: 7494311648 ns, Reaching safepoint: 25856 ns, Cleanup: 16763 ns, At safepoint: 11627 ns, Total: 54246 ns
[2025-05-19T05:53:00.437+0000][71][info ][safepoint   ] Safepoint "Cleanup", Time since last: 8001632313 ns, Reaching safepoint: 38444 ns, Cleanup: 23399 ns, At safepoint: 19874 ns, Total: 81717 ns
[2025-05-19T05:53:01.438+0000][71][info ][safepoint   ] Safepoint "Cleanup", Time since last: 1000737755 ns, Reaching safepoint: 32488 ns, Cleanup: 16788 ns, At safepoint: 12061 ns, Total: 61337 ns
[2025-05-19T05:53:03.439+0000][71][info ][safepoint   ] Safepoint "Cleanup", Time since last: 2000776038 ns, Reaching safepoint: 29898 ns, Cleanup: 20412 ns, At safepoint: 9295 ns, Total: 59605 ns
[2025-05-19T05:53:04.439+0000][71][info ][safepoint   ] Safepoint "Cleanup", Time since last: 1000651636 ns, Reaching safepoint: 35176 ns, Cleanup: 18965 ns, At safepoint: 18277 ns, Total: 72418 ns
[2025-05-19T05:53:05.711+0000][71][info ][safepoint   ] Safepoint "Cleanup", Time since last: 1271040973 ns, Reaching safepoint: 8628 ns, Cleanup: 9055 ns, At safepoint: 16268 ns, Total: 33951 ns
[2025-05-19T05:53:07.585+0000][71][info ][safepoint   ] Safepoint "Cleanup", Time since last: 1874476949 ns, Reaching safepoint: 30707 ns, Cleanup: 18010 ns, At safepoint: 12421 ns, Total: 61138 ns
[2025-05-19T05:53:08.586+0000][71][info ][safepoint   ] Safepoint "Cleanup", Time since last: 1000552330 ns, Reaching safepoint: 28700 ns, Cleanup: 17858 ns, At safepoint: 12202 ns, Total: 58760 ns
[2025-05-19T05:53:16.587+0000][71][info ][safepoint   ] Safepoint "Cleanup", Time since last: 8001559433 ns, Reaching safepoint: 84267 ns, Cleanup: 18952 ns, At safepoint: 18530 ns, Total: 121749 ns
[2025-05-19T05:53:20.587+0000][71][info ][safepoint   ] Safepoint "Cleanup", Time since last: 4002138816 ns, Reaching safepoint: 33355 ns, Cleanup: 70364 ns, At safepoint: 21871 ns, Total: 125590 ns
[2025-05-19T05:53:26.589+0000][71][info ][safepoint   ] Safepoint "Cleanup", Time since last: 6001559347 ns, Reaching safepoint: 87805 ns, Cleanup: 16508 ns, At safepoint: 10697 ns, Total: 115010 ns
[2025-05-19T05:53:31.591+0000][71][info ][safepoint   ] Safepoint "Cleanup", Time since last: 5001754674 ns, Reaching safepoint: 28839 ns, Cleanup: 20307 ns, At safepoint: 11695 ns, Total: 60841 ns
[2025-05-19T05:53:33.592+0000][71][info ][safepoint   ] Safepoint "Cleanup", Time since last: 2001452868 ns, Reaching safepoint: 35717 ns, Cleanup: 18178 ns, At safepoint: 18539 ns, Total: 72434 ns
[2025-05-19T05:53:35.593+0000][71][info ][safepoint   ] Safepoint "Cleanup", Time since last: 2001053930 ns, Reaching safepoint: 32656 ns, Cleanup: 16921 ns, At safepoint: 16189 ns, Total: 65766 ns
[2025-05-19T05:53:37.032+0000][71][info ][safepoint   ] Safepoint "Cleanup", Time since last: 1438756905 ns, Reaching safepoint: 13751 ns, Cleanup: 31024 ns, At safepoint: 19679 ns, Total: 64454 ns
[2025-05-19T05:53:38.068+0000][71][info ][safepoint   ] Safepoint "Cleanup", Time since last: 1035539597 ns, Reaching safepoint: 28684 ns, Cleanup: 18884 ns, At safepoint: 11934 ns, Total: 59502 ns
[2025-05-19T05:53:51.468+0000][71][info ][safepoint   ] Safepoint "Cleanup", Time since last: 13403113841 ns, Reaching safepoint: 39829 ns, Cleanup: 21250 ns, At safepoint: 20005 ns, Total: 81084 ns
[2025-05-19T05:54:20.471+0000][71][info ][safepoint   ] Safepoint "Cleanup", Time since last: 29005202755 ns, Reaching safepoint: 162325 ns, Cleanup: 18737 ns, At safepoint: 54348 ns, Total: 235410 ns
[2025-05-19T05:54:21.472+0000][71][info ][safepoint   ] Safepoint "Cleanup", Time since last: 1001018238 ns, Reaching safepoint: 33061 ns, Cleanup: 21983 ns, At safepoint: 15111 ns, Total: 70155 ns
[2025-05-19T05:54:31.474+0000][71][info ][safepoint   ] Safepoint "Cleanup", Time since last: 10001967022 ns, Reaching safepoint: 93745 ns, Cleanup: 19394 ns, At safepoint: 18942 ns, Total: 132081 ns
[2025-05-19T05:54:33.475+0000][71][info ][safepoint   ] Safepoint "Cleanup", Time since last: 2000710117 ns, Reaching safepoint: 27290 ns, Cleanup: 18383 ns, At safepoint: 10674 ns, Total: 56347 ns
[2025-05-19T05:54:39.556+0000][71][info ][safepoint   ] Safepoint "Cleanup", Time since last: 6081532022 ns, Reaching safepoint: 18892 ns, Cleanup: 26457 ns, At safepoint: 137594 ns, Total: 182943 ns
[2025-05-19T05:54:41.142+0000][71][info ][safepoint   ] Safepoint "Cleanup", Time since last: 1585727195 ns, Reaching safepoint: 22691 ns, Cleanup: 17043 ns, At safepoint: 8206 ns, Total: 47940 ns
[2025-05-19T05:54:44.143+0000][71][info ][safepoint   ] Safepoint "Cleanup", Time since last: 3001069194 ns, Reaching safepoint: 23085 ns, Cleanup: 17548 ns, At safepoint: 11598 ns, Total: 52231 ns
[2025-05-19T05:54:51.500+0000][71][info ][safepoint   ] Safepoint "Cleanup", Time since last: 7359991137 ns, Reaching safepoint: 22381 ns, Cleanup: 16845 ns, At safepoint: 34050 ns, Total: 73276 ns
[2025-05-19T05:55:16.505+0000][71][info ][safepoint   ] Safepoint "Cleanup", Time since last: 25004244103 ns, Reaching safepoint: 167770 ns, Cleanup: 22734 ns, At safepoint: 20955 ns, Total: 211459 ns
[2025-05-19T05:55:20.505+0000][71][info ][safepoint   ] Safepoint "Cleanup", Time since last: 4001086884 ns, Reaching safepoint: 27856 ns, Cleanup: 15903 ns, At safepoint: 9867 ns, Total: 53626 ns
[2025-05-19T05:55:36.508+0000][71][info ][safepoint   ] Safepoint "Cleanup", Time since last: 16003045715 ns, Reaching safepoint: 268008 ns, Cleanup: 22742 ns, At safepoint: 56184 ns, Total: 346934 ns
[2025-05-19T05:55:40.509+0000][71][info ][safepoint   ] Safepoint "Cleanup", Time since last: 4001263105 ns, Reaching safepoint: 36340 ns, Cleanup: 21019 ns, At safepoint: 16490 ns, Total: 73849 ns
[2025-05-19T05:55:42.511+0000][71][info ][safepoint   ] Safepoint "Cleanup", Time since last: 2001089037 ns, Reaching safepoint: 126285 ns, Cleanup: 17424 ns, At safepoint: 44214 ns, Total: 187923 ns
[2025-05-19T05:55:44.238+0000][71][info ][safepoint   ] Safepoint "Cleanup", Time since last: 1726982829 ns, Reaching safepoint: 42313 ns, Cleanup: 42098 ns, At safepoint: 13356 ns, Total: 97767 ns
[2025-05-19T05:55:50.533+0000][71][info ][safepoint   ] Safepoint "Cleanup", Time since last: 6298850397 ns, Reaching safepoint: 48837 ns, Cleanup: 24457 ns, At safepoint: 10610 ns, Total: 83904 ns
[2025-05-19T05:56:06.536+0000][71][info ][safepoint   ] Safepoint "Cleanup", Time since last: 16002915502 ns, Reaching safepoint: 100765 ns, Cleanup: 17659 ns, At safepoint: 9749 ns, Total: 128173 ns
[2025-05-19T05:56:12.538+0000][71][info ][safepoint   ] Safepoint "Cleanup", Time since last: 6001194971 ns, Reaching safepoint: 27335 ns, Cleanup: 13938 ns, At safepoint: 8959 ns, Total: 50232 ns
[2025-05-19T05:56:18.539+0000][71][info ][safepoint   ] Safepoint "Cleanup", Time since last: 6001470715 ns, Reaching safepoint: 25081 ns, Cleanup: 14023 ns, At safepoint: 8902 ns, Total: 48006 ns
[2025-05-19T05:56:20.539+0000][71][info ][safepoint   ] Safepoint "Cleanup", Time since last: 2000891780 ns, Reaching safepoint: 34749 ns, Cleanup: 19707 ns, At safepoint: 79635 ns, Total: 134091 ns
[2025-05-19T05:56:22.540+0000][71][info ][safepoint   ] Safepoint "Cleanup", Time since last: 2000929731 ns, Reaching safepoint: 34673 ns, Cleanup: 21750 ns, At safepoint: 16036 ns, Total: 72459 ns
[2025-05-19T05:56:23.540+0000][71][info ][safepoint   ] Safepoint "Cleanup", Time since last: 1000713248 ns, Reaching safepoint: 37994 ns, Cleanup: 18437 ns, At safepoint: 15927 ns, Total: 72358 ns
[2025-05-19T05:56:24.541+0000][71][info ][safepoint   ] Safepoint "Cleanup", Time since last: 1000781873 ns, Reaching safepoint: 22400 ns, Cleanup: 16549 ns, At safepoint: 9005 ns, Total: 47954 ns
[2025-05-19T05:56:35.543+0000][71][info ][safepoint   ] Safepoint "Cleanup", Time since last: 11002070122 ns, Reaching safepoint: 39561 ns, Cleanup: 25553 ns, At safepoint: 16916 ns, Total: 82030 ns
[2025-05-19T05:56:43.499+0000][71][info ][safepoint   ] Safepoint "Cleanup", Time since last: 7955685594 ns, Reaching safepoint: 17246 ns, Cleanup: 19678 ns, At safepoint: 70724 ns, Total: 107648 ns
[2025-05-19T05:56:44.546+0000][71][info ][safepoint   ] Safepoint "Cleanup", Time since last: 1046740750 ns, Reaching safepoint: 56036 ns, Cleanup: 17732 ns, At safepoint: 14409 ns, Total: 88177 ns
[2025-05-19T05:56:46.547+0000][71][info ][safepoint   ] Safepoint "Cleanup", Time since last: 2000732976 ns, Reaching safepoint: 49743 ns, Cleanup: 33873 ns, At safepoint: 21229 ns, Total: 104845 ns
[2025-05-19T05:56:56.648+0000][71][info ][safepoint   ] Safepoint "Cleanup", Time since last: 10103890851 ns, Reaching safepoint: 35066 ns, Cleanup: 19097 ns, At safepoint: 12143 ns, Total: 66306 ns
[2025-05-19T05:56:58.649+0000][71][info ][safepoint   ] Safepoint "Cleanup", Time since last: 2001000627 ns, Reaching safepoint: 30110 ns, Cleanup: 17460 ns, At safepoint: 11920 ns, Total: 59490 ns
[2025-05-19T05:57:01.650+0000][71][info ][safepoint   ] Safepoint "Cleanup", Time since last: 3000978657 ns, Reaching safepoint: 66293 ns, Cleanup: 22324 ns, At safepoint: 13185 ns, Total: 101802 ns
[2025-05-19T05:57:06.651+0000][71][info ][safepoint   ] Safepoint "Cleanup", Time since last: 5001262846 ns, Reaching safepoint: 34230 ns, Cleanup: 20237 ns, At safepoint: 16289 ns, Total: 70756 ns
[2025-05-19T05:57:10.653+0000][71][info ][safepoint   ] Safepoint "Cleanup", Time since last: 4001168810 ns, Reaching safepoint: 29343 ns, Cleanup: 17574 ns, At safepoint: 11732 ns, Total: 58649 ns
[2025-05-19T05:57:16.654+0000][71][info ][safepoint   ] Safepoint "Cleanup", Time since last: 6001583166 ns, Reaching safepoint: 42105 ns, Cleanup: 22495 ns, At safepoint: 16041 ns, Total: 80641 ns
[2025-05-19T05:57:20.653+0000][71][info ][safepoint   ] Safepoint "Cleanup", Time since last: 4001104721 ns, Reaching safepoint: 30874 ns, Cleanup: 21864 ns, At safepoint: 10970 ns, Total: 63708 ns
[2025-05-19T05:57:26.655+0000][71][info ][safepoint   ] Safepoint "Cleanup", Time since last: 6001573671 ns, Reaching safepoint: 30247 ns, Cleanup: 18136 ns, At safepoint: 12021 ns, Total: 60404 ns
[2025-05-19T05:57:31.656+0000][71][info ][safepoint   ] Safepoint "Cleanup", Time since last: 5001377424 ns, Reaching safepoint: 79937 ns, Cleanup: 21871 ns, At safepoint: 20910 ns, Total: 122718 ns
[2025-05-19T05:57:36.733+0000][71][info ][safepoint   ] Safepoint "Cleanup", Time since last: 5076532096 ns, Reaching safepoint: 30444 ns, Cleanup: 16103 ns, At safepoint: 30955 ns, Total: 77502 ns
[2025-05-19T05:57:38.626+0000][71][info ][safepoint   ] Safepoint "Cleanup", Time since last: 1892485490 ns, Reaching safepoint: 34833 ns, Cleanup: 142062 ns, At safepoint: 16756 ns, Total: 193651 ns
[2025-05-19T05:57:39.744+0000][71][info ][safepoint   ] Safepoint "Cleanup", Time since last: 1117765412 ns, Reaching safepoint: 139334 ns, Cleanup: 16518 ns, At safepoint: 56662 ns, Total: 212514 ns
[2025-05-19T05:57:41.655+0000][71][info ][safepoint   ] Safepoint "Cleanup", Time since last: 1911285780 ns, Reaching safepoint: 28563 ns, Cleanup: 24045 ns, At safepoint: 11529 ns, Total: 64137 ns
[2025-05-19T05:57:42.735+0000][71][info ][safepoint   ] Safepoint "Cleanup", Time since last: 1079942621 ns, Reaching safepoint: 17716 ns, Cleanup: 15963 ns, At safepoint: 70726 ns, Total: 104405 ns
[2025-05-19T05:57:43.915+0000][71][info ][safepoint   ] Safepoint "Cleanup", Time since last: 1179496082 ns, Reaching safepoint: 20614 ns, Cleanup: 19685 ns, At safepoint: 9333 ns, Total: 49632 ns
[2025-05-19T05:57:45.707+0000][71][info ][safepoint   ] Safepoint "Cleanup", Time since last: 1792485642 ns, Reaching safepoint: 117084 ns, Cleanup: 31792 ns, At safepoint: 53040 ns, Total: 201916 ns
[2025-05-19T05:58:00.682+0000][71][info ][safepoint   ] Safepoint "Cleanup", Time since last: 14976950720 ns, Reaching safepoint: 226532 ns, Cleanup: 22953 ns, At safepoint: 101145 ns, Total: 350630 ns
[2025-05-19T05:58:01.683+0000][71][info ][safepoint   ] Safepoint "Cleanup", Time since last: 1000781795 ns, Reaching safepoint: 20101 ns, Cleanup: 14706 ns, At safepoint: 8298 ns, Total: 43105 ns
[2025-05-19T05:58:08.896+0000][71][info ][safepoint   ] Safepoint "Cleanup", Time since last: 7212333518 ns, Reaching safepoint: 35256 ns, Cleanup: 19237 ns, At safepoint: 17219 ns, Total: 71712 ns
[2025-05-19T05:58:10.896+0000][71][info ][safepoint   ] Safepoint "Cleanup", Time since last: 2000865251 ns, Reaching safepoint: 40333 ns, Cleanup: 22320 ns, At safepoint: 19868 ns, Total: 82521 ns
[2025-05-19T05:58:20.896+0000][71][info ][safepoint   ] Safepoint "Cleanup", Time since last: 10001884886 ns, Reaching safepoint: 242629 ns, Cleanup: 23293 ns, At safepoint: 19334 ns, Total: 285256 ns
[2025-05-19T05:58:36.899+0000][71][info ][safepoint   ] Safepoint "Cleanup", Time since last: 16003269979 ns, Reaching safepoint: 73265 ns, Cleanup: 20779 ns, At safepoint: 16788 ns, Total: 110832 ns
[2025-05-19T05:58:48.740+0000][71][info ][safepoint   ] Safepoint "Cleanup", Time since last: 11839719210 ns, Reaching safepoint: 970972 ns, Cleanup: 18653 ns, At safepoint: 173479 ns, Total: 1163104 ns
[2025-05-19T05:58:49.814+0000][71][info ][safepoint   ] Safepoint "Cleanup", Time since last: 1076405392 ns, Reaching safepoint: 19126 ns, Cleanup: 23649 ns, At safepoint: 102108 ns, Total: 144883 ns
[2025-05-19T05:58:50.857+0000][71][info ][safepoint   ] Safepoint "Cleanup", Time since last: 1042693444 ns, Reaching safepoint: 7047 ns, Cleanup: 23419 ns, At safepoint: 14538 ns, Total: 45004 ns
[2025-05-19T05:58:51.863+0000][71][info ][safepoint   ] Safepoint "Cleanup", Time since last: 1006056129 ns, Reaching safepoint: 29973 ns, Cleanup: 17436 ns, At safepoint: 10367 ns, Total: 57776 ns
[2025-05-19T05:59:05.866+0000][71][info ][safepoint   ] Safepoint "Cleanup", Time since last: 14002826434 ns, Reaching safepoint: 81428 ns, Cleanup: 22738 ns, At safepoint: 19436 ns, Total: 123602 ns
[2025-05-19T05:59:09.867+0000][71][info ][safepoint   ] Safepoint "Cleanup", Time since last: 4001527133 ns, Reaching safepoint: 35039 ns, Cleanup: 18455 ns, At safepoint: 16031 ns, Total: 69525 ns
[2025-05-19T05:59:18.870+0000][71][info ][safepoint   ] Safepoint "Cleanup", Time since last: 9001943511 ns, Reaching safepoint: 80580 ns, Cleanup: 18609 ns, At safepoint: 18223 ns, Total: 117412 ns
[2025-05-19T05:59:21.869+0000][71][info ][safepoint   ] Safepoint "Cleanup", Time since last: 3001053335 ns, Reaching safepoint: 38671 ns, Cleanup: 30860 ns, At safepoint: 18907 ns, Total: 88438 ns
[2025-05-19T05:59:31.872+0000][71][info ][safepoint   ] Safepoint "Cleanup", Time since last: 10002291255 ns, Reaching safepoint: 330067 ns, Cleanup: 30876 ns, At safepoint: 21046 ns, Total: 381989 ns
[2025-05-19T05:59:51.745+0000][71][info ][safepoint   ] Safepoint "Cleanup", Time since last: 19876520922 ns, Reaching safepoint: 160772 ns, Cleanup: 16398 ns, At safepoint: 70846 ns, Total: 248016 ns
[2025-05-19T05:59:52.797+0000][71][info ][safepoint   ] Safepoint "Cleanup", Time since last: 1051075468 ns, Reaching safepoint: 33666 ns, Cleanup: 20516 ns, At safepoint: 12532 ns, Total: 66714 ns
[2025-05-19T05:59:53.914+0000][71][info ][safepoint   ] Safepoint "Cleanup", Time since last: 1117092044 ns, Reaching safepoint: 42544 ns, Cleanup: 19790 ns, At safepoint: 13235 ns, Total: 75569 ns
[2025-05-19T06:00:03.916+0000][71][info ][safepoint   ] Safepoint "Cleanup", Time since last: 10002268401 ns, Reaching safepoint: 70310 ns, Cleanup: 21085 ns, At safepoint: 15347 ns, Total: 106742 ns
[2025-05-19T06:00:10.918+0000][71][info ][safepoint   ] Safepoint "Cleanup", Time since last: 7001640594 ns, Reaching safepoint: 28301 ns, Cleanup: 15140 ns, At safepoint: 11339 ns, Total: 54780 ns
[2025-05-19T06:00:20.918+0000][71][info ][safepoint   ] Safepoint "Cleanup", Time since last: 10002156315 ns, Reaching safepoint: 88349 ns, Cleanup: 24944 ns, At safepoint: 18827 ns, Total: 132120 ns
[2025-05-19T06:00:31.920+0000][71][info ][safepoint   ] Safepoint "Cleanup", Time since last: 11002210930 ns, Reaching safepoint: 29312 ns, Cleanup: 17424 ns, At safepoint: 11559 ns, Total: 58295 ns
[2025-05-19T06:00:46.923+0000][71][info ][safepoint   ] Safepoint "Cleanup", Time since last: 15002770831 ns, Reaching safepoint: 30829 ns, Cleanup: 46108 ns, At safepoint: 13229 ns, Total: 90166 ns
[2025-05-19T06:00:48.925+0000][71][info ][safepoint   ] Safepoint "Cleanup", Time since last: 2001388096 ns, Reaching safepoint: 30324 ns, Cleanup: 16358 ns, At safepoint: 10510 ns, Total: 57192 ns
[2025-05-19T06:00:52.775+0000][71][info ][safepoint   ] Safepoint "Cleanup", Time since last: 3852459301 ns, Reaching safepoint: 34294 ns, Cleanup: 18549 ns, At safepoint: 12896 ns, Total: 65739 ns
[2025-05-19T06:00:54.970+0000][71][info ][safepoint   ] Safepoint "Cleanup", Time since last: 2193565640 ns, Reaching safepoint: 2170349 ns, Cleanup: 22655 ns, At safepoint: 115215 ns, Total: 2308219 ns
[2025-05-19T06:01:04.027+0000][71][info ][safepoint   ] Safepoint "Cleanup", Time since last: 9056123727 ns, Reaching safepoint: 31529 ns, Cleanup: 17472 ns, At safepoint: 12441 ns, Total: 61442 ns
[2025-05-19T06:01:18.029+0000][71][info ][safepoint   ] Safepoint "Cleanup", Time since last: 14002399551 ns, Reaching safepoint: 84764 ns, Cleanup: 17892 ns, At safepoint: 12615 ns, Total: 115271 ns
[2025-05-19T06:01:21.028+0000][71][info ][safepoint   ] Safepoint "Cleanup", Time since last: 3000951113 ns, Reaching safepoint: 81039 ns, Cleanup: 28864 ns, At safepoint: 13999 ns, Total: 123902 ns
[2025-05-19T06:01:31.030+0000][71][info ][safepoint   ] Safepoint "Cleanup", Time since last: 10002060819 ns, Reaching safepoint: 36755 ns, Cleanup: 19737 ns, At safepoint: 12232 ns, Total: 68724 ns
[2025-05-19T06:01:38.032+0000][71][info ][safepoint   ] Safepoint "Cleanup", Time since last: 7001546237 ns, Reaching safepoint: 52523 ns, Cleanup: 15320 ns, At safepoint: 9792 ns, Total: 77635 ns
[2025-05-19T06:01:42.033+0000][71][info ][safepoint   ] Safepoint "Cleanup", Time since last: 4001111111 ns, Reaching safepoint: 37345 ns, Cleanup: 26360 ns, At safepoint: 15546 ns, Total: 79251 ns
[2025-05-19T06:01:46.034+0000][71][info ][safepoint   ] Safepoint "Cleanup", Time since last: 4001272718 ns, Reaching safepoint: 35975 ns, Cleanup: 25285 ns, At safepoint: 12114 ns, Total: 73374 ns
[2025-05-19T06:02:01.108+0000][71][info ][safepoint   ] Safepoint "Cleanup", Time since last: 15076033761 ns, Reaching safepoint: 33143 ns, Cleanup: 18931 ns, At safepoint: 12832 ns, Total: 64906 ns
[2025-05-19T06:02:13.110+0000][71][info ][safepoint   ] Safepoint "Cleanup", Time since last: 12002013471 ns, Reaching safepoint: 18937 ns, Cleanup: 15384 ns, At safepoint: 7691 ns, Total: 42012 ns
[2025-05-19T06:02:21.110+0000][71][info ][safepoint   ] Safepoint "Cleanup", Time since last: 8001296058 ns, Reaching safepoint: 259210 ns, Cleanup: 21504 ns, At safepoint: 12361 ns, Total: 293075 ns
[2025-05-19T06:02:30.112+0000][71][info ][safepoint   ] Safepoint "Cleanup", Time since last: 9001827455 ns, Reaching safepoint: 51580 ns, Cleanup: 16075 ns, At safepoint: 9791 ns, Total: 77446 ns
[2025-05-19T06:02:39.959+0000][71][info ][safepoint   ] Safepoint "Cleanup", Time since last: 9846564407 ns, Reaching safepoint: 148261 ns, Cleanup: 13036 ns, At safepoint: 56642 ns, Total: 217939 ns
[2025-05-19T06:02:41.168+0000][71][info ][safepoint   ] Safepoint "Cleanup", Time since last: 1209627339 ns, Reaching safepoint: 29436 ns, Cleanup: 32439 ns, At safepoint: 10816 ns, Total: 72691 ns
[2025-05-19T06:02:42.965+0000][71][info ][safepoint   ] Safepoint "Cleanup", Time since last: 1796746607 ns, Reaching safepoint: 7623 ns, Cleanup: 9218 ns, At safepoint: 33461 ns, Total: 50302 ns
[2025-05-19T06:02:48.311+0000][71][info ][safepoint   ] Safepoint "Cleanup", Time since last: 5345908032 ns, Reaching safepoint: 23281 ns, Cleanup: 15230 ns, At safepoint: 9443 ns, Total: 47954 ns
[2025-05-19T06:02:58.011+0000][71][info ][safepoint   ] Safepoint "Cleanup", Time since last: 9702895299 ns, Reaching safepoint: 42793 ns, Cleanup: 19278 ns, At safepoint: 29395 ns, Total: 91466 ns
[2025-05-19T06:02:59.393+0000][71][info ][safepoint   ] Safepoint "Cleanup", Time since last: 1381107938 ns, Reaching safepoint: 30265 ns, Cleanup: 19646 ns, At safepoint: 12317 ns, Total: 62228 ns
[2025-05-19T06:03:03.394+0000][71][info ][safepoint   ] Safepoint "Cleanup", Time since last: 4001308563 ns, Reaching safepoint: 26845 ns, Cleanup: 18233 ns, At safepoint: 10872 ns, Total: 55950 ns
[2025-05-19T06:03:05.395+0000][71][info ][safepoint   ] Safepoint "Cleanup", Time since last: 2001482643 ns, Reaching safepoint: 29631 ns, Cleanup: 18582 ns, At safepoint: 12491 ns, Total: 60704 ns
[2025-05-19T06:03:07.172+0000][71][info ][safepoint   ] Safepoint "Cleanup", Time since last: 1776645102 ns, Reaching safepoint: 24585 ns, Cleanup: 18797 ns, At safepoint: 9496 ns, Total: 52878 ns
[2025-05-19T06:03:08.173+0000][71][info ][safepoint   ] Safepoint "Cleanup", Time since last: 1000798657 ns, Reaching safepoint: 85269 ns, Cleanup: 22208 ns, At safepoint: 18426 ns, Total: 125903 ns
[2025-05-19T06:03:14.175+0000][71][info ][safepoint   ] Safepoint "Cleanup", Time since last: 6001382590 ns, Reaching safepoint: 34994 ns, Cleanup: 17804 ns, At safepoint: 18072 ns, Total: 70870 ns
[2025-05-19T06:03:16.175+0000][71][info ][safepoint   ] Safepoint "Cleanup", Time since last: 2000836978 ns, Reaching safepoint: 36240 ns, Cleanup: 19633 ns, At safepoint: 17562 ns, Total: 73435 ns
[2025-05-19T06:03:18.177+0000][71][info ][safepoint   ] Safepoint "Cleanup", Time since last: 2001329538 ns, Reaching safepoint: 21671 ns, Cleanup: 14003 ns, At safepoint: 8869 ns, Total: 44543 ns
[2025-05-19T06:03:19.175+0000][71][info ][safepoint   ] Safepoint "Cleanup", Time since last: 1000659077 ns, Reaching safepoint: 40770 ns, Cleanup: 18853 ns, At safepoint: 16081 ns, Total: 75704 ns
[2025-05-19T06:03:21.176+0000][71][info ][safepoint   ] Safepoint "Cleanup", Time since last: 2000826507 ns, Reaching safepoint: 36908 ns, Cleanup: 19887 ns, At safepoint: 16581 ns, Total: 73376 ns
[2025-05-19T06:03:29.178+0000][71][info ][safepoint   ] Safepoint "Cleanup", Time since last: 8001832182 ns, Reaching safepoint: 40136 ns, Cleanup: 20548 ns, At safepoint: 19734 ns, Total: 80418 ns
[2025-05-19T06:03:39.180+0000][71][info ][safepoint   ] Safepoint "Cleanup", Time since last: 10002191345 ns, Reaching safepoint: 81632 ns, Cleanup: 20745 ns, At safepoint: 32549 ns, Total: 134926 ns
[2025-05-19T06:03:43.181+0000][71][info ][safepoint   ] Safepoint "Cleanup", Time since last: 4001230913 ns, Reaching safepoint: 31829 ns, Cleanup: 18652 ns, At safepoint: 12579 ns, Total: 63060 ns
[2025-05-19T06:03:50.687+0000][71][info ][gc,start    ] GC(15) Pause Young (Normal) (G1 Evacuation Pause)
[2025-05-19T06:03:50.688+0000][71][info ][gc,task     ] GC(15) Using 10 workers of 10 for evacuation
[2025-05-19T06:03:50.688+0000][71][debug][gc,age      ] GC(15) Desired survivor size 48234496 bytes, new threshold 15 (max threshold 15)
[2025-05-19T06:03:50.777+0000][71][info ][gc,phases   ] GC(15)   Pre Evacuate Collection Set: 16.80ms
[2025-05-19T06:03:50.778+0000][71][info ][gc,phases   ] GC(15)   Merge Heap Roots: 2.54ms
[2025-05-19T06:03:50.779+0000][71][info ][gc,phases   ] GC(15)   Evacuate Collection Set: 57.51ms
[2025-05-19T06:03:50.779+0000][71][info ][gc,phases   ] GC(15)   Post Evacuate Collection Set: 9.91ms
[2025-05-19T06:03:50.780+0000][71][info ][gc,phases   ] GC(15)   Other: 2.90ms
[2025-05-19T06:03:50.780+0000][71][trace][gc,age      ] GC(15) Age table with threshold 15 (max threshold 15)
[2025-05-19T06:03:50.781+0000][71][trace][gc,age      ] GC(15) - age   1:    1514728 bytes,    1514728 total
[2025-05-19T06:03:50.781+0000][71][trace][gc,age      ] GC(15) - age   2:    2716984 bytes,    4231712 total
[2025-05-19T06:03:50.782+0000][71][trace][gc,age      ] GC(15) - age   3:      69848 bytes,    4301560 total
[2025-05-19T06:03:50.782+0000][71][info ][gc,heap     ] GC(15) Eden regions: 180->0(211)
[2025-05-19T06:03:50.783+0000][71][info ][gc,heap     ] GC(15) Survivor regions: 2->2(23)
[2025-05-19T06:03:50.783+0000][71][info ][gc,heap     ] GC(15) Old regions: 30->30
[2025-05-19T06:03:50.783+0000][71][info ][gc,heap     ] GC(15) Humongous regions: 0->0
[2025-05-19T06:03:50.784+0000][71][info ][gc,metaspace] GC(15) Metaspace: 146947K(150976K)->146947K(150976K) NonClass: 126903K(129088K)->126903K(129088K) Class: 20044K(21888K)->20044K(21888K)
[2025-05-19T06:03:50.786+0000][71][info ][gc          ] GC(15) Pause Young (Normal) (G1 Evacuation Pause) 843M->122M(3880M) 99.749ms
[2025-05-19T06:03:50.787+0000][71][info ][gc,cpu      ] GC(15) User=0.57s Sys=0.00s Real=0.10s
[2025-05-19T06:03:50.788+0000][71][info ][safepoint   ] Safepoint "G1CollectForAllocation", Time since last: 7506676746 ns, Reaching safepoint: 25693 ns, Cleanup: 5328 ns, At safepoint: 102225226 ns, Total: 102256247 ns
[2025-05-19T06:03:51.788+0000][71][info ][safepoint   ] Safepoint "Cleanup", Time since last: 1000680255 ns, Reaching safepoint: 23252 ns, Cleanup: 17354 ns, At safepoint: 10609 ns, Total: 51215 ns
[2025-05-19T06:04:00.936+0000][71][info ][safepoint   ] Safepoint "Cleanup", Time since last: 9147427879 ns, Reaching safepoint: 289957 ns, Cleanup: 22912 ns, At safepoint: 235128 ns, Total: 547997 ns
[2025-05-19T06:04:02.453+0000][71][info ][safepoint   ] Safepoint "Cleanup", Time since last: 1516763669 ns, Reaching safepoint: 29247 ns, Cleanup: 27674 ns, At safepoint: 12871 ns, Total: 69792 ns
[2025-05-19T06:04:03.454+0000][71][info ][safepoint   ] Safepoint "Cleanup", Time since last: 1000807449 ns, Reaching safepoint: 27854 ns, Cleanup: 23932 ns, At safepoint: 38163 ns, Total: 89949 ns
[2025-05-19T06:04:09.456+0000][71][info ][safepoint   ] Safepoint "Cleanup", Time since last: 6001544010 ns, Reaching safepoint: 80127 ns, Cleanup: 19300 ns, At safepoint: 33557 ns, Total: 132984 ns
[2025-05-19T06:04:11.457+0000][71][info ][safepoint   ] Safepoint "Cleanup", Time since last: 2001067475 ns, Reaching safepoint: 137686 ns, Cleanup: 20382 ns, At safepoint: 62264 ns, Total: 220332 ns
[2025-05-19T06:04:16.458+0000][71][info ][safepoint   ] Safepoint "Cleanup", Time since last: 5001226197 ns, Reaching safepoint: 31158 ns, Cleanup: 17858 ns, At safepoint: 10488 ns, Total: 59504 ns
[2025-05-19T06:04:18.459+0000][71][info ][safepoint   ] Safepoint "Cleanup", Time since last: 2000791161 ns, Reaching safepoint: 125855 ns, Cleanup: 16139 ns, At safepoint: 73845 ns, Total: 215839 ns
[2025-05-19T06:05:01.901+0000][71][info ][safepoint   ] Safepoint "Cleanup", Time since last: 43446122361 ns, Reaching safepoint: 40865 ns, Cleanup: 19178 ns, At safepoint: 18810 ns, Total: 78853 ns
[2025-05-19T06:05:04.011+0000][71][info ][safepoint   ] Safepoint "Cleanup", Time since last: 2109807615 ns, Reaching safepoint: 229351 ns, Cleanup: 12178 ns, At safepoint: 57439 ns, Total: 298968 ns
[2025-05-19T06:05:06.518+0000][71][info ][safepoint   ] Safepoint "Cleanup", Time since last: 2507214826 ns, Reaching safepoint: 30962 ns, Cleanup: 17420 ns, At safepoint: 12051 ns, Total: 60433 ns
[2025-05-19T06:05:20.518+0000][71][info ][safepoint   ] Safepoint "Cleanup", Time since last: 14002684255 ns, Reaching safepoint: 373421 ns, Cleanup: 15642 ns, At safepoint: 51656 ns, Total: 440719 ns
[2025-05-19T06:05:28.520+0000][71][info ][safepoint   ] Safepoint "Cleanup", Time since last: 8001847654 ns, Reaching safepoint: 34798 ns, Cleanup: 18602 ns, At safepoint: 15944 ns, Total: 69344 ns
[2025-05-19T06:05:31.521+0000][71][info ][safepoint   ] Safepoint "Cleanup", Time since last: 3001267499 ns, Reaching safepoint: 41794 ns, Cleanup: 29942 ns, At safepoint: 17241 ns, Total: 88977 ns
[2025-05-19T06:06:00.934+0000][71][info ][safepoint   ] Safepoint "Cleanup", Time since last: 29412924288 ns, Reaching safepoint: 331223 ns, Cleanup: 21858 ns, At safepoint: 70336 ns, Total: 423417 ns
[2025-05-19T06:06:05.936+0000][71][info ][safepoint   ] Safepoint "Cleanup", Time since last: 5002043392 ns, Reaching safepoint: 143664 ns, Cleanup: 16010 ns, At safepoint: 56184 ns, Total: 215858 ns
[2025-05-19T06:06:06.937+0000][71][info ][safepoint   ] Safepoint "Cleanup", Time since last: 1000650107 ns, Reaching safepoint: 30794 ns, Cleanup: 22041 ns, At safepoint: 11541 ns, Total: 64376 ns
[2025-05-19T06:06:08.583+0000][71][info ][safepoint   ] Safepoint "Cleanup", Time since last: 1646038317 ns, Reaching safepoint: 43077 ns, Cleanup: 33890 ns, At safepoint: 18301 ns, Total: 95268 ns
[2025-05-19T06:06:20.583+0000][71][info ][safepoint   ] Safepoint "Cleanup", Time since last: 12002810349 ns, Reaching safepoint: 188342 ns, Cleanup: 19936 ns, At safepoint: 20209 ns, Total: 228487 ns
[2025-05-19T06:06:27.585+0000][71][info ][safepoint   ] Safepoint "Cleanup", Time since last: 7001606882 ns, Reaching safepoint: 20556 ns, Cleanup: 16760 ns, At safepoint: 10057 ns, Total: 47373 ns
[2025-05-19T06:06:35.587+0000][71][info ][safepoint   ] Safepoint "Cleanup", Time since last: 8001818993 ns, Reaching safepoint: 36443 ns, Cleanup: 23434 ns, At safepoint: 13823 ns, Total: 73700 ns
[2025-05-19T06:06:37.588+0000][71][info ][safepoint   ] Safepoint "Cleanup", Time since last: 2000873807 ns, Reaching safepoint: 24947 ns, Cleanup: 14510 ns, At safepoint: 9451 ns, Total: 48908 ns
[2025-05-19T06:06:41.589+0000][71][info ][safepoint   ] Safepoint "Cleanup", Time since last: 4001110573 ns, Reaching safepoint: 28565 ns, Cleanup: 19418 ns, At safepoint: 12672 ns, Total: 60655 ns
[2025-05-19T06:06:49.588+0000][71][info ][safepoint   ] Safepoint "Cleanup", Time since last: 8001905840 ns, Reaching safepoint: 85573 ns, Cleanup: 31554 ns, At safepoint: 34849 ns, Total: 151976 ns
[2025-05-19T06:07:05.966+0000][71][info ][safepoint   ] Safepoint "Cleanup", Time since last: 16377640832 ns, Reaching safepoint: 37649 ns, Cleanup: 21474 ns, At safepoint: 12042 ns, Total: 71165 ns
[2025-05-19T06:07:09.967+0000][71][info ][safepoint   ] Safepoint "Cleanup", Time since last: 4001398448 ns, Reaching safepoint: 129405 ns, Cleanup: 20536 ns, At safepoint: 84424 ns, Total: 234365 ns
[2025-05-19T06:07:11.653+0000][71][info ][safepoint   ] Safepoint "Cleanup", Time since last: 1685175273 ns, Reaching safepoint: 36913 ns, Cleanup: 37955 ns, At safepoint: 12168 ns, Total: 87036 ns
[2025-05-19T06:07:20.653+0000][71][info ][safepoint   ] Safepoint "Cleanup", Time since last: 9001768382 ns, Reaching safepoint: 90903 ns, Cleanup: 36267 ns, At safepoint: 19326 ns, Total: 146496 ns
[2025-05-19T06:07:21.654+0000][71][info ][safepoint   ] Safepoint "Cleanup", Time since last: 1001204091 ns, Reaching safepoint: 28524 ns, Cleanup: 17807 ns, At safepoint: 10503 ns, Total: 56834 ns
[2025-05-19T06:07:38.658+0000][71][info ][safepoint   ] Safepoint "Cleanup", Time since last: 17003220635 ns, Reaching safepoint: 31414 ns, Cleanup: 16114 ns, At safepoint: 11479 ns, Total: 59007 ns
[2025-05-19T06:07:42.986+0000][71][info ][safepoint   ] Safepoint "Cleanup", Time since last: 4328593855 ns, Reaching safepoint: 16710 ns, Cleanup: 11207 ns, At safepoint: 34809 ns, Total: 62726 ns
[2025-05-19T06:07:45.964+0000][71][info ][safepoint   ] Safepoint "Cleanup", Time since last: 2977452656 ns, Reaching safepoint: 62808 ns, Cleanup: 17933 ns, At safepoint: 27578 ns, Total: 108319 ns
[2025-05-19T06:07:48.779+0000][71][info ][safepoint   ] Safepoint "Cleanup", Time since last: 2815316277 ns, Reaching safepoint: 18306 ns, Cleanup: 12515 ns, At safepoint: 26194 ns, Total: 57015 ns
[2025-05-19T06:07:50.998+0000][71][info ][safepoint   ] Safepoint "Cleanup", Time since last: 2221566438 ns, Reaching safepoint: 28581 ns, Cleanup: 17305 ns, At safepoint: 11560 ns, Total: 57446 ns
[2025-05-19T06:08:01.000+0000][71][info ][safepoint   ] Safepoint "Cleanup", Time since last: 10002072731 ns, Reaching safepoint: 40230 ns, Cleanup: 20424 ns, At safepoint: 19619 ns, Total: 80273 ns
[2025-05-19T06:08:05.684+0000][71][info ][safepoint   ] Safepoint "Cleanup", Time since last: 4683355425 ns, Reaching safepoint: 201740 ns, Cleanup: 12883 ns, At safepoint: 90961 ns, Total: 305584 ns
[2025-05-19T06:08:07.436+0000][71][info ][safepoint   ] Safepoint "Cleanup", Time since last: 1752166507 ns, Reaching safepoint: 35472 ns, Cleanup: 17504 ns, At safepoint: 11352 ns, Total: 64328 ns
[2025-05-19T06:08:12.953+0000][71][info ][safepoint   ] Safepoint "Cleanup", Time since last: 5516678626 ns, Reaching safepoint: 16830 ns, Cleanup: 19895 ns, At safepoint: 84875 ns, Total: 121600 ns
[2025-05-19T06:08:14.860+0000][71][info ][safepoint   ] Safepoint "Cleanup", Time since last: 1906505949 ns, Reaching safepoint: 81588 ns, Cleanup: 19443 ns, At safepoint: 34144 ns, Total: 135175 ns
[2025-05-19T06:08:21.859+0000][71][info ][safepoint   ] Safepoint "Cleanup", Time since last: 7001559619 ns, Reaching safepoint: 28663 ns, Cleanup: 18090 ns, At safepoint: 10232 ns, Total: 56985 ns
[2025-05-19T06:08:25.861+0000][71][info ][safepoint   ] Safepoint "Cleanup", Time since last: 4001452053 ns, Reaching safepoint: 45194 ns, Cleanup: 24383 ns, At safepoint: 19275 ns, Total: 88852 ns
[2025-05-19T06:08:40.864+0000][71][info ][safepoint   ] Safepoint "Cleanup", Time since last: 15002887031 ns, Reaching safepoint: 22259 ns, Cleanup: 14049 ns, At safepoint: 7816 ns, Total: 44124 ns
[2025-05-19T06:08:41.865+0000][71][info ][safepoint   ] Safepoint "Cleanup", Time since last: 1000788612 ns, Reaching safepoint: 38142 ns, Cleanup: 29286 ns, At safepoint: 15978 ns, Total: 83406 ns
[2025-05-19T06:08:43.865+0000][71][info ][safepoint   ] Safepoint "Cleanup", Time since last: 2000744639 ns, Reaching safepoint: 94993 ns, Cleanup: 19463 ns, At safepoint: 15360 ns, Total: 129816 ns
[2025-05-19T06:08:46.867+0000][71][info ][safepoint   ] Safepoint "Cleanup", Time since last: 3001366215 ns, Reaching safepoint: 99105 ns, Cleanup: 20033 ns, At safepoint: 35141 ns, Total: 154279 ns
[2025-05-19T06:09:15.964+0000][71][info ][safepoint   ] Safepoint "Cleanup", Time since last: 29100716254 ns, Reaching safepoint: 7986 ns, Cleanup: 10535 ns, At safepoint: 17592 ns, Total: 36113 ns
[2025-05-19T06:09:20.914+0000][71][info ][safepoint   ] Safepoint "Cleanup", Time since last: 4950903204 ns, Reaching safepoint: 80964 ns, Cleanup: 19702 ns, At safepoint: 17755 ns, Total: 118421 ns
[2025-05-19T06:09:41.917+0000][71][info ][safepoint   ] Safepoint "Cleanup", Time since last: 21003750538 ns, Reaching safepoint: 35839 ns, Cleanup: 18524 ns, At safepoint: 16489 ns, Total: 70852 ns
[2025-05-19T06:09:42.907+0000][71][info ][gc,start    ] GC(16) Pause Young (Concurrent Start) (CodeCache GC Threshold)
[2025-05-19T06:09:42.908+0000][71][info ][gc,task     ] GC(16) Using 10 workers of 10 for evacuation
[2025-05-19T06:09:42.908+0000][71][debug][gc,age      ] GC(16) Desired survivor size 58720256 bytes, new threshold 15 (max threshold 15)
[2025-05-19T06:09:42.998+0000][71][info ][gc,phases   ] GC(16)   Pre Evacuate Collection Set: 2.47ms
[2025-05-19T06:09:42.999+0000][71][info ][gc,phases   ] GC(16)   Merge Heap Roots: 0.29ms
[2025-05-19T06:09:42.999+0000][71][info ][gc,phases   ] GC(16)   Evacuate Collection Set: 85.11ms
[2025-05-19T06:09:43.000+0000][71][info ][gc,phases   ] GC(16)   Post Evacuate Collection Set: 2.35ms
[2025-05-19T06:09:43.000+0000][71][info ][gc,phases   ] GC(16)   Other: 0.64ms
[2025-05-19T06:09:43.000+0000][71][trace][gc,age      ] GC(16) Age table with threshold 15 (max threshold 15)
[2025-05-19T06:09:43.001+0000][71][trace][gc,age      ] GC(16) - age   1:     860936 bytes,     860936 total
[2025-05-19T06:09:43.001+0000][71][trace][gc,age      ] GC(16) - age   2:     197232 bytes,    1058168 total
[2025-05-19T06:09:43.001+0000][71][trace][gc,age      ] GC(16) - age   3:    2676728 bytes,    3734896 total
[2025-05-19T06:09:43.001+0000][71][trace][gc,age      ] GC(16) - age   4:      69848 bytes,    3804744 total
[2025-05-19T06:09:43.002+0000][71][info ][gc,heap     ] GC(16) Eden regions: 77->0(289)
[2025-05-19T06:09:43.002+0000][71][info ][gc,heap     ] GC(16) Survivor regions: 2->2(28)
[2025-05-19T06:09:43.002+0000][71][info ][gc,heap     ] GC(16) Old regions: 30->30
[2025-05-19T06:09:43.003+0000][71][info ][gc,heap     ] GC(16) Humongous regions: 0->0
[2025-05-19T06:09:43.003+0000][71][info ][gc,metaspace] GC(16) Metaspace: 147072K(151104K)->147072K(151104K) NonClass: 127027K(129216K)->127027K(129216K) Class: 20045K(21888K)->20045K(21888K)
[2025-05-19T06:09:43.004+0000][71][info ][gc          ] GC(16) Pause Young (Concurrent Start) (CodeCache GC Threshold) 427M->121M(3880M) 96.989ms
[2025-05-19T06:09:43.005+0000][71][info ][gc,cpu      ] GC(16) User=0.23s Sys=0.01s Real=0.09s
[2025-05-19T06:09:43.006+0000][71][info ][safepoint   ] Safepoint "G1TryInitiateConcMark", Time since last: 989492286 ns, Reaching safepoint: 22701 ns, Cleanup: 6087 ns, At safepoint: 98969878 ns, Total: 98998666 ns
[2025-05-19T06:09:43.007+0000][71][info ][gc          ] GC(17) Concurrent Mark Cycle
[2025-05-19T06:09:43.009+0000][71][info ][gc,marking  ] GC(17) Concurrent Scan Root Regions
[2025-05-19T06:09:43.169+0000][71][info ][gc,marking  ] GC(17) Concurrent Scan Root Regions 160.401ms
[2025-05-19T06:09:43.170+0000][71][info ][gc,marking  ] GC(17) Concurrent Mark
[2025-05-19T06:09:43.170+0000][71][info ][gc,marking  ] GC(17) Concurrent Mark From Roots
[2025-05-19T06:09:43.171+0000][71][info ][gc,task     ] GC(17) Using 3 workers of 3 for marking
[2025-05-19T06:09:43.553+0000][71][info ][gc,marking  ] GC(17) Concurrent Mark From Roots 383.310ms
[2025-05-19T06:09:43.554+0000][71][info ][gc,marking  ] GC(17) Concurrent Preclean
[2025-05-19T06:09:43.555+0000][71][info ][gc,marking  ] GC(17) Concurrent Preclean 1.260ms
[2025-05-19T06:09:43.556+0000][71][info ][gc,start    ] GC(17) Pause Remark
[2025-05-19T06:09:44.396+0000][71][info ][gc,mmu      ] GC(17) MMU target violated: 201.0ms (200.0ms/201.0ms)
[2025-05-19T06:09:44.397+0000][71][info ][gc          ] GC(17) Pause Remark 130M->130M(3880M) 841.616ms
[2025-05-19T06:09:44.398+0000][71][info ][gc,cpu      ] GC(17) User=7.36s Sys=0.00s Real=0.84s
[2025-05-19T06:09:44.399+0000][71][info ][safepoint   ] Safepoint "G1PauseRemark", Time since last: 549746800 ns, Reaching safepoint: 27066 ns, Cleanup: 6152 ns, At safepoint: 843060391 ns, Total: 843093609 ns
[2025-05-19T06:09:44.400+0000][71][info ][gc,marking  ] GC(17) Concurrent Mark 1230.554ms
[2025-05-19T06:09:44.401+0000][71][info ][gc,marking  ] GC(17) Concurrent Rebuild Remembered Sets and Scrub Regions
[2025-05-19T06:09:44.447+0000][71][info ][gc,marking  ] GC(17) Concurrent Rebuild Remembered Sets and Scrub Regions 45.963ms
[2025-05-19T06:09:44.451+0000][71][info ][gc,start    ] GC(17) Pause Cleanup
[2025-05-19T06:09:44.453+0000][71][info ][gc          ] GC(17) Pause Cleanup 131M->131M(3880M) 1.632ms
[2025-05-19T06:09:44.453+0000][71][info ][gc,cpu      ] GC(17) User=0.00s Sys=0.00s Real=0.00s
[2025-05-19T06:09:44.454+0000][71][info ][safepoint   ] Safepoint "G1PauseCleanup", Time since last: 48698073 ns, Reaching safepoint: 3433760 ns, Cleanup: 256984 ns, At safepoint: 2695349 ns, Total: 6386093 ns
[2025-05-19T06:09:44.454+0000][71][info ][gc,marking  ] GC(17) Concurrent Clear Claimed Marks
[2025-05-19T06:09:44.455+0000][71][info ][gc,marking  ] GC(17) Concurrent Clear Claimed Marks 1.037ms
[2025-05-19T06:09:44.456+0000][71][info ][gc,marking  ] GC(17) Concurrent Cleanup for Next Mark
[2025-05-19T06:09:44.631+0000][71][info ][gc,marking  ] GC(17) Concurrent Cleanup for Next Mark 174.995ms
[2025-05-19T06:09:44.632+0000][71][info ][gc          ] GC(17) Concurrent Mark Cycle 1625.172ms
[2025-05-19T06:09:51.066+0000][71][info ][safepoint   ] Safepoint "Cleanup", Time since last: 6614303394 ns, Reaching safepoint: 38056 ns, Cleanup: 16166 ns, At safepoint: 9114 ns, Total: 63336 ns
[2025-05-19T06:10:02.068+0000][71][info ][safepoint   ] Safepoint "Cleanup", Time since last: 11002433086 ns, Reaching safepoint: 39422 ns, Cleanup: 24536 ns, At safepoint: 15664 ns, Total: 79622 ns
[2025-05-19T06:10:28.439+0000][71][info ][safepoint   ] Safepoint "Cleanup", Time since last: 26373005240 ns, Reaching safepoint: 42339 ns, Cleanup: 22890 ns, At safepoint: 18622 ns, Total: 83851 ns
[2025-05-19T06:10:37.441+0000][71][info ][safepoint   ] Safepoint "Cleanup", Time since last: 9002015887 ns, Reaching safepoint: 64153 ns, Cleanup: 20161 ns, At safepoint: 14540 ns, Total: 98854 ns
[2025-05-19T06:10:38.442+0000][71][info ][safepoint   ] Safepoint "Cleanup", Time since last: 1000740844 ns, Reaching safepoint: 29541 ns, Cleanup: 17484 ns, At safepoint: 11086 ns, Total: 58111 ns
[2025-05-19T06:10:56.100+0000][71][info ][safepoint   ] Safepoint "Cleanup", Time since last: 17660626248 ns, Reaching safepoint: 38118 ns, Cleanup: 18596 ns, At safepoint: 18098 ns, Total: 74812 ns
[2025-05-19T06:10:59.101+0000][71][info ][safepoint   ] Safepoint "Cleanup", Time since last: 3001079745 ns, Reaching safepoint: 37357 ns, Cleanup: 17830 ns, At safepoint: 16394 ns, Total: 71581 ns
[2025-05-19T06:11:01.102+0000][71][info ][safepoint   ] Safepoint "Cleanup", Time since last: 2000818518 ns, Reaching safepoint: 23027 ns, Cleanup: 18387 ns, At safepoint: 9558 ns, Total: 50972 ns
[2025-05-19T06:11:12.104+0000][71][info ][safepoint   ] Safepoint "Cleanup", Time since last: 11002190471 ns, Reaching safepoint: 32902 ns, Cleanup: 17975 ns, At safepoint: 12156 ns, Total: 63033 ns
[2025-05-19T06:11:16.106+0000][71][info ][safepoint   ] Safepoint "Cleanup", Time since last: 4001133483 ns, Reaching safepoint: 30812 ns, Cleanup: 16728 ns, At safepoint: 12111 ns, Total: 59651 ns
[2025-05-19T06:11:21.105+0000][71][info ][safepoint   ] Safepoint "Cleanup", Time since last: 5001437673 ns, Reaching safepoint: 47991 ns, Cleanup: 18350 ns, At safepoint: 9694 ns, Total: 76035 ns
[2025-05-19T06:11:22.460+0000][71][info ][safepoint   ] Safepoint "Cleanup", Time since last: 1355397163 ns, Reaching safepoint: 15481 ns, Cleanup: 20142 ns, At safepoint: 24511 ns, Total: 60134 ns
[2025-05-19T06:11:23.479+0000][71][info ][safepoint   ] Safepoint "Cleanup", Time since last: 1019031102 ns, Reaching safepoint: 30608 ns, Cleanup: 18516 ns, At safepoint: 10608 ns, Total: 59732 ns
[2025-05-19T06:11:36.482+0000][71][info ][safepoint   ] Safepoint "Cleanup", Time since last: 13002467150 ns, Reaching safepoint: 24497 ns, Cleanup: 16201 ns, At safepoint: 10544 ns, Total: 51242 ns
[2025-05-19T06:12:06.135+0000][71][info ][safepoint   ] Safepoint "Cleanup", Time since last: 29655568663 ns, Reaching safepoint: 50053 ns, Cleanup: 27606 ns, At safepoint: 19669 ns, Total: 97328 ns
[2025-05-19T06:12:21.136+0000][71][info ][safepoint   ] Safepoint "Cleanup", Time since last: 15003079266 ns, Reaching safepoint: 244478 ns, Cleanup: 25271 ns, At safepoint: 26790 ns, Total: 296539 ns
[2025-05-19T06:12:24.944+0000][71][info ][safepoint   ] Safepoint "Cleanup", Time since last: 3807943959 ns, Reaching safepoint: 15934 ns, Cleanup: 20265 ns, At safepoint: 88803 ns, Total: 125002 ns
[2025-05-19T06:12:27.948+0000][71][info ][safepoint   ] Safepoint "Cleanup", Time since last: 3003914982 ns, Reaching safepoint: 133618 ns, Cleanup: 12028 ns, At safepoint: 46667 ns, Total: 192313 ns
[2025-05-19T06:12:29.574+0000][71][info ][safepoint   ] Safepoint "Cleanup", Time since last: 1625572782 ns, Reaching safepoint: 32821 ns, Cleanup: 51865 ns, At safepoint: 14907 ns, Total: 99593 ns
[2025-05-19T06:12:32.575+0000][71][info ][safepoint   ] Safepoint "Cleanup", Time since last: 3001258515 ns, Reaching safepoint: 36617 ns, Cleanup: 19297 ns, At safepoint: 17128 ns, Total: 73042 ns
[2025-05-19T06:12:36.932+0000][71][info ][safepoint   ] Safepoint "Cleanup", Time since last: 4356880400 ns, Reaching safepoint: 21137 ns, Cleanup: 23655 ns, At safepoint: 77646 ns, Total: 122438 ns
[2025-05-19T06:12:38.626+0000][71][info ][safepoint   ] Safepoint "Cleanup", Time since last: 1693175033 ns, Reaching safepoint: 31966 ns, Cleanup: 22766 ns, At safepoint: 13039 ns, Total: 67771 ns
[2025-05-19T06:12:47.658+0000][71][info ][safepoint   ] Safepoint "Cleanup", Time since last: 9031930943 ns, Reaching safepoint: 36829 ns, Cleanup: 19852 ns, At safepoint: 18120 ns, Total: 74801 ns
[2025-05-19T06:12:55.725+0000][71][info ][safepoint   ] Safepoint "Cleanup", Time since last: 8070096662 ns, Reaching safepoint: 75180 ns, Cleanup: 21770 ns, At safepoint: 37975 ns, Total: 134925 ns
[2025-05-19T06:13:01.727+0000][71][info ][safepoint   ] Safepoint "Cleanup", Time since last: 6001855972 ns, Reaching safepoint: 34696 ns, Cleanup: 22986 ns, At safepoint: 12780 ns, Total: 70462 ns
[2025-05-19T06:13:05.682+0000][71][info ][safepoint   ] Safepoint "Cleanup", Time since last: 3955153113 ns, Reaching safepoint: 8703 ns, Cleanup: 12060 ns, At safepoint: 17439 ns, Total: 38202 ns
[2025-05-19T06:13:06.710+0000][71][info ][safepoint   ] Safepoint "Cleanup", Time since last: 1027029116 ns, Reaching safepoint: 21969 ns, Cleanup: 17270 ns, At safepoint: 9274 ns, Total: 48513 ns
[2025-05-19T06:13:20.710+0000][71][info ][safepoint   ] Safepoint "Cleanup", Time since last: 14002762271 ns, Reaching safepoint: 168381 ns, Cleanup: 26951 ns, At safepoint: 21911 ns, Total: 217243 ns
[2025-05-19T06:13:26.712+0000][71][info ][safepoint   ] Safepoint "Cleanup", Time since last: 6001612520 ns, Reaching safepoint: 83792 ns, Cleanup: 22438 ns, At safepoint: 17331 ns, Total: 123561 ns
[2025-05-19T06:13:27.973+0000][71][info ][safepoint   ] Safepoint "Cleanup", Time since last: 1260880319 ns, Reaching safepoint: 20431 ns, Cleanup: 15083 ns, At safepoint: 123335 ns, Total: 158849 ns
[2025-05-19T06:13:29.777+0000][71][info ][safepoint   ] Safepoint "Cleanup", Time since last: 1804132420 ns, Reaching safepoint: 24165 ns, Cleanup: 34878 ns, At safepoint: 9975 ns, Total: 69018 ns
[2025-05-19T06:14:02.203+0000][71][info ][safepoint   ] Safepoint "Cleanup", Time since last: 32427491918 ns, Reaching safepoint: 86394 ns, Cleanup: 21314 ns, At safepoint: 19319 ns, Total: 127027 ns
[2025-05-19T06:14:05.204+0000][71][info ][safepoint   ] Safepoint "Cleanup", Time since last: 3001117454 ns, Reaching safepoint: 135054 ns, Cleanup: 24411 ns, At safepoint: 19558 ns, Total: 179023 ns
[2025-05-19T06:14:15.206+0000][71][info ][safepoint   ] Safepoint "Cleanup", Time since last: 10002044028 ns, Reaching safepoint: 47280 ns, Cleanup: 21908 ns, At safepoint: 15663 ns, Total: 84851 ns
[2025-05-19T06:14:21.206+0000][71][info ][safepoint   ] Safepoint "Cleanup", Time since last: 6001589701 ns, Reaching safepoint: 39712 ns, Cleanup: 23505 ns, At safepoint: 16666 ns, Total: 79883 ns
[2025-05-19T06:14:30.928+0000][71][info ][safepoint   ] Safepoint "Cleanup", Time since last: 9722264731 ns, Reaching safepoint: 16083 ns, Cleanup: 13488 ns, At safepoint: 12304 ns, Total: 41875 ns
[2025-05-19T06:14:32.824+0000][71][info ][safepoint   ] Safepoint "Cleanup", Time since last: 1895664270 ns, Reaching safepoint: 27716 ns, Cleanup: 19983 ns, At safepoint: 11254 ns, Total: 58953 ns
[2025-05-19T06:14:52.247+0000][71][info ][safepoint   ] Safepoint "Cleanup", Time since last: 19425831168 ns, Reaching safepoint: 33368 ns, Cleanup: 17377 ns, At safepoint: 11477 ns, Total: 62222 ns
[2025-05-19T06:14:55.248+0000][71][info ][safepoint   ] Safepoint "Cleanup", Time since last: 3001090928 ns, Reaching safepoint: 57202 ns, Cleanup: 20857 ns, At safepoint: 12669 ns, Total: 90728 ns
[2025-05-19T06:15:02.250+0000][71][info ][safepoint   ] Safepoint "Cleanup", Time since last: 7001950005 ns, Reaching safepoint: 36511 ns, Cleanup: 26100 ns, At safepoint: 17609 ns, Total: 80220 ns
[2025-05-19T06:15:21.251+0000][71][info ][safepoint   ] Safepoint "Cleanup", Time since last: 19003569899 ns, Reaching safepoint: 94785 ns, Cleanup: 25064 ns, At safepoint: 12377 ns, Total: 132226 ns
[2025-05-19T06:15:22.252+0000][71][info ][safepoint   ] Safepoint "Cleanup", Time since last: 1000893275 ns, Reaching safepoint: 34074 ns, Cleanup: 19941 ns, At safepoint: 17097 ns, Total: 71112 ns
[2025-05-19T06:15:33.960+0000][71][info ][safepoint   ] Safepoint "Cleanup", Time since last: 11707941648 ns, Reaching safepoint: 16805 ns, Cleanup: 12271 ns, At safepoint: 20587 ns, Total: 49663 ns
[2025-05-19T06:15:35.895+0000][71][info ][safepoint   ] Safepoint "Cleanup", Time since last: 1934400247 ns, Reaching safepoint: 44386 ns, Cleanup: 29819 ns, At safepoint: 32469 ns, Total: 106674 ns
[2025-05-19T06:15:40.897+0000][71][info ][safepoint   ] Safepoint "Cleanup", Time since last: 5001839562 ns, Reaching safepoint: 78872 ns, Cleanup: 20320 ns, At safepoint: 33428 ns, Total: 132620 ns
[2025-05-19T06:15:43.898+0000][71][info ][safepoint   ] Safepoint "Cleanup", Time since last: 3000995173 ns, Reaching safepoint: 36763 ns, Cleanup: 21746 ns, At safepoint: 12218 ns, Total: 70727 ns
[2025-05-19T06:15:46.899+0000][71][info ][safepoint   ] Safepoint "Cleanup", Time since last: 3001027863 ns, Reaching safepoint: 32006 ns, Cleanup: 19088 ns, At safepoint: 12942 ns, Total: 64036 ns
[2025-05-19T06:16:08.281+0000][71][info ][safepoint   ] Safepoint "Cleanup", Time since last: 21385075734 ns, Reaching safepoint: 89152 ns, Cleanup: 20290 ns, At safepoint: 13523 ns, Total: 122965 ns
[2025-05-19T06:16:10.283+0000][71][info ][safepoint   ] Safepoint "Cleanup", Time since last: 2001179714 ns, Reaching safepoint: 44055 ns, Cleanup: 33857 ns, At safepoint: 15976 ns, Total: 93888 ns
[2025-05-19T06:16:11.284+0000][71][info ][safepoint   ] Safepoint "Cleanup", Time since last: 1001507052 ns, Reaching safepoint: 65742 ns, Cleanup: 24760 ns, At safepoint: 11621 ns, Total: 102123 ns
[2025-05-19T06:16:16.286+0000][71][info ][safepoint   ] Safepoint "Cleanup", Time since last: 5001256137 ns, Reaching safepoint: 35752 ns, Cleanup: 24786 ns, At safepoint: 13536 ns, Total: 74074 ns
[2025-05-19T06:16:21.285+0000][71][info ][safepoint   ] Safepoint "Cleanup", Time since last: 5001416019 ns, Reaching safepoint: 34597 ns, Cleanup: 27410 ns, At safepoint: 13073 ns, Total: 75080 ns
[2025-05-19T06:16:35.289+0000][71][info ][safepoint   ] Safepoint "Cleanup", Time since last: 14003217876 ns, Reaching safepoint: 39193 ns, Cleanup: 22932 ns, At safepoint: 18193 ns, Total: 80318 ns
[2025-05-19T06:16:36.966+0000][71][info ][safepoint   ] Safepoint "Cleanup", Time since last: 1677132202 ns, Reaching safepoint: 18326 ns, Cleanup: 14943 ns, At safepoint: 22784 ns, Total: 56053 ns
[2025-05-19T06:16:38.965+0000][71][info ][safepoint   ] Safepoint "Cleanup", Time since last: 1998794300 ns, Reaching safepoint: 36858 ns, Cleanup: 22445 ns, At safepoint: 15586 ns, Total: 74889 ns
[2025-05-19T06:16:48.969+0000][71][info ][safepoint   ] Safepoint "Cleanup", Time since last: 10003680204 ns, Reaching safepoint: 64831 ns, Cleanup: 59908 ns, At safepoint: 12510 ns, Total: 137249 ns
[2025-05-19T06:17:05.315+0000][71][info ][safepoint   ] Safepoint "Cleanup", Time since last: 16349147831 ns, Reaching safepoint: 53481 ns, Cleanup: 18361 ns, At safepoint: 9806 ns, Total: 81648 ns
[2025-05-19T06:17:21.313+0000][71][info ][safepoint   ] Safepoint "Cleanup", Time since last: 16003147312 ns, Reaching safepoint: 66799 ns, Cleanup: 16206 ns, At safepoint: 11010 ns, Total: 94015 ns
[2025-05-19T06:17:39.958+0000][71][info ][safepoint   ] Safepoint "Cleanup", Time since last: 18644734803 ns, Reaching safepoint: 30595 ns, Cleanup: 14038 ns, At safepoint: 124912 ns, Total: 169545 ns
[2025-05-19T06:17:48.947+0000][71][info ][safepoint   ] Safepoint "Cleanup", Time since last: 8988265728 ns, Reaching safepoint: 97341 ns, Cleanup: 17745 ns, At safepoint: 80988 ns, Total: 196074 ns
[2025-05-19T06:17:49.991+0000][71][info ][safepoint   ] Safepoint "Cleanup", Time since last: 1044072305 ns, Reaching safepoint: 37056 ns, Cleanup: 27725 ns, At safepoint: 17830 ns, Total: 82611 ns
[2025-05-19T06:17:51.348+0000][71][info ][safepoint   ] Safepoint "Cleanup", Time since last: 1357142397 ns, Reaching safepoint: 38480 ns, Cleanup: 19904 ns, At safepoint: 18192 ns, Total: 76576 ns
[2025-05-19T06:17:53.118+0000][71][info ][safepoint   ] Safepoint "Cleanup", Time since last: 1769341633 ns, Reaching safepoint: 36331 ns, Cleanup: 21022 ns, At safepoint: 17069 ns, Total: 74422 ns
[2025-05-19T06:17:58.165+0000][71][info ][safepoint   ] Safepoint "Cleanup", Time since last: 5047130197 ns, Reaching safepoint: 36443 ns, Cleanup: 17524 ns, At safepoint: 16650 ns, Total: 70617 ns
[2025-05-19T06:18:03.166+0000][71][info ][safepoint   ] Safepoint "Cleanup", Time since last: 5001493899 ns, Reaching safepoint: 41828 ns, Cleanup: 19283 ns, At safepoint: 11174 ns, Total: 72285 ns
[2025-05-19T06:18:06.802+0000][71][info ][safepoint   ] Safepoint "Cleanup", Time since last: 3635528679 ns, Reaching safepoint: 16751 ns, Cleanup: 13495 ns, At safepoint: 43573 ns, Total: 73819 ns
[2025-05-19T06:18:16.804+0000][71][info ][safepoint   ] Safepoint "Cleanup", Time since last: 10002192566 ns, Reaching safepoint: 65040 ns, Cleanup: 17999 ns, At safepoint: 10909 ns, Total: 93948 ns
[2025-05-19T06:18:20.805+0000][71][info ][safepoint   ] Safepoint "Cleanup", Time since last: 4002366256 ns, Reaching safepoint: 43847 ns, Cleanup: 30190 ns, At safepoint: 17080 ns, Total: 91117 ns
[2025-05-19T06:18:42.809+0000][71][info ][safepoint   ] Safepoint "Cleanup", Time since last: 22003924404 ns, Reaching safepoint: 35779 ns, Cleanup: 22921 ns, At safepoint: 14421 ns, Total: 73121 ns
[2025-05-19T06:18:44.248+0000][71][info ][safepoint   ] Safepoint "Cleanup", Time since last: 1439211559 ns, Reaching safepoint: 41552 ns, Cleanup: 27323 ns, At safepoint: 17790 ns, Total: 86665 ns
[2025-05-19T06:19:20.386+0000][71][info ][safepoint   ] Safepoint "Cleanup", Time since last: 36140581182 ns, Reaching safepoint: 158060 ns, Cleanup: 23814 ns, At safepoint: 14908 ns, Total: 196782 ns
[2025-05-19T06:19:46.324+0000][71][info ][safepoint   ] Safepoint "Cleanup", Time since last: 25938378830 ns, Reaching safepoint: 32190 ns, Cleanup: 33185 ns, At safepoint: 29988 ns, Total: 95363 ns
[2025-05-19T06:20:01.420+0000][71][info ][safepoint   ] Safepoint "Cleanup", Time since last: 15098354878 ns, Reaching safepoint: 37944 ns, Cleanup: 149545 ns, At safepoint: 51578 ns, Total: 239067 ns
[2025-05-19T06:20:03.421+0000][71][info ][safepoint   ] Safepoint "Cleanup", Time since last: 2001009955 ns, Reaching safepoint: 23408 ns, Cleanup: 15817 ns, At safepoint: 8402 ns, Total: 47627 ns
[2025-05-19T06:20:10.423+0000][71][info ][safepoint   ] Safepoint "Cleanup", Time since last: 7001595669 ns, Reaching safepoint: 37193 ns, Cleanup: 17646 ns, At safepoint: 13162 ns, Total: 68001 ns
[2025-05-19T06:20:11.424+0000][71][info ][safepoint   ] Safepoint "Cleanup", Time since last: 1000793071 ns, Reaching safepoint: 39745 ns, Cleanup: 16965 ns, At safepoint: 12673 ns, Total: 69383 ns
[2025-05-19T06:20:20.424+0000][71][info ][safepoint   ] Safepoint "Cleanup", Time since last: 9002185910 ns, Reaching safepoint: 87342 ns, Cleanup: 16684 ns, At safepoint: 11870 ns, Total: 115896 ns
[2025-05-19T06:20:25.426+0000][71][info ][safepoint   ] Safepoint "Cleanup", Time since last: 5001352521 ns, Reaching safepoint: 37331 ns, Cleanup: 20004 ns, At safepoint: 13947 ns, Total: 71282 ns
[2025-05-19T06:20:26.430+0000][71][info ][safepoint   ] Safepoint "Cleanup", Time since last: 1004472986 ns, Reaching safepoint: 33314 ns, Cleanup: 18856 ns, At safepoint: 14377 ns, Total: 66547 ns
[2025-05-19T06:20:49.347+0000][71][info ][safepoint   ] Safepoint "Cleanup", Time since last: 22918829136 ns, Reaching safepoint: 10974 ns, Cleanup: 16910 ns, At safepoint: 16843 ns, Total: 44727 ns
[2025-05-19T06:20:50.385+0000][71][info ][safepoint   ] Safepoint "Cleanup", Time since last: 1038645180 ns, Reaching safepoint: 28265 ns, Cleanup: 18534 ns, At safepoint: 12689 ns, Total: 59488 ns
[2025-05-19T06:21:20.454+0000][71][info ][safepoint   ] Safepoint "Cleanup", Time since last: 30070476768 ns, Reaching safepoint: 73306 ns, Cleanup: 22194 ns, At safepoint: 12126 ns, Total: 107626 ns
[2025-05-19T06:21:26.456+0000][71][info ][safepoint   ] Safepoint "Cleanup", Time since last: 6001579723 ns, Reaching safepoint: 37736 ns, Cleanup: 23095 ns, At safepoint: 16708 ns, Total: 77539 ns
[2025-05-19T06:21:27.457+0000][71][info ][safepoint   ] Safepoint "Cleanup", Time since last: 1000792286 ns, Reaching safepoint: 39007 ns, Cleanup: 19174 ns, At safepoint: 16537 ns, Total: 74718 ns
[2025-05-19T06:21:51.459+0000][71][info ][safepoint   ] Safepoint "Cleanup", Time since last: 24004154900 ns, Reaching safepoint: 56237 ns, Cleanup: 19822 ns, At safepoint: 20373 ns, Total: 96432 ns
[2025-05-19T06:21:53.448+0000][71][info ][safepoint   ] Safepoint "Cleanup", Time since last: 1989288632 ns, Reaching safepoint: 25941 ns, Cleanup: 26661 ns, At safepoint: 19955 ns, Total: 72557 ns
[2025-05-19T06:21:56.449+0000][71][info ][safepoint   ] Safepoint "Cleanup", Time since last: 3000966995 ns, Reaching safepoint: 38134 ns, Cleanup: 17999 ns, At safepoint: 19287 ns, Total: 75420 ns
[2025-05-19T06:22:01.451+0000][71][info ][safepoint   ] Safepoint "Cleanup", Time since last: 5001302071 ns, Reaching safepoint: 39618 ns, Cleanup: 22429 ns, At safepoint: 11734 ns, Total: 73781 ns
[2025-05-19T06:22:06.452+0000][71][info ][safepoint   ] Safepoint "Cleanup", Time since last: 5001765279 ns, Reaching safepoint: 65859 ns, Cleanup: 16935 ns, At safepoint: 11386 ns, Total: 94180 ns
[2025-05-19T06:22:11.454+0000][71][info ][safepoint   ] Safepoint "Cleanup", Time since last: 5001388368 ns, Reaching safepoint: 32308 ns, Cleanup: 17872 ns, At safepoint: 13500 ns, Total: 63680 ns
[2025-05-19T06:22:20.453+0000][71][info ][safepoint   ] Safepoint "Cleanup", Time since last: 9001735953 ns, Reaching safepoint: 33089 ns, Cleanup: 20804 ns, At safepoint: 12522 ns, Total: 66415 ns
[2025-05-19T06:22:46.458+0000][71][info ][safepoint   ] Safepoint "Cleanup", Time since last: 26004762484 ns, Reaching safepoint: 117405 ns, Cleanup: 23936 ns, At safepoint: 18901 ns, Total: 160242 ns
[2025-05-19T06:22:48.459+0000][71][info ][safepoint   ] Safepoint "Cleanup", Time since last: 2000876491 ns, Reaching safepoint: 36972 ns, Cleanup: 18759 ns, At safepoint: 18951 ns, Total: 74682 ns
[2025-05-19T06:22:52.072+0000][71][info ][safepoint   ] Safepoint "Cleanup", Time since last: 3615015331 ns, Reaching safepoint: 116356 ns, Cleanup: 13473 ns, At safepoint: 66714 ns, Total: 196543 ns
[2025-05-19T06:22:53.482+0000][71][info ][safepoint   ] Safepoint "Cleanup", Time since last: 1409566820 ns, Reaching safepoint: 22152 ns, Cleanup: 16875 ns, At safepoint: 9399 ns, Total: 48426 ns
[2025-05-19T06:22:55.500+0000][71][info ][safepoint   ] Safepoint "Cleanup", Time since last: 2017586430 ns, Reaching safepoint: 7108 ns, Cleanup: 14248 ns, At safepoint: 15285 ns, Total: 36641 ns
[2025-05-19T06:22:58.555+0000][71][info ][safepoint   ] Safepoint "Cleanup", Time since last: 3054811754 ns, Reaching safepoint: 32333 ns, Cleanup: 21219 ns, At safepoint: 13569 ns, Total: 67121 ns
[2025-05-19T06:23:00.680+0000][71][info ][safepoint   ] Safepoint "Cleanup", Time since last: 2125349944 ns, Reaching safepoint: 24785 ns, Cleanup: 14131 ns, At safepoint: 94338 ns, Total: 133254 ns
[2025-05-19T06:23:02.055+0000][71][info ][safepoint   ] Safepoint "Cleanup", Time since last: 1374575338 ns, Reaching safepoint: 34142 ns, Cleanup: 34856 ns, At safepoint: 16329 ns, Total: 85327 ns
[2025-05-19T06:23:09.057+0000][71][info ][safepoint   ] Safepoint "Cleanup", Time since last: 7001830374 ns, Reaching safepoint: 57167 ns, Cleanup: 15338 ns, At safepoint: 36038 ns, Total: 108543 ns
[2025-05-19T06:23:22.059+0000][71][info ][safepoint   ] Safepoint "Cleanup", Time since last: 13004599098 ns, Reaching safepoint: 29396 ns, Cleanup: 19066 ns, At safepoint: 11180 ns, Total: 59642 ns
[2025-05-19T06:23:57.971+0000][71][info ][safepoint   ] Safepoint "Cleanup", Time since last: 35913611959 ns, Reaching safepoint: 17663 ns, Cleanup: 15617 ns, At safepoint: 119820 ns, Total: 153100 ns
[2025-05-19T06:23:59.615+0000][71][info ][safepoint   ] Safepoint "Cleanup", Time since last: 1643997905 ns, Reaching safepoint: 31302 ns, Cleanup: 22677 ns, At safepoint: 12647 ns, Total: 66626 ns
[2025-05-19T06:24:23.617+0000][71][info ][safepoint   ] Safepoint "Cleanup", Time since last: 24004457535 ns, Reaching safepoint: 79441 ns, Cleanup: 17815 ns, At safepoint: 35035 ns, Total: 132291 ns
[2025-05-19T06:24:43.622+0000][71][info ][safepoint   ] Safepoint "Cleanup", Time since last: 20004169156 ns, Reaching safepoint: 37113 ns, Cleanup: 24780 ns, At safepoint: 18342 ns, Total: 80235 ns
[2025-05-19T06:24:55.587+0000][71][info ][safepoint   ] Safepoint "Cleanup", Time since last: 11967426054 ns, Reaching safepoint: 57535 ns, Cleanup: 19725 ns, At safepoint: 13142 ns, Total: 90402 ns
[2025-05-19T06:24:56.588+0000][71][info ][safepoint   ] Safepoint "Cleanup", Time since last: 1000946448 ns, Reaching safepoint: 19914 ns, Cleanup: 14436 ns, At safepoint: 8449 ns, Total: 42799 ns
[2025-05-19T06:25:00.939+0000][71][info ][safepoint   ] Safepoint "Cleanup", Time since last: 4350430647 ns, Reaching safepoint: 117436 ns, Cleanup: 13838 ns, At safepoint: 60232 ns, Total: 191506 ns
[2025-05-19T06:25:02.669+0000][71][info ][safepoint   ] Safepoint "Cleanup", Time since last: 1729543044 ns, Reaching safepoint: 35828 ns, Cleanup: 20457 ns, At safepoint: 17571 ns, Total: 73856 ns
[2025-05-19T06:25:06.670+0000][71][info ][safepoint   ] Safepoint "Cleanup", Time since last: 4001318877 ns, Reaching safepoint: 36245 ns, Cleanup: 21750 ns, At safepoint: 18675 ns, Total: 76670 ns
[2025-05-19T06:25:35.674+0000][71][info ][safepoint   ] Safepoint "Cleanup", Time since last: 29005843960 ns, Reaching safepoint: 164274 ns, Cleanup: 17646 ns, At safepoint: 23176 ns, Total: 205096 ns
[2025-05-19T06:25:52.623+0000][71][info ][safepoint   ] Safepoint "Cleanup", Time since last: 16951714564 ns, Reaching safepoint: 30181 ns, Cleanup: 16906 ns, At safepoint: 10484 ns, Total: 57571 ns
[2025-05-19T06:25:56.636+0000][71][info ][safepoint   ] Safepoint "Cleanup", Time since last: 4013104725 ns, Reaching safepoint: 67866 ns, Cleanup: 16019 ns, At safepoint: 29647 ns, Total: 113532 ns
[2025-05-19T06:26:03.638+0000][71][info ][safepoint   ] Safepoint "Cleanup", Time since last: 7001703888 ns, Reaching safepoint: 28139 ns, Cleanup: 20741 ns, At safepoint: 10088 ns, Total: 58968 ns
[2025-05-19T06:26:04.696+0000][71][info ][safepoint   ] Safepoint "Cleanup", Time since last: 1057547012 ns, Reaching safepoint: 6812 ns, Cleanup: 12564 ns, At safepoint: 3173 ns, Total: 22549 ns
[2025-05-19T06:26:34.726+0000][71][info ][safepoint   ] Safepoint "Cleanup", Time since last: 30032050636 ns, Reaching safepoint: 35954 ns, Cleanup: 26488 ns, At safepoint: 15846 ns, Total: 78288 ns
[2025-05-19T06:26:35.727+0000][71][info ][safepoint   ] Safepoint "Cleanup", Time since last: 1000664484 ns, Reaching safepoint: 33200 ns, Cleanup: 17000 ns, At safepoint: 16607 ns, Total: 66807 ns
[2025-05-19T06:26:36.728+0000][71][info ][safepoint   ] Safepoint "Cleanup", Time since last: 1000795282 ns, Reaching safepoint: 19430 ns, Cleanup: 15017 ns, At safepoint: 8946 ns, Total: 43393 ns
[2025-05-19T06:27:03.665+0000][71][info ][safepoint   ] Safepoint "Cleanup", Time since last: 26939189645 ns, Reaching safepoint: 80784 ns, Cleanup: 18161 ns, At safepoint: 31957 ns, Total: 130902 ns
[2025-05-19T06:27:06.948+0000][71][info ][safepoint   ] Safepoint "Cleanup", Time since last: 3283644793 ns, Reaching safepoint: 11957 ns, Cleanup: 8349 ns, At safepoint: 15840 ns, Total: 36146 ns
[2025-05-19T06:27:08.781+0000][71][info ][safepoint   ] Safepoint "Cleanup", Time since last: 1832076455 ns, Reaching safepoint: 20380 ns, Cleanup: 16784 ns, At safepoint: 9570 ns, Total: 46734 ns
[2025-05-19T06:27:27.966+0000][71][info ][safepoint   ] Safepoint "Cleanup", Time since last: 19187932357 ns, Reaching safepoint: 24604 ns, Cleanup: 21278 ns, At safepoint: 15895 ns, Total: 61777 ns
[2025-05-19T06:27:29.827+0000][71][info ][safepoint   ] Safepoint "Cleanup", Time since last: 1860073556 ns, Reaching safepoint: 28579 ns, Cleanup: 86435 ns, At safepoint: 9366 ns, Total: 124380 ns
[2025-05-19T06:27:30.868+0000][71][info ][safepoint   ] Safepoint "Cleanup", Time since last: 1041068775 ns, Reaching safepoint: 7806 ns, Cleanup: 13157 ns, At safepoint: 14932 ns, Total: 35895 ns
[2025-05-19T06:27:32.315+0000][71][info ][safepoint   ] Safepoint "Cleanup", Time since last: 1447220943 ns, Reaching safepoint: 35663 ns, Cleanup: 39170 ns, At safepoint: 18937 ns, Total: 93770 ns
[2025-05-19T06:27:33.891+0000][71][info ][safepoint   ] Safepoint "Cleanup", Time since last: 1576058683 ns, Reaching safepoint: 34680 ns, Cleanup: 24563 ns, At safepoint: 15734 ns, Total: 74977 ns
[2025-05-19T06:27:38.893+0000][71][info ][safepoint   ] Safepoint "Cleanup", Time since last: 5001343286 ns, Reaching safepoint: 37741 ns, Cleanup: 18848 ns, At safepoint: 17406 ns, Total: 73995 ns
[2025-05-19T06:27:39.951+0000][71][info ][safepoint   ] Safepoint "Cleanup", Time since last: 1058664088 ns, Reaching safepoint: 15162 ns, Cleanup: 18410 ns, At safepoint: 87302 ns, Total: 120874 ns
[2025-05-19T06:27:41.916+0000][71][info ][safepoint   ] Safepoint "Cleanup", Time since last: 1964935350 ns, Reaching safepoint: 19419 ns, Cleanup: 18922 ns, At safepoint: 8426 ns, Total: 46767 ns
[2025-05-19T06:27:56.957+0000][71][info ][safepoint   ] Safepoint "Cleanup", Time since last: 15042458949 ns, Reaching safepoint: 28818 ns, Cleanup: 16119 ns, At safepoint: 10884 ns, Total: 55821 ns
[2025-05-19T06:27:57.981+0000][71][info ][safepoint   ] Safepoint "Cleanup", Time since last: 1000918944 ns, Reaching safepoint: 22543149 ns, Cleanup: 26929 ns, At safepoint: 188718 ns, Total: 22758796 ns
[2025-05-19T06:28:01.042+0000][71][info ][safepoint   ] Safepoint "Cleanup", Time since last: 3061602439 ns, Reaching safepoint: 21505 ns, Cleanup: 20920 ns, At safepoint: 8881 ns, Total: 51306 ns
[2025-05-19T06:28:02.109+0000][71][info ][safepoint   ] Safepoint "Cleanup", Time since last: 1066327726 ns, Reaching safepoint: 187118 ns, Cleanup: 24187 ns, At safepoint: 132235 ns, Total: 343540 ns
[2025-05-19T06:28:04.118+0000][71][info ][safepoint   ] Safepoint "Cleanup", Time since last: 2009195069 ns, Reaching safepoint: 20281 ns, Cleanup: 14883 ns, At safepoint: 7749 ns, Total: 42913 ns
[2025-05-19T06:28:06.119+0000][71][info ][safepoint   ] Safepoint "Cleanup", Time since last: 2000740408 ns, Reaching safepoint: 28965 ns, Cleanup: 16136 ns, At safepoint: 11383 ns, Total: 56484 ns
[2025-05-19T06:28:09.970+0000][71][info ][safepoint   ] Safepoint "Cleanup", Time since last: 3851343871 ns, Reaching safepoint: 17489 ns, Cleanup: 19313 ns, At safepoint: 22742 ns, Total: 59544 ns
[2025-05-19T06:28:11.167+0000][71][info ][safepoint   ] Safepoint "Cleanup", Time since last: 1196232726 ns, Reaching safepoint: 16516 ns, Cleanup: 36178 ns, At safepoint: 70181 ns, Total: 122875 ns
[2025-05-19T06:28:12.196+0000][71][info ][safepoint   ] Safepoint "Cleanup", Time since last: 1029033082 ns, Reaching safepoint: 36798 ns, Cleanup: 21760 ns, At safepoint: 18741 ns, Total: 77299 ns
[2025-05-19T06:28:21.196+0000][71][info ][safepoint   ] Safepoint "Cleanup", Time since last: 9002355300 ns, Reaching safepoint: 37888 ns, Cleanup: 27412 ns, At safepoint: 17851 ns, Total: 83151 ns
[2025-05-19T06:28:31.198+0000][71][info ][safepoint   ] Safepoint "Cleanup", Time since last: 10002373838 ns, Reaching safepoint: 31963 ns, Cleanup: 17148 ns, At safepoint: 62905 ns, Total: 112016 ns
[2025-05-19T06:28:35.458+0000][71][info ][safepoint   ] Safepoint "Cleanup", Time since last: 4259370538 ns, Reaching safepoint: 24150 ns, Cleanup: 15831 ns, At safepoint: 9077 ns, Total: 49058 ns
[2025-05-19T06:28:58.738+0000][71][info ][safepoint   ] Safepoint "Cleanup", Time since last: 23282138243 ns, Reaching safepoint: 21261 ns, Cleanup: 15136 ns, At safepoint: 9676 ns, Total: 46073 ns
[2025-05-19T06:29:11.741+0000][71][info ][safepoint   ] Safepoint "Cleanup", Time since last: 13002876654 ns, Reaching safepoint: 85112 ns, Cleanup: 18284 ns, At safepoint: 18599 ns, Total: 121995 ns
[2025-05-19T06:29:12.944+0000][71][info ][safepoint   ] Safepoint "Cleanup", Time since last: 1202661964 ns, Reaching safepoint: 7553 ns, Cleanup: 11922 ns, At safepoint: 15325 ns, Total: 34800 ns
[2025-05-19T06:29:16.255+0000][71][info ][safepoint   ] Safepoint "Cleanup", Time since last: 3311058115 ns, Reaching safepoint: 35321 ns, Cleanup: 18525 ns, At safepoint: 17303 ns, Total: 71149 ns
[2025-05-19T06:29:21.254+0000][71][info ][safepoint   ] Safepoint "Cleanup", Time since last: 5001423208 ns, Reaching safepoint: 34586 ns, Cleanup: 25043 ns, At safepoint: 14557 ns, Total: 74186 ns
[2025-05-19T06:29:41.258+0000][71][info ][safepoint   ] Safepoint "Cleanup", Time since last: 20003639689 ns, Reaching safepoint: 78195 ns, Cleanup: 19987 ns, At safepoint: 16089 ns, Total: 114271 ns
[2025-05-19T06:29:54.899+0000][71][info ][gc,start    ] GC(18) Pause Young (Prepare Mixed) (G1 Evacuation Pause)
[2025-05-19T06:29:54.906+0000][71][info ][gc,task     ] GC(18) Using 10 workers of 10 for evacuation
[2025-05-19T06:29:54.907+0000][71][debug][gc,age      ] GC(18) Desired survivor size 71303168 bytes, new threshold 15 (max threshold 15)
[2025-05-19T06:29:54.941+0000][71][info ][gc,phases   ] GC(18)   Pre Evacuate Collection Set: 8.16ms
[2025-05-19T06:29:54.942+0000][71][info ][gc,phases   ] GC(18)   Merge Heap Roots: 1.34ms
[2025-05-19T06:29:54.942+0000][71][info ][gc,phases   ] GC(18)   Evacuate Collection Set: 19.85ms
[2025-05-19T06:29:54.943+0000][71][info ][gc,phases   ] GC(18)   Post Evacuate Collection Set: 3.65ms
[2025-05-19T06:29:54.944+0000][71][info ][gc,phases   ] GC(18)   Other: 3.09ms
[2025-05-19T06:29:54.944+0000][71][trace][gc,age      ] GC(18) Age table with threshold 15 (max threshold 15)
[2025-05-19T06:29:54.945+0000][71][trace][gc,age      ] GC(18) - age   1:    1607592 bytes,    1607592 total
[2025-05-19T06:29:54.945+0000][71][trace][gc,age      ] GC(18) - age   2:      44392 bytes,    1651984 total
[2025-05-19T06:29:54.946+0000][71][trace][gc,age      ] GC(18) - age   3:      80624 bytes,    1732608 total
[2025-05-19T06:29:54.947+0000][71][trace][gc,age      ] GC(18) - age   4:    2260112 bytes,    3992720 total
[2025-05-19T06:29:54.947+0000][71][trace][gc,age      ] GC(18) - age   5:      66456 bytes,    4059176 total
[2025-05-19T06:29:54.948+0000][71][info ][gc,heap     ] GC(18) Eden regions: 263->0(348)
[2025-05-19T06:29:54.948+0000][71][info ][gc,heap     ] GC(18) Survivor regions: 2->2(34)
[2025-05-19T06:29:54.949+0000][71][info ][gc,heap     ] GC(18) Old regions: 30->30
[2025-05-19T06:29:54.949+0000][71][info ][gc,heap     ] GC(18) Humongous regions: 0->0
[2025-05-19T06:29:54.950+0000][71][info ][gc,metaspace] GC(18) Metaspace: 147717K(151680K)->147717K(151680K) NonClass: 127647K(129792K)->127647K(129792K) Class: 20070K(21888K)->20070K(21888K)
[2025-05-19T06:29:54.951+0000][71][info ][gc          ] GC(18) Pause Young (Prepare Mixed) (G1 Evacuation Pause) 1173M->121M(3880M) 52.208ms
[2025-05-19T06:29:54.952+0000][71][info ][gc,cpu      ] GC(18) User=0.27s Sys=0.00s Real=0.05s
[2025-05-19T06:29:54.952+0000][71][info ][safepoint   ] Safepoint "G1CollectForAllocation", Time since last: 13642579497 ns, Reaching safepoint: 19352 ns, Cleanup: 4470 ns, At safepoint: 53559997 ns, Total: 53583819 ns
[2025-05-19T06:30:03.954+0000][71][info ][safepoint   ] Safepoint "Cleanup", Time since last: 9002063940 ns, Reaching safepoint: 71467 ns, Cleanup: 19333 ns, At safepoint: 16118 ns, Total: 106918 ns
[2025-05-19T06:30:05.955+0000][71][info ][safepoint   ] Safepoint "Cleanup", Time since last: 2000841670 ns, Reaching safepoint: 35233 ns, Cleanup: 26031 ns, At safepoint: 17262 ns, Total: 78526 ns
[2025-05-19T06:30:15.951+0000][71][info ][safepoint   ] Safepoint "Cleanup", Time since last: 9995789370 ns, Reaching safepoint: 18255 ns, Cleanup: 17449 ns, At safepoint: 73102 ns, Total: 108806 ns
[2025-05-19T06:30:17.307+0000][71][info ][safepoint   ] Safepoint "Cleanup", Time since last: 1355422235 ns, Reaching safepoint: 35950 ns, Cleanup: 26019 ns, At safepoint: 16877 ns, Total: 78846 ns
[2025-05-19T06:30:19.306+0000][71][info ][safepoint   ] Safepoint "Cleanup", Time since last: 2000902276 ns, Reaching safepoint: 176937 ns, Cleanup: 17965 ns, At safepoint: 73000 ns, Total: 267902 ns
[2025-05-19T06:30:21.307+0000][71][info ][safepoint   ] Safepoint "Cleanup", Time since last: 2000943491 ns, Reaching safepoint: 37454 ns, Cleanup: 20897 ns, At safepoint: 20173 ns, Total: 78524 ns
[2025-05-19T06:30:25.308+0000][71][info ][safepoint   ] Safepoint "Cleanup", Time since last: 4001227520 ns, Reaching safepoint: 36071 ns, Cleanup: 20441 ns, At safepoint: 16633 ns, Total: 73145 ns
[2025-05-19T06:30:49.311+0000][71][info ][safepoint   ] Safepoint "Cleanup", Time since last: 24004695159 ns, Reaching safepoint: 71405 ns, Cleanup: 19346 ns, At safepoint: 15852 ns, Total: 106603 ns
[2025-05-19T06:31:18.933+0000][71][info ][safepoint   ] Safepoint "Cleanup", Time since last: 29622049737 ns, Reaching safepoint: 106561 ns, Cleanup: 13326 ns, At safepoint: 26197 ns, Total: 146084 ns
[2025-05-19T06:31:20.352+0000][71][info ][safepoint   ] Safepoint "Cleanup", Time since last: 1421775275 ns, Reaching safepoint: 20340 ns, Cleanup: 26189 ns, At safepoint: 7873 ns, Total: 54402 ns
[2025-05-19T06:31:21.353+0000][71][info ][safepoint   ] Safepoint "Cleanup", Time since last: 1000656393 ns, Reaching safepoint: 30354 ns, Cleanup: 16039 ns, At safepoint: 11937 ns, Total: 58330 ns
[2025-05-19T06:31:35.356+0000][71][info ][safepoint   ] Safepoint "Cleanup", Time since last: 14002540664 ns, Reaching safepoint: 33848 ns, Cleanup: 18568 ns, At safepoint: 10786 ns, Total: 63202 ns
[2025-05-19T06:31:53.852+0000][71][info ][safepoint   ] Safepoint "Cleanup", Time since last: 18497851357 ns, Reaching safepoint: 35639 ns, Cleanup: 18669 ns, At safepoint: 11391 ns, Total: 65699 ns
[2025-05-19T06:32:22.399+0000][71][info ][safepoint   ] Safepoint "Cleanup", Time since last: 28549871913 ns, Reaching safepoint: 26493 ns, Cleanup: 12420 ns, At safepoint: 70061 ns, Total: 108974 ns
[2025-05-19T06:32:26.401+0000][71][info ][safepoint   ] Safepoint "Cleanup", Time since last: 4001582506 ns, Reaching safepoint: 30975 ns, Cleanup: 17919 ns, At safepoint: 11454 ns, Total: 60348 ns
[2025-05-19T06:32:35.403+0000][71][info ][safepoint   ] Safepoint "Cleanup", Time since last: 9001959254 ns, Reaching safepoint: 19607 ns, Cleanup: 13912 ns, At safepoint: 8632 ns, Total: 42151 ns
[2025-05-19T06:32:43.404+0000][71][info ][safepoint   ] Safepoint "Cleanup", Time since last: 8001837189 ns, Reaching safepoint: 31541 ns, Cleanup: 18101 ns, At safepoint: 11523 ns, Total: 61165 ns
[2025-05-19T06:32:56.891+0000][71][info ][safepoint   ] Safepoint "Cleanup", Time since last: 13488127889 ns, Reaching safepoint: 35190 ns, Cleanup: 19865 ns, At safepoint: 17197 ns, Total: 72252 ns
[2025-05-19T06:32:57.945+0000][71][info ][safepoint   ] Safepoint "Cleanup", Time since last: 1054093576 ns, Reaching safepoint: 6722 ns, Cleanup: 8337 ns, At safepoint: 13491 ns, Total: 28550 ns
[2025-05-19T06:32:59.426+0000][71][info ][safepoint   ] Safepoint "Cleanup", Time since last: 1480788873 ns, Reaching safepoint: 37828 ns, Cleanup: 21081 ns, At safepoint: 18241 ns, Total: 77150 ns
[2025-05-19T06:33:01.443+0000][71][info ][safepoint   ] Safepoint "Cleanup", Time since last: 2017696782 ns, Reaching safepoint: 6793 ns, Cleanup: 7989 ns, At safepoint: 3198 ns, Total: 17980 ns
[2025-05-19T06:33:04.451+0000][71][info ][safepoint   ] Safepoint "Cleanup", Time since last: 3007902256 ns, Reaching safepoint: 36736 ns, Cleanup: 26621 ns, At safepoint: 18449 ns, Total: 81806 ns
[2025-05-19T06:33:05.477+0000][71][info ][safepoint   ] Safepoint "Cleanup", Time since last: 1025149193 ns, Reaching safepoint: 27029 ns, Cleanup: 17185 ns, At safepoint: 11361 ns, Total: 55575 ns
[2025-05-19T06:33:20.478+0000][71][info ][safepoint   ] Safepoint "Cleanup", Time since last: 15003288908 ns, Reaching safepoint: 71872 ns, Cleanup: 27713 ns, At safepoint: 12153 ns, Total: 111738 ns
[2025-05-19T06:33:24.939+0000][71][info ][safepoint   ] Safepoint "Cleanup", Time since last: 4460938764 ns, Reaching safepoint: 7359 ns, Cleanup: 11138 ns, At safepoint: 14999 ns, Total: 33496 ns
[2025-05-19T06:33:26.523+0000][71][info ][safepoint   ] Safepoint "Cleanup", Time since last: 1583854447 ns, Reaching safepoint: 38155 ns, Cleanup: 20312 ns, At safepoint: 17904 ns, Total: 76371 ns
[2025-05-19T06:33:28.525+0000][71][info ][safepoint   ] Safepoint "Cleanup", Time since last: 2001176948 ns, Reaching safepoint: 32705 ns, Cleanup: 21662 ns, At safepoint: 15457 ns, Total: 69824 ns
[2025-05-19T06:33:40.697+0000][71][info ][safepoint   ] Safepoint "Cleanup", Time since last: 12171986385 ns, Reaching safepoint: 65152 ns, Cleanup: 16746 ns, At safepoint: 14133 ns, Total: 96031 ns
[2025-05-19T06:33:53.927+0000][71][info ][safepoint   ] Safepoint "Cleanup", Time since last: 13232427192 ns, Reaching safepoint: 32128 ns, Cleanup: 16497 ns, At safepoint: 15274 ns, Total: 63899 ns
[2025-05-19T06:34:05.929+0000][71][info ][safepoint   ] Safepoint "Cleanup", Time since last: 12002238000 ns, Reaching safepoint: 19547 ns, Cleanup: 17326 ns, At safepoint: 7820 ns, Total: 44693 ns
[2025-05-19T06:34:20.930+0000][71][info ][safepoint   ] Safepoint "Cleanup", Time since last: 15002912437 ns, Reaching safepoint: 218712 ns, Cleanup: 20386 ns, At safepoint: 18098 ns, Total: 257196 ns
[2025-05-19T06:34:28.545+0000][71][info ][safepoint   ] Safepoint "Cleanup", Time since last: 7614885847 ns, Reaching safepoint: 11837 ns, Cleanup: 11346 ns, At safepoint: 17594 ns, Total: 40777 ns
[2025-05-19T06:34:31.566+0000][71][info ][safepoint   ] Safepoint "Cleanup", Time since last: 3021231077 ns, Reaching safepoint: 35092 ns, Cleanup: 20190 ns, At safepoint: 15590 ns, Total: 70872 ns
[2025-05-19T06:34:43.569+0000][71][info ][safepoint   ] Safepoint "Cleanup", Time since last: 12002585371 ns, Reaching safepoint: 68649 ns, Cleanup: 19274 ns, At safepoint: 10183 ns, Total: 98106 ns
[2025-05-19T06:35:20.966+0000][71][info ][safepoint   ] Safepoint "Cleanup", Time since last: 37401235240 ns, Reaching safepoint: 41283 ns, Cleanup: 18198 ns, At safepoint: 7947 ns, Total: 67428 ns
[2025-05-19T06:35:30.934+0000][71][info ][safepoint   ] Safepoint "Cleanup", Time since last: 9967680257 ns, Reaching safepoint: 17293 ns, Cleanup: 17561 ns, At safepoint: 4498 ns, Total: 39352 ns
[2025-05-19T06:35:32.619+0000][71][info ][safepoint   ] Safepoint "Cleanup", Time since last: 1685523950 ns, Reaching safepoint: 38061 ns, Cleanup: 16952 ns, At safepoint: 15324 ns, Total: 70337 ns
[2025-05-19T06:35:36.620+0000][71][info ][safepoint   ] Safepoint "Cleanup", Time since last: 4001146942 ns, Reaching safepoint: 67813 ns, Cleanup: 31844 ns, At safepoint: 14618 ns, Total: 114275 ns
[2025-05-19T06:35:37.623+0000][71][info ][safepoint   ] Safepoint "Cleanup", Time since last: 1002452792 ns, Reaching safepoint: 32164 ns, Cleanup: 24515 ns, At safepoint: 15282 ns, Total: 71961 ns
[2025-05-19T06:36:20.999+0000][71][info ][safepoint   ] Safepoint "Cleanup", Time since last: 43379778790 ns, Reaching safepoint: 88942 ns, Cleanup: 30601 ns, At safepoint: 19756 ns, Total: 139299 ns
[2025-05-19T06:36:34.660+0000][71][info ][safepoint   ] Safepoint "Cleanup", Time since last: 13661694142 ns, Reaching safepoint: 6915 ns, Cleanup: 10943 ns, At safepoint: 6185 ns, Total: 24043 ns
[2025-05-19T06:37:21.034+0000][71][info ][safepoint   ] Safepoint "Cleanup", Time since last: 46377806484 ns, Reaching safepoint: 97425 ns, Cleanup: 20487 ns, At safepoint: 19148 ns, Total: 137060 ns
[2025-05-19T06:37:36.038+0000][71][info ][safepoint   ] Safepoint "Cleanup", Time since last: 15003093577 ns, Reaching safepoint: 34073 ns, Cleanup: 21658 ns, At safepoint: 15131 ns, Total: 70862 ns
[2025-05-19T06:37:37.710+0000][71][info ][safepoint   ] Safepoint "Cleanup", Time since last: 1672410135 ns, Reaching safepoint: 20217 ns, Cleanup: 15268 ns, At safepoint: 81003 ns, Total: 116488 ns
[2025-05-19T06:37:38.736+0000][71][info ][safepoint   ] Safepoint "Cleanup", Time since last: 1026352740 ns, Reaching safepoint: 30219 ns, Cleanup: 15902 ns, At safepoint: 10618 ns, Total: 56739 ns
[2025-05-19T06:38:00.928+0000][71][info ][safepoint   ] Safepoint "Cleanup", Time since last: 22194223365 ns, Reaching safepoint: 186837 ns, Cleanup: 12036 ns, At safepoint: 43044 ns, Total: 241917 ns
[2025-05-19T06:38:04.773+0000][71][info ][safepoint   ] Safepoint "Cleanup", Time since last: 3844379865 ns, Reaching safepoint: 6529 ns, Cleanup: 8042 ns, At safepoint: 3350 ns, Total: 17921 ns
[2025-05-19T06:38:16.806+0000][71][info ][safepoint   ] Safepoint "Cleanup", Time since last: 12033048686 ns, Reaching safepoint: 61189 ns, Cleanup: 17251 ns, At safepoint: 11387 ns, Total: 89827 ns
[2025-05-19T06:38:21.805+0000][71][info ][safepoint   ] Safepoint "Cleanup", Time since last: 5001556464 ns, Reaching safepoint: 30711 ns, Cleanup: 22978 ns, At safepoint: 15643 ns, Total: 69332 ns
[2025-05-19T06:38:30.662+0000][71][info ][safepoint   ] Safepoint "Cleanup", Time since last: 8856719297 ns, Reaching safepoint: 19248 ns, Cleanup: 13371 ns, At safepoint: 23593 ns, Total: 56212 ns
[2025-05-19T06:38:46.874+0000][71][info ][safepoint   ] Safepoint "Cleanup", Time since last: 16211874379 ns, Reaching safepoint: 38064 ns, Cleanup: 20888 ns, At safepoint: 17927 ns, Total: 76879 ns
[2025-05-19T06:39:09.106+0000][71][info ][safepoint   ] Safepoint "Cleanup", Time since last: 22233944272 ns, Reaching safepoint: 143313 ns, Cleanup: 19670 ns, At safepoint: 34394 ns, Total: 197377 ns
[2025-05-19T06:39:21.107+0000][71][info ][safepoint   ] Safepoint "Cleanup", Time since last: 12003142302 ns, Reaching safepoint: 33386 ns, Cleanup: 23680 ns, At safepoint: 16615 ns, Total: 73681 ns
[2025-05-19T06:39:41.111+0000][71][info ][safepoint   ] Safepoint "Cleanup", Time since last: 20003770201 ns, Reaching safepoint: 81989 ns, Cleanup: 19937 ns, At safepoint: 19748 ns, Total: 121674 ns
[2025-05-19T06:39:42.938+0000][71][info ][safepoint   ] Safepoint "Cleanup", Time since last: 1826356548 ns, Reaching safepoint: 15811 ns, Cleanup: 15592 ns, At safepoint: 19497 ns, Total: 50900 ns
[2025-05-19T06:40:21.144+0000][71][info ][safepoint   ] Safepoint "Cleanup", Time since last: 38210490243 ns, Reaching safepoint: 76163 ns, Cleanup: 19860 ns, At safepoint: 16177 ns, Total: 112200 ns
[2025-05-19T06:40:25.146+0000][71][info ][safepoint   ] Safepoint "Cleanup", Time since last: 4001422107 ns, Reaching safepoint: 34819 ns, Cleanup: 17828 ns, At safepoint: 16604 ns, Total: 69251 ns
[2025-05-19T06:40:45.937+0000][71][info ][safepoint   ] Safepoint "Cleanup", Time since last: 20790874667 ns, Reaching safepoint: 10582 ns, Cleanup: 13773 ns, At safepoint: 17778 ns, Total: 42133 ns
[2025-05-19T06:40:46.968+0000][71][info ][safepoint   ] Safepoint "Cleanup", Time since last: 1031391174 ns, Reaching safepoint: 9269 ns, Cleanup: 13269 ns, At safepoint: 15936 ns, Total: 38474 ns
[2025-05-19T06:40:47.989+0000][71][info ][safepoint   ] Safepoint "Cleanup", Time since last: 1020596824 ns, Reaching safepoint: 35185 ns, Cleanup: 17709 ns, At safepoint: 17029 ns, Total: 69923 ns
[2025-05-19T06:40:58.179+0000][71][info ][safepoint   ] Safepoint "Cleanup", Time since last: 10193789252 ns, Reaching safepoint: 32068 ns, Cleanup: 17110 ns, At safepoint: 17544 ns, Total: 66722 ns
[2025-05-19T06:41:06.182+0000][71][info ][safepoint   ] Safepoint "Cleanup", Time since last: 8001979566 ns, Reaching safepoint: 146568 ns, Cleanup: 18413 ns, At safepoint: 19506 ns, Total: 184487 ns
[2025-05-19T06:41:11.183+0000][71][info ][safepoint   ] Safepoint "Cleanup", Time since last: 5001472323 ns, Reaching safepoint: 34578 ns, Cleanup: 17138 ns, At safepoint: 16711 ns, Total: 68427 ns
[2025-05-19T06:41:48.940+0000][71][info ][safepoint   ] Safepoint "Cleanup", Time since last: 37757952165 ns, Reaching safepoint: 115442 ns, Cleanup: 14402 ns, At safepoint: 52677 ns, Total: 182521 ns
[2025-05-19T06:41:49.968+0000][71][info ][safepoint   ] Safepoint "Cleanup", Time since last: 1030641677 ns, Reaching safepoint: 26681 ns, Cleanup: 16180 ns, At safepoint: 10653 ns, Total: 53514 ns
[2025-05-19T06:42:01.219+0000][71][info ][safepoint   ] Safepoint "Cleanup", Time since last: 11250225773 ns, Reaching safepoint: 33573 ns, Cleanup: 19873 ns, At safepoint: 12294 ns, Total: 65740 ns
[2025-05-19T06:42:06.220+0000][71][info ][safepoint   ] Safepoint "Cleanup", Time since last: 5001442257 ns, Reaching safepoint: 72212 ns, Cleanup: 18703 ns, At safepoint: 16939 ns, Total: 107854 ns
[2025-05-19T06:42:16.223+0000][71][info ][safepoint   ] Safepoint "Cleanup", Time since last: 10002286197 ns, Reaching safepoint: 36513 ns, Cleanup: 18405 ns, At safepoint: 19466 ns, Total: 74384 ns
[2025-05-19T06:42:21.222+0000][71][info ][safepoint   ] Safepoint "Cleanup", Time since last: 5001683899 ns, Reaching safepoint: 92544 ns, Cleanup: 14197 ns, At safepoint: 8830 ns, Total: 115571 ns
[2025-05-19T06:42:26.223+0000][71][info ][safepoint   ] Safepoint "Cleanup", Time since last: 5001298638 ns, Reaching safepoint: 106557 ns, Cleanup: 18246 ns, At safepoint: 9847 ns, Total: 134650 ns
[2025-05-19T06:42:52.100+0000][71][info ][safepoint   ] Safepoint "Cleanup", Time since last: 25879028994 ns, Reaching safepoint: 27235 ns, Cleanup: 17082 ns, At safepoint: 75013 ns, Total: 119330 ns
[2025-05-19T06:43:05.244+0000][71][info ][safepoint   ] Safepoint "Cleanup", Time since last: 13144589334 ns, Reaching safepoint: 16058 ns, Cleanup: 18908 ns, At safepoint: 33218 ns, Total: 68184 ns
[2025-05-19T06:43:06.937+0000][71][info ][safepoint   ] Safepoint "Cleanup", Time since last: 1692563892 ns, Reaching safepoint: 85337 ns, Cleanup: 9377 ns, At safepoint: 17469 ns, Total: 112183 ns
[2025-05-19T06:43:08.230+0000][71][info ][safepoint   ] Safepoint "Cleanup", Time since last: 1292649666 ns, Reaching safepoint: 23929 ns, Cleanup: 16867 ns, At safepoint: 10263 ns, Total: 51059 ns
[2025-05-19T06:43:55.293+0000][71][info ][safepoint   ] Safepoint "Cleanup", Time since last: 47066685784 ns, Reaching safepoint: 17541 ns, Cleanup: 11281 ns, At safepoint: 35805 ns, Total: 64627 ns
[2025-05-19T06:43:56.298+0000][71][info ][safepoint   ] Safepoint "Cleanup", Time since last: 1005109192 ns, Reaching safepoint: 7017 ns, Cleanup: 9680 ns, At safepoint: 11178 ns, Total: 27875 ns
[2025-05-19T06:44:20.304+0000][71][info ][safepoint   ] Safepoint "Cleanup", Time since last: 24008468068 ns, Reaching safepoint: 44986 ns, Cleanup: 15778 ns, At safepoint: 8333 ns, Total: 69097 ns
[2025-05-19T06:44:33.307+0000][71][info ][safepoint   ] Safepoint "Cleanup", Time since last: 13003188300 ns, Reaching safepoint: 30938 ns, Cleanup: 17413 ns, At safepoint: 15679 ns, Total: 64030 ns
[2025-05-19T06:44:57.955+0000][71][info ][safepoint   ] Safepoint "Cleanup", Time since last: 24650155017 ns, Reaching safepoint: 6306 ns, Cleanup: 21773 ns, At safepoint: 13015 ns, Total: 41094 ns
[2025-05-19T06:44:59.349+0000][71][info ][safepoint   ] Safepoint "Cleanup", Time since last: 1394261263 ns, Reaching safepoint: 35461 ns, Cleanup: 17590 ns, At safepoint: 16237 ns, Total: 69288 ns
[2025-05-19T06:45:21.351+0000][71][info ][safepoint   ] Safepoint "Cleanup", Time since last: 22004355053 ns, Reaching safepoint: 75436 ns, Cleanup: 18806 ns, At safepoint: 18686 ns, Total: 112928 ns
[2025-05-19T06:45:31.353+0000][71][info ][safepoint   ] Safepoint "Cleanup", Time since last: 10001987519 ns, Reaching safepoint: 24941 ns, Cleanup: 16073 ns, At safepoint: 8467 ns, Total: 49481 ns
[2025-05-19T06:45:33.354+0000][71][info ][safepoint   ] Safepoint "Cleanup", Time since last: 2001023030 ns, Reaching safepoint: 18107 ns, Cleanup: 18192 ns, At safepoint: 7029 ns, Total: 43328 ns
[2025-05-19T06:45:35.355+0000][71][info ][safepoint   ] Safepoint "Cleanup", Time since last: 2000910657 ns, Reaching safepoint: 25163 ns, Cleanup: 15256 ns, At safepoint: 8559 ns, Total: 48978 ns
[2025-05-19T06:46:00.927+0000][71][info ][safepoint   ] Safepoint "Cleanup", Time since last: 25573339165 ns, Reaching safepoint: 15629 ns, Cleanup: 19476 ns, At safepoint: 81605 ns, Total: 116710 ns
[2025-05-19T06:46:02.403+0000][71][info ][safepoint   ] Safepoint "Cleanup", Time since last: 1475452737 ns, Reaching safepoint: 24199 ns, Cleanup: 16030 ns, At safepoint: 9059 ns, Total: 49288 ns
[2025-05-19T06:46:35.408+0000][71][info ][safepoint   ] Safepoint "Cleanup", Time since last: 33007639368 ns, Reaching safepoint: 35576 ns, Cleanup: 18134 ns, At safepoint: 19164 ns, Total: 72874 ns
[2025-05-19T06:47:03.948+0000][71][info ][safepoint   ] Safepoint "Cleanup", Time since last: 28541433104 ns, Reaching safepoint: 16570 ns, Cleanup: 13847 ns, At safepoint: 24940 ns, Total: 55357 ns
[2025-05-19T06:47:05.446+0000][71][info ][safepoint   ] Safepoint "Cleanup", Time since last: 1498413124 ns, Reaching safepoint: 32313 ns, Cleanup: 17237 ns, At safepoint: 17132 ns, Total: 66682 ns
[2025-05-19T06:47:08.447+0000][71][info ][safepoint   ] Safepoint "Cleanup", Time since last: 3000931653 ns, Reaching safepoint: 24177 ns, Cleanup: 16101 ns, At safepoint: 10185 ns, Total: 50463 ns
[2025-05-19T06:47:18.450+0000][71][info ][safepoint   ] Safepoint "Cleanup", Time since last: 10002753684 ns, Reaching safepoint: 43194 ns, Cleanup: 15181 ns, At safepoint: 9255 ns, Total: 67630 ns
[2025-05-19T06:47:20.448+0000][71][info ][safepoint   ] Safepoint "Cleanup", Time since last: 2001128731 ns, Reaching safepoint: 25031 ns, Cleanup: 15008 ns, At safepoint: 10223 ns, Total: 50262 ns
[2025-05-19T06:48:06.928+0000][71][info ][safepoint   ] Safepoint "Cleanup", Time since last: 46480923411 ns, Reaching safepoint: 19865 ns, Cleanup: 14602 ns, At safepoint: 20118 ns, Total: 54585 ns
[2025-05-19T06:48:09.962+0000][71][info ][safepoint   ] Safepoint "Cleanup", Time since last: 3034272169 ns, Reaching safepoint: 13622 ns, Cleanup: 9926 ns, At safepoint: 17444 ns, Total: 40992 ns
[2025-05-19T06:48:12.499+0000][71][info ][safepoint   ] Safepoint "Cleanup", Time since last: 2537433461 ns, Reaching safepoint: 35815 ns, Cleanup: 18785 ns, At safepoint: 18963 ns, Total: 73563 ns
[2025-05-19T06:48:13.519+0000][71][info ][safepoint   ] Safepoint "Cleanup", Time since last: 1019061006 ns, Reaching safepoint: 33864 ns, Cleanup: 17943 ns, At safepoint: 16144 ns, Total: 67951 ns
[2025-05-19T06:48:19.517+0000][71][info ][safepoint   ] Safepoint "Cleanup", Time since last: 6001576517 ns, Reaching safepoint: 32524 ns, Cleanup: 16896 ns, At safepoint: 15702 ns, Total: 65122 ns
[2025-05-19T06:48:20.518+0000][71][info ][safepoint   ] Safepoint "Cleanup", Time since last: 1000622900 ns, Reaching safepoint: 32494 ns, Cleanup: 18154 ns, At safepoint: 16630 ns, Total: 67278 ns
[2025-05-19T06:48:30.647+0000][71][info ][safepoint   ] Safepoint "Cleanup", Time since last: 10129250973 ns, Reaching safepoint: 112086 ns, Cleanup: 12470 ns, At safepoint: 43811 ns, Total: 168367 ns
[2025-05-19T06:48:31.658+0000][71][info ][safepoint   ] Safepoint "Cleanup", Time since last: 1010492154 ns, Reaching safepoint: 30811 ns, Cleanup: 19995 ns, At safepoint: 15813 ns, Total: 66619 ns
[2025-05-19T06:48:33.659+0000][71][info ][safepoint   ] Safepoint "Cleanup", Time since last: 2000879747 ns, Reaching safepoint: 36546 ns, Cleanup: 20433 ns, At safepoint: 21680 ns, Total: 78659 ns
[2025-05-19T06:49:06.479+0000][71][info ][safepoint   ] Safepoint "Cleanup", Time since last: 32821818563 ns, Reaching safepoint: 72313 ns, Cleanup: 15891 ns, At safepoint: 15564 ns, Total: 103768 ns
[2025-05-19T06:49:14.586+0000][71][info ][safepoint   ] Safepoint "Cleanup", Time since last: 8106758436 ns, Reaching safepoint: 32917 ns, Cleanup: 15943 ns, At safepoint: 17185 ns, Total: 66045 ns
[2025-05-19T06:49:33.587+0000][71][info ][safepoint   ] Safepoint "Cleanup", Time since last: 19003540522 ns, Reaching safepoint: 74080 ns, Cleanup: 14095 ns, At safepoint: 11420 ns, Total: 99595 ns
[2025-05-19T06:49:35.588+0000][71][info ][safepoint   ] Safepoint "Cleanup", Time since last: 2000624722 ns, Reaching safepoint: 195442 ns, Cleanup: 21938 ns, At safepoint: 28857 ns, Total: 246237 ns
[2025-05-19T06:49:51.514+0000][71][info ][safepoint   ] Safepoint "Cleanup", Time since last: 15928391981 ns, Reaching safepoint: 55981 ns, Cleanup: 13937 ns, At safepoint: 12706 ns, Total: 82624 ns
[2025-05-19T06:49:58.517+0000][71][info ][safepoint   ] Safepoint "Cleanup", Time since last: 7002232228 ns, Reaching safepoint: 31122 ns, Cleanup: 17897 ns, At safepoint: 16640 ns, Total: 65659 ns
[2025-05-19T06:50:00.517+0000][71][info ][safepoint   ] Safepoint "Cleanup", Time since last: 2000717509 ns, Reaching safepoint: 26757 ns, Cleanup: 14625 ns, At safepoint: 10603 ns, Total: 51985 ns
[2025-05-19T06:50:12.925+0000][71][info ][safepoint   ] Safepoint "Cleanup", Time since last: 12407516031 ns, Reaching safepoint: 29630 ns, Cleanup: 16513 ns, At safepoint: 94487 ns, Total: 140630 ns
[2025-05-19T06:50:41.620+0000][71][info ][safepoint   ] Safepoint "Cleanup", Time since last: 28696468601 ns, Reaching safepoint: 392198 ns, Cleanup: 21795 ns, At safepoint: 26966 ns, Total: 440959 ns
[2025-05-19T06:51:15.957+0000][71][info ][safepoint   ] Safepoint "Cleanup", Time since last: 34339219402 ns, Reaching safepoint: 19216 ns, Cleanup: 23440 ns, At safepoint: 98825 ns, Total: 141481 ns
[2025-05-19T06:51:51.591+0000][71][info ][safepoint   ] Safepoint "Cleanup", Time since last: 35638174862 ns, Reaching safepoint: 72657 ns, Cleanup: 18973 ns, At safepoint: 16683 ns, Total: 108313 ns
[2025-05-19T06:51:54.592+0000][71][info ][safepoint   ] Safepoint "Cleanup", Time since last: 3001295618 ns, Reaching safepoint: 31553 ns, Cleanup: 19270 ns, At safepoint: 47767 ns, Total: 98590 ns
[2025-05-19T06:52:16.597+0000][71][info ][safepoint   ] Safepoint "Cleanup", Time since last: 22004686228 ns, Reaching safepoint: 73150 ns, Cleanup: 20208 ns, At safepoint: 36118 ns, Total: 129476 ns
[2025-05-19T06:52:19.718+0000][71][info ][safepoint   ] Safepoint "Cleanup", Time since last: 3124270683 ns, Reaching safepoint: 19803 ns, Cleanup: 23149 ns, At safepoint: 91392 ns, Total: 134344 ns
[2025-05-19T06:52:20.746+0000][71][info ][safepoint   ] Safepoint "Cleanup", Time since last: 1027583475 ns, Reaching safepoint: 28991 ns, Cleanup: 20401 ns, At safepoint: 10452 ns, Total: 59844 ns
[2025-05-19T06:52:56.629+0000][71][info ][safepoint   ] Safepoint "Cleanup", Time since last: 35884299705 ns, Reaching safepoint: 32024 ns, Cleanup: 22106 ns, At safepoint: 15809 ns, Total: 69939 ns
[2025-05-19T06:53:07.632+0000][71][info ][safepoint   ] Safepoint "Cleanup", Time since last: 11002672638 ns, Reaching safepoint: 37623 ns, Cleanup: 20609 ns, At safepoint: 16598 ns, Total: 74830 ns
[2025-05-19T06:53:10.787+0000][71][info ][safepoint   ] Safepoint "Cleanup", Time since last: 3154844921 ns, Reaching safepoint: 16498 ns, Cleanup: 19715 ns, At safepoint: 96924 ns, Total: 133137 ns
[2025-05-19T06:53:11.800+0000][71][info ][safepoint   ] Safepoint "Cleanup", Time since last: 1012797909 ns, Reaching safepoint: 33117 ns, Cleanup: 19356 ns, At safepoint: 16722 ns, Total: 69195 ns
[2025-05-19T06:53:12.926+0000][71][info ][safepoint   ] Safepoint "Cleanup", Time since last: 1126350167 ns, Reaching safepoint: 15241 ns, Cleanup: 27007 ns, At safepoint: 82744 ns, Total: 124992 ns
[2025-05-19T06:53:14.844+0000][71][info ][safepoint   ] Safepoint "Cleanup", Time since last: 1917515068 ns, Reaching safepoint: 18162 ns, Cleanup: 12891 ns, At safepoint: 7759 ns, Total: 38812 ns
[2025-05-19T06:53:21.946+0000][71][info ][safepoint   ] Safepoint "Cleanup", Time since last: 7104830743 ns, Reaching safepoint: 25314 ns, Cleanup: 14154 ns, At safepoint: 74192 ns, Total: 113660 ns
[2025-05-19T06:53:30.640+0000][71][info ][safepoint   ] Safepoint "Cleanup", Time since last: 8693640516 ns, Reaching safepoint: 15645 ns, Cleanup: 11038 ns, At safepoint: 74560 ns, Total: 101243 ns
[2025-05-19T06:53:32.498+0000][71][info ][safepoint   ] Safepoint "Cleanup", Time since last: 1857813849 ns, Reaching safepoint: 34673 ns, Cleanup: 25702 ns, At safepoint: 17229 ns, Total: 77604 ns
[2025-05-19T06:53:33.499+0000][71][info ][safepoint   ] Safepoint "Cleanup", Time since last: 1000758771 ns, Reaching safepoint: 108492 ns, Cleanup: 13235 ns, At safepoint: 31496 ns, Total: 153223 ns
[2025-05-19T06:53:38.500+0000][71][info ][safepoint   ] Safepoint "Cleanup", Time since last: 5001376437 ns, Reaching safepoint: 18888 ns, Cleanup: 14114 ns, At safepoint: 7869 ns, Total: 40871 ns
[2025-05-19T06:54:06.669+0000][71][info ][safepoint   ] Safepoint "Cleanup", Time since last: 28170439362 ns, Reaching safepoint: 33783 ns, Cleanup: 19719 ns, At safepoint: 16347 ns, Total: 69849 ns
[2025-05-19T06:54:10.670+0000][71][info ][safepoint   ] Safepoint "Cleanup", Time since last: 4001183828 ns, Reaching safepoint: 26746 ns, Cleanup: 14930 ns, At safepoint: 10122 ns, Total: 51798 ns
[2025-05-19T06:54:11.671+0000][71][info ][safepoint   ] Safepoint "Cleanup", Time since last: 1001302862 ns, Reaching safepoint: 27993 ns, Cleanup: 18298 ns, At safepoint: 10254 ns, Total: 56545 ns
[2025-05-19T06:54:24.922+0000][71][info ][safepoint   ] Safepoint "Cleanup", Time since last: 13252962426 ns, Reaching safepoint: 91900 ns, Cleanup: 8219 ns, At safepoint: 28190 ns, Total: 128309 ns
[2025-05-19T06:54:25.943+0000][71][info ][safepoint   ] Safepoint "Cleanup", Time since last: 1020770924 ns, Reaching safepoint: 88370 ns, Cleanup: 12145 ns, At safepoint: 17938 ns, Total: 118453 ns
[2025-05-19T06:54:30.966+0000][71][info ][safepoint   ] Safepoint "Cleanup", Time since last: 5022929368 ns, Reaching safepoint: 25179 ns, Cleanup: 16243 ns, At safepoint: 10549 ns, Total: 51971 ns
[2025-05-19T06:55:04.708+0000][71][info ][safepoint   ] Safepoint "Cleanup", Time since last: 33744006510 ns, Reaching safepoint: 33320 ns, Cleanup: 20842 ns, At safepoint: 17961 ns, Total: 72123 ns
[2025-05-19T06:55:26.711+0000][71][info ][safepoint   ] Safepoint "Cleanup", Time since last: 22004646289 ns, Reaching safepoint: 168296 ns, Cleanup: 21284 ns, At safepoint: 26924 ns, Total: 216504 ns
[2025-05-19T06:55:31.013+0000][71][info ][safepoint   ] Safepoint "Cleanup", Time since last: 4302413751 ns, Reaching safepoint: 30663 ns, Cleanup: 16592 ns, At safepoint: 15784 ns, Total: 63039 ns
[2025-05-19T06:55:43.016+0000][71][info ][safepoint   ] Safepoint "Cleanup", Time since last: 12002442685 ns, Reaching safepoint: 136312 ns, Cleanup: 17887 ns, At safepoint: 29504 ns, Total: 183703 ns
[2025-05-19T06:56:30.913+0000][71][info ][safepoint   ] Safepoint "Cleanup", Time since last: 47901857753 ns, Reaching safepoint: 7438 ns, Cleanup: 7874 ns, At safepoint: 14322 ns, Total: 29634 ns
[2025-05-19T06:56:31.949+0000][71][info ][safepoint   ] Safepoint "Cleanup", Time since last: 1036208288 ns, Reaching safepoint: 68075 ns, Cleanup: 17660 ns, At safepoint: 15138 ns, Total: 100873 ns
[2025-05-19T06:56:35.068+0000][71][info ][safepoint   ] Safepoint "Cleanup", Time since last: 3118884317 ns, Reaching safepoint: 25380 ns, Cleanup: 17550 ns, At safepoint: 9971 ns, Total: 52901 ns
[2025-05-19T06:57:20.792+0000][71][info ][safepoint   ] Safepoint "Cleanup", Time since last: 45727794876 ns, Reaching safepoint: 170590 ns, Cleanup: 31123 ns, At safepoint: 28441 ns, Total: 230154 ns
[2025-05-19T06:57:30.908+0000][71][info ][safepoint   ] Safepoint "Cleanup", Time since last: 10116084981 ns, Reaching safepoint: 141609 ns, Cleanup: 21915 ns, At safepoint: 72069 ns, Total: 235593 ns
[2025-05-19T06:57:32.105+0000][71][info ][safepoint   ] Safepoint "Cleanup", Time since last: 1196469916 ns, Reaching safepoint: 31267 ns, Cleanup: 29197 ns, At safepoint: 16204 ns, Total: 76668 ns
[2025-05-19T06:57:33.921+0000][71][info ][safepoint   ] Safepoint "Cleanup", Time since last: 1816842993 ns, Reaching safepoint: 6442 ns, Cleanup: 10957 ns, At safepoint: 14705 ns, Total: 32104 ns
[2025-05-19T06:57:35.125+0000][71][info ][safepoint   ] Safepoint "Cleanup", Time since last: 1203256740 ns, Reaching safepoint: 31011 ns, Cleanup: 29521 ns, At safepoint: 15409 ns, Total: 75941 ns
[2025-05-19T06:58:04.741+0000][71][info ][safepoint   ] Safepoint "Cleanup", Time since last: 29617917556 ns, Reaching safepoint: 30926 ns, Cleanup: 16996 ns, At safepoint: 14805 ns, Total: 62727 ns
[2025-05-19T06:58:13.219+0000][71][info ][safepoint   ] Safepoint "Cleanup", Time since last: 8478341083 ns, Reaching safepoint: 18237 ns, Cleanup: 24687 ns, At safepoint: 92229 ns, Total: 135153 ns
[2025-05-19T06:58:18.263+0000][71][info ][safepoint   ] Safepoint "Cleanup", Time since last: 5043902154 ns, Reaching safepoint: 32147 ns, Cleanup: 21762 ns, At safepoint: 15776 ns, Total: 69685 ns
[2025-05-19T06:58:19.360+0000][71][info ][safepoint   ] Safepoint "Cleanup", Time since last: 1099124518 ns, Reaching safepoint: 18406 ns, Cleanup: 26374 ns, At safepoint: 91256 ns, Total: 136036 ns
[2025-05-19T06:58:24.323+0000][71][info ][safepoint   ] Safepoint "Cleanup", Time since last: 4963555592 ns, Reaching safepoint: 29389 ns, Cleanup: 16034 ns, At safepoint: 15066 ns, Total: 60489 ns
[2025-05-19T06:58:36.801+0000][71][info ][safepoint   ] Safepoint "Cleanup", Time since last: 12478016342 ns, Reaching safepoint: 59690 ns, Cleanup: 15306 ns, At safepoint: 8768 ns, Total: 83764 ns
[2025-05-19T06:58:38.353+0000][71][info ][safepoint   ] Safepoint "Cleanup", Time since last: 1551265643 ns, Reaching safepoint: 125665 ns, Cleanup: 23244 ns, At safepoint: 19982 ns, Total: 168891 ns
[2025-05-19T06:58:45.355+0000][71][info ][safepoint   ] Safepoint "Cleanup", Time since last: 7001825058 ns, Reaching safepoint: 28196 ns, Cleanup: 25066 ns, At safepoint: 10169 ns, Total: 63431 ns
[2025-05-19T06:58:46.356+0000][71][info ][safepoint   ] Safepoint "Cleanup", Time since last: 1000707971 ns, Reaching safepoint: 30253 ns, Cleanup: 17453 ns, At safepoint: 16189 ns, Total: 63895 ns
[2025-05-19T06:58:55.865+0000][71][info ][safepoint   ] Safepoint "Cleanup", Time since last: 9511428297 ns, Reaching safepoint: 38292 ns, Cleanup: 15145 ns, At safepoint: 7175 ns, Total: 60612 ns
[2025-05-19T06:59:00.867+0000][71][info ][safepoint   ] Safepoint "Cleanup", Time since last: 5001337643 ns, Reaching safepoint: 17991 ns, Cleanup: 14465 ns, At safepoint: 7627 ns, Total: 40083 ns
[2025-05-19T06:59:04.868+0000][71][info ][safepoint   ] Safepoint "Cleanup", Time since last: 4001453176 ns, Reaching safepoint: 29408 ns, Cleanup: 16462 ns, At safepoint: 49285 ns, Total: 95155 ns
[2025-05-19T06:59:10.871+0000][71][info ][safepoint   ] Safepoint "Cleanup", Time since last: 6002273783 ns, Reaching safepoint: 33676 ns, Cleanup: 20524 ns, At safepoint: 16830 ns, Total: 71030 ns
[2025-05-19T06:59:20.873+0000][71][info ][safepoint   ] Safepoint "Cleanup", Time since last: 10005403620 ns, Reaching safepoint: 34028 ns, Cleanup: 22232 ns, At safepoint: 9940 ns, Total: 66200 ns
[2025-05-19T06:59:30.876+0000][71][info ][safepoint   ] Safepoint "Cleanup", Time since last: 10002550340 ns, Reaching safepoint: 70315 ns, Cleanup: 17637 ns, At safepoint: 17690 ns, Total: 105642 ns
[2025-05-19T06:59:39.918+0000][71][info ][safepoint   ] Safepoint "Cleanup", Time since last: 9041287350 ns, Reaching safepoint: 19885 ns, Cleanup: 14227 ns, At safepoint: 78533 ns, Total: 112645 ns
[2025-05-19T06:59:39.942+0000][71][info ][gc,start    ] GC(19) Pause Young (Mixed) (G1 Evacuation Pause)
[2025-05-19T06:59:39.945+0000][71][info ][gc,task     ] GC(19) Using 10 workers of 10 for evacuation
[2025-05-19T06:59:39.946+0000][71][debug][gc,age      ] GC(19) Desired survivor size 98566144 bytes, new threshold 15 (max threshold 15)
[2025-05-19T06:59:40.048+0000][71][info ][gc,phases   ] GC(19)   Pre Evacuate Collection Set: 6.14ms
[2025-05-19T06:59:40.049+0000][71][info ][gc,phases   ] GC(19)   Merge Heap Roots: 1.66ms
[2025-05-19T06:59:40.049+0000][71][info ][gc,phases   ] GC(19)   Evacuate Collection Set: 82.39ms
[2025-05-19T06:59:40.050+0000][71][info ][gc,phases   ] GC(19)   Post Evacuate Collection Set: 10.53ms
[2025-05-19T06:59:40.050+0000][71][info ][gc,phases   ] GC(19)   Other: 4.03ms
[2025-05-19T06:59:40.051+0000][71][trace][gc,age      ] GC(19) Age table with threshold 15 (max threshold 15)
[2025-05-19T06:59:40.051+0000][71][trace][gc,age      ] GC(19) - age   1:    1055928 bytes,    1055928 total
[2025-05-19T06:59:40.053+0000][71][trace][gc,age      ] GC(19) - age   2:     608936 bytes,    1664864 total
[2025-05-19T06:59:40.053+0000][71][trace][gc,age      ] GC(19) - age   3:      42720 bytes,    1707584 total
[2025-05-19T06:59:40.054+0000][71][trace][gc,age      ] GC(19) - age   4:      79968 bytes,    1787552 total
[2025-05-19T06:59:40.054+0000][71][trace][gc,age      ] GC(19) - age   5:    2249240 bytes,    4036792 total
[2025-05-19T06:59:40.054+0000][71][trace][gc,age      ] GC(19) - age   6:      65704 bytes,    4102496 total
[2025-05-19T06:59:40.054+0000][71][info ][gc,heap     ] GC(19) Eden regions: 368->0(580)
[2025-05-19T06:59:40.055+0000][71][info ][gc,heap     ] GC(19) Survivor regions: 2->2(47)
[2025-05-19T06:59:40.055+0000][71][info ][gc,heap     ] GC(19) Old regions: 30->30
[2025-05-19T06:59:40.055+0000][71][info ][gc,heap     ] GC(19) Humongous regions: 0->0
[2025-05-19T06:59:40.056+0000][71][info ][gc,metaspace] GC(19) Metaspace: 148118K(152064K)->148118K(152064K) NonClass: 128045K(130176K)->128045K(130176K) Class: 20073K(21888K)->20073K(21888K)
[2025-05-19T06:59:40.057+0000][71][info ][gc          ] GC(19) Pause Young (Mixed) (G1 Evacuation Pause) 1593M->120M(3880M) 114.688ms
[2025-05-19T06:59:40.058+0000][71][info ][gc,cpu      ] GC(19) User=0.42s Sys=0.15s Real=0.12s
[2025-05-19T06:59:40.058+0000][71][info ][safepoint   ] Safepoint "G1CollectForAllocation", Time since last: 24196647 ns, Reaching safepoint: 28873 ns, Cleanup: 14218 ns, At safepoint: 116316308 ns, Total: 116359399 ns
[2025-05-19T06:59:41.412+0000][71][info ][safepoint   ] Safepoint "Cleanup", Time since last: 1354302078 ns, Reaching safepoint: 31152 ns, Cleanup: 24982 ns, At safepoint: 15520 ns, Total: 71654 ns
[2025-05-19T06:59:43.416+0000][71][info ][safepoint   ] Safepoint "Cleanup", Time since last: 2003443525 ns, Reaching safepoint: 45884 ns, Cleanup: 25768 ns, At safepoint: 21071 ns, Total: 92723 ns
[2025-05-19T06:59:46.417+0000][71][info ][safepoint   ] Safepoint "Cleanup", Time since last: 3001288835 ns, Reaching safepoint: 35955 ns, Cleanup: 18427 ns, At safepoint: 18489 ns, Total: 72871 ns
[2025-05-19T07:00:20.904+0000][71][info ][safepoint   ] Safepoint "Cleanup", Time since last: 34490977865 ns, Reaching safepoint: 18867 ns, Cleanup: 28872 ns, At safepoint: 8565 ns, Total: 56304 ns
[2025-05-19T07:00:42.909+0000][71][info ][safepoint   ] Safepoint "Cleanup", Time since last: 22004540952 ns, Reaching safepoint: 66807 ns, Cleanup: 12374 ns, At safepoint: 30229 ns, Total: 109410 ns
[2025-05-19T07:00:44.466+0000][71][info ][safepoint   ] Safepoint "Cleanup", Time since last: 1556621596 ns, Reaching safepoint: 70045 ns, Cleanup: 23452 ns, At safepoint: 15166 ns, Total: 108663 ns
[2025-05-19T07:00:52.939+0000][71][info ][safepoint   ] Safepoint "Cleanup", Time since last: 8475921929 ns, Reaching safepoint: 34382 ns, Cleanup: 18413 ns, At safepoint: 16180 ns, Total: 68975 ns
[2025-05-19T07:01:25.943+0000][71][info ][safepoint   ] Safepoint "Cleanup", Time since last: 33006306463 ns, Reaching safepoint: 119347 ns, Cleanup: 17016 ns, At safepoint: 11547 ns, Total: 147910 ns
[2025-05-19T07:01:34.946+0000][71][info ][safepoint   ] Safepoint "Cleanup", Time since last: 9001876338 ns, Reaching safepoint: 158266 ns, Cleanup: 19854 ns, At safepoint: 15258 ns, Total: 193378 ns
[2025-05-19T07:01:42.954+0000][71][info ][safepoint   ] Safepoint "Cleanup", Time since last: 8008200835 ns, Reaching safepoint: 51424 ns, Cleanup: 21030 ns, At safepoint: 13604 ns, Total: 86058 ns
[2025-05-19T07:01:46.491+0000][71][info ][safepoint   ] Safepoint "Cleanup", Time since last: 3537395803 ns, Reaching safepoint: 17438 ns, Cleanup: 17265 ns, At safepoint: 14407 ns, Total: 49110 ns
[2025-05-19T07:02:38.980+0000][71][info ][safepoint   ] Safepoint "Cleanup", Time since last: 52492313199 ns, Reaching safepoint: 31213 ns, Cleanup: 19633 ns, At safepoint: 15252 ns, Total: 66098 ns
[2025-05-19T07:03:09.013+0000][71][info ][safepoint   ] Safepoint "Cleanup", Time since last: 30036129554 ns, Reaching safepoint: 70877 ns, Cleanup: 19732 ns, At safepoint: 15888 ns, Total: 106497 ns
[2025-05-19T07:03:15.945+0000][71][info ][safepoint   ] Safepoint "Cleanup", Time since last: 6932128022 ns, Reaching safepoint: 90606 ns, Cleanup: 21663 ns, At safepoint: 44555 ns, Total: 156824 ns
[2025-05-19T07:03:17.596+0000][71][info ][safepoint   ] Safepoint "Cleanup", Time since last: 1651113044 ns, Reaching safepoint: 65864 ns, Cleanup: 20823 ns, At safepoint: 29296 ns, Total: 115983 ns
[2025-05-19T07:03:20.618+0000][71][info ][safepoint   ] Safepoint "Cleanup", Time since last: 3023482268 ns, Reaching safepoint: 20113 ns, Cleanup: 14667 ns, At safepoint: 7069 ns, Total: 41849 ns
[2025-05-19T07:03:41.029+0000][71][info ][safepoint   ] Safepoint "Cleanup", Time since last: 20411454151 ns, Reaching safepoint: 21362 ns, Cleanup: 15411 ns, At safepoint: 8853 ns, Total: 45626 ns
[2025-05-19T07:03:51.921+0000][71][info ][safepoint   ] Safepoint "Cleanup", Time since last: 10890774687 ns, Reaching safepoint: 2408450 ns, Cleanup: 19095 ns, At safepoint: 105126 ns, Total: 2532671 ns
[2025-05-19T07:03:53.697+0000][71][info ][safepoint   ] Safepoint "Cleanup", Time since last: 1775841946 ns, Reaching safepoint: 31010 ns, Cleanup: 21256 ns, At safepoint: 17158 ns, Total: 69424 ns
[2025-05-19T07:04:35.702+0000][71][info ][safepoint   ] Safepoint "Cleanup", Time since last: 42007511890 ns, Reaching safepoint: 78457 ns, Cleanup: 19612 ns, At safepoint: 35478 ns, Total: 133547 ns
[2025-05-19T07:04:41.704+0000][71][info ][safepoint   ] Safepoint "Cleanup", Time since last: 6002003359 ns, Reaching safepoint: 31567 ns, Cleanup: 18124 ns, At safepoint: 16445 ns, Total: 66136 ns
[2025-05-19T07:04:46.705+0000][71][info ][safepoint   ] Safepoint "Cleanup", Time since last: 5001438137 ns, Reaching safepoint: 19162 ns, Cleanup: 14106 ns, At safepoint: 7733 ns, Total: 41001 ns
[2025-05-19T07:04:54.905+0000][71][info ][safepoint   ] Safepoint "Cleanup", Time since last: 8201192416 ns, Reaching safepoint: 81866 ns, Cleanup: 8008 ns, At safepoint: 23964 ns, Total: 113838 ns
[2025-05-19T07:05:09.745+0000][71][info ][safepoint   ] Safepoint "Cleanup", Time since last: 14840367571 ns, Reaching safepoint: 77958 ns, Cleanup: 17654 ns, At safepoint: 17636 ns, Total: 113248 ns
[2025-05-19T07:05:20.745+0000][71][info ][safepoint   ] Safepoint "Cleanup", Time since last: 11002575979 ns, Reaching safepoint: 20858 ns, Cleanup: 15979 ns, At safepoint: 7383 ns, Total: 44220 ns
[2025-05-19T07:05:21.747+0000][71][info ][safepoint   ] Safepoint "Cleanup", Time since last: 1001914992 ns, Reaching safepoint: 32516 ns, Cleanup: 19510 ns, At safepoint: 16668 ns, Total: 68694 ns
[2025-05-19T07:05:57.919+0000][71][info ][safepoint   ] Safepoint "Cleanup", Time since last: 36173838035 ns, Reaching safepoint: 15563 ns, Cleanup: 10676 ns, At safepoint: 29544 ns, Total: 55783 ns
[2025-05-19T07:06:20.793+0000][71][info ][safepoint   ] Safepoint "Cleanup", Time since last: 22876277202 ns, Reaching safepoint: 52442 ns, Cleanup: 14179 ns, At safepoint: 9764 ns, Total: 76385 ns
[2025-05-19T07:06:25.794+0000][71][info ][safepoint   ] Safepoint "Cleanup", Time since last: 5001122761 ns, Reaching safepoint: 34634 ns, Cleanup: 17856 ns, At safepoint: 17834 ns, Total: 70324 ns
[2025-05-19T07:06:34.796+0000][71][info ][safepoint   ] Safepoint "Cleanup", Time since last: 9002180891 ns, Reaching safepoint: 29345 ns, Cleanup: 16241 ns, At safepoint: 15541 ns, Total: 61127 ns
[2025-05-19T07:06:35.797+0000][71][info ][safepoint   ] Safepoint "Cleanup", Time since last: 1000639432 ns, Reaching safepoint: 17726 ns, Cleanup: 14206 ns, At safepoint: 7987 ns, Total: 39919 ns
[2025-05-19T07:07:09.839+0000][71][info ][safepoint   ] Safepoint "Cleanup", Time since last: 34045195143 ns, Reaching safepoint: 117249 ns, Cleanup: 17880 ns, At safepoint: 22686 ns, Total: 157815 ns
[2025-05-19T07:07:35.843+0000][71][info ][safepoint   ] Safepoint "Cleanup", Time since last: 26005150610 ns, Reaching safepoint: 38409 ns, Cleanup: 19226 ns, At safepoint: 20031 ns, Total: 77666 ns
[2025-05-19T07:08:24.952+0000][71][info ][safepoint   ] Safepoint "Cleanup", Time since last: 49112896720 ns, Reaching safepoint: 114705 ns, Cleanup: 124684 ns, At safepoint: 88013 ns, Total: 327402 ns
[2025-05-19T07:09:05.223+0000][71][info ][safepoint   ] Safepoint "Cleanup", Time since last: 40272725449 ns, Reaching safepoint: 82220 ns, Cleanup: 229160 ns, At safepoint: 54848 ns, Total: 366228 ns
[2025-05-19T07:09:06.900+0000][71][info ][safepoint   ] Safepoint "Cleanup", Time since last: 1676865273 ns, Reaching safepoint: 29593 ns, Cleanup: 13124 ns, At safepoint: 67278 ns, Total: 109995 ns
[2025-05-19T07:10:09.924+0000][71][info ][safepoint   ] Safepoint "Cleanup", Time since last: 63028320694 ns, Reaching safepoint: 37008 ns, Cleanup: 18066 ns, At safepoint: 29592 ns, Total: 84666 ns
[2025-05-19T07:10:11.036+0000][71][info ][safepoint   ] Safepoint "Cleanup", Time since last: 1112431569 ns, Reaching safepoint: 15247 ns, Cleanup: 12107 ns, At safepoint: 20284 ns, Total: 47638 ns
[2025-05-19T07:10:12.052+0000][71][info ][safepoint   ] Safepoint "Cleanup", Time since last: 1016053561 ns, Reaching safepoint: 30048 ns, Cleanup: 17890 ns, At safepoint: 10494 ns, Total: 58432 ns
[2025-05-19T07:10:14.053+0000][71][info ][safepoint   ] Safepoint "Cleanup", Time since last: 2000695085 ns, Reaching safepoint: 26245 ns, Cleanup: 17098 ns, At safepoint: 13914 ns, Total: 57257 ns
[2025-05-19T07:10:21.054+0000][71][info ][safepoint   ] Safepoint "Cleanup", Time since last: 7002716311 ns, Reaching safepoint: 25778 ns, Cleanup: 16184 ns, At safepoint: 10391 ns, Total: 52353 ns
[2025-05-19T07:12:48.970+0000][71][info ][safepoint   ] Safepoint "Cleanup", Time since last: 147924977163 ns, Reaching safepoint: 16873 ns, Cleanup: 26970 ns, At safepoint: 22730 ns, Total: 66573 ns
[2025-05-19T07:12:50.208+0000][71][info ][safepoint   ] Safepoint "Cleanup", Time since last: 1239444562 ns, Reaching safepoint: 27162 ns, Cleanup: 15904 ns, At safepoint: 11386 ns, Total: 54452 ns
[2025-05-19T07:12:52.209+0000][71][info ][safepoint   ] Safepoint "Cleanup", Time since last: 2000796082 ns, Reaching safepoint: 27074 ns, Cleanup: 17276 ns, At safepoint: 11456 ns, Total: 55806 ns
[2025-05-19T07:13:01.352+0000][71][info ][safepoint   ] Safepoint "Cleanup", Time since last: 9142892002 ns, Reaching safepoint: 64763 ns, Cleanup: 19634 ns, At safepoint: 11249 ns, Total: 95646 ns
[2025-05-19T07:13:16.354+0000][71][info ][safepoint   ] Safepoint "Cleanup", Time since last: 15002519371 ns, Reaching safepoint: 27669 ns, Cleanup: 19505 ns, At safepoint: 11130 ns, Total: 58304 ns
[2025-05-19T07:13:18.356+0000][71][info ][safepoint   ] Safepoint "Cleanup", Time since last: 2001185007 ns, Reaching safepoint: 29251 ns, Cleanup: 18346 ns, At safepoint: 11704 ns, Total: 59301 ns
[2025-05-19T07:13:20.235+0000][71][info ][safepoint   ] Safepoint "Cleanup", Time since last: 1881437934 ns, Reaching safepoint: 34791 ns, Cleanup: 24530 ns, At safepoint: 17768 ns, Total: 77089 ns
[2025-05-19T07:14:22.391+0000][71][info ][safepoint   ] Safepoint "Cleanup", Time since last: 62159456803 ns, Reaching safepoint: 131430 ns, Cleanup: 19719 ns, At safepoint: 46256 ns, Total: 197405 ns
[2025-05-19T07:15:01.407+0000][71][info ][safepoint   ] Safepoint "Cleanup", Time since last: 39019301263 ns, Reaching safepoint: 25844 ns, Cleanup: 16479 ns, At safepoint: 11105 ns, Total: 53428 ns
[2025-05-19T07:15:20.408+0000][71][info ][safepoint   ] Safepoint "Cleanup", Time since last: 19002820153 ns, Reaching safepoint: 23516 ns, Cleanup: 19267 ns, At safepoint: 10351 ns, Total: 53134 ns
[2025-05-19T07:16:26.439+0000][71][info ][safepoint   ] Safepoint "Cleanup", Time since last: 66035263738 ns, Reaching safepoint: 65966 ns, Cleanup: 16596 ns, At safepoint: 11564 ns, Total: 94126 ns
[2025-05-19T07:16:27.909+0000][71][info ][safepoint   ] Safepoint "Cleanup", Time since last: 1469999761 ns, Reaching safepoint: 12420 ns, Cleanup: 20808 ns, At safepoint: 56528 ns, Total: 89756 ns
[2025-05-19T07:16:29.457+0000][71][info ][safepoint   ] Safepoint "Cleanup", Time since last: 1547849119 ns, Reaching safepoint: 23173 ns, Cleanup: 22409 ns, At safepoint: 9912 ns, Total: 55494 ns
[2025-05-19T07:17:06.467+0000][71][info ][safepoint   ] Safepoint "Cleanup", Time since last: 37012240405 ns, Reaching safepoint: 69992 ns, Cleanup: 19143 ns, At safepoint: 15370 ns, Total: 104505 ns
[2025-05-19T07:17:16.469+0000][71][info ][safepoint   ] Safepoint "Cleanup", Time since last: 10001939116 ns, Reaching safepoint: 26204 ns, Cleanup: 17461 ns, At safepoint: 11551 ns, Total: 55216 ns
[2025-05-19T07:17:32.521+0000][71][info ][safepoint   ] Safepoint "Cleanup", Time since last: 16053992234 ns, Reaching safepoint: 27808 ns, Cleanup: 17322 ns, At safepoint: 13294 ns, Total: 58424 ns
[2025-05-19T07:18:01.494+0000][71][info ][safepoint   ] Safepoint "Cleanup", Time since last: 28974790253 ns, Reaching safepoint: 30230 ns, Cleanup: 21784 ns, At safepoint: 15478 ns, Total: 67492 ns
[2025-05-19T07:18:19.496+0000][71][info ][safepoint   ] Safepoint "Cleanup", Time since last: 18004092147 ns, Reaching safepoint: 48463 ns, Cleanup: 15652 ns, At safepoint: 9188 ns, Total: 73303 ns
[2025-05-19T07:18:20.497+0000][71][info ][safepoint   ] Safepoint "Cleanup", Time since last: 1000800597 ns, Reaching safepoint: 26127 ns, Cleanup: 18086 ns, At safepoint: 11324 ns, Total: 55537 ns
[2025-05-19T07:18:24.913+0000][71][info ][safepoint   ] Safepoint "Cleanup", Time since last: 4416173697 ns, Reaching safepoint: 7190 ns, Cleanup: 8404 ns, At safepoint: 3834 ns, Total: 19428 ns
[2025-05-19T07:18:27.901+0000][71][info ][safepoint   ] Safepoint "Cleanup", Time since last: 2987877786 ns, Reaching safepoint: 7377 ns, Cleanup: 9243 ns, At safepoint: 3476 ns, Total: 20096 ns
[2025-05-19T07:18:29.577+0000][71][info ][safepoint   ] Safepoint "Cleanup", Time since last: 1675699286 ns, Reaching safepoint: 41796 ns, Cleanup: 16368 ns, At safepoint: 9174 ns, Total: 67338 ns
[2025-05-19T07:18:30.600+0000][71][info ][safepoint   ] Safepoint "Cleanup", Time since last: 1022688530 ns, Reaching safepoint: 28059 ns, Cleanup: 14290 ns, At safepoint: 32726 ns, Total: 75075 ns
[2025-05-19T07:18:31.612+0000][71][info ][safepoint   ] Safepoint "Cleanup", Time since last: 1011876546 ns, Reaching safepoint: 21636 ns, Cleanup: 17224 ns, At safepoint: 9778 ns, Total: 48638 ns
[2025-05-19T07:18:33.915+0000][71][info ][safepoint   ] Safepoint "Cleanup", Time since last: 2302381277 ns, Reaching safepoint: 418006 ns, Cleanup: 12851 ns, At safepoint: 66242 ns, Total: 497099 ns
[2025-05-19T07:18:35.636+0000][71][info ][safepoint   ] Safepoint "Cleanup", Time since last: 1721852778 ns, Reaching safepoint: 20766 ns, Cleanup: 15062 ns, At safepoint: 9166 ns, Total: 44994 ns
[2025-05-19T07:19:05.526+0000][71][info ][safepoint   ] Safepoint "Cleanup", Time since last: 29891404863 ns, Reaching safepoint: 27311 ns, Cleanup: 16203 ns, At safepoint: 12172 ns, Total: 55686 ns
[2025-05-19T07:19:20.527+0000][71][info ][safepoint   ] Safepoint "Cleanup", Time since last: 15003526856 ns, Reaching safepoint: 59529 ns, Cleanup: 16741 ns, At safepoint: 11764 ns, Total: 88034 ns
[2025-05-19T07:19:36.900+0000][71][info ][safepoint   ] Safepoint "Cleanup", Time since last: 16372224822 ns, Reaching safepoint: 107288 ns, Cleanup: 12529 ns, At safepoint: 62542 ns, Total: 182359 ns
[2025-05-19T07:19:38.676+0000][71][info ][safepoint   ] Safepoint "Cleanup", Time since last: 1776248949 ns, Reaching safepoint: 27882 ns, Cleanup: 16420 ns, At safepoint: 11615 ns, Total: 55917 ns
[2025-05-19T07:21:03.584+0000][71][info ][safepoint   ] Safepoint "Cleanup", Time since last: 84913663205 ns, Reaching safepoint: 24831 ns, Cleanup: 15500 ns, At safepoint: 9193 ns, Total: 49524 ns
[2025-05-19T07:21:09.586+0000][71][info ][safepoint   ] Safepoint "Cleanup", Time since last: 6001261254 ns, Reaching safepoint: 985130 ns, Cleanup: 24854 ns, At safepoint: 78599 ns, Total: 1088583 ns
[2025-05-19T07:21:20.587+0000][71][info ][safepoint   ] Safepoint "Cleanup", Time since last: 11002548860 ns, Reaching safepoint: 98952 ns, Cleanup: 17712 ns, At safepoint: 80207 ns, Total: 196871 ns
[2025-05-19T07:21:34.589+0000][71][info ][safepoint   ] Safepoint "Cleanup", Time since last: 14002304394 ns, Reaching safepoint: 28534 ns, Cleanup: 20590 ns, At safepoint: 11884 ns, Total: 61008 ns
[2025-05-19T07:21:56.612+0000][71][info ][safepoint   ] Safepoint "Cleanup", Time since last: 22024901468 ns, Reaching safepoint: 27079 ns, Cleanup: 20256 ns, At safepoint: 11309 ns, Total: 58644 ns
[2025-05-19T07:23:20.644+0000][71][info ][safepoint   ] Safepoint "Cleanup", Time since last: 84037260568 ns, Reaching safepoint: 105528 ns, Cleanup: 19467 ns, At safepoint: 12687 ns, Total: 137682 ns
[2025-05-19T07:23:22.644+0000][71][info ][safepoint   ] Safepoint "Cleanup", Time since last: 2000690344 ns, Reaching safepoint: 26954 ns, Cleanup: 16846 ns, At safepoint: 11199 ns, Total: 54999 ns
[2025-05-19T07:23:28.812+0000][71][info ][safepoint   ] Safepoint "Cleanup", Time since last: 6168112276 ns, Reaching safepoint: 16750 ns, Cleanup: 11786 ns, At safepoint: 20980 ns, Total: 49516 ns
[2025-05-19T07:23:33.854+0000][71][info ][safepoint   ] Safepoint "Cleanup", Time since last: 5041009171 ns, Reaching safepoint: 48725 ns, Cleanup: 18401 ns, At safepoint: 12748 ns, Total: 79874 ns
[2025-05-19T07:23:40.884+0000][71][info ][safepoint   ] Safepoint "Cleanup", Time since last: 7030092634 ns, Reaching safepoint: 26963 ns, Cleanup: 19953 ns, At safepoint: 11788 ns, Total: 58704 ns
[2025-05-19T07:23:45.944+0000][71][info ][safepoint   ] Safepoint "Cleanup", Time since last: 5001062942 ns, Reaching safepoint: 58985824 ns, Cleanup: 38144 ns, At safepoint: 148943 ns, Total: 59172911 ns
[2025-05-19T07:23:49.044+0000][71][info ][safepoint   ] Safepoint "Cleanup", Time since last: 3098630302 ns, Reaching safepoint: 926562 ns, Cleanup: 23836 ns, At safepoint: 104977 ns, Total: 1055375 ns
[2025-05-19T07:23:50.995+0000][71][info ][safepoint   ] Safepoint "Cleanup", Time since last: 1953016630 ns, Reaching safepoint: 25258 ns, Cleanup: 17556 ns, At safepoint: 10434 ns, Total: 53248 ns
[2025-05-19T07:24:20.705+0000][71][info ][safepoint   ] Safepoint "Cleanup", Time since last: 29712303360 ns, Reaching safepoint: 90359 ns, Cleanup: 22778 ns, At safepoint: 15585 ns, Total: 128722 ns
[2025-05-19T07:24:26.707+0000][71][info ][safepoint   ] Safepoint "Cleanup", Time since last: 6001811789 ns, Reaching safepoint: 28703 ns, Cleanup: 21483 ns, At safepoint: 10969 ns, Total: 61155 ns
[2025-05-19T07:24:51.926+0000][71][info ][safepoint   ] Safepoint "Cleanup", Time since last: 25221238238 ns, Reaching safepoint: 35109 ns, Cleanup: 14307 ns, At safepoint: 25239 ns, Total: 74655 ns
[2025-05-19T07:25:22.043+0000][71][info ][safepoint   ] Safepoint "Cleanup", Time since last: 30118825645 ns, Reaching safepoint: 63056 ns, Cleanup: 22608 ns, At safepoint: 11918 ns, Total: 97582 ns
[2025-05-19T07:26:11.101+0000][71][info ][safepoint   ] Safepoint "Cleanup", Time since last: 49059336078 ns, Reaching safepoint: 28980 ns, Cleanup: 17189 ns, At safepoint: 10857 ns, Total: 57026 ns
[2025-05-19T07:26:16.102+0000][71][info ][safepoint   ] Safepoint "Cleanup", Time since last: 5001386214 ns, Reaching safepoint: 21353 ns, Cleanup: 14891 ns, At safepoint: 8989 ns, Total: 45233 ns
[2025-05-19T07:26:34.103+0000][71][info ][safepoint   ] Safepoint "Cleanup", Time since last: 18002551194 ns, Reaching safepoint: 33008 ns, Cleanup: 22146 ns, At safepoint: 10299 ns, Total: 65453 ns
[2025-05-19T07:26:35.104+0000][71][info ][safepoint   ] Safepoint "Cleanup", Time since last: 1000752153 ns, Reaching safepoint: 27079 ns, Cleanup: 16159 ns, At safepoint: 11671 ns, Total: 54909 ns
[2025-05-19T07:26:46.106+0000][71][info ][safepoint   ] Safepoint "Cleanup", Time since last: 11001937175 ns, Reaching safepoint: 29389 ns, Cleanup: 22923 ns, At safepoint: 11683 ns, Total: 63995 ns
[2025-05-19T07:26:58.161+0000][71][info ][safepoint   ] Safepoint "Cleanup", Time since last: 12057478165 ns, Reaching safepoint: 14502 ns, Cleanup: 13429 ns, At safepoint: 20206 ns, Total: 48137 ns
[2025-05-19T07:27:30.907+0000][71][info ][safepoint   ] Safepoint "Cleanup", Time since last: 32747474380 ns, Reaching safepoint: 477975 ns, Cleanup: 28329 ns, At safepoint: 64253 ns, Total: 570557 ns
[2025-05-19T07:27:32.203+0000][71][info ][safepoint   ] Safepoint "Cleanup", Time since last: 1295305757 ns, Reaching safepoint: 27085 ns, Cleanup: 61796 ns, At safepoint: 15176 ns, Total: 104057 ns
[2025-05-19T07:27:34.234+0000][71][info ][safepoint   ] Safepoint "Cleanup", Time since last: 2031232727 ns, Reaching safepoint: 87048 ns, Cleanup: 19155 ns, At safepoint: 13944 ns, Total: 120147 ns
[2025-05-19T07:27:35.235+0000][71][info ][safepoint   ] Safepoint "Cleanup", Time since last: 1000858118 ns, Reaching safepoint: 26369 ns, Cleanup: 17093 ns, At safepoint: 10551 ns, Total: 54013 ns
[2025-05-19T07:27:36.784+0000][71][info ][safepoint   ] Safepoint "Cleanup", Time since last: 1549315810 ns, Reaching safepoint: 29678 ns, Cleanup: 19150 ns, At safepoint: 10760 ns, Total: 59588 ns
[2025-05-19T07:27:40.785+0000][71][info ][safepoint   ] Safepoint "Cleanup", Time since last: 4000911331 ns, Reaching safepoint: 27002 ns, Cleanup: 14817 ns, At safepoint: 66163 ns, Total: 107982 ns
[2025-05-19T07:27:42.904+0000][71][info ][safepoint   ] Safepoint "Cleanup", Time since last: 2119132543 ns, Reaching safepoint: 18475 ns, Cleanup: 14699 ns, At safepoint: 22660 ns, Total: 55834 ns
[2025-05-19T07:27:44.283+0000][71][info ][safepoint   ] Safepoint "Cleanup", Time since last: 1378804526 ns, Reaching safepoint: 26943 ns, Cleanup: 17265 ns, At safepoint: 11559 ns, Total: 55767 ns
[2025-05-19T07:28:00.799+0000][71][info ][safepoint   ] Safepoint "Cleanup", Time since last: 16517299572 ns, Reaching safepoint: 16357 ns, Cleanup: 12837 ns, At safepoint: 20690 ns, Total: 49884 ns
[2025-05-19T07:28:02.357+0000][71][info ][safepoint   ] Safepoint "Cleanup", Time since last: 1558218971 ns, Reaching safepoint: 22249 ns, Cleanup: 28325 ns, At safepoint: 10148 ns, Total: 60722 ns
[2025-05-19T07:28:30.895+0000][71][info ][safepoint   ] Safepoint "Cleanup", Time since last: 28540092878 ns, Reaching safepoint: 37444 ns, Cleanup: 19043 ns, At safepoint: 27211 ns, Total: 83698 ns
[2025-05-19T07:29:03.905+0000][71][info ][safepoint   ] Safepoint "Cleanup", Time since last: 33011793018 ns, Reaching safepoint: 16737 ns, Cleanup: 10006 ns, At safepoint: 42085 ns, Total: 68828 ns
[2025-05-19T07:29:05.462+0000][71][info ][safepoint   ] Safepoint "Cleanup", Time since last: 1557165458 ns, Reaching safepoint: 26575 ns, Cleanup: 16232 ns, At safepoint: 12331 ns, Total: 55138 ns
[2025-05-19T07:29:20.463+0000][71][info ][safepoint   ] Safepoint "Cleanup", Time since last: 15002458650 ns, Reaching safepoint: 33397 ns, Cleanup: 21752 ns, At safepoint: 13135 ns, Total: 68284 ns
[2025-05-19T07:30:07.478+0000][71][info ][safepoint   ] Safepoint "Cleanup", Time since last: 47017192951 ns, Reaching safepoint: 12345 ns, Cleanup: 10022 ns, At safepoint: 164593 ns, Total: 186960 ns
[2025-05-19T07:30:22.497+0000][71][info ][safepoint   ] Safepoint "Cleanup", Time since last: 15020293191 ns, Reaching safepoint: 64853 ns, Cleanup: 16391 ns, At safepoint: 10935 ns, Total: 92179 ns
[2025-05-19T07:30:28.500+0000][71][info ][safepoint   ] Safepoint "Cleanup", Time since last: 6002937182 ns, Reaching safepoint: 59358 ns, Cleanup: 15646 ns, At safepoint: 11493 ns, Total: 86497 ns
[2025-05-19T07:30:41.502+0000][71][info ][safepoint   ] Safepoint "Cleanup", Time since last: 13002440448 ns, Reaching safepoint: 27822 ns, Cleanup: 19847 ns, At safepoint: 43591 ns, Total: 91260 ns
[2025-05-19T07:31:35.538+0000][71][info ][safepoint   ] Safepoint "Cleanup", Time since last: 54039288133 ns, Reaching safepoint: 26379 ns, Cleanup: 17391 ns, At safepoint: 11947 ns, Total: 55717 ns
[2025-05-19T07:32:10.906+0000][71][info ][safepoint   ] Safepoint "Cleanup", Time since last: 35369259925 ns, Reaching safepoint: 81291 ns, Cleanup: 27399 ns, At safepoint: 19756 ns, Total: 128446 ns
[2025-05-19T07:33:16.602+0000][71][info ][safepoint   ] Safepoint "Cleanup", Time since last: 65701169859 ns, Reaching safepoint: 7816 ns, Cleanup: 10011 ns, At safepoint: 4074 ns, Total: 21901 ns
[2025-05-19T07:33:31.617+0000][71][info ][safepoint   ] Safepoint "Cleanup", Time since last: 15015844628 ns, Reaching safepoint: 48867 ns, Cleanup: 14765 ns, At safepoint: 9241 ns, Total: 72873 ns
[2025-05-19T07:33:33.903+0000][71][info ][safepoint   ] Safepoint "Cleanup", Time since last: 2286569537 ns, Reaching safepoint: 7329 ns, Cleanup: 9832 ns, At safepoint: 3906 ns, Total: 21067 ns
[2025-05-19T07:33:35.630+0000][71][info ][safepoint   ] Safepoint "Cleanup", Time since last: 1726780934 ns, Reaching safepoint: 36362 ns, Cleanup: 19390 ns, At safepoint: 19146 ns, Total: 74898 ns
[2025-05-19T07:34:03.948+0000][71][info ][safepoint   ] Safepoint "Cleanup", Time since last: 28320939869 ns, Reaching safepoint: 60443 ns, Cleanup: 15492 ns, At safepoint: 10734 ns, Total: 86669 ns
[2025-05-19T07:34:20.713+0000][71][info ][safepoint   ] Safepoint "Cleanup", Time since last: 16765875893 ns, Reaching safepoint: 27202 ns, Cleanup: 14893 ns, At safepoint: 10993 ns, Total: 53088 ns
[2025-05-19T07:34:28.714+0000][71][info ][safepoint   ] Safepoint "Cleanup", Time since last: 8001689993 ns, Reaching safepoint: 27645 ns, Cleanup: 17233 ns, At safepoint: 10809 ns, Total: 55687 ns
[2025-05-19T07:34:31.715+0000][71][info ][safepoint   ] Safepoint "Cleanup", Time since last: 3000998197 ns, Reaching safepoint: 64488 ns, Cleanup: 19560 ns, At safepoint: 10336 ns, Total: 94384 ns
[2025-05-19T07:34:52.717+0000][71][info ][safepoint   ] Safepoint "Cleanup", Time since last: 21003670216 ns, Reaching safepoint: 60199 ns, Cleanup: 16722 ns, At safepoint: 10530 ns, Total: 87451 ns
[2025-05-19T07:35:00.991+0000][71][info ][safepoint   ] Safepoint "Cleanup", Time since last: 8273939600 ns, Reaching safepoint: 27083 ns, Cleanup: 16818 ns, At safepoint: 11535 ns, Total: 55436 ns
[2025-05-19T07:35:03.992+0000][71][info ][safepoint   ] Safepoint "Cleanup", Time since last: 3000857465 ns, Reaching safepoint: 26893 ns, Cleanup: 15934 ns, At safepoint: 10003 ns, Total: 52830 ns
[2025-05-19T07:35:20.994+0000][71][info ][safepoint   ] Safepoint "Cleanup", Time since last: 17004243671 ns, Reaching safepoint: 57093 ns, Cleanup: 23140 ns, At safepoint: 10416 ns, Total: 90649 ns
[2025-05-19T07:35:22.727+0000][71][info ][safepoint   ] Safepoint "Cleanup", Time since last: 1732819393 ns, Reaching safepoint: 13295 ns, Cleanup: 9418 ns, At safepoint: 18725 ns, Total: 41438 ns
[2025-05-19T07:35:28.747+0000][71][info ][safepoint   ] Safepoint "Cleanup", Time since last: 6020246276 ns, Reaching safepoint: 30221 ns, Cleanup: 18620 ns, At safepoint: 12951 ns, Total: 61792 ns
[2025-05-19T07:35:40.749+0000][71][info ][safepoint   ] Safepoint "Cleanup", Time since last: 12002044566 ns, Reaching safepoint: 31216 ns, Cleanup: 18691 ns, At safepoint: 11568 ns, Total: 61475 ns
[2025-05-19T07:36:21.022+0000][71][info ][safepoint   ] Safepoint "Cleanup", Time since last: 40275274899 ns, Reaching safepoint: 169325 ns, Cleanup: 20354 ns, At safepoint: 15231 ns, Total: 204910 ns
[2025-05-19T07:36:24.901+0000][71][info ][safepoint   ] Safepoint "Cleanup", Time since last: 3879325451 ns, Reaching safepoint: 7584 ns, Cleanup: 8904 ns, At safepoint: 3171 ns, Total: 19659 ns
[2025-05-19T07:36:26.782+0000][71][info ][safepoint   ] Safepoint "Cleanup", Time since last: 1881459788 ns, Reaching safepoint: 26976 ns, Cleanup: 19146 ns, At safepoint: 12358 ns, Total: 58480 ns
[2025-05-19T07:37:20.052+0000][71][info ][safepoint   ] Safepoint "Cleanup", Time since last: 53274213310 ns, Reaching safepoint: 58122 ns, Cleanup: 16289 ns, At safepoint: 14004 ns, Total: 88415 ns
[2025-05-19T07:37:22.053+0000][71][info ][safepoint   ] Safepoint "Cleanup", Time since last: 2000776062 ns, Reaching safepoint: 19010 ns, Cleanup: 15703 ns, At safepoint: 9262 ns, Total: 43975 ns
[2025-05-19T07:37:49.827+0000][71][info ][safepoint   ] Safepoint "Cleanup", Time since last: 27775454240 ns, Reaching safepoint: 28745 ns, Cleanup: 19921 ns, At safepoint: 11140 ns, Total: 59806 ns
[2025-05-19T07:38:01.081+0000][71][info ][safepoint   ] Safepoint "Cleanup", Time since last: 11253414407 ns, Reaching safepoint: 25895 ns, Cleanup: 14903 ns, At safepoint: 10919 ns, Total: 51717 ns
[2025-05-19T07:38:37.865+0000][71][info ][safepoint   ] Safepoint "Cleanup", Time since last: 36786333850 ns, Reaching safepoint: 14847 ns, Cleanup: 16231 ns, At safepoint: 19050 ns, Total: 50128 ns
[2025-05-19T07:38:40.882+0000][71][info ][safepoint   ] Safepoint "Cleanup", Time since last: 3017469685 ns, Reaching safepoint: 11642 ns, Cleanup: 10023 ns, At safepoint: 20365 ns, Total: 42030 ns
[2025-05-19T07:39:00.572+0000][71][info ][safepoint   ] Safepoint "Cleanup", Time since last: 19692083337 ns, Reaching safepoint: 13608 ns, Cleanup: 9948 ns, At safepoint: 17422 ns, Total: 40978 ns
[2025-05-19T07:39:02.062+0000][71][info ][safepoint   ] Safepoint "Cleanup", Time since last: 1489252199 ns, Reaching safepoint: 27884 ns, Cleanup: 17748 ns, At safepoint: 11396 ns, Total: 57028 ns
[2025-05-19T07:39:20.063+0000][71][info ][safepoint   ] Safepoint "Cleanup", Time since last: 18002571593 ns, Reaching safepoint: 27131 ns, Cleanup: 16865 ns, At safepoint: 10267 ns, Total: 54263 ns
[2025-05-19T07:39:33.901+0000][71][info ][safepoint   ] Safepoint "Cleanup", Time since last: 13836154804 ns, Reaching safepoint: 2126400 ns, Cleanup: 19372 ns, At safepoint: 92686 ns, Total: 2238458 ns
[2025-05-19T07:40:20.141+0000][71][info ][safepoint   ] Safepoint "Cleanup", Time since last: 46243519835 ns, Reaching safepoint: 64698 ns, Cleanup: 20950 ns, At safepoint: 10830 ns, Total: 96478 ns
[2025-05-19T07:40:25.142+0000][71][info ][safepoint   ] Safepoint "Cleanup", Time since last: 5001323566 ns, Reaching safepoint: 92431 ns, Cleanup: 22185 ns, At safepoint: 26524 ns, Total: 141140 ns
[2025-05-19T07:40:37.968+0000][71][info ][safepoint   ] Safepoint "Cleanup", Time since last: 12825483178 ns, Reaching safepoint: 15526 ns, Cleanup: 11076 ns, At safepoint: 18827 ns, Total: 45429 ns
[2025-05-19T07:42:20.199+0000][71][info ][safepoint   ] Safepoint "Cleanup", Time since last: 102239364561 ns, Reaching safepoint: 74546 ns, Cleanup: 17185 ns, At safepoint: 12360 ns, Total: 104091 ns
[2025-05-19T07:42:34.031+0000][71][info ][safepoint   ] Safepoint "Cleanup", Time since last: 13831782812 ns, Reaching safepoint: 15663 ns, Cleanup: 10135 ns, At safepoint: 21851 ns, Total: 47649 ns
[2025-05-19T07:42:38.040+0000][71][info ][safepoint   ] Safepoint "Cleanup", Time since last: 4008586384 ns, Reaching safepoint: 28053 ns, Cleanup: 15894 ns, At safepoint: 11436 ns, Total: 55383 ns
[2025-05-19T07:42:39.059+0000][71][info ][safepoint   ] Safepoint "Cleanup", Time since last: 1019604654 ns, Reaching safepoint: 27047 ns, Cleanup: 20452 ns, At safepoint: 11456 ns, Total: 58955 ns
[2025-05-19T07:42:42.930+0000][71][info ][safepoint   ] Safepoint "Cleanup", Time since last: 3870651250 ns, Reaching safepoint: 14640 ns, Cleanup: 11313 ns, At safepoint: 33000 ns, Total: 58953 ns
[2025-05-19T07:42:44.096+0000][71][info ][safepoint   ] Safepoint "Cleanup", Time since last: 1166170685 ns, Reaching safepoint: 28023 ns, Cleanup: 16633 ns, At safepoint: 10746 ns, Total: 55402 ns
[2025-05-19T07:42:54.933+0000][71][info ][safepoint   ] Safepoint "Cleanup", Time since last: 10838406726 ns, Reaching safepoint: 94257 ns, Cleanup: 10516 ns, At safepoint: 29585 ns, Total: 134358 ns
[2025-05-19T07:42:56.134+0000][71][info ][safepoint   ] Safepoint "Cleanup", Time since last: 1200665898 ns, Reaching safepoint: 28617 ns, Cleanup: 34849 ns, At safepoint: 12183 ns, Total: 75649 ns
[2025-05-19T07:43:39.929+0000][71][info ][safepoint   ] Safepoint "Cleanup", Time since last: 43796550746 ns, Reaching safepoint: 65561 ns, Cleanup: 15106 ns, At safepoint: 21677 ns, Total: 102344 ns
[2025-05-19T07:43:42.913+0000][71][info ][safepoint   ] Safepoint "Cleanup", Time since last: 2984616687 ns, Reaching safepoint: 119895 ns, Cleanup: 18069 ns, At safepoint: 57825 ns, Total: 195789 ns
[2025-05-19T07:44:06.204+0000][71][info ][safepoint   ] Safepoint "Cleanup", Time since last: 23292571805 ns, Reaching safepoint: 57607 ns, Cleanup: 16477 ns, At safepoint: 11348 ns, Total: 85432 ns
[2025-05-19T07:44:48.931+0000][71][info ][safepoint   ] Safepoint "Cleanup", Time since last: 42728629069 ns, Reaching safepoint: 250580 ns, Cleanup: 11180 ns, At safepoint: 45217 ns, Total: 306977 ns
[2025-05-19T07:44:50.249+0000][71][info ][safepoint   ] Safepoint "Cleanup", Time since last: 1320229292 ns, Reaching safepoint: 27210 ns, Cleanup: 26687 ns, At safepoint: 51567 ns, Total: 105464 ns
[2025-05-19T07:44:50.724+0000][71][info ][gc,start    ] GC(20) Pause Young (Normal) (G1 Evacuation Pause)
[2025-05-19T07:44:50.727+0000][71][info ][gc,task     ] GC(20) Using 10 workers of 10 for evacuation
[2025-05-19T07:44:50.728+0000][71][debug][gc,age      ] GC(20) Desired survivor size 153092096 bytes, new threshold 15 (max threshold 15)
[2025-05-19T07:44:50.788+0000][71][info ][gc,phases   ] GC(20)   Pre Evacuate Collection Set: 7.13ms
[2025-05-19T07:44:50.791+0000][71][info ][gc,phases   ] GC(20)   Merge Heap Roots: 2.40ms
[2025-05-19T07:44:50.793+0000][71][info ][gc,phases   ] GC(20)   Evacuate Collection Set: 40.41ms
[2025-05-19T07:44:50.796+0000][71][info ][gc,phases   ] GC(20)   Post Evacuate Collection Set: 7.59ms
[2025-05-19T07:44:50.797+0000][71][info ][gc,phases   ] GC(20)   Other: 3.98ms
[2025-05-19T07:44:50.798+0000][71][trace][gc,age      ] GC(20) Age table with threshold 15 (max threshold 15)
[2025-05-19T07:44:50.798+0000][71][trace][gc,age      ] GC(20) - age   1:    1136112 bytes,    1136112 total
[2025-05-19T07:44:50.798+0000][71][trace][gc,age      ] GC(20) - age   2:      96216 bytes,    1232328 total
[2025-05-19T07:44:50.799+0000][71][trace][gc,age      ] GC(20) - age   3:     515040 bytes,    1747368 total
[2025-05-19T07:44:50.799+0000][71][trace][gc,age      ] GC(20) - age   4:      42384 bytes,    1789752 total
[2025-05-19T07:44:50.799+0000][71][trace][gc,age      ] GC(20) - age   5:      79768 bytes,    1869520 total
[2025-05-19T07:44:50.800+0000][71][trace][gc,age      ] GC(20) - age   6:    2210632 bytes,    4080152 total
[2025-05-19T07:44:50.800+0000][71][trace][gc,age      ] GC(20) - age   7:      65704 bytes,    4145856 total
[2025-05-19T07:44:50.800+0000][71][info ][gc,heap     ] GC(20) Eden regions: 580->0(580)
[2025-05-19T07:44:50.801+0000][71][info ][gc,heap     ] GC(20) Survivor regions: 2->2(73)
[2025-05-19T07:44:50.801+0000][71][info ][gc,heap     ] GC(20) Old regions: 30->30
[2025-05-19T07:44:50.801+0000][71][info ][gc,heap     ] GC(20) Humongous regions: 0->0
[2025-05-19T07:44:50.801+0000][71][info ][gc,metaspace] GC(20) Metaspace: 148457K(152448K)->148457K(152448K) NonClass: 128374K(130496K)->128374K(130496K) Class: 20082K(21952K)->20082K(21952K)
[2025-05-19T07:44:50.802+0000][71][info ][gc          ] GC(20) Pause Young (Normal) (G1 Evacuation Pause) 2440M->120M(3880M) 77.947ms
[2025-05-19T07:44:50.802+0000][71][info ][gc,cpu      ] GC(20) User=0.35s Sys=0.03s Real=0.08s
[2025-05-19T07:44:50.803+0000][71][info ][safepoint   ] Safepoint "G1CollectForAllocation", Time since last: 473517320 ns, Reaching safepoint: 26309 ns, Cleanup: 6270 ns, At safepoint: 79846685 ns, Total: 79879264 ns
[2025-05-19T07:45:31.286+0000][71][info ][safepoint   ] Safepoint "Cleanup", Time since last: 40485632255 ns, Reaching safepoint: 61506 ns, Cleanup: 17803 ns, At safepoint: 15132 ns, Total: 94441 ns
[2025-05-19T07:46:26.314+0000][71][info ][safepoint   ] Safepoint "Cleanup", Time since last: 55031451722 ns, Reaching safepoint: 71217 ns, Cleanup: 15160 ns, At safepoint: 9182 ns, Total: 95559 ns
[2025-05-19T07:46:35.317+0000][71][info ][safepoint   ] Safepoint "Cleanup", Time since last: 9002081025 ns, Reaching safepoint: 26498 ns, Cleanup: 15901 ns, At safepoint: 13309 ns, Total: 55708 ns
[2025-05-19T07:47:20.325+0000][71][info ][safepoint   ] Safepoint "Cleanup", Time since last: 45015052169 ns, Reaching safepoint: 78837 ns, Cleanup: 17323 ns, At safepoint: 12771 ns, Total: 108931 ns
[2025-05-19T07:47:31.328+0000][71][info ][safepoint   ] Safepoint "Cleanup", Time since last: 11002432070 ns, Reaching safepoint: 26698 ns, Cleanup: 16042 ns, At safepoint: 15718 ns, Total: 58458 ns
[2025-05-19T07:47:57.924+0000][71][info ][safepoint   ] Safepoint "Cleanup", Time since last: 26595931707 ns, Reaching safepoint: 12842 ns, Cleanup: 11276 ns, At safepoint: 27994 ns, Total: 52112 ns
[2025-05-19T07:48:21.367+0000][71][info ][safepoint   ] Safepoint "Cleanup", Time since last: 23443678541 ns, Reaching safepoint: 58633 ns, Cleanup: 15893 ns, At safepoint: 10263 ns, Total: 84789 ns
[2025-05-19T07:48:42.909+0000][71][info ][safepoint   ] Safepoint "Cleanup", Time since last: 21542377119 ns, Reaching safepoint: 54221 ns, Cleanup: 6366 ns, At safepoint: 3123 ns, Total: 63710 ns
[2025-05-19T07:49:01.018+0000][71][info ][safepoint   ] Safepoint "Cleanup", Time since last: 18109940339 ns, Reaching safepoint: 11093 ns, Cleanup: 12815 ns, At safepoint: 16562 ns, Total: 40470 ns
[2025-05-19T07:49:20.459+0000][71][info ][safepoint   ] Safepoint "Cleanup", Time since last: 19441742884 ns, Reaching safepoint: 66386 ns, Cleanup: 16166 ns, At safepoint: 13002 ns, Total: 95554 ns
[2025-05-19T07:50:03.946+0000][71][info ][safepoint   ] Safepoint "Cleanup", Time since last: 43488315580 ns, Reaching safepoint: 17387 ns, Cleanup: 15559 ns, At safepoint: 25981 ns, Total: 58927 ns
[2025-05-19T07:50:05.502+0000][71][info ][safepoint   ] Safepoint "Cleanup", Time since last: 1556330631 ns, Reaching safepoint: 19315 ns, Cleanup: 16321 ns, At safepoint: 9228 ns, Total: 44864 ns
[2025-05-19T07:52:38.584+0000][71][info ][safepoint   ] Safepoint "Cleanup", Time since last: 153089792080 ns, Reaching safepoint: 25733 ns, Cleanup: 16583 ns, At safepoint: 10331 ns, Total: 52647 ns
[2025-05-19T07:54:09.478+0000][71][info ][safepoint   ] Safepoint "Cleanup", Time since last: 90898621664 ns, Reaching safepoint: 20739 ns, Cleanup: 14278 ns, At safepoint: 9828 ns, Total: 44845 ns
[2025-05-19T07:55:18.911+0000][71][info ][safepoint   ] Safepoint "Cleanup", Time since last: 69436730439 ns, Reaching safepoint: 17264 ns, Cleanup: 11559 ns, At safepoint: 22619 ns, Total: 51442 ns
[2025-05-19T07:56:01.603+0000][71][info ][safepoint   ] Safepoint "Cleanup", Time since last: 42694105950 ns, Reaching safepoint: 57077 ns, Cleanup: 35339 ns, At safepoint: 15517 ns, Total: 107933 ns
[2025-05-19T07:56:20.604+0000][71][info ][safepoint   ] Safepoint "Cleanup", Time since last: 19002901394 ns, Reaching safepoint: 53963 ns, Cleanup: 16993 ns, At safepoint: 10840 ns, Total: 81796 ns
[2025-05-19T07:57:40.822+0000][71][info ][safepoint   ] Safepoint "Cleanup", Time since last: 80220559422 ns, Reaching safepoint: 30141 ns, Cleanup: 15940 ns, At safepoint: 11368 ns, Total: 57449 ns
[2025-05-19T07:57:57.912+0000][71][info ][safepoint   ] Safepoint "Cleanup", Time since last: 17092112378 ns, Reaching safepoint: 31218 ns, Cleanup: 13433 ns, At safepoint: 20349 ns, Total: 65000 ns
[2025-05-19T07:57:59.859+0000][71][info ][safepoint   ] Safepoint "Cleanup", Time since last: 1946770604 ns, Reaching safepoint: 30029 ns, Cleanup: 18937 ns, At safepoint: 11774 ns, Total: 60740 ns
[2025-05-19T07:58:57.959+0000][71][info ][safepoint   ] Safepoint "Cleanup", Time since last: 58102621578 ns, Reaching safepoint: 20478 ns, Cleanup: 105114 ns, At safepoint: 12035 ns, Total: 137627 ns
[2025-05-19T07:58:59.960+0000][71][info ][safepoint   ] Safepoint "Cleanup", Time since last: 2000856216 ns, Reaching safepoint: 26674 ns, Cleanup: 16670 ns, At safepoint: 10902 ns, Total: 54246 ns
[2025-05-19T07:59:17.639+0000][71][info ][safepoint   ] Safepoint "Cleanup", Time since last: 17679357547 ns, Reaching safepoint: 21126 ns, Cleanup: 19240 ns, At safepoint: 9621 ns, Total: 49987 ns
[2025-05-19T07:59:31.930+0000][71][info ][safepoint   ] Safepoint "Cleanup", Time since last: 14292201623 ns, Reaching safepoint: 27452 ns, Cleanup: 19218 ns, At safepoint: 13141 ns, Total: 59811 ns
[2025-05-19T07:59:33.016+0000][71][info ][safepoint   ] Safepoint "Cleanup", Time since last: 1086309408 ns, Reaching safepoint: 10980 ns, Cleanup: 11541 ns, At safepoint: 17952 ns, Total: 40473 ns
[2025-05-19T08:00:02.717+0000][71][info ][safepoint   ] Safepoint "Cleanup", Time since last: 29701996831 ns, Reaching safepoint: 23699 ns, Cleanup: 14980 ns, At safepoint: 9734 ns, Total: 48413 ns
[2025-05-19T08:00:20.719+0000][71][info ][safepoint   ] Safepoint "Cleanup", Time since last: 18003338293 ns, Reaching safepoint: 52073 ns, Cleanup: 20634 ns, At safepoint: 10017 ns, Total: 82724 ns
[2025-05-19T08:00:36.070+0000][71][info ][safepoint   ] Safepoint "Cleanup", Time since last: 15350836291 ns, Reaching safepoint: 26172 ns, Cleanup: 17072 ns, At safepoint: 10674 ns, Total: 53918 ns
[2025-05-19T08:01:20.745+0000][71][info ][safepoint   ] Safepoint "Cleanup", Time since last: 44678643382 ns, Reaching safepoint: 149750 ns, Cleanup: 14562 ns, At safepoint: 52769 ns, Total: 217081 ns
[2025-05-19T08:01:22.746+0000][71][info ][safepoint   ] Safepoint "Cleanup", Time since last: 2000633352 ns, Reaching safepoint: 24603 ns, Cleanup: 20157 ns, At safepoint: 10181 ns, Total: 54941 ns
[2025-05-19T08:02:05.774+0000][71][info ][safepoint   ] Safepoint "Cleanup", Time since last: 43029174113 ns, Reaching safepoint: 65620 ns, Cleanup: 17269 ns, At safepoint: 54192 ns, Total: 137081 ns
[2025-05-19T08:02:20.774+0000][71][info ][safepoint   ] Safepoint "Cleanup", Time since last: 15002358027 ns, Reaching safepoint: 55318 ns, Cleanup: 16591 ns, At safepoint: 14462 ns, Total: 86371 ns
[2025-05-19T08:03:57.260+0000][71][info ][safepoint   ] Safepoint "Cleanup", Time since last: 96489772707 ns, Reaching safepoint: 63701 ns, Cleanup: 16752 ns, At safepoint: 14640 ns, Total: 95093 ns
[2025-05-19T08:05:01.856+0000][71][info ][safepoint   ] Safepoint "Cleanup", Time since last: 64600710145 ns, Reaching safepoint: 64105 ns, Cleanup: 17454 ns, At safepoint: 12043 ns, Total: 93602 ns
[2025-05-19T08:05:28.860+0000][71][info ][safepoint   ] Safepoint "Cleanup", Time since last: 27004011015 ns, Reaching safepoint: 58584 ns, Cleanup: 17462 ns, At safepoint: 10495 ns, Total: 86541 ns
[2025-05-19T08:06:34.887+0000][71][info ][safepoint   ] Safepoint "Cleanup", Time since last: 66030271528 ns, Reaching safepoint: 29254 ns, Cleanup: 17596 ns, At safepoint: 12974 ns, Total: 59824 ns
[2025-05-19T08:07:35.915+0000][71][info ][safepoint   ] Safepoint "Cleanup", Time since last: 61031333499 ns, Reaching safepoint: 36305 ns, Cleanup: 23438 ns, At safepoint: 67119 ns, Total: 126862 ns
[2025-05-19T08:07:55.447+0000][71][info ][safepoint   ] Safepoint "Cleanup", Time since last: 19533049945 ns, Reaching safepoint: 7920 ns, Cleanup: 5837 ns, At safepoint: 13778 ns, Total: 27535 ns
[2025-05-19T08:08:54.920+0000][71][info ][safepoint   ] Safepoint "Cleanup", Time since last: 59477155366 ns, Reaching safepoint: 17529 ns, Cleanup: 10680 ns, At safepoint: 18744 ns, Total: 46953 ns
[2025-05-19T08:08:56.478+0000][71][info ][safepoint   ] Safepoint "Cleanup", Time since last: 1557923474 ns, Reaching safepoint: 26412 ns, Cleanup: 16073 ns, At safepoint: 9812 ns, Total: 52297 ns
[2025-05-19T08:09:53.041+0000][71][info ][safepoint   ] Safepoint "Cleanup", Time since last: 56566045087 ns, Reaching safepoint: 64650 ns, Cleanup: 16634 ns, At safepoint: 11979 ns, Total: 93263 ns
[2025-05-19T08:10:00.917+0000][71][info ][safepoint   ] Safepoint "Cleanup", Time since last: 7875723811 ns, Reaching safepoint: 9113 ns, Cleanup: 9929 ns, At safepoint: 19423 ns, Total: 38465 ns
[2025-05-19T08:10:41.594+0000][71][info ][safepoint   ] Safepoint "Cleanup", Time since last: 40678715847 ns, Reaching safepoint: 65529 ns, Cleanup: 15483 ns, At safepoint: 14780 ns, Total: 95792 ns
[2025-05-19T08:11:33.634+0000][71][info ][safepoint   ] Safepoint "Cleanup", Time since last: 52042790317 ns, Reaching safepoint: 58363 ns, Cleanup: 18530 ns, At safepoint: 12246 ns, Total: 89139 ns
[2025-05-19T08:11:34.634+0000][71][info ][safepoint   ] Safepoint "Cleanup", Time since last: 1000552401 ns, Reaching safepoint: 27428 ns, Cleanup: 16497 ns, At safepoint: 15170 ns, Total: 59095 ns
[2025-05-19T08:13:00.897+0000][71][info ][safepoint   ] Safepoint "Cleanup", Time since last: 86267212526 ns, Reaching safepoint: 20493 ns, Cleanup: 10777 ns, At safepoint: 16082 ns, Total: 47352 ns
[2025-05-19T08:13:10.766+0000][71][info ][safepoint   ] Safepoint "Cleanup", Time since last: 9869333387 ns, Reaching safepoint: 23324 ns, Cleanup: 13457 ns, At safepoint: 38380 ns, Total: 75161 ns
[2025-05-19T08:13:17.742+0000][71][info ][safepoint   ] Safepoint "Cleanup", Time since last: 6975953487 ns, Reaching safepoint: 26914 ns, Cleanup: 17530 ns, At safepoint: 11651 ns, Total: 56095 ns
[2025-05-19T08:13:46.745+0000][71][info ][safepoint   ] Safepoint "Cleanup", Time since last: 29004297070 ns, Reaching safepoint: 59576 ns, Cleanup: 16633 ns, At safepoint: 10577 ns, Total: 86786 ns
[2025-05-19T08:15:20.911+0000][71][info ][safepoint   ] Safepoint "Cleanup", Time since last: 94172934303 ns, Reaching safepoint: 24362 ns, Cleanup: 19581 ns, At safepoint: 10858 ns, Total: 54801 ns
[2025-05-19T08:16:20.964+0000][71][info ][safepoint   ] Safepoint "Cleanup", Time since last: 60056202797 ns, Reaching safepoint: 29646 ns, Cleanup: 17511 ns, At safepoint: 12048 ns, Total: 59205 ns
[2025-05-19T08:16:34.966+0000][71][info ][safepoint   ] Safepoint "Cleanup", Time since last: 14002354516 ns, Reaching safepoint: 25972 ns, Cleanup: 18069 ns, At safepoint: 10515 ns, Total: 54556 ns
[2025-05-19T08:17:08.212+0000][71][info ][safepoint   ] Safepoint "Cleanup", Time since last: 33246956002 ns, Reaching safepoint: 68622 ns, Cleanup: 18271 ns, At safepoint: 11987 ns, Total: 98880 ns
[2025-05-19T08:17:33.003+0000][71][info ][safepoint   ] Safepoint "Cleanup", Time since last: 24792997176 ns, Reaching safepoint: 61607 ns, Cleanup: 16642 ns, At safepoint: 16158 ns, Total: 94407 ns
[2025-05-19T08:17:38.004+0000][71][info ][safepoint   ] Safepoint "Cleanup", Time since last: 5001182661 ns, Reaching safepoint: 28342 ns, Cleanup: 33411 ns, At safepoint: 12650 ns, Total: 74403 ns
[2025-05-19T08:19:01.058+0000][71][info ][safepoint   ] Safepoint "Cleanup", Time since last: 83058396757 ns, Reaching safepoint: 13331 ns, Cleanup: 11574 ns, At safepoint: 20906 ns, Total: 45811 ns
[2025-05-19T08:20:31.200+0000][71][info ][safepoint   ] Safepoint "Cleanup", Time since last: 90146695313 ns, Reaching safepoint: 32896 ns, Cleanup: 20321 ns, At safepoint: 22722 ns, Total: 75939 ns
[2025-05-19T08:22:37.254+0000][71][info ][safepoint   ] Safepoint "Cleanup", Time since last: 126060708273 ns, Reaching safepoint: 16386 ns, Cleanup: 11447 ns, At safepoint: 19391 ns, Total: 47224 ns
[2025-05-19T08:22:41.272+0000][71][info ][safepoint   ] Safepoint "Cleanup", Time since last: 4018234908 ns, Reaching safepoint: 53251 ns, Cleanup: 16596 ns, At safepoint: 13013 ns, Total: 82860 ns
[2025-05-19T08:24:06.871+0000][71][info ][safepoint   ] Safepoint "Cleanup", Time since last: 85604067161 ns, Reaching safepoint: 43280 ns, Cleanup: 12350 ns, At safepoint: 24601 ns, Total: 80231 ns
[2025-05-19T08:24:30.555+0000][71][info ][safepoint   ] Safepoint "Cleanup", Time since last: 23685518431 ns, Reaching safepoint: 7220 ns, Cleanup: 8049 ns, At safepoint: 3142 ns, Total: 18411 ns
[2025-05-19T08:24:42.882+0000][71][info ][safepoint   ] Safepoint "Cleanup", Time since last: 12326906235 ns, Reaching safepoint: 277407 ns, Cleanup: 11079 ns, At safepoint: 50212 ns, Total: 338698 ns
[2025-05-19T08:27:33.905+0000][71][info ][safepoint   ] Safepoint "Cleanup", Time since last: 171032772703 ns, Reaching safepoint: 22281 ns, Cleanup: 14592 ns, At safepoint: 16139 ns, Total: 53012 ns
[2025-05-19T08:27:35.541+0000][71][info ][safepoint   ] Safepoint "Cleanup", Time since last: 1635842706 ns, Reaching safepoint: 217732 ns, Cleanup: 21011 ns, At safepoint: 58031 ns, Total: 296774 ns
[2025-05-19T08:27:46.641+0000][71][info ][safepoint   ] Safepoint "Cleanup", Time since last: 11099316157 ns, Reaching safepoint: 56062 ns, Cleanup: 17532 ns, At safepoint: 26497 ns, Total: 100091 ns
[2025-05-19T08:28:02.686+0000][71][info ][safepoint   ] Safepoint "Cleanup", Time since last: 16047349306 ns, Reaching safepoint: 60442 ns, Cleanup: 19636 ns, At safepoint: 13170 ns, Total: 93248 ns
[2025-05-19T08:28:20.707+0000][71][info ][safepoint   ] Safepoint "Cleanup", Time since last: 18023106102 ns, Reaching safepoint: 57915 ns, Cleanup: 19600 ns, At safepoint: 10227 ns, Total: 87742 ns
[2025-05-19T08:28:21.708+0000][71][info ][safepoint   ] Safepoint "Cleanup", Time since last: 1000620082 ns, Reaching safepoint: 26160 ns, Cleanup: 16275 ns, At safepoint: 9995 ns, Total: 52430 ns
[2025-05-19T08:28:55.718+0000][71][info ][safepoint   ] Safepoint "Cleanup", Time since last: 34011621798 ns, Reaching safepoint: 16049 ns, Cleanup: 11418 ns, At safepoint: 34988 ns, Total: 62455 ns
[2025-05-19T08:29:06.922+0000][71][info ][safepoint   ] Safepoint "Cleanup", Time since last: 11203564915 ns, Reaching safepoint: 123206 ns, Cleanup: 17934 ns, At safepoint: 66948 ns, Total: 208088 ns
[2025-05-19T08:29:08.774+0000][71][info ][safepoint   ] Safepoint "Cleanup", Time since last: 1851726637 ns, Reaching safepoint: 26927 ns, Cleanup: 16511 ns, At safepoint: 11913 ns, Total: 55351 ns
[2025-05-19T08:29:10.781+0000][71][info ][safepoint   ] Safepoint "Cleanup", Time since last: 2007451877 ns, Reaching safepoint: 18434 ns, Cleanup: 13302 ns, At safepoint: 22184 ns, Total: 53920 ns
[2025-05-19T08:29:13.818+0000][71][info ][safepoint   ] Safepoint "Cleanup", Time since last: 3036042524 ns, Reaching safepoint: 18058 ns, Cleanup: 18394 ns, At safepoint: 23865 ns, Total: 60317 ns
[2025-05-19T08:29:14.821+0000][71][info ][safepoint   ] Safepoint "Cleanup", Time since last: 1003875429 ns, Reaching safepoint: 26810 ns, Cleanup: 16733 ns, At safepoint: 11253 ns, Total: 54796 ns
[2025-05-19T08:29:16.822+0000][71][info ][safepoint   ] Safepoint "Cleanup", Time since last: 2000723456 ns, Reaching safepoint: 30902 ns, Cleanup: 15654 ns, At safepoint: 12348 ns, Total: 58904 ns
[2025-05-19T08:29:25.823+0000][71][info ][safepoint   ] Safepoint "Cleanup", Time since last: 9002451464 ns, Reaching safepoint: 63585 ns, Cleanup: 16638 ns, At safepoint: 11632 ns, Total: 91855 ns
[2025-05-19T08:30:51.873+0000][71][info ][safepoint   ] Safepoint "Cleanup", Time since last: 86055143570 ns, Reaching safepoint: 62929 ns, Cleanup: 17021 ns, At safepoint: 11859 ns, Total: 91809 ns
[2025-05-19T08:31:00.877+0000][71][info ][safepoint   ] Safepoint "Cleanup", Time since last: 9003367359 ns, Reaching safepoint: 14732 ns, Cleanup: 12336 ns, At safepoint: 30977 ns, Total: 58045 ns
[2025-05-19T08:31:00.904+0000][71][info ][gc,start    ] GC(21) Pause Young (Normal) (G1 Evacuation Pause)
[2025-05-19T08:31:00.905+0000][71][info ][gc,task     ] GC(21) Using 10 workers of 10 for evacuation
[2025-05-19T08:31:00.906+0000][71][debug][gc,age      ] GC(21) Desired survivor size 153092096 bytes, new threshold 15 (max threshold 15)
[2025-05-19T08:31:00.954+0000][71][info ][gc,phases   ] GC(21)   Pre Evacuate Collection Set: 4.29ms
[2025-05-19T08:31:00.956+0000][71][info ][gc,phases   ] GC(21)   Merge Heap Roots: 1.43ms
[2025-05-19T08:31:00.956+0000][71][info ][gc,phases   ] GC(21)   Evacuate Collection Set: 34.35ms
[2025-05-19T08:31:00.957+0000][71][info ][gc,phases   ] GC(21)   Post Evacuate Collection Set: 7.94ms
[2025-05-19T08:31:00.957+0000][71][info ][gc,phases   ] GC(21)   Other: 1.51ms
[2025-05-19T08:31:00.957+0000][71][trace][gc,age      ] GC(21) Age table with threshold 15 (max threshold 15)
[2025-05-19T08:31:00.958+0000][71][trace][gc,age      ] GC(21) - age   1:    1705704 bytes,    1705704 total
[2025-05-19T08:31:00.958+0000][71][trace][gc,age      ] GC(21) - age   2:     228712 bytes,    1934416 total
[2025-05-19T08:31:00.959+0000][71][trace][gc,age      ] GC(21) - age   3:      94744 bytes,    2029160 total
[2025-05-19T08:31:00.959+0000][71][trace][gc,age      ] GC(21) - age   4:     465184 bytes,    2494344 total
[2025-05-19T08:31:00.961+0000][71][trace][gc,age      ] GC(21) - age   5:      42384 bytes,    2536728 total
[2025-05-19T08:31:00.961+0000][71][trace][gc,age      ] GC(21) - age   6:      79728 bytes,    2616456 total
[2025-05-19T08:31:00.962+0000][71][trace][gc,age      ] GC(21) - age   7:    2209384 bytes,    4825840 total
[2025-05-19T08:31:00.964+0000][71][trace][gc,age      ] GC(21) - age   8:      65704 bytes,    4891544 total
[2025-05-19T08:31:00.964+0000][71][info ][gc,heap     ] GC(21) Eden regions: 580->0(580)
[2025-05-19T08:31:00.965+0000][71][info ][gc,heap     ] GC(21) Survivor regions: 2->2(73)
[2025-05-19T08:31:00.966+0000][71][info ][gc,heap     ] GC(21) Old regions: 30->30
[2025-05-19T08:31:00.967+0000][71][info ][gc,heap     ] GC(21) Humongous regions: 0->0
[2025-05-19T08:31:00.967+0000][71][info ][gc,metaspace] GC(21) Metaspace: 148614K(152640K)->148614K(152640K) NonClass: 128531K(130688K)->128531K(130688K) Class: 20083K(21952K)->20083K(21952K)
[2025-05-19T08:31:00.968+0000][71][info ][gc          ] GC(21) Pause Young (Normal) (G1 Evacuation Pause) 2440M->121M(3880M) 63.550ms
[2025-05-19T08:31:00.968+0000][71][info ][gc,cpu      ] GC(21) User=0.33s Sys=0.00s Real=0.07s
[2025-05-19T08:31:00.969+0000][71][info ][safepoint   ] Safepoint "G1CollectForAllocation", Time since last: 26859121 ns, Reaching safepoint: 26599 ns, Cleanup: 6751 ns, At safepoint: 65377242 ns, Total: 65410592 ns
[2025-05-19T08:34:10.928+0000][71][info ][safepoint   ] Safepoint "Cleanup", Time since last: 189969317417 ns, Reaching safepoint: 31028 ns, Cleanup: 21110 ns, At safepoint: 12677 ns, Total: 64815 ns
[2025-05-19T08:34:12.031+0000][71][info ][safepoint   ] Safepoint "Cleanup", Time since last: 1102973746 ns, Reaching safepoint: 27064 ns, Cleanup: 16601 ns, At safepoint: 10491 ns, Total: 54156 ns
[2025-05-19T08:35:13.089+0000][71][info ][safepoint   ] Safepoint "Cleanup", Time since last: 61061665216 ns, Reaching safepoint: 14966 ns, Cleanup: 11718 ns, At safepoint: 20897 ns, Total: 47581 ns
[2025-05-19T08:35:14.120+0000][71][info ][safepoint   ] Safepoint "Cleanup", Time since last: 1030357388 ns, Reaching safepoint: 34566 ns, Cleanup: 27530 ns, At safepoint: 20526 ns, Total: 82622 ns
[2025-05-19T08:36:15.890+0000][71][info ][safepoint   ] Safepoint "Cleanup", Time since last: 61773261383 ns, Reaching safepoint: 14229 ns, Cleanup: 11153 ns, At safepoint: 17649 ns, Total: 43031 ns
[2025-05-19T08:36:17.153+0000][71][info ][safepoint   ] Safepoint "Cleanup", Time since last: 1263179647 ns, Reaching safepoint: 25906 ns, Cleanup: 18659 ns, At safepoint: 11396 ns, Total: 55961 ns
[2025-05-19T08:37:18.877+0000][71][info ][safepoint   ] Safepoint "Cleanup", Time since last: 61727866462 ns, Reaching safepoint: 7151 ns, Cleanup: 9810 ns, At safepoint: 22489 ns, Total: 39450 ns
[2025-05-19T08:37:20.204+0000][71][info ][safepoint   ] Safepoint "Cleanup", Time since last: 1328651532 ns, Reaching safepoint: 27027 ns, Cleanup: 20294 ns, At safepoint: 11515 ns, Total: 58836 ns
[2025-05-19T08:39:10.841+0000][71][info ][safepoint   ] Safepoint "Cleanup", Time since last: 110642339424 ns, Reaching safepoint: 65940 ns, Cleanup: 17363 ns, At safepoint: 10391 ns, Total: 93694 ns
[2025-05-19T08:39:20.334+0000][71][info ][safepoint   ] Safepoint "Cleanup", Time since last: 9494048065 ns, Reaching safepoint: 57404 ns, Cleanup: 16246 ns, At safepoint: 10982 ns, Total: 84632 ns
[2025-05-19T08:39:35.554+0000][71][info ][safepoint   ] Safepoint "Cleanup", Time since last: 15220436296 ns, Reaching safepoint: 19613 ns, Cleanup: 12067 ns, At safepoint: 20719 ns, Total: 52399 ns
[2025-05-19T08:39:53.578+0000][71][info ][safepoint   ] Safepoint "Cleanup", Time since last: 18025348807 ns, Reaching safepoint: 26483 ns, Cleanup: 15673 ns, At safepoint: 10729 ns, Total: 52885 ns
[2025-05-19T08:40:00.870+0000][71][info ][safepoint   ] Safepoint "Cleanup", Time since last: 7291634812 ns, Reaching safepoint: 18295 ns, Cleanup: 13372 ns, At safepoint: 7874 ns, Total: 39541 ns
[2025-05-19T08:40:19.871+0000][71][info ][safepoint   ] Safepoint "Cleanup", Time since last: 19003011783 ns, Reaching safepoint: 56057 ns, Cleanup: 17822 ns, At safepoint: 9141 ns, Total: 83020 ns
[2025-05-19T08:40:28.398+0000][71][info ][safepoint   ] Safepoint "Cleanup", Time since last: 8526830877 ns, Reaching safepoint: 28568 ns, Cleanup: 11919 ns, At safepoint: 35154 ns, Total: 75641 ns
[2025-05-19T08:43:06.930+0000][71][info ][safepoint   ] Safepoint "Cleanup", Time since last: 158541390358 ns, Reaching safepoint: 9209 ns, Cleanup: 15717 ns, At safepoint: 15416 ns, Total: 40342 ns
[2025-05-19T08:43:08.529+0000][71][info ][safepoint   ] Safepoint "Cleanup", Time since last: 1598715962 ns, Reaching safepoint: 59579 ns, Cleanup: 16705 ns, At safepoint: 11195 ns, Total: 87479 ns
[2025-05-19T08:43:36.533+0000][71][info ][safepoint   ] Safepoint "Cleanup", Time since last: 28004942021 ns, Reaching safepoint: 94794 ns, Cleanup: 19964 ns, At safepoint: 18646 ns, Total: 133404 ns
[2025-05-19T08:43:37.543+0000][71][info ][safepoint   ] Safepoint "Cleanup", Time since last: 1009857831 ns, Reaching safepoint: 12993 ns, Cleanup: 10902 ns, At safepoint: 17911 ns, Total: 41806 ns
[2025-05-19T08:43:46.554+0000][71][info ][safepoint   ] Safepoint "Cleanup", Time since last: 9011084493 ns, Reaching safepoint: 60507 ns, Cleanup: 17384 ns, At safepoint: 10355 ns, Total: 88246 ns
[2025-05-19T08:44:15.869+0000][71][info ][safepoint   ] Safepoint "Cleanup", Time since last: 29316652600 ns, Reaching safepoint: 19716 ns, Cleanup: 11744 ns, At safepoint: 31578 ns, Total: 63038 ns
[2025-05-19T08:44:20.595+0000][71][info ][safepoint   ] Safepoint "Cleanup", Time since last: 4727706056 ns, Reaching safepoint: 24839 ns, Cleanup: 15817 ns, At safepoint: 10896 ns, Total: 51552 ns
[2025-05-19T08:44:40.673+0000][71][info ][safepoint   ] Safepoint "Cleanup", Time since last: 20077784159 ns, Reaching safepoint: 13675 ns, Cleanup: 12132 ns, At safepoint: 20746 ns, Total: 46553 ns
[2025-05-19T08:45:43.681+0000][71][info ][safepoint   ] Safepoint "Cleanup", Time since last: 63011826986 ns, Reaching safepoint: 17727 ns, Cleanup: 13125 ns, At safepoint: 20415 ns, Total: 51267 ns
[2025-05-19T08:46:35.047+0000][71][info ][safepoint   ] Safepoint "Cleanup", Time since last: 51369062585 ns, Reaching safepoint: 25800 ns, Cleanup: 15914 ns, At safepoint: 46978 ns, Total: 88692 ns
[2025-05-19T08:46:46.716+0000][71][info ][safepoint   ] Safepoint "Cleanup", Time since last: 11669673344 ns, Reaching safepoint: 14122 ns, Cleanup: 10779 ns, At safepoint: 23096 ns, Total: 47997 ns
[2025-05-19T08:47:05.073+0000][71][info ][safepoint   ] Safepoint "Cleanup", Time since last: 18358132592 ns, Reaching safepoint: 60856 ns, Cleanup: 20129 ns, At safepoint: 12019 ns, Total: 93004 ns
[2025-05-19T08:49:19.828+0000][71][info ][safepoint   ] Safepoint "Cleanup", Time since last: 134764357409 ns, Reaching safepoint: 35672 ns, Cleanup: 14694 ns, At safepoint: 26723 ns, Total: 77089 ns
[2025-05-19T08:50:58.905+0000][71][info ][safepoint   ] Safepoint "Cleanup", Time since last: 99082598081 ns, Reaching safepoint: 24432 ns, Cleanup: 16753 ns, At safepoint: 10779 ns, Total: 51964 ns
[2025-05-19T08:52:01.890+0000][71][info ][safepoint   ] Safepoint "Cleanup", Time since last: 62987097067 ns, Reaching safepoint: 26171 ns, Cleanup: 16310 ns, At safepoint: 11857 ns, Total: 54338 ns
[2025-05-19T08:53:20.035+0000][71][info ][safepoint   ] Safepoint "Cleanup", Time since last: 78151799991 ns, Reaching safepoint: 47946 ns, Cleanup: 13887 ns, At safepoint: 9260 ns, Total: 71093 ns
[2025-05-19T08:54:06.267+0000][71][info ][safepoint   ] Safepoint "Cleanup", Time since last: 46233232751 ns, Reaching safepoint: 26236 ns, Cleanup: 18558 ns, At safepoint: 12204 ns, Total: 56998 ns
[2025-05-19T08:54:20.076+0000][71][info ][safepoint   ] Safepoint "Cleanup", Time since last: 13810520027 ns, Reaching safepoint: 58902 ns, Cleanup: 15399 ns, At safepoint: 10686 ns, Total: 84987 ns
[2025-05-19T08:54:25.101+0000][71][info ][safepoint   ] Safepoint "Cleanup", Time since last: 5024747403 ns, Reaching safepoint: 210788 ns, Cleanup: 13458 ns, At safepoint: 29493 ns, Total: 253739 ns
[2025-05-19T08:55:10.155+0000][71][info ][safepoint   ] Safepoint "Cleanup", Time since last: 45055119165 ns, Reaching safepoint: 15747 ns, Cleanup: 12366 ns, At safepoint: 19107 ns, Total: 47220 ns
[2025-05-19T08:56:13.201+0000][71][info ][safepoint   ] Safepoint "Cleanup", Time since last: 63049478253 ns, Reaching safepoint: 16356 ns, Cleanup: 12056 ns, At safepoint: 21342 ns, Total: 49754 ns
[2025-05-19T08:56:20.219+0000][71][info ][safepoint   ] Safepoint "Cleanup", Time since last: 7019856833 ns, Reaching safepoint: 19208 ns, Cleanup: 15368 ns, At safepoint: 8949 ns, Total: 43525 ns
[2025-05-19T08:57:15.910+0000][71][info ][safepoint   ] Safepoint "Cleanup", Time since last: 55692371113 ns, Reaching safepoint: 109608 ns, Cleanup: 11147 ns, At safepoint: 59301 ns, Total: 180056 ns
[2025-05-19T08:57:21.251+0000][71][info ][safepoint   ] Safepoint "Cleanup", Time since last: 5342756323 ns, Reaching safepoint: 28691 ns, Cleanup: 17509 ns, At safepoint: 11873 ns, Total: 58073 ns
[2025-05-19T08:58:09.884+0000][71][info ][safepoint   ] Safepoint "Cleanup", Time since last: 48634008604 ns, Reaching safepoint: 24037 ns, Cleanup: 8269 ns, At safepoint: 2956 ns, Total: 35262 ns
[2025-05-19T08:58:11.292+0000][71][info ][safepoint   ] Safepoint "Cleanup", Time since last: 1408030558 ns, Reaching safepoint: 33007 ns, Cleanup: 77706 ns, At safepoint: 20058 ns, Total: 130771 ns
[2025-05-19T08:58:18.886+0000][71][info ][safepoint   ] Safepoint "Cleanup", Time since last: 7594203466 ns, Reaching safepoint: 16474 ns, Cleanup: 15592 ns, At safepoint: 7522 ns, Total: 39588 ns
[2025-05-19T08:59:21.886+0000][71][info ][safepoint   ] Safepoint "Cleanup", Time since last: 63005145587 ns, Reaching safepoint: 8120 ns, Cleanup: 10319 ns, At safepoint: 3811 ns, Total: 22250 ns
[2025-05-19T08:59:23.356+0000][71][info ][safepoint   ] Safepoint "Cleanup", Time since last: 1469946274 ns, Reaching safepoint: 28495 ns, Cleanup: 19257 ns, At safepoint: 11435 ns, Total: 59187 ns
[2025-05-19T08:59:24.873+0000][71][info ][safepoint   ] Safepoint "Cleanup", Time since last: 1517042615 ns, Reaching safepoint: 15975 ns, Cleanup: 12678 ns, At safepoint: 22775 ns, Total: 51428 ns
[2025-05-19T08:59:26.374+0000][71][info ][safepoint   ] Safepoint "Cleanup", Time since last: 1500768531 ns, Reaching safepoint: 35105 ns, Cleanup: 20038 ns, At safepoint: 19162 ns, Total: 74305 ns
[2025-05-19T08:59:28.398+0000][71][info ][safepoint   ] Safepoint "Cleanup", Time since last: 2024167310 ns, Reaching safepoint: 13675 ns, Cleanup: 12902 ns, At safepoint: 34713 ns, Total: 61290 ns
[2025-05-19T09:00:00.541+0000][71][info ][safepoint   ] Safepoint "Cleanup", Time since last: 32144730599 ns, Reaching safepoint: 7182 ns, Cleanup: 9943 ns, At safepoint: 13103 ns, Total: 30228 ns
[2025-05-19T09:00:25.458+0000][71][info ][safepoint   ] Safepoint "Cleanup", Time since last: 24918399519 ns, Reaching safepoint: 15903 ns, Cleanup: 11314 ns, At safepoint: 18582 ns, Total: 45799 ns
[2025-05-19T09:00:26.486+0000][71][info ][safepoint   ] Safepoint "Cleanup", Time since last: 1027531060 ns, Reaching safepoint: 111359 ns, Cleanup: 15911 ns, At safepoint: 31182 ns, Total: 158452 ns
[2025-05-19T09:00:39.491+0000][71][info ][safepoint   ] Safepoint "Cleanup", Time since last: 13004970218 ns, Reaching safepoint: 57479 ns, Cleanup: 19562 ns, At safepoint: 11389 ns, Total: 88430 ns
[2025-05-19T09:01:27.886+0000][71][info ][safepoint   ] Safepoint "Cleanup", Time since last: 48401558714 ns, Reaching safepoint: 12484 ns, Cleanup: 10876 ns, At safepoint: 21239 ns, Total: 44599 ns
[2025-05-19T09:01:29.516+0000][71][info ][safepoint   ] Safepoint "Cleanup", Time since last: 1629963192 ns, Reaching safepoint: 29462 ns, Cleanup: 19988 ns, At safepoint: 12700 ns, Total: 62150 ns
[2025-05-19T09:01:35.518+0000][71][info ][safepoint   ] Safepoint "Cleanup", Time since last: 6001351060 ns, Reaching safepoint: 25717 ns, Cleanup: 17884 ns, At safepoint: 11471 ns, Total: 55072 ns
[2025-05-19T09:02:31.548+0000][71][info ][safepoint   ] Safepoint "Cleanup", Time since last: 56031566065 ns, Reaching safepoint: 13360 ns, Cleanup: 10914 ns, At safepoint: 21927 ns, Total: 46201 ns
[2025-05-19T09:03:06.525+0000][71][info ][safepoint   ] Safepoint "Cleanup", Time since last: 34978089110 ns, Reaching safepoint: 58508 ns, Cleanup: 16859 ns, At safepoint: 12898 ns, Total: 88265 ns
[2025-05-19T09:03:20.527+0000][71][info ][safepoint   ] Safepoint "Cleanup", Time since last: 14003068947 ns, Reaching safepoint: 56491 ns, Cleanup: 16663 ns, At safepoint: 13435 ns, Total: 86589 ns
[2025-05-19T09:03:29.528+0000][71][info ][safepoint   ] Safepoint "Cleanup", Time since last: 9001718755 ns, Reaching safepoint: 24812 ns, Cleanup: 15659 ns, At safepoint: 10956 ns, Total: 51427 ns
[2025-05-19T09:03:34.590+0000][71][info ][safepoint   ] Safepoint "Cleanup", Time since last: 5061572450 ns, Reaching safepoint: 12655 ns, Cleanup: 9250 ns, At safepoint: 18850 ns, Total: 40755 ns
[2025-05-19T09:04:28.626+0000][71][info ][safepoint   ] Safepoint "Cleanup", Time since last: 54039388710 ns, Reaching safepoint: 43979 ns, Cleanup: 10414 ns, At safepoint: 20248 ns, Total: 74641 ns
[2025-05-19T09:04:29.636+0000][71][info ][safepoint   ] Safepoint "Cleanup", Time since last: 1009594290 ns, Reaching safepoint: 26186 ns, Cleanup: 15791 ns, At safepoint: 10188 ns, Total: 52165 ns
[2025-05-19T09:04:59.582+0000][71][info ][safepoint   ] Safepoint "Cleanup", Time since last: 29947718126 ns, Reaching safepoint: 25122 ns, Cleanup: 16550 ns, At safepoint: 9195 ns, Total: 50867 ns
[2025-05-19T09:05:01.564+0000][71][info ][safepoint   ] Safepoint "Cleanup", Time since last: 1981687133 ns, Reaching safepoint: 28542 ns, Cleanup: 22085 ns, At safepoint: 10886 ns, Total: 61513 ns
[2025-05-19T09:05:20.566+0000][71][info ][safepoint   ] Safepoint "Cleanup", Time since last: 19003456804 ns, Reaching safepoint: 59518 ns, Cleanup: 17130 ns, At safepoint: 10784 ns, Total: 87432 ns
[2025-05-19T09:06:40.615+0000][71][info ][safepoint   ] Safepoint "Cleanup", Time since last: 80052341569 ns, Reaching safepoint: 50389 ns, Cleanup: 15034 ns, At safepoint: 11049 ns, Total: 76472 ns
[2025-05-19T09:06:42.911+0000][71][info ][safepoint   ] Safepoint "Cleanup", Time since last: 2295975184 ns, Reaching safepoint: 9349 ns, Cleanup: 11960 ns, At safepoint: 2854 ns, Total: 24163 ns
[2025-05-19T09:07:45.643+0000][71][info ][safepoint   ] Safepoint "Cleanup", Time since last: 62735900695 ns, Reaching safepoint: 100450 ns, Cleanup: 15749 ns, At safepoint: 14127 ns, Total: 130326 ns
[2025-05-19T09:09:25.698+0000][71][info ][safepoint   ] Safepoint "Cleanup", Time since last: 100061373697 ns, Reaching safepoint: 73903 ns, Cleanup: 17290 ns, At safepoint: 11606 ns, Total: 102799 ns
[2025-05-19T09:09:33.900+0000][71][info ][safepoint   ] Safepoint "Cleanup", Time since last: 8201237720 ns, Reaching safepoint: 49822 ns, Cleanup: 13260 ns, At safepoint: 22402 ns, Total: 85484 ns
[2025-05-19T09:09:52.037+0000][71][info ][safepoint   ] Safepoint "Cleanup", Time since last: 18139543818 ns, Reaching safepoint: 15428 ns, Cleanup: 11652 ns, At safepoint: 21052 ns, Total: 48132 ns
[2025-05-19T09:10:00.539+0000][71][info ][safepoint   ] Safepoint "Cleanup", Time since last: 8501821990 ns, Reaching safepoint: 16189 ns, Cleanup: 10577 ns, At safepoint: 19438 ns, Total: 46204 ns
[2025-05-19T09:10:35.867+0000][71][info ][safepoint   ] Safepoint "Cleanup", Time since last: 35331641925 ns, Reaching safepoint: 47451 ns, Cleanup: 15541 ns, At safepoint: 8215 ns, Total: 71207 ns
[2025-05-19T09:11:33.754+0000][71][info ][safepoint   ] Safepoint "Cleanup", Time since last: 57891114469 ns, Reaching safepoint: 27844 ns, Cleanup: 17600 ns, At safepoint: 12243 ns, Total: 57687 ns
[2025-05-19T09:11:57.898+0000][71][info ][safepoint   ] Safepoint "Cleanup", Time since last: 24149147990 ns, Reaching safepoint: 658322 ns, Cleanup: 15306 ns, At safepoint: 80146 ns, Total: 753774 ns
[2025-05-19T09:12:39.938+0000][71][info ][safepoint   ] Safepoint "Cleanup", Time since last: 42042024633 ns, Reaching safepoint: 107447 ns, Cleanup: 19635 ns, At safepoint: 30467 ns, Total: 157549 ns
[2025-05-19T09:14:37.321+0000][71][info ][safepoint   ] Safepoint "Cleanup", Time since last: 117394368501 ns, Reaching safepoint: 24302 ns, Cleanup: 7283 ns, At safepoint: 13771 ns, Total: 45356 ns
[2025-05-19T09:15:07.405+0000][71][info ][safepoint   ] Safepoint "Cleanup", Time since last: 30086822547 ns, Reaching safepoint: 15162 ns, Cleanup: 19015 ns, At safepoint: 19243 ns, Total: 53420 ns
[2025-05-19T09:15:09.390+0000][71][info ][safepoint   ] Safepoint "Cleanup", Time since last: 1985500724 ns, Reaching safepoint: 29675 ns, Cleanup: 16054 ns, At safepoint: 10558 ns, Total: 56287 ns
[2025-05-19T09:16:35.411+0000][71][info ][safepoint   ] Safepoint "Cleanup", Time since last: 86028564716 ns, Reaching safepoint: 58548 ns, Cleanup: 16389 ns, At safepoint: 10425 ns, Total: 85362 ns
[2025-05-19T09:16:41.412+0000][71][info ][safepoint   ] Safepoint "Cleanup", Time since last: 6001262604 ns, Reaching safepoint: 48795 ns, Cleanup: 15520 ns, At safepoint: 11248 ns, Total: 75563 ns
[2025-05-19T09:17:16.450+0000][71][info ][safepoint   ] Safepoint "Cleanup", Time since last: 35040794252 ns, Reaching safepoint: 50168 ns, Cleanup: 16269 ns, At safepoint: 11380 ns, Total: 77817 ns
[2025-05-19T09:18:18.840+0000][71][info ][gc,start    ] GC(22) Pause Young (Normal) (G1 Evacuation Pause)
[2025-05-19T09:18:18.842+0000][71][info ][gc,task     ] GC(22) Using 10 workers of 10 for evacuation
[2025-05-19T09:18:18.843+0000][71][debug][gc,age      ] GC(22) Desired survivor size 153092096 bytes, new threshold 15 (max threshold 15)
[2025-05-19T09:18:18.873+0000][71][info ][gc,phases   ] GC(22)   Pre Evacuate Collection Set: 5.20ms
[2025-05-19T09:18:18.874+0000][71][info ][gc,phases   ] GC(22)   Merge Heap Roots: 1.83ms
[2025-05-19T09:18:18.874+0000][71][info ][gc,phases   ] GC(22)   Evacuate Collection Set: 16.62ms
[2025-05-19T09:18:18.874+0000][71][info ][gc,phases   ] GC(22)   Post Evacuate Collection Set: 5.86ms
[2025-05-19T09:18:18.875+0000][71][info ][gc,phases   ] GC(22)   Other: 1.88ms
[2025-05-19T09:18:18.875+0000][71][trace][gc,age      ] GC(22) Age table with threshold 15 (max threshold 15)
[2025-05-19T09:18:18.875+0000][71][trace][gc,age      ] GC(22) - age   1:     904392 bytes,     904392 total
[2025-05-19T09:18:18.876+0000][71][trace][gc,age      ] GC(22) - age   2:     497984 bytes,    1402376 total
[2025-05-19T09:18:18.876+0000][71][trace][gc,age      ] GC(22) - age   3:     192544 bytes,    1594920 total
[2025-05-19T09:18:18.876+0000][71][trace][gc,age      ] GC(22) - age   4:      94304 bytes,    1689224 total
[2025-05-19T09:18:18.877+0000][71][trace][gc,age      ] GC(22) - age   5:     449032 bytes,    2138256 total
[2025-05-19T09:18:18.877+0000][71][trace][gc,age      ] GC(22) - age   6:      42384 bytes,    2180640 total
[2025-05-19T09:18:18.877+0000][71][trace][gc,age      ] GC(22) - age   7:      79728 bytes,    2260368 total
[2025-05-19T09:18:18.877+0000][71][trace][gc,age      ] GC(22) - age   8:    2177080 bytes,    4437448 total
[2025-05-19T09:18:18.878+0000][71][trace][gc,age      ] GC(22) - age   9:      65704 bytes,    4503152 total
[2025-05-19T09:18:18.878+0000][71][info ][gc,heap     ] GC(22) Eden regions: 580->0(580)
[2025-05-19T09:18:18.879+0000][71][info ][gc,heap     ] GC(22) Survivor regions: 2->2(73)
[2025-05-19T09:18:18.879+0000][71][info ][gc,heap     ] GC(22) Old regions: 30->30
[2025-05-19T09:18:18.880+0000][71][info ][gc,heap     ] GC(22) Humongous regions: 0->0
[2025-05-19T09:18:18.881+0000][71][info ][gc,metaspace] GC(22) Metaspace: 148789K(152832K)->148789K(152832K) NonClass: 128705K(130880K)->128705K(130880K) Class: 20083K(21952K)->20083K(21952K)
[2025-05-19T09:18:18.881+0000][71][info ][gc          ] GC(22) Pause Young (Normal) (G1 Evacuation Pause) 2441M->120M(3880M) 41.777ms
[2025-05-19T09:18:18.882+0000][71][info ][gc,cpu      ] GC(22) User=0.21s Sys=0.01s Real=0.04s
[2025-05-19T09:18:18.882+0000][71][info ][safepoint   ] Safepoint "G1CollectForAllocation", Time since last: 62394569460 ns, Reaching safepoint: 36029 ns, Cleanup: 6252 ns, At safepoint: 42939664 ns, Total: 42981945 ns
[2025-05-19T09:19:59.997+0000][71][info ][safepoint   ] Safepoint "Cleanup", Time since last: 101126820347 ns, Reaching safepoint: 35161 ns, Cleanup: 17320 ns, At safepoint: 11042 ns, Total: 63523 ns
[2025-05-19T09:21:20.026+0000][71][info ][safepoint   ] Safepoint "Cleanup", Time since last: 80036408028 ns, Reaching safepoint: 79365 ns, Cleanup: 22691 ns, At safepoint: 13466 ns, Total: 115522 ns
[2025-05-19T09:21:25.628+0000][71][info ][safepoint   ] Safepoint "Cleanup", Time since last: 5602141105 ns, Reaching safepoint: 138151 ns, Cleanup: 14521 ns, At safepoint: 42495 ns, Total: 195167 ns
[2025-05-19T09:22:27.859+0000][71][info ][safepoint   ] Safepoint "Cleanup", Time since last: 62235231762 ns, Reaching safepoint: 14197 ns, Cleanup: 9685 ns, At safepoint: 16942 ns, Total: 40824 ns
[2025-05-19T09:23:20.077+0000][71][info ][safepoint   ] Safepoint "Cleanup", Time since last: 52223899680 ns, Reaching safepoint: 63215 ns, Cleanup: 18812 ns, At safepoint: 14687 ns, Total: 96714 ns
[2025-05-19T09:24:33.905+0000][71][info ][safepoint   ] Safepoint "Cleanup", Time since last: 73832353455 ns, Reaching safepoint: 24843 ns, Cleanup: 14855 ns, At safepoint: 26724 ns, Total: 66422 ns
[2025-05-19T09:24:42.889+0000][71][info ][safepoint   ] Safepoint "Cleanup", Time since last: 8983467950 ns, Reaching safepoint: 18421 ns, Cleanup: 27291 ns, At safepoint: 93080 ns, Total: 138792 ns
[2025-05-19T09:24:44.799+0000][71][info ][safepoint   ] Safepoint "Cleanup", Time since last: 1909941303 ns, Reaching safepoint: 31551 ns, Cleanup: 23260 ns, At safepoint: 11113 ns, Total: 65924 ns
[2025-05-19T09:24:45.815+0000][71][info ][safepoint   ] Safepoint "Cleanup", Time since last: 1016205803 ns, Reaching safepoint: 112853 ns, Cleanup: 12771 ns, At safepoint: 47840 ns, Total: 173464 ns
[2025-05-19T09:26:00.165+0000][71][info ][safepoint   ] Safepoint "Cleanup", Time since last: 74356918169 ns, Reaching safepoint: 36838 ns, Cleanup: 22423 ns, At safepoint: 11000 ns, Total: 70261 ns
[2025-05-19T09:26:35.167+0000][71][info ][safepoint   ] Safepoint "Cleanup", Time since last: 35004717895 ns, Reaching safepoint: 24779 ns, Cleanup: 16055 ns, At safepoint: 11017 ns, Total: 51851 ns
[2025-05-19T09:27:20.191+0000][71][info ][safepoint   ] Safepoint "Cleanup", Time since last: 45028423943 ns, Reaching safepoint: 57479 ns, Cleanup: 15545 ns, At safepoint: 14459 ns, Total: 87483 ns
[2025-05-19T09:27:36.855+0000][71][info ][safepoint   ] Safepoint "Cleanup", Time since last: 16664094115 ns, Reaching safepoint: 88860 ns, Cleanup: 58807 ns, At safepoint: 21696 ns, Total: 169363 ns
[2025-05-19T09:27:37.980+0000][71][info ][safepoint   ] Safepoint "Cleanup", Time since last: 1124975111 ns, Reaching safepoint: 21832 ns, Cleanup: 21805 ns, At safepoint: 8459 ns, Total: 52096 ns
[2025-05-19T09:27:40.169+0000][71][info ][safepoint   ] Safepoint "Cleanup", Time since last: 2189135110 ns, Reaching safepoint: 107409 ns, Cleanup: 11839 ns, At safepoint: 37466 ns, Total: 156714 ns
[2025-05-19T09:27:43.035+0000][71][info ][safepoint   ] Safepoint "Cleanup", Time since last: 2865858062 ns, Reaching safepoint: 14612 ns, Cleanup: 16069 ns, At safepoint: 18896 ns, Total: 49577 ns
[2025-05-19T09:27:44.043+0000][71][info ][safepoint   ] Safepoint "Cleanup", Time since last: 1007723319 ns, Reaching safepoint: 25222 ns, Cleanup: 18394 ns, At safepoint: 10069 ns, Total: 53685 ns
[2025-05-19T09:27:46.044+0000][71][info ][safepoint   ] Safepoint "Cleanup", Time since last: 2000784482 ns, Reaching safepoint: 24252 ns, Cleanup: 16497 ns, At safepoint: 11352 ns, Total: 52101 ns
[2025-05-19T09:27:48.847+0000][71][info ][safepoint   ] Safepoint "Cleanup", Time since last: 2802747692 ns, Reaching safepoint: 14146 ns, Cleanup: 45617 ns, At safepoint: 20371 ns, Total: 80134 ns
[2025-05-19T09:27:50.060+0000][71][info ][safepoint   ] Safepoint "Cleanup", Time since last: 1215875399 ns, Reaching safepoint: 24692 ns, Cleanup: 20714 ns, At safepoint: 10719 ns, Total: 56125 ns
[2025-05-19T09:28:01.341+0000][71][info ][safepoint   ] Safepoint "Cleanup", Time since last: 11280766765 ns, Reaching safepoint: 5991 ns, Cleanup: 9577 ns, At safepoint: 3608 ns, Total: 19176 ns
[2025-05-19T09:28:10.384+0000][71][info ][safepoint   ] Safepoint "Cleanup", Time since last: 9042727989 ns, Reaching safepoint: 44210 ns, Cleanup: 10050 ns, At safepoint: 5793 ns, Total: 60053 ns
[2025-05-19T09:28:16.078+0000][71][info ][safepoint   ] Safepoint "Cleanup", Time since last: 5693755803 ns, Reaching safepoint: 16159 ns, Cleanup: 14590 ns, At safepoint: 19652 ns, Total: 50401 ns
[2025-05-19T09:28:20.086+0000][71][info ][safepoint   ] Safepoint "Cleanup", Time since last: 4010602849 ns, Reaching safepoint: 26320 ns, Cleanup: 24687 ns, At safepoint: 11395 ns, Total: 62402 ns
[2025-05-19T09:28:21.087+0000][71][info ][safepoint   ] Safepoint "Cleanup", Time since last: 1000626997 ns, Reaching safepoint: 25026 ns, Cleanup: 15704 ns, At safepoint: 11390 ns, Total: 52120 ns
[2025-05-19T09:28:45.865+0000][71][info ][safepoint   ] Safepoint "Cleanup", Time since last: 24777830488 ns, Reaching safepoint: 17149 ns, Cleanup: 10613 ns, At safepoint: 20883 ns, Total: 48645 ns
[2025-05-19T09:28:47.135+0000][71][info ][safepoint   ] Safepoint "Cleanup", Time since last: 1269609891 ns, Reaching safepoint: 26740 ns, Cleanup: 17457 ns, At safepoint: 11709 ns, Total: 55906 ns
[2025-05-19T09:29:06.244+0000][71][info ][safepoint   ] Safepoint "Cleanup", Time since last: 19111907147 ns, Reaching safepoint: 27351 ns, Cleanup: 19279 ns, At safepoint: 14963 ns, Total: 61593 ns
[2025-05-19T09:29:20.244+0000][71][info ][safepoint   ] Safepoint "Cleanup", Time since last: 14002425406 ns, Reaching safepoint: 62461 ns, Cleanup: 21973 ns, At safepoint: 13166 ns, Total: 97600 ns
[2025-05-19T09:29:42.847+0000][71][info ][safepoint   ] Safepoint "Cleanup", Time since last: 22602885173 ns, Reaching safepoint: 21367 ns, Cleanup: 16309 ns, At safepoint: 23803 ns, Total: 61479 ns
[2025-05-19T09:29:44.160+0000][71][info ][safepoint   ] Safepoint "Cleanup", Time since last: 1313181956 ns, Reaching safepoint: 35211 ns, Cleanup: 22887 ns, At safepoint: 14350 ns, Total: 72448 ns
[2025-05-19T09:29:46.083+0000][71][info ][safepoint   ] Safepoint "Cleanup", Time since last: 1922445367 ns, Reaching safepoint: 107993 ns, Cleanup: 11567 ns, At safepoint: 36027 ns, Total: 155587 ns
[2025-05-19T09:29:47.177+0000][71][info ][safepoint   ] Safepoint "Cleanup", Time since last: 1094129916 ns, Reaching safepoint: 20270 ns, Cleanup: 39785 ns, At safepoint: 8218 ns, Total: 68273 ns
[2025-05-19T09:30:20.515+0000][71][info ][safepoint   ] Safepoint "Cleanup", Time since last: 33342325679 ns, Reaching safepoint: 61444 ns, Cleanup: 16779 ns, At safepoint: 11765 ns, Total: 89988 ns
[2025-05-19T09:30:36.518+0000][71][info ][safepoint   ] Safepoint "Cleanup", Time since last: 16002980366 ns, Reaching safepoint: 80387 ns, Cleanup: 18842 ns, At safepoint: 19124 ns, Total: 118353 ns
[2025-05-19T09:31:07.301+0000][71][info ][safepoint   ] Safepoint "Cleanup", Time since last: 30785046825 ns, Reaching safepoint: 66250 ns, Cleanup: 18209 ns, At safepoint: 20140 ns, Total: 104599 ns
[2025-05-19T09:31:17.303+0000][71][info ][safepoint   ] Safepoint "Cleanup", Time since last: 10001904512 ns, Reaching safepoint: 46755 ns, Cleanup: 16570 ns, At safepoint: 9985 ns, Total: 73310 ns
[2025-05-19T09:31:35.304+0000][71][info ][safepoint   ] Safepoint "Cleanup", Time since last: 18002947281 ns, Reaching safepoint: 25330 ns, Cleanup: 15658 ns, At safepoint: 12057 ns, Total: 53045 ns
[2025-05-19T09:35:48.472+0000][71][info ][safepoint   ] Safepoint "Cleanup", Time since last: 253185298693 ns, Reaching safepoint: 63917 ns, Cleanup: 18959 ns, At safepoint: 10542 ns, Total: 93418 ns
[2025-05-19T09:36:06.886+0000][71][info ][safepoint   ] Safepoint "Cleanup", Time since last: 18416119727 ns, Reaching safepoint: 112288 ns, Cleanup: 26930 ns, At safepoint: 65020 ns, Total: 204238 ns
[2025-05-19T09:36:08.508+0000][71][info ][safepoint   ] Safepoint "Cleanup", Time since last: 1621695056 ns, Reaching safepoint: 26458 ns, Cleanup: 17293 ns, At safepoint: 10334 ns, Total: 54085 ns
[2025-05-19T09:36:11.509+0000][71][info ][safepoint   ] Safepoint "Cleanup", Time since last: 3000885295 ns, Reaching safepoint: 26077 ns, Cleanup: 15088 ns, At safepoint: 10193 ns, Total: 51358 ns
[2025-05-19T09:36:20.508+0000][71][info ][safepoint   ] Safepoint "Cleanup", Time since last: 9001770251 ns, Reaching safepoint: 33198 ns, Cleanup: 20333 ns, At safepoint: 17379 ns, Total: 70910 ns
[2025-05-19T09:36:35.511+0000][71][info ][safepoint   ] Safepoint "Cleanup", Time since last: 15002912866 ns, Reaching safepoint: 19258 ns, Cleanup: 13853 ns, At safepoint: 9453 ns, Total: 42564 ns
[2025-05-19T09:38:35.592+0000][71][info ][safepoint   ] Safepoint "Cleanup", Time since last: 120089023671 ns, Reaching safepoint: 120149 ns, Cleanup: 18245 ns, At safepoint: 11938 ns, Total: 150332 ns
[2025-05-19T09:39:32.627+0000][71][info ][safepoint   ] Safepoint "Cleanup", Time since last: 57039151216 ns, Reaching safepoint: 65781 ns, Cleanup: 17810 ns, At safepoint: 11521 ns, Total: 95112 ns
[2025-05-19T09:39:40.629+0000][71][info ][safepoint   ] Safepoint "Cleanup", Time since last: 8001792633 ns, Reaching safepoint: 26441 ns, Cleanup: 16327 ns, At safepoint: 11470 ns, Total: 54238 ns
[2025-05-19T09:40:05.605+0000][71][info ][safepoint   ] Safepoint "Cleanup", Time since last: 24977995195 ns, Reaching safepoint: 36161 ns, Cleanup: 18868 ns, At safepoint: 82415 ns, Total: 137444 ns
[2025-05-19T09:40:06.606+0000][71][info ][safepoint   ] Safepoint "Cleanup", Time since last: 1000636166 ns, Reaching safepoint: 24182 ns, Cleanup: 12935 ns, At safepoint: 65902 ns, Total: 103019 ns
[2025-05-19T09:41:33.782+0000][71][info ][safepoint   ] Safepoint "Cleanup", Time since last: 87182284417 ns, Reaching safepoint: 26638 ns, Cleanup: 17063 ns, At safepoint: 11602 ns, Total: 55303 ns
[2025-05-19T09:42:28.813+0000][71][info ][safepoint   ] Safepoint "Cleanup", Time since last: 55035136290 ns, Reaching safepoint: 18803 ns, Cleanup: 13726 ns, At safepoint: 9362 ns, Total: 41891 ns
[2025-05-19T09:43:18.868+0000][71][info ][safepoint   ] Safepoint "Cleanup", Time since last: 50055311005 ns, Reaching safepoint: 2164155 ns, Cleanup: 21906 ns, At safepoint: 98519 ns, Total: 2284580 ns
[2025-05-19T09:44:31.855+0000][71][info ][safepoint   ] Safepoint "Cleanup", Time since last: 72993545830 ns, Reaching safepoint: 25761 ns, Cleanup: 15805 ns, At safepoint: 9675 ns, Total: 51241 ns
[2025-05-19T09:45:15.747+0000][71][info ][safepoint   ] Safepoint "Cleanup", Time since last: 43893764644 ns, Reaching safepoint: 21266 ns, Cleanup: 15761 ns, At safepoint: 9236 ns, Total: 46263 ns
[2025-05-19T09:46:34.711+0000][71][info ][safepoint   ] Safepoint "Cleanup", Time since last: 78970513884 ns, Reaching safepoint: 28919 ns, Cleanup: 19634 ns, At safepoint: 11240 ns, Total: 59793 ns
[2025-05-19T09:47:19.738+0000][71][info ][safepoint   ] Safepoint "Cleanup", Time since last: 45029764874 ns, Reaching safepoint: 24197 ns, Cleanup: 16053 ns, At safepoint: 11121 ns, Total: 51371 ns
[2025-05-19T09:48:20.763+0000][71][info ][safepoint   ] Safepoint "Cleanup", Time since last: 61031718996 ns, Reaching safepoint: 23566 ns, Cleanup: 14761 ns, At safepoint: 10342 ns, Total: 48669 ns
[2025-05-19T09:49:54.835+0000][71][info ][safepoint   ] Safepoint "Cleanup", Time since last: 94077243694 ns, Reaching safepoint: 11181 ns, Cleanup: 10541 ns, At safepoint: 20430 ns, Total: 42152 ns
[2025-05-19T09:49:56.237+0000][71][info ][safepoint   ] Safepoint "Cleanup", Time since last: 1401365803 ns, Reaching safepoint: 62464 ns, Cleanup: 17380 ns, At safepoint: 15770 ns, Total: 95614 ns
[2025-05-19T09:50:49.339+0000][71][info ][safepoint   ] Safepoint "Cleanup", Time since last: 53105068264 ns, Reaching safepoint: 91302 ns, Cleanup: 9113 ns, At safepoint: 25614 ns, Total: 126029 ns
[2025-05-19T09:50:50.340+0000][71][info ][safepoint   ] Safepoint "Cleanup", Time since last: 1004367429 ns, Reaching safepoint: 12361 ns, Cleanup: 10529 ns, At safepoint: 16617 ns, Total: 39507 ns
[2025-05-19T09:50:51.344+0000][71][info ][safepoint   ] Safepoint "Cleanup", Time since last: 1003459143 ns, Reaching safepoint: 26288 ns, Cleanup: 17053 ns, At safepoint: 10549 ns, Total: 53890 ns
[2025-05-19T09:51:51.838+0000][71][info ][safepoint   ] Safepoint "Cleanup", Time since last: 60496764102 ns, Reaching safepoint: 28508 ns, Cleanup: 15812 ns, At safepoint: 68400 ns, Total: 112720 ns
[2025-05-19T09:53:55.907+0000][71][info ][safepoint   ] Safepoint "Cleanup", Time since last: 124077283629 ns, Reaching safepoint: 63780 ns, Cleanup: 18071 ns, At safepoint: 14904 ns, Total: 96755 ns
[2025-05-19T09:54:58.477+0000][71][info ][safepoint   ] Safepoint "Cleanup", Time since last: 62574836862 ns, Reaching safepoint: 15701 ns, Cleanup: 12158 ns, At safepoint: 22198 ns, Total: 50057 ns
[2025-05-19T09:55:01.505+0000][71][info ][safepoint   ] Safepoint "Cleanup", Time since last: 3027464758 ns, Reaching safepoint: 16511 ns, Cleanup: 18676 ns, At safepoint: 26435 ns, Total: 61622 ns
[2025-05-19T09:55:16.562+0000][71][info ][safepoint   ] Safepoint "Cleanup", Time since last: 15056824001 ns, Reaching safepoint: 91649 ns, Cleanup: 18892 ns, At safepoint: 19957 ns, Total: 130498 ns
[2025-05-19T09:55:19.563+0000][71][info ][safepoint   ] Safepoint "Cleanup", Time since last: 3001019522 ns, Reaching safepoint: 26165 ns, Cleanup: 16343 ns, At safepoint: 11109 ns, Total: 53617 ns
[2025-05-19T09:56:04.576+0000][71][info ][safepoint   ] Safepoint "Cleanup", Time since last: 45017173605 ns, Reaching safepoint: 18391 ns, Cleanup: 11751 ns, At safepoint: 17634 ns, Total: 47776 ns
[2025-05-19T09:56:14.602+0000][71][info ][safepoint   ] Safepoint "Cleanup", Time since last: 10026046280 ns, Reaching safepoint: 25270 ns, Cleanup: 15135 ns, At safepoint: 10461 ns, Total: 50866 ns
[2025-05-19T09:56:19.603+0000][71][info ][safepoint   ] Safepoint "Cleanup", Time since last: 5001141878 ns, Reaching safepoint: 20509 ns, Cleanup: 15819 ns, At safepoint: 8130 ns, Total: 44458 ns
[2025-05-19T09:57:07.623+0000][71][info ][safepoint   ] Safepoint "Cleanup", Time since last: 48024476535 ns, Reaching safepoint: 16165 ns, Cleanup: 14688 ns, At safepoint: 20747 ns, Total: 51600 ns
[2025-05-19T09:59:11.069+0000][71][info ][safepoint   ] Safepoint "Cleanup", Time since last: 123453145144 ns, Reaching safepoint: 55144 ns, Cleanup: 15774 ns, At safepoint: 10815 ns, Total: 81733 ns
[2025-05-19T09:59:12.811+0000][71][info ][safepoint   ] Safepoint "Cleanup", Time since last: 1742053283 ns, Reaching safepoint: 6215 ns, Cleanup: 13407 ns, At safepoint: 13048 ns, Total: 32670 ns
[2025-05-19T09:59:14.802+0000][71][info ][safepoint   ] Safepoint "Cleanup", Time since last: 1991527622 ns, Reaching safepoint: 28771 ns, Cleanup: 18160 ns, At safepoint: 10783 ns, Total: 57714 ns
[2025-05-19T10:00:16.952+0000][71][info ][safepoint   ] Safepoint "Cleanup", Time since last: 62153637169 ns, Reaching safepoint: 148022 ns, Cleanup: 12300 ns, At safepoint: 63576 ns, Total: 223898 ns
[2025-05-19T10:00:31.165+0000][71][info ][safepoint   ] Safepoint "Cleanup", Time since last: 14215501370 ns, Reaching safepoint: 17131 ns, Cleanup: 13343 ns, At safepoint: 21769 ns, Total: 52243 ns
[2025-05-19T10:01:01.121+0000][71][info ][safepoint   ] Safepoint "Cleanup", Time since last: 29957637048 ns, Reaching safepoint: 41899 ns, Cleanup: 16799 ns, At safepoint: 11698 ns, Total: 70396 ns
[2025-05-19T10:01:19.994+0000][71][info ][safepoint   ] Safepoint "Cleanup", Time since last: 18874554716 ns, Reaching safepoint: 25452 ns, Cleanup: 18438 ns, At safepoint: 10644 ns, Total: 54534 ns
[2025-05-19T10:01:21.018+0000][71][info ][safepoint   ] Safepoint "Cleanup", Time since last: 1024463292 ns, Reaching safepoint: 25630 ns, Cleanup: 16199 ns, At safepoint: 10593 ns, Total: 52422 ns
[2025-05-19T10:01:43.022+0000][71][info ][safepoint   ] Safepoint "Cleanup", Time since last: 22003325747 ns, Reaching safepoint: 108599 ns, Cleanup: 20421 ns, At safepoint: 15198 ns, Total: 144218 ns
[2025-05-19T10:02:20.148+0000][71][info ][safepoint   ] Safepoint "Cleanup", Time since last: 37130455148 ns, Reaching safepoint: 57366 ns, Cleanup: 17691 ns, At safepoint: 13535 ns, Total: 88592 ns
[2025-05-19T10:03:20.177+0000][71][info ][safepoint   ] Safepoint "Cleanup", Time since last: 60032871580 ns, Reaching safepoint: 84554 ns, Cleanup: 17169 ns, At safepoint: 11182 ns, Total: 112905 ns
[2025-05-19T10:04:20.205+0000][71][info ][safepoint   ] Safepoint "Cleanup", Time since last: 60031414707 ns, Reaching safepoint: 69296 ns, Cleanup: 18669 ns, At safepoint: 10164 ns, Total: 98129 ns
[2025-05-19T10:04:48.794+0000][71][info ][gc,start    ] GC(23) Pause Young (Normal) (G1 Evacuation Pause)
[2025-05-19T10:04:48.797+0000][71][info ][gc,task     ] GC(23) Using 10 workers of 10 for evacuation
[2025-05-19T10:04:48.799+0000][71][debug][gc,age      ] GC(23) Desired survivor size 153092096 bytes, new threshold 15 (max threshold 15)
[2025-05-19T10:04:48.846+0000][71][info ][gc,phases   ] GC(23)   Pre Evacuate Collection Set: 3.52ms
[2025-05-19T10:04:48.847+0000][71][info ][gc,phases   ] GC(23)   Merge Heap Roots: 2.09ms
[2025-05-19T10:04:48.847+0000][71][info ][gc,phases   ] GC(23)   Evacuate Collection Set: 28.34ms
[2025-05-19T10:04:48.848+0000][71][info ][gc,phases   ] GC(23)   Post Evacuate Collection Set: 11.88ms
[2025-05-19T10:04:48.848+0000][71][info ][gc,phases   ] GC(23)   Other: 4.23ms
[2025-05-19T10:04:48.850+0000][71][trace][gc,age      ] GC(23) Age table with threshold 15 (max threshold 15)
[2025-05-19T10:04:48.850+0000][71][trace][gc,age      ] GC(23) - age   1:    1347880 bytes,    1347880 total
[2025-05-19T10:04:48.852+0000][71][trace][gc,age      ] GC(23) - age   2:     120072 bytes,    1467952 total
[2025-05-19T10:04:48.853+0000][71][trace][gc,age      ] GC(23) - age   3:     138432 bytes,    1606384 total
[2025-05-19T10:04:48.853+0000][71][trace][gc,age      ] GC(23) - age   4:     191608 bytes,    1797992 total
[2025-05-19T10:04:48.854+0000][71][trace][gc,age      ] GC(23) - age   5:      93944 bytes,    1891936 total
[2025-05-19T10:04:48.854+0000][71][trace][gc,age      ] GC(23) - age   6:     448912 bytes,    2340848 total
[2025-05-19T10:04:48.854+0000][71][trace][gc,age      ] GC(23) - age   7:      42384 bytes,    2383232 total
[2025-05-19T10:04:48.856+0000][71][trace][gc,age      ] GC(23) - age   8:      79464 bytes,    2462696 total
[2025-05-19T10:04:48.857+0000][71][trace][gc,age      ] GC(23) - age   9:    2176824 bytes,    4639520 total
[2025-05-19T10:04:48.857+0000][71][trace][gc,age      ] GC(23) - age  10:      65704 bytes,    4705224 total
[2025-05-19T10:04:48.858+0000][71][info ][gc,heap     ] GC(23) Eden regions: 580->0(580)
[2025-05-19T10:04:48.858+0000][71][info ][gc,heap     ] GC(23) Survivor regions: 2->2(73)
[2025-05-19T10:04:48.860+0000][71][info ][gc,heap     ] GC(23) Old regions: 30->30
[2025-05-19T10:04:48.861+0000][71][info ][gc,heap     ] GC(23) Humongous regions: 0->0
[2025-05-19T10:04:48.861+0000][71][info ][gc,metaspace] GC(23) Metaspace: 149031K(153024K)->149031K(153024K) NonClass: 128948K(131072K)->128948K(131072K) Class: 20083K(21952K)->20083K(21952K)
[2025-05-19T10:04:48.862+0000][71][info ][gc          ] GC(23) Pause Young (Normal) (G1 Evacuation Pause) 2440M->121M(3880M) 67.987ms
[2025-05-19T10:04:48.862+0000][71][info ][gc,cpu      ] GC(23) User=0.35s Sys=0.00s Real=0.07s
[2025-05-19T10:04:48.863+0000][71][info ][safepoint   ] Safepoint "G1CollectForAllocation", Time since last: 28588619648 ns, Reaching safepoint: 52755 ns, Cleanup: 6631 ns, At safepoint: 69361762 ns, Total: 69421148 ns
[2025-05-19T10:05:30.929+0000][71][info ][safepoint   ] Safepoint "Cleanup", Time since last: 42070310776 ns, Reaching safepoint: 7029 ns, Cleanup: 11651 ns, At safepoint: 3190 ns, Total: 21870 ns
[2025-05-19T10:06:33.836+0000][71][info ][safepoint   ] Safepoint "Cleanup", Time since last: 62911081014 ns, Reaching safepoint: 8605 ns, Cleanup: 9590 ns, At safepoint: 3826 ns, Total: 22021 ns
[2025-05-19T10:06:35.290+0000][71][info ][safepoint   ] Safepoint "Cleanup", Time since last: 1453839877 ns, Reaching safepoint: 26289 ns, Cleanup: 16645 ns, At safepoint: 11725 ns, Total: 54659 ns
[2025-05-19T10:07:36.293+0000][71][info ][safepoint   ] Safepoint "Cleanup", Time since last: 61006651755 ns, Reaching safepoint: 27023 ns, Cleanup: 19787 ns, At safepoint: 14015 ns, Total: 60825 ns
[2025-05-19T10:07:37.309+0000][71][info ][safepoint   ] Safepoint "Cleanup", Time since last: 1016349086 ns, Reaching safepoint: 13529 ns, Cleanup: 11140 ns, At safepoint: 19130 ns, Total: 43799 ns
[2025-05-19T10:10:09.816+0000][71][info ][safepoint   ] Safepoint "Cleanup", Time since last: 152515756138 ns, Reaching safepoint: 7186 ns, Cleanup: 11520 ns, At safepoint: 14351 ns, Total: 33057 ns
[2025-05-19T10:10:30.451+0000][71][info ][safepoint   ] Safepoint "Cleanup", Time since last: 20637230771 ns, Reaching safepoint: 15832 ns, Cleanup: 11526 ns, At safepoint: 19600 ns, Total: 46958 ns
[2025-05-19T10:10:46.479+0000][71][info ][safepoint   ] Safepoint "Cleanup", Time since last: 16027207468 ns, Reaching safepoint: 31135 ns, Cleanup: 17561 ns, At safepoint: 71443 ns, Total: 120139 ns
[2025-05-19T10:10:47.503+0000][71][info ][safepoint   ] Safepoint "Cleanup", Time since last: 1024009296 ns, Reaching safepoint: 27990 ns, Cleanup: 17667 ns, At safepoint: 10601 ns, Total: 56258 ns
[2025-05-19T10:11:34.410+0000][71][info ][safepoint   ] Safepoint "Cleanup", Time since last: 46911329898 ns, Reaching safepoint: 25398 ns, Cleanup: 15597 ns, At safepoint: 43849 ns, Total: 84844 ns
[2025-05-19T10:11:49.534+0000][71][info ][safepoint   ] Safepoint "Cleanup", Time since last: 15123666595 ns, Reaching safepoint: 12982 ns, Cleanup: 9652 ns, At safepoint: 18846 ns, Total: 41480 ns
[2025-05-19T10:13:24.804+0000][71][info ][safepoint   ] Safepoint "Cleanup", Time since last: 95278585341 ns, Reaching safepoint: 13452 ns, Cleanup: 10196 ns, At safepoint: 23571 ns, Total: 47219 ns
[2025-05-19T10:14:19.495+0000][71][info ][safepoint   ] Safepoint "Cleanup", Time since last: 54692141961 ns, Reaching safepoint: 58196 ns, Cleanup: 15738 ns, At safepoint: 9998 ns, Total: 83932 ns
[2025-05-19T10:16:01.772+0000][71][info ][safepoint   ] Safepoint "Cleanup", Time since last: 102284393146 ns, Reaching safepoint: 107734 ns, Cleanup: 13272 ns, At safepoint: 51211 ns, Total: 172217 ns
[2025-05-19T10:16:19.759+0000][71][info ][safepoint   ] Safepoint "Cleanup", Time since last: 17986983797 ns, Reaching safepoint: 59111 ns, Cleanup: 18612 ns, At safepoint: 15211 ns, Total: 92934 ns
[2025-05-19T10:16:20.757+0000][71][info ][safepoint   ] Safepoint "Cleanup", Time since last: 1000700909 ns, Reaching safepoint: 31037 ns, Cleanup: 17679 ns, At safepoint: 11442 ns, Total: 60158 ns
[2025-05-19T10:17:01.577+0000][71][info ][safepoint   ] Safepoint "Cleanup", Time since last: 40821077211 ns, Reaching safepoint: 26955 ns, Cleanup: 16317 ns, At safepoint: 11407 ns, Total: 54679 ns
[2025-05-19T10:17:04.775+0000][71][info ][safepoint   ] Safepoint "Cleanup", Time since last: 3198339060 ns, Reaching safepoint: 17822 ns, Cleanup: 13655 ns, At safepoint: 20521 ns, Total: 51998 ns
[2025-05-19T10:19:09.814+0000][71][info ][safepoint   ] Safepoint "Cleanup", Time since last: 125046131588 ns, Reaching safepoint: 366113 ns, Cleanup: 11671 ns, At safepoint: 68820 ns, Total: 446604 ns
[2025-05-19T10:25:32.802+0000][71][info ][safepoint   ] Safepoint "Cleanup", Time since last: 383012889914 ns, Reaching safepoint: 25992 ns, Cleanup: 16369 ns, At safepoint: 11755 ns, Total: 54116 ns
[2025-05-19T10:25:37.804+0000][71][info ][safepoint   ] Safepoint "Cleanup", Time since last: 5001109674 ns, Reaching safepoint: 23398 ns, Cleanup: 14080 ns, At safepoint: 10059 ns, Total: 47537 ns
[2025-05-19T10:26:19.852+0000][71][info ][safepoint   ] Safepoint "Cleanup", Time since last: 42050085324 ns, Reaching safepoint: 44083 ns, Cleanup: 15295 ns, At safepoint: 10319 ns, Total: 69697 ns
[2025-05-19T10:26:33.218+0000][71][info ][safepoint   ] Safepoint "Cleanup", Time since last: 13368282602 ns, Reaching safepoint: 28171 ns, Cleanup: 18920 ns, At safepoint: 12634 ns, Total: 59725 ns
[2025-05-19T10:26:35.219+0000][71][info ][safepoint   ] Safepoint "Cleanup", Time since last: 2000765800 ns, Reaching safepoint: 25473 ns, Cleanup: 77474 ns, At safepoint: 17469 ns, Total: 120416 ns
[2025-05-19T10:27:39.809+0000][71][info ][safepoint   ] Safepoint "Cleanup", Time since last: 64593439147 ns, Reaching safepoint: 7267 ns, Cleanup: 9225 ns, At safepoint: 3559 ns, Total: 20051 ns
[2025-05-19T10:27:40.861+0000][71][info ][safepoint   ] Safepoint "Cleanup", Time since last: 1051761400 ns, Reaching safepoint: 15374 ns, Cleanup: 21202 ns, At safepoint: 22397 ns, Total: 58973 ns
[2025-05-19T10:27:44.314+0000][71][info ][safepoint   ] Safepoint "Cleanup", Time since last: 3453122549 ns, Reaching safepoint: 24425 ns, Cleanup: 17106 ns, At safepoint: 10502 ns, Total: 52033 ns
[2025-05-19T10:27:52.347+0000][71][info ][safepoint   ] Safepoint "Cleanup", Time since last: 8035149774 ns, Reaching safepoint: 107825 ns, Cleanup: 11722 ns, At safepoint: 18088 ns, Total: 137635 ns
[2025-05-19T10:28:19.966+0000][71][info ][safepoint   ] Safepoint "Cleanup", Time since last: 27620597153 ns, Reaching safepoint: 65116 ns, Cleanup: 17659 ns, At safepoint: 12169 ns, Total: 94944 ns
[2025-05-19T10:28:37.474+0000][71][info ][safepoint   ] Safepoint "Cleanup", Time since last: 17507805900 ns, Reaching safepoint: 14758 ns, Cleanup: 12139 ns, At safepoint: 18180 ns, Total: 45077 ns
[2025-05-19T10:28:56.450+0000][71][info ][safepoint   ] Safepoint "Cleanup", Time since last: 18977960129 ns, Reaching safepoint: 60438 ns, Cleanup: 15510 ns, At safepoint: 9596 ns, Total: 85544 ns
[2025-05-19T10:29:39.792+0000][71][info ][safepoint   ] Safepoint "Cleanup", Time since last: 43344004576 ns, Reaching safepoint: 17545 ns, Cleanup: 14046 ns, At safepoint: 19503 ns, Total: 51094 ns
[2025-05-19T10:30:45.529+0000][71][info ][safepoint   ] Safepoint "Cleanup", Time since last: 65739562416 ns, Reaching safepoint: 105066 ns, Cleanup: 20617 ns, At safepoint: 23123 ns, Total: 148806 ns
[2025-05-19T10:33:01.259+0000][71][info ][safepoint   ] Safepoint "Cleanup", Time since last: 135739358316 ns, Reaching safepoint: 28137 ns, Cleanup: 64803 ns, At safepoint: 8736 ns, Total: 101676 ns
[2025-05-19T10:35:20.190+0000][71][info ][safepoint   ] Safepoint "Cleanup", Time since last: 138939801290 ns, Reaching safepoint: 71679 ns, Cleanup: 16631 ns, At safepoint: 11816 ns, Total: 100126 ns
[2025-05-19T10:36:20.362+0000][71][info ][safepoint   ] Safepoint "Cleanup", Time since last: 60176100591 ns, Reaching safepoint: 70363 ns, Cleanup: 16977 ns, At safepoint: 16369 ns, Total: 103709 ns
[2025-05-19T10:37:00.804+0000][71][info ][safepoint   ] Safepoint "Cleanup", Time since last: 40442479774 ns, Reaching safepoint: 1020580 ns, Cleanup: 16629 ns, At safepoint: 215970 ns, Total: 1253179 ns
[2025-05-19T10:37:02.325+0000][71][info ][safepoint   ] Safepoint "Cleanup", Time since last: 1520380590 ns, Reaching safepoint: 52036 ns, Cleanup: 17401 ns, At safepoint: 32979 ns, Total: 102416 ns
[2025-05-19T10:37:10.326+0000][71][info ][safepoint   ] Safepoint "Cleanup", Time since last: 8001702662 ns, Reaching safepoint: 19396 ns, Cleanup: 14293 ns, At safepoint: 7769 ns, Total: 41458 ns
[2025-05-19T10:40:10.431+0000][71][info ][safepoint   ] Safepoint "Cleanup", Time since last: 180114987354 ns, Reaching safepoint: 143354 ns, Cleanup: 14055 ns, At safepoint: 43779 ns, Total: 201188 ns
[2025-05-19T10:40:19.455+0000][71][info ][safepoint   ] Safepoint "Cleanup", Time since last: 9024280827 ns, Reaching safepoint: 31042 ns, Cleanup: 17930 ns, At safepoint: 10452 ns, Total: 59424 ns
[2025-05-19T10:42:45.843+0000][71][info ][safepoint   ] Safepoint "Cleanup", Time since last: 146396094731 ns, Reaching safepoint: 173570 ns, Cleanup: 11849 ns, At safepoint: 176079 ns, Total: 361498 ns
[2025-05-19T10:42:47.681+0000][71][info ][safepoint   ] Safepoint "Cleanup", Time since last: 1838420253 ns, Reaching safepoint: 30626 ns, Cleanup: 17826 ns, At safepoint: 16741 ns, Total: 65193 ns
[2025-05-19T10:44:22.830+0000][71][info ][safepoint   ] Safepoint "Cleanup", Time since last: 95156639179 ns, Reaching safepoint: 17259 ns, Cleanup: 17511 ns, At safepoint: 74735 ns, Total: 109505 ns
[2025-05-19T10:46:28.012+0000][71][info ][safepoint   ] Safepoint "Cleanup", Time since last: 125188119550 ns, Reaching safepoint: 545234 ns, Cleanup: 11663 ns, At safepoint: 65927 ns, Total: 622824 ns
[2025-05-19T10:46:29.021+0000][71][info ][safepoint   ] Safepoint "Cleanup", Time since last: 1009618686 ns, Reaching safepoint: 14604 ns, Cleanup: 9779 ns, At safepoint: 21763 ns, Total: 46146 ns
[2025-05-19T10:46:37.052+0000][71][info ][safepoint   ] Safepoint "Cleanup", Time since last: 8030648086 ns, Reaching safepoint: 25457 ns, Cleanup: 15949 ns, At safepoint: 9645 ns, Total: 51051 ns
[2025-05-19T10:47:19.748+0000][71][info ][safepoint   ] Safepoint "Cleanup", Time since last: 42697774901 ns, Reaching safepoint: 68129 ns, Cleanup: 18370 ns, At safepoint: 15337 ns, Total: 101836 ns
[2025-05-19T10:50:19.854+0000][71][info ][safepoint   ] Safepoint "Cleanup", Time since last: 180116259978 ns, Reaching safepoint: 31202 ns, Cleanup: 14860 ns, At safepoint: 9073 ns, Total: 55135 ns
[2025-05-19T10:50:28.200+0000][71][info ][safepoint   ] Safepoint "Cleanup", Time since last: 8348043117 ns, Reaching safepoint: 16889 ns, Cleanup: 20349 ns, At safepoint: 87689 ns, Total: 124927 ns
[2025-05-19T10:50:33.800+0000][71][info ][safepoint   ] Safepoint "Cleanup", Time since last: 5599400845 ns, Reaching safepoint: 34225 ns, Cleanup: 15830 ns, At safepoint: 79325 ns, Total: 129380 ns
[2025-05-19T10:51:19.979+0000][71][info ][safepoint   ] Safepoint "Cleanup", Time since last: 46183695540 ns, Reaching safepoint: 72043 ns, Cleanup: 18455 ns, At safepoint: 14472 ns, Total: 104970 ns
[2025-05-19T10:51:25.792+0000][71][info ][gc,start    ] GC(24) Pause Young (Normal) (G1 Evacuation Pause)
[2025-05-19T10:51:25.794+0000][71][info ][gc,task     ] GC(24) Using 10 workers of 10 for evacuation
[2025-05-19T10:51:25.794+0000][71][debug][gc,age      ] GC(24) Desired survivor size 153092096 bytes, new threshold 15 (max threshold 15)
[2025-05-19T10:51:25.903+0000][71][info ][gc,phases   ] GC(24)   Pre Evacuate Collection Set: 9.98ms
[2025-05-19T10:51:25.903+0000][71][info ][gc,phases   ] GC(24)   Merge Heap Roots: 3.70ms
[2025-05-19T10:51:25.904+0000][71][info ][gc,phases   ] GC(24)   Evacuate Collection Set: 81.48ms
[2025-05-19T10:51:25.904+0000][71][info ][gc,phases   ] GC(24)   Post Evacuate Collection Set: 12.10ms
[2025-05-19T10:51:25.904+0000][71][info ][gc,phases   ] GC(24)   Other: 2.11ms
[2025-05-19T10:51:25.905+0000][71][trace][gc,age      ] GC(24) Age table with threshold 15 (max threshold 15)
[2025-05-19T10:51:25.905+0000][71][trace][gc,age      ] GC(24) - age   1:    1593832 bytes,    1593832 total
[2025-05-19T10:51:25.905+0000][71][trace][gc,age      ] GC(24) - age   2:     193360 bytes,    1787192 total
[2025-05-19T10:51:25.906+0000][71][trace][gc,age      ] GC(24) - age   3:     116920 bytes,    1904112 total
[2025-05-19T10:51:25.906+0000][71][trace][gc,age      ] GC(24) - age   4:     137600 bytes,    2041712 total
[2025-05-19T10:51:25.907+0000][71][trace][gc,age      ] GC(24) - age   5:     191192 bytes,    2232904 total
[2025-05-19T10:51:25.907+0000][71][trace][gc,age      ] GC(24) - age   6:      93648 bytes,    2326552 total
[2025-05-19T10:51:25.907+0000][71][trace][gc,age      ] GC(24) - age   7:     448872 bytes,    2775424 total
[2025-05-19T10:51:25.908+0000][71][trace][gc,age      ] GC(24) - age   8:      42344 bytes,    2817768 total
[2025-05-19T10:51:25.908+0000][71][trace][gc,age      ] GC(24) - age   9:      79328 bytes,    2897096 total
[2025-05-19T10:51:25.909+0000][71][trace][gc,age      ] GC(24) - age  10:    2176624 bytes,    5073720 total
[2025-05-19T10:51:25.909+0000][71][trace][gc,age      ] GC(24) - age  11:      65704 bytes,    5139424 total
[2025-05-19T10:51:25.909+0000][71][info ][gc,heap     ] GC(24) Eden regions: 580->0(580)
[2025-05-19T10:51:25.910+0000][71][info ][gc,heap     ] GC(24) Survivor regions: 2->2(73)
[2025-05-19T10:51:25.910+0000][71][info ][gc,heap     ] GC(24) Old regions: 30->30
[2025-05-19T10:51:25.911+0000][71][info ][gc,heap     ] GC(24) Humongous regions: 0->0
[2025-05-19T10:51:25.911+0000][71][info ][gc,metaspace] GC(24) Metaspace: 149114K(153088K)->149114K(153088K) NonClass: 129031K(131136K)->129031K(131136K) Class: 20083K(21952K)->20083K(21952K)
[2025-05-19T10:51:25.912+0000][71][info ][gc          ] GC(24) Pause Young (Normal) (G1 Evacuation Pause) 2441M->121M(3880M) 119.991ms
[2025-05-19T10:51:25.913+0000][71][info ][gc,cpu      ] GC(24) User=0.66s Sys=0.01s Real=0.12s
[2025-05-19T10:51:25.913+0000][71][info ][safepoint   ] Safepoint "G1CollectForAllocation", Time since last: 5810082827 ns, Reaching safepoint: 32610 ns, Cleanup: 7876 ns, At safepoint: 123630474 ns, Total: 123670960 ns
[2025-05-19T10:51:34.916+0000][71][info ][safepoint   ] Safepoint "Cleanup", Time since last: 9002396044 ns, Reaching safepoint: 21345 ns, Cleanup: 15632 ns, At safepoint: 8827 ns, Total: 45804 ns
[2025-05-19T10:53:20.207+0000][71][info ][safepoint   ] Safepoint "Cleanup", Time since last: 105297833524 ns, Reaching safepoint: 62678 ns, Cleanup: 17873 ns, At safepoint: 8777 ns, Total: 89328 ns
[2025-05-19T10:54:51.839+0000][71][info ][safepoint   ] Safepoint "Cleanup", Time since last: 91638149057 ns, Reaching safepoint: 18033 ns, Cleanup: 13055 ns, At safepoint: 38825 ns, Total: 69913 ns
[2025-05-19T10:54:53.505+0000][71][info ][safepoint   ] Safepoint "Cleanup", Time since last: 1665468787 ns, Reaching safepoint: 25401 ns, Cleanup: 15784 ns, At safepoint: 11629 ns, Total: 52814 ns
[2025-05-19T10:55:31.520+0000][71][info ][safepoint   ] Safepoint "Cleanup", Time since last: 38016279037 ns, Reaching safepoint: 16680 ns, Cleanup: 16624 ns, At safepoint: 70177 ns, Total: 103481 ns
[2025-05-19T10:55:32.534+0000][71][info ][safepoint   ] Safepoint "Cleanup", Time since last: 1014242548 ns, Reaching safepoint: 27795 ns, Cleanup: 16864 ns, At safepoint: 11963 ns, Total: 56622 ns
[2025-05-19T10:56:35.534+0000][71][info ][safepoint   ] Safepoint "Cleanup", Time since last: 63003601857 ns, Reaching safepoint: 42393 ns, Cleanup: 18575 ns, At safepoint: 13099 ns, Total: 74067 ns
[2025-05-19T10:57:26.347+0000][71][info ][safepoint   ] Safepoint "Cleanup", Time since last: 50817204307 ns, Reaching safepoint: 71722 ns, Cleanup: 17229 ns, At safepoint: 16163 ns, Total: 105114 ns
[2025-05-19T10:58:34.763+0000][71][info ][safepoint   ] Safepoint "Cleanup", Time since last: 68419309736 ns, Reaching safepoint: 51509 ns, Cleanup: 13111 ns, At safepoint: 21580 ns, Total: 86200 ns
[2025-05-19T10:58:45.774+0000][71][info ][safepoint   ] Safepoint "Cleanup", Time since last: 11011129414 ns, Reaching safepoint: 311536 ns, Cleanup: 13019 ns, At safepoint: 44972 ns, Total: 369527 ns
[2025-05-19T10:59:19.876+0000][71][info ][safepoint   ] Safepoint "Cleanup", Time since last: 34102374872 ns, Reaching safepoint: 74786 ns, Cleanup: 170487 ns, At safepoint: 47219 ns, Total: 292492 ns
[2025-05-19T11:00:07.809+0000][71][info ][safepoint   ] Safepoint "Cleanup", Time since last: 47937172461 ns, Reaching safepoint: 30982 ns, Cleanup: 18225 ns, At safepoint: 11557 ns, Total: 60764 ns
[2025-05-19T11:00:39.804+0000][71][info ][safepoint   ] Safepoint "Cleanup", Time since last: 31997255117 ns, Reaching safepoint: 135982 ns, Cleanup: 17339 ns, At safepoint: 15166 ns, Total: 168487 ns
[2025-05-19T11:01:20.060+0000][71][info ][safepoint   ] Safepoint "Cleanup", Time since last: 40259461954 ns, Reaching safepoint: 106756 ns, Cleanup: 19553 ns, At safepoint: 16902 ns, Total: 143211 ns
[2025-05-19T11:02:13.088+0000][71][info ][safepoint   ] Safepoint "Cleanup", Time since last: 53029671451 ns, Reaching safepoint: 24539 ns, Cleanup: 12514 ns, At safepoint: 68980 ns, Total: 106033 ns
[2025-05-19T11:02:20.106+0000][71][info ][safepoint   ] Safepoint "Cleanup", Time since last: 7020551185 ns, Reaching safepoint: 32401 ns, Cleanup: 21499 ns, At safepoint: 18681 ns, Total: 72581 ns
[2025-05-19T11:04:45.413+0000][71][info ][safepoint   ] Safepoint "Cleanup", Time since last: 145314038634 ns, Reaching safepoint: 102119 ns, Cleanup: 25426 ns, At safepoint: 17123 ns, Total: 144668 ns
[2025-05-19T11:05:35.460+0000][71][info ][safepoint   ] Safepoint "Cleanup", Time since last: 50049883866 ns, Reaching safepoint: 57816 ns, Cleanup: 15836 ns, At safepoint: 13490 ns, Total: 87142 ns
[2025-05-19T11:06:24.925+0000][71][info ][safepoint   ] Safepoint "Cleanup", Time since last: 49468719072 ns, Reaching safepoint: 24572 ns, Cleanup: 16481 ns, At safepoint: 70098 ns, Total: 111151 ns
[2025-05-19T11:06:26.594+0000][71][info ][safepoint   ] Safepoint "Cleanup", Time since last: 1669297903 ns, Reaching safepoint: 33777 ns, Cleanup: 17240 ns, At safepoint: 17196 ns, Total: 68213 ns
[2025-05-19T11:11:39.824+0000][71][info ][safepoint   ] Safepoint "Cleanup", Time since last: 313248502841 ns, Reaching safepoint: 26518 ns, Cleanup: 16181 ns, At safepoint: 22682 ns, Total: 65381 ns
[2025-05-19T11:12:42.960+0000][71][info ][safepoint   ] Safepoint "Cleanup", Time since last: 63139717605 ns, Reaching safepoint: 18127 ns, Cleanup: 11525 ns, At safepoint: 14796 ns, Total: 44448 ns
[2025-05-19T11:12:46.001+0000][71][info ][safepoint   ] Safepoint "Cleanup", Time since last: 3041206166 ns, Reaching safepoint: 26147 ns, Cleanup: 16323 ns, At safepoint: 11644 ns, Total: 54114 ns
[2025-05-19T11:13:36.826+0000][71][info ][safepoint   ] Safepoint "Cleanup", Time since last: 50828499505 ns, Reaching safepoint: 36060 ns, Cleanup: 11852 ns, At safepoint: 5818 ns, Total: 53730 ns
[2025-05-19T11:13:38.113+0000][71][info ][safepoint   ] Safepoint "Cleanup", Time since last: 1287079193 ns, Reaching safepoint: 73049 ns, Cleanup: 17888 ns, At safepoint: 14528 ns, Total: 105465 ns
[2025-05-19T11:14:19.957+0000][71][info ][safepoint   ] Safepoint "Cleanup", Time since last: 41846070013 ns, Reaching safepoint: 48564 ns, Cleanup: 15126 ns, At safepoint: 10158 ns, Total: 73848 ns
