[2025-05-20T12:30:54.083+0000][73][info][gc,init] CardTable entry size: 512
[2025-05-20T12:30:54.085+0000][73][info][gc     ] Using G1
[2025-05-20T12:30:57.276+0000][73][info][gc,init] Version: 22+36-2370 (release)
[2025-05-20T12:30:57.279+0000][73][info][gc,init] CPUs: 12 total, 12 available
[2025-05-20T12:30:57.280+0000][73][info][gc,init] Memory: 7757M
[2025-05-20T12:30:57.281+0000][73][info][gc,init] Large Page Support: Disabled
[2025-05-20T12:30:57.281+0000][73][info][gc,init] NUMA Support: Disabled
[2025-05-20T12:30:57.281+0000][73][info][gc,init] Compressed Oops: Enabled (Zero based)
[2025-05-20T12:30:57.283+0000][73][info][gc,init] Heap Region Size: 4M
[2025-05-20T12:30:57.284+0000][73][info][gc,init] Heap Min Capacity: 3880M
[2025-05-20T12:30:57.285+0000][73][info][gc,init] Heap Initial Capacity: 3880M
[2025-05-20T12:30:57.285+0000][73][info][gc,init] Heap Max Capacity: 3880M
[2025-05-20T12:30:57.285+0000][73][info][gc,init] Pre-touch: Enabled
[2025-05-20T12:30:57.286+0000][73][info][gc,init] Parallel Workers: 10
[2025-05-20T12:30:57.286+0000][73][info][gc,init] Concurrent Workers: 3
[2025-05-20T12:30:57.286+0000][73][info][gc,init] Concurrent Refinement Workers: 10
[2025-05-20T12:30:57.287+0000][73][info][gc,init] Periodic GC: Disabled
[2025-05-20T12:30:57.400+0000][73][info][gc,metaspace] CDS archive(s) mapped at: [0x00007f233e000000-0x00007f233ec74000-0x00007f233ec74000), size 13058048, SharedBaseAddress: 0x00007f233e000000, ArchiveRelocationMode: 1.
[2025-05-20T12:30:57.400+0000][73][info][gc,metaspace] Compressed class space mapped at: 0x00007f233f000000-0x00007f237f000000, reserved size: 1073741824
[2025-05-20T12:30:57.402+0000][73][info][gc,metaspace] Narrow klass base: 0x00007f233e000000, Narrow klass shift: 0, Narrow klass range: 0x100000000
[2025-05-20T12:30:58.505+0000][73][info][safepoint   ] Safepoint "Cleanup", Time since last: 1080928381 ns, Reaching safepoint: 111636 ns, Cleanup: 135142 ns, At safepoint: 31669 ns, Total: 278447 ns
[2025-05-20T12:30:59.588+0000][73][info][safepoint   ] Safepoint "Cleanup", Time since last: 1082945418 ns, Reaching safepoint: 6881 ns, Cleanup: 100237 ns, At safepoint: 10277 ns, Total: 117395 ns
[2025-05-20T12:31:00.619+0000][73][info][safepoint   ] Safepoint "Cleanup", Time since last: 1006288421 ns, Reaching safepoint: 24401050 ns, Cleanup: 71070 ns, At safepoint: 32913 ns, Total: 24505033 ns
[2025-05-20T12:31:01.713+0000][73][info][safepoint   ] Safepoint "Cleanup", Time since last: 1093676105 ns, Reaching safepoint: 5057 ns, Cleanup: 160823 ns, At safepoint: 83727 ns, Total: 249607 ns
[2025-05-20T12:31:03.145+0000][73][info][safepoint   ] Safepoint "Cleanup", Time since last: 1431786991 ns, Reaching safepoint: 4378 ns, Cleanup: 124282 ns, At safepoint: 24263 ns, Total: 152923 ns
[2025-05-20T12:31:04.133+0000][73][info][safepoint   ] Safepoint "ICBufferFull", Time since last: 987792235 ns, Reaching safepoint: 263892 ns, Cleanup: 163714 ns, At safepoint: 33374 ns, Total: 460980 ns
[2025-05-20T12:31:05.138+0000][73][info][safepoint   ] Safepoint "Cleanup", Time since last: 1005466589 ns, Reaching safepoint: 9503 ns, Cleanup: 79810 ns, At safepoint: 11554 ns, Total: 100867 ns
[2025-05-20T12:31:06.140+0000][73][info][safepoint   ] Safepoint "Cleanup", Time since last: 1001770277 ns, Reaching safepoint: 104201 ns, Cleanup: 70040 ns, At safepoint: 30711 ns, Total: 204952 ns
[2025-05-20T12:31:07.148+0000][73][info][safepoint   ] Safepoint "Cleanup", Time since last: 1000633786 ns, Reaching safepoint: 6673288 ns, Cleanup: 68033 ns, At safepoint: 36652 ns, Total: 6777973 ns
[2025-05-20T12:31:08.154+0000][73][info][safepoint   ] Safepoint "Cleanup", Time since last: 1005879048 ns, Reaching safepoint: 102218 ns, Cleanup: 73383 ns, At safepoint: 46817 ns, Total: 222418 ns
[2025-05-20T12:31:08.866+0000][73][info][gc,start    ] GC(0) Pause Young (Concurrent Start) (Metadata GC Threshold)
[2025-05-20T12:31:08.883+0000][73][info][gc,task     ] GC(0) Using 10 workers of 10 for evacuation
[2025-05-20T12:31:08.900+0000][73][debug][gc,age      ] GC(0) Desired survivor size 12582912 bytes, new threshold 15 (max threshold 15)
[2025-05-20T12:31:09.029+0000][73][info ][gc,phases   ] GC(0)   Pre Evacuate Collection Set: 3.62ms
[2025-05-20T12:31:09.050+0000][73][info ][gc,phases   ] GC(0)   Merge Heap Roots: 0.41ms
[2025-05-20T12:31:09.076+0000][73][info ][gc,phases   ] GC(0)   Evacuate Collection Set: 59.43ms
[2025-05-20T12:31:09.095+0000][73][info ][gc,phases   ] GC(0)   Post Evacuate Collection Set: 49.21ms
[2025-05-20T12:31:09.116+0000][73][info ][gc,phases   ] GC(0)   Other: 33.23ms
[2025-05-20T12:31:09.123+0000][73][trace][gc,age      ] GC(0) Age table with threshold 15 (max threshold 15)
[2025-05-20T12:31:09.139+0000][73][trace][gc,age      ] GC(0) - age   1:   10211216 bytes,   10211216 total
[2025-05-20T12:31:09.147+0000][73][info ][gc,heap     ] GC(0) Eden regions: 44->0(45)
[2025-05-20T12:31:09.154+0000][73][info ][gc,heap     ] GC(0) Survivor regions: 0->3(6)
[2025-05-20T12:31:09.161+0000][73][info ][gc,heap     ] GC(0) Old regions: 1->1
[2025-05-20T12:31:09.168+0000][73][info ][gc,heap     ] GC(0) Humongous regions: 0->0
[2025-05-20T12:31:09.175+0000][73][info ][gc,metaspace] GC(0) Metaspace: 20983K(21504K)->20983K(21504K) NonClass: 18603K(18880K)->18603K(18880K) Class: 2379K(2624K)->2379K(2624K)
[2025-05-20T12:31:09.188+0000][73][info ][gc          ] GC(0) Pause Young (Concurrent Start) (Metadata GC Threshold) 177M->11M(3880M) 322.123ms
[2025-05-20T12:31:09.191+0000][73][info ][gc,cpu      ] GC(0) User=0.20s Sys=0.07s Real=0.33s
[2025-05-20T12:31:09.194+0000][73][info ][gc          ] GC(1) Concurrent Mark Cycle
[2025-05-20T12:31:09.203+0000][73][info ][gc,marking  ] GC(1) Concurrent Scan Root Regions
[2025-05-20T12:31:09.197+0000][73][info ][safepoint   ] Safepoint "CollectForMetadataAllocation", Time since last: 709354201 ns, Reaching safepoint: 4639 ns, Cleanup: 60337 ns, At safepoint: 333665375 ns, Total: 333730351 ns
[2025-05-20T12:31:09.213+0000][73][info ][gc,marking  ] GC(1) Concurrent Scan Root Regions 10.666ms
[2025-05-20T12:31:09.218+0000][73][info ][gc,marking  ] GC(1) Concurrent Mark
[2025-05-20T12:31:09.224+0000][73][info ][gc,marking  ] GC(1) Concurrent Mark From Roots
[2025-05-20T12:31:09.228+0000][73][info ][gc,task     ] GC(1) Using 3 workers of 3 for marking
[2025-05-20T12:31:09.231+0000][73][info ][gc,marking  ] GC(1) Concurrent Mark From Roots 7.505ms
[2025-05-20T12:31:09.232+0000][73][info ][gc,marking  ] GC(1) Concurrent Preclean
[2025-05-20T12:31:09.234+0000][73][info ][gc,marking  ] GC(1) Concurrent Preclean 2.177ms
[2025-05-20T12:31:09.239+0000][73][info ][gc,start    ] GC(1) Pause Remark
[2025-05-20T12:31:09.251+0000][73][info ][gc          ] GC(1) Pause Remark 15M->15M(3880M) 11.842ms
[2025-05-20T12:31:09.251+0000][73][info ][gc,cpu      ] GC(1) User=0.01s Sys=0.00s Real=0.01s
[2025-05-20T12:31:09.252+0000][73][info ][safepoint   ] Safepoint "G1PauseRemark", Time since last: 42195072 ns, Reaching safepoint: 7365 ns, Cleanup: 46972 ns, At safepoint: 12728743 ns, Total: 12783080 ns
[2025-05-20T12:31:09.252+0000][73][info ][gc,marking  ] GC(1) Concurrent Mark 34.908ms
[2025-05-20T12:31:09.254+0000][73][info ][gc,marking  ] GC(1) Concurrent Rebuild Remembered Sets and Scrub Regions
[2025-05-20T12:31:09.256+0000][73][info ][gc,marking  ] GC(1) Concurrent Rebuild Remembered Sets and Scrub Regions 3.513ms
[2025-05-20T12:31:09.258+0000][73][info ][gc,start    ] GC(1) Pause Cleanup
[2025-05-20T12:31:09.263+0000][73][info ][gc          ] GC(1) Pause Cleanup 15M->15M(3880M) 4.795ms
[2025-05-20T12:31:09.263+0000][73][info ][gc,cpu      ] GC(1) User=0.01s Sys=0.00s Real=0.00s
[2025-05-20T12:31:09.265+0000][73][info ][safepoint   ] Safepoint "G1PauseCleanup", Time since last: 5784878 ns, Reaching safepoint: 141124 ns, Cleanup: 7257 ns, At safepoint: 7183389 ns, Total: 7331770 ns
[2025-05-20T12:31:09.267+0000][73][info ][gc,marking  ] GC(1) Concurrent Clear Claimed Marks
[2025-05-20T12:31:09.269+0000][73][info ][gc,marking  ] GC(1) Concurrent Clear Claimed Marks 2.030ms
[2025-05-20T12:31:09.275+0000][73][info ][gc,marking  ] GC(1) Concurrent Cleanup for Next Mark
[2025-05-20T12:31:09.294+0000][73][info ][gc,marking  ] GC(1) Concurrent Cleanup for Next Mark 18.575ms
[2025-05-20T12:31:09.294+0000][73][info ][gc          ] GC(1) Concurrent Mark Cycle 100.344ms
[2025-05-20T12:31:10.699+0000][73][info ][safepoint   ] Safepoint "Cleanup", Time since last: 1432711433 ns, Reaching safepoint: 510448 ns, Cleanup: 173840 ns, At safepoint: 79874 ns, Total: 764162 ns
[2025-05-20T12:31:11.561+0000][73][info ][gc,start    ] GC(2) Pause Young (Prepare Mixed) (G1 Evacuation Pause)
[2025-05-20T12:31:11.571+0000][73][info ][gc,task     ] GC(2) Using 10 workers of 10 for evacuation
[2025-05-20T12:31:11.582+0000][73][debug][gc,age      ] GC(2) Desired survivor size 12582912 bytes, new threshold 15 (max threshold 15)
[2025-05-20T12:31:11.653+0000][73][info ][gc,phases   ] GC(2)   Pre Evacuate Collection Set: 0.51ms
[2025-05-20T12:31:11.658+0000][73][info ][gc,phases   ] GC(2)   Merge Heap Roots: 0.31ms
[2025-05-20T12:31:11.665+0000][73][info ][gc,phases   ] GC(2)   Evacuate Collection Set: 47.77ms
[2025-05-20T12:31:11.675+0000][73][info ][gc,phases   ] GC(2)   Post Evacuate Collection Set: 11.64ms
[2025-05-20T12:31:11.680+0000][73][info ][gc,phases   ] GC(2)   Other: 22.35ms
[2025-05-20T12:31:11.695+0000][73][trace][gc,age      ] GC(2) Age table with threshold 15 (max threshold 15)
[2025-05-20T12:31:11.697+0000][73][trace][gc,age      ] GC(2) - age   1:    6070448 bytes,    6070448 total
[2025-05-20T12:31:11.697+0000][73][trace][gc,age      ] GC(2) - age   2:    9297512 bytes,   15367960 total
[2025-05-20T12:31:11.700+0000][73][info ][gc,heap     ] GC(2) Eden regions: 45->0(44)
[2025-05-20T12:31:11.702+0000][73][info ][gc,heap     ] GC(2) Survivor regions: 3->4(6)
[2025-05-20T12:31:11.702+0000][73][info ][gc,heap     ] GC(2) Old regions: 1->1
[2025-05-20T12:31:11.703+0000][73][info ][gc,heap     ] GC(2) Humongous regions: 0->0
[2025-05-20T12:31:11.704+0000][73][info ][gc,metaspace] GC(2) Metaspace: 27558K(28224K)->27558K(28224K) NonClass: 24444K(24832K)->24444K(24832K) Class: 3114K(3392K)->3114K(3392K)
[2025-05-20T12:31:11.704+0000][73][info ][gc          ] GC(2) Pause Young (Prepare Mixed) (G1 Evacuation Pause) 191M->16M(3880M) 142.910ms
[2025-05-20T12:31:11.704+0000][73][info ][gc,cpu      ] GC(2) User=0.32s Sys=0.01s Real=0.14s
[2025-05-20T12:31:11.705+0000][73][info ][safepoint   ] Safepoint "G1CollectForAllocation", Time since last: 862305223 ns, Reaching safepoint: 6388 ns, Cleanup: 154606 ns, At safepoint: 143806958 ns, Total: 143967952 ns
[2025-05-20T12:31:12.876+0000][73][info ][safepoint   ] Safepoint "ICBufferFull", Time since last: 1171436343 ns, Reaching safepoint: 11145 ns, Cleanup: 134591 ns, At safepoint: 46749 ns, Total: 192485 ns
[2025-05-20T12:31:13.352+0000][73][info ][gc,start    ] GC(3) Pause Young (Mixed) (G1 Evacuation Pause)
[2025-05-20T12:31:13.354+0000][73][info ][gc,task     ] GC(3) Using 10 workers of 10 for evacuation
[2025-05-20T12:31:13.358+0000][73][debug][gc,age      ] GC(3) Desired survivor size 12582912 bytes, new threshold 2 (max threshold 15)
[2025-05-20T12:31:13.408+0000][73][info ][gc,phases   ] GC(3)   Pre Evacuate Collection Set: 0.85ms
[2025-05-20T12:31:13.411+0000][73][info ][gc,phases   ] GC(3)   Merge Heap Roots: 0.12ms
[2025-05-20T12:31:13.412+0000][73][info ][gc,phases   ] GC(3)   Evacuate Collection Set: 39.26ms
[2025-05-20T12:31:13.412+0000][73][info ][gc,phases   ] GC(3)   Post Evacuate Collection Set: 1.78ms
[2025-05-20T12:31:13.416+0000][73][info ][gc,phases   ] GC(3)   Other: 11.99ms
[2025-05-20T12:31:13.419+0000][73][trace][gc,age      ] GC(3) Age table with threshold 2 (max threshold 15)
[2025-05-20T12:31:13.421+0000][73][trace][gc,age      ] GC(3) - age   1:    5753128 bytes,    5753128 total
[2025-05-20T12:31:13.422+0000][73][trace][gc,age      ] GC(3) - age   2:    4251888 bytes,   10005016 total
[2025-05-20T12:31:13.422+0000][73][info ][gc,heap     ] GC(3) Eden regions: 44->0(45)
[2025-05-20T12:31:13.423+0000][73][info ][gc,heap     ] GC(3) Survivor regions: 4->3(6)
[2025-05-20T12:31:13.423+0000][73][info ][gc,heap     ] GC(3) Old regions: 1->3
[2025-05-20T12:31:13.424+0000][73][info ][gc,heap     ] GC(3) Humongous regions: 0->0
[2025-05-20T12:31:13.434+0000][73][info ][gc,metaspace] GC(3) Metaspace: 29039K(29760K)->29039K(29760K) NonClass: 25644K(26048K)->25644K(26048K) Class: 3394K(3712K)->3394K(3712K)
[2025-05-20T12:31:13.437+0000][73][info ][gc          ] GC(3) Pause Young (Mixed) (G1 Evacuation Pause) 192M->21M(3880M) 84.733ms
[2025-05-20T12:31:13.442+0000][73][info ][gc,cpu      ] GC(3) User=0.24s Sys=0.03s Real=0.09s
[2025-05-20T12:31:13.444+0000][73][info ][safepoint   ] Safepoint "G1CollectForAllocation", Time since last: 475892441 ns, Reaching safepoint: 5962 ns, Cleanup: 81243 ns, At safepoint: 91754098 ns, Total: 91841303 ns
[2025-05-20T12:31:14.245+0000][73][info ][gc,start    ] GC(4) Pause Young (Normal) (G1 Evacuation Pause)
[2025-05-20T12:31:14.293+0000][73][info ][gc,task     ] GC(4) Using 10 workers of 10 for evacuation
[2025-05-20T12:31:14.380+0000][73][debug][gc,age      ] GC(4) Desired survivor size 12582912 bytes, new threshold 15 (max threshold 15)
[2025-05-20T12:31:14.454+0000][73][info ][gc,phases   ] GC(4)   Pre Evacuate Collection Set: 0.37ms
[2025-05-20T12:31:14.495+0000][73][info ][gc,phases   ] GC(4)   Merge Heap Roots: 0.18ms
[2025-05-20T12:31:14.565+0000][73][info ][gc,phases   ] GC(4)   Evacuate Collection Set: 6.43ms
[2025-05-20T12:31:14.586+0000][73][info ][gc,phases   ] GC(4)   Post Evacuate Collection Set: 0.97ms
[2025-05-20T12:31:14.596+0000][73][info ][gc,phases   ] GC(4)   Other: 153.26ms
[2025-05-20T12:31:14.599+0000][73][trace][gc,age      ] GC(4) Age table with threshold 15 (max threshold 15)
[2025-05-20T12:31:14.605+0000][73][trace][gc,age      ] GC(4) - age   1:    2653560 bytes,    2653560 total
[2025-05-20T12:31:14.609+0000][73][trace][gc,age      ] GC(4) - age   2:    4113584 bytes,    6767144 total
[2025-05-20T12:31:14.611+0000][73][trace][gc,age      ] GC(4) - age   3:    4250896 bytes,   11018040 total
[2025-05-20T12:31:14.614+0000][73][info ][gc,heap     ] GC(4) Eden regions: 45->0(121)
[2025-05-20T12:31:14.625+0000][73][info ][gc,heap     ] GC(4) Survivor regions: 3->3(6)
[2025-05-20T12:31:14.632+0000][73][info ][gc,heap     ] GC(4) Old regions: 3->3
[2025-05-20T12:31:14.643+0000][73][info ][gc,heap     ] GC(4) Humongous regions: 0->0
[2025-05-20T12:31:14.657+0000][73][info ][gc,metaspace] GC(4) Metaspace: 29442K(30144K)->29442K(30144K) NonClass: 26005K(26432K)->26005K(26432K) Class: 3437K(3712K)->3437K(3712K)
[2025-05-20T12:31:14.664+0000][73][info ][gc          ] GC(4) Pause Young (Normal) (G1 Evacuation Pause) 201M->21M(3880M) 418.361ms
[2025-05-20T12:31:14.674+0000][73][info ][gc,cpu      ] GC(4) User=0.09s Sys=0.03s Real=0.43s
[2025-05-20T12:31:14.676+0000][73][info ][safepoint   ] Safepoint "G1CollectForAllocation", Time since last: 801212610 ns, Reaching safepoint: 5939 ns, Cleanup: 74906 ns, At safepoint: 430461940 ns, Total: 430542785 ns
[2025-05-20T12:31:15.807+0000][73][info ][safepoint   ] Safepoint "Cleanup", Time since last: 1130687465 ns, Reaching safepoint: 170582 ns, Cleanup: 120043 ns, At safepoint: 19836 ns, Total: 310461 ns
[2025-05-20T12:31:17.213+0000][73][info ][safepoint   ] Safepoint "Cleanup", Time since last: 1409525311 ns, Reaching safepoint: 6322 ns, Cleanup: 80386 ns, At safepoint: 9359 ns, Total: 96067 ns
[2025-05-20T12:31:18.227+0000][73][info ][safepoint   ] Safepoint "Cleanup", Time since last: 1009502393 ns, Reaching safepoint: 4404484 ns, Cleanup: 40145 ns, At safepoint: 46766 ns, Total: 4491395 ns
[2025-05-20T12:31:18.634+0000][73][info ][gc,start    ] GC(5) Pause Young (Concurrent Start) (Metadata GC Threshold)
[2025-05-20T12:31:18.637+0000][73][info ][gc,task     ] GC(5) Using 10 workers of 10 for evacuation
[2025-05-20T12:31:18.645+0000][73][debug][gc,age      ] GC(5) Desired survivor size 33554432 bytes, new threshold 15 (max threshold 15)
[2025-05-20T12:31:18.679+0000][73][info ][gc,phases   ] GC(5)   Pre Evacuate Collection Set: 2.37ms
[2025-05-20T12:31:18.684+0000][73][info ][gc,phases   ] GC(5)   Merge Heap Roots: 0.11ms
[2025-05-20T12:31:18.697+0000][73][info ][gc,phases   ] GC(5)   Evacuate Collection Set: 26.44ms
[2025-05-20T12:31:18.706+0000][73][info ][gc,phases   ] GC(5)   Post Evacuate Collection Set: 1.07ms
[2025-05-20T12:31:18.711+0000][73][info ][gc,phases   ] GC(5)   Other: 11.92ms
[2025-05-20T12:31:18.717+0000][73][trace][gc,age      ] GC(5) Age table with threshold 15 (max threshold 15)
[2025-05-20T12:31:18.719+0000][73][trace][gc,age      ] GC(5) - age   1:    4396408 bytes,    4396408 total
[2025-05-20T12:31:18.723+0000][73][trace][gc,age      ] GC(5) - age   2:    2440112 bytes,    6836520 total
[2025-05-20T12:31:18.725+0000][73][trace][gc,age      ] GC(5) - age   3:    4109520 bytes,   10946040 total
[2025-05-20T12:31:18.726+0000][73][trace][gc,age      ] GC(5) - age   4:    4249744 bytes,   15195784 total
[2025-05-20T12:31:18.726+0000][73][info ][gc,heap     ] GC(5) Eden regions: 69->0(577)
[2025-05-20T12:31:18.727+0000][73][info ][gc,heap     ] GC(5) Survivor regions: 3->5(16)
[2025-05-20T12:31:18.727+0000][73][info ][gc,heap     ] GC(5) Old regions: 3->3
[2025-05-20T12:31:18.727+0000][73][info ][gc,heap     ] GC(5) Humongous regions: 0->0
[2025-05-20T12:31:18.728+0000][73][info ][gc,metaspace] GC(5) Metaspace: 35285K(36096K)->35285K(36096K) NonClass: 31183K(31680K)->31183K(31680K) Class: 4101K(4416K)->4101K(4416K)
[2025-05-20T12:31:18.732+0000][73][info ][gc          ] GC(5) Pause Young (Concurrent Start) (Metadata GC Threshold) 297M->26M(3880M) 97.385ms
[2025-05-20T12:31:18.734+0000][73][info ][gc          ] GC(6) Concurrent Mark Cycle
[2025-05-20T12:31:18.735+0000][73][info ][gc,cpu      ] GC(5) User=0.14s Sys=0.01s Real=0.10s
[2025-05-20T12:31:18.737+0000][73][info ][gc,marking  ] GC(6) Concurrent Scan Root Regions
[2025-05-20T12:31:18.738+0000][73][info ][safepoint   ] Safepoint "CollectForMetadataAllocation", Time since last: 407376258 ns, Reaching safepoint: 5227 ns, Cleanup: 17547 ns, At safepoint: 103689448 ns, Total: 103712222 ns
[2025-05-20T12:31:18.741+0000][73][info ][gc,marking  ] GC(6) Concurrent Scan Root Regions 3.971ms
[2025-05-20T12:31:18.746+0000][73][info ][gc,marking  ] GC(6) Concurrent Mark
[2025-05-20T12:31:18.749+0000][73][info ][gc,marking  ] GC(6) Concurrent Mark From Roots
[2025-05-20T12:31:18.757+0000][73][info ][gc,task     ] GC(6) Using 3 workers of 3 for marking
[2025-05-20T12:31:18.779+0000][73][info ][gc,marking  ] GC(6) Concurrent Mark From Roots 30.689ms
[2025-05-20T12:31:18.808+0000][73][info ][gc,marking  ] GC(6) Concurrent Preclean
[2025-05-20T12:31:18.828+0000][73][info ][gc,marking  ] GC(6) Concurrent Preclean 19.644ms
[2025-05-20T12:31:18.850+0000][73][info ][gc,start    ] GC(6) Pause Remark
[2025-05-20T12:31:18.886+0000][73][info ][gc          ] GC(6) Pause Remark 60M->60M(3880M) 35.984ms
[2025-05-20T12:31:18.908+0000][73][info ][gc,cpu      ] GC(6) User=0.04s Sys=0.00s Real=0.06s
[2025-05-20T12:31:18.928+0000][73][info ][safepoint   ] Safepoint "G1PauseRemark", Time since last: 111538462 ns, Reaching safepoint: 517297 ns, Cleanup: 24554 ns, At safepoint: 78401177 ns, Total: 78943028 ns
[2025-05-20T12:31:18.950+0000][73][info ][gc,marking  ] GC(6) Concurrent Mark 203.622ms
[2025-05-20T12:31:18.968+0000][73][info ][gc,marking  ] GC(6) Concurrent Rebuild Remembered Sets and Scrub Regions
[2025-05-20T12:31:18.980+0000][73][info ][gc,marking  ] GC(6) Concurrent Rebuild Remembered Sets and Scrub Regions 12.231ms
[2025-05-20T12:31:18.994+0000][73][info ][gc,start    ] GC(6) Pause Cleanup
[2025-05-20T12:31:19.006+0000][73][info ][gc          ] GC(6) Pause Cleanup 64M->64M(3880M) 12.424ms
[2025-05-20T12:31:19.011+0000][73][info ][gc,cpu      ] GC(6) User=0.00s Sys=0.00s Real=0.01s
[2025-05-20T12:31:19.019+0000][73][info ][safepoint   ] Safepoint "G1PauseCleanup", Time since last: 65099445 ns, Reaching safepoint: 7831 ns, Cleanup: 17803 ns, At safepoint: 25357082 ns, Total: 25382716 ns
[2025-05-20T12:31:19.028+0000][73][info ][gc,marking  ] GC(6) Concurrent Clear Claimed Marks
[2025-05-20T12:31:19.036+0000][73][info ][gc,marking  ] GC(6) Concurrent Clear Claimed Marks 8.063ms
[2025-05-20T12:31:19.043+0000][73][info ][gc,marking  ] GC(6) Concurrent Cleanup for Next Mark
[2025-05-20T12:31:19.057+0000][73][info ][gc,marking  ] GC(6) Concurrent Cleanup for Next Mark 13.715ms
[2025-05-20T12:31:19.061+0000][73][info ][gc          ] GC(6) Concurrent Mark Cycle 326.754ms
[2025-05-20T12:31:20.030+0000][73][info ][safepoint   ] Safepoint "Cleanup", Time since last: 1010667257 ns, Reaching safepoint: 89962 ns, Cleanup: 51979 ns, At safepoint: 26843 ns, Total: 168784 ns
[2025-05-20T12:31:21.031+0000][73][info ][safepoint   ] Safepoint "Cleanup", Time since last: 1001188073 ns, Reaching safepoint: 99666 ns, Cleanup: 114023 ns, At safepoint: 29996 ns, Total: 243685 ns
[2025-05-20T12:31:22.040+0000][73][info ][safepoint   ] Safepoint "Cleanup", Time since last: 1009027644 ns, Reaching safepoint: 6553 ns, Cleanup: 33724 ns, At safepoint: 28374 ns, Total: 68651 ns
[2025-05-20T12:31:23.281+0000][73][info ][safepoint   ] Safepoint "Cleanup", Time since last: 1240307469 ns, Reaching safepoint: 111781 ns, Cleanup: 37447 ns, At safepoint: 35074 ns, Total: 184302 ns
[2025-05-20T12:31:24.397+0000][73][info ][safepoint   ] Safepoint "Cleanup", Time since last: 1116505617 ns, Reaching safepoint: 6736 ns, Cleanup: 99447 ns, At safepoint: 28545 ns, Total: 134728 ns
[2025-05-20T12:31:25.422+0000][73][info ][safepoint   ] Safepoint "Cleanup", Time since last: 1024144512 ns, Reaching safepoint: 12151 ns, Cleanup: 161295 ns, At safepoint: 29794 ns, Total: 203240 ns
[2025-05-20T12:31:26.485+0000][73][info ][safepoint   ] Safepoint "Cleanup", Time since last: 1063290892 ns, Reaching safepoint: 199331 ns, Cleanup: 39560 ns, At safepoint: 30385 ns, Total: 269276 ns
[2025-05-20T12:31:27.492+0000][73][info ][safepoint   ] Safepoint "Cleanup", Time since last: 1005748109 ns, Reaching safepoint: 712146 ns, Cleanup: 85267 ns, At safepoint: 40711 ns, Total: 838124 ns
[2025-05-20T12:31:28.501+0000][73][info ][safepoint   ] Safepoint "Cleanup", Time since last: 1003355018 ns, Reaching safepoint: 5475624 ns, Cleanup: 64040 ns, At safepoint: 60752 ns, Total: 5600416 ns
[2025-05-20T12:31:30.208+0000][73][info ][safepoint   ] Safepoint "Cleanup", Time since last: 1706698269 ns, Reaching safepoint: 7584 ns, Cleanup: 139256 ns, At safepoint: 11419 ns, Total: 158259 ns
[2025-05-20T12:31:31.054+0000][73][info ][gc,start    ] GC(7) Pause Young (Concurrent Start) (Metadata GC Threshold)
[2025-05-20T12:31:31.063+0000][73][info ][gc,task     ] GC(7) Using 10 workers of 10 for evacuation
[2025-05-20T12:31:31.069+0000][73][debug][gc,age      ] GC(7) Desired survivor size 153092096 bytes, new threshold 15 (max threshold 15)
[2025-05-20T12:31:31.171+0000][73][info ][gc,phases   ] GC(7)   Pre Evacuate Collection Set: 1.00ms
[2025-05-20T12:31:31.173+0000][73][info ][gc,phases   ] GC(7)   Merge Heap Roots: 0.31ms
[2025-05-20T12:31:31.190+0000][73][info ][gc,phases   ] GC(7)   Evacuate Collection Set: 92.05ms
[2025-05-20T12:31:31.197+0000][73][info ][gc,phases   ] GC(7)   Post Evacuate Collection Set: 7.49ms
[2025-05-20T12:31:31.202+0000][73][info ][gc,phases   ] GC(7)   Other: 6.73ms
[2025-05-20T12:31:31.203+0000][73][trace][gc,age      ] GC(7) Age table with threshold 15 (max threshold 15)
[2025-05-20T12:31:31.203+0000][73][trace][gc,age      ] GC(7) - age   1:   15005568 bytes,   15005568 total
[2025-05-20T12:31:31.203+0000][73][trace][gc,age      ] GC(7) - age   2:    4364248 bytes,   19369816 total
[2025-05-20T12:31:31.205+0000][73][trace][gc,age      ] GC(7) - age   3:    2434800 bytes,   21804616 total
[2025-05-20T12:31:31.207+0000][73][trace][gc,age      ] GC(7) - age   4:    4093360 bytes,   25897976 total
[2025-05-20T12:31:31.209+0000][73][trace][gc,age      ] GC(7) - age   5:    4234520 bytes,   30132496 total
[2025-05-20T12:31:31.212+0000][73][info ][gc,heap     ] GC(7) Eden regions: 238->0(180)
[2025-05-20T12:31:31.212+0000][73][info ][gc,heap     ] GC(7) Survivor regions: 5->8(73)
[2025-05-20T12:31:31.212+0000][73][info ][gc,heap     ] GC(7) Old regions: 3->3
[2025-05-20T12:31:31.213+0000][73][info ][gc,heap     ] GC(7) Humongous regions: 0->0
[2025-05-20T12:31:31.213+0000][73][info ][gc,metaspace] GC(7) Metaspace: 58978K(60288K)->58978K(60288K) NonClass: 51472K(52288K)->51472K(52288K) Class: 7506K(8000K)->7506K(8000K)
[2025-05-20T12:31:31.214+0000][73][info ][gc          ] GC(7) Pause Young (Concurrent Start) (Metadata GC Threshold) 978M->40M(3880M) 159.602ms
[2025-05-20T12:31:31.214+0000][73][info ][gc,cpu      ] GC(7) User=0.30s Sys=0.01s Real=0.16s
[2025-05-20T12:31:31.214+0000][73][info ][gc          ] GC(8) Concurrent Mark Cycle
[2025-05-20T12:31:31.215+0000][73][info ][safepoint   ] Safepoint "CollectForMetadataAllocation", Time since last: 841845801 ns, Reaching safepoint: 4410918 ns, Cleanup: 65518 ns, At safepoint: 160553981 ns, Total: 165030417 ns
[2025-05-20T12:31:31.216+0000][73][info ][gc,marking  ] GC(8) Concurrent Scan Root Regions
[2025-05-20T12:31:31.243+0000][73][info ][gc,marking  ] GC(8) Concurrent Scan Root Regions 27.399ms
[2025-05-20T12:31:31.246+0000][73][info ][gc,marking  ] GC(8) Concurrent Mark
[2025-05-20T12:31:31.251+0000][73][info ][gc,marking  ] GC(8) Concurrent Mark From Roots
[2025-05-20T12:31:31.253+0000][73][info ][gc,task     ] GC(8) Using 3 workers of 3 for marking
[2025-05-20T12:31:31.280+0000][73][info ][gc,marking  ] GC(8) Concurrent Mark From Roots 28.469ms
[2025-05-20T12:31:31.290+0000][73][info ][gc,marking  ] GC(8) Concurrent Preclean
[2025-05-20T12:31:31.285+0000][73][info ][safepoint   ] Safepoint "CollectForMetadataAllocation", Time since last: 70507582 ns, Reaching safepoint: 5890 ns, Cleanup: 14225 ns, At safepoint: 93808 ns, Total: 113923 ns
[2025-05-20T12:31:31.292+0000][73][info ][gc,marking  ] GC(8) Concurrent Preclean 1.402ms
[2025-05-20T12:31:31.293+0000][73][info ][gc,start    ] GC(8) Pause Remark
[2025-05-20T12:31:31.299+0000][73][info ][gc          ] GC(8) Pause Remark 46M->46M(3880M) 6.539ms
[2025-05-20T12:31:31.302+0000][73][info ][gc,cpu      ] GC(8) User=0.01s Sys=0.01s Real=0.00s
[2025-05-20T12:31:31.305+0000][73][info ][safepoint   ] Safepoint "G1PauseRemark", Time since last: 7673699 ns, Reaching safepoint: 6184 ns, Cleanup: 4823 ns, At safepoint: 11792118 ns, Total: 11803125 ns
[2025-05-20T12:31:31.306+0000][73][info ][gc,marking  ] GC(8) Concurrent Mark 60.189ms
[2025-05-20T12:31:31.306+0000][73][info ][gc,marking  ] GC(8) Concurrent Rebuild Remembered Sets and Scrub Regions
[2025-05-20T12:31:31.311+0000][73][info ][gc,marking  ] GC(8) Concurrent Rebuild Remembered Sets and Scrub Regions 4.893ms
[2025-05-20T12:31:31.313+0000][73][info ][gc,start    ] GC(8) Pause Cleanup
[2025-05-20T12:31:31.314+0000][73][info ][gc          ] GC(8) Pause Cleanup 46M->46M(3880M) 0.888ms
[2025-05-20T12:31:31.315+0000][73][info ][gc,cpu      ] GC(8) User=0.00s Sys=0.00s Real=0.00s
[2025-05-20T12:31:31.321+0000][73][info ][safepoint   ] Safepoint "G1PauseCleanup", Time since last: 8455958 ns, Reaching safepoint: 6750 ns, Cleanup: 16294 ns, At safepoint: 7481815 ns, Total: 7504859 ns
[2025-05-20T12:31:31.324+0000][73][info ][gc,marking  ] GC(8) Concurrent Clear Claimed Marks
[2025-05-20T12:31:31.332+0000][73][info ][gc,marking  ] GC(8) Concurrent Clear Claimed Marks 7.923ms
[2025-05-20T12:31:31.338+0000][73][info ][gc,marking  ] GC(8) Concurrent Cleanup for Next Mark
[2025-05-20T12:31:31.354+0000][73][info ][gc,marking  ] GC(8) Concurrent Cleanup for Next Mark 16.095ms
[2025-05-20T12:31:31.360+0000][73][info ][gc          ] GC(8) Concurrent Mark Cycle 145.456ms
[2025-05-20T12:31:33.216+0000][73][info ][safepoint   ] Safepoint "Cleanup", Time since last: 1892777178 ns, Reaching safepoint: 269184 ns, Cleanup: 170837 ns, At safepoint: 2028656 ns, Total: 2468677 ns
[2025-05-20T12:31:34.239+0000][73][info ][safepoint   ] Safepoint "Cleanup", Time since last: 1023236905 ns, Reaching safepoint: 97957 ns, Cleanup: 82443 ns, At safepoint: 34595 ns, Total: 214995 ns
[2025-05-20T12:31:35.262+0000][73][info ][safepoint   ] Safepoint "Cleanup", Time since last: 1022149768 ns, Reaching safepoint: 494644 ns, Cleanup: 30065 ns, At safepoint: 39779 ns, Total: 564488 ns
[2025-05-20T12:31:37.226+0000][73][info ][safepoint   ] Safepoint "ICBufferFull", Time since last: 1963374841 ns, Reaching safepoint: 36894 ns, Cleanup: 155817 ns, At safepoint: 9398 ns, Total: 202109 ns
[2025-05-20T12:31:38.321+0000][73][info ][safepoint   ] Safepoint "Cleanup", Time since last: 1094687233 ns, Reaching safepoint: 303661 ns, Cleanup: 59259 ns, At safepoint: 134359 ns, Total: 497279 ns
[2025-05-20T12:31:40.498+0000][73][info ][safepoint   ] Safepoint "Cleanup", Time since last: 2176548156 ns, Reaching safepoint: 211612 ns, Cleanup: 24835 ns, At safepoint: 73640 ns, Total: 310087 ns
[2025-05-20T12:31:41.642+0000][73][info ][safepoint   ] Safepoint "Cleanup", Time since last: 1143916875 ns, Reaching safepoint: 3140 ns, Cleanup: 86417 ns, At safepoint: 14983 ns, Total: 104540 ns
[2025-05-20T12:31:42.710+0000][73][info ][safepoint   ] Safepoint "Cleanup", Time since last: 1068064758 ns, Reaching safepoint: 8296 ns, Cleanup: 46648 ns, At safepoint: 9873 ns, Total: 64817 ns
[2025-05-20T12:31:43.749+0000][73][info ][gc,start    ] GC(9) Pause Young (Normal) (G1 Evacuation Pause)
[2025-05-20T12:31:43.750+0000][73][info ][gc,task     ] GC(9) Using 10 workers of 10 for evacuation
[2025-05-20T12:31:43.750+0000][73][debug][gc,age      ] GC(9) Desired survivor size 50331648 bytes, new threshold 15 (max threshold 15)
[2025-05-20T12:31:43.773+0000][73][info ][gc,phases   ] GC(9)   Pre Evacuate Collection Set: 0.53ms
[2025-05-20T12:31:43.773+0000][73][info ][gc,phases   ] GC(9)   Merge Heap Roots: 0.25ms
[2025-05-20T12:31:43.774+0000][73][info ][gc,phases   ] GC(9)   Evacuate Collection Set: 18.01ms
[2025-05-20T12:31:43.775+0000][73][info ][gc,phases   ] GC(9)   Post Evacuate Collection Set: 3.31ms
[2025-05-20T12:31:43.775+0000][73][info ][gc,phases   ] GC(9)   Other: 0.78ms
[2025-05-20T12:31:43.776+0000][73][trace][gc,age      ] GC(9) Age table with threshold 15 (max threshold 15)
[2025-05-20T12:31:43.776+0000][73][trace][gc,age      ] GC(9) - age   1:   16101384 bytes,   16101384 total
[2025-05-20T12:31:43.776+0000][73][trace][gc,age      ] GC(9) - age   2:   14397912 bytes,   30499296 total
[2025-05-20T12:31:43.777+0000][73][trace][gc,age      ] GC(9) - age   3:    4328504 bytes,   34827800 total
[2025-05-20T12:31:43.778+0000][73][trace][gc,age      ] GC(9) - age   4:    2423768 bytes,   37251568 total
[2025-05-20T12:31:43.779+0000][73][trace][gc,age      ] GC(9) - age   5:    4077720 bytes,   41329288 total
[2025-05-20T12:31:43.779+0000][73][trace][gc,age      ] GC(9) - age   6:    4206688 bytes,   45535976 total
[2025-05-20T12:31:43.779+0000][73][info ][gc,heap     ] GC(9) Eden regions: 180->0(180)
[2025-05-20T12:31:43.780+0000][73][info ][gc,heap     ] GC(9) Survivor regions: 8->12(24)
[2025-05-20T12:31:43.780+0000][73][info ][gc,heap     ] GC(9) Old regions: 3->3
[2025-05-20T12:31:43.781+0000][73][info ][gc,heap     ] GC(9) Humongous regions: 0->0
[2025-05-20T12:31:43.782+0000][73][info ][gc,metaspace] GC(9) Metaspace: 84011K(85824K)->84011K(85824K) NonClass: 72875K(73920K)->72875K(73920K) Class: 11135K(11904K)->11135K(11904K)
[2025-05-20T12:31:43.782+0000][73][info ][gc          ] GC(9) Pause Young (Normal) (G1 Evacuation Pause) 760M->57M(3880M) 32.927ms
[2025-05-20T12:31:43.782+0000][73][info ][gc,cpu      ] GC(9) User=0.17s Sys=0.00s Real=0.03s
[2025-05-20T12:31:43.783+0000][73][info ][safepoint   ] Safepoint "G1CollectForAllocation", Time since last: 1039305221 ns, Reaching safepoint: 4851 ns, Cleanup: 50540 ns, At safepoint: 34171752 ns, Total: 34227143 ns
[2025-05-20T12:31:44.786+0000][73][info ][safepoint   ] Safepoint "Cleanup", Time since last: 1000666301 ns, Reaching safepoint: 2279765 ns, Cleanup: 70358 ns, At safepoint: 45868 ns, Total: 2395991 ns
[2025-05-20T12:31:46.459+0000][73][info ][safepoint   ] Safepoint "Cleanup", Time since last: 1676966311 ns, Reaching safepoint: 10032 ns, Cleanup: 80537 ns, At safepoint: 35829 ns, Total: 126398 ns
[2025-05-20T12:31:47.452+0000][73][info ][gc,start    ] GC(10) Pause Young (Concurrent Start) (Metadata GC Threshold)
[2025-05-20T12:31:47.453+0000][73][info ][gc,task     ] GC(10) Using 10 workers of 10 for evacuation
[2025-05-20T12:31:47.453+0000][73][debug][gc,age      ] GC(10) Desired survivor size 50331648 bytes, new threshold 15 (max threshold 15)
[2025-05-20T12:31:47.473+0000][73][info ][gc,phases   ] GC(10)   Pre Evacuate Collection Set: 0.81ms
[2025-05-20T12:31:47.476+0000][73][info ][gc,phases   ] GC(10)   Merge Heap Roots: 0.21ms
[2025-05-20T12:31:47.478+0000][73][info ][gc,phases   ] GC(10)   Evacuate Collection Set: 14.82ms
[2025-05-20T12:31:47.480+0000][73][info ][gc,phases   ] GC(10)   Post Evacuate Collection Set: 2.62ms
[2025-05-20T12:31:47.483+0000][73][info ][gc,phases   ] GC(10)   Other: 1.11ms
[2025-05-20T12:31:47.484+0000][73][trace][gc,age      ] GC(10) Age table with threshold 15 (max threshold 15)
[2025-05-20T12:31:47.485+0000][73][trace][gc,age      ] GC(10) - age   1:    5487664 bytes,    5487664 total
[2025-05-20T12:31:47.486+0000][73][trace][gc,age      ] GC(10) - age   2:   15624520 bytes,   21112184 total
[2025-05-20T12:31:47.488+0000][73][trace][gc,age      ] GC(10) - age   3:   14373712 bytes,   35485896 total
[2025-05-20T12:31:47.488+0000][73][trace][gc,age      ] GC(10) - age   4:    4324288 bytes,   39810184 total
[2025-05-20T12:31:47.489+0000][73][trace][gc,age      ] GC(10) - age   5:    2421744 bytes,   42231928 total
[2025-05-20T12:31:47.489+0000][73][trace][gc,age      ] GC(10) - age   6:    4076088 bytes,   46308016 total
[2025-05-20T12:31:47.489+0000][73][trace][gc,age      ] GC(10) - age   7:    4199968 bytes,   50507984 total
[2025-05-20T12:31:47.490+0000][73][info ][gc,heap     ] GC(10) Eden regions: 30->0(176)
[2025-05-20T12:31:47.490+0000][73][info ][gc,heap     ] GC(10) Survivor regions: 12->14(24)
[2025-05-20T12:31:47.490+0000][73][info ][gc,heap     ] GC(10) Old regions: 3->3
[2025-05-20T12:31:47.491+0000][73][info ][gc,heap     ] GC(10) Humongous regions: 0->0
[2025-05-20T12:31:47.492+0000][73][info ][gc,metaspace] GC(10) Metaspace: 99292K(101120K)->99292K(101120K) NonClass: 86115K(87168K)->86115K(87168K) Class: 13177K(13952K)->13177K(13952K)
[2025-05-20T12:31:47.493+0000][73][info ][gc          ] GC(10) Pause Young (Concurrent Start) (Metadata GC Threshold) 175M->65M(3880M) 40.342ms
[2025-05-20T12:31:47.493+0000][73][info ][gc,cpu      ] GC(10) User=0.15s Sys=0.01s Real=0.04s
[2025-05-20T12:31:47.493+0000][73][info ][gc          ] GC(11) Concurrent Mark Cycle
[2025-05-20T12:31:47.495+0000][73][info ][safepoint   ] Safepoint "CollectForMetadataAllocation", Time since last: 992876913 ns, Reaching safepoint: 12777 ns, Cleanup: 77869 ns, At safepoint: 42305756 ns, Total: 42396402 ns
[2025-05-20T12:31:47.496+0000][73][info ][gc,marking  ] GC(11) Concurrent Scan Root Regions
[2025-05-20T12:31:47.505+0000][73][info ][gc,marking  ] GC(11) Concurrent Scan Root Regions 9.567ms
[2025-05-20T12:31:47.506+0000][73][info ][gc,marking  ] GC(11) Concurrent Mark
[2025-05-20T12:31:47.507+0000][73][info ][gc,marking  ] GC(11) Concurrent Mark From Roots
[2025-05-20T12:31:47.507+0000][73][info ][gc,task     ] GC(11) Using 3 workers of 3 for marking
[2025-05-20T12:31:47.516+0000][73][info ][gc,marking  ] GC(11) Concurrent Mark From Roots 9.415ms
[2025-05-20T12:31:47.516+0000][73][info ][gc,marking  ] GC(11) Concurrent Preclean
[2025-05-20T12:31:47.517+0000][73][info ][gc,marking  ] GC(11) Concurrent Preclean 0.711ms
[2025-05-20T12:31:47.517+0000][73][info ][gc,start    ] GC(11) Pause Remark
[2025-05-20T12:31:47.525+0000][73][info ][gc          ] GC(11) Pause Remark 69M->69M(3880M) 7.519ms
[2025-05-20T12:31:47.527+0000][73][info ][gc,cpu      ] GC(11) User=0.04s Sys=0.01s Real=0.01s
[2025-05-20T12:31:47.529+0000][73][info ][safepoint   ] Safepoint "G1PauseRemark", Time since last: 22860815 ns, Reaching safepoint: 6990 ns, Cleanup: 3978 ns, At safepoint: 11384042 ns, Total: 11395010 ns
[2025-05-20T12:31:47.529+0000][73][info ][gc,marking  ] GC(11) Concurrent Mark 23.092ms
[2025-05-20T12:31:47.530+0000][73][info ][gc,marking  ] GC(11) Concurrent Rebuild Remembered Sets and Scrub Regions
[2025-05-20T12:31:47.532+0000][73][info ][gc,marking  ] GC(11) Concurrent Rebuild Remembered Sets and Scrub Regions 2.466ms
[2025-05-20T12:31:47.533+0000][73][info ][gc,start    ] GC(11) Pause Cleanup
[2025-05-20T12:31:47.534+0000][73][info ][gc          ] GC(11) Pause Cleanup 69M->69M(3880M) 0.691ms
[2025-05-20T12:31:47.535+0000][73][info ][gc,cpu      ] GC(11) User=0.00s Sys=0.01s Real=0.00s
[2025-05-20T12:31:47.536+0000][73][info ][safepoint   ] Safepoint "G1PauseCleanup", Time since last: 4041328 ns, Reaching safepoint: 6545 ns, Cleanup: 15362 ns, At safepoint: 2942848 ns, Total: 2964755 ns
[2025-05-20T12:31:47.536+0000][73][info ][gc,marking  ] GC(11) Concurrent Clear Claimed Marks
[2025-05-20T12:31:47.537+0000][73][info ][gc,marking  ] GC(11) Concurrent Clear Claimed Marks 0.408ms
[2025-05-20T12:31:47.537+0000][73][info ][gc,marking  ] GC(11) Concurrent Cleanup for Next Mark
[2025-05-20T12:31:47.542+0000][73][info ][gc,marking  ] GC(11) Concurrent Cleanup for Next Mark 4.964ms
[2025-05-20T12:31:47.542+0000][73][info ][gc          ] GC(11) Concurrent Mark Cycle 49.391ms
[2025-05-20T12:31:49.336+0000][73][info ][safepoint   ] Safepoint "Cleanup", Time since last: 1800487965 ns, Reaching safepoint: 9605 ns, Cleanup: 115266 ns, At safepoint: 28489 ns, Total: 153360 ns
[2025-05-20T12:31:50.547+0000][73][info ][safepoint   ] Safepoint "Cleanup", Time since last: 1209995719 ns, Reaching safepoint: 6495 ns, Cleanup: 61769 ns, At safepoint: 20989 ns, Total: 89253 ns
[2025-05-20T12:31:51.547+0000][73][info ][safepoint   ] Safepoint "ICBufferFull", Time since last: 996155591 ns, Reaching safepoint: 4390596 ns, Cleanup: 143978 ns, At safepoint: 92907 ns, Total: 4627481 ns
[2025-05-20T12:31:51.737+0000][73][info ][safepoint   ] Safepoint "ICBufferFull", Time since last: 189227936 ns, Reaching safepoint: 123726 ns, Cleanup: 89136 ns, At safepoint: 44848 ns, Total: 257710 ns
[2025-05-20T12:31:51.972+0000][73][info ][safepoint   ] Safepoint "ICBufferFull", Time since last: 234769466 ns, Reaching safepoint: 118882 ns, Cleanup: 119743 ns, At safepoint: 33192 ns, Total: 271817 ns
[2025-05-20T12:31:52.189+0000][73][info ][safepoint   ] Safepoint "ICBufferFull", Time since last: 216949347 ns, Reaching safepoint: 108004 ns, Cleanup: 103676 ns, At safepoint: 34513 ns, Total: 246193 ns
[2025-05-20T12:31:52.524+0000][73][info ][safepoint   ] Safepoint "ICBufferFull", Time since last: 334627493 ns, Reaching safepoint: 9889 ns, Cleanup: 114878 ns, At safepoint: 8447 ns, Total: 133214 ns
[2025-05-20T12:31:53.138+0000][73][info ][safepoint   ] Safepoint "ICBufferFull", Time since last: 614311191 ns, Reaching safepoint: 11754 ns, Cleanup: 140426 ns, At safepoint: 40542 ns, Total: 192722 ns
[2025-05-20T12:31:54.198+0000][73][info ][safepoint   ] Safepoint "ICBufferFull", Time since last: 1059069896 ns, Reaching safepoint: 164707 ns, Cleanup: 192576 ns, At safepoint: 78043 ns, Total: 435326 ns
[2025-05-20T12:31:55.454+0000][73][info ][safepoint   ] Safepoint "Cleanup", Time since last: 1255724458 ns, Reaching safepoint: 9064 ns, Cleanup: 56338 ns, At safepoint: 26172 ns, Total: 91574 ns
[2025-05-20T12:31:56.455+0000][73][info ][safepoint   ] Safepoint "Cleanup", Time since last: 1000809719 ns, Reaching safepoint: 12323 ns, Cleanup: 103632 ns, At safepoint: 10933 ns, Total: 126888 ns
[2025-05-20T12:32:00.456+0000][73][info ][safepoint   ] Safepoint "Cleanup", Time since last: 4001132875 ns, Reaching safepoint: 58129 ns, Cleanup: 30769 ns, At safepoint: 10172 ns, Total: 99070 ns
[2025-05-20T12:32:01.456+0000][73][info ][safepoint   ] Safepoint "Cleanup", Time since last: 1000628385 ns, Reaching safepoint: 11087 ns, Cleanup: 21855 ns, At safepoint: 7946 ns, Total: 40888 ns
[2025-05-20T12:32:09.459+0000][73][info ][safepoint   ] Safepoint "Cleanup", Time since last: 8001796336 ns, Reaching safepoint: 280041 ns, Cleanup: 87619 ns, At safepoint: 98670 ns, Total: 466330 ns
[2025-05-20T12:32:10.460+0000][73][info ][safepoint   ] Safepoint "Cleanup", Time since last: 1000677303 ns, Reaching safepoint: 15506 ns, Cleanup: 82988 ns, At safepoint: 12506 ns, Total: 111000 ns
[2025-05-20T12:32:11.468+0000][73][info ][safepoint   ] Safepoint "Cleanup", Time since last: 1008854107 ns, Reaching safepoint: 13253 ns, Cleanup: 16584 ns, At safepoint: 9057 ns, Total: 38894 ns
[2025-05-20T12:32:17.398+0000][73][info ][safepoint   ] Safepoint "Cleanup", Time since last: 5933307337 ns, Reaching safepoint: 6307 ns, Cleanup: 13269 ns, At safepoint: 20582 ns, Total: 40158 ns
[2025-05-20T12:32:17.833+0000][73][info ][safepoint   ] Safepoint "ICBufferFull", Time since last: 434663723 ns, Reaching safepoint: 8624 ns, Cleanup: 90695 ns, At safepoint: 6788 ns, Total: 106107 ns
[2025-05-20T12:32:18.533+0000][73][info ][safepoint   ] Safepoint "ICBufferFull", Time since last: 699909478 ns, Reaching safepoint: 12317 ns, Cleanup: 153748 ns, At safepoint: 31797 ns, Total: 197862 ns
[2025-05-20T12:32:19.539+0000][73][info ][safepoint   ] Safepoint "Cleanup", Time since last: 1005923845 ns, Reaching safepoint: 15350 ns, Cleanup: 206734 ns, At safepoint: 14837 ns, Total: 236921 ns
[2025-05-20T12:32:20.540+0000][73][info ][safepoint   ] Safepoint "Cleanup", Time since last: 1000692879 ns, Reaching safepoint: 26840 ns, Cleanup: 16470 ns, At safepoint: 11559 ns, Total: 54869 ns
[2025-05-20T12:32:21.950+0000][73][info ][safepoint   ] Safepoint "Cleanup", Time since last: 1409485182 ns, Reaching safepoint: 452189 ns, Cleanup: 143783 ns, At safepoint: 48621 ns, Total: 644593 ns
[2025-05-20T12:32:22.951+0000][73][info ][safepoint   ] Safepoint "Cleanup", Time since last: 1001246633 ns, Reaching safepoint: 143541 ns, Cleanup: 99170 ns, At safepoint: 16375 ns, Total: 259086 ns
[2025-05-20T12:32:26.712+0000][73][info ][safepoint   ] Safepoint "Cleanup", Time since last: 3760322101 ns, Reaching safepoint: 10384 ns, Cleanup: 55698 ns, At safepoint: 49305 ns, Total: 115387 ns
[2025-05-20T12:32:27.007+0000][73][info ][safepoint   ] Safepoint "ICBufferFull", Time since last: 295087722 ns, Reaching safepoint: 125622 ns, Cleanup: 133026 ns, At safepoint: 84760 ns, Total: 343408 ns
[2025-05-20T12:32:27.011+0000][73][info ][safepoint   ] Safepoint "ICBufferFull", Time since last: 3685479 ns, Reaching safepoint: 468969 ns, Cleanup: 13989 ns, At safepoint: 146495 ns, Total: 629453 ns
[2025-05-20T12:32:27.372+0000][73][info ][safepoint   ] Safepoint "ICBufferFull", Time since last: 360036646 ns, Reaching safepoint: 216609 ns, Cleanup: 132511 ns, At safepoint: 135523 ns, Total: 484643 ns
[2025-05-20T12:32:27.663+0000][73][info ][safepoint   ] Safepoint "ICBufferFull", Time since last: 290211695 ns, Reaching safepoint: 17636 ns, Cleanup: 155117 ns, At safepoint: 639250 ns, Total: 812003 ns
[2025-05-20T12:32:28.039+0000][73][info ][safepoint   ] Safepoint "ICBufferFull", Time since last: 375645283 ns, Reaching safepoint: 25296 ns, Cleanup: 291938 ns, At safepoint: 44030 ns, Total: 361264 ns
[2025-05-20T12:32:28.653+0000][73][info ][safepoint   ] Safepoint "ICBufferFull", Time since last: 613217432 ns, Reaching safepoint: 23312 ns, Cleanup: 264458 ns, At safepoint: 167398 ns, Total: 455168 ns
[2025-05-20T12:32:29.398+0000][73][info ][safepoint   ] Safepoint "ICBufferFull", Time since last: 745558660 ns, Reaching safepoint: 137777 ns, Cleanup: 118520 ns, At safepoint: 72406 ns, Total: 328703 ns
[2025-05-20T12:32:30.189+0000][73][info ][gc,start    ] GC(12) Pause Young (Normal) (G1 Evacuation Pause)
[2025-05-20T12:32:30.190+0000][73][info ][gc,task     ] GC(12) Using 10 workers of 10 for evacuation
[2025-05-20T12:32:30.191+0000][73][debug][gc,age      ] GC(12) Desired survivor size 50331648 bytes, new threshold 7 (max threshold 15)
[2025-05-20T12:32:30.535+0000][73][info ][gc,mmu      ] GC(12) MMU target violated: 201.0ms (200.0ms/201.0ms)
[2025-05-20T12:32:30.536+0000][73][info ][gc,phases   ] GC(12)   Pre Evacuate Collection Set: 7.64ms
[2025-05-20T12:32:30.536+0000][73][info ][gc,phases   ] GC(12)   Merge Heap Roots: 24.92ms
[2025-05-20T12:32:30.536+0000][73][info ][gc,phases   ] GC(12)   Evacuate Collection Set: 274.10ms
[2025-05-20T12:32:30.537+0000][73][info ][gc,phases   ] GC(12)   Post Evacuate Collection Set: 36.12ms
[2025-05-20T12:32:30.537+0000][73][info ][gc,phases   ] GC(12)   Other: 2.62ms
[2025-05-20T12:32:30.537+0000][73][trace][gc,age      ] GC(12) Age table with threshold 7 (max threshold 15)
[2025-05-20T12:32:30.538+0000][73][trace][gc,age      ] GC(12) - age   1:   44057448 bytes,   44057448 total
[2025-05-20T12:32:30.539+0000][73][trace][gc,age      ] GC(12) - age   2:    4826656 bytes,   48884104 total
[2025-05-20T12:32:30.539+0000][73][trace][gc,age      ] GC(12) - age   3:   15433016 bytes,   64317120 total
[2025-05-20T12:32:30.540+0000][73][trace][gc,age      ] GC(12) - age   4:   14335312 bytes,   78652432 total
[2025-05-20T12:32:30.540+0000][73][trace][gc,age      ] GC(12) - age   5:    4322600 bytes,   82975032 total
[2025-05-20T12:32:30.541+0000][73][trace][gc,age      ] GC(12) - age   6:    2420200 bytes,   85395232 total
[2025-05-20T12:32:30.541+0000][73][trace][gc,age      ] GC(12) - age   7:    4074496 bytes,   89469728 total
[2025-05-20T12:32:30.541+0000][73][info ][gc,heap     ] GC(12) Eden regions: 176->0(24)
[2025-05-20T12:32:30.542+0000][73][info ][gc,heap     ] GC(12) Survivor regions: 14->24(24)
[2025-05-20T12:32:30.542+0000][73][info ][gc,heap     ] GC(12) Old regions: 3->4
[2025-05-20T12:32:30.542+0000][73][info ][gc,heap     ] GC(12) Humongous regions: 0->0
[2025-05-20T12:32:30.543+0000][73][info ][gc,metaspace] GC(12) Metaspace: 135310K(139008K)->135310K(139008K) NonClass: 116294K(118272K)->116294K(118272K) Class: 19015K(20736K)->19015K(20736K)
[2025-05-20T12:32:30.543+0000][73][info ][gc          ] GC(12) Pause Young (Normal) (G1 Evacuation Pause) 769M->110M(3880M) 354.192ms
[2025-05-20T12:32:30.543+0000][73][info ][gc,cpu      ] GC(12) User=2.58s Sys=0.07s Real=0.35s
[2025-05-20T12:32:30.544+0000][73][info ][safepoint   ] Safepoint "G1CollectForAllocation", Time since last: 789504121 ns, Reaching safepoint: 15821 ns, Cleanup: 110416 ns, At safepoint: 355858152 ns, Total: 355984389 ns
[2025-05-20T12:32:30.908+0000][73][info ][safepoint   ] Safepoint "ICBufferFull", Time since last: 364153146 ns, Reaching safepoint: 18332 ns, Cleanup: 125468 ns, At safepoint: 51895 ns, Total: 195695 ns
[2025-05-20T12:32:31.209+0000][73][info ][safepoint   ] Safepoint "ICBufferFull", Time since last: 299552824 ns, Reaching safepoint: 689241 ns, Cleanup: 172234 ns, At safepoint: 495159 ns, Total: 1356634 ns
[2025-05-20T12:32:31.344+0000][73][info ][gc,start    ] GC(13) Pause Young (Normal) (G1 Evacuation Pause)
[2025-05-20T12:32:31.354+0000][73][info ][gc,task     ] GC(13) Using 10 workers of 10 for evacuation
[2025-05-20T12:32:31.366+0000][73][debug][gc,age      ] GC(13) Desired survivor size 12582912 bytes, new threshold 1 (max threshold 15)
[2025-05-20T12:32:31.549+0000][73][info ][gc,phases   ] GC(13)   Pre Evacuate Collection Set: 0.47ms
[2025-05-20T12:32:31.551+0000][73][info ][gc,phases   ] GC(13)   Merge Heap Roots: 0.60ms
[2025-05-20T12:32:31.552+0000][73][info ][gc,phases   ] GC(13)   Evacuate Collection Set: 175.97ms
[2025-05-20T12:32:31.553+0000][73][info ][gc,phases   ] GC(13)   Post Evacuate Collection Set: 2.55ms
[2025-05-20T12:32:31.553+0000][73][info ][gc,phases   ] GC(13)   Other: 15.13ms
[2025-05-20T12:32:31.554+0000][73][trace][gc,age      ] GC(13) Age table with threshold 1 (max threshold 15)
[2025-05-20T12:32:31.555+0000][73][trace][gc,age      ] GC(13) - age   1:    2215520 bytes,    2215520 total
[2025-05-20T12:32:31.555+0000][73][info ][gc,heap     ] GC(13) Eden regions: 24->0(427)
[2025-05-20T12:32:31.555+0000][73][info ][gc,heap     ] GC(13) Survivor regions: 24->3(6)
[2025-05-20T12:32:31.556+0000][73][info ][gc,heap     ] GC(13) Old regions: 4->26
[2025-05-20T12:32:31.556+0000][73][info ][gc,heap     ] GC(13) Humongous regions: 0->0
[2025-05-20T12:32:31.557+0000][73][info ][gc,metaspace] GC(13) Metaspace: 136767K(140544K)->136767K(140544K) NonClass: 117549K(119552K)->117549K(119552K) Class: 19217K(20992K)->19217K(20992K)
[2025-05-20T12:32:31.557+0000][73][info ][gc          ] GC(13) Pause Young (Normal) (G1 Evacuation Pause) 206M->115M(3880M) 212.546ms
[2025-05-20T12:32:31.557+0000][73][info ][gc,cpu      ] GC(13) User=1.03s Sys=0.33s Real=0.21s
[2025-05-20T12:32:31.558+0000][73][info ][safepoint   ] Safepoint "G1CollectForAllocation", Time since last: 134200592 ns, Reaching safepoint: 751758 ns, Cleanup: 85330 ns, At safepoint: 213535164 ns, Total: 214372252 ns
[2025-05-20T12:32:31.712+0000][73][info ][safepoint   ] Safepoint "ICBufferFull", Time since last: 154138072 ns, Reaching safepoint: 152499 ns, Cleanup: 178314 ns, At safepoint: 94841 ns, Total: 425654 ns
[2025-05-20T12:32:32.965+0000][73][info ][safepoint   ] Safepoint "ICBufferFull", Time since last: 1252441784 ns, Reaching safepoint: 21038 ns, Cleanup: 177561 ns, At safepoint: 22755 ns, Total: 221354 ns
[2025-05-20T12:32:33.245+0000][73][info ][safepoint   ] Safepoint "ICBufferFull", Time since last: 279890478 ns, Reaching safepoint: 15778 ns, Cleanup: 119886 ns, At safepoint: 65627 ns, Total: 201291 ns
[2025-05-20T12:32:34.059+0000][73][info ][safepoint   ] Safepoint "ICBufferFull", Time since last: 813261867 ns, Reaching safepoint: 13340 ns, Cleanup: 148884 ns, At safepoint: 22983 ns, Total: 185207 ns
[2025-05-20T12:32:34.395+0000][73][info ][safepoint   ] Safepoint "ICBufferFull", Time since last: 335158200 ns, Reaching safepoint: 457502 ns, Cleanup: 227809 ns, At safepoint: 147721 ns, Total: 833032 ns
[2025-05-20T12:32:35.457+0000][73][info ][safepoint   ] Safepoint "ICBufferFull", Time since last: 1061542176 ns, Reaching safepoint: 249203 ns, Cleanup: 246483 ns, At safepoint: 115044 ns, Total: 610730 ns
[2025-05-20T12:32:36.188+0000][73][info ][safepoint   ] Safepoint "ICBufferFull", Time since last: 731178890 ns, Reaching safepoint: 25367 ns, Cleanup: 167912 ns, At safepoint: 109957 ns, Total: 303236 ns
[2025-05-20T12:32:36.666+0000][73][info ][safepoint   ] Safepoint "ICBufferFull", Time since last: 475273075 ns, Reaching safepoint: 2127178 ns, Cleanup: 179043 ns, At safepoint: 150410 ns, Total: 2456631 ns
[2025-05-20T12:32:37.378+0000][73][info ][safepoint   ] Safepoint "ICBufferFull", Time since last: 712208706 ns, Reaching safepoint: 20144 ns, Cleanup: 121427 ns, At safepoint: 46372 ns, Total: 187943 ns
[2025-05-20T12:32:38.083+0000][73][info ][safepoint   ] Safepoint "ICBufferFull", Time since last: 704785037 ns, Reaching safepoint: 17096 ns, Cleanup: 140460 ns, At safepoint: 10301 ns, Total: 167857 ns
[2025-05-20T12:32:39.274+0000][73][info ][safepoint   ] Safepoint "Cleanup", Time since last: 1191026197 ns, Reaching safepoint: 21164 ns, Cleanup: 141725 ns, At safepoint: 9129 ns, Total: 172018 ns
[2025-05-20T12:32:40.294+0000][73][info ][safepoint   ] Safepoint "Cleanup", Time since last: 1019598428 ns, Reaching safepoint: 26985 ns, Cleanup: 28710 ns, At safepoint: 10968 ns, Total: 66663 ns
[2025-05-20T12:32:41.295+0000][73][info ][safepoint   ] Safepoint "Cleanup", Time since last: 1000594188 ns, Reaching safepoint: 31339 ns, Cleanup: 17937 ns, At safepoint: 17050 ns, Total: 66326 ns
[2025-05-20T12:32:42.310+0000][73][info ][safepoint   ] Safepoint "Cleanup", Time since last: 1014671369 ns, Reaching safepoint: 15699 ns, Cleanup: 91689 ns, At safepoint: 54351 ns, Total: 161739 ns
[2025-05-20T12:32:43.318+0000][73][info ][safepoint   ] Safepoint "Cleanup", Time since last: 1008613041 ns, Reaching safepoint: 28586 ns, Cleanup: 95570 ns, At safepoint: 15565 ns, Total: 139721 ns
[2025-05-20T12:32:45.055+0000][73][info ][safepoint   ] Safepoint "Cleanup", Time since last: 1736611635 ns, Reaching safepoint: 64844 ns, Cleanup: 61838 ns, At safepoint: 12574 ns, Total: 139256 ns
[2025-05-20T12:32:46.056+0000][73][info ][safepoint   ] Safepoint "Cleanup", Time since last: 1000604854 ns, Reaching safepoint: 17900 ns, Cleanup: 31464 ns, At safepoint: 7987 ns, Total: 57351 ns
[2025-05-20T12:32:47.054+0000][73][info ][safepoint   ] Safepoint "Cleanup", Time since last: 1000607756 ns, Reaching safepoint: 28984 ns, Cleanup: 85285 ns, At safepoint: 17849 ns, Total: 132118 ns
[2025-05-20T12:32:49.000+0000][73][info ][safepoint   ] Safepoint "Cleanup", Time since last: 1946565603 ns, Reaching safepoint: 25428 ns, Cleanup: 67047 ns, At safepoint: 36710 ns, Total: 129185 ns
[2025-05-20T12:32:52.001+0000][73][info ][safepoint   ] Safepoint "Cleanup", Time since last: 3000780696 ns, Reaching safepoint: 25538 ns, Cleanup: 58153 ns, At safepoint: 12100 ns, Total: 95791 ns
[2025-05-20T12:32:53.002+0000][73][info ][safepoint   ] Safepoint "Cleanup", Time since last: 1000552482 ns, Reaching safepoint: 32454 ns, Cleanup: 16340 ns, At safepoint: 11523 ns, Total: 60317 ns
[2025-05-20T12:32:54.002+0000][73][info ][safepoint   ] Safepoint "Cleanup", Time since last: 1000563896 ns, Reaching safepoint: 24030 ns, Cleanup: 15117 ns, At safepoint: 11442 ns, Total: 50589 ns
[2025-05-20T12:32:55.170+0000][73][info ][safepoint   ] Safepoint "Cleanup", Time since last: 1167850186 ns, Reaching safepoint: 20987 ns, Cleanup: 72974 ns, At safepoint: 13390 ns, Total: 107351 ns
[2025-05-20T12:32:57.171+0000][73][info ][safepoint   ] Safepoint "Cleanup", Time since last: 2000767487 ns, Reaching safepoint: 18431 ns, Cleanup: 38149 ns, At safepoint: 8661 ns, Total: 65241 ns
[2025-05-20T12:32:58.172+0000][73][info ][safepoint   ] Safepoint "Cleanup", Time since last: 1000597170 ns, Reaching safepoint: 29565 ns, Cleanup: 35012 ns, At safepoint: 15418 ns, Total: 79995 ns
[2025-05-20T12:32:59.173+0000][73][info ][safepoint   ] Safepoint "Cleanup", Time since last: 1000677260 ns, Reaching safepoint: 206892 ns, Cleanup: 13369 ns, At safepoint: 48962 ns, Total: 269223 ns
[2025-05-20T12:33:00.174+0000][73][info ][safepoint   ] Safepoint "Cleanup", Time since last: 1000881462 ns, Reaching safepoint: 23685 ns, Cleanup: 36548 ns, At safepoint: 10348 ns, Total: 70581 ns
[2025-05-20T12:33:02.176+0000][73][info ][safepoint   ] Safepoint "Cleanup", Time since last: 2002574975 ns, Reaching safepoint: 27518 ns, Cleanup: 31512 ns, At safepoint: 15289 ns, Total: 74319 ns
[2025-05-20T12:33:03.177+0000][73][info ][safepoint   ] Safepoint "Cleanup", Time since last: 1000792720 ns, Reaching safepoint: 106566 ns, Cleanup: 21183 ns, At safepoint: 47378 ns, Total: 175127 ns
[2025-05-20T12:33:06.179+0000][73][info ][safepoint   ] Safepoint "Cleanup", Time since last: 3001496975 ns, Reaching safepoint: 188037 ns, Cleanup: 24293 ns, At safepoint: 140187 ns, Total: 352517 ns
[2025-05-20T12:33:08.101+0000][73][info ][safepoint   ] Safepoint "Cleanup", Time since last: 1921891294 ns, Reaching safepoint: 96027 ns, Cleanup: 72245 ns, At safepoint: 45351 ns, Total: 213623 ns
[2025-05-20T12:33:09.107+0000][73][info ][safepoint   ] Safepoint "Cleanup", Time since last: 1005602581 ns, Reaching safepoint: 14817 ns, Cleanup: 17608 ns, At safepoint: 25075 ns, Total: 57500 ns
[2025-05-20T12:33:10.108+0000][73][info ][safepoint   ] Safepoint "Cleanup", Time since last: 1000532940 ns, Reaching safepoint: 47088 ns, Cleanup: 17650 ns, At safepoint: 12736 ns, Total: 77474 ns
[2025-05-20T12:33:12.099+0000][73][info ][gc,start    ] GC(14) Pause Young (Concurrent Start) (CodeCache GC Threshold)
[2025-05-20T12:33:12.099+0000][73][info ][gc,task     ] GC(14) Using 10 workers of 10 for evacuation
[2025-05-20T12:33:12.099+0000][73][debug][gc,age      ] GC(14) Desired survivor size 113246208 bytes, new threshold 15 (max threshold 15)
[2025-05-20T12:33:12.115+0000][73][info ][gc,phases   ] GC(14)   Pre Evacuate Collection Set: 5.54ms
[2025-05-20T12:33:12.116+0000][73][info ][gc,phases   ] GC(14)   Merge Heap Roots: 0.17ms
[2025-05-20T12:33:12.116+0000][73][info ][gc,phases   ] GC(14)   Evacuate Collection Set: 8.05ms
[2025-05-20T12:33:12.116+0000][73][info ][gc,phases   ] GC(14)   Post Evacuate Collection Set: 1.39ms
[2025-05-20T12:33:12.117+0000][73][info ][gc,phases   ] GC(14)   Other: 1.05ms
[2025-05-20T12:33:12.117+0000][73][trace][gc,age      ] GC(14) Age table with threshold 15 (max threshold 15)
[2025-05-20T12:33:12.117+0000][73][trace][gc,age      ] GC(14) - age   1:    9043008 bytes,    9043008 total
[2025-05-20T12:33:12.118+0000][73][trace][gc,age      ] GC(14) - age   2:     946240 bytes,    9989248 total
[2025-05-20T12:33:12.118+0000][73][info ][gc,heap     ] GC(14) Eden regions: 138->0(579)
[2025-05-20T12:33:12.119+0000][73][info ][gc,heap     ] GC(14) Survivor regions: 3->3(54)
[2025-05-20T12:33:12.119+0000][73][info ][gc,heap     ] GC(14) Old regions: 26->26
[2025-05-20T12:33:12.120+0000][73][info ][gc,heap     ] GC(14) Humongous regions: 0->0
[2025-05-20T12:33:12.120+0000][73][info ][gc,metaspace] GC(14) Metaspace: 141572K(145536K)->141572K(145536K) NonClass: 121918K(124032K)->121918K(124032K) Class: 19654K(21504K)->19654K(21504K)
[2025-05-20T12:33:12.121+0000][73][info ][gc          ] GC(14) Pause Young (Concurrent Start) (CodeCache GC Threshold) 664M->115M(3880M) 22.238ms
[2025-05-20T12:33:12.121+0000][73][info ][gc,cpu      ] GC(14) User=0.09s Sys=0.00s Real=0.03s
[2025-05-20T12:33:12.122+0000][73][info ][safepoint   ] Safepoint "G1TryInitiateConcMark", Time since last: 1990817523 ns, Reaching safepoint: 29382 ns, Cleanup: 19002 ns, At safepoint: 23435432 ns, Total: 23483816 ns
[2025-05-20T12:33:12.122+0000][73][info ][gc          ] GC(15) Concurrent Mark Cycle
[2025-05-20T12:33:12.123+0000][73][info ][gc,marking  ] GC(15) Concurrent Scan Root Regions
[2025-05-20T12:33:12.128+0000][73][info ][gc,marking  ] GC(15) Concurrent Scan Root Regions 4.936ms
[2025-05-20T12:33:12.128+0000][73][info ][gc,marking  ] GC(15) Concurrent Mark
[2025-05-20T12:33:12.128+0000][73][info ][gc,marking  ] GC(15) Concurrent Mark From Roots
[2025-05-20T12:33:12.130+0000][73][info ][gc,task     ] GC(15) Using 3 workers of 3 for marking
[2025-05-20T12:33:12.185+0000][73][info ][gc,marking  ] GC(15) Concurrent Mark From Roots 56.339ms
[2025-05-20T12:33:12.185+0000][73][info ][gc,marking  ] GC(15) Concurrent Preclean
[2025-05-20T12:33:12.188+0000][73][info ][gc,marking  ] GC(15) Concurrent Preclean 2.596ms
[2025-05-20T12:33:12.189+0000][73][info ][gc,start    ] GC(15) Pause Remark
[2025-05-20T12:33:12.268+0000][73][info ][gc          ] GC(15) Pause Remark 130M->130M(3880M) 78.826ms
[2025-05-20T12:33:12.269+0000][73][info ][gc,cpu      ] GC(15) User=0.66s Sys=0.00s Real=0.08s
[2025-05-20T12:33:12.270+0000][73][info ][safepoint   ] Safepoint "G1PauseRemark", Time since last: 67375803 ns, Reaching safepoint: 29971 ns, Cleanup: 22518 ns, At safepoint: 80483076 ns, Total: 80535565 ns
[2025-05-20T12:33:12.270+0000][73][info ][gc,marking  ] GC(15) Concurrent Mark 142.265ms
[2025-05-20T12:33:12.271+0000][73][info ][gc,marking  ] GC(15) Concurrent Rebuild Remembered Sets and Scrub Regions
[2025-05-20T12:33:12.288+0000][73][info ][gc,marking  ] GC(15) Concurrent Rebuild Remembered Sets and Scrub Regions 17.158ms
[2025-05-20T12:33:12.288+0000][73][info ][gc,start    ] GC(15) Pause Cleanup
[2025-05-20T12:33:12.290+0000][73][info ][gc          ] GC(15) Pause Cleanup 131M->131M(3880M) 1.169ms
[2025-05-20T12:33:12.291+0000][73][info ][gc,cpu      ] GC(15) User=0.01s Sys=0.00s Real=0.00s
[2025-05-20T12:33:12.291+0000][73][info ][safepoint   ] Safepoint "G1PauseCleanup", Time since last: 18591105 ns, Reaching safepoint: 125812 ns, Cleanup: 26916 ns, At safepoint: 2711221 ns, Total: 2863949 ns
[2025-05-20T12:33:12.291+0000][73][info ][gc,marking  ] GC(15) Concurrent Clear Claimed Marks
[2025-05-20T12:33:12.293+0000][73][info ][gc,marking  ] GC(15) Concurrent Clear Claimed Marks 1.344ms
[2025-05-20T12:33:12.293+0000][73][info ][gc,marking  ] GC(15) Concurrent Cleanup for Next Mark
[2025-05-20T12:33:12.377+0000][73][info ][gc,marking  ] GC(15) Concurrent Cleanup for Next Mark 83.970ms
[2025-05-20T12:33:12.378+0000][73][info ][gc          ] GC(15) Concurrent Mark Cycle 255.922ms
[2025-05-20T12:33:13.292+0000][73][info ][safepoint   ] Safepoint "Cleanup", Time since last: 1000465551 ns, Reaching safepoint: 33766 ns, Cleanup: 16121 ns, At safepoint: 17990 ns, Total: 67877 ns
[2025-05-20T12:33:14.293+0000][73][info ][safepoint   ] Safepoint "Cleanup", Time since last: 1000697724 ns, Reaching safepoint: 63017 ns, Cleanup: 19790 ns, At safepoint: 17484 ns, Total: 100291 ns
[2025-05-20T12:33:15.294+0000][73][info ][safepoint   ] Safepoint "Cleanup", Time since last: 1001040165 ns, Reaching safepoint: 68456 ns, Cleanup: 37635 ns, At safepoint: 31693 ns, Total: 137784 ns
[2025-05-20T12:33:17.290+0000][73][info ][safepoint   ] Safepoint "Cleanup", Time since last: 2000856988 ns, Reaching safepoint: 16973 ns, Cleanup: 15535 ns, At safepoint: 7833 ns, Total: 40341 ns
[2025-05-20T12:33:18.291+0000][73][info ][safepoint   ] Safepoint "Cleanup", Time since last: 1000617560 ns, Reaching safepoint: 25035 ns, Cleanup: 35562 ns, At safepoint: 12124 ns, Total: 72721 ns
[2025-05-20T12:33:19.293+0000][73][info ][safepoint   ] Safepoint "Cleanup", Time since last: 1001769278 ns, Reaching safepoint: 23695 ns, Cleanup: 16179 ns, At safepoint: 9761 ns, Total: 49635 ns
[2025-05-20T12:33:20.414+0000][73][info ][safepoint   ] Safepoint "Cleanup", Time since last: 1121029430 ns, Reaching safepoint: 23472 ns, Cleanup: 69823 ns, At safepoint: 13165 ns, Total: 106460 ns
[2025-05-20T12:33:21.415+0000][73][info ][safepoint   ] Safepoint "Cleanup", Time since last: 1000563650 ns, Reaching safepoint: 26889 ns, Cleanup: 21966 ns, At safepoint: 11099 ns, Total: 59954 ns
[2025-05-20T12:33:22.415+0000][73][info ][safepoint   ] Safepoint "Cleanup", Time since last: 1000628773 ns, Reaching safepoint: 25106 ns, Cleanup: 32419 ns, At safepoint: 11177 ns, Total: 68702 ns
[2025-05-20T12:33:24.416+0000][73][info ][safepoint   ] Safepoint "Cleanup", Time since last: 2000944311 ns, Reaching safepoint: 23408 ns, Cleanup: 37173 ns, At safepoint: 11209 ns, Total: 71790 ns
[2025-05-20T12:33:27.418+0000][73][info ][safepoint   ] Safepoint "Cleanup", Time since last: 3000961700 ns, Reaching safepoint: 28664 ns, Cleanup: 135939 ns, At safepoint: 133037 ns, Total: 297640 ns
[2025-05-20T12:33:28.419+0000][73][info ][safepoint   ] Safepoint "Cleanup", Time since last: 1000829415 ns, Reaching safepoint: 16796 ns, Cleanup: 28880 ns, At safepoint: 8878 ns, Total: 54554 ns
[2025-05-20T12:33:29.419+0000][73][info ][safepoint   ] Safepoint "Cleanup", Time since last: 1000616861 ns, Reaching safepoint: 25613 ns, Cleanup: 40561 ns, At safepoint: 13005 ns, Total: 79179 ns
[2025-05-20T12:33:30.420+0000][73][info ][safepoint   ] Safepoint "Cleanup", Time since last: 1000983562 ns, Reaching safepoint: 25297 ns, Cleanup: 23471 ns, At safepoint: 11028 ns, Total: 59796 ns
[2025-05-20T12:33:31.421+0000][73][info ][safepoint   ] Safepoint "Cleanup", Time since last: 1000964675 ns, Reaching safepoint: 65169 ns, Cleanup: 16020 ns, At safepoint: 12750 ns, Total: 93939 ns
[2025-05-20T12:33:32.423+0000][73][info ][safepoint   ] Safepoint "Cleanup", Time since last: 1001683355 ns, Reaching safepoint: 30273 ns, Cleanup: 31425 ns, At safepoint: 15832 ns, Total: 77530 ns
[2025-05-20T12:33:33.445+0000][73][info ][safepoint   ] Safepoint "Cleanup", Time since last: 1021975666 ns, Reaching safepoint: 21608 ns, Cleanup: 57815 ns, At safepoint: 18138 ns, Total: 97561 ns
[2025-05-20T12:33:35.411+0000][73][info ][safepoint   ] Safepoint "Cleanup", Time since last: 1965804229 ns, Reaching safepoint: 10414 ns, Cleanup: 79026 ns, At safepoint: 22154 ns, Total: 111594 ns
[2025-05-20T12:33:36.413+0000][73][info ][safepoint   ] Safepoint "Cleanup", Time since last: 1001716348 ns, Reaching safepoint: 23794 ns, Cleanup: 33032 ns, At safepoint: 10775 ns, Total: 67601 ns
[2025-05-20T12:33:37.414+0000][73][info ][safepoint   ] Safepoint "Cleanup", Time since last: 1000822529 ns, Reaching safepoint: 90327 ns, Cleanup: 49111 ns, At safepoint: 80163 ns, Total: 219601 ns
[2025-05-20T12:33:38.415+0000][73][info ][safepoint   ] Safepoint "Cleanup", Time since last: 1000673934 ns, Reaching safepoint: 31611 ns, Cleanup: 16652 ns, At safepoint: 14504 ns, Total: 62767 ns
[2025-05-20T12:33:39.415+0000][73][info ][safepoint   ] Safepoint "Cleanup", Time since last: 1000545477 ns, Reaching safepoint: 22917 ns, Cleanup: 17095 ns, At safepoint: 10013 ns, Total: 50025 ns
[2025-05-20T12:33:42.416+0000][73][info ][safepoint   ] Safepoint "Cleanup", Time since last: 3000957764 ns, Reaching safepoint: 30562 ns, Cleanup: 20096 ns, At safepoint: 15666 ns, Total: 66324 ns
[2025-05-20T12:33:43.417+0000][73][info ][safepoint   ] Safepoint "Cleanup", Time since last: 1000669700 ns, Reaching safepoint: 16274 ns, Cleanup: 10596 ns, At safepoint: 7118 ns, Total: 33988 ns
[2025-05-20T12:33:44.423+0000][73][info ][safepoint   ] Safepoint "Cleanup", Time since last: 1005548177 ns, Reaching safepoint: 16894 ns, Cleanup: 20051 ns, At safepoint: 7970 ns, Total: 44915 ns
[2025-05-20T12:33:45.423+0000][73][info ][safepoint   ] Safepoint "Cleanup", Time since last: 1000777930 ns, Reaching safepoint: 31429 ns, Cleanup: 16356 ns, At safepoint: 15940 ns, Total: 63725 ns
[2025-05-20T12:33:47.421+0000][73][info ][safepoint   ] Safepoint "Cleanup", Time since last: 2000690874 ns, Reaching safepoint: 20461 ns, Cleanup: 14445 ns, At safepoint: 8938 ns, Total: 43844 ns
[2025-05-20T12:33:48.422+0000][73][info ][safepoint   ] Safepoint "Cleanup", Time since last: 1000835036 ns, Reaching safepoint: 30899 ns, Cleanup: 31886 ns, At safepoint: 16931 ns, Total: 79716 ns
[2025-05-20T12:33:49.422+0000][73][info ][safepoint   ] Safepoint "Cleanup", Time since last: 1000584215 ns, Reaching safepoint: 24645 ns, Cleanup: 15980 ns, At safepoint: 10995 ns, Total: 51620 ns
[2025-05-20T12:33:51.423+0000][73][info ][safepoint   ] Safepoint "Cleanup", Time since last: 2000738036 ns, Reaching safepoint: 24785 ns, Cleanup: 16098 ns, At safepoint: 10856 ns, Total: 51739 ns
[2025-05-20T12:33:52.424+0000][73][info ][safepoint   ] Safepoint "Cleanup", Time since last: 1000633365 ns, Reaching safepoint: 28413 ns, Cleanup: 34578 ns, At safepoint: 10942 ns, Total: 73933 ns
[2025-05-20T12:33:54.374+0000][73][info ][safepoint   ] Safepoint "Cleanup", Time since last: 1950587414 ns, Reaching safepoint: 9902 ns, Cleanup: 17543 ns, At safepoint: 16766 ns, Total: 44211 ns
[2025-05-20T12:33:57.376+0000][73][info ][safepoint   ] Safepoint "Cleanup", Time since last: 3000906388 ns, Reaching safepoint: 157435 ns, Cleanup: 39130 ns, At safepoint: 205821 ns, Total: 402386 ns
[2025-05-20T12:33:59.376+0000][73][info ][safepoint   ] Safepoint "Cleanup", Time since last: 2000753011 ns, Reaching safepoint: 27850 ns, Cleanup: 16550 ns, At safepoint: 12685 ns, Total: 57085 ns
[2025-05-20T12:34:00.377+0000][73][info ][safepoint   ] Safepoint "Cleanup", Time since last: 1000619944 ns, Reaching safepoint: 25579 ns, Cleanup: 15613 ns, At safepoint: 11506 ns, Total: 52698 ns
[2025-05-20T12:34:02.378+0000][73][info ][safepoint   ] Safepoint "Cleanup", Time since last: 2000744578 ns, Reaching safepoint: 64576 ns, Cleanup: 20174 ns, At safepoint: 13066 ns, Total: 97816 ns
[2025-05-20T12:34:03.379+0000][73][info ][safepoint   ] Safepoint "Cleanup", Time since last: 1000664265 ns, Reaching safepoint: 28162 ns, Cleanup: 19671 ns, At safepoint: 9205 ns, Total: 57038 ns
[2025-05-20T12:34:04.379+0000][73][info ][safepoint   ] Safepoint "Cleanup", Time since last: 1000570001 ns, Reaching safepoint: 25086 ns, Cleanup: 15002 ns, At safepoint: 11713 ns, Total: 51801 ns
[2025-05-20T12:34:06.380+0000][73][info ][safepoint   ] Safepoint "Cleanup", Time since last: 2000729864 ns, Reaching safepoint: 31570 ns, Cleanup: 28593 ns, At safepoint: 16840 ns, Total: 77003 ns
[2025-05-20T12:34:07.381+0000][73][info ][safepoint   ] Safepoint "Cleanup", Time since last: 1000558183 ns, Reaching safepoint: 18416 ns, Cleanup: 59895 ns, At safepoint: 9790 ns, Total: 88101 ns
[2025-05-20T12:34:08.383+0000][73][info ][safepoint   ] Safepoint "Cleanup", Time since last: 1001833299 ns, Reaching safepoint: 31268 ns, Cleanup: 20164 ns, At safepoint: 15504 ns, Total: 66936 ns
[2025-05-20T12:34:09.383+0000][73][info ][safepoint   ] Safepoint "Cleanup", Time since last: 1000581653 ns, Reaching safepoint: 26284 ns, Cleanup: 12816 ns, At safepoint: 9952 ns, Total: 49052 ns
[2025-05-20T12:34:12.384+0000][73][info ][safepoint   ] Safepoint "Cleanup", Time since last: 3000796239 ns, Reaching safepoint: 128579 ns, Cleanup: 34890 ns, At safepoint: 30326 ns, Total: 193795 ns
[2025-05-20T12:34:14.385+0000][73][info ][safepoint   ] Safepoint "Cleanup", Time since last: 2000671243 ns, Reaching safepoint: 27062 ns, Cleanup: 19583 ns, At safepoint: 10802 ns, Total: 57447 ns
[2025-05-20T12:34:15.386+0000][73][info ][safepoint   ] Safepoint "Cleanup", Time since last: 1000484517 ns, Reaching safepoint: 24584 ns, Cleanup: 15993 ns, At safepoint: 10138 ns, Total: 50715 ns
[2025-05-20T12:34:17.384+0000][73][info ][safepoint   ] Safepoint "Cleanup", Time since last: 2001200940 ns, Reaching safepoint: 59952 ns, Cleanup: 27836 ns, At safepoint: 11544 ns, Total: 99332 ns
[2025-05-20T12:34:18.387+0000][73][info ][safepoint   ] Safepoint "Cleanup", Time since last: 1003065630 ns, Reaching safepoint: 26258 ns, Cleanup: 19091 ns, At safepoint: 11401 ns, Total: 56750 ns
[2025-05-20T12:34:19.387+0000][73][info ][safepoint   ] Safepoint "Cleanup", Time since last: 1000661617 ns, Reaching safepoint: 17866 ns, Cleanup: 11822 ns, At safepoint: 8180 ns, Total: 37868 ns
[2025-05-20T12:34:21.388+0000][73][info ][safepoint   ] Safepoint "Cleanup", Time since last: 2000698017 ns, Reaching safepoint: 34622 ns, Cleanup: 19089 ns, At safepoint: 16926 ns, Total: 70637 ns
[2025-05-20T12:34:22.389+0000][73][info ][safepoint   ] Safepoint "Cleanup", Time since last: 1000620982 ns, Reaching safepoint: 29797 ns, Cleanup: 20031 ns, At safepoint: 16448 ns, Total: 66276 ns
[2025-05-20T12:34:24.390+0000][73][info ][safepoint   ] Safepoint "Cleanup", Time since last: 2000732437 ns, Reaching safepoint: 24605 ns, Cleanup: 18171 ns, At safepoint: 12664 ns, Total: 55440 ns
[2025-05-20T12:34:27.391+0000][73][info ][safepoint   ] Safepoint "Cleanup", Time since last: 3000854433 ns, Reaching safepoint: 34619 ns, Cleanup: 43056 ns, At safepoint: 16540 ns, Total: 94215 ns
[2025-05-20T12:34:28.391+0000][73][info ][safepoint   ] Safepoint "Cleanup", Time since last: 1000540412 ns, Reaching safepoint: 17384 ns, Cleanup: 14312 ns, At safepoint: 22787 ns, Total: 54483 ns
[2025-05-20T12:34:30.392+0000][73][info ][safepoint   ] Safepoint "Cleanup", Time since last: 2000622104 ns, Reaching safepoint: 26538 ns, Cleanup: 14245 ns, At safepoint: 11325 ns, Total: 52108 ns
[2025-05-20T12:34:35.394+0000][73][info ][safepoint   ] Safepoint "Cleanup", Time since last: 5001670938 ns, Reaching safepoint: 27795 ns, Cleanup: 67591 ns, At safepoint: 16253 ns, Total: 111639 ns
[2025-05-20T12:34:36.394+0000][73][info ][safepoint   ] Safepoint "Cleanup", Time since last: 1000584416 ns, Reaching safepoint: 30259 ns, Cleanup: 56287 ns, At safepoint: 17576 ns, Total: 104122 ns
[2025-05-20T12:34:37.440+0000][73][info ][safepoint   ] Safepoint "Cleanup", Time since last: 1045601336 ns, Reaching safepoint: 36176 ns, Cleanup: 87692 ns, At safepoint: 21659 ns, Total: 145527 ns
[2025-05-20T12:34:38.454+0000][73][info ][safepoint   ] Safepoint "Cleanup", Time since last: 1014011773 ns, Reaching safepoint: 26600 ns, Cleanup: 21364 ns, At safepoint: 11082 ns, Total: 59046 ns
[2025-05-20T12:34:39.455+0000][73][info ][safepoint   ] Safepoint "Cleanup", Time since last: 1000921455 ns, Reaching safepoint: 34371 ns, Cleanup: 34413 ns, At safepoint: 19511 ns, Total: 88295 ns
[2025-05-20T12:34:41.456+0000][73][info ][safepoint   ] Safepoint "Cleanup", Time since last: 2000835031 ns, Reaching safepoint: 29753 ns, Cleanup: 20033 ns, At safepoint: 12405 ns, Total: 62191 ns
[2025-05-20T12:34:42.457+0000][73][info ][safepoint   ] Safepoint "Cleanup", Time since last: 1000686435 ns, Reaching safepoint: 88540 ns, Cleanup: 29226 ns, At safepoint: 12052 ns, Total: 129818 ns
[2025-05-20T12:34:43.458+0000][73][info ][safepoint   ] Safepoint "Cleanup", Time since last: 1000958870 ns, Reaching safepoint: 88552 ns, Cleanup: 16687 ns, At safepoint: 10206 ns, Total: 115445 ns
[2025-05-20T12:34:45.459+0000][73][info ][safepoint   ] Safepoint "Cleanup", Time since last: 2000946951 ns, Reaching safepoint: 129571 ns, Cleanup: 39660 ns, At safepoint: 12332 ns, Total: 181563 ns
[2025-05-20T12:34:47.650+0000][73][info ][safepoint   ] Safepoint "Cleanup", Time since last: 2001373730 ns, Reaching safepoint: 189574478 ns, Cleanup: 13756 ns, At safepoint: 53265 ns, Total: 189641499 ns
[2025-05-20T12:34:48.647+0000][73][info ][safepoint   ] Safepoint "Cleanup", Time since last: 1000727673 ns, Reaching safepoint: 18406 ns, Cleanup: 13658 ns, At safepoint: 8476 ns, Total: 40540 ns
[2025-05-20T12:34:50.649+0000][73][info ][safepoint   ] Safepoint "Cleanup", Time since last: 2002030719 ns, Reaching safepoint: 25984 ns, Cleanup: 14480 ns, At safepoint: 10325 ns, Total: 50789 ns
[2025-05-20T12:34:51.650+0000][73][info ][safepoint   ] Safepoint "Cleanup", Time since last: 1000921883 ns, Reaching safepoint: 27933 ns, Cleanup: 29756 ns, At safepoint: 11697 ns, Total: 69386 ns
[2025-05-20T12:34:52.652+0000][73][info ][safepoint   ] Safepoint "Cleanup", Time since last: 1002054037 ns, Reaching safepoint: 26724 ns, Cleanup: 60650 ns, At safepoint: 16356 ns, Total: 103730 ns
[2025-05-20T12:34:54.404+0000][73][info ][safepoint   ] Safepoint "Cleanup", Time since last: 1752273250 ns, Reaching safepoint: 10558 ns, Cleanup: 21805 ns, At safepoint: 5291 ns, Total: 37654 ns
[2025-05-20T12:34:56.405+0000][73][info ][safepoint   ] Safepoint "Cleanup", Time since last: 2000798441 ns, Reaching safepoint: 20803 ns, Cleanup: 16748 ns, At safepoint: 8896 ns, Total: 46447 ns
[2025-05-20T12:34:57.407+0000][73][info ][safepoint   ] Safepoint "Cleanup", Time since last: 1001530585 ns, Reaching safepoint: 18592 ns, Cleanup: 17080 ns, At safepoint: 7413 ns, Total: 43085 ns
[2025-05-20T12:34:59.408+0000][73][info ][safepoint   ] Safepoint "Cleanup", Time since last: 2000659254 ns, Reaching safepoint: 30990 ns, Cleanup: 20538 ns, At safepoint: 9883 ns, Total: 61411 ns
[2025-05-20T12:35:00.408+0000][73][info ][safepoint   ] Safepoint "Cleanup", Time since last: 1000565895 ns, Reaching safepoint: 28457 ns, Cleanup: 15710 ns, At safepoint: 9980 ns, Total: 54147 ns
[2025-05-20T12:35:01.409+0000][73][info ][safepoint   ] Safepoint "Cleanup", Time since last: 1000616548 ns, Reaching safepoint: 26540 ns, Cleanup: 16288 ns, At safepoint: 12045 ns, Total: 54873 ns
[2025-05-20T12:35:04.410+0000][73][info ][safepoint   ] Safepoint "Cleanup", Time since last: 3000998354 ns, Reaching safepoint: 73130 ns, Cleanup: 16808 ns, At safepoint: 17496 ns, Total: 107434 ns
[2025-05-20T12:35:09.411+0000][73][info ][safepoint   ] Safepoint "Cleanup", Time since last: 5001056710 ns, Reaching safepoint: 18216 ns, Cleanup: 13895 ns, At safepoint: 8588 ns, Total: 40699 ns
[2025-05-20T12:35:12.412+0000][73][info ][safepoint   ] Safepoint "Cleanup", Time since last: 3000910563 ns, Reaching safepoint: 26336 ns, Cleanup: 18989 ns, At safepoint: 11521 ns, Total: 56846 ns
[2025-05-20T12:35:15.415+0000][73][info ][safepoint   ] Safepoint "Cleanup", Time since last: 3003172114 ns, Reaching safepoint: 24943 ns, Cleanup: 17439 ns, At safepoint: 8935 ns, Total: 51317 ns
[2025-05-20T12:35:17.416+0000][73][info ][safepoint   ] Safepoint "Cleanup", Time since last: 2000834608 ns, Reaching safepoint: 25652 ns, Cleanup: 14825 ns, At safepoint: 11926 ns, Total: 52403 ns
[2025-05-20T12:35:18.417+0000][73][info ][safepoint   ] Safepoint "Cleanup", Time since last: 1000979116 ns, Reaching safepoint: 61560 ns, Cleanup: 24890 ns, At safepoint: 12672 ns, Total: 99122 ns
[2025-05-20T12:35:22.415+0000][73][info ][safepoint   ] Safepoint "Cleanup", Time since last: 4000994145 ns, Reaching safepoint: 20041 ns, Cleanup: 22870 ns, At safepoint: 8424 ns, Total: 51335 ns
[2025-05-20T12:35:24.416+0000][73][info ][safepoint   ] Safepoint "Cleanup", Time since last: 2000723601 ns, Reaching safepoint: 18691 ns, Cleanup: 15626 ns, At safepoint: 9437 ns, Total: 43754 ns
[2025-05-20T12:35:27.417+0000][73][info ][safepoint   ] Safepoint "Cleanup", Time since last: 3000958535 ns, Reaching safepoint: 44204 ns, Cleanup: 38524 ns, At safepoint: 9247 ns, Total: 91975 ns
[2025-05-20T12:35:29.419+0000][73][info ][safepoint   ] Safepoint "Cleanup", Time since last: 2001878845 ns, Reaching safepoint: 19319 ns, Cleanup: 14465 ns, At safepoint: 8386 ns, Total: 42170 ns
[2025-05-20T12:35:30.420+0000][73][info ][safepoint   ] Safepoint "Cleanup", Time since last: 1000731806 ns, Reaching safepoint: 16884 ns, Cleanup: 19237 ns, At safepoint: 7404 ns, Total: 43525 ns
[2025-05-20T12:35:32.421+0000][73][info ][safepoint   ] Safepoint "Cleanup", Time since last: 2000712543 ns, Reaching safepoint: 20535 ns, Cleanup: 21822 ns, At safepoint: 9892 ns, Total: 52249 ns
[2025-05-20T12:35:33.421+0000][73][info ][safepoint   ] Safepoint "Cleanup", Time since last: 1000584645 ns, Reaching safepoint: 20920 ns, Cleanup: 19918 ns, At safepoint: 8755 ns, Total: 49593 ns
[2025-05-20T12:35:36.422+0000][73][info ][safepoint   ] Safepoint "Cleanup", Time since last: 3000949826 ns, Reaching safepoint: 19062 ns, Cleanup: 23855 ns, At safepoint: 19949 ns, Total: 62866 ns
[2025-05-20T12:35:37.423+0000][73][info ][safepoint   ] Safepoint "Cleanup", Time since last: 1000576257 ns, Reaching safepoint: 21739 ns, Cleanup: 24396 ns, At safepoint: 8916 ns, Total: 55051 ns
[2025-05-20T12:35:39.151+0000][73][info ][safepoint   ] Safepoint "Cleanup", Time since last: 1728199373 ns, Reaching safepoint: 88857 ns, Cleanup: 23212 ns, At safepoint: 94508 ns, Total: 206577 ns
[2025-05-20T12:35:40.689+0000][73][info ][safepoint   ] Safepoint "Cleanup", Time since last: 1537638457 ns, Reaching safepoint: 24525 ns, Cleanup: 33222 ns, At safepoint: 9979 ns, Total: 67726 ns
[2025-05-20T12:35:41.690+0000][73][info ][safepoint   ] Safepoint "Cleanup", Time since last: 1001300551 ns, Reaching safepoint: 21842 ns, Cleanup: 22590 ns, At safepoint: 9081 ns, Total: 53513 ns
[2025-05-20T12:35:42.691+0000][73][info ][safepoint   ] Safepoint "Cleanup", Time since last: 1000763691 ns, Reaching safepoint: 30309 ns, Cleanup: 21705 ns, At safepoint: 15326 ns, Total: 67340 ns
[2025-05-20T12:35:43.692+0000][73][info ][safepoint   ] Safepoint "Cleanup", Time since last: 1000709335 ns, Reaching safepoint: 30103 ns, Cleanup: 20735 ns, At safepoint: 14101 ns, Total: 64939 ns
[2025-05-20T12:35:45.693+0000][73][info ][safepoint   ] Safepoint "Cleanup", Time since last: 2000845998 ns, Reaching safepoint: 30017 ns, Cleanup: 20198 ns, At safepoint: 15829 ns, Total: 66044 ns
[2025-05-20T12:35:46.695+0000][73][info ][safepoint   ] Safepoint "Cleanup", Time since last: 1001444167 ns, Reaching safepoint: 191537 ns, Cleanup: 15563 ns, At safepoint: 105423 ns, Total: 312523 ns
[2025-05-20T12:35:47.696+0000][73][info ][safepoint   ] Safepoint "Cleanup", Time since last: 1000757852 ns, Reaching safepoint: 19332 ns, Cleanup: 12987 ns, At safepoint: 9511 ns, Total: 41830 ns
[2025-05-20T12:35:48.692+0000][73][info ][safepoint   ] Safepoint "Cleanup", Time since last: 1000666964 ns, Reaching safepoint: 24009 ns, Cleanup: 14137 ns, At safepoint: 10252 ns, Total: 48398 ns
[2025-05-20T12:35:49.693+0000][73][info ][safepoint   ] Safepoint "Cleanup", Time since last: 1000754885 ns, Reaching safepoint: 45173 ns, Cleanup: 15093 ns, At safepoint: 9128 ns, Total: 69394 ns
[2025-05-20T12:35:51.694+0000][73][info ][safepoint   ] Safepoint "Cleanup", Time since last: 2000801385 ns, Reaching safepoint: 31318 ns, Cleanup: 23063 ns, At safepoint: 11634 ns, Total: 66015 ns
[2025-05-20T12:35:52.695+0000][73][info ][safepoint   ] Safepoint "Cleanup", Time since last: 1000842234 ns, Reaching safepoint: 34115 ns, Cleanup: 20350 ns, At safepoint: 16574 ns, Total: 71039 ns
[2025-05-20T12:35:57.432+0000][73][info ][safepoint   ] Safepoint "Cleanup", Time since last: 4737722400 ns, Reaching safepoint: 32991 ns, Cleanup: 20301 ns, At safepoint: 14367 ns, Total: 67659 ns
[2025-05-20T12:35:59.433+0000][73][info ][safepoint   ] Safepoint "Cleanup", Time since last: 2000799084 ns, Reaching safepoint: 19206 ns, Cleanup: 12262 ns, At safepoint: 8403 ns, Total: 39871 ns
[2025-05-20T12:36:00.434+0000][73][info ][safepoint   ] Safepoint "Cleanup", Time since last: 1000505082 ns, Reaching safepoint: 27314 ns, Cleanup: 15592 ns, At safepoint: 11300 ns, Total: 54206 ns
[2025-05-20T12:36:02.435+0000][73][info ][safepoint   ] Safepoint "Cleanup", Time since last: 2000707297 ns, Reaching safepoint: 23564 ns, Cleanup: 58823 ns, At safepoint: 14985 ns, Total: 97372 ns
[2025-05-20T12:36:06.436+0000][73][info ][safepoint   ] Safepoint "Cleanup", Time since last: 4001040708 ns, Reaching safepoint: 24819 ns, Cleanup: 22529 ns, At safepoint: 11909 ns, Total: 59257 ns
[2025-05-20T12:36:07.436+0000][73][info ][safepoint   ] Safepoint "Cleanup", Time since last: 1000753280 ns, Reaching safepoint: 33943 ns, Cleanup: 19632 ns, At safepoint: 18097 ns, Total: 71672 ns
[2025-05-20T12:36:09.438+0000][73][info ][safepoint   ] Safepoint "Cleanup", Time since last: 2001079437 ns, Reaching safepoint: 23550 ns, Cleanup: 15852 ns, At safepoint: 11416 ns, Total: 50818 ns
[2025-05-20T12:36:12.447+0000][73][info ][safepoint   ] Safepoint "Cleanup", Time since last: 3009115152 ns, Reaching safepoint: 30293 ns, Cleanup: 16321 ns, At safepoint: 16100 ns, Total: 62714 ns
[2025-05-20T12:36:15.448+0000][73][info ][safepoint   ] Safepoint "Cleanup", Time since last: 3001385967 ns, Reaching safepoint: 29713 ns, Cleanup: 17629 ns, At safepoint: 15445 ns, Total: 62787 ns
[2025-05-20T12:36:21.447+0000][73][info ][safepoint   ] Safepoint "Cleanup", Time since last: 6001423542 ns, Reaching safepoint: 74178 ns, Cleanup: 16256 ns, At safepoint: 16812 ns, Total: 107246 ns
[2025-05-20T12:36:22.452+0000][73][info ][safepoint   ] Safepoint "Cleanup", Time since last: 1004901126 ns, Reaching safepoint: 25842 ns, Cleanup: 15393 ns, At safepoint: 12089 ns, Total: 53324 ns
[2025-05-20T12:36:26.456+0000][73][info ][safepoint   ] Safepoint "Cleanup", Time since last: 4003634346 ns, Reaching safepoint: 17879 ns, Cleanup: 47892 ns, At safepoint: 8579 ns, Total: 74350 ns
[2025-05-20T12:36:27.456+0000][73][info ][safepoint   ] Safepoint "Cleanup", Time since last: 1000559060 ns, Reaching safepoint: 24784 ns, Cleanup: 37967 ns, At safepoint: 12181 ns, Total: 74932 ns
[2025-05-20T12:36:30.457+0000][73][info ][safepoint   ] Safepoint "Cleanup", Time since last: 3000890207 ns, Reaching safepoint: 91116 ns, Cleanup: 23779 ns, At safepoint: 18141 ns, Total: 133036 ns
[2025-05-20T12:36:31.459+0000][73][info ][safepoint   ] Safepoint "Cleanup", Time since last: 1001989853 ns, Reaching safepoint: 24590 ns, Cleanup: 15332 ns, At safepoint: 11108 ns, Total: 51030 ns
[2025-05-20T12:36:32.460+0000][73][info ][safepoint   ] Safepoint "Cleanup", Time since last: 1000746036 ns, Reaching safepoint: 29486 ns, Cleanup: 14982 ns, At safepoint: 15087 ns, Total: 59555 ns
[2025-05-20T12:36:33.461+0000][73][info ][safepoint   ] Safepoint "Cleanup", Time since last: 1000831367 ns, Reaching safepoint: 34820 ns, Cleanup: 22007 ns, At safepoint: 17428 ns, Total: 74255 ns
[2025-05-20T12:36:36.463+0000][73][info ][safepoint   ] Safepoint "Cleanup", Time since last: 3001614669 ns, Reaching safepoint: 18738 ns, Cleanup: 17188 ns, At safepoint: 8598 ns, Total: 44524 ns
[2025-05-20T12:36:37.464+0000][73][info ][safepoint   ] Safepoint "Cleanup", Time since last: 1000839094 ns, Reaching safepoint: 29880 ns, Cleanup: 18332 ns, At safepoint: 14641 ns, Total: 62853 ns
[2025-05-20T12:36:39.465+0000][73][info ][safepoint   ] Safepoint "Cleanup", Time since last: 2001072020 ns, Reaching safepoint: 29259 ns, Cleanup: 22877 ns, At safepoint: 12901 ns, Total: 65037 ns
[2025-05-20T12:36:42.125+0000][73][info ][safepoint   ] Safepoint "Cleanup", Time since last: 2660486622 ns, Reaching safepoint: 5918 ns, Cleanup: 27249 ns, At safepoint: 14359 ns, Total: 47526 ns
[2025-05-20T12:36:43.735+0000][73][info ][safepoint   ] Safepoint "Cleanup", Time since last: 1609423181 ns, Reaching safepoint: 17525 ns, Cleanup: 31404 ns, At safepoint: 9204 ns, Total: 58133 ns
[2025-05-20T12:36:44.736+0000][73][info ][safepoint   ] Safepoint "Cleanup", Time since last: 1000708872 ns, Reaching safepoint: 16239 ns, Cleanup: 12876 ns, At safepoint: 7612 ns, Total: 36727 ns
[2025-05-20T12:36:45.736+0000][73][info ][safepoint   ] Safepoint "Cleanup", Time since last: 1000675847 ns, Reaching safepoint: 29742 ns, Cleanup: 28461 ns, At safepoint: 15468 ns, Total: 73671 ns
[2025-05-20T12:36:46.737+0000][73][info ][safepoint   ] Safepoint "Cleanup", Time since last: 1000648429 ns, Reaching safepoint: 176731 ns, Cleanup: 29042 ns, At safepoint: 104347 ns, Total: 310120 ns
[2025-05-20T12:36:48.735+0000][73][info ][safepoint   ] Safepoint "Cleanup", Time since last: 2001017934 ns, Reaching safepoint: 31670 ns, Cleanup: 26043 ns, At safepoint: 16657 ns, Total: 74370 ns
[2025-05-20T12:36:51.762+0000][73][info ][safepoint   ] Safepoint "Cleanup", Time since last: 3027694047 ns, Reaching safepoint: 27062 ns, Cleanup: 32277 ns, At safepoint: 12668 ns, Total: 72007 ns
[2025-05-20T12:36:52.763+0000][73][info ][safepoint   ] Safepoint "Cleanup", Time since last: 1000624863 ns, Reaching safepoint: 27927 ns, Cleanup: 21186 ns, At safepoint: 11632 ns, Total: 60745 ns
[2025-05-20T12:36:54.461+0000][73][info ][safepoint   ] Safepoint "Cleanup", Time since last: 1698437529 ns, Reaching safepoint: 13877 ns, Cleanup: 15643 ns, At safepoint: 22499 ns, Total: 52019 ns
[2025-05-20T12:36:57.463+0000][73][info ][safepoint   ] Safepoint "Cleanup", Time since last: 3001229740 ns, Reaching safepoint: 24600 ns, Cleanup: 50965 ns, At safepoint: 10687 ns, Total: 86252 ns
[2025-05-20T12:37:00.466+0000][73][info ][safepoint   ] Safepoint "Cleanup", Time since last: 3003328207 ns, Reaching safepoint: 30637 ns, Cleanup: 15701 ns, At safepoint: 14573 ns, Total: 60911 ns
[2025-05-20T12:37:02.467+0000][73][info ][safepoint   ] Safepoint "Cleanup", Time since last: 2000961402 ns, Reaching safepoint: 38322 ns, Cleanup: 18299 ns, At safepoint: 19532 ns, Total: 76153 ns
[2025-05-20T12:37:03.468+0000][73][info ][safepoint   ] Safepoint "Cleanup", Time since last: 1001013219 ns, Reaching safepoint: 26021 ns, Cleanup: 15733 ns, At safepoint: 10778 ns, Total: 52532 ns
[2025-05-20T12:37:04.470+0000][73][info ][safepoint   ] Safepoint "Cleanup", Time since last: 1001650001 ns, Reaching safepoint: 31090 ns, Cleanup: 22341 ns, At safepoint: 17946 ns, Total: 71377 ns
[2025-05-20T12:37:06.471+0000][73][info ][safepoint   ] Safepoint "Cleanup", Time since last: 2000868737 ns, Reaching safepoint: 35879 ns, Cleanup: 21367 ns, At safepoint: 17933 ns, Total: 75179 ns
[2025-05-20T12:37:07.473+0000][73][info ][safepoint   ] Safepoint "Cleanup", Time since last: 1001792524 ns, Reaching safepoint: 30027 ns, Cleanup: 19077 ns, At safepoint: 16162 ns, Total: 65266 ns
[2025-05-20T12:37:12.474+0000][73][info ][safepoint   ] Safepoint "Cleanup", Time since last: 5001460077 ns, Reaching safepoint: 31826 ns, Cleanup: 19704 ns, At safepoint: 15490 ns, Total: 67020 ns
[2025-05-20T12:37:21.233+0000][73][info ][safepoint   ] Safepoint "Cleanup", Time since last: 8760950923 ns, Reaching safepoint: 105048 ns, Cleanup: 61092 ns, At safepoint: 93962 ns, Total: 260102 ns
[2025-05-20T12:37:21.436+0000][73][info ][safepoint   ] Safepoint "ICBufferFull", Time since last: 201907272 ns, Reaching safepoint: 364644 ns, Cleanup: 184897 ns, At safepoint: 307476 ns, Total: 857017 ns
[2025-05-20T12:37:23.312+0000][73][info ][safepoint   ] Safepoint "Cleanup", Time since last: 1875896582 ns, Reaching safepoint: 30190 ns, Cleanup: 260248 ns, At safepoint: 19411 ns, Total: 309849 ns
[2025-05-20T12:37:24.313+0000][73][info ][safepoint   ] Safepoint "Cleanup", Time since last: 1000853010 ns, Reaching safepoint: 31043 ns, Cleanup: 51831 ns, At safepoint: 17387 ns, Total: 100261 ns
[2025-05-20T12:37:27.342+0000][73][info ][safepoint   ] Safepoint "Cleanup", Time since last: 3029229616 ns, Reaching safepoint: 28128 ns, Cleanup: 36993 ns, At safepoint: 11667 ns, Total: 76788 ns
[2025-05-20T12:37:28.354+0000][73][info ][safepoint   ] Safepoint "Cleanup", Time since last: 1011675178 ns, Reaching safepoint: 20697 ns, Cleanup: 24030 ns, At safepoint: 8264 ns, Total: 52991 ns
[2025-05-20T12:37:29.355+0000][73][info ][safepoint   ] Safepoint "Cleanup", Time since last: 1000776012 ns, Reaching safepoint: 19142 ns, Cleanup: 14128 ns, At safepoint: 9085 ns, Total: 42355 ns
[2025-05-20T12:37:31.356+0000][73][info ][safepoint   ] Safepoint "Cleanup", Time since last: 2001049333 ns, Reaching safepoint: 26646 ns, Cleanup: 15940 ns, At safepoint: 9051 ns, Total: 51637 ns
[2025-05-20T12:37:32.356+0000][73][info ][safepoint   ] Safepoint "Cleanup", Time since last: 1000675442 ns, Reaching safepoint: 25404 ns, Cleanup: 18480 ns, At safepoint: 10705 ns, Total: 54589 ns
[2025-05-20T12:37:33.750+0000][73][info ][safepoint   ] Safepoint "Cleanup", Time since last: 1393818231 ns, Reaching safepoint: 82389 ns, Cleanup: 37338 ns, At safepoint: 19708 ns, Total: 139435 ns
[2025-05-20T12:37:34.759+0000][73][info ][safepoint   ] Safepoint "Cleanup", Time since last: 1008529399 ns, Reaching safepoint: 118913 ns, Cleanup: 40859 ns, At safepoint: 20642 ns, Total: 180414 ns
[2025-05-20T12:37:36.154+0000][73][info ][safepoint   ] Safepoint "Cleanup", Time since last: 1394600570 ns, Reaching safepoint: 35413 ns, Cleanup: 35945 ns, At safepoint: 123226 ns, Total: 194584 ns
[2025-05-20T12:37:37.785+0000][73][info ][safepoint   ] Safepoint "Cleanup", Time since last: 1631466976 ns, Reaching safepoint: 64272 ns, Cleanup: 37539 ns, At safepoint: 12219 ns, Total: 114030 ns
[2025-05-20T12:37:39.786+0000][73][info ][safepoint   ] Safepoint "Cleanup", Time since last: 2000752406 ns, Reaching safepoint: 25584 ns, Cleanup: 14097 ns, At safepoint: 11109 ns, Total: 50790 ns
[2025-05-20T12:37:41.787+0000][73][info ][safepoint   ] Safepoint "Cleanup", Time since last: 2000774142 ns, Reaching safepoint: 27120 ns, Cleanup: 19295 ns, At safepoint: 11116 ns, Total: 57531 ns
[2025-05-20T12:37:42.828+0000][73][info ][safepoint   ] Safepoint "Cleanup", Time since last: 1041365880 ns, Reaching safepoint: 27515 ns, Cleanup: 16334 ns, At safepoint: 11831 ns, Total: 55680 ns
[2025-05-20T12:37:45.185+0000][73][info ][safepoint   ] Safepoint "Cleanup", Time since last: 2356558682 ns, Reaching safepoint: 104733 ns, Cleanup: 13271 ns, At safepoint: 50403 ns, Total: 168407 ns
[2025-05-20T12:37:46.843+0000][73][info ][safepoint   ] Safepoint "Cleanup", Time since last: 1658213114 ns, Reaching safepoint: 35525 ns, Cleanup: 35004 ns, At safepoint: 17566 ns, Total: 88095 ns
[2025-05-20T12:37:47.844+0000][73][info ][safepoint   ] Safepoint "Cleanup", Time since last: 1000631024 ns, Reaching safepoint: 30769 ns, Cleanup: 19153 ns, At safepoint: 11692 ns, Total: 61614 ns
[2025-05-20T12:37:48.842+0000][73][info ][safepoint   ] Safepoint "Cleanup", Time since last: 1000783062 ns, Reaching safepoint: 27607 ns, Cleanup: 28513 ns, At safepoint: 13168 ns, Total: 69288 ns
[2025-05-20T12:37:49.842+0000][73][info ][safepoint   ] Safepoint "Cleanup", Time since last: 1000700830 ns, Reaching safepoint: 33034 ns, Cleanup: 20043 ns, At safepoint: 17740 ns, Total: 70817 ns
[2025-05-20T12:37:50.843+0000][73][info ][safepoint   ] Safepoint "Cleanup", Time since last: 1000699724 ns, Reaching safepoint: 34128 ns, Cleanup: 17707 ns, At safepoint: 17664 ns, Total: 69499 ns
[2025-05-20T12:37:51.844+0000][73][info ][safepoint   ] Safepoint "Cleanup", Time since last: 1000698123 ns, Reaching safepoint: 33279 ns, Cleanup: 19465 ns, At safepoint: 132288 ns, Total: 185032 ns
[2025-05-20T12:37:54.494+0000][73][info ][safepoint   ] Safepoint "Cleanup", Time since last: 2649962649 ns, Reaching safepoint: 14116 ns, Cleanup: 19344 ns, At safepoint: 67092 ns, Total: 100552 ns
[2025-05-20T12:37:56.495+0000][73][info ][safepoint   ] Safepoint "Cleanup", Time since last: 2001194493 ns, Reaching safepoint: 32837 ns, Cleanup: 20257 ns, At safepoint: 18117 ns, Total: 71211 ns
[2025-05-20T12:37:57.496+0000][73][info ][safepoint   ] Safepoint "Cleanup", Time since last: 1000639929 ns, Reaching safepoint: 93399 ns, Cleanup: 30873 ns, At safepoint: 13751 ns, Total: 138023 ns
[2025-05-20T12:37:59.497+0000][73][info ][safepoint   ] Safepoint "Cleanup", Time since last: 2000717928 ns, Reaching safepoint: 101503 ns, Cleanup: 31788 ns, At safepoint: 15115 ns, Total: 148406 ns
[2025-05-20T12:38:00.498+0000][73][info ][safepoint   ] Safepoint "Cleanup", Time since last: 1000573337 ns, Reaching safepoint: 19636 ns, Cleanup: 12723 ns, At safepoint: 9800 ns, Total: 42159 ns
[2025-05-20T12:38:02.498+0000][73][info ][safepoint   ] Safepoint "Cleanup", Time since last: 2000798551 ns, Reaching safepoint: 65645 ns, Cleanup: 26506 ns, At safepoint: 18941 ns, Total: 111092 ns
[2025-05-20T12:38:03.499+0000][73][info ][safepoint   ] Safepoint "Cleanup", Time since last: 1000713504 ns, Reaching safepoint: 43022 ns, Cleanup: 16123 ns, At safepoint: 12162 ns, Total: 71307 ns
[2025-05-20T12:38:06.500+0000][73][info ][safepoint   ] Safepoint "Cleanup", Time since last: 3000868737 ns, Reaching safepoint: 76895 ns, Cleanup: 13706 ns, At safepoint: 10433 ns, Total: 101034 ns
[2025-05-20T12:38:07.501+0000][73][info ][safepoint   ] Safepoint "Cleanup", Time since last: 1000651876 ns, Reaching safepoint: 59876 ns, Cleanup: 20438 ns, At safepoint: 27865 ns, Total: 108179 ns
[2025-05-20T12:38:09.503+0000][73][info ][safepoint   ] Safepoint "Cleanup", Time since last: 2002400820 ns, Reaching safepoint: 29915 ns, Cleanup: 18384 ns, At safepoint: 14717 ns, Total: 63016 ns
[2025-05-20T12:38:10.504+0000][73][info ][safepoint   ] Safepoint "Cleanup", Time since last: 1000762305 ns, Reaching safepoint: 34619 ns, Cleanup: 17450 ns, At safepoint: 16034 ns, Total: 68103 ns
[2025-05-20T12:38:12.410+0000][73][info ][safepoint   ] Safepoint "Cleanup", Time since last: 1905786378 ns, Reaching safepoint: 20726 ns, Cleanup: 62172 ns, At safepoint: 68128 ns, Total: 151026 ns
[2025-05-20T12:38:13.431+0000][73][info ][safepoint   ] Safepoint "Cleanup", Time since last: 1021098502 ns, Reaching safepoint: 34203 ns, Cleanup: 23407 ns, At safepoint: 16344 ns, Total: 73954 ns
[2025-05-20T12:38:15.432+0000][73][info ][safepoint   ] Safepoint "Cleanup", Time since last: 2000927135 ns, Reaching safepoint: 27280 ns, Cleanup: 19354 ns, At safepoint: 10783 ns, Total: 57417 ns
[2025-05-20T12:38:17.434+0000][73][info ][safepoint   ] Safepoint "Cleanup", Time since last: 2001441845 ns, Reaching safepoint: 30865 ns, Cleanup: 20526 ns, At safepoint: 15041 ns, Total: 66432 ns
[2025-05-20T12:38:21.431+0000][73][info ][safepoint   ] Safepoint "Cleanup", Time since last: 4001123319 ns, Reaching safepoint: 32425 ns, Cleanup: 24701 ns, At safepoint: 16054 ns, Total: 73180 ns
[2025-05-20T12:38:22.432+0000][73][info ][safepoint   ] Safepoint "Cleanup", Time since last: 1000966933 ns, Reaching safepoint: 36199 ns, Cleanup: 47866 ns, At safepoint: 17298 ns, Total: 101363 ns
[2025-05-20T12:38:26.434+0000][73][info ][safepoint   ] Safepoint "Cleanup", Time since last: 4001433825 ns, Reaching safepoint: 18623 ns, Cleanup: 34718 ns, At safepoint: 8442 ns, Total: 61783 ns
[2025-05-20T12:38:27.435+0000][73][info ][safepoint   ] Safepoint "Cleanup", Time since last: 1000629799 ns, Reaching safepoint: 32616 ns, Cleanup: 36781 ns, At safepoint: 15314 ns, Total: 84711 ns
[2025-05-20T12:38:29.436+0000][73][info ][safepoint   ] Safepoint "Cleanup", Time since last: 2000777013 ns, Reaching safepoint: 30927 ns, Cleanup: 26873 ns, At safepoint: 16125 ns, Total: 73925 ns
[2025-05-20T12:38:30.436+0000][73][info ][safepoint   ] Safepoint "Cleanup", Time since last: 1000685094 ns, Reaching safepoint: 29536 ns, Cleanup: 15116 ns, At safepoint: 14451 ns, Total: 59103 ns
[2025-05-20T12:38:33.437+0000][73][info ][safepoint   ] Safepoint "Cleanup", Time since last: 3001143722 ns, Reaching safepoint: 17406 ns, Cleanup: 13477 ns, At safepoint: 7973 ns, Total: 38856 ns
[2025-05-20T12:38:36.438+0000][73][info ][safepoint   ] Safepoint "Cleanup", Time since last: 3000933624 ns, Reaching safepoint: 29675 ns, Cleanup: 17530 ns, At safepoint: 12156 ns, Total: 59361 ns
[2025-05-20T12:38:39.440+0000][73][info ][safepoint   ] Safepoint "Cleanup", Time since last: 3001066927 ns, Reaching safepoint: 59800 ns, Cleanup: 20315 ns, At safepoint: 12359 ns, Total: 92474 ns
[2025-05-20T12:38:40.441+0000][73][info ][safepoint   ] Safepoint "Cleanup", Time since last: 1000984482 ns, Reaching safepoint: 24663 ns, Cleanup: 14377 ns, At safepoint: 10553 ns, Total: 49593 ns
[2025-05-20T12:38:42.441+0000][73][info ][safepoint   ] Safepoint "Cleanup", Time since last: 2000727365 ns, Reaching safepoint: 19549 ns, Cleanup: 27415 ns, At safepoint: 9927 ns, Total: 56891 ns
[2025-05-20T12:38:45.445+0000][73][info ][safepoint   ] Safepoint "Cleanup", Time since last: 3003386192 ns, Reaching safepoint: 19563 ns, Cleanup: 12733 ns, At safepoint: 8672 ns, Total: 40968 ns
[2025-05-20T12:38:47.446+0000][73][info ][safepoint   ] Safepoint "Cleanup", Time since last: 2000753670 ns, Reaching safepoint: 19807 ns, Cleanup: 31094 ns, At safepoint: 9428 ns, Total: 60329 ns
[2025-05-20T12:38:48.862+0000][73][info ][safepoint   ] Safepoint "Cleanup", Time since last: 1419103261 ns, Reaching safepoint: 14897 ns, Cleanup: 174479 ns, At safepoint: 30727 ns, Total: 220103 ns
[2025-05-20T12:38:49.884+0000][73][info ][safepoint   ] Safepoint "Cleanup", Time since last: 1022309008 ns, Reaching safepoint: 32462 ns, Cleanup: 39052 ns, At safepoint: 15865 ns, Total: 87379 ns
[2025-05-20T12:38:51.885+0000][73][info ][safepoint   ] Safepoint "Cleanup", Time since last: 2000818706 ns, Reaching safepoint: 19613 ns, Cleanup: 23356 ns, At safepoint: 7553 ns, Total: 50522 ns
[2025-05-20T12:38:52.886+0000][73][info ][safepoint   ] Safepoint "Cleanup", Time since last: 1000569262 ns, Reaching safepoint: 34996 ns, Cleanup: 16386 ns, At safepoint: 132783 ns, Total: 184165 ns
[2025-05-20T12:38:54.523+0000][73][info ][safepoint   ] Safepoint "Cleanup", Time since last: 1637272400 ns, Reaching safepoint: 6195 ns, Cleanup: 16067 ns, At safepoint: 2688 ns, Total: 24950 ns
[2025-05-20T12:38:57.525+0000][73][info ][safepoint   ] Safepoint "Cleanup", Time since last: 3001349670 ns, Reaching safepoint: 27177 ns, Cleanup: 25457 ns, At safepoint: 15252 ns, Total: 67886 ns
[2025-05-20T12:38:58.532+0000][73][info ][safepoint   ] Safepoint "Cleanup", Time since last: 1007110038 ns, Reaching safepoint: 21144 ns, Cleanup: 12736 ns, At safepoint: 9572 ns, Total: 43452 ns
[2025-05-20T12:38:59.560+0000][73][info ][safepoint   ] Safepoint "Cleanup", Time since last: 1027803700 ns, Reaching safepoint: 19409 ns, Cleanup: 28817 ns, At safepoint: 7808 ns, Total: 56034 ns
[2025-05-20T12:39:00.584+0000][73][info ][safepoint   ] Safepoint "Cleanup", Time since last: 1024087573 ns, Reaching safepoint: 32652 ns, Cleanup: 25295 ns, At safepoint: 15405 ns, Total: 73352 ns
[2025-05-20T12:39:02.585+0000][73][info ][safepoint   ] Safepoint "Cleanup", Time since last: 2000797874 ns, Reaching safepoint: 28365 ns, Cleanup: 19952 ns, At safepoint: 11280 ns, Total: 59597 ns
[2025-05-20T12:39:03.585+0000][73][info ][safepoint   ] Safepoint "Cleanup", Time since last: 1000542816 ns, Reaching safepoint: 27320 ns, Cleanup: 15096 ns, At safepoint: 10637 ns, Total: 53053 ns
[2025-05-20T12:39:06.588+0000][73][info ][safepoint   ] Safepoint "Cleanup", Time since last: 3002815725 ns, Reaching safepoint: 33480 ns, Cleanup: 35538 ns, At safepoint: 15908 ns, Total: 84926 ns
[2025-05-20T12:39:07.589+0000][73][info ][safepoint   ] Safepoint "Cleanup", Time since last: 1000703363 ns, Reaching safepoint: 20770 ns, Cleanup: 33378 ns, At safepoint: 9031 ns, Total: 63179 ns
[2025-05-20T12:39:17.594+0000][73][info ][safepoint   ] Safepoint "Cleanup", Time since last: 10005298717 ns, Reaching safepoint: 77810 ns, Cleanup: 16296 ns, At safepoint: 15358 ns, Total: 109464 ns
[2025-05-20T12:39:18.595+0000][73][info ][safepoint   ] Safepoint "Cleanup", Time since last: 1000979330 ns, Reaching safepoint: 33666 ns, Cleanup: 22837 ns, At safepoint: 17493 ns, Total: 73996 ns
[2025-05-20T12:39:20.593+0000][73][info ][safepoint   ] Safepoint "Cleanup", Time since last: 2001024537 ns, Reaching safepoint: 31604 ns, Cleanup: 18552 ns, At safepoint: 15346 ns, Total: 65502 ns
[2025-05-20T12:39:21.594+0000][73][info ][safepoint   ] Safepoint "Cleanup", Time since last: 1000896896 ns, Reaching safepoint: 32306 ns, Cleanup: 22743 ns, At safepoint: 15828 ns, Total: 70877 ns
[2025-05-20T12:39:22.594+0000][73][info ][safepoint   ] Safepoint "Cleanup", Time since last: 1000750241 ns, Reaching safepoint: 31698 ns, Cleanup: 17155 ns, At safepoint: 14201 ns, Total: 63054 ns
[2025-05-20T12:39:24.595+0000][73][info ][safepoint   ] Safepoint "Cleanup", Time since last: 2000815797 ns, Reaching safepoint: 42522 ns, Cleanup: 12618 ns, At safepoint: 8264 ns, Total: 63404 ns
[2025-05-20T12:39:26.597+0000][73][info ][safepoint   ] Safepoint "Cleanup", Time since last: 2001415168 ns, Reaching safepoint: 20817 ns, Cleanup: 15913 ns, At safepoint: 8947 ns, Total: 45677 ns
[2025-05-20T12:39:36.600+0000][73][info ][safepoint   ] Safepoint "Cleanup", Time since last: 10003170485 ns, Reaching safepoint: 34617 ns, Cleanup: 16896 ns, At safepoint: 16962 ns, Total: 68475 ns
[2025-05-20T12:39:37.601+0000][73][info ][safepoint   ] Safepoint "Cleanup", Time since last: 1000600878 ns, Reaching safepoint: 21077 ns, Cleanup: 12729 ns, At safepoint: 9095 ns, Total: 42901 ns
[2025-05-20T12:39:39.602+0000][73][info ][safepoint   ] Safepoint "Cleanup", Time since last: 2000763727 ns, Reaching safepoint: 64961 ns, Cleanup: 15547 ns, At safepoint: 12631 ns, Total: 93139 ns
[2025-05-20T12:39:47.605+0000][73][info ][safepoint   ] Safepoint "Cleanup", Time since last: 8003084696 ns, Reaching safepoint: 32742 ns, Cleanup: 17250 ns, At safepoint: 17538 ns, Total: 67530 ns
[2025-05-20T12:39:48.605+0000][73][info ][safepoint   ] Safepoint "Cleanup", Time since last: 1000606060 ns, Reaching safepoint: 27675 ns, Cleanup: 17288 ns, At safepoint: 10844 ns, Total: 55807 ns
[2025-05-20T12:39:49.603+0000][73][info ][safepoint   ] Safepoint "Cleanup", Time since last: 1000821542 ns, Reaching safepoint: 32642 ns, Cleanup: 17891 ns, At safepoint: 19187 ns, Total: 69720 ns
[2025-05-20T12:39:51.171+0000][73][info ][safepoint   ] Safepoint "Cleanup", Time since last: 1567433319 ns, Reaching safepoint: 6664 ns, Cleanup: 22957 ns, At safepoint: 14647 ns, Total: 44268 ns
[2025-05-20T12:39:52.930+0000][73][info ][safepoint   ] Safepoint "Cleanup", Time since last: 1759269101 ns, Reaching safepoint: 36938 ns, Cleanup: 31114 ns, At safepoint: 18535 ns, Total: 86587 ns
[2025-05-20T12:39:56.555+0000][73][info ][safepoint   ] Safepoint "Cleanup", Time since last: 3624898298 ns, Reaching safepoint: 32993 ns, Cleanup: 17941 ns, At safepoint: 16644 ns, Total: 67578 ns
[2025-05-20T12:39:57.556+0000][73][info ][safepoint   ] Safepoint "Cleanup", Time since last: 1000638511 ns, Reaching safepoint: 19926 ns, Cleanup: 12840 ns, At safepoint: 9794 ns, Total: 42560 ns
[2025-05-20T12:40:00.557+0000][73][info ][safepoint   ] Safepoint "Cleanup", Time since last: 3000979686 ns, Reaching safepoint: 17792 ns, Cleanup: 11854 ns, At safepoint: 8315 ns, Total: 37961 ns
[2025-05-20T12:40:01.557+0000][73][info ][safepoint   ] Safepoint "Cleanup", Time since last: 1000691193 ns, Reaching safepoint: 32820 ns, Cleanup: 18274 ns, At safepoint: 18704 ns, Total: 69798 ns
[2025-05-20T12:40:03.559+0000][73][info ][safepoint   ] Safepoint "Cleanup", Time since last: 2001024599 ns, Reaching safepoint: 35186 ns, Cleanup: 17629 ns, At safepoint: 17691 ns, Total: 70506 ns
[2025-05-20T12:40:06.560+0000][73][info ][safepoint   ] Safepoint "Cleanup", Time since last: 3000948798 ns, Reaching safepoint: 29326 ns, Cleanup: 18548 ns, At safepoint: 33356 ns, Total: 81230 ns
[2025-05-20T12:40:12.562+0000][73][info ][safepoint   ] Safepoint "Cleanup", Time since last: 6001743319 ns, Reaching safepoint: 357586 ns, Cleanup: 25948 ns, At safepoint: 54916 ns, Total: 438450 ns
[2025-05-20T12:40:17.586+0000][73][info ][safepoint   ] Safepoint "Cleanup", Time since last: 5023979110 ns, Reaching safepoint: 80234 ns, Cleanup: 17757 ns, At safepoint: 11646 ns, Total: 109637 ns
[2025-05-20T12:40:20.596+0000][73][info ][safepoint   ] Safepoint "Cleanup", Time since last: 3013339126 ns, Reaching safepoint: 60260 ns, Cleanup: 15234 ns, At safepoint: 28977 ns, Total: 104471 ns
[2025-05-20T12:40:21.596+0000][73][info ][safepoint   ] Safepoint "Cleanup", Time since last: 1000587952 ns, Reaching safepoint: 28965 ns, Cleanup: 15673 ns, At safepoint: 12268 ns, Total: 56906 ns
[2025-05-20T12:40:24.600+0000][73][info ][safepoint   ] Safepoint "Cleanup", Time since last: 3003340616 ns, Reaching safepoint: 28045 ns, Cleanup: 13667 ns, At safepoint: 10885 ns, Total: 52597 ns
[2025-05-20T12:40:26.601+0000][73][info ][safepoint   ] Safepoint "Cleanup", Time since last: 2000702314 ns, Reaching safepoint: 59564 ns, Cleanup: 30634 ns, At safepoint: 10938 ns, Total: 101136 ns
[2025-05-20T12:40:27.601+0000][73][info ][safepoint   ] Safepoint "Cleanup", Time since last: 1000547451 ns, Reaching safepoint: 33800 ns, Cleanup: 19429 ns, At safepoint: 12588 ns, Total: 65817 ns
[2025-05-20T12:40:32.603+0000][73][info ][safepoint   ] Safepoint "Cleanup", Time since last: 5001364742 ns, Reaching safepoint: 40283 ns, Cleanup: 19369 ns, At safepoint: 17150 ns, Total: 76802 ns
[2025-05-20T12:40:33.604+0000][73][info ][safepoint   ] Safepoint "Cleanup", Time since last: 1000731368 ns, Reaching safepoint: 21095 ns, Cleanup: 18143 ns, At safepoint: 9656 ns, Total: 48894 ns
[2025-05-20T12:40:47.607+0000][73][info ][safepoint   ] Safepoint "Cleanup", Time since last: 14003058654 ns, Reaching safepoint: 35151 ns, Cleanup: 53835 ns, At safepoint: 15491 ns, Total: 104477 ns
[2025-05-20T12:40:49.604+0000][73][info ][safepoint   ] Safepoint "Cleanup", Time since last: 2001088240 ns, Reaching safepoint: 30974 ns, Cleanup: 18745 ns, At safepoint: 15749 ns, Total: 65468 ns
[2025-05-20T12:40:51.605+0000][73][info ][safepoint   ] Safepoint "Cleanup", Time since last: 2001203434 ns, Reaching safepoint: 28213 ns, Cleanup: 14715 ns, At safepoint: 11338 ns, Total: 54266 ns
[2025-05-20T12:40:52.606+0000][73][info ][safepoint   ] Safepoint "Cleanup", Time since last: 1000735485 ns, Reaching safepoint: 28998 ns, Cleanup: 31856 ns, At safepoint: 12565 ns, Total: 73419 ns
[2025-05-20T12:40:54.145+0000][73][info ][safepoint   ] Safepoint "Cleanup", Time since last: 1538540080 ns, Reaching safepoint: 7589 ns, Cleanup: 7018 ns, At safepoint: 14871 ns, Total: 29478 ns
[2025-05-20T12:40:55.979+0000][73][info ][safepoint   ] Safepoint "Cleanup", Time since last: 1834110864 ns, Reaching safepoint: 71458 ns, Cleanup: 28832 ns, At safepoint: 14427 ns, Total: 114717 ns
[2025-05-20T12:40:56.981+0000][73][info ][safepoint   ] Safepoint "Cleanup", Time since last: 1001878266 ns, Reaching safepoint: 28047 ns, Cleanup: 18383 ns, At safepoint: 11374 ns, Total: 57804 ns
[2025-05-20T12:40:57.983+0000][73][info ][safepoint   ] Safepoint "Cleanup", Time since last: 1001641870 ns, Reaching safepoint: 28692 ns, Cleanup: 20197 ns, At safepoint: 11299 ns, Total: 60188 ns
[2025-05-20T12:41:01.984+0000][73][info ][safepoint   ] Safepoint "Cleanup", Time since last: 4001419923 ns, Reaching safepoint: 35141 ns, Cleanup: 28253 ns, At safepoint: 17191 ns, Total: 80585 ns
[2025-05-20T12:41:03.985+0000][73][info ][safepoint   ] Safepoint "Cleanup", Time since last: 2000838689 ns, Reaching safepoint: 26784 ns, Cleanup: 16800 ns, At safepoint: 11357 ns, Total: 54941 ns
[2025-05-20T12:41:06.987+0000][73][info ][safepoint   ] Safepoint "Cleanup", Time since last: 3001901271 ns, Reaching safepoint: 31856 ns, Cleanup: 18769 ns, At safepoint: 11255 ns, Total: 61880 ns
[2025-05-20T12:41:07.988+0000][73][info ][safepoint   ] Safepoint "Cleanup", Time since last: 1000672648 ns, Reaching safepoint: 28712 ns, Cleanup: 13422 ns, At safepoint: 8836 ns, Total: 50970 ns
[2025-05-20T12:41:09.989+0000][73][info ][safepoint   ] Safepoint "Cleanup", Time since last: 2000887490 ns, Reaching safepoint: 19971 ns, Cleanup: 13160 ns, At safepoint: 7743 ns, Total: 40874 ns
[2025-05-20T12:41:11.989+0000][73][info ][safepoint   ] Safepoint "Cleanup", Time since last: 2000611361 ns, Reaching safepoint: 18842 ns, Cleanup: 15275 ns, At safepoint: 9038 ns, Total: 43155 ns
[2025-05-20T12:41:12.990+0000][73][info ][safepoint   ] Safepoint "Cleanup", Time since last: 1001243679 ns, Reaching safepoint: 22252 ns, Cleanup: 17820 ns, At safepoint: 9139 ns, Total: 49211 ns
[2025-05-20T12:41:15.996+0000][73][info ][safepoint   ] Safepoint "Cleanup", Time since last: 3005387419 ns, Reaching safepoint: 33698 ns, Cleanup: 18191 ns, At safepoint: 18686 ns, Total: 70575 ns
[2025-05-20T12:41:16.997+0000][73][info ][safepoint   ] Safepoint "Cleanup", Time since last: 1000673720 ns, Reaching safepoint: 28272 ns, Cleanup: 14872 ns, At safepoint: 10922 ns, Total: 54066 ns
[2025-05-20T12:41:18.995+0000][73][info ][safepoint   ] Safepoint "Cleanup", Time since last: 2000779785 ns, Reaching safepoint: 31538 ns, Cleanup: 17856 ns, At safepoint: 15066 ns, Total: 64460 ns
[2025-05-20T12:41:22.996+0000][73][info ][safepoint   ] Safepoint "Cleanup", Time since last: 4001112996 ns, Reaching safepoint: 20153 ns, Cleanup: 12518 ns, At safepoint: 8958 ns, Total: 41629 ns
[2025-05-20T12:41:24.998+0000][73][info ][safepoint   ] Safepoint "Cleanup", Time since last: 2001554807 ns, Reaching safepoint: 17457 ns, Cleanup: 11853 ns, At safepoint: 18049 ns, Total: 47359 ns
[2025-05-20T12:41:26.999+0000][73][info ][safepoint   ] Safepoint "Cleanup", Time since last: 2001007121 ns, Reaching safepoint: 75142 ns, Cleanup: 25271 ns, At safepoint: 35888 ns, Total: 136301 ns
[2025-05-20T12:41:28.000+0000][73][info ][safepoint   ] Safepoint "Cleanup", Time since last: 1000879885 ns, Reaching safepoint: 31153 ns, Cleanup: 22564 ns, At safepoint: 15032 ns, Total: 68749 ns
[2025-05-20T12:41:32.001+0000][73][info ][safepoint   ] Safepoint "Cleanup", Time since last: 4001514943 ns, Reaching safepoint: 31960 ns, Cleanup: 21080 ns, At safepoint: 16577 ns, Total: 69617 ns
[2025-05-20T12:41:37.003+0000][73][info ][safepoint   ] Safepoint "Cleanup", Time since last: 5001386975 ns, Reaching safepoint: 34850 ns, Cleanup: 32388 ns, At safepoint: 17210 ns, Total: 84448 ns
[2025-05-20T12:41:38.004+0000][73][info ][safepoint   ] Safepoint "Cleanup", Time since last: 1000835623 ns, Reaching safepoint: 35576 ns, Cleanup: 18109 ns, At safepoint: 15765 ns, Total: 69450 ns
[2025-05-20T12:41:42.005+0000][73][info ][safepoint   ] Safepoint "Cleanup", Time since last: 4001203615 ns, Reaching safepoint: 31288 ns, Cleanup: 15503 ns, At safepoint: 15638 ns, Total: 62429 ns
[2025-05-20T12:41:47.007+0000][73][info ][safepoint   ] Safepoint "Cleanup", Time since last: 5001503918 ns, Reaching safepoint: 119782 ns, Cleanup: 19170 ns, At safepoint: 19640 ns, Total: 158592 ns
[2025-05-20T12:41:48.007+0000][73][info ][safepoint   ] Safepoint "Cleanup", Time since last: 1000673606 ns, Reaching safepoint: 31214 ns, Cleanup: 17206 ns, At safepoint: 15604 ns, Total: 64024 ns
[2025-05-20T12:41:50.005+0000][73][info ][safepoint   ] Safepoint "Cleanup", Time since last: 2001031229 ns, Reaching safepoint: 33437 ns, Cleanup: 24920 ns, At safepoint: 17735 ns, Total: 76092 ns
[2025-05-20T12:41:52.006+0000][73][info ][safepoint   ] Safepoint "Cleanup", Time since last: 2000776127 ns, Reaching safepoint: 25899 ns, Cleanup: 79233 ns, At safepoint: 14943 ns, Total: 120075 ns
[2025-05-20T12:41:53.007+0000][73][info ][safepoint   ] Safepoint "Cleanup", Time since last: 1000717317 ns, Reaching safepoint: 30503 ns, Cleanup: 17990 ns, At safepoint: 14265 ns, Total: 62758 ns
[2025-05-20T12:41:57.148+0000][73][info ][safepoint   ] Safepoint "Cleanup", Time since last: 4141093013 ns, Reaching safepoint: 7183 ns, Cleanup: 20358 ns, At safepoint: 26611 ns, Total: 54152 ns
[2025-05-20T12:41:59.023+0000][73][info ][safepoint   ] Safepoint "Cleanup", Time since last: 1874509966 ns, Reaching safepoint: 46475 ns, Cleanup: 29574 ns, At safepoint: 8040 ns, Total: 84089 ns
[2025-05-20T12:42:01.024+0000][73][info ][safepoint   ] Safepoint "Cleanup", Time since last: 2000738811 ns, Reaching safepoint: 28737 ns, Cleanup: 26489 ns, At safepoint: 12718 ns, Total: 67944 ns
[2025-05-20T12:42:02.024+0000][73][info ][safepoint   ] Safepoint "Cleanup", Time since last: 1000724698 ns, Reaching safepoint: 23513 ns, Cleanup: 12625 ns, At safepoint: 9739 ns, Total: 45877 ns
[2025-05-20T12:42:07.026+0000][73][info ][safepoint   ] Safepoint "Cleanup", Time since last: 5001168177 ns, Reaching safepoint: 18829 ns, Cleanup: 12247 ns, At safepoint: 8354 ns, Total: 39430 ns
[2025-05-20T12:42:09.026+0000][73][info ][safepoint   ] Safepoint "Cleanup", Time since last: 2000671800 ns, Reaching safepoint: 31837 ns, Cleanup: 19881 ns, At safepoint: 14833 ns, Total: 66551 ns
[2025-05-20T12:42:10.027+0000][73][info ][safepoint   ] Safepoint "Cleanup", Time since last: 1000799034 ns, Reaching safepoint: 26332 ns, Cleanup: 12899 ns, At safepoint: 10067 ns, Total: 49298 ns
[2025-05-20T12:42:12.028+0000][73][info ][safepoint   ] Safepoint "Cleanup", Time since last: 2000882838 ns, Reaching safepoint: 29220 ns, Cleanup: 18688 ns, At safepoint: 10772 ns, Total: 58680 ns
[2025-05-20T12:42:13.029+0000][73][info ][safepoint   ] Safepoint "Cleanup", Time since last: 1000562605 ns, Reaching safepoint: 45312 ns, Cleanup: 11992 ns, At safepoint: 10230 ns, Total: 67534 ns
[2025-05-20T12:42:16.031+0000][73][info ][safepoint   ] Safepoint "Cleanup", Time since last: 3002045510 ns, Reaching safepoint: 35915 ns, Cleanup: 19213 ns, At safepoint: 18329 ns, Total: 73457 ns
[2025-05-20T12:42:17.032+0000][73][info ][safepoint   ] Safepoint "Cleanup", Time since last: 1000675581 ns, Reaching safepoint: 32729 ns, Cleanup: 18190 ns, At safepoint: 16773 ns, Total: 67692 ns
[2025-05-20T12:42:18.033+0000][73][info ][safepoint   ] Safepoint "Cleanup", Time since last: 1000925085 ns, Reaching safepoint: 24849 ns, Cleanup: 14708 ns, At safepoint: 10216 ns, Total: 49773 ns
[2025-05-20T12:42:19.030+0000][73][info ][safepoint   ] Safepoint "Cleanup", Time since last: 1000606966 ns, Reaching safepoint: 30010 ns, Cleanup: 15894 ns, At safepoint: 15201 ns, Total: 61105 ns
[2025-05-20T12:42:20.031+0000][73][info ][safepoint   ] Safepoint "Cleanup", Time since last: 1000677426 ns, Reaching safepoint: 24406 ns, Cleanup: 13544 ns, At safepoint: 10612 ns, Total: 48562 ns
[2025-05-20T12:42:22.032+0000][73][info ][safepoint   ] Safepoint "Cleanup", Time since last: 2000687383 ns, Reaching safepoint: 51058 ns, Cleanup: 23560 ns, At safepoint: 29226 ns, Total: 103844 ns
[2025-05-20T12:42:27.034+0000][73][info ][safepoint   ] Safepoint "Cleanup", Time since last: 5002109562 ns, Reaching safepoint: 31610 ns, Cleanup: 31034 ns, At safepoint: 15150 ns, Total: 77794 ns
[2025-05-20T12:42:28.035+0000][73][info ][safepoint   ] Safepoint "Cleanup", Time since last: 1000802142 ns, Reaching safepoint: 32169 ns, Cleanup: 16296 ns, At safepoint: 15612 ns, Total: 64077 ns
[2025-05-20T12:42:32.036+0000][73][info ][safepoint   ] Safepoint "Cleanup", Time since last: 4001504075 ns, Reaching safepoint: 48422 ns, Cleanup: 18613 ns, At safepoint: 8828 ns, Total: 75863 ns
[2025-05-20T12:42:36.136+0000][73][info ][safepoint   ] Safepoint "Cleanup", Time since last: 4099844356 ns, Reaching safepoint: 15266 ns, Cleanup: 20140 ns, At safepoint: 15881 ns, Total: 51287 ns
[2025-05-20T12:42:38.052+0000][73][info ][safepoint   ] Safepoint "Cleanup", Time since last: 1915376383 ns, Reaching safepoint: 33887 ns, Cleanup: 47314 ns, At safepoint: 18382 ns, Total: 99583 ns
[2025-05-20T12:42:39.147+0000][73][info ][safepoint   ] Safepoint "Cleanup", Time since last: 1095276305 ns, Reaching safepoint: 5974 ns, Cleanup: 6125 ns, At safepoint: 12820 ns, Total: 24919 ns
[2025-05-20T12:42:41.089+0000][73][info ][safepoint   ] Safepoint "Cleanup", Time since last: 1942243227 ns, Reaching safepoint: 19357 ns, Cleanup: 105692 ns, At safepoint: 10621 ns, Total: 135670 ns
[2025-05-20T12:42:42.090+0000][73][info ][safepoint   ] Safepoint "Cleanup", Time since last: 1000883623 ns, Reaching safepoint: 35418 ns, Cleanup: 26411 ns, At safepoint: 19045 ns, Total: 80874 ns
[2025-05-20T12:42:43.091+0000][73][info ][safepoint   ] Safepoint "Cleanup", Time since last: 1000850279 ns, Reaching safepoint: 32521 ns, Cleanup: 15769 ns, At safepoint: 15633 ns, Total: 63923 ns
[2025-05-20T12:42:47.093+0000][73][info ][safepoint   ] Safepoint "Cleanup", Time since last: 4001217735 ns, Reaching safepoint: 73821 ns, Cleanup: 17500 ns, At safepoint: 17596 ns, Total: 108917 ns
[2025-05-20T12:42:48.093+0000][73][info ][safepoint   ] Safepoint "Cleanup", Time since last: 1000878684 ns, Reaching safepoint: 30764 ns, Cleanup: 17275 ns, At safepoint: 15762 ns, Total: 63801 ns
[2025-05-20T12:42:49.091+0000][73][info ][safepoint   ] Safepoint "Cleanup", Time since last: 1000903051 ns, Reaching safepoint: 139181 ns, Cleanup: 22910 ns, At safepoint: 18792 ns, Total: 180883 ns
[2025-05-20T12:42:52.092+0000][73][info ][safepoint   ] Safepoint "Cleanup", Time since last: 3001038634 ns, Reaching safepoint: 21306 ns, Cleanup: 27149 ns, At safepoint: 9174 ns, Total: 57629 ns
[2025-05-20T12:42:54.645+0000][73][info ][safepoint   ] Safepoint "Cleanup", Time since last: 2552481736 ns, Reaching safepoint: 17516 ns, Cleanup: 14705 ns, At safepoint: 24223 ns, Total: 56444 ns
[2025-05-20T12:42:56.646+0000][73][info ][safepoint   ] Safepoint "Cleanup", Time since last: 2001050711 ns, Reaching safepoint: 389151 ns, Cleanup: 14017 ns, At safepoint: 43862 ns, Total: 447030 ns
[2025-05-20T12:42:57.652+0000][73][info ][safepoint   ] Safepoint "Cleanup", Time since last: 1005835301 ns, Reaching safepoint: 28004 ns, Cleanup: 20254 ns, At safepoint: 11527 ns, Total: 59785 ns
[2025-05-20T12:42:59.659+0000][73][info ][safepoint   ] Safepoint "Cleanup", Time since last: 2007126534 ns, Reaching safepoint: 62957 ns, Cleanup: 17469 ns, At safepoint: 11102 ns, Total: 91528 ns
[2025-05-20T12:43:01.151+0000][73][info ][safepoint   ] Safepoint "Cleanup", Time since last: 1491185115 ns, Reaching safepoint: 7698 ns, Cleanup: 33001 ns, At safepoint: 30365 ns, Total: 71064 ns
[2025-05-20T12:43:02.201+0000][73][info ][safepoint   ] Safepoint "Cleanup", Time since last: 1050070260 ns, Reaching safepoint: 6227 ns, Cleanup: 35991 ns, At safepoint: 12905 ns, Total: 55123 ns
[2025-05-20T12:43:03.219+0000][73][info ][safepoint   ] Safepoint "Cleanup", Time since last: 1018209246 ns, Reaching safepoint: 28571 ns, Cleanup: 17206 ns, At safepoint: 12362 ns, Total: 58139 ns
[2025-05-20T12:43:06.220+0000][73][info ][safepoint   ] Safepoint "Cleanup", Time since last: 3000875201 ns, Reaching safepoint: 129746 ns, Cleanup: 31701 ns, At safepoint: 20382 ns, Total: 181829 ns
[2025-05-20T12:43:07.568+0000][73][info ][safepoint   ] Safepoint "Cleanup", Time since last: 1347898914 ns, Reaching safepoint: 32960 ns, Cleanup: 34145 ns, At safepoint: 16152 ns, Total: 83257 ns
[2025-05-20T12:43:09.569+0000][73][info ][safepoint   ] Safepoint "Cleanup", Time since last: 2000774642 ns, Reaching safepoint: 32191 ns, Cleanup: 15949 ns, At safepoint: 15949 ns, Total: 64089 ns
[2025-05-20T12:43:12.570+0000][73][info ][safepoint   ] Safepoint "Cleanup", Time since last: 3000865920 ns, Reaching safepoint: 23659 ns, Cleanup: 13761 ns, At safepoint: 8945 ns, Total: 46365 ns
[2025-05-20T12:43:15.571+0000][73][info ][safepoint   ] Safepoint "Cleanup", Time since last: 3000887171 ns, Reaching safepoint: 64747 ns, Cleanup: 15069 ns, At safepoint: 11490 ns, Total: 91306 ns
[2025-05-20T12:43:17.573+0000][73][info ][safepoint   ] Safepoint "Cleanup", Time since last: 2002407999 ns, Reaching safepoint: 21519 ns, Cleanup: 110993 ns, At safepoint: 15902 ns, Total: 148414 ns
[2025-05-20T12:43:18.574+0000][73][info ][safepoint   ] Safepoint "Cleanup", Time since last: 1000806400 ns, Reaching safepoint: 27492 ns, Cleanup: 15461 ns, At safepoint: 11999 ns, Total: 54952 ns
[2025-05-20T12:43:19.572+0000][73][info ][safepoint   ] Safepoint "Cleanup", Time since last: 1000771045 ns, Reaching safepoint: 19080 ns, Cleanup: 11927 ns, At safepoint: 9352 ns, Total: 40359 ns
[2025-05-20T12:43:22.573+0000][73][info ][safepoint   ] Safepoint "Cleanup", Time since last: 3000844530 ns, Reaching safepoint: 31115 ns, Cleanup: 17274 ns, At safepoint: 15844 ns, Total: 64233 ns
[2025-05-20T12:43:26.574+0000][73][info ][safepoint   ] Safepoint "Cleanup", Time since last: 4001236511 ns, Reaching safepoint: 30421 ns, Cleanup: 26899 ns, At safepoint: 15563 ns, Total: 72883 ns
[2025-05-20T12:43:27.575+0000][73][info ][safepoint   ] Safepoint "Cleanup", Time since last: 1000667299 ns, Reaching safepoint: 20523 ns, Cleanup: 15354 ns, At safepoint: 9247 ns, Total: 45124 ns
[2025-05-20T12:43:32.577+0000][73][info ][safepoint   ] Safepoint "Cleanup", Time since last: 5001629703 ns, Reaching safepoint: 104355 ns, Cleanup: 22499 ns, At safepoint: 20675 ns, Total: 147529 ns
[2025-05-20T12:43:36.578+0000][73][info ][safepoint   ] Safepoint "Cleanup", Time since last: 4001308057 ns, Reaching safepoint: 36234 ns, Cleanup: 18059 ns, At safepoint: 17559 ns, Total: 71852 ns
[2025-05-20T12:43:37.579+0000][73][info ][safepoint   ] Safepoint "Cleanup", Time since last: 1000794879 ns, Reaching safepoint: 27565 ns, Cleanup: 53399 ns, At safepoint: 30561 ns, Total: 111525 ns
[2025-05-20T12:43:42.580+0000][73][info ][safepoint   ] Safepoint "Cleanup", Time since last: 5001284784 ns, Reaching safepoint: 53424 ns, Cleanup: 21058 ns, At safepoint: 11164 ns, Total: 85646 ns
[2025-05-20T12:43:47.586+0000][73][info ][safepoint   ] Safepoint "Cleanup", Time since last: 5005044540 ns, Reaching safepoint: 68706 ns, Cleanup: 21268 ns, At safepoint: 15586 ns, Total: 105560 ns
[2025-05-20T12:43:48.586+0000][73][info ][safepoint   ] Safepoint "Cleanup", Time since last: 1000711692 ns, Reaching safepoint: 31638 ns, Cleanup: 16865 ns, At safepoint: 15843 ns, Total: 64346 ns
[2025-05-20T12:43:49.584+0000][73][info ][safepoint   ] Safepoint "Cleanup", Time since last: 1000530217 ns, Reaching safepoint: 23423 ns, Cleanup: 15706 ns, At safepoint: 10554 ns, Total: 49683 ns
[2025-05-20T12:43:52.586+0000][73][info ][safepoint   ] Safepoint "Cleanup", Time since last: 3002127281 ns, Reaching safepoint: 23575 ns, Cleanup: 16504 ns, At safepoint: 8940 ns, Total: 49019 ns
[2025-05-20T12:43:56.675+0000][73][info ][safepoint   ] Safepoint "Cleanup", Time since last: 4089009136 ns, Reaching safepoint: 30911 ns, Cleanup: 19792 ns, At safepoint: 16027 ns, Total: 66730 ns
[2025-05-20T12:44:01.676+0000][73][info ][safepoint   ] Safepoint "Cleanup", Time since last: 5001268921 ns, Reaching safepoint: 47597 ns, Cleanup: 22996 ns, At safepoint: 8183 ns, Total: 78776 ns
[2025-05-20T12:44:03.146+0000][73][info ][safepoint   ] Safepoint "Cleanup", Time since last: 1469307561 ns, Reaching safepoint: 166599 ns, Cleanup: 15645 ns, At safepoint: 49139 ns, Total: 231383 ns
[2025-05-20T12:44:04.160+0000][73][info ][safepoint   ] Safepoint "Cleanup", Time since last: 1013783693 ns, Reaching safepoint: 20145 ns, Cleanup: 24046 ns, At safepoint: 10156 ns, Total: 54347 ns
[2025-05-20T12:44:05.254+0000][73][info ][safepoint   ] Safepoint "Cleanup", Time since last: 1094472501 ns, Reaching safepoint: 35342 ns, Cleanup: 22052 ns, At safepoint: 16255 ns, Total: 73649 ns
[2025-05-20T12:44:06.255+0000][73][info ][safepoint   ] Safepoint "Cleanup", Time since last: 1000620270 ns, Reaching safepoint: 18416 ns, Cleanup: 15723 ns, At safepoint: 8973 ns, Total: 43112 ns
[2025-05-20T12:44:07.256+0000][73][info ][safepoint   ] Safepoint "Cleanup", Time since last: 1000816799 ns, Reaching safepoint: 35028 ns, Cleanup: 17426 ns, At safepoint: 16644 ns, Total: 69098 ns
[2025-05-20T12:44:09.257+0000][73][info ][safepoint   ] Safepoint "Cleanup", Time since last: 2000958171 ns, Reaching safepoint: 33347 ns, Cleanup: 25752 ns, At safepoint: 15858 ns, Total: 74957 ns
[2025-05-20T12:44:12.258+0000][73][info ][safepoint   ] Safepoint "Cleanup", Time since last: 3000798041 ns, Reaching safepoint: 26306 ns, Cleanup: 19595 ns, At safepoint: 11194 ns, Total: 57095 ns
[2025-05-20T12:44:18.259+0000][73][info ][safepoint   ] Safepoint "Cleanup", Time since last: 6001586611 ns, Reaching safepoint: 64206 ns, Cleanup: 13993 ns, At safepoint: 12340 ns, Total: 90539 ns
[2025-05-20T12:44:22.258+0000][73][info ][safepoint   ] Safepoint "Cleanup", Time since last: 4001073792 ns, Reaching safepoint: 27454 ns, Cleanup: 18212 ns, At safepoint: 13059 ns, Total: 58725 ns
[2025-05-20T12:44:27.259+0000][73][info ][safepoint   ] Safepoint "Cleanup", Time since last: 5001234441 ns, Reaching safepoint: 36982 ns, Cleanup: 26199 ns, At safepoint: 17617 ns, Total: 80798 ns
[2025-05-20T12:44:30.260+0000][73][info ][safepoint   ] Safepoint "Cleanup", Time since last: 3001047646 ns, Reaching safepoint: 19104 ns, Cleanup: 14437 ns, At safepoint: 8433 ns, Total: 41974 ns
[2025-05-20T12:44:33.261+0000][73][info ][safepoint   ] Safepoint "Cleanup", Time since last: 3001028888 ns, Reaching safepoint: 35224 ns, Cleanup: 22746 ns, At safepoint: 16657 ns, Total: 74627 ns
[2025-05-20T12:44:36.262+0000][73][info ][safepoint   ] Safepoint "Cleanup", Time since last: 3000953698 ns, Reaching safepoint: 31478 ns, Cleanup: 14656 ns, At safepoint: 11548 ns, Total: 57682 ns
[2025-05-20T12:44:42.264+0000][73][info ][safepoint   ] Safepoint "Cleanup", Time since last: 6001332649 ns, Reaching safepoint: 31374 ns, Cleanup: 17686 ns, At safepoint: 15051 ns, Total: 64111 ns
[2025-05-20T12:44:45.265+0000][73][info ][safepoint   ] Safepoint "Cleanup", Time since last: 3000853881 ns, Reaching safepoint: 19904 ns, Cleanup: 12813 ns, At safepoint: 8584 ns, Total: 41301 ns
[2025-05-20T12:44:51.263+0000][73][info ][safepoint   ] Safepoint "Cleanup", Time since last: 6001613801 ns, Reaching safepoint: 66167 ns, Cleanup: 16640 ns, At safepoint: 13617 ns, Total: 96424 ns
[2025-05-20T12:44:52.267+0000][73][info ][safepoint   ] Safepoint "Cleanup", Time since last: 1003932194 ns, Reaching safepoint: 36955 ns, Cleanup: 18770 ns, At safepoint: 17081 ns, Total: 72806 ns
[2025-05-20T12:45:03.706+0000][73][info ][safepoint   ] Safepoint "Cleanup", Time since last: 11439068584 ns, Reaching safepoint: 22989 ns, Cleanup: 12979 ns, At safepoint: 8917 ns, Total: 44885 ns
[2025-05-20T12:45:06.144+0000][73][info ][safepoint   ] Safepoint "Cleanup", Time since last: 2437216149 ns, Reaching safepoint: 90813 ns, Cleanup: 15947 ns, At safepoint: 33861 ns, Total: 140621 ns
[2025-05-20T12:45:07.314+0000][73][info ][safepoint   ] Safepoint "Cleanup", Time since last: 1170147642 ns, Reaching safepoint: 25135 ns, Cleanup: 26674 ns, At safepoint: 10551 ns, Total: 62360 ns
[2025-05-20T12:45:08.328+0000][73][info ][safepoint   ] Safepoint "Cleanup", Time since last: 1013742587 ns, Reaching safepoint: 27333 ns, Cleanup: 16436 ns, At safepoint: 11100 ns, Total: 54869 ns
[2025-05-20T12:45:09.351+0000][73][info ][safepoint   ] Safepoint "Cleanup", Time since last: 1022729151 ns, Reaching safepoint: 28018 ns, Cleanup: 41055 ns, At safepoint: 25523 ns, Total: 94596 ns
[2025-05-20T12:45:22.363+0000][73][info ][safepoint   ] Safepoint "Cleanup", Time since last: 13015558505 ns, Reaching safepoint: 78668 ns, Cleanup: 17198 ns, At safepoint: 18104 ns, Total: 113970 ns
[2025-05-20T12:45:27.364+0000][73][info ][safepoint   ] Safepoint "Cleanup", Time since last: 5001217538 ns, Reaching safepoint: 41943 ns, Cleanup: 46338 ns, At safepoint: 17229 ns, Total: 105510 ns
[2025-05-20T12:45:29.366+0000][73][info ][safepoint   ] Safepoint "Cleanup", Time since last: 2001821906 ns, Reaching safepoint: 39724 ns, Cleanup: 18627 ns, At safepoint: 17328 ns, Total: 75679 ns
[2025-05-20T12:45:33.367+0000][73][info ][safepoint   ] Safepoint "Cleanup", Time since last: 4001147182 ns, Reaching safepoint: 61410 ns, Cleanup: 17381 ns, At safepoint: 17676 ns, Total: 96467 ns
[2025-05-20T12:45:36.368+0000][73][info ][safepoint   ] Safepoint "Cleanup", Time since last: 3000925491 ns, Reaching safepoint: 27797 ns, Cleanup: 17663 ns, At safepoint: 11601 ns, Total: 57061 ns
[2025-05-20T12:45:37.370+0000][73][info ][safepoint   ] Safepoint "Cleanup", Time since last: 1001196069 ns, Reaching safepoint: 33246 ns, Cleanup: 23536 ns, At safepoint: 15588 ns, Total: 72370 ns
[2025-05-20T12:45:39.371+0000][73][info ][safepoint   ] Safepoint "Cleanup", Time since last: 2000819834 ns, Reaching safepoint: 27513 ns, Cleanup: 11846 ns, At safepoint: 9676 ns, Total: 49035 ns
[2025-05-20T12:45:42.376+0000][73][info ][safepoint   ] Safepoint "Cleanup", Time since last: 3005132622 ns, Reaching safepoint: 31953 ns, Cleanup: 16932 ns, At safepoint: 15493 ns, Total: 64378 ns
[2025-05-20T12:45:47.377+0000][73][info ][safepoint   ] Safepoint "Cleanup", Time since last: 5001335571 ns, Reaching safepoint: 26530 ns, Cleanup: 17030 ns, At safepoint: 11356 ns, Total: 54916 ns
[2025-05-20T12:45:57.736+0000][73][info ][safepoint   ] Safepoint "Cleanup", Time since last: 10361167166 ns, Reaching safepoint: 18498 ns, Cleanup: 14974 ns, At safepoint: 7862 ns, Total: 41334 ns
[2025-05-20T12:45:58.737+0000][73][info ][safepoint   ] Safepoint "Cleanup", Time since last: 1000746420 ns, Reaching safepoint: 32772 ns, Cleanup: 16188 ns, At safepoint: 16814 ns, Total: 65774 ns
[2025-05-20T12:46:00.738+0000][73][info ][safepoint   ] Safepoint "Cleanup", Time since last: 2000978996 ns, Reaching safepoint: 17155 ns, Cleanup: 11933 ns, At safepoint: 7965 ns, Total: 37053 ns
[2025-05-20T12:46:01.739+0000][73][info ][safepoint   ] Safepoint "Cleanup", Time since last: 1000815319 ns, Reaching safepoint: 27093 ns, Cleanup: 20712 ns, At safepoint: 12321 ns, Total: 60126 ns
[2025-05-20T12:46:06.740+0000][73][info ][safepoint   ] Safepoint "Cleanup", Time since last: 5001597164 ns, Reaching safepoint: 71001 ns, Cleanup: 25605 ns, At safepoint: 16995 ns, Total: 113601 ns
[2025-05-20T12:46:07.741+0000][73][info ][safepoint   ] Safepoint "Cleanup", Time since last: 1000800698 ns, Reaching safepoint: 29719 ns, Cleanup: 17113 ns, At safepoint: 14669 ns, Total: 61501 ns
[2025-05-20T12:46:09.148+0000][73][info ][safepoint   ] Safepoint "Cleanup", Time since last: 1406377741 ns, Reaching safepoint: 17488 ns, Cleanup: 27098 ns, At safepoint: 91641 ns, Total: 136227 ns
[2025-05-20T12:46:10.386+0000][73][info ][safepoint   ] Safepoint "Cleanup", Time since last: 1238587789 ns, Reaching safepoint: 30553 ns, Cleanup: 33863 ns, At safepoint: 15193 ns, Total: 79609 ns
[2025-05-20T12:46:18.388+0000][73][info ][safepoint   ] Safepoint "Cleanup", Time since last: 8001915256 ns, Reaching safepoint: 39221 ns, Cleanup: 18420 ns, At safepoint: 15730 ns, Total: 73371 ns
[2025-05-20T12:46:22.387+0000][73][info ][safepoint   ] Safepoint "Cleanup", Time since last: 4001338176 ns, Reaching safepoint: 33267 ns, Cleanup: 17170 ns, At safepoint: 17564 ns, Total: 68001 ns
[2025-05-20T12:46:26.388+0000][73][info ][safepoint   ] Safepoint "Cleanup", Time since last: 4001216582 ns, Reaching safepoint: 25654 ns, Cleanup: 21751 ns, At safepoint: 11689 ns, Total: 59094 ns
[2025-05-20T12:46:27.389+0000][73][info ][safepoint   ] Safepoint "Cleanup", Time since last: 1000638779 ns, Reaching safepoint: 35767 ns, Cleanup: 21370 ns, At safepoint: 17820 ns, Total: 74957 ns
[2025-05-20T12:46:28.390+0000][73][info ][safepoint   ] Safepoint "Cleanup", Time since last: 1000802223 ns, Reaching safepoint: 30387 ns, Cleanup: 15650 ns, At safepoint: 15235 ns, Total: 61272 ns
[2025-05-20T12:46:30.391+0000][73][info ][safepoint   ] Safepoint "Cleanup", Time since last: 2000958993 ns, Reaching safepoint: 28844 ns, Cleanup: 14417 ns, At safepoint: 13493 ns, Total: 56754 ns
[2025-05-20T12:46:32.392+0000][73][info ][safepoint   ] Safepoint "Cleanup", Time since last: 2001076737 ns, Reaching safepoint: 16581 ns, Cleanup: 12127 ns, At safepoint: 7250 ns, Total: 35958 ns
[2025-05-20T12:46:34.393+0000][73][info ][safepoint   ] Safepoint "Cleanup", Time since last: 2000961790 ns, Reaching safepoint: 70665 ns, Cleanup: 16178 ns, At safepoint: 31868 ns, Total: 118711 ns
[2025-05-20T12:46:37.394+0000][73][info ][safepoint   ] Safepoint "Cleanup", Time since last: 3001029880 ns, Reaching safepoint: 34022 ns, Cleanup: 16093 ns, At safepoint: 16678 ns, Total: 66793 ns
[2025-05-20T12:46:51.393+0000][73][info ][safepoint   ] Safepoint "Cleanup", Time since last: 14002745763 ns, Reaching safepoint: 106534 ns, Cleanup: 8638 ns, At safepoint: 67300 ns, Total: 182472 ns
[2025-05-20T12:46:52.403+0000][73][info ][safepoint   ] Safepoint "Cleanup", Time since last: 1010198684 ns, Reaching safepoint: 29574 ns, Cleanup: 16714 ns, At safepoint: 11294 ns, Total: 57582 ns
[2025-05-20T12:46:56.765+0000][73][info ][safepoint   ] Safepoint "Cleanup", Time since last: 4362380739 ns, Reaching safepoint: 39413 ns, Cleanup: 21816 ns, At safepoint: 17125 ns, Total: 78354 ns
[2025-05-20T12:46:57.766+0000][73][info ][safepoint   ] Safepoint "Cleanup", Time since last: 1000676646 ns, Reaching safepoint: 34652 ns, Cleanup: 16279 ns, At safepoint: 16662 ns, Total: 67593 ns
[2025-05-20T12:46:58.767+0000][73][info ][safepoint   ] Safepoint "Cleanup", Time since last: 1000762981 ns, Reaching safepoint: 74351 ns, Cleanup: 19232 ns, At safepoint: 14010 ns, Total: 107593 ns
[2025-05-20T12:47:06.770+0000][73][info ][safepoint   ] Safepoint "Cleanup", Time since last: 8002497473 ns, Reaching safepoint: 87905 ns, Cleanup: 17129 ns, At safepoint: 17867 ns, Total: 122901 ns
[2025-05-20T12:47:09.771+0000][73][info ][safepoint   ] Safepoint "Cleanup", Time since last: 3001033918 ns, Reaching safepoint: 39233 ns, Cleanup: 29067 ns, At safepoint: 17662 ns, Total: 85962 ns
[2025-05-20T12:47:12.125+0000][73][info ][safepoint   ] Safepoint "Cleanup", Time since last: 2353934931 ns, Reaching safepoint: 452051 ns, Cleanup: 18896 ns, At safepoint: 203463 ns, Total: 674410 ns
[2025-05-20T12:47:13.431+0000][73][info ][safepoint   ] Safepoint "Cleanup", Time since last: 1305257903 ns, Reaching safepoint: 19691 ns, Cleanup: 11718 ns, At safepoint: 7916 ns, Total: 39325 ns
[2025-05-20T12:47:15.432+0000][73][info ][safepoint   ] Safepoint "Cleanup", Time since last: 2001026506 ns, Reaching safepoint: 29032 ns, Cleanup: 19596 ns, At safepoint: 12229 ns, Total: 60857 ns
[2025-05-20T12:47:18.433+0000][73][info ][safepoint   ] Safepoint "Cleanup", Time since last: 3001226911 ns, Reaching safepoint: 37645 ns, Cleanup: 20208 ns, At safepoint: 10596 ns, Total: 68449 ns
[2025-05-20T12:47:21.432+0000][73][info ][safepoint   ] Safepoint "Cleanup", Time since last: 3000896865 ns, Reaching safepoint: 45163 ns, Cleanup: 33432 ns, At safepoint: 25393 ns, Total: 103988 ns
[2025-05-20T12:47:22.433+0000][73][info ][safepoint   ] Safepoint "Cleanup", Time since last: 1000742563 ns, Reaching safepoint: 35633 ns, Cleanup: 23648 ns, At safepoint: 16053 ns, Total: 75334 ns
[2025-05-20T12:47:23.434+0000][73][info ][safepoint   ] Safepoint "Cleanup", Time since last: 1000659055 ns, Reaching safepoint: 18096 ns, Cleanup: 11671 ns, At safepoint: 7901 ns, Total: 37668 ns
[2025-05-20T12:47:26.435+0000][73][info ][safepoint   ] Safepoint "Cleanup", Time since last: 3001073918 ns, Reaching safepoint: 30394 ns, Cleanup: 17202 ns, At safepoint: 10898 ns, Total: 58494 ns
[2025-05-20T12:47:27.436+0000][73][info ][safepoint   ] Safepoint "Cleanup", Time since last: 1000600258 ns, Reaching safepoint: 37253 ns, Cleanup: 22456 ns, At safepoint: 16466 ns, Total: 76175 ns
[2025-05-20T12:47:37.438+0000][73][info ][safepoint   ] Safepoint "Cleanup", Time since last: 10002272014 ns, Reaching safepoint: 77526 ns, Cleanup: 23413 ns, At safepoint: 80431 ns, Total: 181370 ns
[2025-05-20T12:47:39.149+0000][73][info ][safepoint   ] Safepoint "Cleanup", Time since last: 1710721192 ns, Reaching safepoint: 8134 ns, Cleanup: 9118 ns, At safepoint: 13368 ns, Total: 30620 ns
[2025-05-20T12:47:40.454+0000][73][info ][safepoint   ] Safepoint "Cleanup", Time since last: 1305017037 ns, Reaching safepoint: 32893 ns, Cleanup: 40415 ns, At safepoint: 14401 ns, Total: 87709 ns
[2025-05-20T12:47:42.121+0000][73][info ][safepoint   ] Safepoint "Cleanup", Time since last: 1667371909 ns, Reaching safepoint: 6840 ns, Cleanup: 15445 ns, At safepoint: 13458 ns, Total: 35743 ns
[2025-05-20T12:47:43.489+0000][73][info ][safepoint   ] Safepoint "Cleanup", Time since last: 1368158208 ns, Reaching safepoint: 25409 ns, Cleanup: 23251 ns, At safepoint: 11815 ns, Total: 60475 ns
[2025-05-20T12:47:44.490+0000][73][info ][safepoint   ] Safepoint "Cleanup", Time since last: 1000656992 ns, Reaching safepoint: 34201 ns, Cleanup: 16552 ns, At safepoint: 16004 ns, Total: 66757 ns
[2025-05-20T12:47:45.524+0000][73][info ][safepoint   ] Safepoint "Cleanup", Time since last: 1033643314 ns, Reaching safepoint: 45276 ns, Cleanup: 16290 ns, At safepoint: 13042 ns, Total: 74608 ns
[2025-05-20T12:47:47.525+0000][73][info ][safepoint   ] Safepoint "Cleanup", Time since last: 2000894216 ns, Reaching safepoint: 30411 ns, Cleanup: 17633 ns, At safepoint: 15275 ns, Total: 63319 ns
[2025-05-20T12:47:51.523+0000][73][info ][safepoint   ] Safepoint "Cleanup", Time since last: 4001187189 ns, Reaching safepoint: 25191 ns, Cleanup: 17429 ns, At safepoint: 12301 ns, Total: 54921 ns
[2025-05-20T12:47:52.524+0000][73][info ][safepoint   ] Safepoint "Cleanup", Time since last: 1000550702 ns, Reaching safepoint: 24888 ns, Cleanup: 18929 ns, At safepoint: 11362 ns, Total: 55179 ns
[2025-05-20T12:47:57.800+0000][73][info ][safepoint   ] Safepoint "Cleanup", Time since last: 5276379823 ns, Reaching safepoint: 24515 ns, Cleanup: 15144 ns, At safepoint: 10745 ns, Total: 50404 ns
[2025-05-20T12:48:06.530+0000][73][info ][safepoint   ] Safepoint "Cleanup", Time since last: 8729693144 ns, Reaching safepoint: 22194 ns, Cleanup: 13101 ns, At safepoint: 15137 ns, Total: 50432 ns
[2025-05-20T12:48:07.871+0000][73][info ][safepoint   ] Safepoint "Cleanup", Time since last: 1341037419 ns, Reaching safepoint: 18692 ns, Cleanup: 22492 ns, At safepoint: 9045 ns, Total: 50229 ns
[2025-05-20T12:48:09.872+0000][73][info ][safepoint   ] Safepoint "Cleanup", Time since last: 2000995729 ns, Reaching safepoint: 25452 ns, Cleanup: 16588 ns, At safepoint: 12296 ns, Total: 54336 ns
[2025-05-20T12:48:11.878+0000][73][info ][safepoint   ] Safepoint "Cleanup", Time since last: 2006469731 ns, Reaching safepoint: 28465 ns, Cleanup: 46214 ns, At safepoint: 10320 ns, Total: 84999 ns
[2025-05-20T12:48:12.879+0000][73][info ][safepoint   ] Safepoint "Cleanup", Time since last: 1000699418 ns, Reaching safepoint: 30655 ns, Cleanup: 16189 ns, At safepoint: 13398 ns, Total: 60242 ns
[2025-05-20T12:48:13.880+0000][73][info ][safepoint   ] Safepoint "Cleanup", Time since last: 1001060044 ns, Reaching safepoint: 18753 ns, Cleanup: 14317 ns, At safepoint: 8735 ns, Total: 41805 ns
[2025-05-20T12:48:15.148+0000][73][info ][safepoint   ] Safepoint "Cleanup", Time since last: 1267732130 ns, Reaching safepoint: 200417 ns, Cleanup: 23301 ns, At safepoint: 58445 ns, Total: 282163 ns
[2025-05-20T12:48:16.583+0000][73][info ][safepoint   ] Safepoint "Cleanup", Time since last: 1434492580 ns, Reaching safepoint: 13263 ns, Cleanup: 57038 ns, At safepoint: 60907 ns, Total: 131208 ns
[2025-05-20T12:48:17.590+0000][73][info ][safepoint   ] Safepoint "Cleanup", Time since last: 1006789849 ns, Reaching safepoint: 23628 ns, Cleanup: 14508 ns, At safepoint: 8390 ns, Total: 46526 ns
[2025-05-20T12:48:18.591+0000][73][info ][safepoint   ] Safepoint "Cleanup", Time since last: 1000761151 ns, Reaching safepoint: 21074 ns, Cleanup: 14777 ns, At safepoint: 8043 ns, Total: 43894 ns
[2025-05-20T12:48:19.587+0000][73][info ][safepoint   ] Safepoint "Cleanup", Time since last: 1000728658 ns, Reaching safepoint: 19219 ns, Cleanup: 18372 ns, At safepoint: 8842 ns, Total: 46433 ns
[2025-05-20T12:48:22.588+0000][73][info ][safepoint   ] Safepoint "Cleanup", Time since last: 3000936981 ns, Reaching safepoint: 30170 ns, Cleanup: 25466 ns, At safepoint: 15122 ns, Total: 70758 ns
[2025-05-20T12:48:24.589+0000][73][info ][safepoint   ] Safepoint "Cleanup", Time since last: 2000973487 ns, Reaching safepoint: 29510 ns, Cleanup: 14436 ns, At safepoint: 41625 ns, Total: 85571 ns
[2025-05-20T12:48:26.591+0000][73][info ][safepoint   ] Safepoint "Cleanup", Time since last: 2001944464 ns, Reaching safepoint: 33848 ns, Cleanup: 19116 ns, At safepoint: 16593 ns, Total: 69557 ns
[2025-05-20T12:48:27.592+0000][73][info ][safepoint   ] Safepoint "Cleanup", Time since last: 1000805894 ns, Reaching safepoint: 29567 ns, Cleanup: 18473 ns, At safepoint: 15253 ns, Total: 63293 ns
[2025-05-20T12:48:30.593+0000][73][info ][safepoint   ] Safepoint "Cleanup", Time since last: 3001093404 ns, Reaching safepoint: 20505 ns, Cleanup: 13976 ns, At safepoint: 8698 ns, Total: 43179 ns
[2025-05-20T12:48:32.594+0000][73][info ][safepoint   ] Safepoint "Cleanup", Time since last: 2000885636 ns, Reaching safepoint: 34558 ns, Cleanup: 17742 ns, At safepoint: 15437 ns, Total: 67737 ns
[2025-05-20T12:48:36.595+0000][73][info ][safepoint   ] Safepoint "Cleanup", Time since last: 4001332575 ns, Reaching safepoint: 88896 ns, Cleanup: 16501 ns, At safepoint: 12089 ns, Total: 117486 ns
[2025-05-20T12:48:37.597+0000][73][info ][safepoint   ] Safepoint "Cleanup", Time since last: 1001311785 ns, Reaching safepoint: 80805 ns, Cleanup: 21236 ns, At safepoint: 38125 ns, Total: 140166 ns
[2025-05-20T12:48:43.598+0000][73][info ][safepoint   ] Safepoint "Cleanup", Time since last: 6001343396 ns, Reaching safepoint: 30911 ns, Cleanup: 13779 ns, At safepoint: 12112 ns, Total: 56802 ns
[2025-05-20T12:48:47.600+0000][73][info ][safepoint   ] Safepoint "Cleanup", Time since last: 4001374447 ns, Reaching safepoint: 32828 ns, Cleanup: 20798 ns, At safepoint: 16356 ns, Total: 69982 ns
[2025-05-20T12:48:53.600+0000][73][info ][safepoint   ] Safepoint "Cleanup", Time since last: 6001414767 ns, Reaching safepoint: 33597 ns, Cleanup: 15818 ns, At safepoint: 15104 ns, Total: 64519 ns
[2025-05-20T12:49:03.835+0000][73][info ][safepoint   ] Safepoint "Cleanup", Time since last: 10234764009 ns, Reaching safepoint: 30830 ns, Cleanup: 16535 ns, At safepoint: 16332 ns, Total: 63697 ns
[2025-05-20T12:49:06.836+0000][73][info ][safepoint   ] Safepoint "Cleanup", Time since last: 3001266666 ns, Reaching safepoint: 30891 ns, Cleanup: 14675 ns, At safepoint: 11464 ns, Total: 57030 ns
[2025-05-20T12:49:11.838+0000][73][info ][safepoint   ] Safepoint "Cleanup", Time since last: 5001387775 ns, Reaching safepoint: 54256 ns, Cleanup: 18106 ns, At safepoint: 12735 ns, Total: 85097 ns
[2025-05-20T12:49:13.839+0000][73][info ][safepoint   ] Safepoint "Cleanup", Time since last: 2000620025 ns, Reaching safepoint: 27185 ns, Cleanup: 15364 ns, At safepoint: 10529 ns, Total: 53078 ns
[2025-05-20T12:49:17.840+0000][73][info ][safepoint   ] Safepoint "Cleanup", Time since last: 4001410133 ns, Reaching safepoint: 35515 ns, Cleanup: 18777 ns, At safepoint: 17888 ns, Total: 72180 ns
[2025-05-20T12:49:19.622+0000][73][info ][safepoint   ] Safepoint "Cleanup", Time since last: 1785863343 ns, Reaching safepoint: 31356 ns, Cleanup: 26022 ns, At safepoint: 16025 ns, Total: 73403 ns
[2025-05-20T12:49:21.623+0000][73][info ][safepoint   ] Safepoint "Cleanup", Time since last: 2000948132 ns, Reaching safepoint: 26080 ns, Cleanup: 13931 ns, At safepoint: 12009 ns, Total: 52020 ns
[2025-05-20T12:49:24.637+0000][73][info ][safepoint   ] Safepoint "Cleanup", Time since last: 3013140496 ns, Reaching safepoint: 170315 ns, Cleanup: 16331 ns, At safepoint: 18450 ns, Total: 205096 ns
[2025-05-20T12:49:26.637+0000][73][info ][safepoint   ] Safepoint "Cleanup", Time since last: 2000867039 ns, Reaching safepoint: 20251 ns, Cleanup: 15767 ns, At safepoint: 8224 ns, Total: 44242 ns
[2025-05-20T12:49:48.642+0000][73][info ][safepoint   ] Safepoint "Cleanup", Time since last: 22004238114 ns, Reaching safepoint: 42537 ns, Cleanup: 14606 ns, At safepoint: 8010 ns, Total: 65153 ns
[2025-05-20T12:49:51.641+0000][73][info ][safepoint   ] Safepoint "Cleanup", Time since last: 3001162813 ns, Reaching safepoint: 31195 ns, Cleanup: 15644 ns, At safepoint: 14985 ns, Total: 61824 ns
[2025-05-20T12:49:54.642+0000][73][info ][safepoint   ] Safepoint "Cleanup", Time since last: 3001113759 ns, Reaching safepoint: 162295 ns, Cleanup: 17577 ns, At safepoint: 17770 ns, Total: 197642 ns
[2025-05-20T12:50:04.868+0000][73][info ][safepoint   ] Safepoint "Cleanup", Time since last: 10225766577 ns, Reaching safepoint: 125548 ns, Cleanup: 17035 ns, At safepoint: 18511 ns, Total: 161094 ns
[2025-05-20T12:50:14.870+0000][73][info ][safepoint   ] Safepoint "Cleanup", Time since last: 10002449025 ns, Reaching safepoint: 78682 ns, Cleanup: 16309 ns, At safepoint: 17415 ns, Total: 112406 ns
[2025-05-20T12:50:21.140+0000][73][info ][safepoint   ] Safepoint "Cleanup", Time since last: 6271608667 ns, Reaching safepoint: 10957 ns, Cleanup: 12974 ns, At safepoint: 24764 ns, Total: 48695 ns
[2025-05-20T12:50:22.686+0000][73][info ][safepoint   ] Safepoint "Cleanup", Time since last: 1546127939 ns, Reaching safepoint: 29999 ns, Cleanup: 31845 ns, At safepoint: 16530 ns, Total: 78374 ns
[2025-05-20T12:50:26.687+0000][73][info ][safepoint   ] Safepoint "Cleanup", Time since last: 4001174108 ns, Reaching safepoint: 19580 ns, Cleanup: 19305 ns, At safepoint: 8352 ns, Total: 47237 ns
[2025-05-20T12:50:27.689+0000][73][info ][safepoint   ] Safepoint "Cleanup", Time since last: 1001636636 ns, Reaching safepoint: 17093 ns, Cleanup: 11847 ns, At safepoint: 7319 ns, Total: 36259 ns
[2025-05-20T12:50:34.690+0000][73][info ][safepoint   ] Safepoint "Cleanup", Time since last: 7001500518 ns, Reaching safepoint: 31840 ns, Cleanup: 15841 ns, At safepoint: 16761 ns, Total: 64442 ns
[2025-05-20T12:50:36.692+0000][73][info ][safepoint   ] Safepoint "Cleanup", Time since last: 2001317753 ns, Reaching safepoint: 17499 ns, Cleanup: 13348 ns, At safepoint: 7641 ns, Total: 38488 ns
[2025-05-20T12:50:39.693+0000][73][info ][safepoint   ] Safepoint "Cleanup", Time since last: 3000951526 ns, Reaching safepoint: 59373 ns, Cleanup: 15085 ns, At safepoint: 10991 ns, Total: 85449 ns
[2025-05-20T12:50:51.692+0000][73][info ][safepoint   ] Safepoint "Cleanup", Time since last: 12002514760 ns, Reaching safepoint: 26849 ns, Cleanup: 16834 ns, At safepoint: 12090 ns, Total: 55773 ns
[2025-05-20T12:50:57.897+0000][73][info ][safepoint   ] Safepoint "Cleanup", Time since last: 6204754470 ns, Reaching safepoint: 29952 ns, Cleanup: 15756 ns, At safepoint: 16178 ns, Total: 61886 ns
[2025-05-20T12:51:00.898+0000][73][info ][safepoint   ] Safepoint "Cleanup", Time since last: 3001060313 ns, Reaching safepoint: 32586 ns, Cleanup: 25944 ns, At safepoint: 17308 ns, Total: 75838 ns
[2025-05-20T12:51:01.904+0000][73][info ][safepoint   ] Safepoint "Cleanup", Time since last: 1006435498 ns, Reaching safepoint: 33682 ns, Cleanup: 17408 ns, At safepoint: 17260 ns, Total: 68350 ns
[2025-05-20T12:51:06.906+0000][73][info ][safepoint   ] Safepoint "Cleanup", Time since last: 5001252603 ns, Reaching safepoint: 29181 ns, Cleanup: 14288 ns, At safepoint: 14996 ns, Total: 58465 ns
[2025-05-20T12:51:16.909+0000][73][info ][safepoint   ] Safepoint "Cleanup", Time since last: 10003029339 ns, Reaching safepoint: 73124 ns, Cleanup: 16748 ns, At safepoint: 16370 ns, Total: 106242 ns
[2025-05-20T12:51:22.908+0000][73][info ][safepoint   ] Safepoint "Cleanup", Time since last: 6001593223 ns, Reaching safepoint: 34831 ns, Cleanup: 21062 ns, At safepoint: 17421 ns, Total: 73314 ns
[2025-05-20T12:51:24.127+0000][73][info ][safepoint   ] Safepoint "Cleanup", Time since last: 1218969388 ns, Reaching safepoint: 84286 ns, Cleanup: 10568 ns, At safepoint: 38084 ns, Total: 132938 ns
[2025-05-20T12:51:25.731+0000][73][info ][safepoint   ] Safepoint "Cleanup", Time since last: 1603935522 ns, Reaching safepoint: 22410 ns, Cleanup: 25333 ns, At safepoint: 10950 ns, Total: 58693 ns
[2025-05-20T12:51:26.732+0000][73][info ][safepoint   ] Safepoint "Cleanup", Time since last: 1000792955 ns, Reaching safepoint: 127056 ns, Cleanup: 24725 ns, At safepoint: 50595 ns, Total: 202376 ns
[2025-05-20T12:51:27.733+0000][73][info ][safepoint   ] Safepoint "Cleanup", Time since last: 1000722796 ns, Reaching safepoint: 32394 ns, Cleanup: 19674 ns, At safepoint: 16634 ns, Total: 68702 ns
[2025-05-20T12:51:31.734+0000][73][info ][safepoint   ] Safepoint "Cleanup", Time since last: 4001248158 ns, Reaching safepoint: 31873 ns, Cleanup: 16546 ns, At safepoint: 15351 ns, Total: 63770 ns
[2025-05-20T12:51:33.735+0000][73][info ][safepoint   ] Safepoint "Cleanup", Time since last: 2000761712 ns, Reaching safepoint: 18293 ns, Cleanup: 11980 ns, At safepoint: 8083 ns, Total: 38356 ns
[2025-05-20T12:51:36.736+0000][73][info ][safepoint   ] Safepoint "Cleanup", Time since last: 3001064639 ns, Reaching safepoint: 29934 ns, Cleanup: 16360 ns, At safepoint: 15122 ns, Total: 61416 ns
[2025-05-20T12:51:43.738+0000][73][info ][safepoint   ] Safepoint "Cleanup", Time since last: 7002030000 ns, Reaching safepoint: 31369 ns, Cleanup: 15552 ns, At safepoint: 15698 ns, Total: 62619 ns
[2025-05-20T12:51:45.739+0000][73][info ][safepoint   ] Safepoint "Cleanup", Time since last: 2000981275 ns, Reaching safepoint: 17803 ns, Cleanup: 12530 ns, At safepoint: 7881 ns, Total: 38214 ns
[2025-05-20T12:51:51.742+0000][73][info ][safepoint   ] Safepoint "Cleanup", Time since last: 6005081098 ns, Reaching safepoint: 29867 ns, Cleanup: 30796 ns, At safepoint: 15747 ns, Total: 76410 ns
[2025-05-20T12:52:01.929+0000][73][info ][safepoint   ] Safepoint "Cleanup", Time since last: 10187082590 ns, Reaching safepoint: 36066 ns, Cleanup: 21203 ns, At safepoint: 17414 ns, Total: 74683 ns
[2025-05-20T12:52:06.930+0000][73][info ][safepoint   ] Safepoint "Cleanup", Time since last: 5001275030 ns, Reaching safepoint: 33915 ns, Cleanup: 17721 ns, At safepoint: 14654 ns, Total: 66290 ns
[2025-05-20T12:52:09.931+0000][73][info ][safepoint   ] Safepoint "Cleanup", Time since last: 3001054039 ns, Reaching safepoint: 28117 ns, Cleanup: 16489 ns, At safepoint: 11468 ns, Total: 56074 ns
[2025-05-20T12:52:11.932+0000][73][info ][safepoint   ] Safepoint "Cleanup", Time since last: 2000957435 ns, Reaching safepoint: 40652 ns, Cleanup: 12528 ns, At safepoint: 8922 ns, Total: 62102 ns
[2025-05-20T12:52:18.932+0000][73][info ][safepoint   ] Safepoint "Cleanup", Time since last: 7001882979 ns, Reaching safepoint: 18111 ns, Cleanup: 11841 ns, At safepoint: 7981 ns, Total: 37933 ns
[2025-05-20T12:52:26.934+0000][73][info ][safepoint   ] Safepoint "Cleanup", Time since last: 8002145775 ns, Reaching safepoint: 36559 ns, Cleanup: 21341 ns, At safepoint: 17869 ns, Total: 75769 ns
[2025-05-20T12:52:28.785+0000][73][info ][safepoint   ] Safepoint "Cleanup", Time since last: 1851326135 ns, Reaching safepoint: 37067 ns, Cleanup: 33669 ns, At safepoint: 18653 ns, Total: 89389 ns
[2025-05-20T12:52:30.788+0000][73][info ][safepoint   ] Safepoint "Cleanup", Time since last: 2002245301 ns, Reaching safepoint: 19625 ns, Cleanup: 13755 ns, At safepoint: 8948 ns, Total: 42328 ns
[2025-05-20T12:52:31.788+0000][73][info ][safepoint   ] Safepoint "Cleanup", Time since last: 1000657217 ns, Reaching safepoint: 27536 ns, Cleanup: 17886 ns, At safepoint: 10101 ns, Total: 55523 ns
[2025-05-20T12:52:37.790+0000][73][info ][safepoint   ] Safepoint "Cleanup", Time since last: 6001428467 ns, Reaching safepoint: 33775 ns, Cleanup: 15457 ns, At safepoint: 12468 ns, Total: 61700 ns
[2025-05-20T12:52:41.792+0000][73][info ][safepoint   ] Safepoint "Cleanup", Time since last: 4002091891 ns, Reaching safepoint: 35329 ns, Cleanup: 19214 ns, At safepoint: 16855 ns, Total: 71398 ns
[2025-05-20T12:52:42.793+0000][73][info ][safepoint   ] Safepoint "Cleanup", Time since last: 1001105600 ns, Reaching safepoint: 178997 ns, Cleanup: 16545 ns, At safepoint: 46768 ns, Total: 242310 ns
[2025-05-20T12:52:43.803+0000][73][info ][safepoint   ] Safepoint "Cleanup", Time since last: 1009873755 ns, Reaching safepoint: 32514 ns, Cleanup: 19960 ns, At safepoint: 17079 ns, Total: 69553 ns
[2025-05-20T12:52:44.804+0000][73][info ][safepoint   ] Safepoint "Cleanup", Time since last: 1001111993 ns, Reaching safepoint: 26386 ns, Cleanup: 13672 ns, At safepoint: 10326 ns, Total: 50384 ns
[2025-05-20T12:52:45.823+0000][73][info ][safepoint   ] Safepoint "Cleanup", Time since last: 1017912776 ns, Reaching safepoint: 152970 ns, Cleanup: 16559 ns, At safepoint: 45334 ns, Total: 214863 ns
[2025-05-20T12:52:46.834+0000][73][info ][safepoint   ] Safepoint "Cleanup", Time since last: 1011032606 ns, Reaching safepoint: 35539 ns, Cleanup: 18511 ns, At safepoint: 19341 ns, Total: 73391 ns
[2025-05-20T12:52:47.876+0000][73][info ][safepoint   ] Safepoint "Cleanup", Time since last: 1042474352 ns, Reaching safepoint: 32756 ns, Cleanup: 16955 ns, At safepoint: 16507 ns, Total: 66218 ns
[2025-05-20T12:52:49.875+0000][73][info ][safepoint   ] Safepoint "Cleanup", Time since last: 2001013841 ns, Reaching safepoint: 37163 ns, Cleanup: 19002 ns, At safepoint: 16701 ns, Total: 72866 ns
[2025-05-20T12:52:51.876+0000][73][info ][safepoint   ] Safepoint "Cleanup", Time since last: 2000924661 ns, Reaching safepoint: 42908 ns, Cleanup: 24108 ns, At safepoint: 19601 ns, Total: 86617 ns
[2025-05-20T12:52:54.878+0000][73][info ][safepoint   ] Safepoint "Cleanup", Time since last: 3001467092 ns, Reaching safepoint: 26664 ns, Cleanup: 14492 ns, At safepoint: 11553 ns, Total: 52709 ns
[2025-05-20T12:53:01.964+0000][73][info ][safepoint   ] Safepoint "Cleanup", Time since last: 7086651001 ns, Reaching safepoint: 31513 ns, Cleanup: 28302 ns, At safepoint: 15895 ns, Total: 75710 ns
[2025-05-20T12:53:06.966+0000][73][info ][safepoint   ] Safepoint "Cleanup", Time since last: 5001415580 ns, Reaching safepoint: 23503 ns, Cleanup: 15425 ns, At safepoint: 10519 ns, Total: 49447 ns
[2025-05-20T12:53:07.967+0000][73][info ][safepoint   ] Safepoint "Cleanup", Time since last: 1000715698 ns, Reaching safepoint: 37852 ns, Cleanup: 23081 ns, At safepoint: 16977 ns, Total: 77910 ns
[2025-05-20T12:53:12.160+0000][73][info ][safepoint   ] Safepoint "Cleanup", Time since last: 4193478607 ns, Reaching safepoint: 83539 ns, Cleanup: 8069 ns, At safepoint: 15588 ns, Total: 107196 ns
[2025-05-20T12:53:27.161+0000][73][info ][safepoint   ] Safepoint "Cleanup", Time since last: 15003381452 ns, Reaching safepoint: 109160 ns, Cleanup: 47600 ns, At safepoint: 15080 ns, Total: 171840 ns
[2025-05-20T12:53:28.162+0000][73][info ][safepoint   ] Safepoint "Cleanup", Time since last: 1000823316 ns, Reaching safepoint: 25801 ns, Cleanup: 13851 ns, At safepoint: 10735 ns, Total: 50387 ns
[2025-05-20T12:53:29.163+0000][73][info ][safepoint   ] Safepoint "Cleanup", Time since last: 1000720205 ns, Reaching safepoint: 31142 ns, Cleanup: 15417 ns, At safepoint: 15681 ns, Total: 62240 ns
[2025-05-20T12:53:30.904+0000][73][info ][safepoint   ] Safepoint "Cleanup", Time since last: 1741092861 ns, Reaching safepoint: 7283 ns, Cleanup: 20615 ns, At safepoint: 13364 ns, Total: 41262 ns
[2025-05-20T12:53:31.929+0000][73][info ][safepoint   ] Safepoint "Cleanup", Time since last: 1025210976 ns, Reaching safepoint: 31576 ns, Cleanup: 16511 ns, At safepoint: 16551 ns, Total: 64638 ns
[2025-05-20T12:53:36.931+0000][73][info ][safepoint   ] Safepoint "Cleanup", Time since last: 5001284444 ns, Reaching safepoint: 30939 ns, Cleanup: 19882 ns, At safepoint: 15932 ns, Total: 66753 ns
[2025-05-20T12:53:45.933+0000][73][info ][safepoint   ] Safepoint "Cleanup", Time since last: 9002051871 ns, Reaching safepoint: 55147 ns, Cleanup: 14846 ns, At safepoint: 10416 ns, Total: 80409 ns
[2025-05-20T12:53:47.936+0000][73][info ][safepoint   ] Safepoint "Cleanup", Time since last: 2002620725 ns, Reaching safepoint: 35967 ns, Cleanup: 19394 ns, At safepoint: 19048 ns, Total: 74409 ns
[2025-05-20T12:53:52.934+0000][73][info ][safepoint   ] Safepoint "Cleanup", Time since last: 5001170394 ns, Reaching safepoint: 17528 ns, Cleanup: 11349 ns, At safepoint: 7797 ns, Total: 36674 ns
[2025-05-20T12:53:55.996+0000][73][info ][safepoint   ] Safepoint "Cleanup", Time since last: 3062411739 ns, Reaching safepoint: 41887 ns, Cleanup: 24247 ns, At safepoint: 18338 ns, Total: 84472 ns
[2025-05-20T12:53:56.997+0000][73][info ][safepoint   ] Safepoint "Cleanup", Time since last: 1000586151 ns, Reaching safepoint: 18361 ns, Cleanup: 12544 ns, At safepoint: 8262 ns, Total: 39167 ns
[2025-05-20T12:54:01.998+0000][73][info ][safepoint   ] Safepoint "Cleanup", Time since last: 5001041131 ns, Reaching safepoint: 20627 ns, Cleanup: 12765 ns, At safepoint: 9214 ns, Total: 42606 ns
[2025-05-20T12:54:27.000+0000][73][info ][safepoint   ] Safepoint "Cleanup", Time since last: 25003773099 ns, Reaching safepoint: 83972 ns, Cleanup: 16314 ns, At safepoint: 9143 ns, Total: 109429 ns
[2025-05-20T12:54:28.000+0000][73][info ][safepoint   ] Safepoint "Cleanup", Time since last: 1000735321 ns, Reaching safepoint: 30693 ns, Cleanup: 19827 ns, At safepoint: 15390 ns, Total: 65910 ns
[2025-05-20T12:54:33.180+0000][73][info ][safepoint   ] Safepoint "Cleanup", Time since last: 5179805317 ns, Reaching safepoint: 20876 ns, Cleanup: 13909 ns, At safepoint: 21388 ns, Total: 56173 ns
[2025-05-20T12:54:34.968+0000][73][info ][safepoint   ] Safepoint "Cleanup", Time since last: 1788024697 ns, Reaching safepoint: 35708 ns, Cleanup: 25669 ns, At safepoint: 19332 ns, Total: 80709 ns
[2025-05-20T12:54:46.971+0000][73][info ][safepoint   ] Safepoint "Cleanup", Time since last: 12002103550 ns, Reaching safepoint: 57297 ns, Cleanup: 13890 ns, At safepoint: 11262 ns, Total: 82449 ns
[2025-05-20T12:54:48.969+0000][73][info ][safepoint   ] Safepoint "Cleanup", Time since last: 2000761764 ns, Reaching safepoint: 33264 ns, Cleanup: 16996 ns, At safepoint: 15984 ns, Total: 66244 ns
[2025-05-20T12:54:49.970+0000][73][info ][safepoint   ] Safepoint "Cleanup", Time since last: 1000658326 ns, Reaching safepoint: 33524 ns, Cleanup: 16530 ns, At safepoint: 17119 ns, Total: 67173 ns
[2025-05-20T12:55:02.028+0000][73][info ][safepoint   ] Safepoint "Cleanup", Time since last: 12058173661 ns, Reaching safepoint: 32254 ns, Cleanup: 17797 ns, At safepoint: 16401 ns, Total: 66452 ns
[2025-05-20T12:55:04.029+0000][73][info ][safepoint   ] Safepoint "Cleanup", Time since last: 2000722747 ns, Reaching safepoint: 33715 ns, Cleanup: 18704 ns, At safepoint: 16714 ns, Total: 69133 ns
[2025-05-20T12:55:27.030+0000][73][info ][safepoint   ] Safepoint "Cleanup", Time since last: 23003827736 ns, Reaching safepoint: 81745 ns, Cleanup: 19392 ns, At safepoint: 8787 ns, Total: 109924 ns
[2025-05-20T12:55:32.032+0000][73][info ][safepoint   ] Safepoint "Cleanup", Time since last: 5002201782 ns, Reaching safepoint: 22098 ns, Cleanup: 13941 ns, At safepoint: 10550 ns, Total: 46589 ns
[2025-05-20T12:55:34.033+0000][73][info ][safepoint   ] Safepoint "Cleanup", Time since last: 2001021517 ns, Reaching safepoint: 34031 ns, Cleanup: 17031 ns, At safepoint: 18044 ns, Total: 69106 ns
[2025-05-20T12:55:36.169+0000][73][info ][safepoint   ] Safepoint "Cleanup", Time since last: 2135182941 ns, Reaching safepoint: 165066 ns, Cleanup: 12930 ns, At safepoint: 44961 ns, Total: 222957 ns
[2025-05-20T12:55:38.013+0000][73][info ][safepoint   ] Safepoint "Cleanup", Time since last: 1843935551 ns, Reaching safepoint: 31305 ns, Cleanup: 32457 ns, At safepoint: 15999 ns, Total: 79761 ns
[2025-05-20T12:55:40.014+0000][73][info ][safepoint   ] Safepoint "Cleanup", Time since last: 2001116487 ns, Reaching safepoint: 18293 ns, Cleanup: 12213 ns, At safepoint: 8676 ns, Total: 39182 ns
[2025-05-20T12:55:48.016+0000][73][info ][safepoint   ] Safepoint "Cleanup", Time since last: 8001626538 ns, Reaching safepoint: 57582 ns, Cleanup: 21716 ns, At safepoint: 13338 ns, Total: 92636 ns
[2025-05-20T12:55:49.014+0000][73][info ][safepoint   ] Safepoint "Cleanup", Time since last: 1000636512 ns, Reaching safepoint: 22375 ns, Cleanup: 14826 ns, At safepoint: 10539 ns, Total: 47740 ns
[2025-05-20T12:55:52.016+0000][73][info ][safepoint   ] Safepoint "Cleanup", Time since last: 3002381984 ns, Reaching safepoint: 26295 ns, Cleanup: 15776 ns, At safepoint: 11358 ns, Total: 53429 ns
[2025-05-20T12:56:06.063+0000][73][info ][safepoint   ] Safepoint "Cleanup", Time since last: 14046488586 ns, Reaching safepoint: 124044 ns, Cleanup: 20619 ns, At safepoint: 18567 ns, Total: 163230 ns
[2025-05-20T12:56:23.064+0000][73][info ][safepoint   ] Safepoint "Cleanup", Time since last: 17003414205 ns, Reaching safepoint: 196040 ns, Cleanup: 16234 ns, At safepoint: 12197 ns, Total: 224471 ns
[2025-05-20T12:56:32.066+0000][73][info ][safepoint   ] Safepoint "Cleanup", Time since last: 9001722884 ns, Reaching safepoint: 135613 ns, Cleanup: 19196 ns, At safepoint: 17424 ns, Total: 172233 ns
[2025-05-20T12:56:33.067+0000][73][info ][safepoint   ] Safepoint "Cleanup", Time since last: 1000792674 ns, Reaching safepoint: 38772 ns, Cleanup: 19733 ns, At safepoint: 19047 ns, Total: 77552 ns
[2025-05-20T12:56:38.068+0000][73][info ][safepoint   ] Safepoint "Cleanup", Time since last: 5001570113 ns, Reaching safepoint: 22257 ns, Cleanup: 15740 ns, At safepoint: 59546 ns, Total: 97543 ns
[2025-05-20T12:56:39.069+0000][73][info ][safepoint   ] Safepoint "Cleanup", Time since last: 1000872111 ns, Reaching safepoint: 70829 ns, Cleanup: 24480 ns, At safepoint: 11677 ns, Total: 106986 ns
[2025-05-20T12:56:41.061+0000][73][info ][safepoint   ] Safepoint "Cleanup", Time since last: 1991513987 ns, Reaching safepoint: 19932 ns, Cleanup: 60325 ns, At safepoint: 9003 ns, Total: 89260 ns
[2025-05-20T12:56:42.062+0000][73][info ][safepoint   ] Safepoint "Cleanup", Time since last: 1000660271 ns, Reaching safepoint: 232504 ns, Cleanup: 30995 ns, At safepoint: 141251 ns, Total: 404750 ns
[2025-05-20T12:56:52.062+0000][73][info ][safepoint   ] Safepoint "Cleanup", Time since last: 10001958569 ns, Reaching safepoint: 105161 ns, Cleanup: 48107 ns, At safepoint: 13969 ns, Total: 167237 ns
[2025-05-20T12:56:57.090+0000][73][info ][safepoint   ] Safepoint "Cleanup", Time since last: 5028467935 ns, Reaching safepoint: 22701 ns, Cleanup: 13706 ns, At safepoint: 9179 ns, Total: 45586 ns
[2025-05-20T12:57:01.092+0000][73][info ][safepoint   ] Safepoint "Cleanup", Time since last: 4001953506 ns, Reaching safepoint: 32995 ns, Cleanup: 15466 ns, At safepoint: 15781 ns, Total: 64242 ns
[2025-05-20T12:57:07.094+0000][73][info ][safepoint   ] Safepoint "Cleanup", Time since last: 6001548886 ns, Reaching safepoint: 155674 ns, Cleanup: 19085 ns, At safepoint: 11621 ns, Total: 186380 ns
[2025-05-20T12:57:11.095+0000][73][info ][safepoint   ] Safepoint "Cleanup", Time since last: 4001186370 ns, Reaching safepoint: 30825 ns, Cleanup: 16553 ns, At safepoint: 13013 ns, Total: 60391 ns
[2025-05-20T12:57:22.160+0000][73][info ][safepoint   ] Safepoint "Cleanup", Time since last: 11067014779 ns, Reaching safepoint: 87612 ns, Cleanup: 14263 ns, At safepoint: 10155 ns, Total: 112030 ns
[2025-05-20T12:57:27.162+0000][73][info ][safepoint   ] Safepoint "Cleanup", Time since last: 5002115972 ns, Reaching safepoint: 20569 ns, Cleanup: 15008 ns, At safepoint: 9795 ns, Total: 45372 ns
[2025-05-20T12:57:29.163+0000][73][info ][safepoint   ] Safepoint "Cleanup", Time since last: 2000763463 ns, Reaching safepoint: 36027 ns, Cleanup: 20243 ns, At safepoint: 17374 ns, Total: 73644 ns
[2025-05-20T12:57:36.165+0000][73][info ][safepoint   ] Safepoint "Cleanup", Time since last: 7001421890 ns, Reaching safepoint: 27855 ns, Cleanup: 13898 ns, At safepoint: 11707 ns, Total: 53460 ns
[2025-05-20T12:57:42.169+0000][73][info ][safepoint   ] Safepoint "Cleanup", Time since last: 6004458564 ns, Reaching safepoint: 16610 ns, Cleanup: 20915 ns, At safepoint: 25916 ns, Total: 63441 ns
[2025-05-20T12:57:44.111+0000][73][info ][safepoint   ] Safepoint "Cleanup", Time since last: 1941454085 ns, Reaching safepoint: 20129 ns, Cleanup: 15030 ns, At safepoint: 11018 ns, Total: 46177 ns
[2025-05-20T12:57:45.155+0000][73][info ][safepoint   ] Safepoint "Cleanup", Time since last: 1044365726 ns, Reaching safepoint: 15945 ns, Cleanup: 10073 ns, At safepoint: 18282 ns, Total: 44300 ns
[2025-05-20T12:57:47.124+0000][73][info ][safepoint   ] Safepoint "Cleanup", Time since last: 1968653234 ns, Reaching safepoint: 73114 ns, Cleanup: 29345 ns, At safepoint: 15762 ns, Total: 118221 ns
[2025-05-20T12:57:48.125+0000][73][info ][safepoint   ] Safepoint "Cleanup", Time since last: 1000675485 ns, Reaching safepoint: 304340 ns, Cleanup: 17809 ns, At safepoint: 89441 ns, Total: 411590 ns
[2025-05-20T12:57:49.137+0000][73][info ][safepoint   ] Safepoint "Cleanup", Time since last: 1014211579 ns, Reaching safepoint: 7189 ns, Cleanup: 72189 ns, At safepoint: 14954 ns, Total: 94332 ns
[2025-05-20T12:57:50.148+0000][73][info ][safepoint   ] Safepoint "Cleanup", Time since last: 1010849737 ns, Reaching safepoint: 40540 ns, Cleanup: 11781 ns, At safepoint: 6802 ns, Total: 59123 ns
[2025-05-20T12:57:51.167+0000][73][info ][safepoint   ] Safepoint "Cleanup", Time since last: 1019759835 ns, Reaching safepoint: 75256 ns, Cleanup: 19916 ns, At safepoint: 17702 ns, Total: 112874 ns
[2025-05-20T12:57:54.168+0000][73][info ][safepoint   ] Safepoint "Cleanup", Time since last: 3000871716 ns, Reaching safepoint: 21547 ns, Cleanup: 13207 ns, At safepoint: 8954 ns, Total: 43708 ns
[2025-05-20T12:58:02.118+0000][73][info ][safepoint   ] Safepoint "Cleanup", Time since last: 7949061215 ns, Reaching safepoint: 170822 ns, Cleanup: 18547 ns, At safepoint: 14554 ns, Total: 203923 ns
[2025-05-20T12:58:03.118+0000][73][info ][safepoint   ] Safepoint "Cleanup", Time since last: 1000657272 ns, Reaching safepoint: 122244 ns, Cleanup: 12155 ns, At safepoint: 50436 ns, Total: 184835 ns
[2025-05-20T12:58:06.508+0000][73][info ][safepoint   ] Safepoint "Cleanup", Time since last: 3389554588 ns, Reaching safepoint: 22035 ns, Cleanup: 13977 ns, At safepoint: 21235 ns, Total: 57247 ns
[2025-05-20T12:58:07.540+0000][73][info ][safepoint   ] Safepoint "Cleanup", Time since last: 1031678191 ns, Reaching safepoint: 36370 ns, Cleanup: 17129 ns, At safepoint: 17867 ns, Total: 71366 ns
[2025-05-20T12:58:10.541+0000][73][info ][safepoint   ] Safepoint "Cleanup", Time since last: 3000955174 ns, Reaching safepoint: 26249 ns, Cleanup: 15590 ns, At safepoint: 11428 ns, Total: 53267 ns
[2025-05-20T12:58:12.542+0000][73][info ][safepoint   ] Safepoint "Cleanup", Time since last: 2000756952 ns, Reaching safepoint: 27735 ns, Cleanup: 15172 ns, At safepoint: 12030 ns, Total: 54937 ns
[2025-05-20T12:58:32.542+0000][73][info ][safepoint   ] Safepoint "Cleanup", Time since last: 20002863250 ns, Reaching safepoint: 66047 ns, Cleanup: 15265 ns, At safepoint: 11914 ns, Total: 93226 ns
[2025-05-20T12:58:42.544+0000][73][info ][safepoint   ] Safepoint "Cleanup", Time since last: 10001854110 ns, Reaching safepoint: 27033 ns, Cleanup: 16324 ns, At safepoint: 10182 ns, Total: 53539 ns
[2025-05-20T12:58:45.150+0000][73][info ][safepoint   ] Safepoint "Cleanup", Time since last: 2605265786 ns, Reaching safepoint: 623808 ns, Cleanup: 22530 ns, At safepoint: 238432 ns, Total: 884770 ns
[2025-05-20T12:58:46.183+0000][73][info ][safepoint   ] Safepoint "Cleanup", Time since last: 1032574462 ns, Reaching safepoint: 20191 ns, Cleanup: 13674 ns, At safepoint: 9803 ns, Total: 43668 ns
[2025-05-20T12:58:47.215+0000][73][info ][safepoint   ] Safepoint "Cleanup", Time since last: 1032043418 ns, Reaching safepoint: 19252 ns, Cleanup: 17478 ns, At safepoint: 9367 ns, Total: 46097 ns
[2025-05-20T12:58:58.144+0000][73][info ][safepoint   ] Safepoint "Cleanup", Time since last: 10931531772 ns, Reaching safepoint: 19441 ns, Cleanup: 12599 ns, At safepoint: 8963 ns, Total: 41003 ns
[2025-05-20T12:59:02.145+0000][73][info ][safepoint   ] Safepoint "Cleanup", Time since last: 4000998202 ns, Reaching safepoint: 27269 ns, Cleanup: 26408 ns, At safepoint: 11854 ns, Total: 65531 ns
[2025-05-20T12:59:06.146+0000][73][info ][safepoint   ] Safepoint "Cleanup", Time since last: 4000935443 ns, Reaching safepoint: 20208 ns, Cleanup: 13581 ns, At safepoint: 8950 ns, Total: 42739 ns
[2025-05-20T12:59:12.148+0000][73][info ][safepoint   ] Safepoint "Cleanup", Time since last: 6001481330 ns, Reaching safepoint: 34455 ns, Cleanup: 119309 ns, At safepoint: 34199 ns, Total: 187963 ns
[2025-05-20T12:59:27.148+0000][73][info ][safepoint   ] Safepoint "Cleanup", Time since last: 15002481197 ns, Reaching safepoint: 77238 ns, Cleanup: 14529 ns, At safepoint: 8960 ns, Total: 100727 ns
[2025-05-20T12:59:30.149+0000][73][info ][safepoint   ] Safepoint "Cleanup", Time since last: 3000889230 ns, Reaching safepoint: 26446 ns, Cleanup: 14344 ns, At safepoint: 10210 ns, Total: 51000 ns
[2025-05-20T12:59:48.140+0000][73][info ][safepoint   ] Safepoint "Cleanup", Time since last: 17989664525 ns, Reaching safepoint: 963014 ns, Cleanup: 21613 ns, At safepoint: 86980 ns, Total: 1071607 ns
[2025-05-20T12:59:49.162+0000][73][info ][safepoint   ] Safepoint "Cleanup", Time since last: 1025161606 ns, Reaching safepoint: 26951 ns, Cleanup: 17849 ns, At safepoint: 12166 ns, Total: 56966 ns
[2025-05-20T12:59:51.249+0000][73][info ][safepoint   ] Safepoint "Cleanup", Time since last: 2086716816 ns, Reaching safepoint: 22934 ns, Cleanup: 36970 ns, At safepoint: 9632 ns, Total: 69536 ns
[2025-05-20T12:59:57.170+0000][73][info ][safepoint   ] Safepoint "Cleanup", Time since last: 5920757295 ns, Reaching safepoint: 20288 ns, Cleanup: 13410 ns, At safepoint: 9476 ns, Total: 43174 ns
[2025-05-20T13:00:04.172+0000][73][info ][safepoint   ] Safepoint "Cleanup", Time since last: 7001588102 ns, Reaching safepoint: 33633 ns, Cleanup: 20580 ns, At safepoint: 17425 ns, Total: 71638 ns
[2025-05-20T13:00:06.172+0000][73][info ][safepoint   ] Safepoint "Cleanup", Time since last: 2000754693 ns, Reaching safepoint: 27241 ns, Cleanup: 15052 ns, At safepoint: 11313 ns, Total: 53606 ns
[2025-05-20T13:00:07.215+0000][73][info ][safepoint   ] Safepoint "Cleanup", Time since last: 1042832094 ns, Reaching safepoint: 35224 ns, Cleanup: 15828 ns, At safepoint: 83216 ns, Total: 134268 ns
[2025-05-20T13:00:27.217+0000][73][info ][safepoint   ] Safepoint "Cleanup", Time since last: 20003294188 ns, Reaching safepoint: 176451 ns, Cleanup: 23984 ns, At safepoint: 22976 ns, Total: 223411 ns
[2025-05-20T13:00:39.223+0000][73][info ][safepoint   ] Safepoint "Cleanup", Time since last: 12005758943 ns, Reaching safepoint: 78839 ns, Cleanup: 18721 ns, At safepoint: 36349 ns, Total: 133909 ns
[2025-05-20T13:00:42.224+0000][73][info ][safepoint   ] Safepoint "Cleanup", Time since last: 3000819703 ns, Reaching safepoint: 23402 ns, Cleanup: 14727 ns, At safepoint: 10186 ns, Total: 48315 ns
[2025-05-20T13:00:47.225+0000][73][info ][safepoint   ] Safepoint "Cleanup", Time since last: 5001251108 ns, Reaching safepoint: 37586 ns, Cleanup: 17849 ns, At safepoint: 17664 ns, Total: 73099 ns
[2025-05-20T13:00:51.153+0000][73][info ][safepoint   ] Safepoint "Cleanup", Time since last: 3930220887 ns, Reaching safepoint: 467334 ns, Cleanup: 11633 ns, At safepoint: 71852 ns, Total: 550819 ns
[2025-05-20T13:00:52.285+0000][73][info ][safepoint   ] Safepoint "Cleanup", Time since last: 1131827661 ns, Reaching safepoint: 61484 ns, Cleanup: 15030 ns, At safepoint: 8740 ns, Total: 85254 ns
[2025-05-20T13:00:53.299+0000][73][info ][safepoint   ] Safepoint "Cleanup", Time since last: 1014128656 ns, Reaching safepoint: 31599 ns, Cleanup: 16753 ns, At safepoint: 11145 ns, Total: 59497 ns
[2025-05-20T13:01:02.199+0000][73][info ][safepoint   ] Safepoint "Cleanup", Time since last: 8899503699 ns, Reaching safepoint: 27472 ns, Cleanup: 13881 ns, At safepoint: 10895 ns, Total: 52248 ns
[2025-05-20T13:01:03.200+0000][73][info ][safepoint   ] Safepoint "Cleanup", Time since last: 1000669324 ns, Reaching safepoint: 27344 ns, Cleanup: 16180 ns, At safepoint: 12449 ns, Total: 55973 ns
[2025-05-20T13:01:12.202+0000][73][info ][safepoint   ] Safepoint "Cleanup", Time since last: 9002377724 ns, Reaching safepoint: 68780 ns, Cleanup: 15327 ns, At safepoint: 11912 ns, Total: 96019 ns
[2025-05-20T13:01:27.202+0000][73][info ][safepoint   ] Safepoint "Cleanup", Time since last: 15002369363 ns, Reaching safepoint: 19646 ns, Cleanup: 12726 ns, At safepoint: 9029 ns, Total: 41401 ns
[2025-05-20T13:01:28.202+0000][73][info ][safepoint   ] Safepoint "Cleanup", Time since last: 1000603246 ns, Reaching safepoint: 19426 ns, Cleanup: 11981 ns, At safepoint: 9577 ns, Total: 40984 ns
[2025-05-20T13:01:29.203+0000][73][info ][safepoint   ] Safepoint "Cleanup", Time since last: 1001117574 ns, Reaching safepoint: 39940 ns, Cleanup: 20879 ns, At safepoint: 20446 ns, Total: 81265 ns
[2025-05-20T13:01:32.204+0000][73][info ][safepoint   ] Safepoint "Cleanup", Time since last: 3000967582 ns, Reaching safepoint: 26227 ns, Cleanup: 14623 ns, At safepoint: 12259 ns, Total: 53109 ns
[2025-05-20T13:01:33.205+0000][73][info ][safepoint   ] Safepoint "Cleanup", Time since last: 1000651012 ns, Reaching safepoint: 36540 ns, Cleanup: 14904 ns, At safepoint: 9707 ns, Total: 61151 ns
[2025-05-20T13:01:34.206+0000][73][info ][safepoint   ] Safepoint "Cleanup", Time since last: 1000621066 ns, Reaching safepoint: 33066 ns, Cleanup: 16691 ns, At safepoint: 86006 ns, Total: 135763 ns
[2025-05-20T13:01:39.207+0000][73][info ][safepoint   ] Safepoint "Cleanup", Time since last: 5001276736 ns, Reaching safepoint: 37464 ns, Cleanup: 122857 ns, At safepoint: 26129 ns, Total: 186450 ns
[2025-05-20T13:01:42.209+0000][73][info ][safepoint   ] Safepoint "Cleanup", Time since last: 3001168983 ns, Reaching safepoint: 58961 ns, Cleanup: 15025 ns, At safepoint: 11391 ns, Total: 85377 ns
[2025-05-20T13:01:45.210+0000][73][info ][safepoint   ] Safepoint "Cleanup", Time since last: 3000847078 ns, Reaching safepoint: 25585 ns, Cleanup: 15286 ns, At safepoint: 10826 ns, Total: 51697 ns
[2025-05-20T13:01:52.212+0000][73][info ][safepoint   ] Safepoint "Cleanup", Time since last: 7004339234 ns, Reaching safepoint: 21500 ns, Cleanup: 18570 ns, At safepoint: 9311 ns, Total: 49381 ns
[2025-05-20T13:01:54.132+0000][73][info ][safepoint   ] Safepoint "Cleanup", Time since last: 1919426762 ns, Reaching safepoint: 556437 ns, Cleanup: 13837 ns, At safepoint: 147339 ns, Total: 717613 ns
[2025-05-20T13:01:55.226+0000][73][info ][safepoint   ] Safepoint "Cleanup", Time since last: 1094277380 ns, Reaching safepoint: 6396 ns, Cleanup: 19445 ns, At safepoint: 3447 ns, Total: 29288 ns
[2025-05-20T13:01:57.227+0000][73][info ][safepoint   ] Safepoint "Cleanup", Time since last: 2000931041 ns, Reaching safepoint: 56309 ns, Cleanup: 15068 ns, At safepoint: 11560 ns, Total: 82937 ns
[2025-05-20T13:02:11.230+0000][73][info ][safepoint   ] Safepoint "Cleanup", Time since last: 14002229582 ns, Reaching safepoint: 86038 ns, Cleanup: 14573 ns, At safepoint: 14126 ns, Total: 114737 ns
[2025-05-20T13:02:12.230+0000][73][info ][safepoint   ] Safepoint "Cleanup", Time since last: 1000705514 ns, Reaching safepoint: 30267 ns, Cleanup: 17741 ns, At safepoint: 15571 ns, Total: 63579 ns
[2025-05-20T13:02:17.232+0000][73][info ][safepoint   ] Safepoint "Cleanup", Time since last: 5001423727 ns, Reaching safepoint: 20662 ns, Cleanup: 27066 ns, At safepoint: 7367 ns, Total: 55095 ns
[2025-05-20T13:02:22.231+0000][73][info ][safepoint   ] Safepoint "Cleanup", Time since last: 5001243872 ns, Reaching safepoint: 33593 ns, Cleanup: 17301 ns, At safepoint: 17614 ns, Total: 68508 ns
[2025-05-20T13:02:27.232+0000][73][info ][safepoint   ] Safepoint "Cleanup", Time since last: 5001311572 ns, Reaching safepoint: 71842 ns, Cleanup: 37148 ns, At safepoint: 17754 ns, Total: 126744 ns
[2025-05-20T13:02:29.233+0000][73][info ][safepoint   ] Safepoint "Cleanup", Time since last: 2000784334 ns, Reaching safepoint: 32427 ns, Cleanup: 14104 ns, At safepoint: 11151 ns, Total: 57682 ns
[2025-05-20T13:02:37.235+0000][73][info ][safepoint   ] Safepoint "Cleanup", Time since last: 8001800903 ns, Reaching safepoint: 19456 ns, Cleanup: 11844 ns, At safepoint: 9644 ns, Total: 40944 ns
[2025-05-20T13:02:39.236+0000][73][info ][safepoint   ] Safepoint "Cleanup", Time since last: 2001095135 ns, Reaching safepoint: 32828 ns, Cleanup: 21066 ns, At safepoint: 16444 ns, Total: 70338 ns
[2025-05-20T13:02:42.124+0000][73][info ][safepoint   ] Safepoint "Cleanup", Time since last: 2887506197 ns, Reaching safepoint: 7467 ns, Cleanup: 10404 ns, At safepoint: 3981 ns, Total: 21852 ns
[2025-05-20T13:02:43.386+0000][73][info ][safepoint   ] Safepoint "Cleanup", Time since last: 1262224299 ns, Reaching safepoint: 32154 ns, Cleanup: 55017 ns, At safepoint: 15910 ns, Total: 103081 ns
[2025-05-20T13:02:47.388+0000][73][info ][safepoint   ] Safepoint "Cleanup", Time since last: 4001366291 ns, Reaching safepoint: 31166 ns, Cleanup: 18292 ns, At safepoint: 14340 ns, Total: 63798 ns
[2025-05-20T13:02:48.393+0000][73][info ][safepoint   ] Safepoint "Cleanup", Time since last: 1004891123 ns, Reaching safepoint: 13810 ns, Cleanup: 23616 ns, At safepoint: 20687 ns, Total: 58113 ns
[2025-05-20T13:02:51.141+0000][73][info ][safepoint   ] Safepoint "Cleanup", Time since last: 2750774082 ns, Reaching safepoint: 19145 ns, Cleanup: 14138 ns, At safepoint: 99958 ns, Total: 133241 ns
[2025-05-20T13:02:52.418+0000][73][info ][safepoint   ] Safepoint "Cleanup", Time since last: 1277242742 ns, Reaching safepoint: 33055 ns, Cleanup: 19603 ns, At safepoint: 15973 ns, Total: 68631 ns
[2025-05-20T13:02:57.174+0000][73][info ][safepoint   ] Safepoint "Cleanup", Time since last: 4755513820 ns, Reaching safepoint: 147258 ns, Cleanup: 13758 ns, At safepoint: 45845 ns, Total: 206861 ns
[2025-05-20T13:02:58.457+0000][73][info ][safepoint   ] Safepoint "Cleanup", Time since last: 1283441394 ns, Reaching safepoint: 25599 ns, Cleanup: 17720 ns, At safepoint: 10752 ns, Total: 54071 ns
[2025-05-20T13:03:05.509+0000][73][info ][safepoint   ] Safepoint "Cleanup", Time since last: 7001343702 ns, Reaching safepoint: 49882437 ns, Cleanup: 25564 ns, At safepoint: 244210 ns, Total: 50152211 ns
[2025-05-20T13:03:06.510+0000][73][info ][safepoint   ] Safepoint "Cleanup", Time since last: 1000967354 ns, Reaching safepoint: 24193 ns, Cleanup: 13489 ns, At safepoint: 120389 ns, Total: 158071 ns
[2025-05-20T13:03:07.554+0000][73][info ][safepoint   ] Safepoint "Cleanup", Time since last: 1044201341 ns, Reaching safepoint: 25983 ns, Cleanup: 18600 ns, At safepoint: 10490 ns, Total: 55073 ns
[2025-05-20T13:03:12.556+0000][73][info ][safepoint   ] Safepoint "Cleanup", Time since last: 5001108766 ns, Reaching safepoint: 55546 ns, Cleanup: 15526 ns, At safepoint: 13797 ns, Total: 84869 ns
[2025-05-20T13:03:27.555+0000][73][info ][safepoint   ] Safepoint "Cleanup", Time since last: 15002388806 ns, Reaching safepoint: 32471 ns, Cleanup: 15649 ns, At safepoint: 8266 ns, Total: 56386 ns
[2025-05-20T13:03:42.558+0000][73][info ][safepoint   ] Safepoint "Cleanup", Time since last: 15002584202 ns, Reaching safepoint: 31617 ns, Cleanup: 18725 ns, At safepoint: 15935 ns, Total: 66277 ns
[2025-05-20T13:03:57.433+0000][73][info ][safepoint   ] Safepoint "Cleanup", Time since last: 14877369613 ns, Reaching safepoint: 41824 ns, Cleanup: 15121 ns, At safepoint: 11796 ns, Total: 68741 ns
[2025-05-20T13:04:00.213+0000][73][info ][safepoint   ] Safepoint "Cleanup", Time since last: 2779332689 ns, Reaching safepoint: 540534 ns, Cleanup: 13751 ns, At safepoint: 80299 ns, Total: 634584 ns
[2025-05-20T13:04:01.564+0000][73][info ][safepoint   ] Safepoint "Cleanup", Time since last: 1350947882 ns, Reaching safepoint: 25752 ns, Cleanup: 54678 ns, At safepoint: 12184 ns, Total: 92614 ns
[2025-05-20T13:04:02.567+0000][73][info ][safepoint   ] Safepoint "Cleanup", Time since last: 1003646287 ns, Reaching safepoint: 41555 ns, Cleanup: 27318 ns, At safepoint: 17899 ns, Total: 86772 ns
[2025-05-20T13:04:06.569+0000][73][info ][safepoint   ] Safepoint "Cleanup", Time since last: 4001500605 ns, Reaching safepoint: 36021 ns, Cleanup: 21779 ns, At safepoint: 17821 ns, Total: 75621 ns
[2025-05-20T13:04:07.570+0000][73][info ][safepoint   ] Safepoint "Cleanup", Time since last: 1000598068 ns, Reaching safepoint: 96280 ns, Cleanup: 15830 ns, At safepoint: 12885 ns, Total: 124995 ns
[2025-05-20T13:04:09.570+0000][73][info ][safepoint   ] Safepoint "Cleanup", Time since last: 2000691392 ns, Reaching safepoint: 24861 ns, Cleanup: 14755 ns, At safepoint: 11212 ns, Total: 50828 ns
[2025-05-20T13:04:18.574+0000][73][info ][safepoint   ] Safepoint "Cleanup", Time since last: 9003528987 ns, Reaching safepoint: 66336 ns, Cleanup: 19564 ns, At safepoint: 21814 ns, Total: 107714 ns
[2025-05-20T13:04:27.574+0000][73][info ][safepoint   ] Safepoint "Cleanup", Time since last: 9001968017 ns, Reaching safepoint: 28407 ns, Cleanup: 17755 ns, At safepoint: 11582 ns, Total: 57744 ns
[2025-05-20T13:04:46.636+0000][73][info ][safepoint   ] Safepoint "Cleanup", Time since last: 19062558431 ns, Reaching safepoint: 44097 ns, Cleanup: 12916 ns, At safepoint: 9756 ns, Total: 66769 ns
[2025-05-20T13:04:51.636+0000][73][info ][safepoint   ] Safepoint "Cleanup", Time since last: 5001153816 ns, Reaching safepoint: 134965 ns, Cleanup: 18774 ns, At safepoint: 22732 ns, Total: 176471 ns
[2025-05-20T13:05:03.219+0000][73][info ][safepoint   ] Safepoint "Cleanup", Time since last: 11583109130 ns, Reaching safepoint: 15472 ns, Cleanup: 12617 ns, At safepoint: 36856 ns, Total: 64945 ns
[2025-05-20T13:05:04.602+0000][73][info ][safepoint   ] Safepoint "Cleanup", Time since last: 1382976964 ns, Reaching safepoint: 29202 ns, Cleanup: 15860 ns, At safepoint: 12615 ns, Total: 57677 ns
[2025-05-20T13:05:06.606+0000][73][info ][safepoint   ] Safepoint "Cleanup", Time since last: 2003883572 ns, Reaching safepoint: 20482 ns, Cleanup: 12060 ns, At safepoint: 8449 ns, Total: 40991 ns
[2025-05-20T13:05:22.606+0000][73][info ][safepoint   ] Safepoint "Cleanup", Time since last: 16002589159 ns, Reaching safepoint: 63231 ns, Cleanup: 12335 ns, At safepoint: 8779 ns, Total: 84345 ns
[2025-05-20T13:05:28.607+0000][73][info ][safepoint   ] Safepoint "Cleanup", Time since last: 6001215928 ns, Reaching safepoint: 29913 ns, Cleanup: 15492 ns, At safepoint: 10499 ns, Total: 55904 ns
[2025-05-20T13:05:58.489+0000][73][info ][safepoint   ] Safepoint "Cleanup", Time since last: 29884013506 ns, Reaching safepoint: 80163 ns, Cleanup: 18061 ns, At safepoint: 18843 ns, Total: 117067 ns
[2025-05-20T13:06:02.492+0000][73][info ][safepoint   ] Safepoint "Cleanup", Time since last: 4002553664 ns, Reaching safepoint: 70158 ns, Cleanup: 18417 ns, At safepoint: 32893 ns, Total: 121468 ns
[2025-05-20T13:06:06.192+0000][73][info ][safepoint   ] Safepoint "Cleanup", Time since last: 3700264930 ns, Reaching safepoint: 247977 ns, Cleanup: 11221 ns, At safepoint: 50125 ns, Total: 309323 ns
[2025-05-20T13:06:07.634+0000][73][info ][safepoint   ] Safepoint "Cleanup", Time since last: 1441322778 ns, Reaching safepoint: 21356 ns, Cleanup: 13550 ns, At safepoint: 9769 ns, Total: 44675 ns
[2025-05-20T13:06:09.634+0000][73][info ][safepoint   ] Safepoint "Cleanup", Time since last: 2000677749 ns, Reaching safepoint: 19486 ns, Cleanup: 13814 ns, At safepoint: 9018 ns, Total: 42318 ns
[2025-05-20T13:06:11.635+0000][73][info ][safepoint   ] Safepoint "Cleanup", Time since last: 2000636703 ns, Reaching safepoint: 108723 ns, Cleanup: 13374 ns, At safepoint: 33919 ns, Total: 156016 ns
[2025-05-20T13:06:36.637+0000][73][info ][safepoint   ] Safepoint "Cleanup", Time since last: 25004339498 ns, Reaching safepoint: 85309 ns, Cleanup: 25527 ns, At safepoint: 17768 ns, Total: 128604 ns
[2025-05-20T13:06:39.638+0000][73][info ][safepoint   ] Safepoint "Cleanup", Time since last: 3000916410 ns, Reaching safepoint: 30812 ns, Cleanup: 15263 ns, At safepoint: 9992 ns, Total: 56067 ns
[2025-05-20T13:06:42.640+0000][73][info ][safepoint   ] Safepoint "Cleanup", Time since last: 3001067821 ns, Reaching safepoint: 27203 ns, Cleanup: 15771 ns, At safepoint: 37853 ns, Total: 80827 ns
[2025-05-20T13:06:47.641+0000][73][info ][safepoint   ] Safepoint "Cleanup", Time since last: 5001020798 ns, Reaching safepoint: 48584 ns, Cleanup: 16101 ns, At safepoint: 11157 ns, Total: 75842 ns
[2025-05-20T13:06:57.521+0000][73][info ][safepoint   ] Safepoint "Cleanup", Time since last: 9882934310 ns, Reaching safepoint: 33392 ns, Cleanup: 16837 ns, At safepoint: 16808 ns, Total: 67037 ns
[2025-05-20T13:07:07.523+0000][73][info ][safepoint   ] Safepoint "Cleanup", Time since last: 10001823340 ns, Reaching safepoint: 23171 ns, Cleanup: 14624 ns, At safepoint: 9021 ns, Total: 46816 ns
[2025-05-20T13:07:09.205+0000][73][info ][safepoint   ] Safepoint "Cleanup", Time since last: 1682001164 ns, Reaching safepoint: 142309 ns, Cleanup: 11834 ns, At safepoint: 38665 ns, Total: 192808 ns
[2025-05-20T13:07:10.667+0000][73][info ][safepoint   ] Safepoint "Cleanup", Time since last: 1461833970 ns, Reaching safepoint: 31256 ns, Cleanup: 16763 ns, At safepoint: 15503 ns, Total: 63522 ns
[2025-05-20T13:07:11.668+0000][73][info ][safepoint   ] Safepoint "Cleanup", Time since last: 1000796084 ns, Reaching safepoint: 126263 ns, Cleanup: 20206 ns, At safepoint: 21771 ns, Total: 168240 ns
[2025-05-20T13:07:15.670+0000][73][info ][safepoint   ] Safepoint "Cleanup", Time since last: 4001592998 ns, Reaching safepoint: 18699 ns, Cleanup: 14136 ns, At safepoint: 8309 ns, Total: 41144 ns
[2025-05-20T13:07:26.670+0000][73][info ][safepoint   ] Safepoint "Cleanup", Time since last: 11002411231 ns, Reaching safepoint: 76682 ns, Cleanup: 76262 ns, At safepoint: 20850 ns, Total: 173794 ns
[2025-05-20T13:07:27.670+0000][73][info ][safepoint   ] Safepoint "Cleanup", Time since last: 1000630321 ns, Reaching safepoint: 29641 ns, Cleanup: 15940 ns, At safepoint: 15164 ns, Total: 60745 ns
[2025-05-20T13:07:36.673+0000][73][info ][safepoint   ] Safepoint "Cleanup", Time since last: 9002025574 ns, Reaching safepoint: 44788 ns, Cleanup: 14613 ns, At safepoint: 8912 ns, Total: 68313 ns
[2025-05-20T13:07:48.227+0000][73][info ][safepoint   ] Safepoint "Cleanup", Time since last: 11554683637 ns, Reaching safepoint: 7168 ns, Cleanup: 10238 ns, At safepoint: 14142 ns, Total: 31548 ns
[2025-05-20T13:07:51.685+0000][73][info ][safepoint   ] Safepoint "Cleanup", Time since last: 3459389623 ns, Reaching safepoint: 20195 ns, Cleanup: 18356 ns, At safepoint: 8869 ns, Total: 47420 ns
[2025-05-20T13:07:56.725+0000][73][info ][safepoint   ] Safepoint "Cleanup", Time since last: 5040800486 ns, Reaching safepoint: 30512 ns, Cleanup: 14715 ns, At safepoint: 15469 ns, Total: 60696 ns
[2025-05-20T13:08:01.727+0000][73][info ][safepoint   ] Safepoint "Cleanup", Time since last: 5001084486 ns, Reaching safepoint: 29189 ns, Cleanup: 15205 ns, At safepoint: 14262 ns, Total: 58656 ns
[2025-05-20T13:08:05.728+0000][73][info ][safepoint   ] Safepoint "Cleanup", Time since last: 4001094768 ns, Reaching safepoint: 159532 ns, Cleanup: 15584 ns, At safepoint: 17318 ns, Total: 192434 ns
[2025-05-20T13:08:07.660+0000][73][info ][safepoint   ] Safepoint "Cleanup", Time since last: 1932418642 ns, Reaching safepoint: 29730 ns, Cleanup: 30788 ns, At safepoint: 15193 ns, Total: 75711 ns
[2025-05-20T13:08:11.662+0000][73][info ][safepoint   ] Safepoint "Cleanup", Time since last: 4001692521 ns, Reaching safepoint: 33829 ns, Cleanup: 25070 ns, At safepoint: 19805 ns, Total: 78704 ns
[2025-05-20T13:08:12.743+0000][73][info ][safepoint   ] Safepoint "Cleanup", Time since last: 1081163521 ns, Reaching safepoint: 158021 ns, Cleanup: 12314 ns, At safepoint: 57445 ns, Total: 227780 ns
[2025-05-20T13:08:22.772+0000][73][info ][safepoint   ] Safepoint "Cleanup", Time since last: 10030874910 ns, Reaching safepoint: 58769 ns, Cleanup: 21569 ns, At safepoint: 10707 ns, Total: 91045 ns
[2025-05-20T13:08:26.773+0000][73][info ][safepoint   ] Safepoint "Cleanup", Time since last: 4001084704 ns, Reaching safepoint: 30995 ns, Cleanup: 27070 ns, At safepoint: 13074 ns, Total: 71139 ns
[2025-05-20T13:08:27.774+0000][73][info ][safepoint   ] Safepoint "Cleanup", Time since last: 1000747374 ns, Reaching safepoint: 35327 ns, Cleanup: 26465 ns, At safepoint: 17806 ns, Total: 79598 ns
[2025-05-20T13:08:31.775+0000][73][info ][safepoint   ] Safepoint "Cleanup", Time since last: 4001201873 ns, Reaching safepoint: 31997 ns, Cleanup: 14736 ns, At safepoint: 15641 ns, Total: 62374 ns
[2025-05-20T13:08:36.777+0000][73][info ][safepoint   ] Safepoint "Cleanup", Time since last: 5001306698 ns, Reaching safepoint: 44538 ns, Cleanup: 13079 ns, At safepoint: 8698 ns, Total: 66315 ns
[2025-05-20T13:08:41.778+0000][73][info ][safepoint   ] Safepoint "Cleanup", Time since last: 5001426282 ns, Reaching safepoint: 20477 ns, Cleanup: 13121 ns, At safepoint: 9280 ns, Total: 42878 ns
[2025-05-20T13:08:42.781+0000][73][info ][safepoint   ] Safepoint "Cleanup", Time since last: 1003113313 ns, Reaching safepoint: 19275 ns, Cleanup: 12323 ns, At safepoint: 8881 ns, Total: 40479 ns
[2025-05-20T13:08:52.781+0000][73][info ][safepoint   ] Safepoint "Cleanup", Time since last: 10002023759 ns, Reaching safepoint: 128049 ns, Cleanup: 127498 ns, At safepoint: 20576 ns, Total: 276123 ns
[2025-05-20T13:08:56.591+0000][73][info ][safepoint   ] Safepoint "Cleanup", Time since last: 3809890250 ns, Reaching safepoint: 18403 ns, Cleanup: 12855 ns, At safepoint: 8939 ns, Total: 40197 ns
[2025-05-20T13:09:00.592+0000][73][info ][safepoint   ] Safepoint "Cleanup", Time since last: 4001197152 ns, Reaching safepoint: 18911 ns, Cleanup: 12437 ns, At safepoint: 8952 ns, Total: 40300 ns
[2025-05-20T13:09:01.593+0000][73][info ][safepoint   ] Safepoint "Cleanup", Time since last: 1000630018 ns, Reaching safepoint: 38247 ns, Cleanup: 19652 ns, At safepoint: 17597 ns, Total: 75496 ns
[2025-05-20T13:09:03.594+0000][73][info ][safepoint   ] Safepoint "Cleanup", Time since last: 2001039810 ns, Reaching safepoint: 37688 ns, Cleanup: 19298 ns, At safepoint: 17759 ns, Total: 74745 ns
[2025-05-20T13:09:15.226+0000][73][info ][safepoint   ] Safepoint "Cleanup", Time since last: 11630841732 ns, Reaching safepoint: 610010 ns, Cleanup: 11599 ns, At safepoint: 81545 ns, Total: 703154 ns
[2025-05-20T13:09:16.816+0000][73][info ][safepoint   ] Safepoint "Cleanup", Time since last: 1590601445 ns, Reaching safepoint: 32621 ns, Cleanup: 39337 ns, At safepoint: 18263 ns, Total: 90221 ns
[2025-05-20T13:09:22.816+0000][73][info ][safepoint   ] Safepoint "Cleanup", Time since last: 6001853152 ns, Reaching safepoint: 175530 ns, Cleanup: 15458 ns, At safepoint: 15065 ns, Total: 206053 ns
[2025-05-20T13:09:41.820+0000][73][info ][safepoint   ] Safepoint "Cleanup", Time since last: 19004012789 ns, Reaching safepoint: 78285 ns, Cleanup: 12774 ns, At safepoint: 8914 ns, Total: 99973 ns
[2025-05-20T13:09:46.822+0000][73][info ][safepoint   ] Safepoint "Cleanup", Time since last: 5001425169 ns, Reaching safepoint: 37467 ns, Cleanup: 17565 ns, At safepoint: 16840 ns, Total: 71872 ns
[2025-05-20T13:10:06.629+0000][73][info ][safepoint   ] Safepoint "Cleanup", Time since last: 19808867077 ns, Reaching safepoint: 40902 ns, Cleanup: 20823 ns, At safepoint: 17123 ns, Total: 78848 ns
[2025-05-20T13:10:11.632+0000][73][info ][safepoint   ] Safepoint "Cleanup", Time since last: 5003682367 ns, Reaching safepoint: 75432 ns, Cleanup: 19711 ns, At safepoint: 17850 ns, Total: 112993 ns
[2025-05-20T13:10:14.634+0000][73][info ][safepoint   ] Safepoint "Cleanup", Time since last: 3001108336 ns, Reaching safepoint: 34357 ns, Cleanup: 17303 ns, At safepoint: 17452 ns, Total: 69112 ns
[2025-05-20T13:10:16.635+0000][73][info ][safepoint   ] Safepoint "Cleanup", Time since last: 2000860390 ns, Reaching safepoint: 19980 ns, Cleanup: 13112 ns, At safepoint: 9639 ns, Total: 42731 ns
[2025-05-20T13:10:18.840+0000][73][info ][safepoint   ] Safepoint "Cleanup", Time since last: 2205282492 ns, Reaching safepoint: 14031 ns, Cleanup: 17797 ns, At safepoint: 81145 ns, Total: 112973 ns
[2025-05-20T13:10:21.856+0000][73][info ][safepoint   ] Safepoint "Cleanup", Time since last: 3018740423 ns, Reaching safepoint: 27914 ns, Cleanup: 14535 ns, At safepoint: 11116 ns, Total: 53565 ns
[2025-05-20T13:10:31.892+0000][73][info ][safepoint   ] Safepoint "Cleanup", Time since last: 10035706810 ns, Reaching safepoint: 107326 ns, Cleanup: 16190 ns, At safepoint: 10476 ns, Total: 133992 ns
[2025-05-20T13:10:57.661+0000][73][info ][safepoint   ] Safepoint "Cleanup", Time since last: 25771213623 ns, Reaching safepoint: 57216 ns, Cleanup: 23347 ns, At safepoint: 17869 ns, Total: 98432 ns
[2025-05-20T13:11:09.664+0000][73][info ][safepoint   ] Safepoint "Cleanup", Time since last: 12002668295 ns, Reaching safepoint: 86034 ns, Cleanup: 22150 ns, At safepoint: 37775 ns, Total: 145959 ns
[2025-05-20T13:11:21.193+0000][73][info ][safepoint   ] Safepoint "Cleanup", Time since last: 11530597945 ns, Reaching safepoint: 164379 ns, Cleanup: 20332 ns, At safepoint: 132677 ns, Total: 317388 ns
[2025-05-20T13:11:22.893+0000][73][info ][safepoint   ] Safepoint "Cleanup", Time since last: 1699840345 ns, Reaching safepoint: 32163 ns, Cleanup: 25460 ns, At safepoint: 14843 ns, Total: 72466 ns
[2025-05-20T13:11:26.894+0000][73][info ][safepoint   ] Safepoint "Cleanup", Time since last: 4001256623 ns, Reaching safepoint: 99925 ns, Cleanup: 35873 ns, At safepoint: 21805 ns, Total: 157603 ns
[2025-05-20T13:11:27.895+0000][73][info ][safepoint   ] Safepoint "Cleanup", Time since last: 1000771975 ns, Reaching safepoint: 29422 ns, Cleanup: 17797 ns, At safepoint: 15072 ns, Total: 62291 ns
[2025-05-20T13:11:41.898+0000][73][info ][safepoint   ] Safepoint "Cleanup", Time since last: 14002904714 ns, Reaching safepoint: 78421 ns, Cleanup: 17357 ns, At safepoint: 17535 ns, Total: 113313 ns
[2025-05-20T13:11:43.899+0000][73][info ][safepoint   ] Safepoint "Cleanup", Time since last: 2001209700 ns, Reaching safepoint: 34969 ns, Cleanup: 17045 ns, At safepoint: 17322 ns, Total: 69336 ns
[2025-05-20T13:11:46.900+0000][73][info ][safepoint   ] Safepoint "Cleanup", Time since last: 3001201179 ns, Reaching safepoint: 28642 ns, Cleanup: 13835 ns, At safepoint: 11283 ns, Total: 53760 ns
[2025-05-20T13:11:51.905+0000][73][info ][safepoint   ] Safepoint "Cleanup", Time since last: 5006692584 ns, Reaching safepoint: 33541 ns, Cleanup: 16573 ns, At safepoint: 15700 ns, Total: 65814 ns
[2025-05-20T13:12:01.694+0000][73][info ][safepoint   ] Safepoint "Cleanup", Time since last: 9789371641 ns, Reaching safepoint: 31880 ns, Cleanup: 17999 ns, At safepoint: 16805 ns, Total: 66684 ns
[2025-05-20T13:12:07.696+0000][73][info ][safepoint   ] Safepoint "Cleanup", Time since last: 6001650092 ns, Reaching safepoint: 28158 ns, Cleanup: 16516 ns, At safepoint: 12117 ns, Total: 56791 ns
[2025-05-20T13:12:11.698+0000][73][info ][safepoint   ] Safepoint "Cleanup", Time since last: 4002157063 ns, Reaching safepoint: 45041 ns, Cleanup: 16769 ns, At safepoint: 8650 ns, Total: 70460 ns
[2025-05-20T13:12:13.699+0000][73][info ][safepoint   ] Safepoint "Cleanup", Time since last: 2000687578 ns, Reaching safepoint: 25870 ns, Cleanup: 14386 ns, At safepoint: 11006 ns, Total: 51262 ns
[2025-05-20T13:12:24.218+0000][73][info ][safepoint   ] Safepoint "Cleanup", Time since last: 10521205577 ns, Reaching safepoint: 23446 ns, Cleanup: 19528 ns, At safepoint: 85107 ns, Total: 128081 ns
[2025-05-20T13:12:25.937+0000][73][info ][safepoint   ] Safepoint "Cleanup", Time since last: 1718902988 ns, Reaching safepoint: 67253 ns, Cleanup: 23899 ns, At safepoint: 16139 ns, Total: 107291 ns
[2025-05-20T13:12:26.938+0000][73][info ][safepoint   ] Safepoint "Cleanup", Time since last: 1000679118 ns, Reaching safepoint: 24058 ns, Cleanup: 13509 ns, At safepoint: 9643 ns, Total: 47210 ns
[2025-05-20T13:12:51.199+0000][73][info ][safepoint   ] Safepoint "Cleanup", Time since last: 24264178942 ns, Reaching safepoint: 26775 ns, Cleanup: 9289 ns, At safepoint: 15568 ns, Total: 51632 ns
[2025-05-20T13:12:52.957+0000][73][info ][safepoint   ] Safepoint "Cleanup", Time since last: 1757036435 ns, Reaching safepoint: 31333 ns, Cleanup: 23436 ns, At safepoint: 10925 ns, Total: 65694 ns
[2025-05-20T13:12:57.191+0000][73][info ][safepoint   ] Safepoint "Cleanup", Time since last: 4234943798 ns, Reaching safepoint: 25719 ns, Cleanup: 8578 ns, At safepoint: 3547 ns, Total: 37844 ns
[2025-05-20T13:13:11.842+0000][73][info ][safepoint   ] Safepoint "Cleanup", Time since last: 14650903584 ns, Reaching safepoint: 23119 ns, Cleanup: 14620 ns, At safepoint: 23068 ns, Total: 60807 ns
[2025-05-20T13:13:26.899+0000][73][info ][safepoint   ] Safepoint "Cleanup", Time since last: 15057999757 ns, Reaching safepoint: 69149 ns, Cleanup: 15518 ns, At safepoint: 31201 ns, Total: 115868 ns
[2025-05-20T13:13:28.046+0000][73][info ][safepoint   ] Safepoint "Cleanup", Time since last: 1147543514 ns, Reaching safepoint: 6895 ns, Cleanup: 9923 ns, At safepoint: 13775 ns, Total: 30593 ns
[2025-05-20T13:13:36.050+0000][73][info ][safepoint   ] Safepoint "Cleanup", Time since last: 8003131311 ns, Reaching safepoint: 30198 ns, Cleanup: 15867 ns, At safepoint: 12696 ns, Total: 58761 ns
[2025-05-20T13:13:38.056+0000][73][info ][safepoint   ] Safepoint "Cleanup", Time since last: 2006380682 ns, Reaching safepoint: 29727 ns, Cleanup: 16822 ns, At safepoint: 11206 ns, Total: 57755 ns
[2025-05-20T13:13:42.062+0000][73][info ][safepoint   ] Safepoint "Cleanup", Time since last: 4005484256 ns, Reaching safepoint: 28675 ns, Cleanup: 17193 ns, At safepoint: 11752 ns, Total: 57620 ns
[2025-05-20T13:13:43.062+0000][73][info ][safepoint   ] Safepoint "Cleanup", Time since last: 1000860809 ns, Reaching safepoint: 27260 ns, Cleanup: 14979 ns, At safepoint: 11512 ns, Total: 53751 ns
[2025-05-20T13:13:52.062+0000][73][info ][safepoint   ] Safepoint "Cleanup", Time since last: 9001619906 ns, Reaching safepoint: 33269 ns, Cleanup: 19954 ns, At safepoint: 12856 ns, Total: 66079 ns
[2025-05-20T13:14:16.757+0000][73][info ][safepoint   ] Safepoint "Cleanup", Time since last: 24694715522 ns, Reaching safepoint: 59859 ns, Cleanup: 14333 ns, At safepoint: 9177 ns, Total: 83369 ns
[2025-05-20T13:14:19.755+0000][73][info ][safepoint   ] Safepoint "Cleanup", Time since last: 3001196321 ns, Reaching safepoint: 39775 ns, Cleanup: 18051 ns, At safepoint: 20177 ns, Total: 78003 ns
[2025-05-20T13:14:21.756+0000][73][info ][safepoint   ] Safepoint "Cleanup", Time since last: 2001011293 ns, Reaching safepoint: 35204 ns, Cleanup: 20513 ns, At safepoint: 17342 ns, Total: 73059 ns
[2025-05-20T13:14:26.758+0000][73][info ][safepoint   ] Safepoint "Cleanup", Time since last: 5001437485 ns, Reaching safepoint: 23851 ns, Cleanup: 12198 ns, At safepoint: 9033 ns, Total: 45082 ns
[2025-05-20T13:14:30.214+0000][73][info ][safepoint   ] Safepoint "Cleanup", Time since last: 3456009236 ns, Reaching safepoint: 7082 ns, Cleanup: 7491 ns, At safepoint: 13681 ns, Total: 28254 ns
[2025-05-20T13:14:32.096+0000][73][info ][safepoint   ] Safepoint "Cleanup", Time since last: 1881981341 ns, Reaching safepoint: 34666 ns, Cleanup: 22835 ns, At safepoint: 16433 ns, Total: 73934 ns
[2025-05-20T13:14:36.104+0000][73][info ][safepoint   ] Safepoint "Cleanup", Time since last: 4007932820 ns, Reaching safepoint: 31978 ns, Cleanup: 15228 ns, At safepoint: 15727 ns, Total: 62933 ns
[2025-05-20T13:14:52.105+0000][73][info ][safepoint   ] Safepoint "Cleanup", Time since last: 16003411617 ns, Reaching safepoint: 36803 ns, Cleanup: 16223 ns, At safepoint: 15341 ns, Total: 68367 ns
[2025-05-20T13:15:34.114+0000][73][info ][safepoint   ] Safepoint "Cleanup", Time since last: 42011286507 ns, Reaching safepoint: 10249 ns, Cleanup: 8715 ns, At safepoint: 13352 ns, Total: 32316 ns
[2025-05-20T13:15:39.174+0000][73][info ][gc,start    ] GC(16) Pause Young (Prepare Mixed) (G1 Evacuation Pause)
[2025-05-20T13:15:39.179+0000][73][info ][gc,task     ] GC(16) Using 10 workers of 10 for evacuation
[2025-05-20T13:15:39.181+0000][73][debug][gc,age      ] GC(16) Desired survivor size 148897792 bytes, new threshold 15 (max threshold 15)
[2025-05-20T13:15:39.413+0000][73][info ][gc,mmu      ] GC(16) MMU target violated: 201.0ms (200.0ms/201.0ms)
[2025-05-20T13:15:39.414+0000][73][info ][gc,phases   ] GC(16)   Pre Evacuate Collection Set: 14.44ms
[2025-05-20T13:15:39.415+0000][73][info ][gc,phases   ] GC(16)   Merge Heap Roots: 4.67ms
[2025-05-20T13:15:39.415+0000][73][info ][gc,phases   ] GC(16)   Evacuate Collection Set: 187.59ms
[2025-05-20T13:15:39.415+0000][73][info ][gc,phases   ] GC(16)   Post Evacuate Collection Set: 20.53ms
[2025-05-20T13:15:39.416+0000][73][info ][gc,phases   ] GC(16)   Other: 9.37ms
[2025-05-20T13:15:39.417+0000][73][trace][gc,age      ] GC(16) Age table with threshold 15 (max threshold 15)
[2025-05-20T13:15:39.417+0000][73][trace][gc,age      ] GC(16) - age   1:    3809168 bytes,    3809168 total
[2025-05-20T13:15:39.417+0000][73][trace][gc,age      ] GC(16) - age   2:    7244240 bytes,   11053408 total
[2025-05-20T13:15:39.418+0000][73][trace][gc,age      ] GC(16) - age   3:     924136 bytes,   11977544 total
[2025-05-20T13:15:39.418+0000][73][info ][gc,heap     ] GC(16) Eden regions: 563->0(105)
[2025-05-20T13:15:39.419+0000][73][info ][gc,heap     ] GC(16) Survivor regions: 3->4(71)
[2025-05-20T13:15:39.426+0000][73][info ][gc,heap     ] GC(16) Old regions: 26->26
[2025-05-20T13:15:39.427+0000][73][info ][gc,heap     ] GC(16) Humongous regions: 0->0
[2025-05-20T13:15:39.428+0000][73][info ][gc,metaspace] GC(16) Metaspace: 147193K(151232K)->147193K(151232K) NonClass: 127120K(129344K)->127120K(129344K) Class: 20072K(21888K)->20072K(21888K)
[2025-05-20T13:15:39.429+0000][73][info ][gc          ] GC(16) Pause Young (Prepare Mixed) (G1 Evacuation Pause) 2367M->117M(3880M) 255.427ms
[2025-05-20T13:15:39.430+0000][73][info ][gc,cpu      ] GC(16) User=1.87s Sys=0.00s Real=0.26s
[2025-05-20T13:15:39.430+0000][73][info ][safepoint   ] Safepoint "G1CollectForAllocation", Time since last: 5055743536 ns, Reaching safepoint: 38542 ns, Cleanup: 4565 ns, At safepoint: 260607265 ns, Total: 260650372 ns
[2025-05-20T13:15:40.432+0000][73][info ][safepoint   ] Safepoint "Cleanup", Time since last: 1001492730 ns, Reaching safepoint: 30388 ns, Cleanup: 16989 ns, At safepoint: 11238 ns, Total: 58615 ns
[2025-05-20T13:16:14.814+0000][73][info ][safepoint   ] Safepoint "Cleanup", Time since last: 34384192306 ns, Reaching safepoint: 106545 ns, Cleanup: 19361 ns, At safepoint: 19623 ns, Total: 145529 ns
[2025-05-20T13:16:26.814+0000][73][info ][safepoint   ] Safepoint "Cleanup", Time since last: 12002996104 ns, Reaching safepoint: 28041 ns, Cleanup: 14627 ns, At safepoint: 9911 ns, Total: 52579 ns
[2025-05-20T13:16:36.223+0000][73][info ][safepoint   ] Safepoint "Cleanup", Time since last: 9408978264 ns, Reaching safepoint: 24479 ns, Cleanup: 11121 ns, At safepoint: 22595 ns, Total: 58195 ns
[2025-05-20T13:16:38.194+0000][73][info ][safepoint   ] Safepoint "Cleanup", Time since last: 1970327836 ns, Reaching safepoint: 22681 ns, Cleanup: 14077 ns, At safepoint: 9425 ns, Total: 46183 ns
[2025-05-20T13:16:47.196+0000][73][info ][safepoint   ] Safepoint "Cleanup", Time since last: 9002504912 ns, Reaching safepoint: 33178 ns, Cleanup: 15670 ns, At safepoint: 15973 ns, Total: 64821 ns
[2025-05-20T13:16:52.198+0000][73][info ][safepoint   ] Safepoint "Cleanup", Time since last: 5000962790 ns, Reaching safepoint: 2142160 ns, Cleanup: 24509 ns, At safepoint: 148980 ns, Total: 2315649 ns
[2025-05-20T13:17:12.844+0000][73][info ][safepoint   ] Safepoint "Cleanup", Time since last: 20645920035 ns, Reaching safepoint: 56427 ns, Cleanup: 14787 ns, At safepoint: 11259 ns, Total: 82473 ns
[2025-05-20T13:17:21.844+0000][73][info ][safepoint   ] Safepoint "Cleanup", Time since last: 9002607268 ns, Reaching safepoint: 68192 ns, Cleanup: 17047 ns, At safepoint: 15372 ns, Total: 100611 ns
[2025-05-20T13:17:26.845+0000][73][info ][safepoint   ] Safepoint "Cleanup", Time since last: 5001178037 ns, Reaching safepoint: 20927 ns, Cleanup: 62237 ns, At safepoint: 10733 ns, Total: 93897 ns
[2025-05-20T13:17:36.191+0000][73][info ][safepoint   ] Safepoint "Cleanup", Time since last: 9346164772 ns, Reaching safepoint: 118593 ns, Cleanup: 13402 ns, At safepoint: 66529 ns, Total: 198524 ns
[2025-05-20T13:17:37.215+0000][73][info ][safepoint   ] Safepoint "Cleanup", Time since last: 1024055195 ns, Reaching safepoint: 6680 ns, Cleanup: 25939 ns, At safepoint: 14172 ns, Total: 46791 ns
[2025-05-20T13:17:39.190+0000][73][info ][safepoint   ] Safepoint "Cleanup", Time since last: 1974404581 ns, Reaching safepoint: 96351 ns, Cleanup: 11264 ns, At safepoint: 50265 ns, Total: 157880 ns
[2025-05-20T13:17:40.214+0000][73][info ][safepoint   ] Safepoint "Cleanup", Time since last: 1023787023 ns, Reaching safepoint: 17364 ns, Cleanup: 11989 ns, At safepoint: 8434 ns, Total: 37787 ns
[2025-05-20T13:17:42.245+0000][73][info ][safepoint   ] Safepoint "Cleanup", Time since last: 2031329220 ns, Reaching safepoint: 31309 ns, Cleanup: 19281 ns, At safepoint: 16295 ns, Total: 66885 ns
[2025-05-20T13:17:45.200+0000][73][info ][safepoint   ] Safepoint "Cleanup", Time since last: 2954350542 ns, Reaching safepoint: 17636 ns, Cleanup: 25408 ns, At safepoint: 143857 ns, Total: 186901 ns
[2025-05-20T13:17:45.322+0000][73][info ][gc,start    ] GC(17) Pause Young (Concurrent Start) (CodeCache GC Threshold)
[2025-05-20T13:17:45.323+0000][73][info ][gc,task     ] GC(17) Using 10 workers of 10 for evacuation
[2025-05-20T13:17:45.324+0000][73][debug][gc,age      ] GC(17) Desired survivor size 33554432 bytes, new threshold 15 (max threshold 15)
[2025-05-20T13:17:45.399+0000][73][info ][gc,phases   ] GC(17)   Pre Evacuate Collection Set: 8.27ms
[2025-05-20T13:17:45.399+0000][73][info ][gc,phases   ] GC(17)   Merge Heap Roots: 0.43ms
[2025-05-20T13:17:45.400+0000][73][info ][gc,phases   ] GC(17)   Evacuate Collection Set: 62.44ms
[2025-05-20T13:17:45.400+0000][73][info ][gc,phases   ] GC(17)   Post Evacuate Collection Set: 2.74ms
[2025-05-20T13:17:45.401+0000][73][info ][gc,phases   ] GC(17)   Other: 2.19ms
[2025-05-20T13:17:45.401+0000][73][trace][gc,age      ] GC(17) Age table with threshold 15 (max threshold 15)
[2025-05-20T13:17:45.401+0000][73][trace][gc,age      ] GC(17) - age   1:     972480 bytes,     972480 total
[2025-05-20T13:17:45.402+0000][73][trace][gc,age      ] GC(17) - age   2:    3017232 bytes,    3989712 total
[2025-05-20T13:17:45.402+0000][73][trace][gc,age      ] GC(17) - age   3:    7244240 bytes,   11233952 total
[2025-05-20T13:17:45.403+0000][73][trace][gc,age      ] GC(17) - age   4:     924136 bytes,   12158088 total
[2025-05-20T13:17:45.404+0000][73][info ][gc,heap     ] GC(17) Eden regions: 50->0(479)
[2025-05-20T13:17:45.405+0000][73][info ][gc,heap     ] GC(17) Survivor regions: 4->4(16)
[2025-05-20T13:17:45.405+0000][73][info ][gc,heap     ] GC(17) Old regions: 26->26
[2025-05-20T13:17:45.406+0000][73][info ][gc,heap     ] GC(17) Humongous regions: 0->0
[2025-05-20T13:17:45.406+0000][73][info ][gc,metaspace] GC(17) Metaspace: 147272K(151296K)->147272K(151296K) NonClass: 127200K(129408K)->127200K(129408K) Class: 20072K(21888K)->20072K(21888K)
[2025-05-20T13:17:45.407+0000][73][info ][gc          ] GC(17) Pause Young (Concurrent Start) (CodeCache GC Threshold) 317M->117M(3880M) 85.056ms
[2025-05-20T13:17:45.407+0000][73][info ][gc,cpu      ] GC(17) User=0.35s Sys=0.01s Real=0.08s
[2025-05-20T13:17:45.408+0000][73][info ][safepoint   ] Safepoint "G1TryInitiateConcMark", Time since last: 121281498 ns, Reaching safepoint: 26563 ns, Cleanup: 17694 ns, At safepoint: 86648986 ns, Total: 86693243 ns
[2025-05-20T13:17:45.408+0000][73][info ][gc          ] GC(18) Concurrent Mark Cycle
[2025-05-20T13:17:45.409+0000][73][info ][gc,marking  ] GC(18) Concurrent Scan Root Regions
[2025-05-20T13:17:45.454+0000][73][info ][gc,marking  ] GC(18) Concurrent Scan Root Regions 45.060ms
[2025-05-20T13:17:45.455+0000][73][info ][gc,marking  ] GC(18) Concurrent Mark
[2025-05-20T13:17:45.455+0000][73][info ][gc,marking  ] GC(18) Concurrent Mark From Roots
[2025-05-20T13:17:45.456+0000][73][info ][gc,task     ] GC(18) Using 3 workers of 3 for marking
[2025-05-20T13:17:45.649+0000][73][info ][gc,marking  ] GC(18) Concurrent Mark From Roots 193.578ms
[2025-05-20T13:17:45.649+0000][73][info ][gc,marking  ] GC(18) Concurrent Preclean
[2025-05-20T13:17:45.651+0000][73][info ][gc,marking  ] GC(18) Concurrent Preclean 1.460ms
[2025-05-20T13:17:45.651+0000][73][info ][gc,start    ] GC(18) Pause Remark
[2025-05-20T13:17:45.839+0000][73][info ][gc          ] GC(18) Pause Remark 122M->122M(3880M) 187.923ms
[2025-05-20T13:17:45.840+0000][73][info ][gc,cpu      ] GC(18) User=1.60s Sys=0.06s Real=0.19s
[2025-05-20T13:17:45.840+0000][73][info ][safepoint   ] Safepoint "G1PauseRemark", Time since last: 243534578 ns, Reaching safepoint: 18519 ns, Cleanup: 21049 ns, At safepoint: 188904358 ns, Total: 188943926 ns
[2025-05-20T13:17:45.841+0000][73][info ][gc,marking  ] GC(18) Concurrent Mark 385.828ms
[2025-05-20T13:17:45.841+0000][73][info ][gc,marking  ] GC(18) Concurrent Rebuild Remembered Sets and Scrub Regions
[2025-05-20T13:17:45.864+0000][73][info ][gc,marking  ] GC(18) Concurrent Rebuild Remembered Sets and Scrub Regions 22.752ms
[2025-05-20T13:17:45.866+0000][73][info ][gc,start    ] GC(18) Pause Cleanup
[2025-05-20T13:17:45.868+0000][73][info ][gc          ] GC(18) Pause Cleanup 122M->122M(3880M) 1.998ms
[2025-05-20T13:17:45.870+0000][73][info ][gc,cpu      ] GC(18) User=0.00s Sys=0.00s Real=0.01s
[2025-05-20T13:17:45.872+0000][73][info ][safepoint   ] Safepoint "G1PauseCleanup", Time since last: 25735604 ns, Reaching safepoint: 18779 ns, Cleanup: 134468 ns, At safepoint: 6335269 ns, Total: 6488516 ns
[2025-05-20T13:17:45.873+0000][73][info ][gc,marking  ] GC(18) Concurrent Clear Claimed Marks
[2025-05-20T13:17:45.874+0000][73][info ][gc,marking  ] GC(18) Concurrent Clear Claimed Marks 0.847ms
[2025-05-20T13:17:45.877+0000][73][info ][gc,marking  ] GC(18) Concurrent Cleanup for Next Mark
[2025-05-20T13:17:45.950+0000][73][info ][gc,marking  ] GC(18) Concurrent Cleanup for Next Mark 73.382ms
[2025-05-20T13:17:45.951+0000][73][info ][gc          ] GC(18) Concurrent Mark Cycle 542.760ms
[2025-05-20T13:17:52.272+0000][73][info ][safepoint   ] Safepoint "Cleanup", Time since last: 6401456490 ns, Reaching safepoint: 36507 ns, Cleanup: 19451 ns, At safepoint: 17858 ns, Total: 73816 ns
[2025-05-20T13:17:54.183+0000][73][info ][safepoint   ] Safepoint "Cleanup", Time since last: 1910904521 ns, Reaching safepoint: 6836 ns, Cleanup: 10494 ns, At safepoint: 13402 ns, Total: 30732 ns
[2025-05-20T13:17:55.207+0000][73][info ][safepoint   ] Safepoint "Cleanup", Time since last: 1024629248 ns, Reaching safepoint: 20905 ns, Cleanup: 19661 ns, At safepoint: 9426 ns, Total: 49992 ns
[2025-05-20T13:17:56.872+0000][73][info ][safepoint   ] Safepoint "Cleanup", Time since last: 1664719775 ns, Reaching safepoint: 20428 ns, Cleanup: 12958 ns, At safepoint: 9168 ns, Total: 42554 ns
[2025-05-20T13:18:00.176+0000][73][info ][safepoint   ] Safepoint "Cleanup", Time since last: 3303641211 ns, Reaching safepoint: 124320 ns, Cleanup: 16233 ns, At safepoint: 47932 ns, Total: 188485 ns
[2025-05-20T13:18:18.495+0000][73][info ][safepoint   ] Safepoint "Cleanup", Time since last: 18319134786 ns, Reaching safepoint: 58306 ns, Cleanup: 14621 ns, At safepoint: 14666 ns, Total: 87593 ns
[2025-05-20T13:18:26.510+0000][73][info ][safepoint   ] Safepoint "Cleanup", Time since last: 8016395733 ns, Reaching safepoint: 30256 ns, Cleanup: 16777 ns, At safepoint: 11118 ns, Total: 58151 ns
[2025-05-20T13:18:27.511+0000][73][info ][safepoint   ] Safepoint "Cleanup", Time since last: 1000684730 ns, Reaching safepoint: 27392 ns, Cleanup: 14822 ns, At safepoint: 10819 ns, Total: 53033 ns
[2025-05-20T13:18:39.513+0000][73][info ][safepoint   ] Safepoint "Cleanup", Time since last: 12002365376 ns, Reaching safepoint: 156433 ns, Cleanup: 16408 ns, At safepoint: 12502 ns, Total: 185343 ns
[2025-05-20T13:18:42.180+0000][73][info ][safepoint   ] Safepoint "Cleanup", Time since last: 2666824646 ns, Reaching safepoint: 15866 ns, Cleanup: 14313 ns, At safepoint: 115263 ns, Total: 145442 ns
[2025-05-20T13:18:43.395+0000][73][info ][safepoint   ] Safepoint "Cleanup", Time since last: 1214865184 ns, Reaching safepoint: 35965 ns, Cleanup: 68215 ns, At safepoint: 20825 ns, Total: 125005 ns
[2025-05-20T13:18:45.396+0000][73][info ][safepoint   ] Safepoint "Cleanup", Time since last: 2000939811 ns, Reaching safepoint: 29948 ns, Cleanup: 15944 ns, At safepoint: 14993 ns, Total: 60885 ns
[2025-05-20T13:19:11.903+0000][73][info ][safepoint   ] Safepoint "Cleanup", Time since last: 26509815244 ns, Reaching safepoint: 81434 ns, Cleanup: 16312 ns, At safepoint: 16983 ns, Total: 114729 ns
[2025-05-20T13:19:22.903+0000][73][info ][safepoint   ] Safepoint "Cleanup", Time since last: 11002283784 ns, Reaching safepoint: 57444 ns, Cleanup: 15183 ns, At safepoint: 10473 ns, Total: 83100 ns
[2025-05-20T13:19:26.905+0000][73][info ][safepoint   ] Safepoint "Cleanup", Time since last: 4001804003 ns, Reaching safepoint: 36451 ns, Cleanup: 21391 ns, At safepoint: 16532 ns, Total: 74374 ns
[2025-05-20T13:19:27.906+0000][73][info ][safepoint   ] Safepoint "Cleanup", Time since last: 1000740339 ns, Reaching safepoint: 37052 ns, Cleanup: 18382 ns, At safepoint: 18862 ns, Total: 74296 ns
[2025-05-20T13:19:45.413+0000][73][info ][safepoint   ] Safepoint "Cleanup", Time since last: 17506629439 ns, Reaching safepoint: 7030 ns, Cleanup: 9667 ns, At safepoint: 3136 ns, Total: 19833 ns
[2025-05-20T13:19:52.429+0000][73][info ][safepoint   ] Safepoint "Cleanup", Time since last: 7018794215 ns, Reaching safepoint: 74773 ns, Cleanup: 21550 ns, At safepoint: 34669 ns, Total: 130992 ns
[2025-05-20T13:19:55.932+0000][73][info ][safepoint   ] Safepoint "Cleanup", Time since last: 3502326402 ns, Reaching safepoint: 12179 ns, Cleanup: 18198 ns, At safepoint: 20882 ns, Total: 51259 ns
[2025-05-20T13:20:06.934+0000][73][info ][safepoint   ] Safepoint "Cleanup", Time since last: 11002418591 ns, Reaching safepoint: 95730 ns, Cleanup: 17245 ns, At safepoint: 17434 ns, Total: 130409 ns
[2025-05-20T13:20:26.967+0000][73][info ][safepoint   ] Safepoint "Cleanup", Time since last: 20034727522 ns, Reaching safepoint: 48697 ns, Cleanup: 17404 ns, At safepoint: 16643 ns, Total: 82744 ns
[2025-05-20T13:20:41.970+0000][73][info ][safepoint   ] Safepoint "Cleanup", Time since last: 15002963875 ns, Reaching safepoint: 272615 ns, Cleanup: 23169 ns, At safepoint: 19224 ns, Total: 315008 ns
[2025-05-20T13:20:46.972+0000][73][info ][safepoint   ] Safepoint "Cleanup", Time since last: 5002330576 ns, Reaching safepoint: 35939 ns, Cleanup: 21537 ns, At safepoint: 18448 ns, Total: 75924 ns
[2025-05-20T13:20:48.182+0000][73][info ][safepoint   ] Safepoint "Cleanup", Time since last: 1209861191 ns, Reaching safepoint: 7329 ns, Cleanup: 9331 ns, At safepoint: 15661 ns, Total: 32321 ns
[2025-05-20T13:21:21.964+0000][73][info ][safepoint   ] Safepoint "Cleanup", Time since last: 33786357696 ns, Reaching safepoint: 90074 ns, Cleanup: 20165 ns, At safepoint: 17883 ns, Total: 128122 ns
[2025-05-20T13:21:26.965+0000][73][info ][safepoint   ] Safepoint "Cleanup", Time since last: 5001322384 ns, Reaching safepoint: 79782 ns, Cleanup: 23911 ns, At safepoint: 17550 ns, Total: 121243 ns
[2025-05-20T13:21:41.969+0000][73][info ][safepoint   ] Safepoint "Cleanup", Time since last: 15003079900 ns, Reaching safepoint: 61171 ns, Cleanup: 14262 ns, At safepoint: 9947 ns, Total: 85380 ns
[2025-05-20T13:21:51.189+0000][73][info ][safepoint   ] Safepoint "Cleanup", Time since last: 9222489690 ns, Reaching safepoint: 443249 ns, Cleanup: 15564 ns, At safepoint: 51332 ns, Total: 510145 ns
[2025-05-20T13:21:52.524+0000][73][info ][safepoint   ] Safepoint "Cleanup", Time since last: 1334812694 ns, Reaching safepoint: 27487 ns, Cleanup: 17646 ns, At safepoint: 11516 ns, Total: 56649 ns
[2025-05-20T13:22:01.994+0000][73][info ][safepoint   ] Safepoint "Cleanup", Time since last: 9470163657 ns, Reaching safepoint: 29872 ns, Cleanup: 15317 ns, At safepoint: 14894 ns, Total: 60083 ns
[2025-05-20T13:22:09.997+0000][73][info ][safepoint   ] Safepoint "Cleanup", Time since last: 8001972854 ns, Reaching safepoint: 76607 ns, Cleanup: 23989 ns, At safepoint: 16976 ns, Total: 117572 ns
[2025-05-20T13:22:11.997+0000][73][info ][safepoint   ] Safepoint "Cleanup", Time since last: 2000796893 ns, Reaching safepoint: 31310 ns, Cleanup: 22498 ns, At safepoint: 13742 ns, Total: 67550 ns
[2025-05-20T13:22:21.997+0000][73][info ][safepoint   ] Safepoint "Cleanup", Time since last: 10002097961 ns, Reaching safepoint: 22776 ns, Cleanup: 15877 ns, At safepoint: 10847 ns, Total: 49500 ns
[2025-05-20T13:22:22.998+0000][73][info ][safepoint   ] Safepoint "Cleanup", Time since last: 1000796551 ns, Reaching safepoint: 27524 ns, Cleanup: 14553 ns, At safepoint: 13332 ns, Total: 55409 ns
[2025-05-20T13:22:37.001+0000][73][info ][safepoint   ] Safepoint "Cleanup", Time since last: 14002788302 ns, Reaching safepoint: 65431 ns, Cleanup: 20581 ns, At safepoint: 11810 ns, Total: 97822 ns
[2025-05-20T13:22:52.005+0000][73][info ][safepoint   ] Safepoint "Cleanup", Time since last: 15007218248 ns, Reaching safepoint: 27635 ns, Cleanup: 13378 ns, At safepoint: 10971 ns, Total: 51984 ns
[2025-05-20T13:22:57.185+0000][73][info ][safepoint   ] Safepoint "Cleanup", Time since last: 5179695681 ns, Reaching safepoint: 7485 ns, Cleanup: 8271 ns, At safepoint: 3651 ns, Total: 19407 ns
[2025-05-20T13:22:58.581+0000][73][info ][safepoint   ] Safepoint "Cleanup", Time since last: 1395555444 ns, Reaching safepoint: 30842 ns, Cleanup: 20109 ns, At safepoint: 10346 ns, Total: 61297 ns
[2025-05-20T13:23:03.184+0000][73][info ][safepoint   ] Safepoint "Cleanup", Time since last: 4602642358 ns, Reaching safepoint: 31186 ns, Cleanup: 14203 ns, At safepoint: 66567 ns, Total: 111956 ns
[2025-05-20T13:23:04.614+0000][73][info ][safepoint   ] Safepoint "Cleanup", Time since last: 1430368445 ns, Reaching safepoint: 32095 ns, Cleanup: 19438 ns, At safepoint: 15528 ns, Total: 67061 ns
[2025-05-20T13:23:07.214+0000][73][info ][safepoint   ] Safepoint "Cleanup", Time since last: 2599906877 ns, Reaching safepoint: 8602 ns, Cleanup: 13166 ns, At safepoint: 14352 ns, Total: 36120 ns
[2025-05-20T13:23:22.222+0000][73][info ][safepoint   ] Safepoint "Cleanup", Time since last: 15010554114 ns, Reaching safepoint: 119034 ns, Cleanup: 13833 ns, At safepoint: 41216 ns, Total: 174083 ns
[2025-05-20T13:23:24.223+0000][73][info ][safepoint   ] Safepoint "Cleanup", Time since last: 2000895955 ns, Reaching safepoint: 23730 ns, Cleanup: 12061 ns, At safepoint: 9843 ns, Total: 45634 ns
[2025-05-20T13:23:26.229+0000][73][info ][safepoint   ] Safepoint "Cleanup", Time since last: 2005640183 ns, Reaching safepoint: 26026 ns, Cleanup: 19000 ns, At safepoint: 10764 ns, Total: 55790 ns
[2025-05-20T13:23:32.230+0000][73][info ][safepoint   ] Safepoint "Cleanup", Time since last: 6001399413 ns, Reaching safepoint: 22961 ns, Cleanup: 18009 ns, At safepoint: 9273 ns, Total: 50243 ns
[2025-05-20T13:23:48.233+0000][73][info ][safepoint   ] Safepoint "Cleanup", Time since last: 16002850332 ns, Reaching safepoint: 72308 ns, Cleanup: 17742 ns, At safepoint: 33621 ns, Total: 123671 ns
[2025-05-20T13:23:51.233+0000][73][info ][safepoint   ] Safepoint "Cleanup", Time since last: 3001057412 ns, Reaching safepoint: 26683 ns, Cleanup: 15257 ns, At safepoint: 11718 ns, Total: 53658 ns
[2025-05-20T13:23:57.058+0000][73][info ][safepoint   ] Safepoint "Cleanup", Time since last: 5824582041 ns, Reaching safepoint: 111722 ns, Cleanup: 16280 ns, At safepoint: 30251 ns, Total: 158253 ns
[2025-05-20T13:23:58.696+0000][73][info ][safepoint   ] Safepoint "Cleanup", Time since last: 1638618791 ns, Reaching safepoint: 21944 ns, Cleanup: 12422 ns, At safepoint: 8876 ns, Total: 43242 ns
[2025-05-20T13:24:18.700+0000][73][info ][safepoint   ] Safepoint "Cleanup", Time since last: 20003363800 ns, Reaching safepoint: 122055 ns, Cleanup: 19286 ns, At safepoint: 17766 ns, Total: 159107 ns
[2025-05-20T13:24:22.698+0000][73][info ][safepoint   ] Safepoint "Cleanup", Time since last: 4001074539 ns, Reaching safepoint: 23970 ns, Cleanup: 16340 ns, At safepoint: 10244 ns, Total: 50554 ns
[2025-05-20T13:24:26.699+0000][73][info ][safepoint   ] Safepoint "Cleanup", Time since last: 4001094286 ns, Reaching safepoint: 78209 ns, Cleanup: 20755 ns, At safepoint: 10091 ns, Total: 109055 ns
[2025-05-20T13:25:00.177+0000][73][info ][safepoint   ] Safepoint "Cleanup", Time since last: 33480075897 ns, Reaching safepoint: 9265 ns, Cleanup: 7724 ns, At safepoint: 13528 ns, Total: 30517 ns
[2025-05-20T13:25:01.740+0000][73][info ][safepoint   ] Safepoint "Cleanup", Time since last: 1562561139 ns, Reaching safepoint: 20351 ns, Cleanup: 15431 ns, At safepoint: 9200 ns, Total: 44982 ns
[2025-05-20T13:25:07.741+0000][73][info ][safepoint   ] Safepoint "Cleanup", Time since last: 6001298780 ns, Reaching safepoint: 27761 ns, Cleanup: 18684 ns, At safepoint: 11286 ns, Total: 57731 ns
[2025-05-20T13:25:11.742+0000][73][info ][safepoint   ] Safepoint "Cleanup", Time since last: 4001016955 ns, Reaching safepoint: 26348 ns, Cleanup: 13223 ns, At safepoint: 10652 ns, Total: 50223 ns
[2025-05-20T13:25:12.743+0000][73][info ][safepoint   ] Safepoint "Cleanup", Time since last: 1000653768 ns, Reaching safepoint: 29728 ns, Cleanup: 13449 ns, At safepoint: 11070 ns, Total: 54247 ns
[2025-05-20T13:25:26.743+0000][73][info ][safepoint   ] Safepoint "Cleanup", Time since last: 14002638376 ns, Reaching safepoint: 74658 ns, Cleanup: 18640 ns, At safepoint: 75230 ns, Total: 168528 ns
[2025-05-20T13:25:47.747+0000][73][info ][safepoint   ] Safepoint "Cleanup", Time since last: 21003839766 ns, Reaching safepoint: 75859 ns, Cleanup: 16213 ns, At safepoint: 17373 ns, Total: 109445 ns
[2025-05-20T13:26:03.193+0000][73][info ][safepoint   ] Safepoint "Cleanup", Time since last: 15447303832 ns, Reaching safepoint: 18121 ns, Cleanup: 12221 ns, At safepoint: 14298 ns, Total: 44640 ns
[2025-05-20T13:26:04.788+0000][73][info ][safepoint   ] Safepoint "Cleanup", Time since last: 1595578750 ns, Reaching safepoint: 33918 ns, Cleanup: 20031 ns, At safepoint: 17883 ns, Total: 71832 ns
[2025-05-20T13:26:07.789+0000][73][info ][safepoint   ] Safepoint "Cleanup", Time since last: 3001043753 ns, Reaching safepoint: 20477 ns, Cleanup: 14369 ns, At safepoint: 9281 ns, Total: 44127 ns
[2025-05-20T13:26:15.808+0000][73][info ][safepoint   ] Safepoint "Cleanup", Time since last: 8005671357 ns, Reaching safepoint: 12885450 ns, Cleanup: 23200 ns, At safepoint: 178963 ns, Total: 13087613 ns
[2025-05-20T13:26:26.813+0000][73][info ][safepoint   ] Safepoint "Cleanup", Time since last: 11008154320 ns, Reaching safepoint: 23025 ns, Cleanup: 33083 ns, At safepoint: 10568 ns, Total: 66676 ns
[2025-05-20T13:26:31.818+0000][73][info ][safepoint   ] Safepoint "Cleanup", Time since last: 5004737814 ns, Reaching safepoint: 27267 ns, Cleanup: 129543 ns, At safepoint: 26219 ns, Total: 183029 ns
[2025-05-20T13:27:06.848+0000][73][info ][safepoint   ] Safepoint "Cleanup", Time since last: 35031896025 ns, Reaching safepoint: 10284 ns, Cleanup: 9006 ns, At safepoint: 13587 ns, Total: 32877 ns
[2025-05-20T13:27:16.851+0000][73][info ][safepoint   ] Safepoint "Cleanup", Time since last: 10002341048 ns, Reaching safepoint: 46644 ns, Cleanup: 11506 ns, At safepoint: 9767 ns, Total: 67917 ns
[2025-05-20T13:27:26.850+0000][73][info ][safepoint   ] Safepoint "Cleanup", Time since last: 10002066072 ns, Reaching safepoint: 25745 ns, Cleanup: 15392 ns, At safepoint: 10469 ns, Total: 51606 ns
[2025-05-20T13:27:41.853+0000][73][info ][safepoint   ] Safepoint "Cleanup", Time since last: 15002628113 ns, Reaching safepoint: 28401 ns, Cleanup: 15279 ns, At safepoint: 12847 ns, Total: 56527 ns
[2025-05-20T13:27:54.854+0000][73][info ][safepoint   ] Safepoint "Cleanup", Time since last: 13002767556 ns, Reaching safepoint: 98783 ns, Cleanup: 16396 ns, At safepoint: 13992 ns, Total: 129171 ns
[2025-05-20T13:28:05.877+0000][73][info ][safepoint   ] Safepoint "Cleanup", Time since last: 11023653247 ns, Reaching safepoint: 19553 ns, Cleanup: 12637 ns, At safepoint: 9656 ns, Total: 41846 ns
[2025-05-20T13:28:07.323+0000][73][info ][safepoint   ] Safepoint "Cleanup", Time since last: 1446057559 ns, Reaching safepoint: 17878 ns, Cleanup: 15072 ns, At safepoint: 8569 ns, Total: 41519 ns
[2025-05-20T13:28:09.267+0000][73][info ][safepoint   ] Safepoint "Cleanup", Time since last: 1942910092 ns, Reaching safepoint: 115803 ns, Cleanup: 10196 ns, At safepoint: 38606 ns, Total: 164605 ns
[2025-05-20T13:28:12.933+0000][73][info ][safepoint   ] Safepoint "Cleanup", Time since last: 3666516273 ns, Reaching safepoint: 27702 ns, Cleanup: 15300 ns, At safepoint: 12373 ns, Total: 55375 ns
[2025-05-20T13:28:22.933+0000][73][info ][safepoint   ] Safepoint "Cleanup", Time since last: 10002209789 ns, Reaching safepoint: 84795 ns, Cleanup: 13692 ns, At safepoint: 10467 ns, Total: 108954 ns
[2025-05-20T13:28:26.934+0000][73][info ][safepoint   ] Safepoint "Cleanup", Time since last: 4001158817 ns, Reaching safepoint: 28743 ns, Cleanup: 14893 ns, At safepoint: 9606 ns, Total: 53242 ns
[2025-05-20T13:28:28.936+0000][73][info ][safepoint   ] Safepoint "Cleanup", Time since last: 2001514538 ns, Reaching safepoint: 50687 ns, Cleanup: 17959 ns, At safepoint: 12886 ns, Total: 81532 ns
[2025-05-20T13:28:36.459+0000][73][info ][safepoint   ] Safepoint "Cleanup", Time since last: 7522914101 ns, Reaching safepoint: 11731 ns, Cleanup: 12844 ns, At safepoint: 28321 ns, Total: 52896 ns
[2025-05-20T13:28:39.493+0000][73][info ][safepoint   ] Safepoint "Cleanup", Time since last: 3033731033 ns, Reaching safepoint: 25417 ns, Cleanup: 18374 ns, At safepoint: 11706 ns, Total: 55497 ns
[2025-05-20T13:28:49.497+0000][73][info ][safepoint   ] Safepoint "Cleanup", Time since last: 10006296041 ns, Reaching safepoint: 76644 ns, Cleanup: 22221 ns, At safepoint: 33893 ns, Total: 132758 ns
[2025-05-20T13:29:02.200+0000][73][info ][safepoint   ] Safepoint "Cleanup", Time since last: 12703575236 ns, Reaching safepoint: 32376 ns, Cleanup: 16951 ns, At safepoint: 11664 ns, Total: 60991 ns
[2025-05-20T13:29:12.195+0000][73][info ][safepoint   ] Safepoint "Cleanup", Time since last: 9994479133 ns, Reaching safepoint: 168592 ns, Cleanup: 10324 ns, At safepoint: 43440 ns, Total: 222356 ns
[2025-05-20T13:29:13.991+0000][73][info ][safepoint   ] Safepoint "Cleanup", Time since last: 1795332855 ns, Reaching safepoint: 27282 ns, Cleanup: 17986 ns, At safepoint: 11538 ns, Total: 56806 ns
[2025-05-20T13:29:14.995+0000][73][info ][safepoint   ] Safepoint "Cleanup", Time since last: 1004125076 ns, Reaching safepoint: 36424 ns, Cleanup: 21561 ns, At safepoint: 13578 ns, Total: 71563 ns
[2025-05-20T13:29:22.168+0000][73][info ][safepoint   ] Safepoint "Cleanup", Time since last: 7114997176 ns, Reaching safepoint: 61228742 ns, Cleanup: 20837 ns, At safepoint: 115748 ns, Total: 61365327 ns
[2025-05-20T13:29:27.269+0000][73][info ][safepoint   ] Safepoint "Cleanup", Time since last: 5099951974 ns, Reaching safepoint: 242643 ns, Cleanup: 18274 ns, At safepoint: 38501 ns, Total: 299418 ns
[2025-05-20T13:29:53.271+0000][73][info ][safepoint   ] Safepoint "Cleanup", Time since last: 26004066493 ns, Reaching safepoint: 69633 ns, Cleanup: 14847 ns, At safepoint: 12856 ns, Total: 97336 ns
[2025-05-20T13:30:12.541+0000][73][info ][safepoint   ] Safepoint "Cleanup", Time since last: 19266803932 ns, Reaching safepoint: 3211638 ns, Cleanup: 18207 ns, At safepoint: 124199 ns, Total: 3354044 ns
[2025-05-20T13:30:14.038+0000][73][info ][safepoint   ] Safepoint "Cleanup", Time since last: 1496949289 ns, Reaching safepoint: 25961 ns, Cleanup: 14958 ns, At safepoint: 10817 ns, Total: 51736 ns
[2025-05-20T13:30:23.036+0000][73][info ][safepoint   ] Safepoint "Cleanup", Time since last: 9002266381 ns, Reaching safepoint: 163414 ns, Cleanup: 18753 ns, At safepoint: 39942 ns, Total: 222109 ns
[2025-05-20T13:30:27.037+0000][73][info ][safepoint   ] Safepoint "Cleanup", Time since last: 4001122224 ns, Reaching safepoint: 19817 ns, Cleanup: 14988 ns, At safepoint: 8812 ns, Total: 43617 ns
[2025-05-20T13:30:39.040+0000][73][info ][safepoint   ] Safepoint "Cleanup", Time since last: 12002300716 ns, Reaching safepoint: 35306 ns, Cleanup: 16339 ns, At safepoint: 17578 ns, Total: 69223 ns
[2025-05-20T13:30:40.040+0000][73][info ][safepoint   ] Safepoint "Cleanup", Time since last: 1000768749 ns, Reaching safepoint: 33442 ns, Cleanup: 18228 ns, At safepoint: 17860 ns, Total: 69530 ns
[2025-05-20T13:31:04.445+0000][73][info ][safepoint   ] Safepoint "Cleanup", Time since last: 24404335626 ns, Reaching safepoint: 19869 ns, Cleanup: 12265 ns, At safepoint: 8898 ns, Total: 41032 ns
[2025-05-20T13:31:15.555+0000][73][info ][safepoint   ] Safepoint "Cleanup", Time since last: 11107488078 ns, Reaching safepoint: 2336897 ns, Cleanup: 17883 ns, At safepoint: 169252 ns, Total: 2524032 ns
[2025-05-20T13:31:17.085+0000][73][info ][safepoint   ] Safepoint "Cleanup", Time since last: 1530195899 ns, Reaching safepoint: 31812 ns, Cleanup: 175291 ns, At safepoint: 35145 ns, Total: 242248 ns
[2025-05-20T13:31:27.086+0000][73][info ][safepoint   ] Safepoint "Cleanup", Time since last: 10002908676 ns, Reaching safepoint: 78729 ns, Cleanup: 15897 ns, At safepoint: 16430 ns, Total: 111056 ns
[2025-05-20T13:31:32.087+0000][73][info ][safepoint   ] Safepoint "Cleanup", Time since last: 5001384294 ns, Reaching safepoint: 35662 ns, Cleanup: 17758 ns, At safepoint: 19404 ns, Total: 72824 ns
[2025-05-20T13:31:43.090+0000][73][info ][safepoint   ] Safepoint "Cleanup", Time since last: 11002470166 ns, Reaching safepoint: 30944 ns, Cleanup: 15608 ns, At safepoint: 13124 ns, Total: 59676 ns
[2025-05-20T13:31:51.090+0000][73][info ][safepoint   ] Safepoint "Cleanup", Time since last: 8001850152 ns, Reaching safepoint: 35492 ns, Cleanup: 19359 ns, At safepoint: 17645 ns, Total: 72496 ns
[2025-05-20T13:31:52.091+0000][73][info ][safepoint   ] Safepoint "Cleanup", Time since last: 1000626713 ns, Reaching safepoint: 28587 ns, Cleanup: 21634 ns, At safepoint: 12409 ns, Total: 62630 ns
[2025-05-20T13:32:00.472+0000][73][info ][safepoint   ] Safepoint "Cleanup", Time since last: 8381743210 ns, Reaching safepoint: 30967 ns, Cleanup: 16726 ns, At safepoint: 12084 ns, Total: 59777 ns
[2025-05-20T13:32:19.101+0000][73][info ][safepoint   ] Safepoint "Cleanup", Time since last: 18632107498 ns, Reaching safepoint: 13659 ns, Cleanup: 12868 ns, At safepoint: 18382 ns, Total: 44909 ns
[2025-05-20T13:32:27.134+0000][73][info ][safepoint   ] Safepoint "Cleanup", Time since last: 8032203067 ns, Reaching safepoint: 76280 ns, Cleanup: 18951 ns, At safepoint: 17389 ns, Total: 112620 ns
[2025-05-20T13:32:32.136+0000][73][info ][safepoint   ] Safepoint "Cleanup", Time since last: 5002438826 ns, Reaching safepoint: 23113 ns, Cleanup: 11644 ns, At safepoint: 30244 ns, Total: 65001 ns
[2025-05-20T13:32:33.554+0000][73][info ][safepoint   ] Safepoint "Cleanup", Time since last: 1417913630 ns, Reaching safepoint: 14935 ns, Cleanup: 40573 ns, At safepoint: 23328 ns, Total: 78836 ns
[2025-05-20T13:32:35.183+0000][73][info ][safepoint   ] Safepoint "Cleanup", Time since last: 1628238246 ns, Reaching safepoint: 26748 ns, Cleanup: 220949 ns, At safepoint: 49708 ns, Total: 297405 ns
[2025-05-20T13:32:36.208+0000][73][info ][safepoint   ] Safepoint "Cleanup", Time since last: 1025396170 ns, Reaching safepoint: 26766 ns, Cleanup: 14606 ns, At safepoint: 10759 ns, Total: 52131 ns
[2025-05-20T13:32:37.216+0000][73][info ][safepoint   ] Safepoint "Cleanup", Time since last: 1007756839 ns, Reaching safepoint: 30583 ns, Cleanup: 40783 ns, At safepoint: 70363 ns, Total: 141729 ns
[2025-05-20T13:32:38.242+0000][73][info ][safepoint   ] Safepoint "Cleanup", Time since last: 1025613376 ns, Reaching safepoint: 36922 ns, Cleanup: 19980 ns, At safepoint: 19418 ns, Total: 76320 ns
[2025-05-20T13:32:42.522+0000][73][info ][safepoint   ] Safepoint "Cleanup", Time since last: 4279914378 ns, Reaching safepoint: 14639 ns, Cleanup: 11987 ns, At safepoint: 19608 ns, Total: 46234 ns
[2025-05-20T13:32:44.271+0000][73][info ][safepoint   ] Safepoint "Cleanup", Time since last: 1748642941 ns, Reaching safepoint: 71260 ns, Cleanup: 23121 ns, At safepoint: 20844 ns, Total: 115225 ns
[2025-05-20T13:32:45.554+0000][73][info ][safepoint   ] Safepoint "Cleanup", Time since last: 1283349931 ns, Reaching safepoint: 8085 ns, Cleanup: 11741 ns, At safepoint: 14631 ns, Total: 34457 ns
[2025-05-20T13:32:45.575+0000][73][info ][gc,start    ] GC(19) Pause Young (Prepare Mixed) (G1 Evacuation Pause)
[2025-05-20T13:32:45.578+0000][73][info ][gc,task     ] GC(19) Using 10 workers of 10 for evacuation
[2025-05-20T13:32:45.579+0000][73][debug][gc,age      ] GC(19) Desired survivor size 54525952 bytes, new threshold 15 (max threshold 15)
[2025-05-20T13:32:45.685+0000][73][info ][gc,phases   ] GC(19)   Pre Evacuate Collection Set: 9.86ms
[2025-05-20T13:32:45.685+0000][73][info ][gc,phases   ] GC(19)   Merge Heap Roots: 3.58ms
[2025-05-20T13:32:45.686+0000][73][info ][gc,phases   ] GC(19)   Evacuate Collection Set: 81.60ms
[2025-05-20T13:32:45.686+0000][73][info ][gc,phases   ] GC(19)   Post Evacuate Collection Set: 9.06ms
[2025-05-20T13:32:45.687+0000][73][info ][gc,phases   ] GC(19)   Other: 3.54ms
[2025-05-20T13:32:45.687+0000][73][trace][gc,age      ] GC(19) Age table with threshold 15 (max threshold 15)
[2025-05-20T13:32:45.687+0000][73][trace][gc,age      ] GC(19) - age   1:    1424656 bytes,    1424656 total
[2025-05-20T13:32:45.688+0000][73][trace][gc,age      ] GC(19) - age   2:      11768 bytes,    1436424 total
[2025-05-20T13:32:45.689+0000][73][trace][gc,age      ] GC(19) - age   3:    2480168 bytes,    3916592 total
[2025-05-20T13:32:45.689+0000][73][trace][gc,age      ] GC(19) - age   4:    7056992 bytes,   10973584 total
[2025-05-20T13:32:45.689+0000][73][trace][gc,age      ] GC(19) - age   5:     915744 bytes,   11889328 total
[2025-05-20T13:32:45.690+0000][73][info ][gc,heap     ] GC(19) Eden regions: 203->0(578)
[2025-05-20T13:32:45.690+0000][73][info ][gc,heap     ] GC(19) Survivor regions: 4->4(26)
[2025-05-20T13:32:45.690+0000][73][info ][gc,heap     ] GC(19) Old regions: 26->26
[2025-05-20T13:32:45.691+0000][73][info ][gc,heap     ] GC(19) Humongous regions: 0->0
[2025-05-20T13:32:45.692+0000][73][info ][gc,metaspace] GC(19) Metaspace: 147596K(151616K)->147596K(151616K) NonClass: 127522K(129728K)->127522K(129728K) Class: 20073K(21888K)->20073K(21888K)
[2025-05-20T13:32:45.692+0000][73][info ][gc          ] GC(19) Pause Young (Prepare Mixed) (G1 Evacuation Pause) 929M->116M(3880M) 116.991ms
[2025-05-20T13:32:45.693+0000][73][info ][gc,cpu      ] GC(19) User=0.81s Sys=0.00s Real=0.12s
[2025-05-20T13:32:45.693+0000][73][info ][safepoint   ] Safepoint "G1CollectForAllocation", Time since last: 19418544 ns, Reaching safepoint: 31816 ns, Cleanup: 6237 ns, At safepoint: 119644945 ns, Total: 119682998 ns
[2025-05-20T13:33:00.583+0000][73][info ][safepoint   ] Safepoint "Cleanup", Time since last: 14891150583 ns, Reaching safepoint: 29655 ns, Cleanup: 13680 ns, At safepoint: 80046 ns, Total: 123381 ns
[2025-05-20T13:33:02.332+0000][73][info ][safepoint   ] Safepoint "Cleanup", Time since last: 1749678861 ns, Reaching safepoint: 42980 ns, Cleanup: 23002 ns, At safepoint: 18380 ns, Total: 84362 ns
[2025-05-20T13:33:06.551+0000][73][info ][safepoint   ] Safepoint "Cleanup", Time since last: 4218309939 ns, Reaching safepoint: 27119 ns, Cleanup: 18911 ns, At safepoint: 33663 ns, Total: 79693 ns
[2025-05-20T13:33:08.400+0000][73][info ][safepoint   ] Safepoint "Cleanup", Time since last: 1849103398 ns, Reaching safepoint: 41986 ns, Cleanup: 62084 ns, At safepoint: 19178 ns, Total: 123248 ns
[2025-05-20T13:33:10.401+0000][73][info ][safepoint   ] Safepoint "Cleanup", Time since last: 2000829624 ns, Reaching safepoint: 33394 ns, Cleanup: 17484 ns, At safepoint: 16503 ns, Total: 67381 ns
[2025-05-20T13:33:12.402+0000][73][info ][safepoint   ] Safepoint "Cleanup", Time since last: 2000754414 ns, Reaching safepoint: 36699 ns, Cleanup: 16526 ns, At safepoint: 13623 ns, Total: 66848 ns
[2025-05-20T13:33:13.403+0000][73][info ][safepoint   ] Safepoint "Cleanup", Time since last: 1001398241 ns, Reaching safepoint: 34040 ns, Cleanup: 16812 ns, At safepoint: 16481 ns, Total: 67333 ns
[2025-05-20T13:33:19.402+0000][73][info ][safepoint   ] Safepoint "Cleanup", Time since last: 6001300915 ns, Reaching safepoint: 29421 ns, Cleanup: 20074 ns, At safepoint: 11691 ns, Total: 61186 ns
[2025-05-20T13:33:21.544+0000][73][info ][safepoint   ] Safepoint "Cleanup", Time since last: 2142265852 ns, Reaching safepoint: 14624 ns, Cleanup: 11255 ns, At safepoint: 18647 ns, Total: 44526 ns
[2025-05-20T13:33:23.438+0000][73][info ][safepoint   ] Safepoint "Cleanup", Time since last: 1893876420 ns, Reaching safepoint: 17383 ns, Cleanup: 39478 ns, At safepoint: 96835 ns, Total: 153696 ns
[2025-05-20T13:33:26.443+0000][73][info ][safepoint   ] Safepoint "Cleanup", Time since last: 3004637054 ns, Reaching safepoint: 59295 ns, Cleanup: 17725 ns, At safepoint: 10456 ns, Total: 87476 ns
[2025-05-20T13:33:27.444+0000][73][info ][safepoint   ] Safepoint "Cleanup", Time since last: 1000612605 ns, Reaching safepoint: 27625 ns, Cleanup: 14986 ns, At safepoint: 9948 ns, Total: 52559 ns
[2025-05-20T13:33:35.447+0000][73][info ][safepoint   ] Safepoint "Cleanup", Time since last: 8002935988 ns, Reaching safepoint: 33216 ns, Cleanup: 16976 ns, At safepoint: 17072 ns, Total: 67264 ns
[2025-05-20T13:33:37.020+0000][73][info ][safepoint   ] Safepoint "Cleanup", Time since last: 1572998094 ns, Reaching safepoint: 16746 ns, Cleanup: 23786 ns, At safepoint: 88937 ns, Total: 129469 ns
[2025-05-20T13:33:38.049+0000][73][info ][safepoint   ] Safepoint "Cleanup", Time since last: 1028974210 ns, Reaching safepoint: 32038 ns, Cleanup: 18160 ns, At safepoint: 15959 ns, Total: 66157 ns
[2025-05-20T13:33:43.050+0000][73][info ][safepoint   ] Safepoint "Cleanup", Time since last: 5001420151 ns, Reaching safepoint: 73052 ns, Cleanup: 17489 ns, At safepoint: 17848 ns, Total: 108389 ns
[2025-05-20T13:33:53.051+0000][73][info ][safepoint   ] Safepoint "Cleanup", Time since last: 10002383886 ns, Reaching safepoint: 34194 ns, Cleanup: 16456 ns, At safepoint: 17789 ns, Total: 68439 ns
[2025-05-20T13:33:55.053+0000][73][info ][safepoint   ] Safepoint "Cleanup", Time since last: 2002507198 ns, Reaching safepoint: 38479 ns, Cleanup: 20619 ns, At safepoint: 21084 ns, Total: 80182 ns
[2025-05-20T13:34:11.537+0000][73][info ][safepoint   ] Safepoint "Cleanup", Time since last: 16484157379 ns, Reaching safepoint: 75613 ns, Cleanup: 18307 ns, At safepoint: 32591 ns, Total: 126511 ns
[2025-05-20T13:34:24.525+0000][73][info ][safepoint   ] Safepoint "Cleanup", Time since last: 12988604528 ns, Reaching safepoint: 132735 ns, Cleanup: 10168 ns, At safepoint: 64515 ns, Total: 207418 ns
[2025-05-20T13:34:26.473+0000][73][info ][safepoint   ] Safepoint "Cleanup", Time since last: 1948698240 ns, Reaching safepoint: 72963 ns, Cleanup: 66720 ns, At safepoint: 20355 ns, Total: 160038 ns
[2025-05-20T13:34:27.477+0000][73][info ][safepoint   ] Safepoint "Cleanup", Time since last: 1003482618 ns, Reaching safepoint: 77352 ns, Cleanup: 22048 ns, At safepoint: 20488 ns, Total: 119888 ns
[2025-05-20T13:34:52.480+0000][73][info ][safepoint   ] Safepoint "Cleanup", Time since last: 25005663266 ns, Reaching safepoint: 73667 ns, Cleanup: 17793 ns, At safepoint: 17698 ns, Total: 109158 ns
[2025-05-20T13:34:56.563+0000][73][info ][safepoint   ] Safepoint "Cleanup", Time since last: 4083125185 ns, Reaching safepoint: 17613 ns, Cleanup: 15811 ns, At safepoint: 12018 ns, Total: 45442 ns
[2025-05-20T13:35:03.566+0000][73][info ][safepoint   ] Safepoint "Cleanup", Time since last: 7002129658 ns, Reaching safepoint: 77919 ns, Cleanup: 19315 ns, At safepoint: 17077 ns, Total: 114311 ns
[2025-05-20T13:35:14.568+0000][73][info ][safepoint   ] Safepoint "Cleanup", Time since last: 11002416982 ns, Reaching safepoint: 105513 ns, Cleanup: 17211 ns, At safepoint: 37842 ns, Total: 160566 ns
[2025-05-20T13:35:23.568+0000][73][info ][safepoint   ] Safepoint "Cleanup", Time since last: 9002292975 ns, Reaching safepoint: 38879 ns, Cleanup: 26380 ns, At safepoint: 19160 ns, Total: 84419 ns
[2025-05-20T13:35:26.570+0000][73][info ][safepoint   ] Safepoint "Cleanup", Time since last: 3001181947 ns, Reaching safepoint: 34777 ns, Cleanup: 17436 ns, At safepoint: 16214 ns, Total: 68427 ns
[2025-05-20T13:35:28.507+0000][73][info ][safepoint   ] Safepoint "Cleanup", Time since last: 1937473953 ns, Reaching safepoint: 22199 ns, Cleanup: 17788 ns, At safepoint: 34034 ns, Total: 74021 ns
[2025-05-20T13:35:29.536+0000][73][info ][safepoint   ] Safepoint "Cleanup", Time since last: 1028517924 ns, Reaching safepoint: 31741 ns, Cleanup: 17123 ns, At safepoint: 15890 ns, Total: 64754 ns
[2025-05-20T13:35:31.536+0000][73][info ][safepoint   ] Safepoint "Cleanup", Time since last: 2000767715 ns, Reaching safepoint: 19277 ns, Cleanup: 11866 ns, At safepoint: 8970 ns, Total: 40113 ns
[2025-05-20T13:35:36.538+0000][73][info ][safepoint   ] Safepoint "Cleanup", Time since last: 5001170695 ns, Reaching safepoint: 30105 ns, Cleanup: 14069 ns, At safepoint: 9831 ns, Total: 54005 ns
[2025-05-20T13:35:51.538+0000][73][info ][safepoint   ] Safepoint "Cleanup", Time since last: 15002173587 ns, Reaching safepoint: 68582 ns, Cleanup: 13893 ns, At safepoint: 8933 ns, Total: 91408 ns
[2025-05-20T13:35:54.540+0000][73][info ][safepoint   ] Safepoint "Cleanup", Time since last: 3001203210 ns, Reaching safepoint: 85173 ns, Cleanup: 15964 ns, At safepoint: 10902 ns, Total: 112039 ns
[2025-05-20T13:36:28.595+0000][73][info ][safepoint   ] Safepoint "Cleanup", Time since last: 34058002382 ns, Reaching safepoint: 34712 ns, Cleanup: 17059 ns, At safepoint: 17411 ns, Total: 69182 ns
[2025-05-20T13:36:46.570+0000][73][info ][safepoint   ] Safepoint "Cleanup", Time since last: 17974709946 ns, Reaching safepoint: 111855 ns, Cleanup: 16726 ns, At safepoint: 12791 ns, Total: 141372 ns
[2025-05-20T13:36:53.570+0000][73][info ][safepoint   ] Safepoint "Cleanup", Time since last: 7001806286 ns, Reaching safepoint: 31152 ns, Cleanup: 21217 ns, At safepoint: 15756 ns, Total: 68125 ns
[2025-05-20T13:37:03.626+0000][73][info ][safepoint   ] Safepoint "Cleanup", Time since last: 10056164014 ns, Reaching safepoint: 75010 ns, Cleanup: 34282 ns, At safepoint: 32464 ns, Total: 141756 ns
[2025-05-20T13:37:26.628+0000][73][info ][safepoint   ] Safepoint "Cleanup", Time since last: 23004626250 ns, Reaching safepoint: 80492 ns, Cleanup: 21418 ns, At safepoint: 20228 ns, Total: 122138 ns
[2025-05-20T13:37:34.554+0000][73][info ][safepoint   ] Safepoint "Cleanup", Time since last: 7925318634 ns, Reaching safepoint: 36429 ns, Cleanup: 18275 ns, At safepoint: 17728 ns, Total: 72432 ns
[2025-05-20T13:37:52.610+0000][73][info ][safepoint   ] Safepoint "Cleanup", Time since last: 18058465672 ns, Reaching safepoint: 29803 ns, Cleanup: 19241 ns, At safepoint: 12738 ns, Total: 61782 ns
[2025-05-20T13:38:04.625+0000][73][info ][safepoint   ] Safepoint "Cleanup", Time since last: 12014483240 ns, Reaching safepoint: 16772 ns, Cleanup: 9784 ns, At safepoint: 4615 ns, Total: 31171 ns
[2025-05-20T13:38:05.635+0000][73][info ][safepoint   ] Safepoint "Cleanup", Time since last: 1010602648 ns, Reaching safepoint: 33143 ns, Cleanup: 24746 ns, At safepoint: 15752 ns, Total: 73641 ns
[2025-05-20T13:38:09.526+0000][73][info ][safepoint   ] Safepoint "Cleanup", Time since last: 3890589422 ns, Reaching safepoint: 9257 ns, Cleanup: 9497 ns, At safepoint: 4110 ns, Total: 22864 ns
[2025-05-20T13:38:22.690+0000][73][info ][safepoint   ] Safepoint "Cleanup", Time since last: 13166696815 ns, Reaching safepoint: 95653 ns, Cleanup: 20561 ns, At safepoint: 21262 ns, Total: 137476 ns
[2025-05-20T13:38:26.692+0000][73][info ][safepoint   ] Safepoint "Cleanup", Time since last: 4001549598 ns, Reaching safepoint: 123360 ns, Cleanup: 18617 ns, At safepoint: 20523 ns, Total: 162500 ns
[2025-05-20T13:38:33.694+0000][73][info ][safepoint   ] Safepoint "Cleanup", Time since last: 7001551256 ns, Reaching safepoint: 122518 ns, Cleanup: 22458 ns, At safepoint: 20027 ns, Total: 165003 ns
[2025-05-20T13:38:36.705+0000][73][info ][safepoint   ] Safepoint "Cleanup", Time since last: 3011209146 ns, Reaching safepoint: 14192 ns, Cleanup: 11785 ns, At safepoint: 20532 ns, Total: 46509 ns
[2025-05-20T13:38:37.723+0000][73][info ][safepoint   ] Safepoint "Cleanup", Time since last: 1017758386 ns, Reaching safepoint: 24459 ns, Cleanup: 15354 ns, At safepoint: 78089 ns, Total: 117902 ns
[2025-05-20T13:38:52.732+0000][73][info ][safepoint   ] Safepoint "Cleanup", Time since last: 15010912303 ns, Reaching safepoint: 76612 ns, Cleanup: 23655 ns, At safepoint: 18020 ns, Total: 118287 ns
[2025-05-20T13:39:06.692+0000][73][info ][safepoint   ] Safepoint "Cleanup", Time since last: 13959147652 ns, Reaching safepoint: 79373 ns, Cleanup: 23567 ns, At safepoint: 18754 ns, Total: 121694 ns
[2025-05-20T13:39:13.693+0000][73][info ][safepoint   ] Safepoint "Cleanup", Time since last: 7001463952 ns, Reaching safepoint: 34643 ns, Cleanup: 15791 ns, At safepoint: 16752 ns, Total: 67186 ns
[2025-05-20T13:39:26.694+0000][73][info ][safepoint   ] Safepoint "Cleanup", Time since last: 13002391366 ns, Reaching safepoint: 69869 ns, Cleanup: 31189 ns, At safepoint: 17027 ns, Total: 118085 ns
[2025-05-20T13:39:36.696+0000][73][info ][safepoint   ] Safepoint "Cleanup", Time since last: 10002094860 ns, Reaching safepoint: 66673 ns, Cleanup: 21799 ns, At safepoint: 15629 ns, Total: 104101 ns
[2025-05-20T13:39:39.539+0000][73][info ][safepoint   ] Safepoint "Cleanup", Time since last: 2843176829 ns, Reaching safepoint: 16659 ns, Cleanup: 10085 ns, At safepoint: 19292 ns, Total: 46036 ns
[2025-05-20T13:39:40.791+0000][73][info ][safepoint   ] Safepoint "Cleanup", Time since last: 1252264998 ns, Reaching safepoint: 30833 ns, Cleanup: 21443 ns, At safepoint: 16123 ns, Total: 68399 ns
[2025-05-20T13:39:52.791+0000][73][info ][safepoint   ] Safepoint "Cleanup", Time since last: 12002459366 ns, Reaching safepoint: 35874 ns, Cleanup: 17827 ns, At safepoint: 20426 ns, Total: 74127 ns
[2025-05-20T13:40:26.726+0000][73][info ][safepoint   ] Safepoint "Cleanup", Time since last: 33936681641 ns, Reaching safepoint: 163746 ns, Cleanup: 21154 ns, At safepoint: 15428 ns, Total: 200328 ns
[2025-05-20T13:40:41.744+0000][73][info ][safepoint   ] Safepoint "Cleanup", Time since last: 15016941740 ns, Reaching safepoint: 119577 ns, Cleanup: 17067 ns, At safepoint: 19742 ns, Total: 156386 ns
[2025-05-20T13:40:42.813+0000][73][info ][safepoint   ] Safepoint "Cleanup", Time since last: 1069710188 ns, Reaching safepoint: 31292 ns, Cleanup: 17752 ns, At safepoint: 113921 ns, Total: 162965 ns
[2025-05-20T13:40:43.835+0000][73][info ][safepoint   ] Safepoint "Cleanup", Time since last: 1021901926 ns, Reaching safepoint: 33825 ns, Cleanup: 18795 ns, At safepoint: 17888 ns, Total: 70508 ns
[2025-05-20T13:40:53.836+0000][73][info ][safepoint   ] Safepoint "Cleanup", Time since last: 10002233206 ns, Reaching safepoint: 90758 ns, Cleanup: 25753 ns, At safepoint: 18114 ns, Total: 134625 ns
[2025-05-20T13:41:26.759+0000][73][info ][safepoint   ] Safepoint "Cleanup", Time since last: 32925965381 ns, Reaching safepoint: 117616 ns, Cleanup: 78663 ns, At safepoint: 22394 ns, Total: 218673 ns
[2025-05-20T13:41:45.535+0000][73][info ][safepoint   ] Safepoint "Cleanup", Time since last: 18775153930 ns, Reaching safepoint: 773299 ns, Cleanup: 16935 ns, At safepoint: 65107 ns, Total: 855341 ns
[2025-05-20T13:41:51.874+0000][73][info ][safepoint   ] Safepoint "Cleanup", Time since last: 6340866009 ns, Reaching safepoint: 30561 ns, Cleanup: 13350 ns, At safepoint: 9759 ns, Total: 53670 ns
[2025-05-20T13:42:21.789+0000][73][info ][safepoint   ] Safepoint "Cleanup", Time since last: 29916794701 ns, Reaching safepoint: 107954 ns, Cleanup: 28960 ns, At safepoint: 21514 ns, Total: 158428 ns
[2025-05-20T13:42:26.791+0000][73][info ][safepoint   ] Safepoint "Cleanup", Time since last: 5002107306 ns, Reaching safepoint: 32285 ns, Cleanup: 24340 ns, At safepoint: 16247 ns, Total: 72872 ns
[2025-05-20T13:42:27.791+0000][73][info ][safepoint   ] Safepoint "Cleanup", Time since last: 1000660358 ns, Reaching safepoint: 23895 ns, Cleanup: 15147 ns, At safepoint: 10123 ns, Total: 49165 ns
[2025-05-20T13:42:46.795+0000][73][info ][safepoint   ] Safepoint "Cleanup", Time since last: 19003064616 ns, Reaching safepoint: 117629 ns, Cleanup: 16921 ns, At safepoint: 13576 ns, Total: 148126 ns
[2025-05-20T13:43:26.996+0000][73][info ][safepoint   ] Safepoint "Cleanup", Time since last: 40205006319 ns, Reaching safepoint: 75522 ns, Cleanup: 19731 ns, At safepoint: 16830 ns, Total: 112083 ns
[2025-05-20T13:43:36.537+0000][73][info ][safepoint   ] Safepoint "Cleanup", Time since last: 9541152409 ns, Reaching safepoint: 15315 ns, Cleanup: 10673 ns, At safepoint: 16637 ns, Total: 42625 ns
[2025-05-20T13:43:38.400+0000][73][info ][safepoint   ] Safepoint "Cleanup", Time since last: 1862762774 ns, Reaching safepoint: 26231 ns, Cleanup: 23196 ns, At safepoint: 12992 ns, Total: 62419 ns
[2025-05-20T13:43:51.531+0000][73][info ][safepoint   ] Safepoint "Cleanup", Time since last: 13132943537 ns, Reaching safepoint: 231365 ns, Cleanup: 17212 ns, At safepoint: 69248 ns, Total: 317825 ns
[2025-05-20T13:44:55.070+0000][73][info ][safepoint   ] Safepoint "Cleanup", Time since last: 63542461454 ns, Reaching safepoint: 10274 ns, Cleanup: 11480 ns, At safepoint: 17532 ns, Total: 39286 ns
[2025-05-20T13:45:26.892+0000][73][info ][safepoint   ] Safepoint "Cleanup", Time since last: 31824115988 ns, Reaching safepoint: 72715 ns, Cleanup: 16629 ns, At safepoint: 16713 ns, Total: 106057 ns
[2025-05-20T13:45:56.895+0000][73][info ][safepoint   ] Safepoint "Cleanup", Time since last: 30005515707 ns, Reaching safepoint: 81939 ns, Cleanup: 17380 ns, At safepoint: 17585 ns, Total: 116904 ns
[2025-05-20T13:46:18.159+0000][73][info ][safepoint   ] Safepoint "Cleanup", Time since last: 21264319748 ns, Reaching safepoint: 220733 ns, Cleanup: 20474 ns, At safepoint: 16060 ns, Total: 257267 ns
[2025-05-20T13:46:26.173+0000][73][info ][safepoint   ] Safepoint "Cleanup", Time since last: 8015397990 ns, Reaching safepoint: 119988 ns, Cleanup: 21209 ns, At safepoint: 18378 ns, Total: 159575 ns
[2025-05-20T13:46:27.174+0000][73][info ][safepoint   ] Safepoint "Cleanup", Time since last: 1000838426 ns, Reaching safepoint: 27207 ns, Cleanup: 16031 ns, At safepoint: 12573 ns, Total: 55811 ns
[2025-05-20T13:47:36.202+0000][73][info ][safepoint   ] Safepoint "Cleanup", Time since last: 69032334847 ns, Reaching safepoint: 79746 ns, Cleanup: 32339 ns, At safepoint: 11126 ns, Total: 123211 ns
[2025-05-20T13:47:37.203+0000][73][info ][safepoint   ] Safepoint "Cleanup", Time since last: 1000745820 ns, Reaching safepoint: 20524 ns, Cleanup: 12400 ns, At safepoint: 8917 ns, Total: 41841 ns
[2025-05-20T13:47:48.521+0000][73][info ][safepoint   ] Safepoint "Cleanup", Time since last: 11318163424 ns, Reaching safepoint: 23913 ns, Cleanup: 8144 ns, At safepoint: 16883 ns, Total: 48940 ns
[2025-05-20T13:47:50.244+0000][73][info ][safepoint   ] Safepoint "Cleanup", Time since last: 1724180945 ns, Reaching safepoint: 20187 ns, Cleanup: 14230 ns, At safepoint: 10021 ns, Total: 44438 ns
[2025-05-20T13:48:04.256+0000][73][info ][safepoint   ] Safepoint "Cleanup", Time since last: 14012462657 ns, Reaching safepoint: 17201 ns, Cleanup: 18245 ns, At safepoint: 138486 ns, Total: 173932 ns
[2025-05-20T13:48:05.269+0000][73][info ][safepoint   ] Safepoint "Cleanup", Time since last: 1012640031 ns, Reaching safepoint: 17914 ns, Cleanup: 12814 ns, At safepoint: 8249 ns, Total: 38977 ns
[2025-05-20T13:48:06.270+0000][73][info ][safepoint   ] Safepoint "Cleanup", Time since last: 1000534727 ns, Reaching safepoint: 17957 ns, Cleanup: 12620 ns, At safepoint: 8819 ns, Total: 39396 ns
[2025-05-20T13:48:09.534+0000][73][info ][safepoint   ] Safepoint "Cleanup", Time since last: 3263882384 ns, Reaching safepoint: 7651 ns, Cleanup: 9901 ns, At safepoint: 14115 ns, Total: 31667 ns
[2025-05-20T13:48:16.323+0000][73][info ][safepoint   ] Safepoint "Cleanup", Time since last: 6788902114 ns, Reaching safepoint: 87692 ns, Cleanup: 20162 ns, At safepoint: 83140 ns, Total: 190994 ns
[2025-05-20T13:48:27.338+0000][73][info ][safepoint   ] Safepoint "Cleanup", Time since last: 11018429634 ns, Reaching safepoint: 88008 ns, Cleanup: 15535 ns, At safepoint: 18010 ns, Total: 121553 ns
[2025-05-20T13:48:37.569+0000][73][info ][safepoint   ] Safepoint "Cleanup", Time since last: 10230835662 ns, Reaching safepoint: 30399 ns, Cleanup: 22481 ns, At safepoint: 15354 ns, Total: 68234 ns
[2025-05-20T13:48:39.570+0000][73][info ][safepoint   ] Safepoint "Cleanup", Time since last: 2001028527 ns, Reaching safepoint: 31368 ns, Cleanup: 27970 ns, At safepoint: 16781 ns, Total: 76119 ns
[2025-05-20T13:48:42.572+0000][73][info ][safepoint   ] Safepoint "Cleanup", Time since last: 3001107005 ns, Reaching safepoint: 26212 ns, Cleanup: 14354 ns, At safepoint: 11803 ns, Total: 52369 ns
[2025-05-20T13:48:51.572+0000][73][info ][safepoint   ] Safepoint "Cleanup", Time since last: 9002065634 ns, Reaching safepoint: 74976 ns, Cleanup: 15238 ns, At safepoint: 30644 ns, Total: 120858 ns
[2025-05-20T13:49:06.522+0000][73][info ][safepoint   ] Safepoint "Cleanup", Time since last: 14948084498 ns, Reaching safepoint: 2270899 ns, Cleanup: 16106 ns, At safepoint: 81175 ns, Total: 2368180 ns
[2025-05-20T13:49:08.429+0000][73][info ][safepoint   ] Safepoint "Cleanup", Time since last: 1906826150 ns, Reaching safepoint: 13910 ns, Cleanup: 21219 ns, At safepoint: 19422 ns, Total: 54551 ns
[2025-05-20T13:49:26.434+0000][73][info ][safepoint   ] Safepoint "Cleanup", Time since last: 18007290324 ns, Reaching safepoint: 72804 ns, Cleanup: 23228 ns, At safepoint: 18091 ns, Total: 114123 ns
[2025-05-20T13:49:36.439+0000][73][info ][safepoint   ] Safepoint "Cleanup", Time since last: 10004133656 ns, Reaching safepoint: 33541 ns, Cleanup: 27469 ns, At safepoint: 16426 ns, Total: 77436 ns
[2025-05-20T13:49:43.440+0000][73][info ][safepoint   ] Safepoint "Cleanup", Time since last: 7001477865 ns, Reaching safepoint: 20051 ns, Cleanup: 12772 ns, At safepoint: 8560 ns, Total: 41383 ns
[2025-05-20T13:50:09.537+0000][73][info ][safepoint   ] Safepoint "Cleanup", Time since last: 26098739546 ns, Reaching safepoint: 8801 ns, Cleanup: 7597 ns, At safepoint: 12791 ns, Total: 29189 ns
[2025-05-20T13:50:11.468+0000][73][info ][safepoint   ] Safepoint "Cleanup", Time since last: 1931157838 ns, Reaching safepoint: 25658 ns, Cleanup: 15249 ns, At safepoint: 11396 ns, Total: 52303 ns
[2025-05-20T13:50:28.471+0000][73][info ][safepoint   ] Safepoint "Cleanup", Time since last: 17004589422 ns, Reaching safepoint: 75270 ns, Cleanup: 16168 ns, At safepoint: 16623 ns, Total: 108061 ns
[2025-05-20T13:50:37.473+0000][73][info ][safepoint   ] Safepoint "Cleanup", Time since last: 9002202801 ns, Reaching safepoint: 19896 ns, Cleanup: 16437 ns, At safepoint: 7882 ns, Total: 44215 ns
[2025-05-20T13:50:40.474+0000][73][info ][safepoint   ] Safepoint "Cleanup", Time since last: 3001039004 ns, Reaching safepoint: 37326 ns, Cleanup: 16870 ns, At safepoint: 18471 ns, Total: 72667 ns
[2025-05-20T13:51:12.520+0000][73][info ][safepoint   ] Safepoint "Cleanup", Time since last: 32047732761 ns, Reaching safepoint: 245780 ns, Cleanup: 12836 ns, At safepoint: 44514 ns, Total: 303130 ns
[2025-05-20T13:51:13.527+0000][73][info ][safepoint   ] Safepoint "Cleanup", Time since last: 1007390975 ns, Reaching safepoint: 26115 ns, Cleanup: 15548 ns, At safepoint: 35656 ns, Total: 77319 ns
[2025-05-20T13:51:31.529+0000][73][info ][safepoint   ] Safepoint "Cleanup", Time since last: 18003456219 ns, Reaching safepoint: 74991 ns, Cleanup: 16453 ns, At safepoint: 16488 ns, Total: 107932 ns
[2025-05-20T13:53:00.177+0000][73][info ][safepoint   ] Safepoint "Cleanup", Time since last: 88654202289 ns, Reaching safepoint: 34525 ns, Cleanup: 17207 ns, At safepoint: 17948 ns, Total: 69680 ns
[2025-05-20T13:53:12.516+0000][73][info ][safepoint   ] Safepoint "Cleanup", Time since last: 12338769023 ns, Reaching safepoint: 27046 ns, Cleanup: 20430 ns, At safepoint: 66050 ns, Total: 113526 ns
[2025-05-20T13:53:13.670+0000][73][info ][safepoint   ] Safepoint "Cleanup", Time since last: 1154378836 ns, Reaching safepoint: 34034 ns, Cleanup: 17922 ns, At safepoint: 16844 ns, Total: 68800 ns
[2025-05-20T13:53:17.710+0000][73][info ][safepoint   ] Safepoint "Cleanup", Time since last: 4040252218 ns, Reaching safepoint: 26988 ns, Cleanup: 16628 ns, At safepoint: 11208 ns, Total: 54824 ns
[2025-05-20T13:53:18.920+0000][73][info ][safepoint   ] Safepoint "Cleanup", Time since last: 1209418938 ns, Reaching safepoint: 226097 ns, Cleanup: 14521 ns, At safepoint: 239043 ns, Total: 479661 ns
[2025-05-20T13:53:20.751+0000][73][info ][safepoint   ] Safepoint "Cleanup", Time since last: 1832272992 ns, Reaching safepoint: 27670 ns, Cleanup: 20662 ns, At safepoint: 13587 ns, Total: 61919 ns
[2025-05-20T13:53:23.752+0000][73][info ][safepoint   ] Safepoint "Cleanup", Time since last: 3001456290 ns, Reaching safepoint: 144037 ns, Cleanup: 12497 ns, At safepoint: 35623 ns, Total: 192157 ns
[2025-05-20T13:53:26.753+0000][73][info ][safepoint   ] Safepoint "Cleanup", Time since last: 3000932056 ns, Reaching safepoint: 30861 ns, Cleanup: 20151 ns, At safepoint: 77188 ns, Total: 128200 ns
[2025-05-20T13:53:47.893+0000][73][info ][safepoint   ] Safepoint "Cleanup", Time since last: 21139540978 ns, Reaching safepoint: 18407 ns, Cleanup: 11558 ns, At safepoint: 8519 ns, Total: 38484 ns
[2025-05-20T13:53:48.894+0000][73][info ][safepoint   ] Safepoint "Cleanup", Time since last: 1000796509 ns, Reaching safepoint: 38520 ns, Cleanup: 18509 ns, At safepoint: 17059 ns, Total: 74088 ns
[2025-05-20T13:54:21.528+0000][73][info ][safepoint   ] Safepoint "Cleanup", Time since last: 32638865031 ns, Reaching safepoint: 39561 ns, Cleanup: 18930 ns, At safepoint: 73501 ns, Total: 131992 ns
[2025-05-20T13:54:22.798+0000][73][info ][safepoint   ] Safepoint "Cleanup", Time since last: 1269929607 ns, Reaching safepoint: 43543 ns, Cleanup: 18628 ns, At safepoint: 11654 ns, Total: 73825 ns
[2025-05-20T13:54:35.801+0000][73][info ][safepoint   ] Safepoint "Cleanup", Time since last: 13002531611 ns, Reaching safepoint: 141741 ns, Cleanup: 16736 ns, At safepoint: 17477 ns, Total: 175954 ns
[2025-05-20T13:54:42.803+0000][73][info ][safepoint   ] Safepoint "Cleanup", Time since last: 7001650967 ns, Reaching safepoint: 18190 ns, Cleanup: 11810 ns, At safepoint: 8135 ns, Total: 38135 ns
[2025-05-20T13:54:48.804+0000][73][info ][safepoint   ] Safepoint "Cleanup", Time since last: 6001576535 ns, Reaching safepoint: 22697 ns, Cleanup: 14800 ns, At safepoint: 9399 ns, Total: 46896 ns
[2025-05-20T13:54:56.804+0000][73][info ][safepoint   ] Safepoint "Cleanup", Time since last: 8001826638 ns, Reaching safepoint: 64781 ns, Cleanup: 15135 ns, At safepoint: 30881 ns, Total: 110797 ns
[2025-05-20T13:55:24.515+0000][73][info ][safepoint   ] Safepoint "Cleanup", Time since last: 27713332410 ns, Reaching safepoint: 6870 ns, Cleanup: 9711 ns, At safepoint: 12314 ns, Total: 28895 ns
[2025-05-20T13:55:25.846+0000][73][info ][safepoint   ] Safepoint "Cleanup", Time since last: 1331059518 ns, Reaching safepoint: 71942 ns, Cleanup: 20767 ns, At safepoint: 31029 ns, Total: 123738 ns
[2025-05-20T13:55:36.849+0000][73][info ][safepoint   ] Safepoint "Cleanup", Time since last: 11002753351 ns, Reaching safepoint: 28591 ns, Cleanup: 12601 ns, At safepoint: 8354 ns, Total: 49546 ns
[2025-05-20T13:55:46.851+0000][73][info ][safepoint   ] Safepoint "Cleanup", Time since last: 10002127078 ns, Reaching safepoint: 21357 ns, Cleanup: 17495 ns, At safepoint: 8750 ns, Total: 47602 ns
[2025-05-20T13:55:49.850+0000][73][info ][safepoint   ] Safepoint "Cleanup", Time since last: 3001168783 ns, Reaching safepoint: 31621 ns, Cleanup: 15509 ns, At safepoint: 16293 ns, Total: 63423 ns
[2025-05-20T13:55:52.851+0000][73][info ][safepoint   ] Safepoint "Cleanup", Time since last: 3001225712 ns, Reaching safepoint: 25728 ns, Cleanup: 14778 ns, At safepoint: 10689 ns, Total: 51195 ns
[2025-05-20T13:56:27.535+0000][73][info ][safepoint   ] Safepoint "Cleanup", Time since last: 34685035130 ns, Reaching safepoint: 217757 ns, Cleanup: 13751 ns, At safepoint: 150609 ns, Total: 382117 ns
[2025-05-20T13:56:28.894+0000][73][info ][safepoint   ] Safepoint "Cleanup", Time since last: 1358651726 ns, Reaching safepoint: 26146 ns, Cleanup: 16645 ns, At safepoint: 11803 ns, Total: 54594 ns
[2025-05-20T13:57:07.483+0000][73][info ][safepoint   ] Safepoint "Cleanup", Time since last: 38591322068 ns, Reaching safepoint: 61957 ns, Cleanup: 14584 ns, At safepoint: 12565 ns, Total: 89106 ns
[2025-05-20T13:57:16.485+0000][73][info ][safepoint   ] Safepoint "Cleanup", Time since last: 9001955915 ns, Reaching safepoint: 24684 ns, Cleanup: 18469 ns, At safepoint: 10860 ns, Total: 54013 ns
[2025-05-20T13:57:24.485+0000][73][info ][safepoint   ] Safepoint "Cleanup", Time since last: 8001969461 ns, Reaching safepoint: 29249 ns, Cleanup: 16151 ns, At safepoint: 16435 ns, Total: 61835 ns
[2025-05-20T13:57:35.950+0000][73][info ][safepoint   ] Safepoint "Cleanup", Time since last: 11464838771 ns, Reaching safepoint: 27410 ns, Cleanup: 15961 ns, At safepoint: 11910 ns, Total: 55281 ns
[2025-05-20T13:57:46.955+0000][73][info ][safepoint   ] Safepoint "Cleanup", Time since last: 11004562433 ns, Reaching safepoint: 19978 ns, Cleanup: 14692 ns, At safepoint: 8722 ns, Total: 43392 ns
[2025-05-20T13:58:06.515+0000][73][info ][safepoint   ] Safepoint "Cleanup", Time since last: 19562692945 ns, Reaching safepoint: 60614 ns, Cleanup: 15005 ns, At safepoint: 10474 ns, Total: 86093 ns
[2025-05-20T13:58:14.517+0000][73][info ][safepoint   ] Safepoint "Cleanup", Time since last: 8001610389 ns, Reaching safepoint: 32670 ns, Cleanup: 15256 ns, At safepoint: 15703 ns, Total: 63629 ns
[2025-05-20T13:58:21.525+0000][73][info ][safepoint   ] Safepoint "Cleanup", Time since last: 7009570927 ns, Reaching safepoint: 23331 ns, Cleanup: 19304 ns, At safepoint: 69768 ns, Total: 112403 ns
[2025-05-20T13:58:32.034+0000][73][info ][safepoint   ] Safepoint "Cleanup", Time since last: 10509098429 ns, Reaching safepoint: 50497 ns, Cleanup: 16171 ns, At safepoint: 25658 ns, Total: 92326 ns
[2025-05-20T13:58:33.664+0000][73][info ][safepoint   ] Safepoint "Cleanup", Time since last: 1630491876 ns, Reaching safepoint: 16981 ns, Cleanup: 13781 ns, At safepoint: 19439 ns, Total: 50201 ns
[2025-05-20T13:58:36.524+0000][73][info ][safepoint   ] Safepoint "Cleanup", Time since last: 2859569866 ns, Reaching safepoint: 14522 ns, Cleanup: 12013 ns, At safepoint: 64834 ns, Total: 91369 ns
[2025-05-20T13:59:11.551+0000][73][info ][safepoint   ] Safepoint "Cleanup", Time since last: 35028856118 ns, Reaching safepoint: 80149 ns, Cleanup: 15398 ns, At safepoint: 17325 ns, Total: 112872 ns
[2025-05-20T13:59:12.552+0000][73][info ][safepoint   ] Safepoint "Cleanup", Time since last: 1000690752 ns, Reaching safepoint: 31180 ns, Cleanup: 16630 ns, At safepoint: 16567 ns, Total: 64377 ns
[2025-05-20T13:59:36.507+0000][73][info ][safepoint   ] Safepoint "Cleanup", Time since last: 23957761851 ns, Reaching safepoint: 14376 ns, Cleanup: 11733 ns, At safepoint: 18283 ns, Total: 44392 ns
[2025-05-20T14:00:26.585+0000][73][info ][safepoint   ] Safepoint "Cleanup", Time since last: 50081688508 ns, Reaching safepoint: 97352 ns, Cleanup: 20095 ns, At safepoint: 16324 ns, Total: 133771 ns
[2025-05-20T14:00:39.535+0000][73][info ][safepoint   ] Safepoint "Cleanup", Time since last: 12950276940 ns, Reaching safepoint: 144208 ns, Cleanup: 15190 ns, At safepoint: 58793 ns, Total: 218191 ns
[2025-05-20T14:00:41.189+0000][73][info ][safepoint   ] Safepoint "Cleanup", Time since last: 1653593327 ns, Reaching safepoint: 30094 ns, Cleanup: 15375 ns, At safepoint: 11456 ns, Total: 56925 ns
[2025-05-20T14:00:42.190+0000][73][info ][safepoint   ] Safepoint "Cleanup", Time since last: 1000887263 ns, Reaching safepoint: 33740 ns, Cleanup: 20500 ns, At safepoint: 17428 ns, Total: 71668 ns
[2025-05-20T14:01:41.623+0000][73][info ][safepoint   ] Safepoint "Cleanup", Time since last: 59436340449 ns, Reaching safepoint: 93026 ns, Cleanup: 13584 ns, At safepoint: 9491 ns, Total: 116101 ns
[2025-05-20T14:01:43.212+0000][73][info ][safepoint   ] Safepoint "Cleanup", Time since last: 1589619122 ns, Reaching safepoint: 30297 ns, Cleanup: 21606 ns, At safepoint: 68023 ns, Total: 119926 ns
[2025-05-20T14:01:47.241+0000][73][info ][safepoint   ] Safepoint "Cleanup", Time since last: 4028254539 ns, Reaching safepoint: 33969 ns, Cleanup: 18197 ns, At safepoint: 18855 ns, Total: 71021 ns
[2025-05-20T14:01:52.240+0000][73][info ][safepoint   ] Safepoint "Cleanup", Time since last: 5001536449 ns, Reaching safepoint: 28797 ns, Cleanup: 14989 ns, At safepoint: 16341 ns, Total: 60127 ns
[2025-05-20T14:02:26.656+0000][73][info ][safepoint   ] Safepoint "Cleanup", Time since last: 34417273885 ns, Reaching safepoint: 103709 ns, Cleanup: 28518 ns, At safepoint: 19752 ns, Total: 151979 ns
[2025-05-20T14:02:36.552+0000][73][info ][safepoint   ] Safepoint "Cleanup", Time since last: 9895829239 ns, Reaching safepoint: 20202 ns, Cleanup: 26885 ns, At safepoint: 96462 ns, Total: 143549 ns
[2025-05-20T14:02:46.338+0000][73][info ][safepoint   ] Safepoint "Cleanup", Time since last: 9786239191 ns, Reaching safepoint: 11836 ns, Cleanup: 7795 ns, At safepoint: 4673 ns, Total: 24304 ns
[2025-05-20T14:02:52.362+0000][73][info ][safepoint   ] Safepoint "Cleanup", Time since last: 6025239317 ns, Reaching safepoint: 174548 ns, Cleanup: 16004 ns, At safepoint: 49003 ns, Total: 239555 ns
[2025-05-20T14:03:19.406+0000][73][info ][safepoint   ] Safepoint "Cleanup", Time since last: 27045912578 ns, Reaching safepoint: 565200 ns, Cleanup: 11781 ns, At safepoint: 94483 ns, Total: 671464 ns
[2025-05-20T14:03:24.522+0000][73][info ][safepoint   ] Safepoint "Cleanup", Time since last: 5116006320 ns, Reaching safepoint: 48758 ns, Cleanup: 13099 ns, At safepoint: 10159 ns, Total: 72016 ns
[2025-05-20T14:03:36.483+0000][73][info ][safepoint   ] Safepoint "Cleanup", Time since last: 11960799383 ns, Reaching safepoint: 93902 ns, Cleanup: 12319 ns, At safepoint: 24712 ns, Total: 130933 ns
[2025-05-20T14:03:42.196+0000][73][info ][safepoint   ] Safepoint "Cleanup", Time since last: 5713153057 ns, Reaching safepoint: 53086 ns, Cleanup: 11237 ns, At safepoint: 25041 ns, Total: 89364 ns
[2025-05-20T14:03:47.239+0000][73][info ][safepoint   ] Safepoint "Cleanup", Time since last: 5043531844 ns, Reaching safepoint: 26263 ns, Cleanup: 19534 ns, At safepoint: 12055 ns, Total: 57852 ns
[2025-05-20T14:03:48.509+0000][73][info ][safepoint   ] Safepoint "Cleanup", Time since last: 1269293070 ns, Reaching safepoint: 17664 ns, Cleanup: 21604 ns, At safepoint: 88135 ns, Total: 127403 ns
[2025-05-20T14:03:49.507+0000][73][info ][safepoint   ] Safepoint "Cleanup", Time since last: 1000555262 ns, Reaching safepoint: 13347 ns, Cleanup: 21642 ns, At safepoint: 20707 ns, Total: 55696 ns
[2025-05-20T14:03:50.543+0000][73][info ][safepoint   ] Safepoint "Cleanup", Time since last: 1035008376 ns, Reaching safepoint: 26250 ns, Cleanup: 14008 ns, At safepoint: 11373 ns, Total: 51631 ns
[2025-05-20T14:03:51.546+0000][73][info ][safepoint   ] Safepoint "Cleanup", Time since last: 1003221790 ns, Reaching safepoint: 31545 ns, Cleanup: 18174 ns, At safepoint: 15652 ns, Total: 65371 ns
[2025-05-20T14:04:00.720+0000][73][info ][safepoint   ] Safepoint "Cleanup", Time since last: 9174132522 ns, Reaching safepoint: 31301 ns, Cleanup: 15724 ns, At safepoint: 15686 ns, Total: 62711 ns
[2025-05-20T14:04:02.721+0000][73][info ][safepoint   ] Safepoint "Cleanup", Time since last: 2000733167 ns, Reaching safepoint: 19827 ns, Cleanup: 12919 ns, At safepoint: 8972 ns, Total: 41718 ns
[2025-05-20T14:04:04.722+0000][73][info ][safepoint   ] Safepoint "Cleanup", Time since last: 2001491694 ns, Reaching safepoint: 22369 ns, Cleanup: 13549 ns, At safepoint: 9392 ns, Total: 45310 ns
[2025-05-20T14:04:09.724+0000][73][info ][safepoint   ] Safepoint "Cleanup", Time since last: 5001277110 ns, Reaching safepoint: 71489 ns, Cleanup: 16012 ns, At safepoint: 17489 ns, Total: 104990 ns
[2025-05-20T14:04:16.725+0000][73][info ][safepoint   ] Safepoint "Cleanup", Time since last: 7001479665 ns, Reaching safepoint: 23743 ns, Cleanup: 15759 ns, At safepoint: 10939 ns, Total: 50441 ns
[2025-05-20T14:04:21.724+0000][73][info ][safepoint   ] Safepoint "Cleanup", Time since last: 5001173804 ns, Reaching safepoint: 35107 ns, Cleanup: 19024 ns, At safepoint: 18846 ns, Total: 72977 ns
[2025-05-20T14:04:23.725+0000][73][info ][safepoint   ] Safepoint "Cleanup", Time since last: 2000837212 ns, Reaching safepoint: 32468 ns, Cleanup: 18481 ns, At safepoint: 17815 ns, Total: 68764 ns
[2025-05-20T14:04:26.726+0000][73][info ][safepoint   ] Safepoint "Cleanup", Time since last: 3001158287 ns, Reaching safepoint: 27700 ns, Cleanup: 20518 ns, At safepoint: 13004 ns, Total: 61222 ns
[2025-05-20T14:05:01.752+0000][73][info ][safepoint   ] Safepoint "Cleanup", Time since last: 35026804939 ns, Reaching safepoint: 39307 ns, Cleanup: 24131 ns, At safepoint: 20158 ns, Total: 83596 ns
[2025-05-20T14:05:11.754+0000][73][info ][safepoint   ] Safepoint "Cleanup", Time since last: 10001984733 ns, Reaching safepoint: 78311 ns, Cleanup: 21448 ns, At safepoint: 17967 ns, Total: 117726 ns
[2025-05-20T14:05:15.755+0000][73][info ][safepoint   ] Safepoint "Cleanup", Time since last: 4000916307 ns, Reaching safepoint: 94260 ns, Cleanup: 14504 ns, At safepoint: 11007 ns, Total: 119771 ns
[2025-05-20T14:05:28.755+0000][73][info ][safepoint   ] Safepoint "Cleanup", Time since last: 13002131760 ns, Reaching safepoint: 35561 ns, Cleanup: 19007 ns, At safepoint: 13232 ns, Total: 67800 ns
[2025-05-20T14:05:48.758+0000][73][info ][safepoint   ] Safepoint "Cleanup", Time since last: 20003461293 ns, Reaching safepoint: 78641 ns, Cleanup: 16943 ns, At safepoint: 17536 ns, Total: 113120 ns
[2025-05-20T14:05:54.501+0000][73][info ][safepoint   ] Safepoint "Cleanup", Time since last: 5744350737 ns, Reaching safepoint: 159240 ns, Cleanup: 13470 ns, At safepoint: 44082 ns, Total: 216792 ns
[2025-05-20T14:05:55.530+0000][73][info ][safepoint   ] Safepoint "Cleanup", Time since last: 1029505925 ns, Reaching safepoint: 29071 ns, Cleanup: 14480 ns, At safepoint: 10846 ns, Total: 54397 ns
[2025-05-20T14:06:23.786+0000][73][info ][safepoint   ] Safepoint "Cleanup", Time since last: 28257371014 ns, Reaching safepoint: 70981 ns, Cleanup: 16632 ns, At safepoint: 15540 ns, Total: 103153 ns
[2025-05-20T14:06:46.790+0000][73][info ][safepoint   ] Safepoint "Cleanup", Time since last: 23004401114 ns, Reaching safepoint: 192833 ns, Cleanup: 20615 ns, At safepoint: 13457 ns, Total: 226905 ns
[2025-05-20T14:06:48.807+0000][73][info ][safepoint   ] Safepoint "Cleanup", Time since last: 2016505602 ns, Reaching safepoint: 97051 ns, Cleanup: 18346 ns, At safepoint: 42744 ns, Total: 158141 ns
[2025-05-20T14:06:56.836+0000][73][info ][safepoint   ] Safepoint "Cleanup", Time since last: 8030829774 ns, Reaching safepoint: 45338 ns, Cleanup: 16075 ns, At safepoint: 12860 ns, Total: 74273 ns
[2025-05-20T14:06:57.848+0000][73][info ][safepoint   ] Safepoint "Cleanup", Time since last: 1012269183 ns, Reaching safepoint: 6988 ns, Cleanup: 13655 ns, At safepoint: 12829 ns, Total: 33472 ns
[2025-05-20T14:06:59.699+0000][73][info ][safepoint   ] Safepoint "Cleanup", Time since last: 1850465780 ns, Reaching safepoint: 27310 ns, Cleanup: 17256 ns, At safepoint: 11501 ns, Total: 56067 ns
[2025-05-20T14:07:02.700+0000][73][info ][safepoint   ] Safepoint "Cleanup", Time since last: 3001396507 ns, Reaching safepoint: 30409 ns, Cleanup: 15645 ns, At safepoint: 16908 ns, Total: 62962 ns
[2025-05-20T14:07:03.701+0000][73][info ][safepoint   ] Safepoint "Cleanup", Time since last: 1000628487 ns, Reaching safepoint: 28810 ns, Cleanup: 19512 ns, At safepoint: 13373 ns, Total: 61695 ns
[2025-05-20T14:07:23.703+0000][73][info ][safepoint   ] Safepoint "Cleanup", Time since last: 20003663153 ns, Reaching safepoint: 86418 ns, Cleanup: 20049 ns, At safepoint: 17886 ns, Total: 124353 ns
[2025-05-20T14:07:33.705+0000][73][info ][safepoint   ] Safepoint "Cleanup", Time since last: 10001912515 ns, Reaching safepoint: 21639 ns, Cleanup: 14810 ns, At safepoint: 10578 ns, Total: 47027 ns
[2025-05-20T14:07:35.705+0000][73][info ][safepoint   ] Safepoint "Cleanup", Time since last: 2000680160 ns, Reaching safepoint: 27476 ns, Cleanup: 15786 ns, At safepoint: 11111 ns, Total: 54373 ns
[2025-05-20T14:07:56.710+0000][73][info ][safepoint   ] Safepoint "Cleanup", Time since last: 21006479102 ns, Reaching safepoint: 25209 ns, Cleanup: 14871 ns, At safepoint: 10129 ns, Total: 50209 ns
[2025-05-20T14:08:00.494+0000][73][info ][safepoint   ] Safepoint "Cleanup", Time since last: 3782782111 ns, Reaching safepoint: 641361 ns, Cleanup: 15681 ns, At safepoint: 83173 ns, Total: 740215 ns
[2025-05-20T14:08:01.761+0000][73][info ][safepoint   ] Safepoint "Cleanup", Time since last: 1267288493 ns, Reaching safepoint: 32516 ns, Cleanup: 16964 ns, At safepoint: 17810 ns, Total: 67290 ns
[2025-05-20T14:08:21.772+0000][73][info ][safepoint   ] Safepoint "Cleanup", Time since last: 20013485980 ns, Reaching safepoint: 59747 ns, Cleanup: 112965 ns, At safepoint: 79271 ns, Total: 251983 ns
[2025-05-20T14:08:28.811+0000][73][info ][safepoint   ] Safepoint "Cleanup", Time since last: 7038638711 ns, Reaching safepoint: 68075 ns, Cleanup: 15872 ns, At safepoint: 32161 ns, Total: 116108 ns
[2025-05-20T14:08:41.553+0000][73][info ][safepoint   ] Safepoint "Cleanup", Time since last: 12742096397 ns, Reaching safepoint: 31123 ns, Cleanup: 15227 ns, At safepoint: 15067 ns, Total: 61417 ns
[2025-05-20T14:08:45.554+0000][73][info ][safepoint   ] Safepoint "Cleanup", Time since last: 4001110601 ns, Reaching safepoint: 20063 ns, Cleanup: 11643 ns, At safepoint: 8988 ns, Total: 40694 ns
[2025-05-20T14:09:49.895+0000][73][info ][safepoint   ] Safepoint "Cleanup", Time since last: 64346391011 ns, Reaching safepoint: 102552 ns, Cleanup: 15913 ns, At safepoint: 11126 ns, Total: 129591 ns
[2025-05-20T14:09:50.896+0000][73][info ][safepoint   ] Safepoint "Cleanup", Time since last: 1000810506 ns, Reaching safepoint: 46662 ns, Cleanup: 26538 ns, At safepoint: 17887 ns, Total: 91087 ns
[2025-05-20T14:09:51.896+0000][73][info ][safepoint   ] Safepoint "Cleanup", Time since last: 1000753013 ns, Reaching safepoint: 25976 ns, Cleanup: 13795 ns, At safepoint: 11692 ns, Total: 51463 ns
[2025-05-20T14:09:57.898+0000][73][info ][safepoint   ] Safepoint "Cleanup", Time since last: 6001835903 ns, Reaching safepoint: 107402 ns, Cleanup: 23975 ns, At safepoint: 17446 ns, Total: 148823 ns
[2025-05-20T14:10:03.954+0000][73][info ][safepoint   ] Safepoint "Cleanup", Time since last: 6055159545 ns, Reaching safepoint: 74182 ns, Cleanup: 17095 ns, At safepoint: 19171 ns, Total: 110448 ns
[2025-05-20T14:10:06.500+0000][73][info ][safepoint   ] Safepoint "Cleanup", Time since last: 2546177910 ns, Reaching safepoint: 19068 ns, Cleanup: 23674 ns, At safepoint: 79451 ns, Total: 122193 ns
[2025-05-20T14:10:07.938+0000][73][info ][safepoint   ] Safepoint "Cleanup", Time since last: 1438218535 ns, Reaching safepoint: 19543 ns, Cleanup: 21323 ns, At safepoint: 8624 ns, Total: 49490 ns
[2025-05-20T14:11:06.985+0000][73][info ][safepoint   ] Safepoint "Cleanup", Time since last: 59050705999 ns, Reaching safepoint: 72880 ns, Cleanup: 14769 ns, At safepoint: 12517 ns, Total: 100166 ns
[2025-05-20T14:11:09.505+0000][73][info ][safepoint   ] Safepoint "Cleanup", Time since last: 2519514712 ns, Reaching safepoint: 8225 ns, Cleanup: 10164 ns, At safepoint: 3768 ns, Total: 22157 ns
[2025-05-20T14:11:48.991+0000][73][info ][safepoint   ] Safepoint "Cleanup", Time since last: 39488277182 ns, Reaching safepoint: 167993 ns, Cleanup: 15987 ns, At safepoint: 13792 ns, Total: 197772 ns
[2025-05-20T14:11:51.992+0000][73][info ][safepoint   ] Safepoint "Cleanup", Time since last: 3002353781 ns, Reaching safepoint: 33810 ns, Cleanup: 21088 ns, At safepoint: 17827 ns, Total: 72725 ns
[2025-05-20T14:12:12.508+0000][73][info ][safepoint   ] Safepoint "Cleanup", Time since last: 20516222641 ns, Reaching safepoint: 138665 ns, Cleanup: 13765 ns, At safepoint: 68420 ns, Total: 220850 ns
[2025-05-20T14:12:15.032+0000][73][info ][safepoint   ] Safepoint "Cleanup", Time since last: 2523756359 ns, Reaching safepoint: 35478 ns, Cleanup: 21825 ns, At safepoint: 21780 ns, Total: 79083 ns
[2025-05-20T14:12:19.033+0000][73][info ][safepoint   ] Safepoint "Cleanup", Time since last: 4001512846 ns, Reaching safepoint: 25493 ns, Cleanup: 13695 ns, At safepoint: 11170 ns, Total: 50358 ns
[2025-05-20T14:13:16.056+0000][73][info ][safepoint   ] Safepoint "Cleanup", Time since last: 57027147002 ns, Reaching safepoint: 17604 ns, Cleanup: 11043 ns, At safepoint: 16238 ns, Total: 44885 ns
[2025-05-20T14:13:30.494+0000][73][info ][safepoint   ] Safepoint "Cleanup", Time since last: 14439781289 ns, Reaching safepoint: 22387 ns, Cleanup: 9595 ns, At safepoint: 3488 ns, Total: 35470 ns
[2025-05-20T14:13:32.134+0000][73][info ][safepoint   ] Safepoint "Cleanup", Time since last: 1640113292 ns, Reaching safepoint: 33727 ns, Cleanup: 20958 ns, At safepoint: 18471 ns, Total: 73156 ns
[2025-05-20T14:14:31.211+0000][73][info ][safepoint   ] Safepoint "Cleanup", Time since last: 59080194690 ns, Reaching safepoint: 135834 ns, Cleanup: 16410 ns, At safepoint: 15912 ns, Total: 168156 ns
[2025-05-20T14:14:42.216+0000][73][info ][safepoint   ] Safepoint "Cleanup", Time since last: 11005033248 ns, Reaching safepoint: 143676 ns, Cleanup: 17498 ns, At safepoint: 72269 ns, Total: 233443 ns
[2025-05-20T14:14:43.217+0000][73][info ][safepoint   ] Safepoint "Cleanup", Time since last: 1000835210 ns, Reaching safepoint: 17242 ns, Cleanup: 10860 ns, At safepoint: 8131 ns, Total: 36233 ns
[2025-05-20T14:15:21.521+0000][73][info ][safepoint   ] Safepoint "Cleanup", Time since last: 38307947600 ns, Reaching safepoint: 35452 ns, Cleanup: 13527 ns, At safepoint: 71701 ns, Total: 120680 ns
[2025-05-20T14:15:26.258+0000][73][info ][safepoint   ] Safepoint "Cleanup", Time since last: 4737100154 ns, Reaching safepoint: 61480 ns, Cleanup: 16454 ns, At safepoint: 13741 ns, Total: 91675 ns
[2025-05-20T14:15:35.261+0000][73][info ][safepoint   ] Safepoint "Cleanup", Time since last: 9002073923 ns, Reaching safepoint: 33215 ns, Cleanup: 17086 ns, At safepoint: 18347 ns, Total: 68648 ns
[2025-05-20T14:17:55.356+0000][73][info ][safepoint   ] Safepoint "Cleanup", Time since last: 140106332183 ns, Reaching safepoint: 17140 ns, Cleanup: 21698 ns, At safepoint: 90308 ns, Total: 129146 ns
[2025-05-20T14:18:27.708+0000][73][info ][safepoint   ] Safepoint "Cleanup", Time since last: 32352727146 ns, Reaching safepoint: 59442 ns, Cleanup: 62290 ns, At safepoint: 70768 ns, Total: 192500 ns
[2025-05-20T14:18:30.484+0000][73][info ][gc,start    ] GC(20) Pause Young (Mixed) (G1 Evacuation Pause)
[2025-05-20T14:18:30.486+0000][73][info ][gc,task     ] GC(20) Using 10 workers of 10 for evacuation
[2025-05-20T14:18:30.487+0000][73][debug][gc,age      ] GC(20) Desired survivor size 153092096 bytes, new threshold 15 (max threshold 15)
[2025-05-20T14:18:30.692+0000][73][info ][gc,mmu      ] GC(20) MMU target violated: 201.0ms (200.0ms/201.0ms)
[2025-05-20T14:18:30.692+0000][73][info ][gc,phases   ] GC(20)   Pre Evacuate Collection Set: 13.33ms
[2025-05-20T14:18:30.693+0000][73][info ][gc,phases   ] GC(20)   Merge Heap Roots: 2.93ms
[2025-05-20T14:18:30.694+0000][73][info ][gc,phases   ] GC(20)   Evacuate Collection Set: 166.87ms
[2025-05-20T14:18:30.695+0000][73][info ][gc,phases   ] GC(20)   Post Evacuate Collection Set: 18.29ms
[2025-05-20T14:18:30.695+0000][73][info ][gc,phases   ] GC(20)   Other: 5.78ms
[2025-05-20T14:18:30.696+0000][73][trace][gc,age      ] GC(20) Age table with threshold 15 (max threshold 15)
[2025-05-20T14:18:30.698+0000][73][trace][gc,age      ] GC(20) - age   1:     938376 bytes,     938376 total
[2025-05-20T14:18:30.699+0000][73][trace][gc,age      ] GC(20) - age   2:     131816 bytes,    1070192 total
[2025-05-20T14:18:30.699+0000][73][trace][gc,age      ] GC(20) - age   3:      11216 bytes,    1081408 total
[2025-05-20T14:18:30.700+0000][73][trace][gc,age      ] GC(20) - age   4:    2388224 bytes,    3469632 total
[2025-05-20T14:18:30.700+0000][73][trace][gc,age      ] GC(20) - age   5:    7051216 bytes,   10520848 total
[2025-05-20T14:18:30.701+0000][73][trace][gc,age      ] GC(20) - age   6:     915704 bytes,   11436552 total
[2025-05-20T14:18:30.702+0000][73][info ][gc,heap     ] GC(20) Eden regions: 578->0(578)
[2025-05-20T14:18:30.703+0000][73][info ][gc,heap     ] GC(20) Survivor regions: 4->4(73)
[2025-05-20T14:18:30.703+0000][73][info ][gc,heap     ] GC(20) Old regions: 26->26
[2025-05-20T14:18:30.704+0000][73][info ][gc,heap     ] GC(20) Humongous regions: 0->0
[2025-05-20T14:18:30.704+0000][73][info ][gc,metaspace] GC(20) Metaspace: 148167K(152256K)->148167K(152256K) NonClass: 128089K(130304K)->128089K(130304K) Class: 20078K(21952K)->20078K(21952K)
[2025-05-20T14:18:30.705+0000][73][info ][gc          ] GC(20) Pause Young (Mixed) (G1 Evacuation Pause) 2428M->113M(3880M) 220.985ms
[2025-05-20T14:18:30.705+0000][73][info ][gc,cpu      ] GC(20) User=1.36s Sys=0.03s Real=0.22s
[2025-05-20T14:18:30.706+0000][73][info ][safepoint   ] Safepoint "G1CollectForAllocation", Time since last: 2771313073 ns, Reaching safepoint: 27417 ns, Cleanup: 5876 ns, At safepoint: 227019759 ns, Total: 227053052 ns
[2025-05-20T14:18:32.443+0000][73][info ][safepoint   ] Safepoint "Cleanup", Time since last: 1736937976 ns, Reaching safepoint: 18577 ns, Cleanup: 12712 ns, At safepoint: 9172 ns, Total: 40461 ns
[2025-05-20T14:18:34.466+0000][73][info ][safepoint   ] Safepoint "Cleanup", Time since last: 2023329820 ns, Reaching safepoint: 18898 ns, Cleanup: 15458 ns, At safepoint: 26947 ns, Total: 61303 ns
[2025-05-20T14:19:26.256+0000][73][info ][safepoint   ] Safepoint "Cleanup", Time since last: 51793523598 ns, Reaching safepoint: 75069 ns, Cleanup: 17707 ns, At safepoint: 18231 ns, Total: 111007 ns
[2025-05-20T14:19:35.570+0000][73][info ][safepoint   ] Safepoint "Cleanup", Time since last: 9314262941 ns, Reaching safepoint: 28407 ns, Cleanup: 16250 ns, At safepoint: 11792 ns, Total: 56449 ns
[2025-05-20T14:20:07.289+0000][73][info ][safepoint   ] Safepoint "Cleanup", Time since last: 31721874026 ns, Reaching safepoint: 47750 ns, Cleanup: 14812 ns, At safepoint: 9633 ns, Total: 72195 ns
[2025-05-20T14:20:26.294+0000][73][info ][safepoint   ] Safepoint "Cleanup", Time since last: 19006333153 ns, Reaching safepoint: 87954 ns, Cleanup: 21051 ns, At safepoint: 19609 ns, Total: 128614 ns
[2025-05-20T14:20:36.505+0000][73][info ][safepoint   ] Safepoint "Cleanup", Time since last: 10210896092 ns, Reaching safepoint: 103594 ns, Cleanup: 9103 ns, At safepoint: 35708 ns, Total: 148405 ns
[2025-05-20T14:21:26.326+0000][73][info ][safepoint   ] Safepoint "Cleanup", Time since last: 49824691788 ns, Reaching safepoint: 417179 ns, Cleanup: 16441 ns, At safepoint: 37484 ns, Total: 471104 ns
[2025-05-20T14:22:07.360+0000][73][info ][safepoint   ] Safepoint "Cleanup", Time since last: 41035604470 ns, Reaching safepoint: 78052 ns, Cleanup: 14691 ns, At safepoint: 11147 ns, Total: 103890 ns
[2025-05-20T14:22:16.362+0000][73][info ][safepoint   ] Safepoint "Cleanup", Time since last: 9001935258 ns, Reaching safepoint: 32353 ns, Cleanup: 19946 ns, At safepoint: 17461 ns, Total: 69760 ns
[2025-05-20T14:22:17.362+0000][73][info ][safepoint   ] Safepoint "Cleanup", Time since last: 1000567416 ns, Reaching safepoint: 21366 ns, Cleanup: 13544 ns, At safepoint: 8743 ns, Total: 43653 ns
[2025-05-20T14:22:37.363+0000][73][info ][safepoint   ] Safepoint "Cleanup", Time since last: 20003342896 ns, Reaching safepoint: 59805 ns, Cleanup: 17610 ns, At safepoint: 12441 ns, Total: 89856 ns
[2025-05-20T14:23:02.394+0000][73][info ][safepoint   ] Safepoint "Cleanup", Time since last: 25032549807 ns, Reaching safepoint: 34918 ns, Cleanup: 15648 ns, At safepoint: 16134 ns, Total: 66700 ns
[2025-05-20T14:23:25.396+0000][73][info ][safepoint   ] Safepoint "Cleanup", Time since last: 23004095304 ns, Reaching safepoint: 80432 ns, Cleanup: 18018 ns, At safepoint: 17986 ns, Total: 116436 ns
[2025-05-20T14:23:26.397+0000][73][info ][safepoint   ] Safepoint "Cleanup", Time since last: 1000669667 ns, Reaching safepoint: 27348 ns, Cleanup: 18290 ns, At safepoint: 11389 ns, Total: 57027 ns
[2025-05-20T14:23:30.754+0000][73][info ][safepoint   ] Safepoint "Cleanup", Time since last: 4357264042 ns, Reaching safepoint: 8522 ns, Cleanup: 11065 ns, At safepoint: 14087 ns, Total: 33674 ns
[2025-05-20T14:23:36.492+0000][73][info ][safepoint   ] Safepoint "Cleanup", Time since last: 5737465404 ns, Reaching safepoint: 8359 ns, Cleanup: 9800 ns, At safepoint: 3163 ns, Total: 21322 ns
[2025-05-20T14:23:37.800+0000][73][info ][safepoint   ] Safepoint "Cleanup", Time since last: 1308289811 ns, Reaching safepoint: 40679 ns, Cleanup: 18099 ns, At safepoint: 10796 ns, Total: 69574 ns
[2025-05-20T14:23:38.808+0000][73][info ][safepoint   ] Safepoint "Cleanup", Time since last: 1007699271 ns, Reaching safepoint: 25618 ns, Cleanup: 25210 ns, At safepoint: 12389 ns, Total: 63217 ns
[2025-05-20T14:24:07.052+0000][73][info ][safepoint   ] Safepoint "Cleanup", Time since last: 28246298824 ns, Reaching safepoint: 30957 ns, Cleanup: 13286 ns, At safepoint: 13238 ns, Total: 57481 ns
[2025-05-20T14:24:08.090+0000][73][info ][safepoint   ] Safepoint "Cleanup", Time since last: 1037915294 ns, Reaching safepoint: 29345 ns, Cleanup: 16259 ns, At safepoint: 11777 ns, Total: 57381 ns
[2025-05-20T14:24:12.092+0000][73][info ][safepoint   ] Safepoint "Cleanup", Time since last: 4002084525 ns, Reaching safepoint: 126205 ns, Cleanup: 17762 ns, At safepoint: 19977 ns, Total: 163944 ns
[2025-05-20T14:24:17.094+0000][73][info ][safepoint   ] Safepoint "Cleanup", Time since last: 5001378846 ns, Reaching safepoint: 19073 ns, Cleanup: 12450 ns, At safepoint: 8400 ns, Total: 39923 ns
[2025-05-20T14:24:26.094+0000][73][info ][safepoint   ] Safepoint "Cleanup", Time since last: 9002813673 ns, Reaching safepoint: 42167 ns, Cleanup: 13509 ns, At safepoint: 8074 ns, Total: 63750 ns
[2025-05-20T14:24:56.932+0000][73][info ][safepoint   ] Safepoint "Cleanup", Time since last: 30840134738 ns, Reaching safepoint: 50916 ns, Cleanup: 12458 ns, At safepoint: 10410 ns, Total: 73784 ns
[2025-05-20T14:24:57.933+0000][73][info ][safepoint   ] Safepoint "Cleanup", Time since last: 1000752479 ns, Reaching safepoint: 29691 ns, Cleanup: 15944 ns, At safepoint: 16192 ns, Total: 61827 ns
[2025-05-20T14:25:21.467+0000][73][info ][safepoint   ] Safepoint "Cleanup", Time since last: 23535069922 ns, Reaching safepoint: 134039 ns, Cleanup: 12106 ns, At safepoint: 28176 ns, Total: 174321 ns
[2025-05-20T14:25:25.468+0000][73][info ][safepoint   ] Safepoint "Cleanup", Time since last: 4001208952 ns, Reaching safepoint: 57113 ns, Cleanup: 19253 ns, At safepoint: 10486 ns, Total: 86852 ns
[2025-05-20T14:25:35.472+0000][73][info ][safepoint   ] Safepoint "Cleanup", Time since last: 10003840002 ns, Reaching safepoint: 17604 ns, Cleanup: 12197 ns, At safepoint: 8038 ns, Total: 37839 ns
[2025-05-20T14:26:41.506+0000][73][info ][safepoint   ] Safepoint "Cleanup", Time since last: 66037822822 ns, Reaching safepoint: 51944 ns, Cleanup: 16658 ns, At safepoint: 9073 ns, Total: 77675 ns
[2025-05-20T14:26:46.507+0000][73][info ][safepoint   ] Safepoint "Cleanup", Time since last: 5001258015 ns, Reaching safepoint: 26110 ns, Cleanup: 14139 ns, At safepoint: 10883 ns, Total: 51132 ns
[2025-05-20T14:27:04.536+0000][73][info ][safepoint   ] Safepoint "Cleanup", Time since last: 18031860385 ns, Reaching safepoint: 24487 ns, Cleanup: 15519 ns, At safepoint: 10822 ns, Total: 50828 ns
[2025-05-20T14:27:25.549+0000][73][info ][safepoint   ] Safepoint "Cleanup", Time since last: 21014868619 ns, Reaching safepoint: 50819 ns, Cleanup: 15239 ns, At safepoint: 10031 ns, Total: 76089 ns
[2025-05-20T14:27:42.555+0000][73][info ][safepoint   ] Safepoint "Cleanup", Time since last: 17005958557 ns, Reaching safepoint: 76402 ns, Cleanup: 21742 ns, At safepoint: 28926 ns, Total: 127070 ns
[2025-05-20T14:27:45.556+0000][73][info ][safepoint   ] Safepoint "Cleanup", Time since last: 3001015868 ns, Reaching safepoint: 31042 ns, Cleanup: 29315 ns, At safepoint: 17861 ns, Total: 78218 ns
[2025-05-20T14:28:26.573+0000][73][info ][safepoint   ] Safepoint "Cleanup", Time since last: 41020501370 ns, Reaching safepoint: 18245 ns, Cleanup: 11452 ns, At safepoint: 7664 ns, Total: 37361 ns
[2025-05-20T14:28:27.574+0000][73][info ][safepoint   ] Safepoint "Cleanup", Time since last: 1000647933 ns, Reaching safepoint: 16942 ns, Cleanup: 11284 ns, At safepoint: 8885 ns, Total: 37111 ns
[2025-05-20T14:28:37.103+0000][73][info ][safepoint   ] Safepoint "Cleanup", Time since last: 9528951271 ns, Reaching safepoint: 19913 ns, Cleanup: 15269 ns, At safepoint: 9560 ns, Total: 44742 ns
[2025-05-20T14:28:52.150+0000][73][info ][safepoint   ] Safepoint "Cleanup", Time since last: 15049279283 ns, Reaching safepoint: 54670 ns, Cleanup: 12756 ns, At safepoint: 7787 ns, Total: 75213 ns
[2025-05-20T14:29:26.584+0000][73][info ][safepoint   ] Safepoint "Cleanup", Time since last: 34437040617 ns, Reaching safepoint: 273610 ns, Cleanup: 16383 ns, At safepoint: 67426 ns, Total: 357419 ns
[2025-05-20T14:30:03.502+0000][73][info ][safepoint   ] Safepoint "Cleanup", Time since last: 36919406265 ns, Reaching safepoint: 8692 ns, Cleanup: 11563 ns, At safepoint: 14398 ns, Total: 34653 ns
[2025-05-20T14:30:05.216+0000][73][info ][safepoint   ] Safepoint "Cleanup", Time since last: 1713940759 ns, Reaching safepoint: 27412 ns, Cleanup: 16885 ns, At safepoint: 10577 ns, Total: 54874 ns
[2025-05-20T14:31:07.253+0000][73][info ][safepoint   ] Safepoint "Cleanup", Time since last: 62041698526 ns, Reaching safepoint: 17290 ns, Cleanup: 13210 ns, At safepoint: 17565 ns, Total: 48065 ns
[2025-05-20T14:31:22.255+0000][73][info ][safepoint   ] Safepoint "Cleanup", Time since last: 15004099258 ns, Reaching safepoint: 83679 ns, Cleanup: 17147 ns, At safepoint: 12690 ns, Total: 113516 ns
[2025-05-20T14:31:26.257+0000][73][info ][safepoint   ] Safepoint "Cleanup", Time since last: 4001945785 ns, Reaching safepoint: 26101 ns, Cleanup: 13800 ns, At safepoint: 11638 ns, Total: 51539 ns
[2025-05-20T14:31:27.259+0000][73][info ][safepoint   ] Safepoint "Cleanup", Time since last: 1001506813 ns, Reaching safepoint: 125376 ns, Cleanup: 16994 ns, At safepoint: 49704 ns, Total: 192074 ns
[2025-05-20T14:31:42.261+0000][73][info ][safepoint   ] Safepoint "Cleanup", Time since last: 15002261860 ns, Reaching safepoint: 58127 ns, Cleanup: 15486 ns, At safepoint: 11256 ns, Total: 84869 ns
[2025-05-20T14:31:51.260+0000][73][info ][safepoint   ] Safepoint "Cleanup", Time since last: 9001466024 ns, Reaching safepoint: 29403 ns, Cleanup: 18386 ns, At safepoint: 10984 ns, Total: 58773 ns
[2025-05-20T14:32:10.276+0000][73][info ][safepoint   ] Safepoint "Cleanup", Time since last: 19016193385 ns, Reaching safepoint: 14710 ns, Cleanup: 11710 ns, At safepoint: 5809 ns, Total: 32229 ns
[2025-05-20T14:32:23.306+0000][73][info ][safepoint   ] Safepoint "Cleanup", Time since last: 13031368376 ns, Reaching safepoint: 90716 ns, Cleanup: 15961 ns, At safepoint: 13061 ns, Total: 119738 ns
[2025-05-20T14:32:36.491+0000][73][info ][safepoint   ] Safepoint "Cleanup", Time since last: 13184632966 ns, Reaching safepoint: 23163 ns, Cleanup: 9474 ns, At safepoint: 14096 ns, Total: 46733 ns
[2025-05-20T14:32:38.345+0000][73][info ][safepoint   ] Safepoint "Cleanup", Time since last: 1853938712 ns, Reaching safepoint: 19907 ns, Cleanup: 57657 ns, At safepoint: 9365 ns, Total: 86929 ns
[2025-05-20T14:32:39.371+0000][73][info ][safepoint   ] Safepoint "Cleanup", Time since last: 1025907579 ns, Reaching safepoint: 39194 ns, Cleanup: 15348 ns, At safepoint: 9607 ns, Total: 64149 ns
[2025-05-20T14:32:41.394+0000][73][info ][safepoint   ] Safepoint "Cleanup", Time since last: 2023254545 ns, Reaching safepoint: 205352 ns, Cleanup: 15623 ns, At safepoint: 40554 ns, Total: 261529 ns
[2025-05-20T14:32:45.525+0000][73][info ][safepoint   ] Safepoint "Cleanup", Time since last: 4131084363 ns, Reaching safepoint: 36034 ns, Cleanup: 11797 ns, At safepoint: 18820 ns, Total: 66651 ns
[2025-05-20T14:32:47.422+0000][73][info ][safepoint   ] Safepoint "Cleanup", Time since last: 1896340031 ns, Reaching safepoint: 24587 ns, Cleanup: 17096 ns, At safepoint: 11532 ns, Total: 53215 ns
[2025-05-20T14:33:11.493+0000][73][info ][safepoint   ] Safepoint "Cleanup", Time since last: 24073898131 ns, Reaching safepoint: 96233 ns, Cleanup: 15538 ns, At safepoint: 10755 ns, Total: 122526 ns
[2025-05-20T14:33:12.507+0000][73][info ][safepoint   ] Safepoint "Cleanup", Time since last: 1013728310 ns, Reaching safepoint: 127662 ns, Cleanup: 12001 ns, At safepoint: 56667 ns, Total: 196330 ns
[2025-05-20T14:33:13.554+0000][73][info ][safepoint   ] Safepoint "Cleanup", Time since last: 1047156872 ns, Reaching safepoint: 14105 ns, Cleanup: 13396 ns, At safepoint: 20766 ns, Total: 48267 ns
[2025-05-20T14:33:15.522+0000][73][info ][safepoint   ] Safepoint "Cleanup", Time since last: 1967721545 ns, Reaching safepoint: 23938 ns, Cleanup: 12970 ns, At safepoint: 9184 ns, Total: 46092 ns
[2025-05-20T14:33:20.528+0000][73][info ][safepoint   ] Safepoint "Cleanup", Time since last: 5008318680 ns, Reaching safepoint: 59201 ns, Cleanup: 14278 ns, At safepoint: 11649 ns, Total: 85128 ns
[2025-05-20T14:33:26.530+0000][73][info ][safepoint   ] Safepoint "Cleanup", Time since last: 6001213962 ns, Reaching safepoint: 27855 ns, Cleanup: 15180 ns, At safepoint: 10324 ns, Total: 53359 ns
[2025-05-20T14:33:27.531+0000][73][info ][safepoint   ] Safepoint "Cleanup", Time since last: 1001222593 ns, Reaching safepoint: 26505 ns, Cleanup: 14932 ns, At safepoint: 11618 ns, Total: 53055 ns
[2025-05-20T14:33:33.532+0000][73][info ][safepoint   ] Safepoint "Cleanup", Time since last: 6001138180 ns, Reaching safepoint: 28586 ns, Cleanup: 14900 ns, At safepoint: 11596 ns, Total: 55082 ns
[2025-05-20T14:33:37.536+0000][73][info ][safepoint   ] Safepoint "Cleanup", Time since last: 4003538980 ns, Reaching safepoint: 139973 ns, Cleanup: 10580 ns, At safepoint: 47723 ns, Total: 198276 ns
[2025-05-20T14:34:15.529+0000][73][info ][safepoint   ] Safepoint "Cleanup", Time since last: 37994981560 ns, Reaching safepoint: 15267 ns, Cleanup: 11482 ns, At safepoint: 21875 ns, Total: 48624 ns
[2025-05-20T14:34:16.673+0000][73][info ][safepoint   ] Safepoint "Cleanup", Time since last: 1144437700 ns, Reaching safepoint: 15918 ns, Cleanup: 19534 ns, At safepoint: 21211 ns, Total: 56663 ns
[2025-05-20T14:34:58.704+0000][73][info ][safepoint   ] Safepoint "Cleanup", Time since last: 42035671801 ns, Reaching safepoint: 56016 ns, Cleanup: 14229 ns, At safepoint: 11556 ns, Total: 81801 ns
[2025-05-20T14:35:16.769+0000][73][info ][safepoint   ] Safepoint "Cleanup", Time since last: 18064623103 ns, Reaching safepoint: 85564 ns, Cleanup: 25473 ns, At safepoint: 13901 ns, Total: 124938 ns
[2025-05-20T14:35:18.724+0000][73][info ][safepoint   ] Safepoint "Cleanup", Time since last: 1955790354 ns, Reaching safepoint: 6935 ns, Cleanup: 8366 ns, At safepoint: 3440 ns, Total: 18741 ns
[2025-05-20T14:35:30.750+0000][73][info ][safepoint   ] Safepoint "Cleanup", Time since last: 12026484938 ns, Reaching safepoint: 62494 ns, Cleanup: 16142 ns, At safepoint: 10316 ns, Total: 88952 ns
[2025-05-20T14:35:47.752+0000][73][info ][safepoint   ] Safepoint "Cleanup", Time since last: 17002484611 ns, Reaching safepoint: 58733 ns, Cleanup: 14784 ns, At safepoint: 11258 ns, Total: 84775 ns
[2025-05-20T14:36:15.794+0000][73][info ][safepoint   ] Safepoint "Cleanup", Time since last: 28044143529 ns, Reaching safepoint: 59443 ns, Cleanup: 15072 ns, At safepoint: 12157 ns, Total: 86672 ns
[2025-05-20T14:36:50.792+0000][73][info ][safepoint   ] Safepoint "Cleanup", Time since last: 35001781275 ns, Reaching safepoint: 28991 ns, Cleanup: 15859 ns, At safepoint: 56373 ns, Total: 101223 ns
[2025-05-20T14:36:51.793+0000][73][info ][safepoint   ] Safepoint "Cleanup", Time since last: 1000634524 ns, Reaching safepoint: 24673 ns, Cleanup: 14547 ns, At safepoint: 11663 ns, Total: 50883 ns
[2025-05-20T14:37:39.842+0000][73][info ][safepoint   ] Safepoint "Cleanup", Time since last: 48051643661 ns, Reaching safepoint: 56291 ns, Cleanup: 13909 ns, At safepoint: 14801 ns, Total: 85001 ns
[2025-05-20T14:38:16.845+0000][73][info ][safepoint   ] Safepoint "Cleanup", Time since last: 37004381607 ns, Reaching safepoint: 57397 ns, Cleanup: 13979 ns, At safepoint: 13606 ns, Total: 84982 ns
[2025-05-20T14:38:26.844+0000][73][info ][safepoint   ] Safepoint "Cleanup", Time since last: 10001729666 ns, Reaching safepoint: 58569 ns, Cleanup: 14912 ns, At safepoint: 14429 ns, Total: 87910 ns
[2025-05-20T14:38:39.475+0000][73][info ][safepoint   ] Safepoint "Cleanup", Time since last: 12631204824 ns, Reaching safepoint: 7375 ns, Cleanup: 11582 ns, At safepoint: 3553 ns, Total: 22510 ns
[2025-05-20T14:38:40.904+0000][73][info ][safepoint   ] Safepoint "Cleanup", Time since last: 1429057648 ns, Reaching safepoint: 25904 ns, Cleanup: 16731 ns, At safepoint: 11949 ns, Total: 54584 ns
[2025-05-20T14:39:03.868+0000][73][info ][safepoint   ] Safepoint "Cleanup", Time since last: 22965403698 ns, Reaching safepoint: 26298 ns, Cleanup: 14536 ns, At safepoint: 10992 ns, Total: 51826 ns
[2025-05-20T14:39:27.739+0000][73][info ][safepoint   ] Safepoint "Cleanup", Time since last: 23872940010 ns, Reaching safepoint: 55011 ns, Cleanup: 16732 ns, At safepoint: 10863 ns, Total: 82606 ns
[2025-05-20T14:39:30.988+0000][73][info ][safepoint   ] Safepoint "Cleanup", Time since last: 3248635199 ns, Reaching safepoint: 18960 ns, Cleanup: 13003 ns, At safepoint: 18334 ns, Total: 50297 ns
[2025-05-20T14:40:25.895+0000][73][info ][safepoint   ] Safepoint "Cleanup", Time since last: 54910943647 ns, Reaching safepoint: 91229 ns, Cleanup: 23883 ns, At safepoint: 11206 ns, Total: 126318 ns
[2025-05-20T14:40:30.896+0000][73][info ][safepoint   ] Safepoint "Cleanup", Time since last: 5001230732 ns, Reaching safepoint: 65210 ns, Cleanup: 16884 ns, At safepoint: 13620 ns, Total: 95714 ns
[2025-05-20T14:40:40.059+0000][73][info ][safepoint   ] Safepoint "Cleanup", Time since last: 9163094830 ns, Reaching safepoint: 24559 ns, Cleanup: 14539 ns, At safepoint: 12133 ns, Total: 51231 ns
[2025-05-20T14:40:42.060+0000][73][info ][safepoint   ] Safepoint "Cleanup", Time since last: 2000683904 ns, Reaching safepoint: 20066 ns, Cleanup: 15609 ns, At safepoint: 9519 ns, Total: 45194 ns
[2025-05-20T14:41:21.920+0000][73][info ][safepoint   ] Safepoint "Cleanup", Time since last: 39863471601 ns, Reaching safepoint: 63124 ns, Cleanup: 15055 ns, At safepoint: 12078 ns, Total: 90257 ns
[2025-05-20T14:41:36.477+0000][73][info ][safepoint   ] Safepoint "Cleanup", Time since last: 14556742256 ns, Reaching safepoint: 9214 ns, Cleanup: 10495 ns, At safepoint: 3219 ns, Total: 22928 ns
[2025-05-20T14:41:38.116+0000][73][info ][safepoint   ] Safepoint "Cleanup", Time since last: 1639096453 ns, Reaching safepoint: 25820 ns, Cleanup: 14439 ns, At safepoint: 11390 ns, Total: 51649 ns
[2025-05-20T14:42:25.946+0000][73][info ][safepoint   ] Safepoint "Cleanup", Time since last: 47833933102 ns, Reaching safepoint: 120065 ns, Cleanup: 21471 ns, At safepoint: 13224 ns, Total: 154760 ns
[2025-05-20T14:42:40.136+0000][73][info ][safepoint   ] Safepoint "Cleanup", Time since last: 14189027024 ns, Reaching safepoint: 14406 ns, Cleanup: 12756 ns, At safepoint: 18835 ns, Total: 45997 ns
[2025-05-20T14:42:42.160+0000][73][info ][safepoint   ] Safepoint "Cleanup", Time since last: 2023974591 ns, Reaching safepoint: 25459 ns, Cleanup: 14397 ns, At safepoint: 11869 ns, Total: 51725 ns
[2025-05-20T14:42:52.159+0000][73][info ][safepoint   ] Safepoint "Cleanup", Time since last: 10001979048 ns, Reaching safepoint: 23415 ns, Cleanup: 13616 ns, At safepoint: 10370 ns, Total: 47401 ns
[2025-05-20T14:43:39.974+0000][73][info ][safepoint   ] Safepoint "Cleanup", Time since last: 47816797804 ns, Reaching safepoint: 46392 ns, Cleanup: 11781 ns, At safepoint: 8528 ns, Total: 66701 ns
[2025-05-20T14:43:43.180+0000][73][info ][safepoint   ] Safepoint "Cleanup", Time since last: 3205672646 ns, Reaching safepoint: 13785 ns, Cleanup: 9921 ns, At safepoint: 19043 ns, Total: 42749 ns
[2025-05-20T14:43:48.467+0000][73][info ][safepoint   ] Safepoint "Cleanup", Time since last: 5287121369 ns, Reaching safepoint: 15790 ns, Cleanup: 12864 ns, At safepoint: 19501 ns, Total: 48155 ns
[2025-05-20T14:43:50.225+0000][73][info ][safepoint   ] Safepoint "Cleanup", Time since last: 1759388740 ns, Reaching safepoint: 25334 ns, Cleanup: 14730 ns, At safepoint: 11709 ns, Total: 51773 ns
[2025-05-20T14:44:16.977+0000][73][info ][safepoint   ] Safepoint "Cleanup", Time since last: 26750271789 ns, Reaching safepoint: 2127376 ns, Cleanup: 19281 ns, At safepoint: 96745 ns, Total: 2243402 ns
[2025-05-20T14:44:45.487+0000][73][info ][safepoint   ] Safepoint "Cleanup", Time since last: 28510763978 ns, Reaching safepoint: 159682 ns, Cleanup: 16549 ns, At safepoint: 153136 ns, Total: 329367 ns
[2025-05-20T14:44:47.318+0000][73][info ][safepoint   ] Safepoint "Cleanup", Time since last: 1831481020 ns, Reaching safepoint: 16539 ns, Cleanup: 24972 ns, At safepoint: 22015 ns, Total: 63526 ns
[2025-05-20T14:45:26.026+0000][73][info ][safepoint   ] Safepoint "Cleanup", Time since last: 38710739531 ns, Reaching safepoint: 63455 ns, Cleanup: 22283 ns, At safepoint: 18949 ns, Total: 104687 ns
[2025-05-20T14:45:28.027+0000][73][info ][safepoint   ] Safepoint "Cleanup", Time since last: 2001270547 ns, Reaching safepoint: 26713 ns, Cleanup: 16429 ns, At safepoint: 11926 ns, Total: 55068 ns
[2025-05-20T14:45:38.029+0000][73][info ][safepoint   ] Safepoint "Cleanup", Time since last: 10002562180 ns, Reaching safepoint: 56677 ns, Cleanup: 14741 ns, At safepoint: 14337 ns, Total: 85755 ns
[2025-05-20T14:45:58.360+0000][73][info ][safepoint   ] Safepoint "Cleanup", Time since last: 20332473897 ns, Reaching safepoint: 27991 ns, Cleanup: 14993 ns, At safepoint: 12987 ns, Total: 55971 ns
[2025-05-20T14:46:51.474+0000][73][info ][safepoint   ] Safepoint "Cleanup", Time since last: 53117929605 ns, Reaching safepoint: 23660 ns, Cleanup: 10624 ns, At safepoint: 18453 ns, Total: 52737 ns
[2025-05-20T14:47:07.081+0000][73][info ][safepoint   ] Safepoint "Cleanup", Time since last: 15606205191 ns, Reaching safepoint: 28740 ns, Cleanup: 13917 ns, At safepoint: 9749 ns, Total: 52406 ns
[2025-05-20T14:47:26.082+0000][73][info ][safepoint   ] Safepoint "Cleanup", Time since last: 19003673243 ns, Reaching safepoint: 62470 ns, Cleanup: 18673 ns, At safepoint: 13549 ns, Total: 94692 ns
[2025-05-20T14:47:27.083+0000][73][info ][safepoint   ] Safepoint "Cleanup", Time since last: 1000583792 ns, Reaching safepoint: 19273 ns, Cleanup: 13152 ns, At safepoint: 9638 ns, Total: 42063 ns
[2025-05-20T14:48:01.493+0000][73][info ][safepoint   ] Safepoint "Cleanup", Time since last: 34412425433 ns, Reaching safepoint: 18371 ns, Cleanup: 20608 ns, At safepoint: 8271 ns, Total: 47250 ns
[2025-05-20T14:48:02.533+0000][73][info ][safepoint   ] Safepoint "Cleanup", Time since last: 1039364184 ns, Reaching safepoint: 24901 ns, Cleanup: 17247 ns, At safepoint: 11256 ns, Total: 53404 ns
[2025-05-20T14:48:26.146+0000][73][info ][safepoint   ] Safepoint "Cleanup", Time since last: 23614330497 ns, Reaching safepoint: 47184 ns, Cleanup: 14800 ns, At safepoint: 8887 ns, Total: 70871 ns
[2025-05-20T14:48:51.602+0000][73][info ][safepoint   ] Safepoint "Cleanup", Time since last: 25458623601 ns, Reaching safepoint: 6689 ns, Cleanup: 9898 ns, At safepoint: 4966 ns, Total: 21553 ns
[2025-05-20T14:48:53.612+0000][73][info ][safepoint   ] Safepoint "Cleanup", Time since last: 2009572773 ns, Reaching safepoint: 24592 ns, Cleanup: 14064 ns, At safepoint: 10556 ns, Total: 49212 ns
[2025-05-20T14:48:57.546+0000][73][info ][safepoint   ] Safepoint "Cleanup", Time since last: 3933859465 ns, Reaching safepoint: 426872 ns, Cleanup: 12311 ns, At safepoint: 74263 ns, Total: 513446 ns
[2025-05-20T14:48:58.738+0000][73][info ][safepoint   ] Safepoint "Cleanup", Time since last: 1191140855 ns, Reaching safepoint: 25595 ns, Cleanup: 20539 ns, At safepoint: 10880 ns, Total: 57014 ns
[2025-05-20T14:49:18.234+0000][73][info ][safepoint   ] Safepoint "Cleanup", Time since last: 19496299254 ns, Reaching safepoint: 30638 ns, Cleanup: 18652 ns, At safepoint: 11296 ns, Total: 60586 ns
[2025-05-20T14:49:26.235+0000][73][info ][safepoint   ] Safepoint "Cleanup", Time since last: 8002311875 ns, Reaching safepoint: 46153 ns, Cleanup: 14423 ns, At safepoint: 13906 ns, Total: 74482 ns
[2025-05-20T14:49:57.238+0000][73][info ][safepoint   ] Safepoint "Cleanup", Time since last: 31005151133 ns, Reaching safepoint: 62268 ns, Cleanup: 26018 ns, At safepoint: 15478 ns, Total: 103764 ns
[2025-05-20T14:50:00.543+0000][73][info ][safepoint   ] Safepoint "Cleanup", Time since last: 3305147817 ns, Reaching safepoint: 118722 ns, Cleanup: 14623 ns, At safepoint: 39322 ns, Total: 172667 ns
[2025-05-20T14:51:31.831+0000][73][info ][safepoint   ] Safepoint "Cleanup", Time since last: 91292891428 ns, Reaching safepoint: 56758 ns, Cleanup: 16328 ns, At safepoint: 15065 ns, Total: 88151 ns
[2025-05-20T14:51:50.832+0000][73][info ][safepoint   ] Safepoint "Cleanup", Time since last: 19003145087 ns, Reaching safepoint: 26872 ns, Cleanup: 14284 ns, At safepoint: 12561 ns, Total: 53717 ns
[2025-05-20T14:51:51.833+0000][73][info ][safepoint   ] Safepoint "Cleanup", Time since last: 1000621327 ns, Reaching safepoint: 43479 ns, Cleanup: 16492 ns, At safepoint: 12865 ns, Total: 72836 ns
[2025-05-20T14:52:07.869+0000][73][info ][safepoint   ] Safepoint "Cleanup", Time since last: 16035685772 ns, Reaching safepoint: 30016 ns, Cleanup: 14644 ns, At safepoint: 12663 ns, Total: 57323 ns
[2025-05-20T14:52:11.870+0000][73][info ][safepoint   ] Safepoint "Cleanup", Time since last: 4000975706 ns, Reaching safepoint: 24663 ns, Cleanup: 14600 ns, At safepoint: 15352 ns, Total: 54615 ns
[2025-05-20T14:52:35.871+0000][73][info ][safepoint   ] Safepoint "Cleanup", Time since last: 24003449428 ns, Reaching safepoint: 64258 ns, Cleanup: 15190 ns, At safepoint: 11462 ns, Total: 90910 ns
[2025-05-20T14:52:46.873+0000][73][info ][safepoint   ] Safepoint "Cleanup", Time since last: 11001799488 ns, Reaching safepoint: 18442 ns, Cleanup: 12939 ns, At safepoint: 9474 ns, Total: 40855 ns
[2025-05-20T14:53:31.906+0000][73][info ][safepoint   ] Safepoint "Cleanup", Time since last: 45036114436 ns, Reaching safepoint: 56127 ns, Cleanup: 15947 ns, At safepoint: 15130 ns, Total: 87204 ns
[2025-05-20T14:54:06.476+0000][73][info ][safepoint   ] Safepoint "Cleanup", Time since last: 34572907807 ns, Reaching safepoint: 7931 ns, Cleanup: 8994 ns, At safepoint: 3567 ns, Total: 20492 ns
[2025-05-20T14:54:13.012+0000][73][info ][safepoint   ] Safepoint "Cleanup", Time since last: 6536002242 ns, Reaching safepoint: 16718 ns, Cleanup: 16118 ns, At safepoint: 21136 ns, Total: 53972 ns
[2025-05-20T14:54:14.041+0000][73][info ][safepoint   ] Safepoint "Cleanup", Time since last: 1028515133 ns, Reaching safepoint: 27442 ns, Cleanup: 18575 ns, At safepoint: 13576 ns, Total: 59593 ns
[2025-05-20T14:54:26.045+0000][73][info ][safepoint   ] Safepoint "Cleanup", Time since last: 12004559730 ns, Reaching safepoint: 93144 ns, Cleanup: 13099 ns, At safepoint: 25389 ns, Total: 131632 ns
[2025-05-20T14:55:15.515+0000][73][info ][safepoint   ] Safepoint "Cleanup", Time since last: 49473746219 ns, Reaching safepoint: 121327 ns, Cleanup: 13738 ns, At safepoint: 71444 ns, Total: 206509 ns
[2025-05-20T14:58:11.385+0000][73][info ][safepoint   ] Safepoint "Cleanup", Time since last: 175879780527 ns, Reaching safepoint: 49036 ns, Cleanup: 13998 ns, At safepoint: 11043 ns, Total: 74077 ns
[2025-05-20T14:58:52.219+0000][73][info ][safepoint   ] Safepoint "Cleanup", Time since last: 40837638167 ns, Reaching safepoint: 83786 ns, Cleanup: 13556 ns, At safepoint: 25077 ns, Total: 122419 ns
[2025-05-20T14:59:05.292+0000][73][info ][safepoint   ] Safepoint "Cleanup", Time since last: 13073093740 ns, Reaching safepoint: 25277 ns, Cleanup: 13518 ns, At safepoint: 12070 ns, Total: 50865 ns
[2025-05-20T14:59:18.576+0000][73][info ][safepoint   ] Safepoint "Cleanup", Time since last: 13284048509 ns, Reaching safepoint: 60175 ns, Cleanup: 14170 ns, At safepoint: 10948 ns, Total: 85293 ns
[2025-05-20T15:00:30.446+0000][73][info ][safepoint   ] Safepoint "Cleanup", Time since last: 71875002946 ns, Reaching safepoint: 20666 ns, Cleanup: 14952 ns, At safepoint: 31203 ns, Total: 66821 ns
[2025-05-20T15:00:32.373+0000][73][info ][safepoint   ] Safepoint "Cleanup", Time since last: 1926505626 ns, Reaching safepoint: 25950 ns, Cleanup: 15663 ns, At safepoint: 10451 ns, Total: 52064 ns
[2025-05-20T15:01:06.474+0000][73][info ][safepoint   ] Safepoint "Cleanup", Time since last: 34103046186 ns, Reaching safepoint: 19865 ns, Cleanup: 15388 ns, At safepoint: 9542 ns, Total: 44795 ns
[2025-05-20T15:01:26.477+0000][73][info ][safepoint   ] Safepoint "Cleanup", Time since last: 20004516592 ns, Reaching safepoint: 30276 ns, Cleanup: 15748 ns, At safepoint: 79155 ns, Total: 125179 ns
[2025-05-20T15:01:52.413+0000][73][info ][safepoint   ] Safepoint "Cleanup", Time since last: 25937722512 ns, Reaching safepoint: 25902 ns, Cleanup: 13916 ns, At safepoint: 10754 ns, Total: 50572 ns
[2025-05-20T15:02:27.507+0000][73][info ][safepoint   ] Safepoint "Cleanup", Time since last: 35095417040 ns, Reaching safepoint: 58744 ns, Cleanup: 18467 ns, At safepoint: 11616 ns, Total: 88827 ns
[2025-05-20T15:03:03.505+0000][73][info ][safepoint   ] Safepoint "Cleanup", Time since last: 35999194185 ns, Reaching safepoint: 16085 ns, Cleanup: 12005 ns, At safepoint: 46420 ns, Total: 74510 ns
[2025-05-20T15:03:05.490+0000][73][info ][safepoint   ] Safepoint "Cleanup", Time since last: 1985493143 ns, Reaching safepoint: 36034 ns, Cleanup: 22529 ns, At safepoint: 14148 ns, Total: 72711 ns
[2025-05-20T15:03:40.526+0000][73][info ][gc,start    ] GC(21) Pause Young (Normal) (G1 Evacuation Pause)
[2025-05-20T15:03:40.527+0000][73][info ][gc,task     ] GC(21) Using 10 workers of 10 for evacuation
[2025-05-20T15:03:40.528+0000][73][debug][gc,age      ] GC(21) Desired survivor size 153092096 bytes, new threshold 15 (max threshold 15)
[2025-05-20T15:03:40.623+0000][73][info ][gc,phases   ] GC(21)   Pre Evacuate Collection Set: 5.87ms
[2025-05-20T15:03:40.623+0000][73][info ][gc,phases   ] GC(21)   Merge Heap Roots: 1.66ms
[2025-05-20T15:03:40.624+0000][73][info ][gc,phases   ] GC(21)   Evacuate Collection Set: 72.82ms
[2025-05-20T15:03:40.624+0000][73][info ][gc,phases   ] GC(21)   Post Evacuate Collection Set: 10.68ms
[2025-05-20T15:03:40.625+0000][73][info ][gc,phases   ] GC(21)   Other: 5.00ms
[2025-05-20T15:03:40.627+0000][73][trace][gc,age      ] GC(21) Age table with threshold 15 (max threshold 15)
[2025-05-20T15:03:40.627+0000][73][trace][gc,age      ] GC(21) - age   1:    1352976 bytes,    1352976 total
[2025-05-20T15:03:40.629+0000][73][trace][gc,age      ] GC(21) - age   2:     255064 bytes,    1608040 total
[2025-05-20T15:03:40.631+0000][73][trace][gc,age      ] GC(21) - age   3:     130368 bytes,    1738408 total
[2025-05-20T15:03:40.631+0000][73][trace][gc,age      ] GC(21) - age   4:      11184 bytes,    1749592 total
[2025-05-20T15:03:40.631+0000][73][trace][gc,age      ] GC(21) - age   5:    2367960 bytes,    4117552 total
[2025-05-20T15:03:40.632+0000][73][trace][gc,age      ] GC(21) - age   6:    6867640 bytes,   10985192 total
[2025-05-20T15:03:40.632+0000][73][trace][gc,age      ] GC(21) - age   7:     900320 bytes,   11885512 total
[2025-05-20T15:03:40.632+0000][73][info ][gc,heap     ] GC(21) Eden regions: 578->0(578)
[2025-05-20T15:03:40.632+0000][73][info ][gc,heap     ] GC(21) Survivor regions: 4->4(73)
[2025-05-20T15:03:40.633+0000][73][info ][gc,heap     ] GC(21) Old regions: 26->26
[2025-05-20T15:03:40.633+0000][73][info ][gc,heap     ] GC(21) Humongous regions: 0->0
[2025-05-20T15:03:40.633+0000][73][info ][gc,metaspace] GC(21) Metaspace: 148484K(152512K)->148484K(152512K) NonClass: 128397K(130560K)->128397K(130560K) Class: 20086K(21952K)->20086K(21952K)
[2025-05-20T15:03:40.634+0000][73][info ][gc          ] GC(21) Pause Young (Normal) (G1 Evacuation Pause) 2425M->114M(3880M) 107.548ms
[2025-05-20T15:03:40.635+0000][73][info ][gc,cpu      ] GC(21) User=0.76s Sys=0.00s Real=0.11s
[2025-05-20T15:03:40.636+0000][73][info ][safepoint   ] Safepoint "G1CollectForAllocation", Time since last: 35036587206 ns, Reaching safepoint: 19168 ns, Cleanup: 4436 ns, At safepoint: 111025358 ns, Total: 111048962 ns
[2025-05-20T15:04:05.718+0000][73][info ][safepoint   ] Safepoint "Cleanup", Time since last: 25084006381 ns, Reaching safepoint: 19134 ns, Cleanup: 13245 ns, At safepoint: 10902 ns, Total: 43281 ns
[2025-05-20T15:04:42.764+0000][73][info ][safepoint   ] Safepoint "Cleanup", Time since last: 37047657786 ns, Reaching safepoint: 131601 ns, Cleanup: 13697 ns, At safepoint: 71467 ns, Total: 216765 ns
[2025-05-20T15:04:43.773+0000][73][info ][safepoint   ] Safepoint "Cleanup", Time since last: 1008976672 ns, Reaching safepoint: 115349 ns, Cleanup: 12984 ns, At safepoint: 43860 ns, Total: 172193 ns
[2025-05-20T15:04:46.777+0000][73][info ][safepoint   ] Safepoint "Cleanup", Time since last: 3003479365 ns, Reaching safepoint: 27350 ns, Cleanup: 17370 ns, At safepoint: 10627 ns, Total: 55347 ns
[2025-05-20T15:05:26.595+0000][73][info ][safepoint   ] Safepoint "Cleanup", Time since last: 39821985210 ns, Reaching safepoint: 26056 ns, Cleanup: 20177 ns, At safepoint: 15217 ns, Total: 61450 ns
[2025-05-20T15:06:35.627+0000][73][info ][safepoint   ] Safepoint "Cleanup", Time since last: 69034640486 ns, Reaching safepoint: 60694 ns, Cleanup: 16076 ns, At safepoint: 14602 ns, Total: 91372 ns
[2025-05-20T15:06:48.832+0000][73][info ][safepoint   ] Safepoint "Cleanup", Time since last: 13205803136 ns, Reaching safepoint: 18711 ns, Cleanup: 14020 ns, At safepoint: 21097 ns, Total: 53828 ns
[2025-05-20T15:07:41.655+0000][73][info ][safepoint   ] Safepoint "Cleanup", Time since last: 52825805332 ns, Reaching safepoint: 72048 ns, Cleanup: 16499 ns, At safepoint: 9411 ns, Total: 97958 ns
[2025-05-20T15:07:51.873+0000][73][info ][safepoint   ] Safepoint "Cleanup", Time since last: 10221078456 ns, Reaching safepoint: 7095 ns, Cleanup: 8456 ns, At safepoint: 14013 ns, Total: 29564 ns
[2025-05-20T15:08:21.679+0000][73][info ][safepoint   ] Safepoint "Cleanup", Time since last: 29806550910 ns, Reaching safepoint: 26431 ns, Cleanup: 15048 ns, At safepoint: 11446 ns, Total: 52925 ns
[2025-05-20T15:08:54.472+0000][73][info ][safepoint   ] Safepoint "Cleanup", Time since last: 32795922575 ns, Reaching safepoint: 10678 ns, Cleanup: 7943 ns, At safepoint: 5387 ns, Total: 24008 ns
[2025-05-20T15:09:26.888+0000][73][info ][safepoint   ] Safepoint "Cleanup", Time since last: 32417820764 ns, Reaching safepoint: 48343 ns, Cleanup: 15200 ns, At safepoint: 9484 ns, Total: 73027 ns
[2025-05-20T15:09:58.007+0000][73][info ][safepoint   ] Safepoint "Cleanup", Time since last: 31119651495 ns, Reaching safepoint: 13918 ns, Cleanup: 10914 ns, At safepoint: 5358 ns, Total: 30190 ns
[2025-05-20T15:11:00.462+0000][73][info ][safepoint   ] Safepoint "Cleanup", Time since last: 62459480649 ns, Reaching safepoint: 28508 ns, Cleanup: 12962 ns, At safepoint: 22980 ns, Total: 64450 ns
[2025-05-20T15:11:52.071+0000][73][info ][safepoint   ] Safepoint "Cleanup", Time since last: 51612087455 ns, Reaching safepoint: 26408 ns, Cleanup: 14398 ns, At safepoint: 11631 ns, Total: 52437 ns
[2025-05-20T15:12:03.448+0000][73][info ][safepoint   ] Safepoint "Cleanup", Time since last: 11376915024 ns, Reaching safepoint: 7223 ns, Cleanup: 6538 ns, At safepoint: 3647 ns, Total: 17408 ns
[2025-05-20T15:12:05.110+0000][73][info ][safepoint   ] Safepoint "Cleanup", Time since last: 1661953920 ns, Reaching safepoint: 27126 ns, Cleanup: 16217 ns, At safepoint: 13295 ns, Total: 56638 ns
[2025-05-20T15:12:54.113+0000][73][info ][safepoint   ] Safepoint "Cleanup", Time since last: 49006669800 ns, Reaching safepoint: 25193 ns, Cleanup: 15248 ns, At safepoint: 11521 ns, Total: 51962 ns
[2025-05-20T15:13:07.126+0000][73][info ][safepoint   ] Safepoint "Cleanup", Time since last: 13012782574 ns, Reaching safepoint: 128730 ns, Cleanup: 14848 ns, At safepoint: 51419 ns, Total: 194997 ns
[2025-05-20T15:14:00.437+0000][73][info ][safepoint   ] Safepoint "Cleanup", Time since last: 53314475505 ns, Reaching safepoint: 9590 ns, Cleanup: 10544 ns, At safepoint: 14586 ns, Total: 34720 ns
[2025-05-20T15:14:02.179+0000][73][info ][safepoint   ] Safepoint "Cleanup", Time since last: 1742225519 ns, Reaching safepoint: 61574 ns, Cleanup: 15820 ns, At safepoint: 14828 ns, Total: 92222 ns
[2025-05-20T15:14:07.561+0000][73][info ][safepoint   ] Safepoint "Cleanup", Time since last: 5381705214 ns, Reaching safepoint: 28479 ns, Cleanup: 15572 ns, At safepoint: 12119 ns, Total: 56170 ns
[2025-05-20T15:14:59.102+0000][73][info ][safepoint   ] Safepoint "Cleanup", Time since last: 51545672676 ns, Reaching safepoint: 105050 ns, Cleanup: 16462 ns, At safepoint: 30328 ns, Total: 151840 ns
[2025-05-20T15:16:15.496+0000][73][info ][safepoint   ] Safepoint "Cleanup", Time since last: 76397944623 ns, Reaching safepoint: 23371 ns, Cleanup: 12142 ns, At safepoint: 21240 ns, Total: 56753 ns
[2025-05-20T15:16:17.372+0000][73][info ][safepoint   ] Safepoint "Cleanup", Time since last: 1875626439 ns, Reaching safepoint: 28892 ns, Cleanup: 16299 ns, At safepoint: 11736 ns, Total: 56927 ns
[2025-05-20T15:16:53.374+0000][73][info ][safepoint   ] Safepoint "Cleanup", Time since last: 36004960580 ns, Reaching safepoint: 26867 ns, Cleanup: 14678 ns, At safepoint: 12411 ns, Total: 53956 ns
[2025-05-20T15:17:23.413+0000][73][info ][safepoint   ] Safepoint "Cleanup", Time since last: 30040525612 ns, Reaching safepoint: 26961 ns, Cleanup: 18867 ns, At safepoint: 12077 ns, Total: 57905 ns
[2025-05-20T15:18:06.469+0000][73][info ][safepoint   ] Safepoint "Cleanup", Time since last: 43058506244 ns, Reaching safepoint: 37397 ns, Cleanup: 10653 ns, At safepoint: 20739 ns, Total: 68789 ns
[2025-05-20T15:18:07.470+0000][73][info ][safepoint   ] Safepoint "Cleanup", Time since last: 1000599290 ns, Reaching safepoint: 8039 ns, Cleanup: 13744 ns, At safepoint: 14838 ns, Total: 36621 ns
[2025-05-20T15:18:51.513+0000][73][info ][safepoint   ] Safepoint "Cleanup", Time since last: 44047193719 ns, Reaching safepoint: 59165 ns, Cleanup: 15755 ns, At safepoint: 12123 ns, Total: 87043 ns
[2025-05-20T15:19:11.573+0000][73][info ][safepoint   ] Safepoint "Cleanup", Time since last: 20060521793 ns, Reaching safepoint: 25314 ns, Cleanup: 14004 ns, At safepoint: 11421 ns, Total: 50739 ns
[2025-05-20T15:19:24.648+0000][73][info ][safepoint   ] Safepoint "Cleanup", Time since last: 13076412645 ns, Reaching safepoint: 17408 ns, Cleanup: 14504 ns, At safepoint: 23329 ns, Total: 55241 ns
[2025-05-20T15:19:27.652+0000][73][info ][safepoint   ] Safepoint "Cleanup", Time since last: 3003403353 ns, Reaching safepoint: 22298 ns, Cleanup: 13169 ns, At safepoint: 10474 ns, Total: 45941 ns
[2025-05-20T15:20:08.037+0000][73][info ][safepoint   ] Safepoint "Cleanup", Time since last: 40387270603 ns, Reaching safepoint: 32346 ns, Cleanup: 16102 ns, At safepoint: 12052 ns, Total: 60500 ns
[2025-05-20T15:20:13.039+0000][73][info ][safepoint   ] Safepoint "Cleanup", Time since last: 5001152515 ns, Reaching safepoint: 28532 ns, Cleanup: 15667 ns, At safepoint: 12440 ns, Total: 56639 ns
[2025-05-20T15:21:30.715+0000][73][info ][safepoint   ] Safepoint "Cleanup", Time since last: 77682384033 ns, Reaching safepoint: 8017 ns, Cleanup: 9672 ns, At safepoint: 15622 ns, Total: 33311 ns
[2025-05-20T15:21:51.743+0000][73][info ][safepoint   ] Safepoint "Cleanup", Time since last: 21030248169 ns, Reaching safepoint: 19680 ns, Cleanup: 14123 ns, At safepoint: 10456 ns, Total: 44259 ns
[2025-05-20T15:24:12.444+0000][73][info ][safepoint   ] Safepoint "Cleanup", Time since last: 140708481265 ns, Reaching safepoint: 14771 ns, Cleanup: 11492 ns, At safepoint: 22316 ns, Total: 48579 ns
[2025-05-20T15:29:09.466+0000][73][info ][safepoint   ] Safepoint "Cleanup", Time since last: 297040162302 ns, Reaching safepoint: 190438 ns, Cleanup: 11520 ns, At safepoint: 30459 ns, Total: 232417 ns
[2025-05-20T15:29:15.465+0000][73][info ][safepoint   ] Safepoint "Cleanup", Time since last: 5998442447 ns, Reaching safepoint: 16334 ns, Cleanup: 11890 ns, At safepoint: 5945 ns, Total: 34169 ns
[2025-05-20T15:29:36.495+0000][73][info ][safepoint   ] Safepoint "Cleanup", Time since last: 21032804149 ns, Reaching safepoint: 17589 ns, Cleanup: 12415 ns, At safepoint: 22894 ns, Total: 52898 ns
[2025-05-20T15:29:47.573+0000][73][info ][safepoint   ] Safepoint "Cleanup", Time since last: 11077766446 ns, Reaching safepoint: 78860 ns, Cleanup: 19031 ns, At safepoint: 254069 ns, Total: 351960 ns
[2025-05-20T15:30:58.280+0000][73][info ][safepoint   ] Safepoint "Cleanup", Time since last: 70712113072 ns, Reaching safepoint: 13591 ns, Cleanup: 10529 ns, At safepoint: 23750 ns, Total: 47870 ns
[2025-05-20T15:31:06.341+0000][73][info ][safepoint   ] Safepoint "Cleanup", Time since last: 8060819317 ns, Reaching safepoint: 26445 ns, Cleanup: 13921 ns, At safepoint: 12338 ns, Total: 52704 ns
[2025-05-20T15:32:39.471+0000][73][info ][safepoint   ] Safepoint "Cleanup", Time since last: 93134720801 ns, Reaching safepoint: 56605 ns, Cleanup: 16536 ns, At safepoint: 24339 ns, Total: 97480 ns
[2025-05-20T15:32:41.379+0000][73][info ][safepoint   ] Safepoint "Cleanup", Time since last: 1908561277 ns, Reaching safepoint: 27773 ns, Cleanup: 28678 ns, At safepoint: 12126 ns, Total: 68577 ns
[2025-05-20T15:32:42.441+0000][73][info ][safepoint   ] Safepoint "Cleanup", Time since last: 1061525673 ns, Reaching safepoint: 37933 ns, Cleanup: 13213 ns, At safepoint: 8469 ns, Total: 59615 ns
[2025-05-20T15:32:49.443+0000][73][info ][safepoint   ] Safepoint "Cleanup", Time since last: 7001696130 ns, Reaching safepoint: 117981 ns, Cleanup: 17184 ns, At safepoint: 45909 ns, Total: 181074 ns
[2025-05-20T15:33:03.477+0000][73][info ][safepoint   ] Safepoint "Cleanup", Time since last: 14036152377 ns, Reaching safepoint: 101944 ns, Cleanup: 12598 ns, At safepoint: 44161 ns, Total: 158703 ns
[2025-05-20T15:33:04.479+0000][73][info ][safepoint   ] Safepoint "Cleanup", Time since last: 1001563600 ns, Reaching safepoint: 31906 ns, Cleanup: 19023 ns, At safepoint: 17774 ns, Total: 68703 ns
[2025-05-20T15:33:06.696+0000][73][info ][safepoint   ] Safepoint "Cleanup", Time since last: 2217227455 ns, Reaching safepoint: 17960 ns, Cleanup: 12976 ns, At safepoint: 21831 ns, Total: 52767 ns
[2025-05-20T15:33:25.725+0000][73][info ][safepoint   ] Safepoint "Cleanup", Time since last: 19030811488 ns, Reaching safepoint: 60719 ns, Cleanup: 16752 ns, At safepoint: 10466 ns, Total: 87937 ns
[2025-05-20T15:33:50.726+0000][73][info ][safepoint   ] Safepoint "Cleanup", Time since last: 25003351934 ns, Reaching safepoint: 61445 ns, Cleanup: 14474 ns, At safepoint: 14652 ns, Total: 90571 ns
[2025-05-20T15:33:56.728+0000][73][info ][safepoint   ] Safepoint "Cleanup", Time since last: 6002082456 ns, Reaching safepoint: 26688 ns, Cleanup: 14971 ns, At safepoint: 12390 ns, Total: 54049 ns
[2025-05-20T15:35:09.679+0000][73][info ][safepoint   ] Safepoint "Cleanup", Time since last: 72953789524 ns, Reaching safepoint: 24542 ns, Cleanup: 14345 ns, At safepoint: 6540 ns, Total: 45427 ns
[2025-05-20T15:37:15.453+0000][73][info ][safepoint   ] Safepoint "Cleanup", Time since last: 125781537102 ns, Reaching safepoint: 11910 ns, Cleanup: 12393 ns, At safepoint: 18180 ns, Total: 42483 ns
[2025-05-20T15:37:16.793+0000][73][info ][safepoint   ] Safepoint "Cleanup", Time since last: 1340123372 ns, Reaching safepoint: 33219 ns, Cleanup: 16817 ns, At safepoint: 18232 ns, Total: 68268 ns
[2025-05-20T15:37:22.793+0000][73][info ][safepoint   ] Safepoint "Cleanup", Time since last: 6001350967 ns, Reaching safepoint: 21702 ns, Cleanup: 14211 ns, At safepoint: 9941 ns, Total: 45854 ns
[2025-05-20T15:38:18.808+0000][73][info ][safepoint   ] Safepoint "Cleanup", Time since last: 56017175988 ns, Reaching safepoint: 23518 ns, Cleanup: 13679 ns, At safepoint: 28186 ns, Total: 65383 ns
[2025-05-20T15:38:31.830+0000][73][info ][safepoint   ] Safepoint "Cleanup", Time since last: 13023889071 ns, Reaching safepoint: 28769 ns, Cleanup: 16660 ns, At safepoint: 13835 ns, Total: 59264 ns
[2025-05-20T15:39:21.872+0000][73][info ][safepoint   ] Safepoint "Cleanup", Time since last: 50045768507 ns, Reaching safepoint: 15346 ns, Cleanup: 11443 ns, At safepoint: 19933 ns, Total: 46722 ns
[2025-05-20T15:39:22.897+0000][73][info ][safepoint   ] Safepoint "Cleanup", Time since last: 1024505873 ns, Reaching safepoint: 28558 ns, Cleanup: 18868 ns, At safepoint: 11905 ns, Total: 59331 ns
[2025-05-20T15:39:26.920+0000][73][info ][safepoint   ] Safepoint "Cleanup", Time since last: 4023761367 ns, Reaching safepoint: 31082 ns, Cleanup: 16336 ns, At safepoint: 12233 ns, Total: 59651 ns
[2025-05-20T15:40:24.436+0000][73][info ][safepoint   ] Safepoint "Cleanup", Time since last: 57519882737 ns, Reaching safepoint: 17953 ns, Cleanup: 14008 ns, At safepoint: 74523 ns, Total: 106484 ns
[2025-05-20T15:40:25.960+0000][73][info ][safepoint   ] Safepoint "Cleanup", Time since last: 1523942523 ns, Reaching safepoint: 29356 ns, Cleanup: 16864 ns, At safepoint: 12809 ns, Total: 59029 ns
[2025-05-20T15:41:51.994+0000][73][info ][safepoint   ] Safepoint "Cleanup", Time since last: 86040401174 ns, Reaching safepoint: 20724 ns, Cleanup: 13795 ns, At safepoint: 10542 ns, Total: 45061 ns
[2025-05-20T15:43:33.445+0000][73][info ][safepoint   ] Safepoint "Cleanup", Time since last: 101457789476 ns, Reaching safepoint: 14997 ns, Cleanup: 11262 ns, At safepoint: 20382 ns, Total: 46641 ns
[2025-05-20T15:44:19.081+0000][73][info ][safepoint   ] Safepoint "Cleanup", Time since last: 45638029379 ns, Reaching safepoint: 7491 ns, Cleanup: 8734 ns, At safepoint: 3690 ns, Total: 19915 ns
[2025-05-20T15:44:24.449+0000][73][info ][safepoint   ] Safepoint "Cleanup", Time since last: 5369719360 ns, Reaching safepoint: 14258 ns, Cleanup: 10193 ns, At safepoint: 39160 ns, Total: 63611 ns
[2025-05-20T15:44:28.148+0000][73][info ][safepoint   ] Safepoint "Cleanup", Time since last: 3699171280 ns, Reaching safepoint: 20696 ns, Cleanup: 13711 ns, At safepoint: 9561 ns, Total: 43968 ns
[2025-05-20T15:44:36.452+0000][73][info ][safepoint   ] Safepoint "Cleanup", Time since last: 8303732397 ns, Reaching safepoint: 111093 ns, Cleanup: 10159 ns, At safepoint: 50354 ns, Total: 171606 ns
[2025-05-20T15:44:59.187+0000][73][info ][safepoint   ] Safepoint "Cleanup", Time since last: 22737458537 ns, Reaching safepoint: 59796 ns, Cleanup: 18965 ns, At safepoint: 14381 ns, Total: 93142 ns
[2025-05-20T15:45:16.752+0000][73][info ][safepoint   ] Safepoint "Cleanup", Time since last: 17564907154 ns, Reaching safepoint: 59357 ns, Cleanup: 17138 ns, At safepoint: 15665 ns, Total: 92160 ns
[2025-05-20T15:45:40.207+0000][73][info ][safepoint   ] Safepoint "Cleanup", Time since last: 23456613413 ns, Reaching safepoint: 7530 ns, Cleanup: 8341 ns, At safepoint: 3457 ns, Total: 19328 ns
[2025-05-20T15:46:43.289+0000][73][info ][safepoint   ] Safepoint "Cleanup", Time since last: 63086228968 ns, Reaching safepoint: 17977 ns, Cleanup: 10654 ns, At safepoint: 20753 ns, Total: 49384 ns
[2025-05-20T15:46:54.290+0000][73][info ][safepoint   ] Safepoint "Cleanup", Time since last: 11002834930 ns, Reaching safepoint: 28203 ns, Cleanup: 14868 ns, At safepoint: 13656 ns, Total: 56727 ns
[2025-05-20T15:48:12.489+0000][73][info ][safepoint   ] Safepoint "Cleanup", Time since last: 78203505446 ns, Reaching safepoint: 8251 ns, Cleanup: 26610 ns, At safepoint: 15145 ns, Total: 50006 ns
[2025-05-20T15:48:14.363+0000][73][info ][safepoint   ] Safepoint "Cleanup", Time since last: 1874176785 ns, Reaching safepoint: 26537 ns, Cleanup: 15289 ns, At safepoint: 12779 ns, Total: 54605 ns
[2025-05-20T15:48:48.443+0000][73][info ][safepoint   ] Safepoint "Cleanup", Time since last: 34081603321 ns, Reaching safepoint: 26901 ns, Cleanup: 11587 ns, At safepoint: 21828 ns, Total: 60316 ns
[2025-05-20T15:48:49.379+0000][73][info ][gc,start    ] GC(22) Pause Young (Normal) (G1 Evacuation Pause)
[2025-05-20T15:48:49.381+0000][73][info ][gc,task     ] GC(22) Using 10 workers of 10 for evacuation
[2025-05-20T15:48:49.382+0000][73][debug][gc,age      ] GC(22) Desired survivor size 153092096 bytes, new threshold 15 (max threshold 15)
[2025-05-20T15:48:49.499+0000][73][info ][gc,phases   ] GC(22)   Pre Evacuate Collection Set: 6.50ms
[2025-05-20T15:48:49.499+0000][73][info ][gc,phases   ] GC(22)   Merge Heap Roots: 1.92ms
[2025-05-20T15:48:49.500+0000][73][info ][gc,phases   ] GC(22)   Evacuate Collection Set: 92.63ms
[2025-05-20T15:48:49.500+0000][73][info ][gc,phases   ] GC(22)   Post Evacuate Collection Set: 13.54ms
[2025-05-20T15:48:49.500+0000][73][info ][gc,phases   ] GC(22)   Other: 3.43ms
[2025-05-20T15:48:49.501+0000][73][trace][gc,age      ] GC(22) Age table with threshold 15 (max threshold 15)
[2025-05-20T15:48:49.501+0000][73][trace][gc,age      ] GC(22) - age   1:    1452344 bytes,    1452344 total
[2025-05-20T15:48:49.501+0000][73][trace][gc,age      ] GC(22) - age   2:     219456 bytes,    1671800 total
[2025-05-20T15:48:49.501+0000][73][trace][gc,age      ] GC(22) - age   3:     253032 bytes,    1924832 total
[2025-05-20T15:48:49.502+0000][73][trace][gc,age      ] GC(22) - age   4:      97408 bytes,    2022240 total
[2025-05-20T15:48:49.502+0000][73][trace][gc,age      ] GC(22) - age   5:      11184 bytes,    2033424 total
[2025-05-20T15:48:49.503+0000][73][trace][gc,age      ] GC(22) - age   6:    2367072 bytes,    4400496 total
[2025-05-20T15:48:49.503+0000][73][trace][gc,age      ] GC(22) - age   7:    6833536 bytes,   11234032 total
[2025-05-20T15:48:49.503+0000][73][trace][gc,age      ] GC(22) - age   8:     900320 bytes,   12134352 total
[2025-05-20T15:48:49.503+0000][73][info ][gc,heap     ] GC(22) Eden regions: 578->0(578)
[2025-05-20T15:48:49.504+0000][73][info ][gc,heap     ] GC(22) Survivor regions: 4->4(73)
[2025-05-20T15:48:49.504+0000][73][info ][gc,heap     ] GC(22) Old regions: 26->26
[2025-05-20T15:48:49.505+0000][73][info ][gc,heap     ] GC(22) Humongous regions: 0->0
[2025-05-20T15:48:49.505+0000][73][info ][gc,metaspace] GC(22) Metaspace: 148684K(152704K)->148684K(152704K) NonClass: 128596K(130752K)->128596K(130752K) Class: 20087K(21952K)->20087K(21952K)
[2025-05-20T15:48:49.506+0000][73][info ][gc          ] GC(22) Pause Young (Normal) (G1 Evacuation Pause) 2426M->114M(3880M) 127.213ms
[2025-05-20T15:48:49.506+0000][73][info ][gc,cpu      ] GC(22) User=0.88s Sys=0.01s Real=0.13s
[2025-05-20T15:48:49.507+0000][73][info ][safepoint   ] Safepoint "G1CollectForAllocation", Time since last: 934954345 ns, Reaching safepoint: 19440 ns, Cleanup: 5200 ns, At safepoint: 128820314 ns, Total: 128844954 ns
[2025-05-20T15:48:51.514+0000][73][info ][safepoint   ] Safepoint "Cleanup", Time since last: 2009870282 ns, Reaching safepoint: 20946 ns, Cleanup: 13701 ns, At safepoint: 10003 ns, Total: 44650 ns
[2025-05-20T15:49:17.864+0000][73][info ][safepoint   ] Safepoint "Cleanup", Time since last: 26349752986 ns, Reaching safepoint: 69040 ns, Cleanup: 28582 ns, At safepoint: 15648 ns, Total: 113270 ns
[2025-05-20T15:49:21.448+0000][73][info ][safepoint   ] Safepoint "Cleanup", Time since last: 3585681284 ns, Reaching safepoint: 16812 ns, Cleanup: 12711 ns, At safepoint: 21414 ns, Total: 50937 ns
[2025-05-20T15:49:26.550+0000][73][info ][safepoint   ] Safepoint "Cleanup", Time since last: 5101648757 ns, Reaching safepoint: 28105 ns, Cleanup: 15533 ns, At safepoint: 12598 ns, Total: 56236 ns
[2025-05-20T15:49:27.571+0000][73][info ][safepoint   ] Safepoint "Cleanup", Time since last: 1020912078 ns, Reaching safepoint: 15636 ns, Cleanup: 13898 ns, At safepoint: 19081 ns, Total: 48615 ns
[2025-05-20T15:49:36.456+0000][73][info ][safepoint   ] Safepoint "Cleanup", Time since last: 8884545063 ns, Reaching safepoint: 16810 ns, Cleanup: 11694 ns, At safepoint: 21216 ns, Total: 49720 ns
[2025-05-20T15:49:51.449+0000][73][info ][safepoint   ] Safepoint "Cleanup", Time since last: 14995017467 ns, Reaching safepoint: 15445 ns, Cleanup: 11490 ns, At safepoint: 36676 ns, Total: 63611 ns
[2025-05-20T15:49:52.651+0000][73][info ][safepoint   ] Safepoint "Cleanup", Time since last: 1202149092 ns, Reaching safepoint: 21202 ns, Cleanup: 19303 ns, At safepoint: 8898 ns, Total: 49403 ns
[2025-05-20T15:50:54.669+0000][73][info ][safepoint   ] Safepoint "Cleanup", Time since last: 62022346437 ns, Reaching safepoint: 151032 ns, Cleanup: 17837 ns, At safepoint: 170750 ns, Total: 339619 ns
[2025-05-20T15:53:25.969+0000][73][info ][safepoint   ] Safepoint "Cleanup", Time since last: 151311397179 ns, Reaching safepoint: 70442 ns, Cleanup: 17312 ns, At safepoint: 14509 ns, Total: 102263 ns
[2025-05-20T15:58:26.087+0000][73][info ][safepoint   ] Safepoint "Cleanup", Time since last: 300137252640 ns, Reaching safepoint: 70210 ns, Cleanup: 19809 ns, At safepoint: 12484 ns, Total: 102503 ns
[2025-05-20T16:00:26.266+0000][73][info ][safepoint   ] Safepoint "Cleanup", Time since last: 120186772074 ns, Reaching safepoint: 26139 ns, Cleanup: 15472 ns, At safepoint: 11089 ns, Total: 52700 ns
[2025-05-20T16:01:25.285+0000][73][info ][safepoint   ] Safepoint "Cleanup", Time since last: 59023826734 ns, Reaching safepoint: 18678 ns, Cleanup: 21405 ns, At safepoint: 95445 ns, Total: 135528 ns
[2025-05-20T16:01:26.311+0000][73][info ][safepoint   ] Safepoint "Cleanup", Time since last: 1025622965 ns, Reaching safepoint: 29552 ns, Cleanup: 18418 ns, At safepoint: 11211 ns, Total: 59181 ns
[2025-05-20T16:02:27.224+0000][73][info ][safepoint   ] Safepoint "Cleanup", Time since last: 60916581968 ns, Reaching safepoint: 70030 ns, Cleanup: 17264 ns, At safepoint: 12928 ns, Total: 100222 ns
[2025-05-20T16:02:59.357+0000][73][info ][safepoint   ] Safepoint "Cleanup", Time since last: 32134817173 ns, Reaching safepoint: 78142 ns, Cleanup: 24603 ns, At safepoint: 31669 ns, Total: 134414 ns
[2025-05-20T16:03:21.379+0000][73][info ][safepoint   ] Safepoint "Cleanup", Time since last: 22023640398 ns, Reaching safepoint: 76301 ns, Cleanup: 17605 ns, At safepoint: 18230 ns, Total: 112136 ns
[2025-05-20T16:03:31.469+0000][73][info ][safepoint   ] Safepoint "Cleanup", Time since last: 10089742470 ns, Reaching safepoint: 7333 ns, Cleanup: 9832 ns, At safepoint: 14909 ns, Total: 32074 ns
[2025-05-20T16:04:36.419+0000][73][info ][safepoint   ] Safepoint "Cleanup", Time since last: 64954266778 ns, Reaching safepoint: 9511 ns, Cleanup: 9523 ns, At safepoint: 4110 ns, Total: 23144 ns
[2025-05-20T16:04:41.552+0000][73][info ][safepoint   ] Safepoint "Cleanup", Time since last: 5133109295 ns, Reaching safepoint: 30177 ns, Cleanup: 15931 ns, At safepoint: 11688 ns, Total: 57796 ns
[2025-05-20T16:05:05.311+0000][73][info ][safepoint   ] Safepoint "Cleanup", Time since last: 23760886221 ns, Reaching safepoint: 27958 ns, Cleanup: 16100 ns, At safepoint: 12181 ns, Total: 56239 ns
[2025-05-20T16:05:06.673+0000][73][info ][safepoint   ] Safepoint "Cleanup", Time since last: 1361722663 ns, Reaching safepoint: 7007 ns, Cleanup: 8891 ns, At safepoint: 15024 ns, Total: 30922 ns
[2025-05-20T16:05:25.696+0000][73][info ][safepoint   ] Safepoint "Cleanup", Time since last: 19024697402 ns, Reaching safepoint: 74355 ns, Cleanup: 15226 ns, At safepoint: 12787 ns, Total: 102368 ns
[2025-05-20T16:05:36.425+0000][73][info ][safepoint   ] Safepoint "Cleanup", Time since last: 10728760472 ns, Reaching safepoint: 132272 ns, Cleanup: 11174 ns, At safepoint: 55469 ns, Total: 198915 ns
[2025-05-20T16:05:37.610+0000][73][info ][safepoint   ] Safepoint "Cleanup", Time since last: 1184640202 ns, Reaching safepoint: 30353 ns, Cleanup: 17578 ns, At safepoint: 14185 ns, Total: 62116 ns
[2025-05-20T16:08:17.401+0000][73][info ][safepoint   ] Safepoint "Cleanup", Time since last: 159801726717 ns, Reaching safepoint: 83917 ns, Cleanup: 17411 ns, At safepoint: 12861 ns, Total: 114189 ns
[2025-05-20T16:08:24.402+0000][73][info ][safepoint   ] Safepoint "Cleanup", Time since last: 7001382790 ns, Reaching safepoint: 1072547 ns, Cleanup: 20113 ns, At safepoint: 67692 ns, Total: 1160352 ns
[2025-05-20T16:08:26.403+0000][73][info ][safepoint   ] Safepoint "Cleanup", Time since last: 2000764847 ns, Reaching safepoint: 26695 ns, Cleanup: 15373 ns, At safepoint: 14682 ns, Total: 56750 ns
[2025-05-20T16:09:26.434+0000][73][info ][safepoint   ] Safepoint "Cleanup", Time since last: 60034802896 ns, Reaching safepoint: 73370 ns, Cleanup: 13500 ns, At safepoint: 10191 ns, Total: 97061 ns
[2025-05-20T16:09:48.845+0000][73][info ][safepoint   ] Safepoint "Cleanup", Time since last: 22411461160 ns, Reaching safepoint: 15613 ns, Cleanup: 11870 ns, At safepoint: 22719 ns, Total: 50202 ns
[2025-05-20T16:10:05.463+0000][73][info ][safepoint   ] Safepoint "Cleanup", Time since last: 16619837690 ns, Reaching safepoint: 67759 ns, Cleanup: 18410 ns, At safepoint: 15455 ns, Total: 101624 ns
[2025-05-20T16:11:51.492+0000][73][info ][safepoint   ] Safepoint "Cleanup", Time since last: 106037559651 ns, Reaching safepoint: 28100 ns, Cleanup: 20852 ns, At safepoint: 12247 ns, Total: 61199 ns
[2025-05-20T16:14:25.575+0000][73][info ][safepoint   ] Safepoint "Cleanup", Time since last: 154091801780 ns, Reaching safepoint: 53090 ns, Cleanup: 14829 ns, At safepoint: 9813 ns, Total: 77732 ns
[2025-05-20T16:14:31.578+0000][73][info ][safepoint   ] Safepoint "Cleanup", Time since last: 6003631221 ns, Reaching safepoint: 30450 ns, Cleanup: 15079 ns, At safepoint: 12278 ns, Total: 57807 ns
[2025-05-20T16:14:37.061+0000][73][info ][safepoint   ] Safepoint "Cleanup", Time since last: 5482412058 ns, Reaching safepoint: 16877 ns, Cleanup: 11679 ns, At safepoint: 5987 ns, Total: 34543 ns
[2025-05-20T16:14:45.124+0000][73][info ][safepoint   ] Safepoint "Cleanup", Time since last: 8062551418 ns, Reaching safepoint: 165315 ns, Cleanup: 14187 ns, At safepoint: 51620 ns, Total: 231122 ns
[2025-05-20T16:15:03.437+0000][73][info ][safepoint   ] Safepoint "Cleanup", Time since last: 18315112536 ns, Reaching safepoint: 7907 ns, Cleanup: 9797 ns, At safepoint: 5862 ns, Total: 23566 ns
[2025-05-20T16:15:42.028+0000][73][info ][safepoint   ] Safepoint "Cleanup", Time since last: 38592541828 ns, Reaching safepoint: 242511 ns, Cleanup: 19319 ns, At safepoint: 20041 ns, Total: 281871 ns
[2025-05-20T16:15:47.029+0000][73][info ][safepoint   ] Safepoint "Cleanup", Time since last: 5001221494 ns, Reaching safepoint: 56293 ns, Cleanup: 14183 ns, At safepoint: 12135 ns, Total: 82611 ns
[2025-05-20T16:17:26.251+0000][73][info ][safepoint   ] Safepoint "Cleanup", Time since last: 99230135870 ns, Reaching safepoint: 32225 ns, Cleanup: 14274 ns, At safepoint: 8589 ns, Total: 55088 ns
[2025-05-20T16:17:45.449+0000][73][info ][safepoint   ] Safepoint "Cleanup", Time since last: 19197049456 ns, Reaching safepoint: 15854 ns, Cleanup: 9804 ns, At safepoint: 42426 ns, Total: 68084 ns
[2025-05-20T16:19:15.463+0000][73][info ][safepoint   ] Safepoint "Cleanup", Time since last: 90020657628 ns, Reaching safepoint: 15453 ns, Cleanup: 14737 ns, At safepoint: 21207 ns, Total: 51397 ns
[2025-05-20T16:20:18.577+0000][73][info ][safepoint   ] Safepoint "Cleanup", Time since last: 63117092772 ns, Reaching safepoint: 17682 ns, Cleanup: 28844 ns, At safepoint: 24289 ns, Total: 70815 ns
[2025-05-20T16:20:20.572+0000][73][info ][safepoint   ] Safepoint "Cleanup", Time since last: 1996836567 ns, Reaching safepoint: 28270 ns, Cleanup: 16604 ns, At safepoint: 13349 ns, Total: 58223 ns
[2025-05-20T16:21:51.630+0000][73][info ][safepoint   ] Safepoint "Cleanup", Time since last: 91064253752 ns, Reaching safepoint: 26650 ns, Cleanup: 15247 ns, At safepoint: 13177 ns, Total: 55074 ns
[2025-05-20T16:23:27.687+0000][73][info ][safepoint   ] Safepoint "Cleanup", Time since last: 96062241194 ns, Reaching safepoint: 13841 ns, Cleanup: 10040 ns, At safepoint: 21614 ns, Total: 45495 ns
[2025-05-20T16:24:30.424+0000][73][info ][safepoint   ] Safepoint "Cleanup", Time since last: 62741930148 ns, Reaching safepoint: 171631 ns, Cleanup: 9888 ns, At safepoint: 52931 ns, Total: 234450 ns
[2025-05-20T16:24:31.734+0000][73][info ][safepoint   ] Safepoint "Cleanup", Time since last: 1310178385 ns, Reaching safepoint: 27736 ns, Cleanup: 17902 ns, At safepoint: 11769 ns, Total: 57407 ns
[2025-05-20T16:24:42.425+0000][73][info ][safepoint   ] Safepoint "Cleanup", Time since last: 10691007174 ns, Reaching safepoint: 25627 ns, Cleanup: 10215 ns, At safepoint: 21439 ns, Total: 57281 ns
[2025-05-20T16:24:43.750+0000][73][info ][safepoint   ] Safepoint "Cleanup", Time since last: 1324999785 ns, Reaching safepoint: 31764 ns, Cleanup: 18865 ns, At safepoint: 14571 ns, Total: 65200 ns
[2025-05-20T16:24:59.806+0000][73][info ][safepoint   ] Safepoint "Cleanup", Time since last: 16056699608 ns, Reaching safepoint: 56754 ns, Cleanup: 15354 ns, At safepoint: 11983 ns, Total: 84091 ns
[2025-05-20T16:26:25.917+0000][73][info ][safepoint   ] Safepoint "Cleanup", Time since last: 86116122237 ns, Reaching safepoint: 20540 ns, Cleanup: 14073 ns, At safepoint: 10021 ns, Total: 44634 ns
[2025-05-20T16:26:36.870+0000][73][info ][safepoint   ] Safepoint "Cleanup", Time since last: 10953626880 ns, Reaching safepoint: 9105 ns, Cleanup: 13268 ns, At safepoint: 5180 ns, Total: 27553 ns
[2025-05-20T16:27:25.943+0000][73][info ][safepoint   ] Safepoint "Cleanup", Time since last: 49076349574 ns, Reaching safepoint: 65831 ns, Cleanup: 17355 ns, At safepoint: 16615 ns, Total: 99801 ns
[2025-05-20T16:29:25.997+0000][73][info ][safepoint   ] Safepoint "Cleanup", Time since last: 120061779710 ns, Reaching safepoint: 126481 ns, Cleanup: 17069 ns, At safepoint: 10064 ns, Total: 153614 ns
[2025-05-20T16:29:37.999+0000][73][info ][safepoint   ] Safepoint "Cleanup", Time since last: 12002065558 ns, Reaching safepoint: 64062 ns, Cleanup: 16579 ns, At safepoint: 14747 ns, Total: 95388 ns
[2025-05-20T16:30:00.056+0000][73][info ][safepoint   ] Safepoint "Cleanup", Time since last: 22058298860 ns, Reaching safepoint: 49576 ns, Cleanup: 18030 ns, At safepoint: 10013 ns, Total: 77619 ns
[2025-05-20T16:30:26.414+0000][73][info ][safepoint   ] Safepoint "Cleanup", Time since last: 26359476888 ns, Reaching safepoint: 25331 ns, Cleanup: 16462 ns, At safepoint: 10510 ns, Total: 52303 ns
[2025-05-20T16:30:49.103+0000][73][info ][safepoint   ] Safepoint "Cleanup", Time since last: 22689489735 ns, Reaching safepoint: 137446 ns, Cleanup: 15231 ns, At safepoint: 51820 ns, Total: 204497 ns
[2025-05-20T16:30:51.101+0000][73][info ][safepoint   ] Safepoint "Cleanup", Time since last: 1999591600 ns, Reaching safepoint: 155453 ns, Cleanup: 16838 ns, At safepoint: 16857 ns, Total: 189148 ns
[2025-05-20T16:31:51.434+0000][73][info ][safepoint   ] Safepoint "Cleanup", Time since last: 60336982940 ns, Reaching safepoint: 18570 ns, Cleanup: 19250 ns, At safepoint: 23079 ns, Total: 60899 ns
[2025-05-20T16:32:19.087+0000][73][info ][safepoint   ] Safepoint "Cleanup", Time since last: 27652892659 ns, Reaching safepoint: 66083 ns, Cleanup: 14740 ns, At safepoint: 12506 ns, Total: 93329 ns
[2025-05-20T16:32:42.432+0000][73][info ][safepoint   ] Safepoint "Cleanup", Time since last: 23346733421 ns, Reaching safepoint: 18521 ns, Cleanup: 19534 ns, At safepoint: 21467 ns, Total: 59522 ns
[2025-05-20T16:32:44.171+0000][73][info ][safepoint   ] Safepoint "Cleanup", Time since last: 1738757929 ns, Reaching safepoint: 26689 ns, Cleanup: 23609 ns, At safepoint: 13970 ns, Total: 64268 ns
[2025-05-20T16:32:51.538+0000][73][info ][safepoint   ] Safepoint "Cleanup", Time since last: 7369152660 ns, Reaching safepoint: 18829 ns, Cleanup: 25267 ns, At safepoint: 96109 ns, Total: 140205 ns
[2025-05-20T16:32:53.222+0000][73][info ][safepoint   ] Safepoint "Cleanup", Time since last: 1683447159 ns, Reaching safepoint: 33378 ns, Cleanup: 16130 ns, At safepoint: 18108 ns, Total: 67616 ns
[2025-05-20T16:33:58.327+0000][73][info ][safepoint   ] Safepoint "Cleanup", Time since last: 65108961854 ns, Reaching safepoint: 13625 ns, Cleanup: 10398 ns, At safepoint: 18567 ns, Total: 42590 ns
[2025-05-20T16:34:48.419+0000][73][info ][gc,start    ] GC(23) Pause Young (Normal) (G1 Evacuation Pause)
[2025-05-20T16:34:48.420+0000][73][info ][gc,task     ] GC(23) Using 10 workers of 10 for evacuation
[2025-05-20T16:34:48.420+0000][73][debug][gc,age      ] GC(23) Desired survivor size 153092096 bytes, new threshold 15 (max threshold 15)
[2025-05-20T16:34:48.465+0000][73][info ][gc,phases   ] GC(23)   Pre Evacuate Collection Set: 3.77ms
[2025-05-20T16:34:48.465+0000][73][info ][gc,phases   ] GC(23)   Merge Heap Roots: 1.62ms
[2025-05-20T16:34:48.465+0000][73][info ][gc,phases   ] GC(23)   Evacuate Collection Set: 32.21ms
[2025-05-20T16:34:48.466+0000][73][info ][gc,phases   ] GC(23)   Post Evacuate Collection Set: 5.98ms
[2025-05-20T16:34:48.466+0000][73][info ][gc,phases   ] GC(23)   Other: 1.39ms
[2025-05-20T16:34:48.466+0000][73][trace][gc,age      ] GC(23) Age table with threshold 15 (max threshold 15)
[2025-05-20T16:34:48.467+0000][73][trace][gc,age      ] GC(23) - age   1:    1628672 bytes,    1628672 total
[2025-05-20T16:34:48.467+0000][73][trace][gc,age      ] GC(23) - age   2:     200752 bytes,    1829424 total
[2025-05-20T16:34:48.467+0000][73][trace][gc,age      ] GC(23) - age   3:     166368 bytes,    1995792 total
[2025-05-20T16:34:48.468+0000][73][trace][gc,age      ] GC(23) - age   4:     252504 bytes,    2248296 total
[2025-05-20T16:34:48.468+0000][73][trace][gc,age      ] GC(23) - age   5:      97368 bytes,    2345664 total
[2025-05-20T16:34:48.468+0000][73][trace][gc,age      ] GC(23) - age   6:      11184 bytes,    2356848 total
[2025-05-20T16:34:48.468+0000][73][trace][gc,age      ] GC(23) - age   7:    2366528 bytes,    4723376 total
[2025-05-20T16:34:48.469+0000][73][trace][gc,age      ] GC(23) - age   8:    6815552 bytes,   11538928 total
[2025-05-20T16:34:48.469+0000][73][trace][gc,age      ] GC(23) - age   9:     900112 bytes,   12439040 total
[2025-05-20T16:34:48.469+0000][73][info ][gc,heap     ] GC(23) Eden regions: 578->0(578)
[2025-05-20T16:34:48.470+0000][73][info ][gc,heap     ] GC(23) Survivor regions: 4->4(73)
[2025-05-20T16:34:48.470+0000][73][info ][gc,heap     ] GC(23) Old regions: 26->26
[2025-05-20T16:34:48.470+0000][73][info ][gc,heap     ] GC(23) Humongous regions: 0->0
[2025-05-20T16:34:48.471+0000][73][info ][gc,metaspace] GC(23) Metaspace: 148815K(152832K)->148815K(152832K) NonClass: 128728K(130880K)->128728K(130880K) Class: 20087K(21952K)->20087K(21952K)
[2025-05-20T16:34:48.471+0000][73][info ][gc          ] GC(23) Pause Young (Normal) (G1 Evacuation Pause) 2426M->114M(3880M) 52.510ms
[2025-05-20T16:34:48.471+0000][73][info ][gc,cpu      ] GC(23) User=0.38s Sys=0.00s Real=0.05s
[2025-05-20T16:34:48.472+0000][73][info ][safepoint   ] Safepoint "G1CollectForAllocation", Time since last: 50092493174 ns, Reaching safepoint: 47177 ns, Cleanup: 5433 ns, At safepoint: 53814844 ns, Total: 53867454 ns
[2025-05-20T16:34:50.358+0000][73][info ][safepoint   ] Safepoint "Cleanup", Time since last: 1888637825 ns, Reaching safepoint: 27262 ns, Cleanup: 29618 ns, At safepoint: 11381 ns, Total: 68261 ns
[2025-05-20T16:35:06.443+0000][73][info ][safepoint   ] Safepoint "Cleanup", Time since last: 16084716056 ns, Reaching safepoint: 23912 ns, Cleanup: 19049 ns, At safepoint: 98096 ns, Total: 141057 ns
[2025-05-20T16:35:25.469+0000][73][info ][safepoint   ] Safepoint "Cleanup", Time since last: 19027257611 ns, Reaching safepoint: 54734 ns, Cleanup: 16066 ns, At safepoint: 13181 ns, Total: 83981 ns
[2025-05-20T16:36:03.440+0000][73][info ][safepoint   ] Safepoint "Cleanup", Time since last: 37972979354 ns, Reaching safepoint: 6506 ns, Cleanup: 8894 ns, At safepoint: 3360 ns, Total: 18760 ns
[2025-05-20T16:36:25.491+0000][73][info ][safepoint   ] Safepoint "Cleanup", Time since last: 22052838104 ns, Reaching safepoint: 60008 ns, Cleanup: 16336 ns, At safepoint: 10996 ns, Total: 87340 ns
[2025-05-20T16:36:49.495+0000][73][info ][safepoint   ] Safepoint "Cleanup", Time since last: 24004040547 ns, Reaching safepoint: 64327 ns, Cleanup: 19354 ns, At safepoint: 15296 ns, Total: 98977 ns
[2025-05-20T16:36:50.494+0000][73][info ][safepoint   ] Safepoint "Cleanup", Time since last: 1000656508 ns, Reaching safepoint: 26922 ns, Cleanup: 14389 ns, At safepoint: 11718 ns, Total: 53029 ns
[2025-05-20T16:37:07.441+0000][73][info ][safepoint   ] Safepoint "Cleanup", Time since last: 16946995641 ns, Reaching safepoint: 25337 ns, Cleanup: 16296 ns, At safepoint: 12564 ns, Total: 54197 ns
[2025-05-20T16:38:09.537+0000][73][info ][safepoint   ] Safepoint "Cleanup", Time since last: 62100034636 ns, Reaching safepoint: 7336 ns, Cleanup: 10706 ns, At safepoint: 4226 ns, Total: 22268 ns
[2025-05-20T16:40:46.758+0000][73][info ][safepoint   ] Safepoint "Cleanup", Time since last: 157230171504 ns, Reaching safepoint: 89146 ns, Cleanup: 19226 ns, At safepoint: 18822 ns, Total: 127194 ns
[2025-05-20T16:41:18.772+0000][73][info ][safepoint   ] Safepoint "Cleanup", Time since last: 32017336753 ns, Reaching safepoint: 23780 ns, Cleanup: 16337 ns, At safepoint: 4878 ns, Total: 44995 ns
[2025-05-20T16:41:25.793+0000][73][info ][safepoint   ] Safepoint "Cleanup", Time since last: 7021568802 ns, Reaching safepoint: 25519 ns, Cleanup: 14050 ns, At safepoint: 11170 ns, Total: 50739 ns
[2025-05-20T16:41:41.796+0000][73][info ][safepoint   ] Safepoint "Cleanup", Time since last: 16002979831 ns, Reaching safepoint: 70646 ns, Cleanup: 16312 ns, At safepoint: 12265 ns, Total: 99223 ns
[2025-05-20T16:41:51.797+0000][73][info ][safepoint   ] Safepoint "Cleanup", Time since last: 10001927150 ns, Reaching safepoint: 25476 ns, Cleanup: 16866 ns, At safepoint: 11509 ns, Total: 53851 ns
[2025-05-20T16:43:53.866+0000][73][info ][safepoint   ] Safepoint "Cleanup", Time since last: 122076813764 ns, Reaching safepoint: 70405 ns, Cleanup: 44948 ns, At safepoint: 15046 ns, Total: 130399 ns
[2025-05-20T16:44:24.430+0000][73][info ][safepoint   ] Safepoint "Cleanup", Time since last: 30565942433 ns, Reaching safepoint: 73119 ns, Cleanup: 21429 ns, At safepoint: 20989 ns, Total: 115537 ns
[2025-05-20T16:44:25.431+0000][73][info ][safepoint   ] Safepoint "Cleanup", Time since last: 1000718232 ns, Reaching safepoint: 19284 ns, Cleanup: 13682 ns, At safepoint: 9181 ns, Total: 42147 ns
[2025-05-20T16:44:27.881+0000][73][info ][safepoint   ] Safepoint "Cleanup", Time since last: 2450592036 ns, Reaching safepoint: 16136 ns, Cleanup: 12914 ns, At safepoint: 21529 ns, Total: 50579 ns
[2025-05-20T16:45:06.452+0000][73][info ][safepoint   ] Safepoint "Cleanup", Time since last: 38572347090 ns, Reaching safepoint: 14378 ns, Cleanup: 11014 ns, At safepoint: 17047 ns, Total: 42439 ns
[2025-05-20T16:45:07.802+0000][73][info ][safepoint   ] Safepoint "Cleanup", Time since last: 1349988649 ns, Reaching safepoint: 27343 ns, Cleanup: 16972 ns, At safepoint: 12539 ns, Total: 56854 ns
[2025-05-20T16:46:51.048+0000][73][info ][safepoint   ] Safepoint "Cleanup", Time since last: 103254489806 ns, Reaching safepoint: 83754 ns, Cleanup: 17566 ns, At safepoint: 49568 ns, Total: 150888 ns
[2025-05-20T16:47:37.065+0000][73][info ][safepoint   ] Safepoint "Cleanup", Time since last: 46017360459 ns, Reaching safepoint: 14305 ns, Cleanup: 12206 ns, At safepoint: 16826 ns, Total: 43337 ns
[2025-05-20T16:50:46.307+0000][73][info ][safepoint   ] Safepoint "Cleanup", Time since last: 189253703231 ns, Reaching safepoint: 98760 ns, Cleanup: 9049 ns, At safepoint: 49448 ns, Total: 157257 ns
[2025-05-20T16:50:47.310+0000][73][info ][safepoint   ] Safepoint "Cleanup", Time since last: 1003699610 ns, Reaching safepoint: 18445 ns, Cleanup: 15469 ns, At safepoint: 18557 ns, Total: 52471 ns
[2025-05-20T16:51:52.336+0000][73][info ][safepoint   ] Safepoint "Cleanup", Time since last: 65031756207 ns, Reaching safepoint: 25912 ns, Cleanup: 16134 ns, At safepoint: 11638 ns, Total: 53684 ns
[2025-05-20T16:53:46.702+0000][73][info ][safepoint   ] Safepoint "Cleanup", Time since last: 114371170897 ns, Reaching safepoint: 48971 ns, Cleanup: 13059 ns, At safepoint: 8661 ns, Total: 70691 ns
[2025-05-20T16:53:55.419+0000][73][info ][safepoint   ] Safepoint "Cleanup", Time since last: 8718965239 ns, Reaching safepoint: 13934 ns, Cleanup: 12559 ns, At safepoint: 20318 ns, Total: 46811 ns
[2025-05-20T16:55:06.398+0000][73][info ][safepoint   ] Safepoint "Cleanup", Time since last: 70982361934 ns, Reaching safepoint: 13587 ns, Cleanup: 10684 ns, At safepoint: 16145 ns, Total: 40416 ns
[2025-05-20T16:55:15.535+0000][73][info ][safepoint   ] Safepoint "Cleanup", Time since last: 9136471877 ns, Reaching safepoint: 27950 ns, Cleanup: 18144 ns, At safepoint: 10712 ns, Total: 56806 ns
[2025-05-20T16:56:00.436+0000][73][info ][safepoint   ] Safepoint "Cleanup", Time since last: 44905188641 ns, Reaching safepoint: 158657 ns, Cleanup: 14734 ns, At safepoint: 66422 ns, Total: 239813 ns
[2025-05-20T16:56:01.579+0000][73][info ][safepoint   ] Safepoint "Cleanup", Time since last: 1143276347 ns, Reaching safepoint: 30867 ns, Cleanup: 19869 ns, At safepoint: 11307 ns, Total: 62043 ns
[2025-05-20T16:56:50.784+0000][73][info ][safepoint   ] Safepoint "Cleanup", Time since last: 49208867886 ns, Reaching safepoint: 36108 ns, Cleanup: 19351 ns, At safepoint: 124178 ns, Total: 179637 ns
[2025-05-20T16:57:03.415+0000][73][info ][safepoint   ] Safepoint "Cleanup", Time since last: 12630853851 ns, Reaching safepoint: 14278 ns, Cleanup: 12744 ns, At safepoint: 22469 ns, Total: 49491 ns
[2025-05-20T16:59:06.869+0000][73][info ][safepoint   ] Safepoint "Cleanup", Time since last: 123460442908 ns, Reaching safepoint: 31838 ns, Cleanup: 16731 ns, At safepoint: 13504 ns, Total: 62073 ns
[2025-05-20T17:00:03.400+0000][73][info ][safepoint   ] Safepoint "Cleanup", Time since last: 56535551247 ns, Reaching safepoint: 15155 ns, Cleanup: 11305 ns, At safepoint: 21111 ns, Total: 47571 ns
[2025-05-20T17:00:04.734+0000][73][info ][safepoint   ] Safepoint "Cleanup", Time since last: 1334069712 ns, Reaching safepoint: 26198 ns, Cleanup: 18222 ns, At safepoint: 11509 ns, Total: 55929 ns
[2025-05-20T17:00:12.389+0000][73][info ][safepoint   ] Safepoint "Cleanup", Time since last: 7654630671 ns, Reaching safepoint: 15501 ns, Cleanup: 12646 ns, At safepoint: 18242 ns, Total: 46389 ns
[2025-05-20T17:00:36.442+0000][73][info ][safepoint   ] Safepoint "Cleanup", Time since last: 24054495599 ns, Reaching safepoint: 33043 ns, Cleanup: 16300 ns, At safepoint: 76077 ns, Total: 125420 ns
[2025-05-20T17:00:38.234+0000][73][info ][safepoint   ] Safepoint "Cleanup", Time since last: 1791437574 ns, Reaching safepoint: 28048 ns, Cleanup: 15116 ns, At safepoint: 11013 ns, Total: 54177 ns
[2025-05-20T17:01:15.780+0000][73][info ][safepoint   ] Safepoint "Cleanup", Time since last: 37548733120 ns, Reaching safepoint: 14436 ns, Cleanup: 10714 ns, At safepoint: 17287 ns, Total: 42437 ns
[2025-05-20T17:01:16.801+0000][73][info ][safepoint   ] Safepoint "Cleanup", Time since last: 1020263285 ns, Reaching safepoint: 19812 ns, Cleanup: 15468 ns, At safepoint: 18421 ns, Total: 53701 ns
[2025-05-20T17:01:25.807+0000][73][info ][safepoint   ] Safepoint "Cleanup", Time since last: 9007778877 ns, Reaching safepoint: 26234 ns, Cleanup: 15503 ns, At safepoint: 10789 ns, Total: 52526 ns
[2025-05-20T17:05:12.375+0000][73][info ][safepoint   ] Safepoint "Cleanup", Time since last: 226581274378 ns, Reaching safepoint: 11932 ns, Cleanup: 8890 ns, At safepoint: 18090 ns, Total: 38912 ns
[2025-05-20T17:05:27.084+0000][73][info ][safepoint   ] Safepoint "Cleanup", Time since last: 14711357673 ns, Reaching safepoint: 26375 ns, Cleanup: 15150 ns, At safepoint: 10712 ns, Total: 52237 ns
[2025-05-20T17:05:28.095+0000][73][info ][safepoint   ] Safepoint "Cleanup", Time since last: 1010339893 ns, Reaching safepoint: 13695 ns, Cleanup: 13204 ns, At safepoint: 4649 ns, Total: 31548 ns
[2025-05-20T17:06:30.385+0000][73][info ][safepoint   ] Safepoint "Cleanup", Time since last: 62292584443 ns, Reaching safepoint: 510011 ns, Cleanup: 15166 ns, At safepoint: 59400 ns, Total: 584577 ns
[2025-05-20T17:06:32.144+0000][73][info ][safepoint   ] Safepoint "Cleanup", Time since last: 1759263871 ns, Reaching safepoint: 27364 ns, Cleanup: 14310 ns, At safepoint: 11610 ns, Total: 53284 ns
[2025-05-20T17:07:32.101+0000][73][info ][safepoint   ] Safepoint "Cleanup", Time since last: 59961254659 ns, Reaching safepoint: 58470 ns, Cleanup: 15353 ns, At safepoint: 13798 ns, Total: 87621 ns
[2025-05-20T17:08:39.215+0000][73][info ][safepoint   ] Safepoint "Cleanup", Time since last: 67117185067 ns, Reaching safepoint: 26749 ns, Cleanup: 14554 ns, At safepoint: 9801 ns, Total: 51104 ns
[2025-05-20T17:09:00.217+0000][73][info ][safepoint   ] Safepoint "Cleanup", Time since last: 21003532710 ns, Reaching safepoint: 63306 ns, Cleanup: 14244 ns, At safepoint: 13719 ns, Total: 91269 ns
[2025-05-20T17:09:26.156+0000][73][info ][safepoint   ] Safepoint "Cleanup", Time since last: 25941309395 ns, Reaching safepoint: 62418 ns, Cleanup: 16270 ns, At safepoint: 14056 ns, Total: 92744 ns
[2025-05-20T17:10:43.336+0000][73][info ][safepoint   ] Safepoint "Cleanup", Time since last: 77184999348 ns, Reaching safepoint: 9346 ns, Cleanup: 10382 ns, At safepoint: 3750 ns, Total: 23478 ns
[2025-05-20T17:11:45.386+0000][73][info ][safepoint   ] Safepoint "Cleanup", Time since last: 62052972363 ns, Reaching safepoint: 8651 ns, Cleanup: 8765 ns, At safepoint: 25060 ns, Total: 42476 ns
[2025-05-20T17:11:51.440+0000][73][info ][safepoint   ] Safepoint "Cleanup", Time since last: 6055082588 ns, Reaching safepoint: 28290 ns, Cleanup: 17370 ns, At safepoint: 12246 ns, Total: 57906 ns
[2025-05-20T17:12:17.248+0000][73][info ][safepoint   ] Safepoint "Cleanup", Time since last: 25807668356 ns, Reaching safepoint: 65059 ns, Cleanup: 16055 ns, At safepoint: 14818 ns, Total: 95932 ns
[2025-05-20T17:14:49.311+0000][73][info ][safepoint   ] Safepoint "Cleanup", Time since last: 152070654451 ns, Reaching safepoint: 76986 ns, Cleanup: 14415 ns, At safepoint: 14602 ns, Total: 106003 ns
[2025-05-20T17:14:52.310+0000][73][info ][safepoint   ] Safepoint "Cleanup", Time since last: 3000946897 ns, Reaching safepoint: 30141 ns, Cleanup: 16498 ns, At safepoint: 17123 ns, Total: 63762 ns
[2025-05-20T17:15:37.630+0000][73][info ][safepoint   ] Safepoint "Cleanup", Time since last: 45321290653 ns, Reaching safepoint: 32098 ns, Cleanup: 15561 ns, At safepoint: 14847 ns, Total: 62506 ns
[2025-05-20T17:15:57.651+0000][73][info ][safepoint   ] Safepoint "Cleanup", Time since last: 20023049377 ns, Reaching safepoint: 15308 ns, Cleanup: 12470 ns, At safepoint: 21679 ns, Total: 49457 ns
[2025-05-20T17:16:50.366+0000][73][info ][safepoint   ] Safepoint "Cleanup", Time since last: 52717970273 ns, Reaching safepoint: 29257 ns, Cleanup: 18200 ns, At safepoint: 13897 ns, Total: 61354 ns
[2025-05-20T17:18:00.395+0000][73][info ][safepoint   ] Safepoint "Cleanup", Time since last: 70032292865 ns, Reaching safepoint: 30350 ns, Cleanup: 16028 ns, At safepoint: 12888 ns, Total: 59266 ns
[2025-05-20T17:19:06.410+0000][73][info ][safepoint   ] Safepoint "Cleanup", Time since last: 66018727609 ns, Reaching safepoint: 9573 ns, Cleanup: 8470 ns, At safepoint: 23046 ns, Total: 41089 ns
[2025-05-20T17:19:07.783+0000][73][info ][safepoint   ] Safepoint "Cleanup", Time since last: 1372534529 ns, Reaching safepoint: 18762 ns, Cleanup: 24652 ns, At safepoint: 86976 ns, Total: 130390 ns
[2025-05-20T17:20:09.390+0000][73][info ][safepoint   ] Safepoint "Cleanup", Time since last: 61609793704 ns, Reaching safepoint: 86955 ns, Cleanup: 9829 ns, At safepoint: 28200 ns, Total: 124984 ns
[2025-05-20T17:20:09.486+0000][73][info ][gc,start    ] GC(24) Pause Young (Normal) (G1 Evacuation Pause)
[2025-05-20T17:20:09.488+0000][73][info ][gc,task     ] GC(24) Using 10 workers of 10 for evacuation
[2025-05-20T17:20:09.488+0000][73][debug][gc,age      ] GC(24) Desired survivor size 153092096 bytes, new threshold 15 (max threshold 15)
[2025-05-20T17:20:09.552+0000][73][info ][gc,phases   ] GC(24)   Pre Evacuate Collection Set: 4.10ms
[2025-05-20T17:20:09.553+0000][73][info ][gc,phases   ] GC(24)   Merge Heap Roots: 1.30ms
[2025-05-20T17:20:09.553+0000][73][info ][gc,phases   ] GC(24)   Evacuate Collection Set: 41.55ms
[2025-05-20T17:20:09.553+0000][73][info ][gc,phases   ] GC(24)   Post Evacuate Collection Set: 13.21ms
[2025-05-20T17:20:09.554+0000][73][info ][gc,phases   ] GC(24)   Other: 3.97ms
[2025-05-20T17:20:09.554+0000][73][trace][gc,age      ] GC(24) Age table with threshold 15 (max threshold 15)
[2025-05-20T17:20:09.554+0000][73][trace][gc,age      ] GC(24) - age   1:     871384 bytes,     871384 total
[2025-05-20T17:20:09.555+0000][73][trace][gc,age      ] GC(24) - age   2:     436904 bytes,    1308288 total
[2025-05-20T17:20:09.555+0000][73][trace][gc,age      ] GC(24) - age   3:     132000 bytes,    1440288 total
[2025-05-20T17:20:09.555+0000][73][trace][gc,age      ] GC(24) - age   4:     166088 bytes,    1606376 total
[2025-05-20T17:20:09.556+0000][73][trace][gc,age      ] GC(24) - age   5:     252232 bytes,    1858608 total
[2025-05-20T17:20:09.556+0000][73][trace][gc,age      ] GC(24) - age   6:      81216 bytes,    1939824 total
[2025-05-20T17:20:09.556+0000][73][trace][gc,age      ] GC(24) - age   7:      11184 bytes,    1951008 total
[2025-05-20T17:20:09.556+0000][73][trace][gc,age      ] GC(24) - age   8:    2366488 bytes,    4317496 total
[2025-05-20T17:20:09.557+0000][73][trace][gc,age      ] GC(24) - age   9:    6815456 bytes,   11132952 total
[2025-05-20T17:20:09.557+0000][73][trace][gc,age      ] GC(24) - age  10:     900056 bytes,   12033008 total
[2025-05-20T17:20:09.557+0000][73][info ][gc,heap     ] GC(24) Eden regions: 578->0(578)
[2025-05-20T17:20:09.558+0000][73][info ][gc,heap     ] GC(24) Survivor regions: 4->4(73)
[2025-05-20T17:20:09.558+0000][73][info ][gc,heap     ] GC(24) Old regions: 26->26
[2025-05-20T17:20:09.558+0000][73][info ][gc,heap     ] GC(24) Humongous regions: 0->0
[2025-05-20T17:20:09.559+0000][73][info ][gc,metaspace] GC(24) Metaspace: 148987K(153024K)->148987K(153024K) NonClass: 128900K(131072K)->128900K(131072K) Class: 20087K(21952K)->20087K(21952K)
[2025-05-20T17:20:09.559+0000][73][info ][gc          ] GC(24) Pause Young (Normal) (G1 Evacuation Pause) 2426M->114M(3880M) 72.712ms
[2025-05-20T17:20:09.559+0000][73][info ][gc,cpu      ] GC(24) User=0.52s Sys=0.00s Real=0.08s
[2025-05-20T17:20:09.560+0000][73][info ][safepoint   ] Safepoint "G1CollectForAllocation", Time since last: 94411280 ns, Reaching safepoint: 34463 ns, Cleanup: 6780 ns, At safepoint: 75183643 ns, Total: 75224886 ns
[2025-05-20T17:20:12.815+0000][73][info ][safepoint   ] Safepoint "Cleanup", Time since last: 3255265768 ns, Reaching safepoint: 59228 ns, Cleanup: 15342 ns, At safepoint: 13723 ns, Total: 88293 ns
[2025-05-20T17:20:20.828+0000][73][info ][safepoint   ] Safepoint "Cleanup", Time since last: 8014452592 ns, Reaching safepoint: 25381 ns, Cleanup: 20298 ns, At safepoint: 11355 ns, Total: 57034 ns
[2025-05-20T17:21:25.883+0000][73][info ][safepoint   ] Safepoint "Cleanup", Time since last: 65058699689 ns, Reaching safepoint: 51421 ns, Cleanup: 13481 ns, At safepoint: 11023 ns, Total: 75925 ns
[2025-05-20T17:22:15.897+0000][73][info ][safepoint   ] Safepoint "Cleanup", Time since last: 50014529082 ns, Reaching safepoint: 56701 ns, Cleanup: 12725 ns, At safepoint: 24987 ns, Total: 94413 ns
[2025-05-20T17:22:16.906+0000][73][info ][safepoint   ] Safepoint "Cleanup", Time since last: 1009326993 ns, Reaching safepoint: 21939 ns, Cleanup: 16485 ns, At safepoint: 10724 ns, Total: 49148 ns
[2025-05-20T17:23:18.369+0000][73][info ][safepoint   ] Safepoint "Cleanup", Time since last: 61466628410 ns, Reaching safepoint: 298753 ns, Cleanup: 11979 ns, At safepoint: 69884 ns, Total: 380616 ns
[2025-05-20T17:24:21.396+0000][73][info ][safepoint   ] Safepoint "Cleanup", Time since last: 63031970952 ns, Reaching safepoint: 15542 ns, Cleanup: 10609 ns, At safepoint: 20702 ns, Total: 46853 ns
[2025-05-20T17:25:27.995+0000][73][info ][safepoint   ] Safepoint "Cleanup", Time since last: 66603012830 ns, Reaching safepoint: 29118 ns, Cleanup: 16750 ns, At safepoint: 12935 ns, Total: 58803 ns
[2025-05-20T17:27:30.377+0000][73][info ][safepoint   ] Safepoint "Cleanup", Time since last: 122388156377 ns, Reaching safepoint: 185858 ns, Cleanup: 10765 ns, At safepoint: 56122 ns, Total: 252745 ns
[2025-05-20T17:31:25.800+0000][73][info ][safepoint   ] Safepoint "Cleanup", Time since last: 235437215295 ns, Reaching safepoint: 29193 ns, Cleanup: 16647 ns, At safepoint: 12015 ns, Total: 57855 ns
[2025-05-20T17:31:52.321+0000][73][info ][safepoint   ] Safepoint "Cleanup", Time since last: 26522612786 ns, Reaching safepoint: 25425 ns, Cleanup: 16793 ns, At safepoint: 12540 ns, Total: 54758 ns
[2025-05-20T17:32:45.385+0000][73][info ][safepoint   ] Safepoint "Cleanup", Time since last: 53064940182 ns, Reaching safepoint: 17374 ns, Cleanup: 13012 ns, At safepoint: 6019 ns, Total: 36405 ns
[2025-05-20T17:32:46.431+0000][73][info ][safepoint   ] Safepoint "Cleanup", Time since last: 1046637963 ns, Reaching safepoint: 7550 ns, Cleanup: 13593 ns, At safepoint: 3965 ns, Total: 25108 ns
[2025-05-20T17:32:48.370+0000][73][info ][safepoint   ] Safepoint "Cleanup", Time since last: 1938946619 ns, Reaching safepoint: 8458 ns, Cleanup: 9670 ns, At safepoint: 3893 ns, Total: 22021 ns
[2025-05-20T17:33:22.069+0000][73][info ][safepoint   ] Safepoint "Cleanup", Time since last: 33702965784 ns, Reaching safepoint: 25531 ns, Cleanup: 14904 ns, At safepoint: 11001 ns, Total: 51436 ns
[2025-05-20T17:33:26.071+0000][73][info ][safepoint   ] Safepoint "Cleanup", Time since last: 4001101686 ns, Reaching safepoint: 19522 ns, Cleanup: 13922 ns, At safepoint: 27495 ns, Total: 60939 ns
[2025-05-20T17:33:49.383+0000][73][info ][safepoint   ] Safepoint "Cleanup", Time since last: 23311996074 ns, Reaching safepoint: 29897 ns, Cleanup: 16103 ns, At safepoint: 13179 ns, Total: 59179 ns
[2025-05-20T17:33:50.453+0000][73][info ][safepoint   ] Safepoint "Cleanup", Time since last: 1071622322 ns, Reaching safepoint: 14249 ns, Cleanup: 24326 ns, At safepoint: 20742 ns, Total: 59317 ns
[2025-05-20T17:33:52.457+0000][73][info ][safepoint   ] Safepoint "Cleanup", Time since last: 2004085270 ns, Reaching safepoint: 27124 ns, Cleanup: 15231 ns, At safepoint: 12041 ns, Total: 54396 ns
[2025-05-20T17:34:25.882+0000][73][info ][safepoint   ] Safepoint "Cleanup", Time since last: 33429135344 ns, Reaching safepoint: 28136 ns, Cleanup: 16869 ns, At safepoint: 12440 ns, Total: 57445 ns
[2025-05-20T17:35:54.620+0000][73][info ][safepoint   ] Safepoint "Cleanup", Time since last: 88740524481 ns, Reaching safepoint: 14054 ns, Cleanup: 14108 ns, At safepoint: 15479 ns, Total: 43641 ns
[2025-05-20T17:38:00.366+0000][73][info ][safepoint   ] Safepoint "Cleanup", Time since last: 125752363544 ns, Reaching safepoint: 838337 ns, Cleanup: 14629 ns, At safepoint: 96229 ns, Total: 949195 ns
[2025-05-20T17:39:03.378+0000][73][info ][safepoint   ] Safepoint "Cleanup", Time since last: 63016061374 ns, Reaching safepoint: 13544 ns, Cleanup: 13189 ns, At safepoint: 19588 ns, Total: 46321 ns
[2025-05-20T17:39:18.023+0000][73][info ][safepoint   ] Safepoint "Cleanup", Time since last: 14645443398 ns, Reaching safepoint: 72414 ns, Cleanup: 19333 ns, At safepoint: 18008 ns, Total: 109755 ns
[2025-05-20T17:39:21.024+0000][73][info ][safepoint   ] Safepoint "Cleanup", Time since last: 3001609174 ns, Reaching safepoint: 27889 ns, Cleanup: 17082 ns, At safepoint: 12576 ns, Total: 57547 ns
[2025-05-20T17:39:50.026+0000][73][info ][safepoint   ] Safepoint "Cleanup", Time since last: 29004258572 ns, Reaching safepoint: 48879 ns, Cleanup: 14501 ns, At safepoint: 11223 ns, Total: 74603 ns
[2025-05-20T17:40:17.816+0000][73][info ][safepoint   ] Safepoint "Cleanup", Time since last: 27790252477 ns, Reaching safepoint: 66786 ns, Cleanup: 16438 ns, At safepoint: 16107 ns, Total: 99331 ns
[2025-05-20T17:40:25.816+0000][73][info ][safepoint   ] Safepoint "Cleanup", Time since last: 8001486243 ns, Reaching safepoint: 29564 ns, Cleanup: 15028 ns, At safepoint: 13291 ns, Total: 57883 ns
[2025-05-20T17:40:37.219+0000][73][info ][safepoint   ] Safepoint "Cleanup", Time since last: 11402629297 ns, Reaching safepoint: 15337 ns, Cleanup: 11673 ns, At safepoint: 21845 ns, Total: 48855 ns
[2025-05-20T17:41:25.934+0000][73][info ][safepoint   ] Safepoint "Cleanup", Time since last: 48718686399 ns, Reaching safepoint: 69665 ns, Cleanup: 15779 ns, At safepoint: 18775 ns, Total: 104219 ns
[2025-05-20T17:41:56.937+0000][73][info ][safepoint   ] Safepoint "Cleanup", Time since last: 31004616516 ns, Reaching safepoint: 25568 ns, Cleanup: 15149 ns, At safepoint: 33141 ns, Total: 73858 ns
[2025-05-20T17:43:47.019+0000][73][info ][safepoint   ] Safepoint "Cleanup", Time since last: 110086610511 ns, Reaching safepoint: 76296 ns, Cleanup: 15934 ns, At safepoint: 15573 ns, Total: 107803 ns
[2025-05-20T17:44:26.052+0000][73][info ][safepoint   ] Safepoint "Cleanup", Time since last: 39036816984 ns, Reaching safepoint: 23234 ns, Cleanup: 15165 ns, At safepoint: 9096 ns, Total: 47495 ns
[2025-05-20T17:45:26.086+0000][73][info ][safepoint   ] Safepoint "Cleanup", Time since last: 60037900573 ns, Reaching safepoint: 26571 ns, Cleanup: 15582 ns, At safepoint: 11001 ns, Total: 53154 ns
[2025-05-20T17:46:24.375+0000][73][info ][safepoint   ] Safepoint "Cleanup", Time since last: 58291479529 ns, Reaching safepoint: 122198 ns, Cleanup: 13697 ns, At safepoint: 66073 ns, Total: 201968 ns
[2025-05-20T17:47:51.433+0000][73][info ][safepoint   ] Safepoint "Cleanup", Time since last: 87064555465 ns, Reaching safepoint: 125469 ns, Cleanup: 18140 ns, At safepoint: 55471 ns, Total: 199080 ns
[2025-05-20T17:47:57.291+0000][73][info ][safepoint   ] Safepoint "Cleanup", Time since last: 5857283769 ns, Reaching safepoint: 26102 ns, Cleanup: 15076 ns, At safepoint: 11317 ns, Total: 52495 ns
[2025-05-20T17:49:33.414+0000][73][info ][safepoint   ] Safepoint "Cleanup", Time since last: 96127955771 ns, Reaching safepoint: 13595 ns, Cleanup: 10496 ns, At safepoint: 18408 ns, Total: 42499 ns
[2025-05-20T17:50:25.338+0000][73][info ][safepoint   ] Safepoint "Cleanup", Time since last: 51928406254 ns, Reaching safepoint: 53078 ns, Cleanup: 16371 ns, At safepoint: 10623 ns, Total: 80072 ns
[2025-05-20T17:50:33.592+0000][73][info ][safepoint   ] Safepoint "Cleanup", Time since last: 8253366134 ns, Reaching safepoint: 17377 ns, Cleanup: 11752 ns, At safepoint: 22300 ns, Total: 51429 ns
[2025-05-20T17:51:39.571+0000][73][info ][safepoint   ] Safepoint "Cleanup", Time since last: 65983680553 ns, Reaching safepoint: 14797 ns, Cleanup: 11363 ns, At safepoint: 18764 ns, Total: 44924 ns
[2025-05-20T17:54:48.686+0000][73][info ][safepoint   ] Safepoint "Cleanup", Time since last: 189126205720 ns, Reaching safepoint: 17214 ns, Cleanup: 21381 ns, At safepoint: 90275 ns, Total: 128870 ns
[2025-05-20T17:55:25.480+0000][73][info ][safepoint   ] Safepoint "Cleanup", Time since last: 36797441792 ns, Reaching safepoint: 68597 ns, Cleanup: 16436 ns, At safepoint: 14530 ns, Total: 99563 ns
[2025-05-20T17:56:51.635+0000][73][info ][safepoint   ] Safepoint "Cleanup", Time since last: 86159935172 ns, Reaching safepoint: 29042 ns, Cleanup: 15485 ns, At safepoint: 16396 ns, Total: 60923 ns
[2025-05-20T17:56:54.858+0000][73][info ][safepoint   ] Safepoint "Cleanup", Time since last: 3222701856 ns, Reaching safepoint: 16783 ns, Cleanup: 13555 ns, At safepoint: 20774 ns, Total: 51112 ns
[2025-05-20T17:58:46.568+0000][73][info ][safepoint   ] Safepoint "Cleanup", Time since last: 111716321509 ns, Reaching safepoint: 69829 ns, Cleanup: 13529 ns, At safepoint: 10803 ns, Total: 94161 ns
[2025-05-20T18:00:03.381+0000][73][info ][safepoint   ] Safepoint "Cleanup", Time since last: 76819022988 ns, Reaching safepoint: 7098 ns, Cleanup: 9901 ns, At safepoint: 3620 ns, Total: 20619 ns
[2025-05-20T18:00:04.622+0000][73][info ][safepoint   ] Safepoint "Cleanup", Time since last: 1240410400 ns, Reaching safepoint: 11960 ns, Cleanup: 12900 ns, At safepoint: 21283 ns, Total: 46143 ns
[2025-05-20T18:00:39.380+0000][73][info ][safepoint   ] Safepoint "Cleanup", Time since last: 34759905781 ns, Reaching safepoint: 15939 ns, Cleanup: 10272 ns, At safepoint: 137023 ns, Total: 163234 ns
[2025-05-20T18:01:07.052+0000][73][info ][safepoint   ] Safepoint "Cleanup", Time since last: 27673566855 ns, Reaching safepoint: 13854 ns, Cleanup: 12969 ns, At safepoint: 20021 ns, Total: 46844 ns
[2025-05-20T18:01:52.065+0000][73][info ][safepoint   ] Safepoint "Cleanup", Time since last: 45017114766 ns, Reaching safepoint: 26565 ns, Cleanup: 15213 ns, At safepoint: 11666 ns, Total: 53444 ns
[2025-05-20T18:02:09.427+0000][73][info ][safepoint   ] Safepoint "Cleanup", Time since last: 17361501906 ns, Reaching safepoint: 12804 ns, Cleanup: 10361 ns, At safepoint: 20064 ns, Total: 43229 ns
[2025-05-20T18:02:11.098+0000][73][info ][safepoint   ] Safepoint "Cleanup", Time since last: 1670867994 ns, Reaching safepoint: 30944 ns, Cleanup: 17742 ns, At safepoint: 13833 ns, Total: 62519 ns
[2025-05-20T18:03:12.371+0000][73][info ][safepoint   ] Safepoint "Cleanup", Time since last: 61276763800 ns, Reaching safepoint: 97963 ns, Cleanup: 13235 ns, At safepoint: 74838 ns, Total: 186036 ns
[2025-05-20T18:03:51.141+0000][73][info ][safepoint   ] Safepoint "Cleanup", Time since last: 38773641592 ns, Reaching safepoint: 59019 ns, Cleanup: 14187 ns, At safepoint: 10932 ns, Total: 84138 ns
[2025-05-20T18:04:25.192+0000][73][info ][safepoint   ] Safepoint "Cleanup", Time since last: 34053032433 ns, Reaching safepoint: 27290 ns, Cleanup: 21296 ns, At safepoint: 11632 ns, Total: 60218 ns
[2025-05-20T18:04:26.032+0000][73][info ][gc,start    ] GC(25) Pause Young (Normal) (G1 Evacuation Pause)
[2025-05-20T18:04:26.035+0000][73][info ][gc,task     ] GC(25) Using 10 workers of 10 for evacuation
[2025-05-20T18:04:26.036+0000][73][debug][gc,age      ] GC(25) Desired survivor size 153092096 bytes, new threshold 15 (max threshold 15)
[2025-05-20T18:04:26.070+0000][73][info ][gc,phases   ] GC(25)   Pre Evacuate Collection Set: 2.53ms
[2025-05-20T18:04:26.070+0000][73][info ][gc,phases   ] GC(25)   Merge Heap Roots: 1.49ms
[2025-05-20T18:04:26.071+0000][73][info ][gc,phases   ] GC(25)   Evacuate Collection Set: 24.11ms
[2025-05-20T18:04:26.071+0000][73][info ][gc,phases   ] GC(25)   Post Evacuate Collection Set: 4.90ms
[2025-05-20T18:04:26.073+0000][73][info ][gc,phases   ] GC(25)   Other: 2.43ms
[2025-05-20T18:04:26.074+0000][73][trace][gc,age      ] GC(25) Age table with threshold 15 (max threshold 15)
[2025-05-20T18:04:26.076+0000][73][trace][gc,age      ] GC(25) - age   1:     985720 bytes,     985720 total
[2025-05-20T18:04:26.076+0000][73][trace][gc,age      ] GC(25) - age   2:     112064 bytes,    1097784 total
[2025-05-20T18:04:26.077+0000][73][trace][gc,age      ] GC(25) - age   3:     154576 bytes,    1252360 total
[2025-05-20T18:04:26.077+0000][73][trace][gc,age      ] GC(25) - age   4:     131680 bytes,    1384040 total
[2025-05-20T18:04:26.077+0000][73][trace][gc,age      ] GC(25) - age   5:     165520 bytes,    1549560 total
[2025-05-20T18:04:26.078+0000][73][trace][gc,age      ] GC(25) - age   6:     251832 bytes,    1801392 total
[2025-05-20T18:04:26.078+0000][73][trace][gc,age      ] GC(25) - age   7:      80904 bytes,    1882296 total
[2025-05-20T18:04:26.078+0000][73][trace][gc,age      ] GC(25) - age   8:      11184 bytes,    1893480 total
[2025-05-20T18:04:26.078+0000][73][trace][gc,age      ] GC(25) - age   9:    2366368 bytes,    4259848 total
[2025-05-20T18:04:26.079+0000][73][trace][gc,age      ] GC(25) - age  10:    6798992 bytes,   11058840 total
[2025-05-20T18:04:26.079+0000][73][trace][gc,age      ] GC(25) - age  11:     899944 bytes,   11958784 total
[2025-05-20T18:04:26.079+0000][73][info ][gc,heap     ] GC(25) Eden regions: 578->0(578)
[2025-05-20T18:04:26.080+0000][73][info ][gc,heap     ] GC(25) Survivor regions: 4->4(73)
[2025-05-20T18:04:26.080+0000][73][info ][gc,heap     ] GC(25) Old regions: 26->26
[2025-05-20T18:04:26.080+0000][73][info ][gc,heap     ] GC(25) Humongous regions: 0->0
[2025-05-20T18:04:26.080+0000][73][info ][gc,metaspace] GC(25) Metaspace: 149088K(153088K)->149088K(153088K) NonClass: 129001K(131136K)->129001K(131136K) Class: 20087K(21952K)->20087K(21952K)
[2025-05-20T18:04:26.081+0000][73][info ][gc          ] GC(25) Pause Young (Normal) (G1 Evacuation Pause) 2426M->114M(3880M) 48.702ms
[2025-05-20T18:04:26.082+0000][73][info ][gc,cpu      ] GC(25) User=0.26s Sys=0.01s Real=0.05s
[2025-05-20T18:04:26.083+0000][73][info ][safepoint   ] Safepoint "G1CollectForAllocation", Time since last: 839571721 ns, Reaching safepoint: 23509 ns, Cleanup: 5885 ns, At safepoint: 50855321 ns, Total: 50884715 ns
[2025-05-20T18:06:25.320+0000][73][info ][safepoint   ] Safepoint "Cleanup", Time since last: 119246120310 ns, Reaching safepoint: 34573 ns, Cleanup: 21535 ns, At safepoint: 14380 ns, Total: 70488 ns
[2025-05-20T18:07:24.389+0000][73][info ][safepoint   ] Safepoint "Cleanup", Time since last: 59071384551 ns, Reaching safepoint: 37550 ns, Cleanup: 11906 ns, At safepoint: 32327 ns, Total: 81783 ns
[2025-05-20T18:07:26.350+0000][73][info ][safepoint   ] Safepoint "Cleanup", Time since last: 1960157724 ns, Reaching safepoint: 25042 ns, Cleanup: 22353 ns, At safepoint: 10922 ns, Total: 58317 ns
[2025-05-20T18:08:26.854+0000][73][info ][safepoint   ] Safepoint "Cleanup", Time since last: 60508363947 ns, Reaching safepoint: 21498 ns, Cleanup: 13764 ns, At safepoint: 9768 ns, Total: 45030 ns
[2025-05-20T18:11:51.600+0000][73][info ][safepoint   ] Safepoint "Cleanup", Time since last: 204758013119 ns, Reaching safepoint: 36461 ns, Cleanup: 16338 ns, At safepoint: 12359 ns, Total: 65158 ns
[2025-05-20T18:16:51.894+0000][73][info ][safepoint   ] Safepoint "Cleanup", Time since last: 300312303711 ns, Reaching safepoint: 23801 ns, Cleanup: 12292 ns, At safepoint: 32826 ns, Total: 68919 ns
[2025-05-20T18:22:06.398+0000][73][info ][safepoint   ] Safepoint "Cleanup", Time since last: 314521335931 ns, Reaching safepoint: 93336 ns, Cleanup: 8696 ns, At safepoint: 30039 ns, Total: 132071 ns
[2025-05-20T18:22:08.163+0000][73][info ][safepoint   ] Safepoint "Cleanup", Time since last: 1764804170 ns, Reaching safepoint: 28402 ns, Cleanup: 17776 ns, At safepoint: 13436 ns, Total: 59614 ns
[2025-05-20T18:24:37.236+0000][73][info ][safepoint   ] Safepoint "Cleanup", Time since last: 149081937771 ns, Reaching safepoint: 88712 ns, Cleanup: 16115 ns, At safepoint: 11869 ns, Total: 116696 ns
[2025-05-20T18:24:42.237+0000][73][info ][safepoint   ] Safepoint "Cleanup", Time since last: 5001192879 ns, Reaching safepoint: 29480 ns, Cleanup: 15456 ns, At safepoint: 9531 ns, Total: 54467 ns
[2025-05-20T18:26:18.366+0000][73][info ][safepoint   ] Safepoint "Cleanup", Time since last: 96133755591 ns, Reaching safepoint: 121921 ns, Cleanup: 11101 ns, At safepoint: 74871 ns, Total: 207893 ns
[2025-05-20T18:26:19.366+0000][73][info ][safepoint   ] Safepoint "Cleanup", Time since last: 1000147678 ns, Reaching safepoint: 7139 ns, Cleanup: 8898 ns, At safepoint: 3488 ns, Total: 19525 ns
[2025-05-20T18:29:01.427+0000][73][info ][safepoint   ] Safepoint "Cleanup", Time since last: 162071122651 ns, Reaching safepoint: 61409 ns, Cleanup: 14727 ns, At safepoint: 12027 ns, Total: 88163 ns
[2025-05-20T18:29:27.387+0000][73][info ][safepoint   ] Safepoint "Cleanup", Time since last: 25960980860 ns, Reaching safepoint: 986495 ns, Cleanup: 14873 ns, At safepoint: 90147 ns, Total: 1091515 ns
[2025-05-20T18:30:25.486+0000][73][info ][safepoint   ] Safepoint "Cleanup", Time since last: 58103308874 ns, Reaching safepoint: 65764 ns, Cleanup: 16388 ns, At safepoint: 11230 ns, Total: 93382 ns
[2025-05-20T18:31:25.554+0000][73][info ][safepoint   ] Safepoint "Cleanup", Time since last: 60070437861 ns, Reaching safepoint: 92924 ns, Cleanup: 33965 ns, At safepoint: 15295 ns, Total: 142184 ns
[2025-05-20T18:32:48.611+0000][73][info ][safepoint   ] Safepoint "Cleanup", Time since last: 83060260267 ns, Reaching safepoint: 16831 ns, Cleanup: 16048 ns, At safepoint: 23297 ns, Total: 56176 ns
[2025-05-20T18:32:49.630+0000][73][info ][safepoint   ] Safepoint "Cleanup", Time since last: 1019150364 ns, Reaching safepoint: 16029 ns, Cleanup: 12182 ns, At safepoint: 19460 ns, Total: 47671 ns
[2025-05-20T18:32:50.638+0000][73][info ][safepoint   ] Safepoint "Cleanup", Time since last: 1009792333 ns, Reaching safepoint: 19370 ns, Cleanup: 14161 ns, At safepoint: 9518 ns, Total: 43049 ns
[2025-05-20T18:32:57.692+0000][73][info ][safepoint   ] Safepoint "Cleanup", Time since last: 7054344955 ns, Reaching safepoint: 22963 ns, Cleanup: 10410 ns, At safepoint: 4122 ns, Total: 37495 ns
[2025-05-20T18:33:18.593+0000][73][info ][safepoint   ] Safepoint "Cleanup", Time since last: 20900315623 ns, Reaching safepoint: 12809 ns, Cleanup: 9158 ns, At safepoint: 15788 ns, Total: 37755 ns
[2025-05-20T18:33:39.404+0000][73][info ][safepoint   ] Safepoint "Cleanup", Time since last: 20813279551 ns, Reaching safepoint: 15422 ns, Cleanup: 8094 ns, At safepoint: 49600 ns, Total: 73116 ns
[2025-05-20T18:33:40.736+0000][73][info ][safepoint   ] Safepoint "Cleanup", Time since last: 1331440486 ns, Reaching safepoint: 14916 ns, Cleanup: 11551 ns, At safepoint: 6200 ns, Total: 32667 ns
[2025-05-20T18:33:45.741+0000][73][info ][safepoint   ] Safepoint "Cleanup", Time since last: 5005426632 ns, Reaching safepoint: 18032 ns, Cleanup: 13009 ns, At safepoint: 24790 ns, Total: 55831 ns
[2025-05-20T18:34:03.748+0000][73][info ][safepoint   ] Safepoint "Cleanup", Time since last: 18008340309 ns, Reaching safepoint: 60498 ns, Cleanup: 16050 ns, At safepoint: 14695 ns, Total: 91243 ns
[2025-05-20T18:34:41.605+0000][73][info ][safepoint   ] Safepoint "Cleanup", Time since last: 37858688313 ns, Reaching safepoint: 85376 ns, Cleanup: 16787 ns, At safepoint: 16338 ns, Total: 118501 ns
[2025-05-20T18:35:25.631+0000][73][info ][safepoint   ] Safepoint "Cleanup", Time since last: 44029514434 ns, Reaching safepoint: 69040 ns, Cleanup: 19588 ns, At safepoint: 15161 ns, Total: 103789 ns
[2025-05-20T18:36:00.808+0000][73][info ][safepoint   ] Safepoint "Cleanup", Time since last: 35179412378 ns, Reaching safepoint: 20238 ns, Cleanup: 17866 ns, At safepoint: 13257 ns, Total: 51361 ns
[2025-05-20T18:36:37.393+0000][73][info ][safepoint   ] Safepoint "Cleanup", Time since last: 36587200597 ns, Reaching safepoint: 26183 ns, Cleanup: 17076 ns, At safepoint: 11505 ns, Total: 54764 ns
[2025-05-20T18:36:48.878+0000][73][info ][safepoint   ] Safepoint "Cleanup", Time since last: 11484374697 ns, Reaching safepoint: 116848 ns, Cleanup: 11278 ns, At safepoint: 65756 ns, Total: 193882 ns
[2025-05-20T18:38:54.395+0000][73][info ][safepoint   ] Safepoint "Cleanup", Time since last: 125526986222 ns, Reaching safepoint: 15301 ns, Cleanup: 12045 ns, At safepoint: 22828 ns, Total: 50174 ns
[2025-05-20T18:39:57.393+0000][73][info ][safepoint   ] Safepoint "Cleanup", Time since last: 63002405668 ns, Reaching safepoint: 15562 ns, Cleanup: 10637 ns, At safepoint: 34500 ns, Total: 60699 ns
[2025-05-20T18:41:00.369+0000][73][info ][safepoint   ] Safepoint "Cleanup", Time since last: 62979882037 ns, Reaching safepoint: 6975 ns, Cleanup: 10044 ns, At safepoint: 15032 ns, Total: 32051 ns
[2025-05-20T18:45:13.109+0000][73][info ][safepoint   ] Safepoint "Cleanup", Time since last: 252755135562 ns, Reaching safepoint: 8639 ns, Cleanup: 8769 ns, At safepoint: 3616 ns, Total: 21024 ns
[2025-05-20T18:48:48.379+0000][73][info ][safepoint   ] Safepoint "Cleanup", Time since last: 215284256424 ns, Reaching safepoint: 156604 ns, Cleanup: 20057 ns, At safepoint: 94651 ns, Total: 271312 ns
[2025-05-20T18:48:50.256+0000][73][info ][safepoint   ] Safepoint "Cleanup", Time since last: 1878319251 ns, Reaching safepoint: 25252 ns, Cleanup: 17643 ns, At safepoint: 10367 ns, Total: 53262 ns
[2025-05-20T18:49:25.266+0000][73][info ][safepoint   ] Safepoint "Cleanup", Time since last: 35012833564 ns, Reaching safepoint: 17649 ns, Cleanup: 23531 ns, At safepoint: 5879 ns, Total: 47059 ns
[2025-05-20T18:49:43.278+0000][73][info ][safepoint   ] Safepoint "Cleanup", Time since last: 18011627197 ns, Reaching safepoint: 29421 ns, Cleanup: 18381 ns, At safepoint: 12988 ns, Total: 60790 ns
[2025-05-20T18:50:15.348+0000][73][info ][gc,start    ] GC(26) Pause Young (Normal) (G1 Evacuation Pause)
[2025-05-20T18:50:15.351+0000][73][info ][gc,task     ] GC(26) Using 10 workers of 10 for evacuation
[2025-05-20T18:50:15.352+0000][73][debug][gc,age      ] GC(26) Desired survivor size 153092096 bytes, new threshold 15 (max threshold 15)
[2025-05-20T18:50:15.389+0000][73][info ][gc,phases   ] GC(26)   Pre Evacuate Collection Set: 5.24ms
[2025-05-20T18:50:15.389+0000][73][info ][gc,phases   ] GC(26)   Merge Heap Roots: 1.63ms
[2025-05-20T18:50:15.390+0000][73][info ][gc,phases   ] GC(26)   Evacuate Collection Set: 22.81ms
[2025-05-20T18:50:15.391+0000][73][info ][gc,phases   ] GC(26)   Post Evacuate Collection Set: 5.72ms
[2025-05-20T18:50:15.391+0000][73][info ][gc,phases   ] GC(26)   Other: 3.06ms
[2025-05-20T18:50:15.392+0000][73][trace][gc,age      ] GC(26) Age table with threshold 15 (max threshold 15)
[2025-05-20T18:50:15.392+0000][73][trace][gc,age      ] GC(26) - age   1:    2382152 bytes,    2382152 total
[2025-05-20T18:50:15.392+0000][73][trace][gc,age      ] GC(26) - age   2:     186080 bytes,    2568232 total
[2025-05-20T18:50:15.393+0000][73][trace][gc,age      ] GC(26) - age   3:     107912 bytes,    2676144 total
[2025-05-20T18:50:15.394+0000][73][trace][gc,age      ] GC(26) - age   4:     153744 bytes,    2829888 total
[2025-05-20T18:50:15.395+0000][73][trace][gc,age      ] GC(26) - age   5:     131520 bytes,    2961408 total
[2025-05-20T18:50:15.395+0000][73][trace][gc,age      ] GC(26) - age   6:     165440 bytes,    3126848 total
[2025-05-20T18:50:15.396+0000][73][trace][gc,age      ] GC(26) - age   7:     251792 bytes,    3378640 total
[2025-05-20T18:50:15.396+0000][73][trace][gc,age      ] GC(26) - age   8:      80904 bytes,    3459544 total
[2025-05-20T18:50:15.396+0000][73][trace][gc,age      ] GC(26) - age   9:      11184 bytes,    3470728 total
[2025-05-20T18:50:15.397+0000][73][trace][gc,age      ] GC(26) - age  10:    2365968 bytes,    5836696 total
[2025-05-20T18:50:15.397+0000][73][trace][gc,age      ] GC(26) - age  11:    6795776 bytes,   12632472 total
[2025-05-20T18:50:15.397+0000][73][trace][gc,age      ] GC(26) - age  12:     899664 bytes,   13532136 total
[2025-05-20T18:50:15.398+0000][73][info ][gc,heap     ] GC(26) Eden regions: 578->0(578)
[2025-05-20T18:50:15.398+0000][73][info ][gc,heap     ] GC(26) Survivor regions: 4->4(73)
[2025-05-20T18:50:15.398+0000][73][info ][gc,heap     ] GC(26) Old regions: 26->26
[2025-05-20T18:50:15.399+0000][73][info ][gc,heap     ] GC(26) Humongous regions: 0->0
[2025-05-20T18:50:15.399+0000][73][info ][gc,metaspace] GC(26) Metaspace: 149164K(153216K)->149164K(153216K) NonClass: 129077K(131264K)->129077K(131264K) Class: 20087K(21952K)->20087K(21952K)
[2025-05-20T18:50:15.400+0000][73][info ][gc          ] GC(26) Pause Young (Normal) (G1 Evacuation Pause) 2426M->116M(3880M) 51.893ms
[2025-05-20T18:50:15.400+0000][73][info ][gc,cpu      ] GC(26) User=0.29s Sys=0.00s Real=0.05s
[2025-05-20T18:50:15.400+0000][73][info ][safepoint   ] Safepoint "G1CollectForAllocation", Time since last: 32070986627 ns, Reaching safepoint: 24126 ns, Cleanup: 5629 ns, At safepoint: 53088024 ns, Total: 53117779 ns
[2025-05-20T18:51:31.398+0000][73][info ][safepoint   ] Safepoint "Cleanup", Time since last: 76003007388 ns, Reaching safepoint: 457176 ns, Cleanup: 14028 ns, At safepoint: 154899 ns, Total: 626103 ns
[2025-05-20T18:51:32.409+0000][73][info ][safepoint   ] Safepoint "Cleanup", Time since last: 1010688877 ns, Reaching safepoint: 7508 ns, Cleanup: 14752 ns, At safepoint: 4048 ns, Total: 26308 ns
[2025-05-20T18:52:25.102+0000][73][info ][safepoint   ] Safepoint "Cleanup", Time since last: 52696939880 ns, Reaching safepoint: 58133 ns, Cleanup: 15784 ns, At safepoint: 16294 ns, Total: 90211 ns
[2025-05-20T18:52:47.433+0000][73][info ][safepoint   ] Safepoint "Cleanup", Time since last: 22331290004 ns, Reaching safepoint: 26984 ns, Cleanup: 18849 ns, At safepoint: 12810 ns, Total: 58643 ns
[2025-05-20T18:54:26.158+0000][73][info ][safepoint   ] Safepoint "Cleanup", Time since last: 98732415223 ns, Reaching safepoint: 126618 ns, Cleanup: 20976 ns, At safepoint: 13886 ns, Total: 161480 ns
[2025-05-20T18:55:16.185+0000][73][info ][safepoint   ] Safepoint "Cleanup", Time since last: 50029524233 ns, Reaching safepoint: 89343 ns, Cleanup: 15842 ns, At safepoint: 15016 ns, Total: 120201 ns
[2025-05-20T18:58:51.648+0000][73][info ][safepoint   ] Safepoint "Cleanup", Time since last: 215478211069 ns, Reaching safepoint: 22018 ns, Cleanup: 11566 ns, At safepoint: 19417 ns, Total: 53001 ns
[2025-05-20T18:59:16.300+0000][73][info ][safepoint   ] Safepoint "Cleanup", Time since last: 24651891253 ns, Reaching safepoint: 21433 ns, Cleanup: 14541 ns, At safepoint: 9410 ns, Total: 45384 ns
[2025-05-20T18:59:54.676+0000][73][info ][safepoint   ] Safepoint "Cleanup", Time since last: 38379067093 ns, Reaching safepoint: 93536 ns, Cleanup: 11316 ns, At safepoint: 26640 ns, Total: 131492 ns
[2025-05-20T19:01:38.035+0000][73][info ][safepoint   ] Safepoint "Cleanup", Time since last: 103364244304 ns, Reaching safepoint: 177444 ns, Cleanup: 21049 ns, At safepoint: 163288 ns, Total: 361781 ns
[2025-05-20T19:04:25.873+0000][73][info ][safepoint   ] Safepoint "Cleanup", Time since last: 167848945412 ns, Reaching safepoint: 75963 ns, Cleanup: 16646 ns, At safepoint: 18002 ns, Total: 110611 ns
[2025-05-20T19:06:12.929+0000][73][info ][safepoint   ] Safepoint "Cleanup", Time since last: 107061335017 ns, Reaching safepoint: 20025 ns, Cleanup: 13727 ns, At safepoint: 23355 ns, Total: 57107 ns
[2025-05-20T19:06:30.976+0000][73][info ][safepoint   ] Safepoint "Cleanup", Time since last: 18049430293 ns, Reaching safepoint: 26985 ns, Cleanup: 17488 ns, At safepoint: 11250 ns, Total: 55723 ns
[2025-05-20T19:07:11.528+0000][73][info ][safepoint   ] Safepoint "Cleanup", Time since last: 40553920178 ns, Reaching safepoint: 18981 ns, Cleanup: 12872 ns, At safepoint: 20877 ns, Total: 52730 ns
[2025-05-20T19:07:25.011+0000][73][info ][safepoint   ] Safepoint "Cleanup", Time since last: 13484409816 ns, Reaching safepoint: 26413 ns, Cleanup: 14851 ns, At safepoint: 12134 ns, Total: 53398 ns
[2025-05-20T19:14:57.238+0000][73][info ][safepoint   ] Safepoint "Cleanup", Time since last: 452253585139 ns, Reaching safepoint: 77148 ns, Cleanup: 16892 ns, At safepoint: 16346 ns, Total: 110386 ns
[2025-05-20T19:15:39.382+0000][73][info ][safepoint   ] Safepoint "Cleanup", Time since last: 42145839841 ns, Reaching safepoint: 553585 ns, Cleanup: 13367 ns, At safepoint: 67415 ns, Total: 634367 ns
[2025-05-20T19:16:24.367+0000][73][info ][safepoint   ] Safepoint "Cleanup", Time since last: 44987949043 ns, Reaching safepoint: 16714 ns, Cleanup: 12806 ns, At safepoint: 22989 ns, Total: 52509 ns
[2025-05-20T19:16:52.362+0000][73][info ][safepoint   ] Safepoint "Cleanup", Time since last: 27997056034 ns, Reaching safepoint: 20522 ns, Cleanup: 14910 ns, At safepoint: 10972 ns, Total: 46404 ns
[2025-05-20T19:17:57.424+0000][73][info ][safepoint   ] Safepoint "Cleanup", Time since last: 65064567783 ns, Reaching safepoint: 15967 ns, Cleanup: 12107 ns, At safepoint: 39369 ns, Total: 67443 ns
[2025-05-20T19:20:24.911+0000][73][info ][safepoint   ] Safepoint "Cleanup", Time since last: 147496551012 ns, Reaching safepoint: 61057 ns, Cleanup: 15235 ns, At safepoint: 11935 ns, Total: 88227 ns
[2025-05-20T19:20:40.914+0000][73][info ][safepoint   ] Safepoint "Cleanup", Time since last: 16002484876 ns, Reaching safepoint: 28241 ns, Cleanup: 14328 ns, At safepoint: 11993 ns, Total: 54562 ns
[2025-05-20T19:20:54.588+0000][73][info ][safepoint   ] Safepoint "Cleanup", Time since last: 13675305271 ns, Reaching safepoint: 16173 ns, Cleanup: 15647 ns, At safepoint: 19199 ns, Total: 51019 ns
[2025-05-20T19:21:24.938+0000][73][info ][safepoint   ] Safepoint "Cleanup", Time since last: 30351831793 ns, Reaching safepoint: 59006 ns, Cleanup: 14731 ns, At safepoint: 34122 ns, Total: 107859 ns
[2025-05-20T19:21:31.631+0000][73][info ][safepoint   ] Safepoint "Cleanup", Time since last: 6693454713 ns, Reaching safepoint: 25244 ns, Cleanup: 96451 ns, At safepoint: 12392 ns, Total: 134087 ns
[2025-05-20T19:21:33.383+0000][73][info ][safepoint   ] Safepoint "Cleanup", Time since last: 1751901885 ns, Reaching safepoint: 15184 ns, Cleanup: 11774 ns, At safepoint: 22000 ns, Total: 48958 ns
[2025-05-20T19:21:51.679+0000][73][info ][safepoint   ] Safepoint "Cleanup", Time since last: 18297835686 ns, Reaching safepoint: 19017 ns, Cleanup: 15454 ns, At safepoint: 9270 ns, Total: 43741 ns
[2025-05-20T19:21:57.538+0000][73][info ][safepoint   ] Safepoint "Cleanup", Time since last: 5858085569 ns, Reaching safepoint: 122529 ns, Cleanup: 46659 ns, At safepoint: 69346 ns, Total: 238534 ns
[2025-05-20T19:22:06.381+0000][73][info ][safepoint   ] Safepoint "Cleanup", Time since last: 8843485988 ns, Reaching safepoint: 14853 ns, Cleanup: 11333 ns, At safepoint: 37983 ns, Total: 64169 ns
[2025-05-20T19:22:12.965+0000][73][info ][safepoint   ] Safepoint "Cleanup", Time since last: 6583552319 ns, Reaching safepoint: 20644 ns, Cleanup: 14385 ns, At safepoint: 9937 ns, Total: 44966 ns
[2025-05-20T19:26:30.883+0000][73][info ][safepoint   ] Safepoint "Cleanup", Time since last: 257934236434 ns, Reaching safepoint: 13997 ns, Cleanup: 13755 ns, At safepoint: 21107 ns, Total: 48859 ns
[2025-05-20T19:26:36.359+0000][73][info ][safepoint   ] Safepoint "Cleanup", Time since last: 5475752797 ns, Reaching safepoint: 15421 ns, Cleanup: 13000 ns, At safepoint: 21789 ns, Total: 50210 ns
[2025-05-20T19:26:51.936+0000][73][info ][safepoint   ] Safepoint "Cleanup", Time since last: 15578395125 ns, Reaching safepoint: 20479 ns, Cleanup: 16220 ns, At safepoint: 9203 ns, Total: 45902 ns
[2025-05-20T19:27:03.938+0000][73][info ][safepoint   ] Safepoint "Cleanup", Time since last: 12002187391 ns, Reaching safepoint: 58329 ns, Cleanup: 18176 ns, At safepoint: 14754 ns, Total: 91259 ns
[2025-05-20T19:30:22.062+0000][73][info ][safepoint   ] Safepoint "Cleanup", Time since last: 198136072862 ns, Reaching safepoint: 7803 ns, Cleanup: 12345 ns, At safepoint: 3636 ns, Total: 23784 ns
[2025-05-20T19:30:47.085+0000][73][info ][safepoint   ] Safepoint "Cleanup", Time since last: 25023569751 ns, Reaching safepoint: 78868 ns, Cleanup: 17714 ns, At safepoint: 15034 ns, Total: 111616 ns
[2025-05-20T19:30:53.085+0000][73][info ][safepoint   ] Safepoint "Cleanup", Time since last: 6001349635 ns, Reaching safepoint: 28947 ns, Cleanup: 15495 ns, At safepoint: 12764 ns, Total: 57206 ns
[2025-05-20T19:32:51.391+0000][73][info ][safepoint   ] Safepoint "Cleanup", Time since last: 118313006196 ns, Reaching safepoint: 367511 ns, Cleanup: 16254 ns, At safepoint: 63351 ns, Total: 447116 ns
[2025-05-20T19:32:53.247+0000][73][info ][safepoint   ] Safepoint "Cleanup", Time since last: 1856452754 ns, Reaching safepoint: 30695 ns, Cleanup: 30044 ns, At safepoint: 22994 ns, Total: 83733 ns
[2025-05-20T19:32:56.288+0000][73][info ][safepoint   ] Safepoint "Cleanup", Time since last: 3040271647 ns, Reaching safepoint: 26907 ns, Cleanup: 16233 ns, At safepoint: 11861 ns, Total: 55001 ns
[2025-05-20T19:32:57.813+0000][73][info ][safepoint   ] Safepoint "Cleanup", Time since last: 1525653679 ns, Reaching safepoint: 27740 ns, Cleanup: 14505 ns, At safepoint: 12600 ns, Total: 54845 ns
[2025-05-20T19:33:01.298+0000][73][info ][safepoint   ] Safepoint "Cleanup", Time since last: 3484270409 ns, Reaching safepoint: 8438 ns, Cleanup: 11200 ns, At safepoint: 3929 ns, Total: 23567 ns
[2025-05-20T19:33:17.271+0000][73][info ][safepoint   ] Safepoint "Cleanup", Time since last: 15973096706 ns, Reaching safepoint: 27248 ns, Cleanup: 14425 ns, At safepoint: 11361 ns, Total: 53034 ns
[2025-05-20T19:33:18.846+0000][73][info ][safepoint   ] Safepoint "Cleanup", Time since last: 1575284542 ns, Reaching safepoint: 29186 ns, Cleanup: 15119 ns, At safepoint: 12189 ns, Total: 56494 ns
[2025-05-20T19:33:24.846+0000][73][info ][safepoint   ] Safepoint "Cleanup", Time since last: 6001244817 ns, Reaching safepoint: 27216 ns, Cleanup: 18544 ns, At safepoint: 12484 ns, Total: 58244 ns
[2025-05-20T19:33:30.449+0000][73][info ][safepoint   ] Safepoint "Cleanup", Time since last: 5603380206 ns, Reaching safepoint: 14720 ns, Cleanup: 11240 ns, At safepoint: 20573 ns, Total: 46533 ns
[2025-05-20T19:33:58.355+0000][73][info ][safepoint   ] Safepoint "Cleanup", Time since last: 27906912186 ns, Reaching safepoint: 98931 ns, Cleanup: 12586 ns, At safepoint: 23633 ns, Total: 135150 ns
[2025-05-20T19:36:10.878+0000][73][info ][gc,start    ] GC(27) Pause Young (Normal) (G1 Evacuation Pause)
[2025-05-20T19:36:10.880+0000][73][info ][gc,task     ] GC(27) Using 10 workers of 10 for evacuation
[2025-05-20T19:36:10.881+0000][73][debug][gc,age      ] GC(27) Desired survivor size 153092096 bytes, new threshold 15 (max threshold 15)
[2025-05-20T19:36:10.916+0000][73][info ][gc,phases   ] GC(27)   Pre Evacuate Collection Set: 1.98ms
[2025-05-20T19:36:10.916+0000][73][info ][gc,phases   ] GC(27)   Merge Heap Roots: 1.01ms
[2025-05-20T19:36:10.916+0000][73][info ][gc,phases   ] GC(27)   Evacuate Collection Set: 24.82ms
[2025-05-20T19:36:10.917+0000][73][info ][gc,phases   ] GC(27)   Post Evacuate Collection Set: 5.99ms
[2025-05-20T19:36:10.917+0000][73][info ][gc,phases   ] GC(27)   Other: 2.35ms
[2025-05-20T19:36:10.918+0000][73][trace][gc,age      ] GC(27) Age table with threshold 15 (max threshold 15)
[2025-05-20T19:36:10.918+0000][73][trace][gc,age      ] GC(27) - age   1:    1347296 bytes,    1347296 total
[2025-05-20T19:36:10.918+0000][73][trace][gc,age      ] GC(27) - age   2:    1255336 bytes,    2602632 total
[2025-05-20T19:36:10.919+0000][73][trace][gc,age      ] GC(27) - age   3:     118928 bytes,    2721560 total
[2025-05-20T19:36:10.920+0000][73][trace][gc,age      ] GC(27) - age   4:     107080 bytes,    2828640 total
[2025-05-20T19:36:10.920+0000][73][trace][gc,age      ] GC(27) - age   5:     152800 bytes,    2981440 total
[2025-05-20T19:36:10.920+0000][73][trace][gc,age      ] GC(27) - age   6:     131456 bytes,    3112896 total
[2025-05-20T19:36:10.920+0000][73][trace][gc,age      ] GC(27) - age   7:     165128 bytes,    3278024 total
[2025-05-20T19:36:10.921+0000][73][trace][gc,age      ] GC(27) - age   8:     251792 bytes,    3529816 total
[2025-05-20T19:36:10.921+0000][73][trace][gc,age      ] GC(27) - age   9:      80784 bytes,    3610600 total
[2025-05-20T19:36:10.921+0000][73][trace][gc,age      ] GC(27) - age  10:      11184 bytes,    3621784 total
[2025-05-20T19:36:10.922+0000][73][trace][gc,age      ] GC(27) - age  11:    2364368 bytes,    5986152 total
[2025-05-20T19:36:10.922+0000][73][trace][gc,age      ] GC(27) - age  12:    6795736 bytes,   12781888 total
[2025-05-20T19:36:10.922+0000][73][trace][gc,age      ] GC(27) - age  13:     899568 bytes,   13681456 total
[2025-05-20T19:36:10.923+0000][73][info ][gc,heap     ] GC(27) Eden regions: 578->0(578)
[2025-05-20T19:36:10.923+0000][73][info ][gc,heap     ] GC(27) Survivor regions: 4->4(73)
[2025-05-20T19:36:10.923+0000][73][info ][gc,heap     ] GC(27) Old regions: 26->26
[2025-05-20T19:36:10.923+0000][73][info ][gc,heap     ] GC(27) Humongous regions: 0->0
[2025-05-20T19:36:10.924+0000][73][info ][gc,metaspace] GC(27) Metaspace: 149213K(153280K)->149213K(153280K) NonClass: 129126K(131328K)->129126K(131328K) Class: 20087K(21952K)->20087K(21952K)
[2025-05-20T19:36:10.924+0000][73][info ][gc          ] GC(27) Pause Young (Normal) (G1 Evacuation Pause) 2428M->116M(3880M) 46.148ms
[2025-05-20T19:36:10.925+0000][73][info ][gc,cpu      ] GC(27) User=0.22s Sys=0.02s Real=0.05s
[2025-05-20T19:36:10.925+0000][73][info ][safepoint   ] Safepoint "G1CollectForAllocation", Time since last: 132530125303 ns, Reaching safepoint: 31388 ns, Cleanup: 6061 ns, At safepoint: 47278677 ns, Total: 47316126 ns
[2025-05-20T19:36:37.395+0000][73][info ][safepoint   ] Safepoint "Cleanup", Time since last: 26471294604 ns, Reaching safepoint: 28997 ns, Cleanup: 18664 ns, At safepoint: 13602 ns, Total: 61263 ns
[2025-05-20T19:37:07.382+0000][73][info ][safepoint   ] Safepoint "Cleanup", Time since last: 29988768018 ns, Reaching safepoint: 10594 ns, Cleanup: 12926 ns, At safepoint: 16304 ns, Total: 39824 ns
[2025-05-20T19:37:35.384+0000][73][info ][safepoint   ] Safepoint "Cleanup", Time since last: 28004206460 ns, Reaching safepoint: 73702 ns, Cleanup: 17763 ns, At safepoint: 13772 ns, Total: 105237 ns
[2025-05-20T19:38:45.374+0000][73][info ][safepoint   ] Safepoint "Cleanup", Time since last: 69993455714 ns, Reaching safepoint: 88882 ns, Cleanup: 21125 ns, At safepoint: 34837 ns, Total: 144844 ns
[2025-05-20T19:39:34.441+0000][73][info ][safepoint   ] Safepoint "Cleanup", Time since last: 49070342717 ns, Reaching safepoint: 63819 ns, Cleanup: 16044 ns, At safepoint: 15814 ns, Total: 95677 ns
[2025-05-20T19:39:48.365+0000][73][info ][safepoint   ] Safepoint "Cleanup", Time since last: 13924113754 ns, Reaching safepoint: 7970 ns, Cleanup: 11308 ns, At safepoint: 5411 ns, Total: 24689 ns
[2025-05-20T19:44:00.919+0000][73][info ][safepoint   ] Safepoint "Cleanup", Time since last: 252569902058 ns, Reaching safepoint: 57128 ns, Cleanup: 10678 ns, At safepoint: 20544 ns, Total: 88350 ns
[2025-05-20T19:49:25.440+0000][73][info ][safepoint   ] Safepoint "Cleanup", Time since last: 324540381866 ns, Reaching safepoint: 33267 ns, Cleanup: 118784 ns, At safepoint: 31307 ns, Total: 183358 ns
[2025-05-20T19:50:18.420+0000][73][info ][safepoint   ] Safepoint "Cleanup", Time since last: 52983809766 ns, Reaching safepoint: 18598 ns, Cleanup: 103048 ns, At safepoint: 55377 ns, Total: 177023 ns
[2025-05-20T19:51:22.420+0000][73][info ][safepoint   ] Safepoint "Cleanup", Time since last: 64003697981 ns, Reaching safepoint: 25798 ns, Cleanup: 14377 ns, At safepoint: 12878 ns, Total: 53053 ns
[2025-05-20T19:51:45.373+0000][73][info ][safepoint   ] Safepoint "Cleanup", Time since last: 22953095962 ns, Reaching safepoint: 9321 ns, Cleanup: 9735 ns, At safepoint: 14532 ns, Total: 33588 ns
[2025-05-20T19:51:51.401+0000][73][info ][safepoint   ] Safepoint "Cleanup", Time since last: 6029496610 ns, Reaching safepoint: 592010 ns, Cleanup: 63010 ns, At safepoint: 64228 ns, Total: 719248 ns
[2025-05-20T19:57:25.061+0000][73][info ][safepoint   ] Safepoint "Cleanup", Time since last: 333679755456 ns, Reaching safepoint: 86200 ns, Cleanup: 19148 ns, At safepoint: 12759 ns, Total: 118107 ns
[2025-05-20T19:57:39.880+0000][73][info ][safepoint   ] Safepoint "Cleanup", Time since last: 14818673365 ns, Reaching safepoint: 13823 ns, Cleanup: 27143 ns, At safepoint: 82061 ns, Total: 123027 ns
[2025-05-20T19:59:41.117+0000][73][info ][safepoint   ] Safepoint "Cleanup", Time since last: 121244375010 ns, Reaching safepoint: 104885 ns, Cleanup: 16934 ns, At safepoint: 13470 ns, Total: 135289 ns
[2025-05-20T20:01:46.174+0000][73][info ][safepoint   ] Safepoint "Cleanup", Time since last: 125063763254 ns, Reaching safepoint: 58647 ns, Cleanup: 14668 ns, At safepoint: 14897 ns, Total: 88212 ns
[2025-05-20T20:02:55.134+0000][73][info ][safepoint   ] Safepoint "Cleanup", Time since last: 68963779375 ns, Reaching safepoint: 2120501 ns, Cleanup: 16014 ns, At safepoint: 85319 ns, Total: 2221834 ns
[2025-05-20T20:07:07.405+0000][73][info ][safepoint   ] Safepoint "Cleanup", Time since last: 252285851297 ns, Reaching safepoint: 9941 ns, Cleanup: 8975 ns, At safepoint: 15489 ns, Total: 34405 ns
[2025-05-20T20:09:13.502+0000][73][info ][safepoint   ] Safepoint "Cleanup", Time since last: 126102665305 ns, Reaching safepoint: 27286 ns, Cleanup: 15379 ns, At safepoint: 12570 ns, Total: 55235 ns
[2025-05-20T20:10:21.577+0000][73][info ][safepoint   ] Safepoint "Cleanup", Time since last: 68080393110 ns, Reaching safepoint: 29669 ns, Cleanup: 16066 ns, At safepoint: 14644 ns, Total: 60379 ns
[2025-05-20T20:13:46.787+0000][73][info ][safepoint   ] Safepoint "Cleanup", Time since last: 205221391228 ns, Reaching safepoint: 66524 ns, Cleanup: 15425 ns, At safepoint: 13178 ns, Total: 95127 ns
[2025-05-20T20:19:43.119+0000][73][info ][safepoint   ] Safepoint "Cleanup", Time since last: 356354154200 ns, Reaching safepoint: 14043 ns, Cleanup: 10660 ns, At safepoint: 15389 ns, Total: 40092 ns
[2025-05-20T20:19:44.144+0000][73][info ][safepoint   ] Safepoint "Cleanup", Time since last: 1024999522 ns, Reaching safepoint: 14691 ns, Cleanup: 10596 ns, At safepoint: 25367 ns, Total: 50654 ns
[2025-05-20T20:21:48.366+0000][73][info ][gc,start    ] GC(28) Pause Young (Normal) (G1 Evacuation Pause)
[2025-05-20T20:21:48.369+0000][73][info ][gc,task     ] GC(28) Using 10 workers of 10 for evacuation
[2025-05-20T20:21:48.370+0000][73][debug][gc,age      ] GC(28) Desired survivor size 153092096 bytes, new threshold 15 (max threshold 15)
[2025-05-20T20:21:48.496+0000][73][info ][gc,phases   ] GC(28)   Pre Evacuate Collection Set: 6.91ms
[2025-05-20T20:21:48.498+0000][73][info ][gc,phases   ] GC(28)   Merge Heap Roots: 1.45ms
[2025-05-20T20:21:48.498+0000][73][info ][gc,phases   ] GC(28)   Evacuate Collection Set: 102.41ms
[2025-05-20T20:21:48.499+0000][73][info ][gc,phases   ] GC(28)   Post Evacuate Collection Set: 13.43ms
[2025-05-20T20:21:48.500+0000][73][info ][gc,phases   ] GC(28)   Other: 3.72ms
[2025-05-20T20:21:48.500+0000][73][trace][gc,age      ] GC(28) Age table with threshold 15 (max threshold 15)
[2025-05-20T20:21:48.502+0000][73][trace][gc,age      ] GC(28) - age   1:    1418808 bytes,    1418808 total
[2025-05-20T20:21:48.502+0000][73][trace][gc,age      ] GC(28) - age   2:     417072 bytes,    1835880 total
[2025-05-20T20:21:48.503+0000][73][trace][gc,age      ] GC(28) - age   3:    1172592 bytes,    3008472 total
[2025-05-20T20:21:48.503+0000][73][trace][gc,age      ] GC(28) - age   4:     118352 bytes,    3126824 total
[2025-05-20T20:21:48.503+0000][73][trace][gc,age      ] GC(28) - age   5:     107080 bytes,    3233904 total
[2025-05-20T20:21:48.503+0000][73][trace][gc,age      ] GC(28) - age   6:     152800 bytes,    3386704 total
[2025-05-20T20:21:48.504+0000][73][trace][gc,age      ] GC(28) - age   7:     131320 bytes,    3518024 total
[2025-05-20T20:21:48.504+0000][73][trace][gc,age      ] GC(28) - age   8:     165128 bytes,    3683152 total
[2025-05-20T20:21:48.504+0000][73][trace][gc,age      ] GC(28) - age   9:     251792 bytes,    3934944 total
[2025-05-20T20:21:48.505+0000][73][trace][gc,age      ] GC(28) - age  10:      80784 bytes,    4015728 total
[2025-05-20T20:21:48.505+0000][73][trace][gc,age      ] GC(28) - age  11:      11184 bytes,    4026912 total
[2025-05-20T20:21:48.505+0000][73][trace][gc,age      ] GC(28) - age  12:    2364368 bytes,    6391280 total
[2025-05-20T20:21:48.505+0000][73][trace][gc,age      ] GC(28) - age  13:    6795736 bytes,   13187016 total
[2025-05-20T20:21:48.506+0000][73][trace][gc,age      ] GC(28) - age  14:     899568 bytes,   14086584 total
[2025-05-20T20:21:48.506+0000][73][info ][gc,heap     ] GC(28) Eden regions: 578->0(578)
[2025-05-20T20:21:48.506+0000][73][info ][gc,heap     ] GC(28) Survivor regions: 4->4(73)
[2025-05-20T20:21:48.507+0000][73][info ][gc,heap     ] GC(28) Old regions: 26->26
[2025-05-20T20:21:48.507+0000][73][info ][gc,heap     ] GC(28) Humongous regions: 0->0
[2025-05-20T20:21:48.507+0000][73][info ][gc,metaspace] GC(28) Metaspace: 149244K(153280K)->149244K(153280K) NonClass: 129157K(131328K)->129157K(131328K) Class: 20087K(21952K)->20087K(21952K)
[2025-05-20T20:21:48.508+0000][73][info ][gc          ] GC(28) Pause Young (Normal) (G1 Evacuation Pause) 2428M->116M(3880M) 141.457ms
[2025-05-20T20:21:48.508+0000][73][info ][gc,cpu      ] GC(28) User=0.99s Sys=0.00s Real=0.14s
[2025-05-20T20:21:48.509+0000][73][info ][safepoint   ] Safepoint "G1CollectForAllocation", Time since last: 124229217046 ns, Reaching safepoint: 20637 ns, Cleanup: 5328 ns, At safepoint: 143004724 ns, Total: 143030689 ns
[2025-05-20T20:22:06.240+0000][73][info ][safepoint   ] Safepoint "Cleanup", Time since last: 17733106156 ns, Reaching safepoint: 80225 ns, Cleanup: 22522 ns, At safepoint: 11739 ns, Total: 114486 ns
[2025-05-20T20:22:51.374+0000][73][info ][safepoint   ] Safepoint "Cleanup", Time since last: 45137184017 ns, Reaching safepoint: 441959 ns, Cleanup: 13100 ns, At safepoint: 63330 ns, Total: 518389 ns
[2025-05-20T20:23:55.363+0000][73][info ][safepoint   ] Safepoint "Cleanup", Time since last: 63992618464 ns, Reaching safepoint: 15422 ns, Cleanup: 11755 ns, At safepoint: 5799 ns, Total: 32976 ns
[2025-05-20T20:27:06.540+0000][73][info ][safepoint   ] Safepoint "Cleanup", Time since last: 191188472188 ns, Reaching safepoint: 48214 ns, Cleanup: 12221 ns, At safepoint: 25876 ns, Total: 86311 ns
[2025-05-20T20:27:30.614+0000][73][info ][safepoint   ] Safepoint "Cleanup", Time since last: 24075223244 ns, Reaching safepoint: 60468 ns, Cleanup: 17075 ns, At safepoint: 15449 ns, Total: 92992 ns
[2025-05-20T20:29:41.706+0000][73][info ][safepoint   ] Safepoint "Cleanup", Time since last: 131098946656 ns, Reaching safepoint: 58609 ns, Cleanup: 14655 ns, At safepoint: 11723 ns, Total: 84987 ns
[2025-05-20T20:30:12.720+0000][73][info ][safepoint   ] Safepoint "Cleanup", Time since last: 31016237112 ns, Reaching safepoint: 15952 ns, Cleanup: 10911 ns, At safepoint: 21239 ns, Total: 48102 ns
[2025-05-20T20:32:36.360+0000][73][info ][safepoint   ] Safepoint "Cleanup", Time since last: 143649334314 ns, Reaching safepoint: 104660 ns, Cleanup: 11496 ns, At safepoint: 35849 ns, Total: 152005 ns
[2025-05-20T20:32:54.859+0000][73][info ][safepoint   ] Safepoint "Cleanup", Time since last: 18500057406 ns, Reaching safepoint: 16524 ns, Cleanup: 51648 ns, At safepoint: 84025 ns, Total: 152197 ns
[2025-05-20T20:32:55.899+0000][73][info ][safepoint   ] Safepoint "Cleanup", Time since last: 1040252271 ns, Reaching safepoint: 24641 ns, Cleanup: 15891 ns, At safepoint: 9982 ns, Total: 50514 ns
[2025-05-20T20:33:21.353+0000][73][info ][safepoint   ] Safepoint "Cleanup", Time since last: 25455337646 ns, Reaching safepoint: 21150 ns, Cleanup: 12042 ns, At safepoint: 23004 ns, Total: 56196 ns
[2025-05-20T20:33:22.978+0000][73][info ][safepoint   ] Safepoint "Cleanup", Time since last: 1625202003 ns, Reaching safepoint: 14765 ns, Cleanup: 12783 ns, At safepoint: 19541 ns, Total: 47089 ns
[2025-05-20T20:34:09.997+0000][73][info ][safepoint   ] Safepoint "Cleanup", Time since last: 47020973590 ns, Reaching safepoint: 24992 ns, Cleanup: 15844 ns, At safepoint: 27657 ns, Total: 68493 ns
[2025-05-20T20:35:27.362+0000][73][info ][safepoint   ] Safepoint "Cleanup", Time since last: 77369963882 ns, Reaching safepoint: 13212 ns, Cleanup: 10511 ns, At safepoint: 3929 ns, Total: 27652 ns
[2025-05-20T20:37:33.481+0000][73][info ][safepoint   ] Safepoint "Cleanup", Time since last: 126126611595 ns, Reaching safepoint: 15875 ns, Cleanup: 12630 ns, At safepoint: 21069 ns, Total: 49574 ns
[2025-05-20T20:37:37.369+0000][73][info ][safepoint   ] Safepoint "Cleanup", Time since last: 3887850351 ns, Reaching safepoint: 25745 ns, Cleanup: 18500 ns, At safepoint: 11926 ns, Total: 56171 ns
[2025-05-20T20:38:25.239+0000][73][info ][safepoint   ] Safepoint "Cleanup", Time since last: 47872996570 ns, Reaching safepoint: 61105 ns, Cleanup: 16398 ns, At safepoint: 14260 ns, Total: 91763 ns
[2025-05-20T20:39:01.256+0000][73][info ][safepoint   ] Safepoint "Cleanup", Time since last: 36019214284 ns, Reaching safepoint: 62552 ns, Cleanup: 16107 ns, At safepoint: 12552 ns, Total: 91211 ns
[2025-05-20T20:42:49.448+0000][73][info ][safepoint   ] Safepoint "Cleanup", Time since last: 228204936146 ns, Reaching safepoint: 18602 ns, Cleanup: 12622 ns, At safepoint: 21432 ns, Total: 52656 ns
[2025-05-20T20:43:51.358+0000][73][info ][safepoint   ] Safepoint "Cleanup", Time since last: 61915085881 ns, Reaching safepoint: 7894 ns, Cleanup: 9871 ns, At safepoint: 16125 ns, Total: 33890 ns
[2025-05-20T20:44:54.355+0000][73][info ][safepoint   ] Safepoint "Cleanup", Time since last: 63000105760 ns, Reaching safepoint: 23852 ns, Cleanup: 15954 ns, At safepoint: 28548 ns, Total: 68354 ns
[2025-05-20T20:44:55.541+0000][73][info ][safepoint   ] Safepoint "Cleanup", Time since last: 1185377154 ns, Reaching safepoint: 27001 ns, Cleanup: 18441 ns, At safepoint: 12881 ns, Total: 58323 ns
[2025-05-20T20:47:37.374+0000][73][info ][safepoint   ] Safepoint "Cleanup", Time since last: 161842690199 ns, Reaching safepoint: 32570 ns, Cleanup: 16624 ns, At safepoint: 13294 ns, Total: 62488 ns
[2025-05-20T20:50:00.826+0000][73][info ][safepoint   ] Safepoint "Cleanup", Time since last: 143460588124 ns, Reaching safepoint: 72694 ns, Cleanup: 16759 ns, At safepoint: 14643 ns, Total: 104096 ns
[2025-05-20T20:53:20.070+0000][73][info ][safepoint   ] Safepoint "Cleanup", Time since last: 199255215200 ns, Reaching safepoint: 14196 ns, Cleanup: 12489 ns, At safepoint: 22917 ns, Total: 49602 ns
[2025-05-20T20:55:56.143+0000][73][info ][safepoint   ] Safepoint "Cleanup", Time since last: 156084607202 ns, Reaching safepoint: 65766 ns, Cleanup: 16272 ns, At safepoint: 14166 ns, Total: 96204 ns
[2025-05-20T20:57:25.197+0000][73][info ][safepoint   ] Safepoint "Cleanup", Time since last: 89059150326 ns, Reaching safepoint: 20868 ns, Cleanup: 87311 ns, At safepoint: 29071 ns, Total: 137250 ns
[2025-05-20T20:58:36.304+0000][73][info ][safepoint   ] Safepoint "Cleanup", Time since last: 71109791034 ns, Reaching safepoint: 57107 ns, Cleanup: 15228 ns, At safepoint: 11745 ns, Total: 84080 ns
[2025-05-20T21:03:06.512+0000][73][info ][safepoint   ] Safepoint "Cleanup", Time since last: 270224325116 ns, Reaching safepoint: 25439 ns, Cleanup: 13946 ns, At safepoint: 10615 ns, Total: 50000 ns
[2025-05-20T21:03:48.529+0000][73][info ][safepoint   ] Safepoint "Cleanup", Time since last: 42018397615 ns, Reaching safepoint: 19028 ns, Cleanup: 14589 ns, At safepoint: 22379 ns, Total: 55996 ns
[2025-05-20T21:04:24.578+0000][73][info ][safepoint   ] Safepoint "Cleanup", Time since last: 36053592523 ns, Reaching safepoint: 27301 ns, Cleanup: 18454 ns, At safepoint: 11101 ns, Total: 56856 ns
[2025-05-20T21:06:57.671+0000][73][info ][safepoint   ] Safepoint "Cleanup", Time since last: 153101155529 ns, Reaching safepoint: 19158 ns, Cleanup: 16659 ns, At safepoint: 72499 ns, Total: 108316 ns
[2025-05-20T21:08:00.805+0000][73][info ][safepoint   ] Safepoint "Cleanup", Time since last: 63139141347 ns, Reaching safepoint: 16761 ns, Cleanup: 14435 ns, At safepoint: 78073 ns, Total: 109269 ns
[2025-05-20T21:08:01.840+0000][73][info ][safepoint   ] Safepoint "Cleanup", Time since last: 1034997466 ns, Reaching safepoint: 17157 ns, Cleanup: 12710 ns, At safepoint: 24524 ns, Total: 54391 ns
[2025-05-20T21:08:06.341+0000][73][info ][gc,start    ] GC(29) Pause Young (Normal) (G1 Evacuation Pause)
[2025-05-20T21:08:06.346+0000][73][info ][gc,task     ] GC(29) Using 10 workers of 10 for evacuation
[2025-05-20T21:08:06.348+0000][73][debug][gc,age      ] GC(29) Desired survivor size 153092096 bytes, new threshold 15 (max threshold 15)
[2025-05-20T21:08:06.451+0000][73][info ][gc,phases   ] GC(29)   Pre Evacuate Collection Set: 4.68ms
[2025-05-20T21:08:06.451+0000][73][info ][gc,phases   ] GC(29)   Merge Heap Roots: 2.32ms
[2025-05-20T21:08:06.452+0000][73][info ][gc,phases   ] GC(29)   Evacuate Collection Set: 83.34ms
[2025-05-20T21:08:06.453+0000][73][info ][gc,phases   ] GC(29)   Post Evacuate Collection Set: 6.78ms
[2025-05-20T21:08:06.453+0000][73][info ][gc,phases   ] GC(29)   Other: 9.06ms
[2025-05-20T21:08:06.453+0000][73][trace][gc,age      ] GC(29) Age table with threshold 15 (max threshold 15)
[2025-05-20T21:08:06.454+0000][73][trace][gc,age      ] GC(29) - age   1:     803952 bytes,     803952 total
[2025-05-20T21:08:06.454+0000][73][trace][gc,age      ] GC(29) - age   2:     106048 bytes,     910000 total
[2025-05-20T21:08:06.455+0000][73][trace][gc,age      ] GC(29) - age   3:     117032 bytes,    1027032 total
[2025-05-20T21:08:06.455+0000][73][trace][gc,age      ] GC(29) - age   4:    1172392 bytes,    2199424 total
[2025-05-20T21:08:06.456+0000][73][trace][gc,age      ] GC(29) - age   5:     117680 bytes,    2317104 total
[2025-05-20T21:08:06.456+0000][73][trace][gc,age      ] GC(29) - age   6:     107080 bytes,    2424184 total
[2025-05-20T21:08:06.456+0000][73][trace][gc,age      ] GC(29) - age   7:     136648 bytes,    2560832 total
[2025-05-20T21:08:06.456+0000][73][trace][gc,age      ] GC(29) - age   8:     131280 bytes,    2692112 total
[2025-05-20T21:08:06.457+0000][73][trace][gc,age      ] GC(29) - age   9:     164984 bytes,    2857096 total
[2025-05-20T21:08:06.457+0000][73][trace][gc,age      ] GC(29) - age  10:     251792 bytes,    3108888 total
[2025-05-20T21:08:06.457+0000][73][trace][gc,age      ] GC(29) - age  11:      80784 bytes,    3189672 total
[2025-05-20T21:08:06.458+0000][73][trace][gc,age      ] GC(29) - age  12:      11184 bytes,    3200856 total
[2025-05-20T21:08:06.458+0000][73][trace][gc,age      ] GC(29) - age  13:    2364368 bytes,    5565224 total
[2025-05-20T21:08:06.459+0000][73][trace][gc,age      ] GC(29) - age  14:    6794216 bytes,   12359440 total
[2025-05-20T21:08:06.461+0000][73][trace][gc,age      ] GC(29) - age  15:     899568 bytes,   13259008 total
[2025-05-20T21:08:06.461+0000][73][info ][gc,heap     ] GC(29) Eden regions: 578->0(578)
[2025-05-20T21:08:06.462+0000][73][info ][gc,heap     ] GC(29) Survivor regions: 4->4(73)
[2025-05-20T21:08:06.463+0000][73][info ][gc,heap     ] GC(29) Old regions: 26->26
[2025-05-20T21:08:06.464+0000][73][info ][gc,heap     ] GC(29) Humongous regions: 0->0
[2025-05-20T21:08:06.465+0000][73][info ][gc,metaspace] GC(29) Metaspace: 149353K(153408K)->149353K(153408K) NonClass: 129264K(131456K)->129264K(131456K) Class: 20088K(21952K)->20088K(21952K)
[2025-05-20T21:08:06.467+0000][73][info ][gc          ] GC(29) Pause Young (Normal) (G1 Evacuation Pause) 2428M->115M(3880M) 125.952ms
[2025-05-20T21:08:06.468+0000][73][info ][gc,cpu      ] GC(29) User=0.72s Sys=0.00s Real=0.13s
[2025-05-20T21:08:06.468+0000][73][info ][safepoint   ] Safepoint "G1CollectForAllocation", Time since last: 4499569140 ns, Reaching safepoint: 31687 ns, Cleanup: 7244 ns, At safepoint: 128295266 ns, Total: 128334197 ns
[2025-05-20T21:11:26.184+0000][73][info ][safepoint   ] Safepoint "Cleanup", Time since last: 199730408062 ns, Reaching safepoint: 34270 ns, Cleanup: 15141 ns, At safepoint: 12595 ns, Total: 62006 ns
[2025-05-20T21:12:24.997+0000][73][info ][safepoint   ] Safepoint "Cleanup", Time since last: 58816842481 ns, Reaching safepoint: 18665 ns, Cleanup: 14740 ns, At safepoint: 9774 ns, Total: 43179 ns
[2025-05-20T21:12:56.052+0000][73][info ][safepoint   ] Safepoint "Cleanup", Time since last: 31057693996 ns, Reaching safepoint: 19715 ns, Cleanup: 12960 ns, At safepoint: 10122 ns, Total: 42797 ns
[2025-05-20T21:13:06.371+0000][73][info ][safepoint   ] Safepoint "Cleanup", Time since last: 10319384517 ns, Reaching safepoint: 7159 ns, Cleanup: 9332 ns, At safepoint: 3893 ns, Total: 20384 ns
[2025-05-20T21:14:25.126+0000][73][info ][safepoint   ] Safepoint "Cleanup", Time since last: 78760463268 ns, Reaching safepoint: 27410 ns, Cleanup: 18880 ns, At safepoint: 11595 ns, Total: 57885 ns
[2025-05-20T21:15:25.157+0000][73][info ][safepoint   ] Safepoint "Cleanup", Time since last: 60036377605 ns, Reaching safepoint: 26652 ns, Cleanup: 21723 ns, At safepoint: 12232 ns, Total: 60607 ns
[2025-05-20T21:16:25.173+0000][73][info ][safepoint   ] Safepoint "Cleanup", Time since last: 60019442369 ns, Reaching safepoint: 16446 ns, Cleanup: 10981 ns, At safepoint: 22005 ns, Total: 49432 ns
[2025-05-20T21:18:25.378+0000][73][info ][safepoint   ] Safepoint "Cleanup", Time since last: 120212392871 ns, Reaching safepoint: 63833 ns, Cleanup: 20527 ns, At safepoint: 15723 ns, Total: 100083 ns
[2025-05-20T21:20:36.377+0000][73][info ][safepoint   ] Safepoint "Cleanup", Time since last: 131007027013 ns, Reaching safepoint: 19715 ns, Cleanup: 9281 ns, At safepoint: 18905 ns, Total: 47901 ns
[2025-05-20T21:20:37.378+0000][73][info ][safepoint   ] Safepoint "Cleanup", Time since last: 1001397994 ns, Reaching safepoint: 26336 ns, Cleanup: 14523 ns, At safepoint: 12336 ns, Total: 53195 ns
[2025-05-20T21:22:39.448+0000][73][info ][safepoint   ] Safepoint "Cleanup", Time since last: 122078807152 ns, Reaching safepoint: 7450 ns, Cleanup: 8400 ns, At safepoint: 15259 ns, Total: 31109 ns
[2025-05-20T21:22:40.511+0000][73][info ][safepoint   ] Safepoint "Cleanup", Time since last: 1063571788 ns, Reaching safepoint: 24215 ns, Cleanup: 13505 ns, At safepoint: 11981 ns, Total: 49701 ns
[2025-05-20T21:23:45.614+0000][73][info ][safepoint   ] Safepoint "Cleanup", Time since last: 65105548423 ns, Reaching safepoint: 13990 ns, Cleanup: 11268 ns, At safepoint: 20352 ns, Total: 45610 ns
[2025-05-20T21:25:02.655+0000][73][info ][safepoint   ] Safepoint "Cleanup", Time since last: 77047470120 ns, Reaching safepoint: 61060 ns, Cleanup: 14330 ns, At safepoint: 11232 ns, Total: 86622 ns
[2025-05-20T21:29:05.882+0000][73][info ][safepoint   ] Safepoint "Cleanup", Time since last: 243243002394 ns, Reaching safepoint: 98287 ns, Cleanup: 15392 ns, At safepoint: 11601 ns, Total: 125280 ns
[2025-05-20T21:32:57.384+0000][73][info ][safepoint   ] Safepoint "Cleanup", Time since last: 231517533000 ns, Reaching safepoint: 551348 ns, Cleanup: 16230 ns, At safepoint: 62833 ns, Total: 630411 ns
[2025-05-20T21:32:59.141+0000][73][info ][safepoint   ] Safepoint "Cleanup", Time since last: 1756942445 ns, Reaching safepoint: 27612 ns, Cleanup: 17191 ns, At safepoint: 12970 ns, Total: 57773 ns
[2025-05-20T21:33:01.634+0000][73][info ][gc,start    ] GC(30) Pause Young (Concurrent Start) (CodeCache GC Threshold)
[2025-05-20T21:33:01.635+0000][73][info ][gc,task     ] GC(30) Using 10 workers of 10 for evacuation
[2025-05-20T21:33:01.636+0000][73][debug][gc,age      ] GC(30) Desired survivor size 153092096 bytes, new threshold 15 (max threshold 15)
[2025-05-20T21:33:01.735+0000][73][info ][gc,phases   ] GC(30)   Pre Evacuate Collection Set: 5.52ms
[2025-05-20T21:33:01.736+0000][73][info ][gc,phases   ] GC(30)   Merge Heap Roots: 0.51ms
[2025-05-20T21:33:01.736+0000][73][info ][gc,phases   ] GC(30)   Evacuate Collection Set: 89.63ms
[2025-05-20T21:33:01.736+0000][73][info ][gc,phases   ] GC(30)   Post Evacuate Collection Set: 3.13ms
[2025-05-20T21:33:01.736+0000][73][info ][gc,phases   ] GC(30)   Other: 1.24ms
[2025-05-20T21:33:01.737+0000][73][trace][gc,age      ] GC(30) Age table with threshold 15 (max threshold 15)
[2025-05-20T21:33:01.737+0000][73][trace][gc,age      ] GC(30) - age   1:    1115608 bytes,    1115608 total
[2025-05-20T21:33:01.737+0000][73][trace][gc,age      ] GC(30) - age   2:     280816 bytes,    1396424 total
[2025-05-20T21:33:01.737+0000][73][trace][gc,age      ] GC(30) - age   3:     105072 bytes,    1501496 total
[2025-05-20T21:33:01.738+0000][73][trace][gc,age      ] GC(30) - age   4:     116392 bytes,    1617888 total
[2025-05-20T21:33:01.738+0000][73][trace][gc,age      ] GC(30) - age   5:    1172176 bytes,    2790064 total
[2025-05-20T21:33:01.739+0000][73][trace][gc,age      ] GC(30) - age   6:     117152 bytes,    2907216 total
[2025-05-20T21:33:01.739+0000][73][trace][gc,age      ] GC(30) - age   7:     106984 bytes,    3014200 total
[2025-05-20T21:33:01.739+0000][73][trace][gc,age      ] GC(30) - age   8:     136552 bytes,    3150752 total
[2025-05-20T21:33:01.740+0000][73][trace][gc,age      ] GC(30) - age   9:     131280 bytes,    3282032 total
[2025-05-20T21:33:01.740+0000][73][trace][gc,age      ] GC(30) - age  10:     164984 bytes,    3447016 total
[2025-05-20T21:33:01.740+0000][73][trace][gc,age      ] GC(30) - age  11:     251792 bytes,    3698808 total
[2025-05-20T21:33:01.741+0000][73][trace][gc,age      ] GC(30) - age  12:      80744 bytes,    3779552 total
[2025-05-20T21:33:01.741+0000][73][trace][gc,age      ] GC(30) - age  13:      11184 bytes,    3790736 total
[2025-05-20T21:33:01.743+0000][73][trace][gc,age      ] GC(30) - age  14:    2364368 bytes,    6155104 total
[2025-05-20T21:33:01.743+0000][73][trace][gc,age      ] GC(30) - age  15:    6794176 bytes,   12949280 total
[2025-05-20T21:33:01.744+0000][73][info ][gc,heap     ] GC(30) Eden regions: 318->0(578)
[2025-05-20T21:33:01.744+0000][73][info ][gc,heap     ] GC(30) Survivor regions: 4->4(73)
[2025-05-20T21:33:01.745+0000][73][info ][gc,heap     ] GC(30) Old regions: 26->26
[2025-05-20T21:33:01.745+0000][73][info ][gc,heap     ] GC(30) Humongous regions: 0->0
[2025-05-20T21:33:01.745+0000][73][info ][gc,metaspace] GC(30) Metaspace: 149372K(153408K)->149372K(153408K) NonClass: 129284K(131456K)->129284K(131456K) Class: 20088K(21952K)->20088K(21952K)
[2025-05-20T21:33:01.747+0000][73][info ][gc          ] GC(30) Pause Young (Concurrent Start) (CodeCache GC Threshold) 1383M->115M(3880M) 112.937ms
[2025-05-20T21:33:01.748+0000][73][info ][gc,cpu      ] GC(30) User=0.36s Sys=0.14s Real=0.11s
[2025-05-20T21:33:01.748+0000][73][info ][safepoint   ] Safepoint "G1TryInitiateConcMark", Time since last: 2492767496 ns, Reaching safepoint: 26504 ns, Cleanup: 9029 ns, At safepoint: 114071428 ns, Total: 114106961 ns
[2025-05-20T21:33:01.749+0000][73][info ][gc          ] GC(31) Concurrent Mark Cycle
[2025-05-20T21:33:01.750+0000][73][info ][gc,marking  ] GC(31) Concurrent Scan Root Regions
[2025-05-20T21:33:01.822+0000][73][info ][gc,marking  ] GC(31) Concurrent Scan Root Regions 72.458ms
[2025-05-20T21:33:01.823+0000][73][info ][gc,marking  ] GC(31) Concurrent Mark
[2025-05-20T21:33:01.823+0000][73][info ][gc,marking  ] GC(31) Concurrent Mark From Roots
[2025-05-20T21:33:01.824+0000][73][info ][gc,task     ] GC(31) Using 3 workers of 3 for marking
[2025-05-20T21:33:02.062+0000][73][info ][gc,marking  ] GC(31) Concurrent Mark From Roots 239.227ms
[2025-05-20T21:33:02.063+0000][73][info ][gc,marking  ] GC(31) Concurrent Preclean
[2025-05-20T21:33:02.065+0000][73][info ][gc,marking  ] GC(31) Concurrent Preclean 2.338ms
[2025-05-20T21:33:02.066+0000][73][info ][gc,start    ] GC(31) Pause Remark
[2025-05-20T21:33:02.845+0000][73][info ][gc,mmu      ] GC(31) MMU target violated: 201.0ms (200.0ms/201.0ms)
[2025-05-20T21:33:02.846+0000][73][info ][gc          ] GC(31) Pause Remark 118M->118M(3880M) 780.030ms
[2025-05-20T21:33:02.846+0000][73][info ][gc,cpu      ] GC(31) User=5.92s Sys=0.00s Real=0.78s
[2025-05-20T21:33:02.847+0000][73][info ][safepoint   ] Safepoint "G1PauseRemark", Time since last: 317615342 ns, Reaching safepoint: 26000 ns, Cleanup: 5383 ns, At safepoint: 780917222 ns, Total: 780948605 ns
[2025-05-20T21:33:02.847+0000][73][info ][gc,marking  ] GC(31) Concurrent Mark 1024.467ms
[2025-05-20T21:33:02.848+0000][73][info ][gc,marking  ] GC(31) Concurrent Rebuild Remembered Sets and Scrub Regions
[2025-05-20T21:33:02.947+0000][73][info ][gc,marking  ] GC(31) Concurrent Rebuild Remembered Sets and Scrub Regions 99.183ms
[2025-05-20T21:33:02.952+0000][73][info ][gc,start    ] GC(31) Pause Cleanup
[2025-05-20T21:33:02.954+0000][73][info ][gc          ] GC(31) Pause Cleanup 125M->125M(3880M) 1.662ms
[2025-05-20T21:33:02.954+0000][73][info ][gc,cpu      ] GC(31) User=0.00s Sys=0.00s Real=0.00s
[2025-05-20T21:33:02.955+0000][73][info ][safepoint   ] Safepoint "G1PauseCleanup", Time since last: 100557404 ns, Reaching safepoint: 4432769 ns, Cleanup: 221995 ns, At safepoint: 2752727 ns, Total: 7407491 ns
[2025-05-20T21:33:02.955+0000][73][info ][gc,marking  ] GC(31) Concurrent Clear Claimed Marks
[2025-05-20T21:33:02.956+0000][73][info ][gc,marking  ] GC(31) Concurrent Clear Claimed Marks 1.285ms
[2025-05-20T21:33:02.957+0000][73][info ][gc,marking  ] GC(31) Concurrent Cleanup for Next Mark
[2025-05-20T21:33:03.034+0000][73][info ][gc,marking  ] GC(31) Concurrent Cleanup for Next Mark 77.355ms
[2025-05-20T21:33:03.035+0000][73][info ][gc          ] GC(31) Concurrent Mark Cycle 1286.027ms
[2025-05-20T21:33:06.852+0000][73][info ][safepoint   ] Safepoint "Cleanup", Time since last: 3897218077 ns, Reaching safepoint: 16009 ns, Cleanup: 15515 ns, At safepoint: 9610 ns, Total: 41134 ns
[2025-05-20T21:35:40.965+0000][73][info ][safepoint   ] Safepoint "Cleanup", Time since last: 154122593971 ns, Reaching safepoint: 60403 ns, Cleanup: 14061 ns, At safepoint: 18120 ns, Total: 92584 ns
[2025-05-20T21:37:48.334+0000][73][info ][safepoint   ] Safepoint "Cleanup", Time since last: 127376778108 ns, Reaching safepoint: 10004 ns, Cleanup: 9878 ns, At safepoint: 3864 ns, Total: 23746 ns
[2025-05-20T21:39:31.083+0000][73][info ][safepoint   ] Safepoint "Cleanup", Time since last: 102756505208 ns, Reaching safepoint: 18995 ns, Cleanup: 14263 ns, At safepoint: 19855 ns, Total: 53113 ns
[2025-05-20T21:42:06.160+0000][73][info ][safepoint   ] Safepoint "Cleanup", Time since last: 155086881343 ns, Reaching safepoint: 60790 ns, Cleanup: 16893 ns, At safepoint: 15552 ns, Total: 93235 ns
[2025-05-20T21:47:55.334+0000][73][info ][safepoint   ] Safepoint "Cleanup", Time since last: 349196694236 ns, Reaching safepoint: 6953 ns, Cleanup: 10234 ns, At safepoint: 3629 ns, Total: 20816 ns
[2025-05-20T21:51:03.484+0000][73][info ][safepoint   ] Safepoint "Cleanup", Time since last: 188160993578 ns, Reaching safepoint: 14484 ns, Cleanup: 10770 ns, At safepoint: 20429 ns, Total: 45683 ns
[2025-05-20T21:51:49.295+0000][73][info ][safepoint   ] Safepoint "Cleanup", Time since last: 45812921747 ns, Reaching safepoint: 29123 ns, Cleanup: 14533 ns, At safepoint: 52434 ns, Total: 96090 ns
[2025-05-20T21:52:26.320+0000][73][info ][safepoint   ] Safepoint "Cleanup", Time since last: 37028118107 ns, Reaching safepoint: 62436 ns, Cleanup: 15525 ns, At safepoint: 15763 ns, Total: 93724 ns
[2025-05-20T21:54:12.338+0000][73][info ][safepoint   ] Safepoint "Cleanup", Time since last: 106024296985 ns, Reaching safepoint: 10929 ns, Cleanup: 7654 ns, At safepoint: 34401 ns, Total: 52984 ns
[2025-05-20T21:59:27.778+0000][73][info ][safepoint   ] Safepoint "Cleanup", Time since last: 315460494030 ns, Reaching safepoint: 13445 ns, Cleanup: 15274 ns, At safepoint: 20201 ns, Total: 48920 ns
[2025-05-20T22:01:24.831+0000][73][info ][safepoint   ] Safepoint "Cleanup", Time since last: 116933459162 ns, Reaching safepoint: 126827993 ns, Cleanup: 35380 ns, At safepoint: 211127 ns, Total: 127074500 ns
[2025-05-20T22:01:32.709+0000][73][info ][safepoint   ] Safepoint "Cleanup", Time since last: 7878000512 ns, Reaching safepoint: 60788 ns, Cleanup: 20250 ns, At safepoint: 58326 ns, Total: 139364 ns
[2025-05-20T22:01:35.761+0000][73][info ][safepoint   ] Safepoint "Cleanup", Time since last: 3052100562 ns, Reaching safepoint: 32394 ns, Cleanup: 20317 ns, At safepoint: 15101 ns, Total: 67812 ns
[2025-05-20T22:01:39.710+0000][73][info ][safepoint   ] Safepoint "Cleanup", Time since last: 3922636044 ns, Reaching safepoint: 26041686 ns, Cleanup: 17932 ns, At safepoint: 91297 ns, Total: 26150915 ns
[2025-05-20T22:04:24.599+0000][73][info ][safepoint   ] Safepoint "Cleanup", Time since last: 164898710365 ns, Reaching safepoint: 22940 ns, Cleanup: 13367 ns, At safepoint: 20907 ns, Total: 57214 ns
[2025-05-20T22:04:47.180+0000][73][info ][safepoint   ] Safepoint "Cleanup", Time since last: 22580970178 ns, Reaching safepoint: 21683 ns, Cleanup: 14204 ns, At safepoint: 9064 ns, Total: 44951 ns
[2025-05-20T22:06:51.491+0000][73][info ][safepoint   ] Safepoint "Cleanup", Time since last: 124328185996 ns, Reaching safepoint: 26589 ns, Cleanup: 64871 ns, At safepoint: 26000 ns, Total: 117460 ns
[2025-05-20T22:17:21.532+0000][73][info ][safepoint   ] Safepoint "Cleanup", Time since last: 630107071936 ns, Reaching safepoint: 137081 ns, Cleanup: 18140 ns, At safepoint: 215012 ns, Total: 370233 ns
[2025-05-20T22:18:24.519+0000][73][info ][safepoint   ] Safepoint "Cleanup", Time since last: 62989959066 ns, Reaching safepoint: 2187880 ns, Cleanup: 25759 ns, At safepoint: 332819 ns, Total: 2546458 ns
[2025-05-20T22:18:41.721+0000][73][info ][safepoint   ] Safepoint "Cleanup", Time since last: 17202882877 ns, Reaching safepoint: 20389 ns, Cleanup: 11409 ns, At safepoint: 23012 ns, Total: 54810 ns
[2025-05-20T22:18:42.759+0000][73][info ][safepoint   ] Safepoint "Cleanup", Time since last: 1037490804 ns, Reaching safepoint: 26530 ns, Cleanup: 104972 ns, At safepoint: 22585 ns, Total: 154087 ns
[2025-05-20T22:18:54.461+0000][73][info ][gc,start    ] GC(32) Pause Young (Prepare Mixed) (G1 Evacuation Pause)
[2025-05-20T22:18:54.463+0000][73][info ][gc,task     ] GC(32) Using 10 workers of 10 for evacuation
[2025-05-20T22:18:54.464+0000][73][debug][gc,age      ] GC(32) Desired survivor size 153092096 bytes, new threshold 15 (max threshold 15)
[2025-05-20T22:18:54.647+0000][73][info ][gc,phases   ] GC(32)   Pre Evacuate Collection Set: 8.02ms
[2025-05-20T22:18:54.647+0000][73][info ][gc,phases   ] GC(32)   Merge Heap Roots: 4.65ms
[2025-05-20T22:18:54.648+0000][73][info ][gc,phases   ] GC(32)   Evacuate Collection Set: 154.14ms
[2025-05-20T22:18:54.648+0000][73][info ][gc,phases   ] GC(32)   Post Evacuate Collection Set: 15.44ms
[2025-05-20T22:18:54.648+0000][73][info ][gc,phases   ] GC(32)   Other: 1.86ms
[2025-05-20T22:18:54.649+0000][73][trace][gc,age      ] GC(32) Age table with threshold 15 (max threshold 15)
[2025-05-20T22:18:54.649+0000][73][trace][gc,age      ] GC(32) - age   1:     846888 bytes,     846888 total
[2025-05-20T22:18:54.649+0000][73][trace][gc,age      ] GC(32) - age   2:     383032 bytes,    1229920 total
[2025-05-20T22:18:54.650+0000][73][trace][gc,age      ] GC(32) - age   3:     118096 bytes,    1348016 total
[2025-05-20T22:18:54.651+0000][73][trace][gc,age      ] GC(32) - age   4:     103832 bytes,    1451848 total
[2025-05-20T22:18:54.651+0000][73][trace][gc,age      ] GC(32) - age   5:     116208 bytes,    1568056 total
[2025-05-20T22:18:54.651+0000][73][trace][gc,age      ] GC(32) - age   6:    1171904 bytes,    2739960 total
[2025-05-20T22:18:54.652+0000][73][trace][gc,age      ] GC(32) - age   7:     117016 bytes,    2856976 total
[2025-05-20T22:18:54.652+0000][73][trace][gc,age      ] GC(32) - age   8:     106528 bytes,    2963504 total
[2025-05-20T22:18:54.653+0000][73][trace][gc,age      ] GC(32) - age   9:     136552 bytes,    3100056 total
[2025-05-20T22:18:54.653+0000][73][trace][gc,age      ] GC(32) - age  10:     131200 bytes,    3231256 total
[2025-05-20T22:18:54.653+0000][73][trace][gc,age      ] GC(32) - age  11:     164016 bytes,    3395272 total
[2025-05-20T22:18:54.653+0000][73][trace][gc,age      ] GC(32) - age  12:     251792 bytes,    3647064 total
[2025-05-20T22:18:54.654+0000][73][trace][gc,age      ] GC(32) - age  13:      80648 bytes,    3727712 total
[2025-05-20T22:18:54.654+0000][73][trace][gc,age      ] GC(32) - age  14:      11184 bytes,    3738896 total
[2025-05-20T22:18:54.654+0000][73][trace][gc,age      ] GC(32) - age  15:    2362280 bytes,    6101176 total
[2025-05-20T22:18:54.655+0000][73][info ][gc,heap     ] GC(32) Eden regions: 578->0(580)
[2025-05-20T22:18:54.655+0000][73][info ][gc,heap     ] GC(32) Survivor regions: 4->2(73)
[2025-05-20T22:18:54.655+0000][73][info ][gc,heap     ] GC(32) Old regions: 26->28
[2025-05-20T22:18:54.656+0000][73][info ][gc,heap     ] GC(32) Humongous regions: 0->0
[2025-05-20T22:18:54.656+0000][73][info ][gc,metaspace] GC(32) Metaspace: 146973K(153408K)->146973K(153408K) NonClass: 127503K(131456K)->127503K(131456K) Class: 19469K(21952K)->19469K(21952K)
[2025-05-20T22:18:54.657+0000][73][info ][gc          ] GC(32) Pause Young (Prepare Mixed) (G1 Evacuation Pause) 2427M->117M(3880M) 195.582ms
[2025-05-20T22:18:54.657+0000][73][info ][gc,cpu      ] GC(32) User=1.31s Sys=0.06s Real=0.19s
[2025-05-20T22:18:54.658+0000][73][info ][safepoint   ] Safepoint "G1CollectForAllocation", Time since last: 11702092970 ns, Reaching safepoint: 32561 ns, Cleanup: 6466 ns, At safepoint: 198784530 ns, Total: 198823557 ns
[2025-05-20T22:19:28.088+0000][73][info ][safepoint   ] Safepoint "Cleanup", Time since last: 33434198687 ns, Reaching safepoint: 12662 ns, Cleanup: 12371 ns, At safepoint: 4156 ns, Total: 29189 ns
[2025-05-20T22:20:04.117+0000][73][info ][safepoint   ] Safepoint "Cleanup", Time since last: 36030730827 ns, Reaching safepoint: 89052 ns, Cleanup: 25579 ns, At safepoint: 31442 ns, Total: 146073 ns
[2025-05-20T22:21:31.247+0000][73][info ][safepoint   ] Safepoint "Cleanup", Time since last: 87138492239 ns, Reaching safepoint: 66287 ns, Cleanup: 15116 ns, At safepoint: 13280 ns, Total: 94683 ns
[2025-05-20T22:23:39.497+0000][73][info ][safepoint   ] Safepoint "Cleanup", Time since last: 128258993299 ns, Reaching safepoint: 638337 ns, Cleanup: 36222 ns, At safepoint: 61218 ns, Total: 735777 ns
[2025-05-20T22:28:54.663+0000][73][info ][safepoint   ] Safepoint "Cleanup", Time since last: 315184372111 ns, Reaching safepoint: 7789965 ns, Cleanup: 16693 ns, At safepoint: 90422 ns, Total: 7897080 ns
[2025-05-20T22:32:57.862+0000][73][info ][safepoint   ] Safepoint "Cleanup", Time since last: 243217768121 ns, Reaching safepoint: 823621 ns, Cleanup: 18141 ns, At safepoint: 82161 ns, Total: 923923 ns
[2025-05-20T22:33:18.514+0000][73][info ][safepoint   ] Safepoint "Cleanup", Time since last: 20651341604 ns, Reaching safepoint: 422156 ns, Cleanup: 16179 ns, At safepoint: 79535 ns, Total: 517870 ns
[2025-05-20T22:34:30.508+0000][73][info ][safepoint   ] Safepoint "Cleanup", Time since last: 72001468512 ns, Reaching safepoint: 1070939 ns, Cleanup: 22204 ns, At safepoint: 217502 ns, Total: 1310645 ns
[2025-05-20T22:35:12.483+0000][73][info ][safepoint   ] Safepoint "Cleanup", Time since last: 41975504152 ns, Reaching safepoint: 30521 ns, Cleanup: 16631 ns, At safepoint: 23555 ns, Total: 70707 ns
[2025-05-20T22:36:15.483+0000][73][info ][safepoint   ] Safepoint "Cleanup", Time since last: 63005093727 ns, Reaching safepoint: 20673 ns, Cleanup: 21133 ns, At safepoint: 77522 ns, Total: 119328 ns
[2025-05-20T22:39:25.550+0000][73][info ][safepoint   ] Safepoint "Cleanup", Time since last: 190084003756 ns, Reaching safepoint: 14712 ns, Cleanup: 9985 ns, At safepoint: 21572 ns, Total: 46269 ns
[2025-05-20T22:40:25.868+0000][73][info ][safepoint   ] Safepoint "Cleanup", Time since last: 60322481494 ns, Reaching safepoint: 67692 ns, Cleanup: 11089 ns, At safepoint: 28395 ns, Total: 107176 ns
[2025-05-20T22:42:33.473+0000][73][info ][safepoint   ] Safepoint "Cleanup", Time since last: 127614497078 ns, Reaching safepoint: 20399 ns, Cleanup: 10043 ns, At safepoint: 15207 ns, Total: 45649 ns
[2025-05-20T22:43:36.373+0000][73][info ][safepoint   ] Safepoint "Cleanup", Time since last: 62905487593 ns, Reaching safepoint: 10551 ns, Cleanup: 11204 ns, At safepoint: 13836 ns, Total: 35591 ns
[2025-05-20T22:43:37.910+0000][73][info ][safepoint   ] Safepoint "Cleanup", Time since last: 1536669151 ns, Reaching safepoint: 27187 ns, Cleanup: 16102 ns, At safepoint: 10992 ns, Total: 54281 ns
[2025-05-20T22:44:39.901+0000][73][info ][safepoint   ] Safepoint "Cleanup", Time since last: 61995286273 ns, Reaching safepoint: 27390 ns, Cleanup: 15449 ns, At safepoint: 69673 ns, Total: 112512 ns
[2025-05-20T22:44:40.925+0000][73][info ][safepoint   ] Safepoint "Cleanup", Time since last: 1023261714 ns, Reaching safepoint: 20304 ns, Cleanup: 14922 ns, At safepoint: 9751 ns, Total: 44977 ns
[2025-05-20T22:46:50.019+0000][73][info ][safepoint   ] Safepoint "Cleanup", Time since last: 129104364619 ns, Reaching safepoint: 28435 ns, Cleanup: 17675 ns, At safepoint: 12251 ns, Total: 58361 ns
[2025-05-20T22:53:37.459+0000][73][info ][safepoint   ] Safepoint "Cleanup", Time since last: 407472882436 ns, Reaching safepoint: 67720 ns, Cleanup: 83920 ns, At safepoint: 25313 ns, Total: 176953 ns
[2025-05-20T22:53:39.548+0000][73][info ][safepoint   ] Safepoint "Cleanup", Time since last: 2088527225 ns, Reaching safepoint: 207245 ns, Cleanup: 46127 ns, At safepoint: 67154 ns, Total: 320526 ns
[2025-05-20T22:53:40.563+0000][73][info ][safepoint   ] Safepoint "Cleanup", Time since last: 1013767211 ns, Reaching safepoint: 564967 ns, Cleanup: 15797 ns, At safepoint: 50390 ns, Total: 631154 ns
[2025-05-20T22:54:06.449+0000][73][info ][safepoint   ] Safepoint "Cleanup", Time since last: 25887060037 ns, Reaching safepoint: 734058 ns, Cleanup: 13357 ns, At safepoint: 127961 ns, Total: 875376 ns
[2025-05-20T22:54:07.627+0000][73][info ][safepoint   ] Safepoint "Cleanup", Time since last: 1177720781 ns, Reaching safepoint: 115747 ns, Cleanup: 14594 ns, At safepoint: 47878 ns, Total: 178219 ns
[2025-05-20T23:01:27.491+0000][73][info ][safepoint   ] Safepoint "Cleanup", Time since last: 439897986933 ns, Reaching safepoint: 114549 ns, Cleanup: 91618 ns, At safepoint: 43393 ns, Total: 249560 ns
[2025-05-20T23:03:09.435+0000][73][info ][safepoint   ] Safepoint "Cleanup", Time since last: 101949971079 ns, Reaching safepoint: 12255 ns, Cleanup: 9589 ns, At safepoint: 14258 ns, Total: 36102 ns
[2025-05-20T23:03:36.259+0000][73][info ][safepoint   ] Safepoint "Cleanup", Time since last: 26826967739 ns, Reaching safepoint: 14482 ns, Cleanup: 17041 ns, At safepoint: 77199 ns, Total: 108722 ns
[2025-05-20T23:04:51.410+0000][73][info ][gc,start    ] GC(33) Pause Young (Mixed) (G1 Evacuation Pause)
[2025-05-20T23:04:51.414+0000][73][info ][gc,task     ] GC(33) Using 10 workers of 10 for evacuation
[2025-05-20T23:04:51.416+0000][73][debug][gc,age      ] GC(33) Desired survivor size 153092096 bytes, new threshold 15 (max threshold 15)
[2025-05-20T23:04:51.630+0000][73][info ][gc,mmu      ] GC(33) MMU target violated: 201.0ms (200.0ms/201.0ms)
[2025-05-20T23:04:51.630+0000][73][info ][gc,phases   ] GC(33)   Pre Evacuate Collection Set: 9.66ms
[2025-05-20T23:04:51.631+0000][73][info ][gc,phases   ] GC(33)   Merge Heap Roots: 2.84ms
[2025-05-20T23:04:51.631+0000][73][info ][gc,phases   ] GC(33)   Evacuate Collection Set: 177.94ms
[2025-05-20T23:04:51.631+0000][73][info ][gc,phases   ] GC(33)   Post Evacuate Collection Set: 21.40ms
[2025-05-20T23:04:51.632+0000][73][info ][gc,phases   ] GC(33)   Other: 5.52ms
[2025-05-20T23:04:51.633+0000][73][trace][gc,age      ] GC(33) Age table with threshold 15 (max threshold 15)
[2025-05-20T23:04:51.633+0000][73][trace][gc,age      ] GC(33) - age   1:    1378864 bytes,    1378864 total
[2025-05-20T23:04:51.633+0000][73][trace][gc,age      ] GC(33) - age   2:     125696 bytes,    1504560 total
[2025-05-20T23:04:51.634+0000][73][trace][gc,age      ] GC(33) - age   3:      69424 bytes,    1573984 total
[2025-05-20T23:04:51.634+0000][73][trace][gc,age      ] GC(33) - age   4:     117776 bytes,    1691760 total
[2025-05-20T23:04:51.635+0000][73][trace][gc,age      ] GC(33) - age   5:     103400 bytes,    1795160 total
[2025-05-20T23:04:51.635+0000][73][trace][gc,age      ] GC(33) - age   6:     115264 bytes,    1910424 total
[2025-05-20T23:04:51.635+0000][73][trace][gc,age      ] GC(33) - age   7:    1171904 bytes,    3082328 total
[2025-05-20T23:04:51.636+0000][73][trace][gc,age      ] GC(33) - age   8:     116920 bytes,    3199248 total
[2025-05-20T23:04:51.636+0000][73][trace][gc,age      ] GC(33) - age   9:     106528 bytes,    3305776 total
[2025-05-20T23:04:51.637+0000][73][trace][gc,age      ] GC(33) - age  10:     136376 bytes,    3442152 total
[2025-05-20T23:04:51.637+0000][73][trace][gc,age      ] GC(33) - age  11:     131200 bytes,    3573352 total
[2025-05-20T23:04:51.637+0000][73][trace][gc,age      ] GC(33) - age  12:     151928 bytes,    3725280 total
[2025-05-20T23:04:51.638+0000][73][trace][gc,age      ] GC(33) - age  13:     163264 bytes,    3888544 total
[2025-05-20T23:04:51.638+0000][73][trace][gc,age      ] GC(33) - age  14:      80648 bytes,    3969192 total
[2025-05-20T23:04:51.638+0000][73][trace][gc,age      ] GC(33) - age  15:      11184 bytes,    3980376 total
[2025-05-20T23:04:51.639+0000][73][info ][gc,heap     ] GC(33) Eden regions: 580->0(580)
[2025-05-20T23:04:51.639+0000][73][info ][gc,heap     ] GC(33) Survivor regions: 2->2(73)
[2025-05-20T23:04:51.639+0000][73][info ][gc,heap     ] GC(33) Old regions: 28->28
[2025-05-20T23:04:51.640+0000][73][info ][gc,heap     ] GC(33) Humongous regions: 0->0
[2025-05-20T23:04:51.641+0000][73][info ][gc,metaspace] GC(33) Metaspace: 146986K(153408K)->146986K(153408K) NonClass: 127516K(131456K)->127516K(131456K) Class: 19469K(21952K)->19469K(21952K)
[2025-05-20T23:04:51.642+0000][73][info ][gc          ] GC(33) Pause Young (Mixed) (G1 Evacuation Pause) 2437M->115M(3880M) 232.604ms
[2025-05-20T23:04:51.643+0000][73][info ][gc,cpu      ] GC(33) User=1.25s Sys=0.05s Real=0.24s
[2025-05-20T23:04:51.643+0000][73][info ][safepoint   ] Safepoint "G1CollectForAllocation", Time since last: 75153948953 ns, Reaching safepoint: 31628 ns, Cleanup: 6051 ns, At safepoint: 236171528 ns, Total: 236209207 ns
[2025-05-20T23:08:46.589+0000][73][info ][safepoint   ] Safepoint "Cleanup", Time since last: 234961073659 ns, Reaching safepoint: 13231 ns, Cleanup: 11040 ns, At safepoint: 4686 ns, Total: 28957 ns
[2025-05-20T23:09:07.260+0000][73][info ][safepoint   ] Safepoint "Cleanup", Time since last: 20673462738 ns, Reaching safepoint: 98163 ns, Cleanup: 73570 ns, At safepoint: 25943 ns, Total: 197676 ns
[2025-05-20T23:12:24.918+0000][73][info ][safepoint   ] Safepoint "Cleanup", Time since last: 197673223944 ns, Reaching safepoint: 30874 ns, Cleanup: 15406 ns, At safepoint: 12089 ns, Total: 58369 ns
[2025-05-20T23:12:54.922+0000][73][info ][safepoint   ] Safepoint "Cleanup", Time since last: 30005826994 ns, Reaching safepoint: 28606 ns, Cleanup: 15021 ns, At safepoint: 52298 ns, Total: 95925 ns
[2025-05-20T23:18:50.111+0000][73][info ][safepoint   ] Safepoint "Cleanup", Time since last: 355211627086 ns, Reaching safepoint: 472855 ns, Cleanup: 428034 ns, At safepoint: 121225 ns, Total: 1022114 ns
[2025-05-20T23:33:00.616+0000][73][info ][safepoint   ] Safepoint "Cleanup", Time since last: 850567159919 ns, Reaching safepoint: 149904 ns, Cleanup: 144754 ns, At safepoint: 70462 ns, Total: 365120 ns
[2025-05-20T23:33:02.143+0000][73][info ][safepoint   ] Safepoint "Cleanup", Time since last: 1527238412 ns, Reaching safepoint: 18019 ns, Cleanup: 12687 ns, At safepoint: 7536 ns, Total: 38242 ns
[2025-05-20T23:34:01.315+0000][73][info ][safepoint   ] Safepoint "Cleanup", Time since last: 59175943279 ns, Reaching safepoint: 16043 ns, Cleanup: 11289 ns, At safepoint: 6200 ns, Total: 33532 ns
[2025-05-20T23:34:07.241+0000][73][info ][safepoint   ] Safepoint "Cleanup", Time since last: 5925757933 ns, Reaching safepoint: 32113 ns, Cleanup: 20423 ns, At safepoint: 14439 ns, Total: 66975 ns
[2025-05-20T23:36:49.678+0000][73][info ][safepoint   ] Safepoint "Cleanup", Time since last: 162447998061 ns, Reaching safepoint: 23040 ns, Cleanup: 106964 ns, At safepoint: 43003 ns, Total: 173007 ns
[2025-05-20T23:46:37.146+0000][73][info ][safepoint   ] Safepoint "Cleanup", Time since last: 587507932888 ns, Reaching safepoint: 264707 ns, Cleanup: 552512 ns, At safepoint: 110040 ns, Total: 927259 ns
[2025-05-20T23:46:38.214+0000][73][info ][safepoint   ] Safepoint "Cleanup", Time since last: 1068063261 ns, Reaching safepoint: 34001 ns, Cleanup: 18874 ns, At safepoint: 16592 ns, Total: 69467 ns
[2025-05-20T23:47:39.498+0000][73][info ][safepoint   ] Safepoint "Cleanup", Time since last: 61285283596 ns, Reaching safepoint: 3311839 ns, Cleanup: 19512 ns, At safepoint: 181393 ns, Total: 3512744 ns
[2025-05-20T23:47:41.289+0000][73][info ][safepoint   ] Safepoint "Cleanup", Time since last: 1790218949 ns, Reaching safepoint: 32492 ns, Cleanup: 19451 ns, At safepoint: 18401 ns, Total: 70344 ns
[2025-05-20T23:49:46.601+0000][73][info ][safepoint   ] Safepoint "Cleanup", Time since last: 125320458858 ns, Reaching safepoint: 17517 ns, Cleanup: 20515 ns, At safepoint: 22673 ns, Total: 60705 ns
[2025-05-20T23:49:47.648+0000][73][info ][safepoint   ] Safepoint "Cleanup", Time since last: 1047419402 ns, Reaching safepoint: 36248 ns, Cleanup: 20100 ns, At safepoint: 17146 ns, Total: 73494 ns
[2025-05-20T23:49:51.444+0000][73][info ][gc,start    ] GC(34) Pause Young (Normal) (G1 Evacuation Pause)
[2025-05-20T23:49:51.448+0000][73][info ][gc,task     ] GC(34) Using 10 workers of 10 for evacuation
[2025-05-20T23:49:51.449+0000][73][debug][gc,age      ] GC(34) Desired survivor size 153092096 bytes, new threshold 15 (max threshold 15)
[2025-05-20T23:49:51.644+0000][73][info ][gc,phases   ] GC(34)   Pre Evacuate Collection Set: 18.48ms
[2025-05-20T23:49:51.645+0000][73][info ][gc,phases   ] GC(34)   Merge Heap Roots: 4.44ms
[2025-05-20T23:49:51.645+0000][73][info ][gc,phases   ] GC(34)   Evacuate Collection Set: 138.55ms
[2025-05-20T23:49:51.645+0000][73][info ][gc,phases   ] GC(34)   Post Evacuate Collection Set: 30.88ms
[2025-05-20T23:49:51.646+0000][73][info ][gc,phases   ] GC(34)   Other: 6.76ms
[2025-05-20T23:49:51.647+0000][73][trace][gc,age      ] GC(34) Age table with threshold 15 (max threshold 15)
[2025-05-20T23:49:51.647+0000][73][trace][gc,age      ] GC(34) - age   1:    1134240 bytes,    1134240 total
[2025-05-20T23:49:51.648+0000][73][trace][gc,age      ] GC(34) - age   2:     296696 bytes,    1430936 total
[2025-05-20T23:49:51.648+0000][73][trace][gc,age      ] GC(34) - age   3:     106048 bytes,    1536984 total
[2025-05-20T23:49:51.648+0000][73][trace][gc,age      ] GC(34) - age   4:      69304 bytes,    1606288 total
[2025-05-20T23:49:51.649+0000][73][trace][gc,age      ] GC(34) - age   5:     117664 bytes,    1723952 total
[2025-05-20T23:49:51.649+0000][73][trace][gc,age      ] GC(34) - age   6:     103344 bytes,    1827296 total
[2025-05-20T23:49:51.650+0000][73][trace][gc,age      ] GC(34) - age   7:     115208 bytes,    1942504 total
[2025-05-20T23:49:51.651+0000][73][trace][gc,age      ] GC(34) - age   8:    1171864 bytes,    3114368 total
[2025-05-20T23:49:51.651+0000][73][trace][gc,age      ] GC(34) - age   9:     116880 bytes,    3231248 total
[2025-05-20T23:49:51.652+0000][73][trace][gc,age      ] GC(34) - age  10:     106528 bytes,    3337776 total
[2025-05-20T23:49:51.653+0000][73][trace][gc,age      ] GC(34) - age  11:     135976 bytes,    3473752 total
[2025-05-20T23:49:51.653+0000][73][trace][gc,age      ] GC(34) - age  12:     131200 bytes,    3604952 total
[2025-05-20T23:49:51.653+0000][73][trace][gc,age      ] GC(34) - age  13:     151928 bytes,    3756880 total
[2025-05-20T23:49:51.654+0000][73][trace][gc,age      ] GC(34) - age  14:     163264 bytes,    3920144 total
[2025-05-20T23:49:51.655+0000][73][trace][gc,age      ] GC(34) - age  15:      80648 bytes,    4000792 total
[2025-05-20T23:49:51.655+0000][73][info ][gc,heap     ] GC(34) Eden regions: 580->0(580)
[2025-05-20T23:49:51.655+0000][73][info ][gc,heap     ] GC(34) Survivor regions: 2->2(73)
[2025-05-20T23:49:51.656+0000][73][info ][gc,heap     ] GC(34) Old regions: 28->28
[2025-05-20T23:49:51.656+0000][73][info ][gc,heap     ] GC(34) Humongous regions: 0->0
[2025-05-20T23:49:51.657+0000][73][info ][gc,metaspace] GC(34) Metaspace: 147008K(153408K)->147008K(153408K) NonClass: 127538K(131456K)->127538K(131456K) Class: 19469K(21952K)->19469K(21952K)
[2025-05-20T23:49:51.659+0000][73][info ][gc          ] GC(34) Pause Young (Normal) (G1 Evacuation Pause) 2435M->115M(3880M) 217.648ms
[2025-05-20T23:49:51.660+0000][73][info ][gc,cpu      ] GC(34) User=1.05s Sys=0.04s Real=0.22s
[2025-05-20T23:49:51.660+0000][73][info ][safepoint   ] Safepoint "G1CollectForAllocation", Time since last: 3793429434 ns, Reaching safepoint: 19624 ns, Cleanup: 4764 ns, At safepoint: 220673952 ns, Total: 220698340 ns
[2025-05-20T23:50:48.504+0000][73][info ][safepoint   ] Safepoint "Cleanup", Time since last: 56846017717 ns, Reaching safepoint: 30547 ns, Cleanup: 48429 ns, At safepoint: 76834 ns, Total: 155810 ns
[2025-05-20T23:50:49.708+0000][73][info ][safepoint   ] Safepoint "Cleanup", Time since last: 1203949695 ns, Reaching safepoint: 37877 ns, Cleanup: 20614 ns, At safepoint: 18443 ns, Total: 76934 ns
[2025-05-20T23:52:24.259+0000][73][info ][safepoint   ] Safepoint "Cleanup", Time since last: 94559044656 ns, Reaching safepoint: 104075 ns, Cleanup: 19780 ns, At safepoint: 14511 ns, Total: 138366 ns
[2025-05-20T23:55:01.339+0000][73][info ][safepoint   ] Safepoint "Cleanup", Time since last: 157091197760 ns, Reaching safepoint: 126124 ns, Cleanup: 88257 ns, At safepoint: 116329 ns, Total: 330710 ns
[2025-05-20T23:59:13.578+0000][73][info ][safepoint   ] Safepoint "Cleanup", Time since last: 252254195094 ns, Reaching safepoint: 16231 ns, Cleanup: 12035 ns, At safepoint: 6513 ns, Total: 34779 ns
[2025-05-21T00:00:00.689+0000][73][info ][safepoint   ] Safepoint "Cleanup", Time since last: 47113259848 ns, Reaching safepoint: 218896 ns, Cleanup: 14112 ns, At safepoint: 53924 ns, Total: 286932 ns
[2025-05-21T00:00:01.718+0000][73][info ][safepoint   ] Safepoint "Cleanup", Time since last: 1028878236 ns, Reaching safepoint: 34936 ns, Cleanup: 240654 ns, At safepoint: 37369 ns, Total: 312959 ns
[2025-05-21T00:00:23.839+0000][73][info ][safepoint   ] Safepoint "Cleanup", Time since last: 22123255319 ns, Reaching safepoint: 67048 ns, Cleanup: 53112 ns, At safepoint: 19673 ns, Total: 139833 ns
[2025-05-21T00:01:18.623+0000][73][info ][safepoint   ] Safepoint "Cleanup", Time since last: 54785213109 ns, Reaching safepoint: 22873 ns, Cleanup: 121049 ns, At safepoint: 38842 ns, Total: 182764 ns
[2025-05-21T00:01:23.928+0000][73][info ][safepoint   ] Safepoint "Cleanup", Time since last: 5306470022 ns, Reaching safepoint: 79725 ns, Cleanup: 19987 ns, At safepoint: 33780 ns, Total: 133492 ns
[2025-05-21T00:01:48.932+0000][73][info ][safepoint   ] Safepoint "Cleanup", Time since last: 25004448339 ns, Reaching safepoint: 34307 ns, Cleanup: 16871 ns, At safepoint: 50542 ns, Total: 101720 ns
[2025-05-21T00:04:37.237+0000][73][info ][safepoint   ] Safepoint "Cleanup", Time since last: 168316010367 ns, Reaching safepoint: 47532 ns, Cleanup: 20188 ns, At safepoint: 16974 ns, Total: 84694 ns
[2025-05-21T00:04:48.548+0000][73][info ][safepoint   ] Safepoint "Cleanup", Time since last: 11311148648 ns, Reaching safepoint: 537481 ns, Cleanup: 15416 ns, At safepoint: 102376 ns, Total: 655273 ns
[2025-05-21T00:04:50.420+0000][73][info ][safepoint   ] Safepoint "Cleanup", Time since last: 1871519756 ns, Reaching safepoint: 42771 ns, Cleanup: 28206 ns, At safepoint: 20493 ns, Total: 91470 ns
[2025-05-21T00:07:36.496+0000][73][info ][safepoint   ] Safepoint "Cleanup", Time since last: 166087156576 ns, Reaching safepoint: 229798 ns, Cleanup: 12993 ns, At safepoint: 55743 ns, Total: 298534 ns
[2025-05-21T00:07:37.540+0000][73][info ][safepoint   ] Safepoint "Cleanup", Time since last: 1044178787 ns, Reaching safepoint: 29748 ns, Cleanup: 17430 ns, At safepoint: 13641 ns, Total: 60819 ns
[2025-05-21T00:07:49.659+0000][73][info ][safepoint   ] Safepoint "Cleanup", Time since last: 12118195514 ns, Reaching safepoint: 53100 ns, Cleanup: 25180 ns, At safepoint: 95891 ns, Total: 174171 ns
[2025-05-21T00:11:47.103+0000][73][info ][safepoint   ] Safepoint "Cleanup", Time since last: 237468722130 ns, Reaching safepoint: 28344 ns, Cleanup: 80518 ns, At safepoint: 63081 ns, Total: 171943 ns
[2025-05-21T00:24:22.709+0000][73][info ][safepoint   ] Safepoint "Cleanup", Time since last: 755677114776 ns, Reaching safepoint: 225018 ns, Cleanup: 100765 ns, At safepoint: 68056 ns, Total: 393839 ns
[2025-05-21T00:25:24.873+0000][73][info ][safepoint   ] Safepoint "Cleanup", Time since last: 62169529750 ns, Reaching safepoint: 16316 ns, Cleanup: 204872 ns, At safepoint: 99090 ns, Total: 320278 ns
[2025-05-21T00:32:34.074+0000][73][info ][safepoint   ] Safepoint "Cleanup", Time since last: 429235822721 ns, Reaching safepoint: 30970 ns, Cleanup: 199826 ns, At safepoint: 50791 ns, Total: 281587 ns
[2025-05-21T00:32:35.415+0000][73][info ][safepoint   ] Safepoint "Cleanup", Time since last: 1341027068 ns, Reaching safepoint: 9147 ns, Cleanup: 12513 ns, At safepoint: 6423 ns, Total: 28083 ns
[2025-05-21T00:32:37.435+0000][73][info ][safepoint   ] Safepoint "Cleanup", Time since last: 2020049435 ns, Reaching safepoint: 22177 ns, Cleanup: 37449 ns, At safepoint: 34868 ns, Total: 94494 ns
[2025-05-21T00:32:39.525+0000][73][info ][safepoint   ] Safepoint "Cleanup", Time since last: 2090045605 ns, Reaching safepoint: 27070 ns, Cleanup: 18765 ns, At safepoint: 39035 ns, Total: 84870 ns
[2025-05-21T00:32:45.527+0000][73][info ][safepoint   ] Safepoint "Cleanup", Time since last: 6001359251 ns, Reaching safepoint: 485753 ns, Cleanup: 19673 ns, At safepoint: 65409 ns, Total: 570835 ns
[2025-05-21T00:32:47.658+0000][73][info ][safepoint   ] Safepoint "Cleanup", Time since last: 2130469953 ns, Reaching safepoint: 32962 ns, Cleanup: 26089 ns, At safepoint: 17959 ns, Total: 77010 ns
[2025-05-21T00:32:56.657+0000][73][info ][safepoint   ] Safepoint "Cleanup", Time since last: 9002313976 ns, Reaching safepoint: 37839 ns, Cleanup: 16423 ns, At safepoint: 18010 ns, Total: 72272 ns
[2025-05-21T00:33:03.558+0000][73][info ][safepoint   ] Safepoint "Cleanup", Time since last: 6901085535 ns, Reaching safepoint: 18327 ns, Cleanup: 11318 ns, At safepoint: 25571 ns, Total: 55216 ns
[2025-05-21T00:33:04.666+0000][73][info ][safepoint   ] Safepoint "Cleanup", Time since last: 1107886527 ns, Reaching safepoint: 66939 ns, Cleanup: 20708 ns, At safepoint: 16148 ns, Total: 103795 ns
[2025-05-21T00:33:15.799+0000][73][info ][safepoint   ] Safepoint "Cleanup", Time since last: 11132413292 ns, Reaching safepoint: 13853 ns, Cleanup: 12306 ns, At safepoint: 17800 ns, Total: 43959 ns
[2025-05-21T00:33:24.102+0000][73][info ][safepoint   ] Safepoint "Cleanup", Time since last: 8305258769 ns, Reaching safepoint: 37234 ns, Cleanup: 22618 ns, At safepoint: 14277 ns, Total: 74129 ns
[2025-05-21T00:33:45.841+0000][73][info ][safepoint   ] Safepoint "Cleanup", Time since last: 21739540176 ns, Reaching safepoint: 29686 ns, Cleanup: 17377 ns, At safepoint: 11952 ns, Total: 59015 ns
[2025-05-21T00:34:24.134+0000][73][info ][safepoint   ] Safepoint "Cleanup", Time since last: 38297589001 ns, Reaching safepoint: 34444 ns, Cleanup: 26417 ns, At safepoint: 15607 ns, Total: 76468 ns
[2025-05-21T00:34:26.138+0000][73][info ][safepoint   ] Safepoint "Cleanup", Time since last: 2003978189 ns, Reaching safepoint: 34993 ns, Cleanup: 113162 ns, At safepoint: 22652 ns, Total: 170807 ns
[2025-05-21T00:34:27.919+0000][73][info ][safepoint   ] Safepoint "Cleanup", Time since last: 1781076185 ns, Reaching safepoint: 19319 ns, Cleanup: 12583 ns, At safepoint: 25017 ns, Total: 56919 ns
[2025-05-21T00:34:51.753+0000][73][info ][safepoint   ] Safepoint "Cleanup", Time since last: 23834199543 ns, Reaching safepoint: 16371 ns, Cleanup: 14544 ns, At safepoint: 12506 ns, Total: 43421 ns
[2025-05-21T00:35:07.090+0000][73][info ][safepoint   ] Safepoint "Cleanup", Time since last: 15338779044 ns, Reaching safepoint: 113348 ns, Cleanup: 134602 ns, At safepoint: 50669 ns, Total: 298619 ns
[2025-05-21T00:35:24.165+0000][73][info ][safepoint   ] Safepoint "Cleanup", Time since last: 17077744349 ns, Reaching safepoint: 31054 ns, Cleanup: 17279 ns, At safepoint: 12942 ns, Total: 61275 ns
[2025-05-21T00:35:24.506+0000][73][info ][gc,start    ] GC(35) Pause Young (Concurrent Start) (G1 Evacuation Pause)
[2025-05-21T00:35:24.509+0000][73][info ][gc,task     ] GC(35) Using 10 workers of 10 for evacuation
[2025-05-21T00:35:24.510+0000][73][debug][gc,age      ] GC(35) Desired survivor size 153092096 bytes, new threshold 15 (max threshold 15)
[2025-05-21T00:35:24.739+0000][73][info ][gc,mmu      ] GC(35) MMU target violated: 201.0ms (200.0ms/201.0ms)
[2025-05-21T00:35:24.741+0000][73][info ][gc,phases   ] GC(35)   Pre Evacuate Collection Set: 18.60ms
[2025-05-21T00:35:24.742+0000][73][info ][gc,phases   ] GC(35)   Merge Heap Roots: 3.01ms
[2025-05-21T00:35:24.743+0000][73][info ][gc,phases   ] GC(35)   Evacuate Collection Set: 189.84ms
[2025-05-21T00:35:24.743+0000][73][info ][gc,phases   ] GC(35)   Post Evacuate Collection Set: 16.74ms
[2025-05-21T00:35:24.743+0000][73][info ][gc,phases   ] GC(35)   Other: 4.68ms
[2025-05-21T00:35:24.744+0000][73][trace][gc,age      ] GC(35) Age table with threshold 15 (max threshold 15)
[2025-05-21T00:35:24.744+0000][73][trace][gc,age      ] GC(35) - age   1:    2452600 bytes,    2452600 total
[2025-05-21T00:35:24.744+0000][73][trace][gc,age      ] GC(35) - age   2:     268192 bytes,    2720792 total
[2025-05-21T00:35:24.745+0000][73][trace][gc,age      ] GC(35) - age   3:     140552 bytes,    2861344 total
[2025-05-21T00:35:24.745+0000][73][trace][gc,age      ] GC(35) - age   4:     105184 bytes,    2966528 total
[2025-05-21T00:35:24.746+0000][73][trace][gc,age      ] GC(35) - age   5:      68784 bytes,    3035312 total
[2025-05-21T00:35:24.747+0000][73][trace][gc,age      ] GC(35) - age   6:     117664 bytes,    3152976 total
[2025-05-21T00:35:24.747+0000][73][trace][gc,age      ] GC(35) - age   7:     103344 bytes,    3256320 total
[2025-05-21T00:35:24.748+0000][73][trace][gc,age      ] GC(35) - age   8:     115168 bytes,    3371488 total
[2025-05-21T00:35:24.748+0000][73][trace][gc,age      ] GC(35) - age   9:    1166864 bytes,    4538352 total
[2025-05-21T00:35:24.748+0000][73][trace][gc,age      ] GC(35) - age  10:     116880 bytes,    4655232 total
[2025-05-21T00:35:24.749+0000][73][trace][gc,age      ] GC(35) - age  11:     106432 bytes,    4761664 total
[2025-05-21T00:35:24.749+0000][73][trace][gc,age      ] GC(35) - age  12:     135704 bytes,    4897368 total
[2025-05-21T00:35:24.749+0000][73][trace][gc,age      ] GC(35) - age  13:     131200 bytes,    5028568 total
[2025-05-21T00:35:24.750+0000][73][trace][gc,age      ] GC(35) - age  14:     151520 bytes,    5180088 total
[2025-05-21T00:35:24.751+0000][73][trace][gc,age      ] GC(35) - age  15:     163128 bytes,    5343216 total
[2025-05-21T00:35:24.751+0000][73][info ][gc,heap     ] GC(35) Eden regions: 580->0(580)
[2025-05-21T00:35:24.752+0000][73][info ][gc,heap     ] GC(35) Survivor regions: 2->2(73)
[2025-05-21T00:35:24.753+0000][73][info ][gc,heap     ] GC(35) Old regions: 28->28
[2025-05-21T00:35:24.753+0000][73][info ][gc,heap     ] GC(35) Humongous regions: 0->0
[2025-05-21T00:35:24.754+0000][73][info ][gc,metaspace] GC(35) Metaspace: 147062K(153408K)->147062K(153408K) NonClass: 127592K(131456K)->127592K(131456K) Class: 19469K(21952K)->19469K(21952K)
[2025-05-21T00:35:24.755+0000][73][info ][gc          ] GC(35) Pause Young (Concurrent Start) (G1 Evacuation Pause) 2435M->117M(3880M) 248.525ms
[2025-05-21T00:35:24.755+0000][73][info ][gc,cpu      ] GC(35) User=1.15s Sys=0.03s Real=0.25s
[2025-05-21T00:35:24.756+0000][73][info ][gc          ] GC(36) Concurrent Mark Cycle
[2025-05-21T00:35:24.756+0000][73][info ][safepoint   ] Safepoint "G1CollectForAllocation", Time since last: 339724326 ns, Reaching safepoint: 28983 ns, Cleanup: 7132 ns, At safepoint: 251093732 ns, Total: 251129847 ns
[2025-05-21T00:35:24.757+0000][73][info ][gc,marking  ] GC(36) Concurrent Scan Root Regions
[2025-05-21T00:35:24.934+0000][73][info ][gc,marking  ] GC(36) Concurrent Scan Root Regions 177.360ms
[2025-05-21T00:35:24.936+0000][73][info ][gc,marking  ] GC(36) Concurrent Mark
[2025-05-21T00:35:24.936+0000][73][info ][gc,marking  ] GC(36) Concurrent Mark From Roots
[2025-05-21T00:35:24.937+0000][73][info ][gc,task     ] GC(36) Using 3 workers of 3 for marking
[2025-05-21T00:35:25.538+0000][73][info ][gc,marking  ] GC(36) Concurrent Mark From Roots 601.505ms
[2025-05-21T00:35:25.539+0000][73][info ][gc,marking  ] GC(36) Concurrent Preclean
[2025-05-21T00:35:25.540+0000][73][info ][gc,marking  ] GC(36) Concurrent Preclean 1.645ms
[2025-05-21T00:35:25.543+0000][73][info ][gc,start    ] GC(36) Pause Remark
[2025-05-21T00:35:27.168+0000][73][info ][gc,mmu      ] GC(36) MMU target violated: 201.0ms (200.0ms/201.0ms)
[2025-05-21T00:35:27.175+0000][73][info ][gc          ] GC(36) Pause Remark 136M->136M(3880M) 1631.502ms
[2025-05-21T00:35:27.180+0000][73][info ][gc,cpu      ] GC(36) User=13.04s Sys=0.00s Real=1.64s
[2025-05-21T00:35:27.187+0000][73][info ][safepoint   ] Safepoint "G1PauseRemark", Time since last: 786938242 ns, Reaching safepoint: 32342 ns, Cleanup: 6135 ns, At safepoint: 1644008371 ns, Total: 1644046848 ns
[2025-05-21T00:35:27.191+0000][73][info ][gc,marking  ] GC(36) Concurrent Mark 2254.865ms
[2025-05-21T00:35:27.194+0000][73][info ][gc,marking  ] GC(36) Concurrent Rebuild Remembered Sets and Scrub Regions
[2025-05-21T00:35:27.580+0000][73][info ][gc,marking  ] GC(36) Concurrent Rebuild Remembered Sets and Scrub Regions 386.557ms
[2025-05-21T00:35:27.597+0000][73][info ][gc,start    ] GC(36) Pause Cleanup
[2025-05-21T00:35:27.600+0000][73][info ][gc          ] GC(36) Pause Cleanup 139M->139M(3880M) 3.232ms
[2025-05-21T00:35:27.611+0000][73][info ][gc,cpu      ] GC(36) User=0.00s Sys=0.00s Real=0.02s
[2025-05-21T00:35:27.618+0000][73][info ][safepoint   ] Safepoint "G1PauseCleanup", Time since last: 403549903 ns, Reaching safepoint: 5657321 ns, Cleanup: 323029 ns, At safepoint: 21138158 ns, Total: 27118508 ns
[2025-05-21T00:35:27.626+0000][73][info ][gc,marking  ] GC(36) Concurrent Clear Claimed Marks
[2025-05-21T00:35:27.627+0000][73][info ][gc,marking  ] GC(36) Concurrent Clear Claimed Marks 1.052ms
[2025-05-21T00:35:27.630+0000][73][info ][gc,marking  ] GC(36) Concurrent Cleanup for Next Mark
[2025-05-21T00:35:27.852+0000][73][info ][gc,marking  ] GC(36) Concurrent Cleanup for Next Mark 221.502ms
[2025-05-21T00:35:27.855+0000][73][info ][gc          ] GC(36) Concurrent Mark Cycle 3099.108ms
[2025-05-21T00:35:54.998+0000][73][info ][safepoint   ] Safepoint "Cleanup", Time since last: 27382535656 ns, Reaching safepoint: 175188 ns, Cleanup: 20379 ns, At safepoint: 45708 ns, Total: 241275 ns
[2025-05-21T00:37:24.232+0000][73][info ][safepoint   ] Safepoint "Cleanup", Time since last: 89241277245 ns, Reaching safepoint: 34209 ns, Cleanup: 23288 ns, At safepoint: 18898 ns, Total: 76395 ns
[2025-05-21T00:39:30.537+0000][73][info ][safepoint   ] Safepoint "Cleanup", Time since last: 126314966603 ns, Reaching safepoint: 44793 ns, Cleanup: 15626 ns, At safepoint: 73110 ns, Total: 133529 ns
[2025-05-21T00:42:24.398+0000][73][info ][safepoint   ] Safepoint "Cleanup", Time since last: 173875960124 ns, Reaching safepoint: 42846 ns, Cleanup: 19201 ns, At safepoint: 13529 ns, Total: 75576 ns
[2025-05-21T00:42:33.400+0000][73][info ][safepoint   ] Safepoint "Cleanup", Time since last: 9002057475 ns, Reaching safepoint: 68760 ns, Cleanup: 22913 ns, At safepoint: 17301 ns, Total: 108974 ns
[2025-05-21T00:45:03.236+0000][73][info ][safepoint   ] Safepoint "Cleanup", Time since last: 149848219108 ns, Reaching safepoint: 86855 ns, Cleanup: 20941 ns, At safepoint: 13031 ns, Total: 120827 ns
[2025-05-21T00:45:18.920+0000][73][info ][safepoint   ] Safepoint "Cleanup", Time since last: 15683406302 ns, Reaching safepoint: 21742 ns, Cleanup: 114246 ns, At safepoint: 91431 ns, Total: 227419 ns
[2025-05-21T00:49:37.578+0000][73][info ][safepoint   ] Safepoint "Cleanup", Time since last: 258679031116 ns, Reaching safepoint: 32410 ns, Cleanup: 24859 ns, At safepoint: 26565 ns, Total: 83834 ns
[2025-05-21T00:50:23.738+0000][73][info ][safepoint   ] Safepoint "Cleanup", Time since last: 46164591290 ns, Reaching safepoint: 38744 ns, Cleanup: 179517 ns, At safepoint: 34353 ns, Total: 252614 ns
[2025-05-21T00:50:34.831+0000][73][info ][safepoint   ] Safepoint "Cleanup", Time since last: 11092206273 ns, Reaching safepoint: 125283 ns, Cleanup: 13559 ns, At safepoint: 70462 ns, Total: 209304 ns
[2025-05-21T00:50:35.847+0000][73][info ][safepoint   ] Safepoint "Cleanup", Time since last: 1016203451 ns, Reaching safepoint: 17983 ns, Cleanup: 55305 ns, At safepoint: 91992 ns, Total: 165280 ns
[2025-05-21T00:51:36.880+0000][73][info ][safepoint   ] Safepoint "Cleanup", Time since last: 61037351712 ns, Reaching safepoint: 14863 ns, Cleanup: 11724 ns, At safepoint: 6077 ns, Total: 32664 ns
[2025-05-21T00:51:37.906+0000][73][info ][safepoint   ] Safepoint "Cleanup", Time since last: 1025835830 ns, Reaching safepoint: 30438 ns, Cleanup: 17624 ns, At safepoint: 11807 ns, Total: 59869 ns
[2025-05-21T00:51:57.908+0000][73][info ][safepoint   ] Safepoint "Cleanup", Time since last: 20003656306 ns, Reaching safepoint: 40942 ns, Cleanup: 19947 ns, At safepoint: 20727 ns, Total: 81616 ns
[2025-05-21T00:54:40.089+0000][73][info ][safepoint   ] Safepoint "Cleanup", Time since last: 162192672008 ns, Reaching safepoint: 195129 ns, Cleanup: 12443 ns, At safepoint: 48998 ns, Total: 256570 ns
[2025-05-21T00:54:51.223+0000][73][info ][safepoint   ] Safepoint "Cleanup", Time since last: 11133892905 ns, Reaching safepoint: 35560 ns, Cleanup: 17230 ns, At safepoint: 18745 ns, Total: 71535 ns
[2025-05-21T00:55:15.412+0000][73][info ][safepoint   ] Safepoint "Cleanup", Time since last: 24190366074 ns, Reaching safepoint: 31624 ns, Cleanup: 19387 ns, At safepoint: 17041 ns, Total: 68052 ns
[2025-05-21T00:56:23.943+0000][73][info ][safepoint   ] Safepoint "Cleanup", Time since last: 68538731542 ns, Reaching safepoint: 98450 ns, Cleanup: 21738 ns, At safepoint: 18029 ns, Total: 138217 ns
[2025-05-21T00:56:50.949+0000][73][info ][safepoint   ] Safepoint "Cleanup", Time since last: 27005150382 ns, Reaching safepoint: 41020 ns, Cleanup: 17716 ns, At safepoint: 16365 ns, Total: 75101 ns
[2025-05-21T00:58:26.011+0000][73][info ][safepoint   ] Safepoint "Cleanup", Time since last: 95070785581 ns, Reaching safepoint: 35959 ns, Cleanup: 20051 ns, At safepoint: 18241 ns, Total: 74251 ns
[2025-05-21T01:00:00.652+0000][73][info ][safepoint   ] Safepoint "Cleanup", Time since last: 94646953663 ns, Reaching safepoint: 98292 ns, Cleanup: 10605 ns, At safepoint: 20110 ns, Total: 129007 ns
[2025-05-21T01:00:01.722+0000][73][info ][safepoint   ] Safepoint "Cleanup", Time since last: 1069850672 ns, Reaching safepoint: 103810 ns, Cleanup: 13951 ns, At safepoint: 34721 ns, Total: 152482 ns
[2025-05-21T01:03:12.023+0000][73][info ][safepoint   ] Safepoint "Cleanup", Time since last: 190317121939 ns, Reaching safepoint: 35111 ns, Cleanup: 23072 ns, At safepoint: 15094 ns, Total: 73277 ns
[2025-05-21T01:05:15.994+0000][73][info ][safepoint   ] Safepoint "Cleanup", Time since last: 123977894094 ns, Reaching safepoint: 27284 ns, Cleanup: 18074 ns, At safepoint: 84115 ns, Total: 129473 ns
[2025-05-21T01:07:21.676+0000][73][info ][safepoint   ] Safepoint "Cleanup", Time since last: 125690749857 ns, Reaching safepoint: 15142 ns, Cleanup: 11539 ns, At safepoint: 5731 ns, Total: 32412 ns
[2025-05-21T01:08:24.357+0000][73][info ][safepoint   ] Safepoint "Cleanup", Time since last: 62687351705 ns, Reaching safepoint: 201030 ns, Cleanup: 122571 ns, At safepoint: 35370 ns, Total: 358971 ns
[2025-05-21T01:11:12.774+0000][73][info ][safepoint   ] Safepoint "Cleanup", Time since last: 168428768271 ns, Reaching safepoint: 65426 ns, Cleanup: 15460 ns, At safepoint: 11507 ns, Total: 92393 ns
[2025-05-21T01:20:04.071+0000][73][info ][safepoint   ] Safepoint "Cleanup", Time since last: 531343933940 ns, Reaching safepoint: 56236 ns, Cleanup: 216681 ns, At safepoint: 143900 ns, Total: 416817 ns
[2025-05-21T01:22:09.605+0000][73][info ][gc,start    ] GC(37) Pause Young (Prepare Mixed) (G1 Evacuation Pause)
[2025-05-21T01:22:09.612+0000][73][info ][gc,task     ] GC(37) Using 10 workers of 10 for evacuation
[2025-05-21T01:22:09.613+0000][73][debug][gc,age      ] GC(37) Desired survivor size 153092096 bytes, new threshold 15 (max threshold 15)
[2025-05-21T01:22:09.916+0000][73][info ][gc,mmu      ] GC(37) MMU target violated: 201.0ms (200.0ms/201.0ms)
[2025-05-21T01:22:09.917+0000][73][info ][gc,phases   ] GC(37)   Pre Evacuate Collection Set: 28.61ms
[2025-05-21T01:22:09.917+0000][73][info ][gc,phases   ] GC(37)   Merge Heap Roots: 8.06ms
[2025-05-21T01:22:09.917+0000][73][info ][gc,phases   ] GC(37)   Evacuate Collection Set: 222.00ms
[2025-05-21T01:22:09.918+0000][73][info ][gc,phases   ] GC(37)   Post Evacuate Collection Set: 41.74ms
[2025-05-21T01:22:09.919+0000][73][info ][gc,phases   ] GC(37)   Other: 5.80ms
[2025-05-21T01:22:09.919+0000][73][trace][gc,age      ] GC(37) Age table with threshold 15 (max threshold 15)
[2025-05-21T01:22:09.920+0000][73][trace][gc,age      ] GC(37) - age   1:    1065184 bytes,    1065184 total
[2025-05-21T01:22:09.920+0000][73][trace][gc,age      ] GC(37) - age   2:     876040 bytes,    1941224 total
[2025-05-21T01:22:09.921+0000][73][trace][gc,age      ] GC(37) - age   3:     186496 bytes,    2127720 total
[2025-05-21T01:22:09.921+0000][73][trace][gc,age      ] GC(37) - age   4:     140104 bytes,    2267824 total
[2025-05-21T01:22:09.921+0000][73][trace][gc,age      ] GC(37) - age   5:     105080 bytes,    2372904 total
[2025-05-21T01:22:09.922+0000][73][trace][gc,age      ] GC(37) - age   6:      68352 bytes,    2441256 total
[2025-05-21T01:22:09.922+0000][73][trace][gc,age      ] GC(37) - age   7:     117400 bytes,    2558656 total
[2025-05-21T01:22:09.923+0000][73][trace][gc,age      ] GC(37) - age   8:     103344 bytes,    2662000 total
[2025-05-21T01:22:09.924+0000][73][trace][gc,age      ] GC(37) - age   9:     115168 bytes,    2777168 total
[2025-05-21T01:22:09.924+0000][73][trace][gc,age      ] GC(37) - age  10:    1166664 bytes,    3943832 total
[2025-05-21T01:22:09.925+0000][73][trace][gc,age      ] GC(37) - age  11:     116848 bytes,    4060680 total
[2025-05-21T01:22:09.925+0000][73][trace][gc,age      ] GC(37) - age  12:     106432 bytes,    4167112 total
[2025-05-21T01:22:09.926+0000][73][trace][gc,age      ] GC(37) - age  13:     135704 bytes,    4302816 total
[2025-05-21T01:22:09.926+0000][73][trace][gc,age      ] GC(37) - age  14:     131200 bytes,    4434016 total
[2025-05-21T01:22:09.926+0000][73][trace][gc,age      ] GC(37) - age  15:     151520 bytes,    4585536 total
[2025-05-21T01:22:09.927+0000][73][info ][gc,heap     ] GC(37) Eden regions: 580->0(580)
[2025-05-21T01:22:09.927+0000][73][info ][gc,heap     ] GC(37) Survivor regions: 2->2(73)
[2025-05-21T01:22:09.928+0000][73][info ][gc,heap     ] GC(37) Old regions: 28->28
[2025-05-21T01:22:09.928+0000][73][info ][gc,heap     ] GC(37) Humongous regions: 0->0
[2025-05-21T01:22:09.930+0000][73][info ][gc,metaspace] GC(37) Metaspace: 146970K(153408K)->146970K(153408K) NonClass: 127532K(131456K)->127532K(131456K) Class: 19437K(21952K)->19437K(21952K)
[2025-05-21T01:22:09.932+0000][73][info ][gc          ] GC(37) Pause Young (Prepare Mixed) (G1 Evacuation Pause) 2437M->116M(3880M) 326.624ms
[2025-05-21T01:22:09.933+0000][73][info ][gc,cpu      ] GC(37) User=1.74s Sys=0.10s Real=0.32s
[2025-05-21T01:22:09.933+0000][73][info ][safepoint   ] Safepoint "G1CollectForAllocation", Time since last: 125540730325 ns, Reaching safepoint: 29724 ns, Cleanup: 7450 ns, At safepoint: 332586636 ns, Total: 332623810 ns
[2025-05-21T01:28:21.684+0000][73][info ][safepoint   ] Safepoint "Cleanup", Time since last: 371781124194 ns, Reaching safepoint: 785408 ns, Cleanup: 245242 ns, At safepoint: 225403 ns, Total: 1256053 ns
[2025-05-21T01:29:57.852+0000][73][info ][safepoint   ] Safepoint "Cleanup", Time since last: 96177813925 ns, Reaching safepoint: 43742 ns, Cleanup: 234853 ns, At safepoint: 28394 ns, Total: 306989 ns
[2025-05-21T01:30:00.883+0000][73][info ][safepoint   ] Safepoint "Cleanup", Time since last: 3030560260 ns, Reaching safepoint: 34545 ns, Cleanup: 14355 ns, At safepoint: 76327 ns, Total: 125227 ns
[2025-05-21T01:32:23.654+0000][73][info ][safepoint   ] Safepoint "Cleanup", Time since last: 142783873827 ns, Reaching safepoint: 37552 ns, Cleanup: 18714 ns, At safepoint: 19034 ns, Total: 75300 ns
[2025-05-21T01:33:06.639+0000][73][info ][safepoint   ] Safepoint "Cleanup", Time since last: 42987804901 ns, Reaching safepoint: 18237 ns, Cleanup: 18620 ns, At safepoint: 25079 ns, Total: 61936 ns
[2025-05-21T01:33:08.245+0000][73][info ][safepoint   ] Safepoint "Cleanup", Time since last: 1605984510 ns, Reaching safepoint: 30749 ns, Cleanup: 34585 ns, At safepoint: 19730 ns, Total: 85064 ns
[2025-05-21T01:33:23.686+0000][73][info ][safepoint   ] Safepoint "Cleanup", Time since last: 15443654737 ns, Reaching safepoint: 27457 ns, Cleanup: 34714 ns, At safepoint: 12675 ns, Total: 74846 ns
[2025-05-21T01:33:36.841+0000][73][info ][safepoint   ] Safepoint "Cleanup", Time since last: 13154065313 ns, Reaching safepoint: 19562 ns, Cleanup: 249227 ns, At safepoint: 105630 ns, Total: 374419 ns
[2025-05-21T01:34:23.719+0000][73][info ][safepoint   ] Safepoint "Cleanup", Time since last: 46883183502 ns, Reaching safepoint: 31940 ns, Cleanup: 17195 ns, At safepoint: 12433 ns, Total: 61568 ns
[2025-05-21T01:37:23.824+0000][73][info ][safepoint   ] Safepoint "Cleanup", Time since last: 180119946082 ns, Reaching safepoint: 32708 ns, Cleanup: 21095 ns, At safepoint: 20940 ns, Total: 74743 ns
[2025-05-21T01:37:57.569+0000][73][info ][safepoint   ] Safepoint "Cleanup", Time since last: 33747612258 ns, Reaching safepoint: 369264 ns, Cleanup: 16958 ns, At safepoint: 64127 ns, Total: 450349 ns
[2025-05-21T01:37:58.725+0000][73][info ][safepoint   ] Safepoint "Cleanup", Time since last: 1155909731 ns, Reaching safepoint: 35710 ns, Cleanup: 38550 ns, At safepoint: 19514 ns, Total: 93774 ns
[2025-05-21T01:38:00.726+0000][73][info ][safepoint   ] Safepoint "Cleanup", Time since last: 2000982453 ns, Reaching safepoint: 37784 ns, Cleanup: 20439 ns, At safepoint: 13082 ns, Total: 71305 ns
[2025-05-21T01:40:15.618+0000][73][info ][safepoint   ] Safepoint "Cleanup", Time since last: 134901498988 ns, Reaching safepoint: 95846 ns, Cleanup: 12057 ns, At safepoint: 35341 ns, Total: 143244 ns
[2025-05-21T01:41:01.150+0000][73][info ][safepoint   ] Safepoint "Cleanup", Time since last: 45536936319 ns, Reaching safepoint: 33523 ns, Cleanup: 20627 ns, At safepoint: 17619 ns, Total: 71769 ns
[2025-05-21T01:41:04.151+0000][73][info ][safepoint   ] Safepoint "Cleanup", Time since last: 3001030976 ns, Reaching safepoint: 37002 ns, Cleanup: 20821 ns, At safepoint: 15551 ns, Total: 73374 ns
[2025-05-21T01:41:10.153+0000][73][info ][safepoint   ] Safepoint "Cleanup", Time since last: 6001700425 ns, Reaching safepoint: 62026 ns, Cleanup: 16480 ns, At safepoint: 14712 ns, Total: 93218 ns
[2025-05-21T01:41:59.959+0000][73][info ][safepoint   ] Safepoint "Cleanup", Time since last: 49810823469 ns, Reaching safepoint: 101369 ns, Cleanup: 16939 ns, At safepoint: 14787 ns, Total: 133095 ns
[2025-05-21T01:42:16.212+0000][73][info ][safepoint   ] Safepoint "Cleanup", Time since last: 16252710934 ns, Reaching safepoint: 132334 ns, Cleanup: 23697 ns, At safepoint: 15484 ns, Total: 171515 ns
[2025-05-21T01:42:19.990+0000][73][info ][safepoint   ] Safepoint "Cleanup", Time since last: 3777800897 ns, Reaching safepoint: 14738 ns, Cleanup: 16357 ns, At safepoint: 22601 ns, Total: 53696 ns
[2025-05-21T01:45:17.444+0000][73][info ][safepoint   ] Safepoint "Cleanup", Time since last: 177468430171 ns, Reaching safepoint: 82946 ns, Cleanup: 99516 ns, At safepoint: 19495 ns, Total: 201957 ns
[2025-05-21T01:46:10.632+0000][73][info ][safepoint   ] Safepoint "Cleanup", Time since last: 53192295563 ns, Reaching safepoint: 18308 ns, Cleanup: 18514 ns, At safepoint: 72096 ns, Total: 108918 ns
[2025-05-21T01:50:19.246+0000][73][info ][safepoint   ] Safepoint "Cleanup", Time since last: 248632701535 ns, Reaching safepoint: 43424 ns, Cleanup: 23093 ns, At safepoint: 125423 ns, Total: 191940 ns
[2025-05-21T01:50:20.492+0000][73][info ][safepoint   ] Safepoint "Cleanup", Time since last: 1246227678 ns, Reaching safepoint: 9015 ns, Cleanup: 13465 ns, At safepoint: 3717 ns, Total: 26197 ns
[2025-05-21T02:00:16.501+0000][73][info ][safepoint   ] Safepoint "Cleanup", Time since last: 596053950462 ns, Reaching safepoint: 150981 ns, Cleanup: 370677 ns, At safepoint: 179100 ns, Total: 700758 ns
[2025-05-21T02:01:23.875+0000][73][info ][safepoint   ] Safepoint "Cleanup", Time since last: 67381374061 ns, Reaching safepoint: 31208 ns, Cleanup: 15625 ns, At safepoint: 12346 ns, Total: 59179 ns
[2025-05-21T02:01:36.877+0000][73][info ][safepoint   ] Safepoint "Cleanup", Time since last: 13002145211 ns, Reaching safepoint: 34436 ns, Cleanup: 14553 ns, At safepoint: 11613 ns, Total: 60602 ns
[2025-05-21T02:02:29.904+0000][73][info ][safepoint   ] Safepoint "Cleanup", Time since last: 53030632424 ns, Reaching safepoint: 21958 ns, Cleanup: 13709 ns, At safepoint: 10110 ns, Total: 45777 ns
[2025-05-21T02:02:39.906+0000][73][info ][safepoint   ] Safepoint "Cleanup", Time since last: 10002392722 ns, Reaching safepoint: 36365 ns, Cleanup: 18499 ns, At safepoint: 18666 ns, Total: 73530 ns
[2025-05-21T02:02:49.910+0000][73][info ][safepoint   ] Safepoint "Cleanup", Time since last: 10003857710 ns, Reaching safepoint: 50579 ns, Cleanup: 12604 ns, At safepoint: 11050 ns, Total: 74233 ns
[2025-05-21T02:05:06.950+0000][73][info ][safepoint   ] Safepoint "Cleanup", Time since last: 137050759479 ns, Reaching safepoint: 30200 ns, Cleanup: 26543 ns, At safepoint: 83949 ns, Total: 140692 ns
[2025-05-21T02:05:08.898+0000][73][info ][safepoint   ] Safepoint "Cleanup", Time since last: 1948727946 ns, Reaching safepoint: 29268 ns, Cleanup: 16449 ns, At safepoint: 13890 ns, Total: 59607 ns
[2025-05-21T02:05:27.876+0000][73][info ][safepoint   ] Safepoint "Cleanup", Time since last: 18979965809 ns, Reaching safepoint: 7592 ns, Cleanup: 8190 ns, At safepoint: 3369 ns, Total: 19151 ns
[2025-05-21T02:05:28.899+0000][73][info ][safepoint   ] Safepoint "Cleanup", Time since last: 1022296473 ns, Reaching safepoint: 26554 ns, Cleanup: 15074 ns, At safepoint: 13979 ns, Total: 55607 ns
[2025-05-21T02:09:09.856+0000][73][info ][gc,start    ] GC(38) Pause Young (Mixed) (G1 Evacuation Pause)
[2025-05-21T02:09:09.860+0000][73][info ][gc,task     ] GC(38) Using 10 workers of 10 for evacuation
[2025-05-21T02:09:09.861+0000][73][debug][gc,age      ] GC(38) Desired survivor size 153092096 bytes, new threshold 15 (max threshold 15)
[2025-05-21T02:09:10.032+0000][73][info ][gc,phases   ] GC(38)   Pre Evacuate Collection Set: 11.98ms
[2025-05-21T02:09:10.032+0000][73][info ][gc,phases   ] GC(38)   Merge Heap Roots: 3.23ms
[2025-05-21T02:09:10.032+0000][73][info ][gc,phases   ] GC(38)   Evacuate Collection Set: 138.82ms
[2025-05-21T02:09:10.034+0000][73][info ][gc,phases   ] GC(38)   Post Evacuate Collection Set: 14.06ms
[2025-05-21T02:09:10.037+0000][73][info ][gc,phases   ] GC(38)   Other: 4.31ms
[2025-05-21T02:09:10.037+0000][73][trace][gc,age      ] GC(38) Age table with threshold 15 (max threshold 15)
[2025-05-21T02:09:10.038+0000][73][trace][gc,age      ] GC(38) - age   1:    1567352 bytes,    1567352 total
[2025-05-21T02:09:10.040+0000][73][trace][gc,age      ] GC(38) - age   2:     129592 bytes,    1696944 total
[2025-05-21T02:09:10.041+0000][73][trace][gc,age      ] GC(38) - age   3:     550584 bytes,    2247528 total
[2025-05-21T02:09:10.041+0000][73][trace][gc,age      ] GC(38) - age   4:     185720 bytes,    2433248 total
[2025-05-21T02:09:10.041+0000][73][trace][gc,age      ] GC(38) - age   5:     123552 bytes,    2556800 total
[2025-05-21T02:09:10.043+0000][73][trace][gc,age      ] GC(38) - age   6:     105008 bytes,    2661808 total
[2025-05-21T02:09:10.044+0000][73][trace][gc,age      ] GC(38) - age   7:      68256 bytes,    2730064 total
[2025-05-21T02:09:10.045+0000][73][trace][gc,age      ] GC(38) - age   8:     117208 bytes,    2847272 total
[2025-05-21T02:09:10.045+0000][73][trace][gc,age      ] GC(38) - age   9:     103344 bytes,    2950616 total
[2025-05-21T02:09:10.046+0000][73][trace][gc,age      ] GC(38) - age  10:     115128 bytes,    3065744 total
[2025-05-21T02:09:10.046+0000][73][trace][gc,age      ] GC(38) - age  11:    1166664 bytes,    4232408 total
[2025-05-21T02:09:10.049+0000][73][trace][gc,age      ] GC(38) - age  12:     116848 bytes,    4349256 total
[2025-05-21T02:09:10.049+0000][73][trace][gc,age      ] GC(38) - age  13:     106432 bytes,    4455688 total
[2025-05-21T02:09:10.049+0000][73][trace][gc,age      ] GC(38) - age  14:     135704 bytes,    4591392 total
[2025-05-21T02:09:10.050+0000][73][trace][gc,age      ] GC(38) - age  15:     131200 bytes,    4722592 total
[2025-05-21T02:09:10.050+0000][73][info ][gc,heap     ] GC(38) Eden regions: 580->0(580)
[2025-05-21T02:09:10.050+0000][73][info ][gc,heap     ] GC(38) Survivor regions: 2->2(73)
[2025-05-21T02:09:10.051+0000][73][info ][gc,heap     ] GC(38) Old regions: 28->28
[2025-05-21T02:09:10.051+0000][73][info ][gc,heap     ] GC(38) Humongous regions: 0->0
[2025-05-21T02:09:10.052+0000][73][info ][gc,metaspace] GC(38) Metaspace: 147283K(153408K)->147283K(153408K) NonClass: 127787K(131456K)->127787K(131456K) Class: 19496K(21952K)->19496K(21952K)
[2025-05-21T02:09:10.055+0000][73][info ][gc          ] GC(38) Pause Young (Mixed) (G1 Evacuation Pause) 2436M->116M(3880M) 198.284ms
[2025-05-21T02:09:10.055+0000][73][info ][gc,cpu      ] GC(38) User=1.01s Sys=0.08s Real=0.20s
[2025-05-21T02:09:10.056+0000][73][info ][safepoint   ] Safepoint "G1CollectForAllocation", Time since last: 220972291515 ns, Reaching safepoint: 64900 ns, Cleanup: 5252 ns, At safepoint: 202336130 ns, Total: 202406282 ns
[2025-05-21T02:15:46.585+0000][73][info ][safepoint   ] Safepoint "Cleanup", Time since last: 396558944499 ns, Reaching safepoint: 45873 ns, Cleanup: 12261 ns, At safepoint: 10746 ns, Total: 68880 ns
[2025-05-21T02:19:34.372+0000][73][info ][safepoint   ] Safepoint "Cleanup", Time since last: 227804449971 ns, Reaching safepoint: 67878 ns, Cleanup: 15398 ns, At safepoint: 12838 ns, Total: 96114 ns
[2025-05-21T02:19:58.772+0000][73][info ][safepoint   ] Safepoint "Cleanup", Time since last: 24403165701 ns, Reaching safepoint: 33284 ns, Cleanup: 12272 ns, At safepoint: 9878 ns, Total: 55434 ns
[2025-05-21T02:20:23.397+0000][73][info ][safepoint   ] Safepoint "Cleanup", Time since last: 24626472244 ns, Reaching safepoint: 20900 ns, Cleanup: 13145 ns, At safepoint: 10709 ns, Total: 44754 ns
[2025-05-21T02:20:49.972+0000][73][info ][safepoint   ] Safepoint "Cleanup", Time since last: 26575353257 ns, Reaching safepoint: 146740 ns, Cleanup: 16096 ns, At safepoint: 65514 ns, Total: 228350 ns
[2025-05-21T02:21:52.969+0000][73][info ][safepoint   ] Safepoint "Cleanup", Time since last: 63003380394 ns, Reaching safepoint: 8757 ns, Cleanup: 9254 ns, At safepoint: 3829 ns, Total: 21840 ns
[2025-05-21T02:25:00.882+0000][73][info ][safepoint   ] Safepoint "Cleanup", Time since last: 187925726729 ns, Reaching safepoint: 16250 ns, Cleanup: 11229 ns, At safepoint: 18116 ns, Total: 45595 ns
[2025-05-21T02:26:51.557+0000][73][info ][safepoint   ] Safepoint "Cleanup", Time since last: 110681713791 ns, Reaching safepoint: 26684 ns, Cleanup: 14822 ns, At safepoint: 47488 ns, Total: 88994 ns
[2025-05-21T02:27:58.584+0000][73][info ][safepoint   ] Safepoint "Cleanup", Time since last: 67033328533 ns, Reaching safepoint: 27157 ns, Cleanup: 15980 ns, At safepoint: 49861 ns, Total: 92998 ns
[2025-05-21T02:30:45.541+0000][73][info ][safepoint   ] Safepoint "Cleanup", Time since last: 166965654710 ns, Reaching safepoint: 61796 ns, Cleanup: 15332 ns, At safepoint: 11994 ns, Total: 89122 ns
[2025-05-21T02:31:19.664+0000][73][info ][safepoint   ] Safepoint "Cleanup", Time since last: 34126182151 ns, Reaching safepoint: 17550 ns, Cleanup: 12764 ns, At safepoint: 24167 ns, Total: 54481 ns
[2025-05-21T02:33:06.915+0000][73][info ][safepoint   ] Safepoint "Cleanup", Time since last: 107257274589 ns, Reaching safepoint: 86930 ns, Cleanup: 8689 ns, At safepoint: 29773 ns, Total: 125392 ns
[2025-05-21T02:33:08.724+0000][73][info ][safepoint   ] Safepoint "Cleanup", Time since last: 1809717685 ns, Reaching safepoint: 68542 ns, Cleanup: 24384 ns, At safepoint: 17881 ns, Total: 110807 ns
[2025-05-21T02:33:09.850+0000][73][info ][safepoint   ] Safepoint "Cleanup", Time since last: 1125785407 ns, Reaching safepoint: 14359 ns, Cleanup: 11337 ns, At safepoint: 18665 ns, Total: 44361 ns
[2025-05-21T02:36:15.995+0000][73][info ][safepoint   ] Safepoint "Cleanup", Time since last: 186156117934 ns, Reaching safepoint: 78874 ns, Cleanup: 16962 ns, At safepoint: 16452 ns, Total: 112288 ns
[2025-05-21T02:36:23.857+0000][73][info ][safepoint   ] Safepoint "Cleanup", Time since last: 7864500188 ns, Reaching safepoint: 28380 ns, Cleanup: 16121 ns, At safepoint: 13723 ns, Total: 58224 ns
[2025-05-21T02:37:23.886+0000][73][info ][safepoint   ] Safepoint "Cleanup", Time since last: 60032747879 ns, Reaching safepoint: 37806 ns, Cleanup: 17846 ns, At safepoint: 12747 ns, Total: 68399 ns
[2025-05-21T02:41:52.353+0000][73][info ][safepoint   ] Safepoint "Cleanup", Time since last: 268481322286 ns, Reaching safepoint: 36897 ns, Cleanup: 22888 ns, At safepoint: 18841 ns, Total: 78626 ns
[2025-05-21T02:46:50.142+0000][73][info ][safepoint   ] Safepoint "Cleanup", Time since last: 297807688135 ns, Reaching safepoint: 26496 ns, Cleanup: 14233 ns, At safepoint: 49886 ns, Total: 90615 ns
[2025-05-21T02:46:52.143+0000][73][info ][safepoint   ] Safepoint "Cleanup", Time since last: 2001027249 ns, Reaching safepoint: 30196 ns, Cleanup: 18486 ns, At safepoint: 12244 ns, Total: 60926 ns
[2025-05-21T02:48:18.886+0000][73][info ][safepoint   ] Safepoint "Cleanup", Time since last: 86748617202 ns, Reaching safepoint: 14292 ns, Cleanup: 8995 ns, At safepoint: 5237 ns, Total: 28524 ns
[2025-05-21T02:51:52.281+0000][73][info ][safepoint   ] Safepoint "Cleanup", Time since last: 213408368230 ns, Reaching safepoint: 24154 ns, Cleanup: 15204 ns, At safepoint: 44573 ns, Total: 83931 ns
[2025-05-21T02:56:23.462+0000][73][info ][safepoint   ] Safepoint "Cleanup", Time since last: 271198728567 ns, Reaching safepoint: 27493 ns, Cleanup: 14861 ns, At safepoint: 12579 ns, Total: 54933 ns
[2025-05-21T02:56:31.041+0000][73][info ][gc,start    ] GC(39) Pause Young (Concurrent Start) (G1 Evacuation Pause)
[2025-05-21T02:56:31.042+0000][73][info ][gc,task     ] GC(39) Using 10 workers of 10 for evacuation
[2025-05-21T02:56:31.042+0000][73][debug][gc,age      ] GC(39) Desired survivor size 153092096 bytes, new threshold 15 (max threshold 15)
[2025-05-21T02:56:31.095+0000][73][info ][gc,phases   ] GC(39)   Pre Evacuate Collection Set: 3.80ms
[2025-05-21T02:56:31.095+0000][73][info ][gc,phases   ] GC(39)   Merge Heap Roots: 2.55ms
[2025-05-21T02:56:31.095+0000][73][info ][gc,phases   ] GC(39)   Evacuate Collection Set: 38.23ms
[2025-05-21T02:56:31.096+0000][73][info ][gc,phases   ] GC(39)   Post Evacuate Collection Set: 5.57ms
[2025-05-21T02:56:31.096+0000][73][info ][gc,phases   ] GC(39)   Other: 2.88ms
[2025-05-21T02:56:31.096+0000][73][trace][gc,age      ] GC(39) Age table with threshold 15 (max threshold 15)
[2025-05-21T02:56:31.097+0000][73][trace][gc,age      ] GC(39) - age   1:    1886816 bytes,    1886816 total
[2025-05-21T02:56:31.097+0000][73][trace][gc,age      ] GC(39) - age   2:     381840 bytes,    2268656 total
[2025-05-21T02:56:31.097+0000][73][trace][gc,age      ] GC(39) - age   3:     119984 bytes,    2388640 total
[2025-05-21T02:56:31.098+0000][73][trace][gc,age      ] GC(39) - age   4:     549152 bytes,    2937792 total
[2025-05-21T02:56:31.098+0000][73][trace][gc,age      ] GC(39) - age   5:     185152 bytes,    3122944 total
[2025-05-21T02:56:31.098+0000][73][trace][gc,age      ] GC(39) - age   6:     123072 bytes,    3246016 total
[2025-05-21T02:56:31.098+0000][73][trace][gc,age      ] GC(39) - age   7:     105008 bytes,    3351024 total
[2025-05-21T02:56:31.099+0000][73][trace][gc,age      ] GC(39) - age   8:      68256 bytes,    3419280 total
[2025-05-21T02:56:31.099+0000][73][trace][gc,age      ] GC(39) - age   9:     117032 bytes,    3536312 total
[2025-05-21T02:56:31.099+0000][73][trace][gc,age      ] GC(39) - age  10:     103344 bytes,    3639656 total
[2025-05-21T02:56:31.100+0000][73][trace][gc,age      ] GC(39) - age  11:     115128 bytes,    3754784 total
[2025-05-21T02:56:31.100+0000][73][trace][gc,age      ] GC(39) - age  12:    1166528 bytes,    4921312 total
[2025-05-21T02:56:31.100+0000][73][trace][gc,age      ] GC(39) - age  13:     116848 bytes,    5038160 total
[2025-05-21T02:56:31.101+0000][73][trace][gc,age      ] GC(39) - age  14:     106432 bytes,    5144592 total
[2025-05-21T02:56:31.101+0000][73][trace][gc,age      ] GC(39) - age  15:     135704 bytes,    5280296 total
[2025-05-21T02:56:31.101+0000][73][info ][gc,heap     ] GC(39) Eden regions: 580->0(580)
[2025-05-21T02:56:31.101+0000][73][info ][gc,heap     ] GC(39) Survivor regions: 2->2(73)
[2025-05-21T02:56:31.102+0000][73][info ][gc,heap     ] GC(39) Old regions: 28->28
[2025-05-21T02:56:31.102+0000][73][info ][gc,heap     ] GC(39) Humongous regions: 0->0
[2025-05-21T02:56:31.102+0000][73][info ][gc,metaspace] GC(39) Metaspace: 147306K(153408K)->147306K(153408K) NonClass: 127810K(131456K)->127810K(131456K) Class: 19496K(21952K)->19496K(21952K)
[2025-05-21T02:56:31.103+0000][73][info ][gc          ] GC(39) Pause Young (Concurrent Start) (G1 Evacuation Pause) 2436M->117M(3880M) 62.899ms
[2025-05-21T02:56:31.104+0000][73][info ][gc,cpu      ] GC(39) User=0.20s Sys=0.00s Real=0.07s
[2025-05-21T02:56:31.105+0000][73][info ][safepoint   ] Safepoint "G1CollectForAllocation", Time since last: 7578635095 ns, Reaching safepoint: 21354 ns, Cleanup: 4715 ns, At safepoint: 64322691 ns, Total: 64348760 ns
[2025-05-21T02:56:31.105+0000][73][info ][gc          ] GC(40) Concurrent Mark Cycle
[2025-05-21T02:56:31.106+0000][73][info ][gc,marking  ] GC(40) Concurrent Scan Root Regions
[2025-05-21T02:56:31.193+0000][73][info ][gc,marking  ] GC(40) Concurrent Scan Root Regions 87.420ms
[2025-05-21T02:56:31.194+0000][73][info ][gc,marking  ] GC(40) Concurrent Mark
[2025-05-21T02:56:31.194+0000][73][info ][gc,marking  ] GC(40) Concurrent Mark From Roots
[2025-05-21T02:56:31.195+0000][73][info ][gc,task     ] GC(40) Using 3 workers of 3 for marking
[2025-05-21T02:56:31.411+0000][73][info ][gc,marking  ] GC(40) Concurrent Mark From Roots 217.087ms
[2025-05-21T02:56:31.412+0000][73][info ][gc,marking  ] GC(40) Concurrent Preclean
[2025-05-21T02:56:31.413+0000][73][info ][gc,marking  ] GC(40) Concurrent Preclean 1.466ms
[2025-05-21T02:56:31.414+0000][73][info ][gc,start    ] GC(40) Pause Remark
[2025-05-21T02:56:31.547+0000][73][info ][gc          ] GC(40) Pause Remark 125M->125M(3880M) 133.138ms
[2025-05-21T02:56:31.547+0000][73][info ][gc,cpu      ] GC(40) User=1.16s Sys=0.00s Real=0.13s
[2025-05-21T02:56:31.548+0000][73][info ][safepoint   ] Safepoint "G1PauseRemark", Time since last: 309240488 ns, Reaching safepoint: 28604 ns, Cleanup: 6142 ns, At safepoint: 134037609 ns, Total: 134072355 ns
[2025-05-21T02:56:31.548+0000][73][info ][gc,marking  ] GC(40) Concurrent Mark 354.439ms
[2025-05-21T02:56:31.549+0000][73][info ][gc,marking  ] GC(40) Concurrent Rebuild Remembered Sets and Scrub Regions
[2025-05-21T02:56:31.593+0000][73][info ][gc,marking  ] GC(40) Concurrent Rebuild Remembered Sets and Scrub Regions 44.054ms
[2025-05-21T02:56:31.594+0000][73][info ][gc,start    ] GC(40) Pause Cleanup
[2025-05-21T02:56:31.596+0000][73][info ][gc          ] GC(40) Pause Cleanup 125M->125M(3880M) 2.051ms
[2025-05-21T02:56:31.596+0000][73][info ][gc,cpu      ] GC(40) User=0.00s Sys=0.00s Real=0.00s
[2025-05-21T02:56:31.597+0000][73][info ][safepoint   ] Safepoint "G1PauseCleanup", Time since last: 45797046 ns, Reaching safepoint: 27049 ns, Cleanup: 51472 ns, At safepoint: 2955634 ns, Total: 3034155 ns
[2025-05-21T02:56:31.597+0000][73][info ][gc,marking  ] GC(40) Concurrent Clear Claimed Marks
[2025-05-21T02:56:31.598+0000][73][info ][gc,marking  ] GC(40) Concurrent Clear Claimed Marks 0.575ms
[2025-05-21T02:56:31.598+0000][73][info ][gc,marking  ] GC(40) Concurrent Cleanup for Next Mark
[2025-05-21T02:56:31.668+0000][73][info ][gc,marking  ] GC(40) Concurrent Cleanup for Next Mark 69.572ms
[2025-05-21T02:56:31.668+0000][73][info ][gc          ] GC(40) Concurrent Mark Cycle 562.920ms
[2025-05-21T03:00:10.249+0000][73][info ][safepoint   ] Safepoint "Cleanup", Time since last: 218665498534 ns, Reaching safepoint: 63016 ns, Cleanup: 17245 ns, At safepoint: 14580 ns, Total: 94841 ns
[2025-05-21T03:00:42.862+0000][73][info ][safepoint   ] Safepoint "Cleanup", Time since last: 32614373794 ns, Reaching safepoint: 14030 ns, Cleanup: 10738 ns, At safepoint: 20883 ns, Total: 45651 ns
[2025-05-21T03:04:54.826+0000][73][info ][safepoint   ] Safepoint "Cleanup", Time since last: 251980800478 ns, Reaching safepoint: 12744 ns, Cleanup: 8668 ns, At safepoint: 13683 ns, Total: 35095 ns
[2025-05-21T03:04:56.503+0000][73][info ][safepoint   ] Safepoint "Cleanup", Time since last: 1676132345 ns, Reaching safepoint: 28147 ns, Cleanup: 15746 ns, At safepoint: 10794 ns, Total: 54687 ns
[2025-05-21T03:11:12.932+0000][73][info ][safepoint   ] Safepoint "Cleanup", Time since last: 376450694222 ns, Reaching safepoint: 14651 ns, Cleanup: 13560 ns, At safepoint: 4654 ns, Total: 32865 ns
[2025-05-21T03:11:15.898+0000][73][info ][safepoint   ] Safepoint "Cleanup", Time since last: 2965988765 ns, Reaching safepoint: 25485 ns, Cleanup: 15427 ns, At safepoint: 10655 ns, Total: 51567 ns
[2025-05-21T03:12:15.897+0000][73][info ][safepoint   ] Safepoint "Cleanup", Time since last: 60003134749 ns, Reaching safepoint: 28972 ns, Cleanup: 19176 ns, At safepoint: 122581 ns, Total: 170729 ns
[2025-05-21T03:20:21.275+0000][73][info ][safepoint   ] Safepoint "Cleanup", Time since last: 485405776943 ns, Reaching safepoint: 54343 ns, Cleanup: 14006 ns, At safepoint: 11237 ns, Total: 79586 ns
[2025-05-21T03:28:02.619+0000][73][info ][safepoint   ] Safepoint "Cleanup", Time since last: 461371715417 ns, Reaching safepoint: 29703 ns, Cleanup: 14010 ns, At safepoint: 11628 ns, Total: 55341 ns
[2025-05-21T03:28:23.367+0000][73][info ][safepoint   ] Safepoint "Cleanup", Time since last: 20751900809 ns, Reaching safepoint: 14845 ns, Cleanup: 13522 ns, At safepoint: 12962 ns, Total: 41329 ns
[2025-05-21T03:33:09.832+0000][73][info ][safepoint   ] Safepoint "Cleanup", Time since last: 286478324473 ns, Reaching safepoint: 28003 ns, Cleanup: 10431 ns, At safepoint: 21023 ns, Total: 59457 ns
[2025-05-21T03:33:11.755+0000][73][info ][safepoint   ] Safepoint "Cleanup", Time since last: 1922326999 ns, Reaching safepoint: 20564 ns, Cleanup: 21296 ns, At safepoint: 9459 ns, Total: 51319 ns
[2025-05-21T03:34:23.534+0000][73][info ][safepoint   ] Safepoint "Cleanup", Time since last: 71784368077 ns, Reaching safepoint: 6372 ns, Cleanup: 10746 ns, At safepoint: 3346 ns, Total: 20464 ns
[2025-05-21T03:42:36.815+0000][73][info ][gc,start    ] GC(41) Pause Young (Prepare Mixed) (G1 Evacuation Pause)
[2025-05-21T03:42:36.816+0000][73][info ][gc,task     ] GC(41) Using 10 workers of 10 for evacuation
[2025-05-21T03:42:36.817+0000][73][debug][gc,age      ] GC(41) Desired survivor size 153092096 bytes, new threshold 15 (max threshold 15)
[2025-05-21T03:42:36.833+0000][73][info ][gc,phases   ] GC(41)   Pre Evacuate Collection Set: 1.13ms
[2025-05-21T03:42:36.834+0000][73][info ][gc,phases   ] GC(41)   Merge Heap Roots: 0.73ms
[2025-05-21T03:42:36.834+0000][73][info ][gc,phases   ] GC(41)   Evacuate Collection Set: 11.45ms
[2025-05-21T03:42:36.835+0000][73][info ][gc,phases   ] GC(41)   Post Evacuate Collection Set: 2.62ms
[2025-05-21T03:42:36.835+0000][73][info ][gc,phases   ] GC(41)   Other: 1.37ms
[2025-05-21T03:42:36.835+0000][73][trace][gc,age      ] GC(41) Age table with threshold 15 (max threshold 15)
[2025-05-21T03:42:36.835+0000][73][trace][gc,age      ] GC(41) - age   1:    1752544 bytes,    1752544 total
[2025-05-21T03:42:36.836+0000][73][trace][gc,age      ] GC(41) - age   2:     192672 bytes,    1945216 total
[2025-05-21T03:42:36.836+0000][73][trace][gc,age      ] GC(41) - age   3:     310480 bytes,    2255696 total
[2025-05-21T03:42:36.836+0000][73][trace][gc,age      ] GC(41) - age   4:     119168 bytes,    2374864 total
[2025-05-21T03:42:36.837+0000][73][trace][gc,age      ] GC(41) - age   5:     546520 bytes,    2921384 total
[2025-05-21T03:42:36.837+0000][73][trace][gc,age      ] GC(41) - age   6:     185016 bytes,    3106400 total
[2025-05-21T03:42:36.837+0000][73][trace][gc,age      ] GC(41) - age   7:     122952 bytes,    3229352 total
[2025-05-21T03:42:36.837+0000][73][trace][gc,age      ] GC(41) - age   8:     104952 bytes,    3334304 total
[2025-05-21T03:42:36.838+0000][73][trace][gc,age      ] GC(41) - age   9:      68216 bytes,    3402520 total
[2025-05-21T03:42:36.838+0000][73][trace][gc,age      ] GC(41) - age  10:     117032 bytes,    3519552 total
[2025-05-21T03:42:36.838+0000][73][trace][gc,age      ] GC(41) - age  11:     103344 bytes,    3622896 total
[2025-05-21T03:42:36.838+0000][73][trace][gc,age      ] GC(41) - age  12:     115128 bytes,    3738024 total
[2025-05-21T03:42:36.839+0000][73][trace][gc,age      ] GC(41) - age  13:    1166528 bytes,    4904552 total
[2025-05-21T03:42:36.840+0000][73][trace][gc,age      ] GC(41) - age  14:     116848 bytes,    5021400 total
[2025-05-21T03:42:36.841+0000][73][trace][gc,age      ] GC(41) - age  15:     106432 bytes,    5127832 total
[2025-05-21T03:42:36.841+0000][73][info ][gc,heap     ] GC(41) Eden regions: 580->0(580)
[2025-05-21T03:42:36.842+0000][73][info ][gc,heap     ] GC(41) Survivor regions: 2->2(73)
[2025-05-21T03:42:36.842+0000][73][info ][gc,heap     ] GC(41) Old regions: 28->28
[2025-05-21T03:42:36.842+0000][73][info ][gc,heap     ] GC(41) Humongous regions: 0->0
[2025-05-21T03:42:36.843+0000][73][info ][gc,metaspace] GC(41) Metaspace: 147322K(153408K)->147322K(153408K) NonClass: 127826K(131456K)->127826K(131456K) Class: 19496K(21952K)->19496K(21952K)
[2025-05-21T03:42:36.843+0000][73][info ][gc          ] GC(41) Pause Young (Prepare Mixed) (G1 Evacuation Pause) 2437M->117M(3880M) 27.855ms
[2025-05-21T03:42:36.844+0000][73][info ][gc,cpu      ] GC(41) User=0.09s Sys=0.00s Real=0.03s
[2025-05-21T03:42:36.844+0000][73][info ][safepoint   ] Safepoint "G1CollectForAllocation", Time since last: 493307727205 ns, Reaching safepoint: 44033 ns, Cleanup: 4519 ns, At safepoint: 28748769 ns, Total: 28797321 ns
[2025-05-21T03:46:48.460+0000][73][info ][safepoint   ] Safepoint "Cleanup", Time since last: 251629315856 ns, Reaching safepoint: 32484 ns, Cleanup: 19085 ns, At safepoint: 11613 ns, Total: 63182 ns
[2025-05-21T03:51:51.554+0000][73][info ][safepoint   ] Safepoint "Cleanup", Time since last: 303110393525 ns, Reaching safepoint: 167763 ns, Cleanup: 17666 ns, At safepoint: 84935 ns, Total: 270364 ns
[2025-05-21T03:56:36.651+0000][73][info ][safepoint   ] Safepoint "Cleanup", Time since last: 285113806570 ns, Reaching safepoint: 60380 ns, Cleanup: 16528 ns, At safepoint: 13563 ns, Total: 90471 ns
[2025-05-21T03:56:39.651+0000][73][info ][safepoint   ] Safepoint "Cleanup", Time since last: 3000882412 ns, Reaching safepoint: 26780 ns, Cleanup: 14368 ns, At safepoint: 12709 ns, Total: 53857 ns
[2025-05-21T03:57:26.679+0000][73][info ][safepoint   ] Safepoint "Cleanup", Time since last: 47030562260 ns, Reaching safepoint: 28889 ns, Cleanup: 15492 ns, At safepoint: 12076 ns, Total: 56457 ns
[2025-05-21T04:11:51.289+0000][73][info ][safepoint   ] Safepoint "Cleanup", Time since last: 864657428348 ns, Reaching safepoint: 27939 ns, Cleanup: 17190 ns, At safepoint: 12653 ns, Total: 57782 ns
[2025-05-21T04:12:06.903+0000][73][info ][safepoint   ] Safepoint "Cleanup", Time since last: 15615826791 ns, Reaching safepoint: 105467 ns, Cleanup: 9527 ns, At safepoint: 43877 ns, Total: 158871 ns
[2025-05-21T04:13:09.873+0000][73][info ][safepoint   ] Safepoint "Cleanup", Time since last: 62973076725 ns, Reaching safepoint: 18614 ns, Cleanup: 11858 ns, At safepoint: 6064 ns, Total: 36536 ns
[2025-05-21T04:19:27.868+0000][73][info ][safepoint   ] Safepoint "Cleanup", Time since last: 378015464850 ns, Reaching safepoint: 14139 ns, Cleanup: 11509 ns, At safepoint: 5652 ns, Total: 31300 ns
[2025-05-21T04:19:37.638+0000][73][info ][safepoint   ] Safepoint "Cleanup", Time since last: 9769919418 ns, Reaching safepoint: 37046 ns, Cleanup: 13885 ns, At safepoint: 12547 ns, Total: 63478 ns
[2025-05-21T04:30:00.832+0000][73][info ][gc,start    ] GC(42) Pause Young (Mixed) (G1 Evacuation Pause)
[2025-05-21T04:30:00.833+0000][73][info ][gc,task     ] GC(42) Using 10 workers of 10 for evacuation
[2025-05-21T04:30:00.834+0000][73][debug][gc,age      ] GC(42) Desired survivor size 153092096 bytes, new threshold 15 (max threshold 15)
[2025-05-21T04:30:00.901+0000][73][info ][gc,phases   ] GC(42)   Pre Evacuate Collection Set: 4.11ms
[2025-05-21T04:30:00.902+0000][73][info ][gc,phases   ] GC(42)   Merge Heap Roots: 1.13ms
[2025-05-21T04:30:00.902+0000][73][info ][gc,phases   ] GC(42)   Evacuate Collection Set: 54.27ms
[2025-05-21T04:30:00.902+0000][73][info ][gc,phases   ] GC(42)   Post Evacuate Collection Set: 7.20ms
[2025-05-21T04:30:00.903+0000][73][info ][gc,phases   ] GC(42)   Other: 1.20ms
[2025-05-21T04:30:00.903+0000][73][trace][gc,age      ] GC(42) Age table with threshold 15 (max threshold 15)
[2025-05-21T04:30:00.903+0000][73][trace][gc,age      ] GC(42) - age   1:    1178640 bytes,    1178640 total
[2025-05-21T04:30:00.904+0000][73][trace][gc,age      ] GC(42) - age   2:     407248 bytes,    1585888 total
[2025-05-21T04:30:00.904+0000][73][trace][gc,age      ] GC(42) - age   3:     110696 bytes,    1696584 total
[2025-05-21T04:30:00.904+0000][73][trace][gc,age      ] GC(42) - age   4:     309280 bytes,    2005864 total
[2025-05-21T04:30:00.905+0000][73][trace][gc,age      ] GC(42) - age   5:     119112 bytes,    2124976 total
[2025-05-21T04:30:00.905+0000][73][trace][gc,age      ] GC(42) - age   6:     546096 bytes,    2671072 total
[2025-05-21T04:30:00.905+0000][73][trace][gc,age      ] GC(42) - age   7:     185016 bytes,    2856088 total
[2025-05-21T04:30:00.906+0000][73][trace][gc,age      ] GC(42) - age   8:     122952 bytes,    2979040 total
[2025-05-21T04:30:00.906+0000][73][trace][gc,age      ] GC(42) - age   9:     104952 bytes,    3083992 total
[2025-05-21T04:30:00.906+0000][73][trace][gc,age      ] GC(42) - age  10:      68216 bytes,    3152208 total
[2025-05-21T04:30:00.906+0000][73][trace][gc,age      ] GC(42) - age  11:     117032 bytes,    3269240 total
[2025-05-21T04:30:00.907+0000][73][trace][gc,age      ] GC(42) - age  12:     103344 bytes,    3372584 total
[2025-05-21T04:30:00.907+0000][73][trace][gc,age      ] GC(42) - age  13:     115128 bytes,    3487712 total
[2025-05-21T04:30:00.907+0000][73][trace][gc,age      ] GC(42) - age  14:    1166528 bytes,    4654240 total
[2025-05-21T04:30:00.908+0000][73][trace][gc,age      ] GC(42) - age  15:     116848 bytes,    4771088 total
[2025-05-21T04:30:00.908+0000][73][info ][gc,heap     ] GC(42) Eden regions: 580->0(580)
[2025-05-21T04:30:00.908+0000][73][info ][gc,heap     ] GC(42) Survivor regions: 2->2(73)
[2025-05-21T04:30:00.908+0000][73][info ][gc,heap     ] GC(42) Old regions: 28->28
[2025-05-21T04:30:00.909+0000][73][info ][gc,heap     ] GC(42) Humongous regions: 0->0
[2025-05-21T04:30:00.909+0000][73][info ][gc,metaspace] GC(42) Metaspace: 147324K(153408K)->147324K(153408K) NonClass: 127827K(131456K)->127827K(131456K) Class: 19496K(21952K)->19496K(21952K)
[2025-05-21T04:30:00.909+0000][73][info ][gc          ] GC(42) Pause Young (Mixed) (G1 Evacuation Pause) 2437M->116M(3880M) 77.624ms
[2025-05-21T04:30:00.910+0000][73][info ][gc,cpu      ] GC(42) User=0.37s Sys=0.01s Real=0.08s
[2025-05-21T04:30:00.910+0000][73][info ][safepoint   ] Safepoint "G1CollectForAllocation", Time since last: 623225867038 ns, Reaching safepoint: 26835 ns, Cleanup: 5125 ns, At safepoint: 78719485 ns, Total: 78751445 ns
[2025-05-21T04:33:12.887+0000][73][info ][safepoint   ] Safepoint "Cleanup", Time since last: 191985952531 ns, Reaching safepoint: 328723 ns, Cleanup: 14765 ns, At safepoint: 61510 ns, Total: 404998 ns
[2025-05-21T04:33:14.325+0000][73][info ][safepoint   ] Safepoint "Cleanup", Time since last: 1438197816 ns, Reaching safepoint: 26496 ns, Cleanup: 14567 ns, At safepoint: 12257 ns, Total: 53320 ns
[2025-05-21T04:34:09.862+0000][73][info ][safepoint   ] Safepoint "Cleanup", Time since last: 55539679034 ns, Reaching safepoint: 7163 ns, Cleanup: 9601 ns, At safepoint: 3286 ns, Total: 20050 ns
[2025-05-21T04:36:51.527+0000][73][info ][safepoint   ] Safepoint "Cleanup", Time since last: 161672737473 ns, Reaching safepoint: 28858 ns, Cleanup: 15843 ns, At safepoint: 12197 ns, Total: 56898 ns
[2025-05-21T04:42:06.893+0000][73][info ][safepoint   ] Safepoint "Cleanup", Time since last: 315383868202 ns, Reaching safepoint: 18637 ns, Cleanup: 12247 ns, At safepoint: 20247 ns, Total: 51131 ns
[2025-05-21T04:47:03.862+0000][73][info ][safepoint   ] Safepoint "Cleanup", Time since last: 296984158361 ns, Reaching safepoint: 177542 ns, Cleanup: 9162 ns, At safepoint: 52153 ns, Total: 238857 ns
[2025-05-21T04:56:16.177+0000][73][info ][safepoint   ] Safepoint "Cleanup", Time since last: 552342143998 ns, Reaching safepoint: 50966 ns, Cleanup: 25028 ns, At safepoint: 14730 ns, Total: 90724 ns
[2025-05-21T04:57:12.209+0000][73][info ][safepoint   ] Safepoint "Cleanup", Time since last: 56035445229 ns, Reaching safepoint: 57904 ns, Cleanup: 13718 ns, At safepoint: 10751 ns, Total: 82373 ns
[2025-05-21T04:58:49.015+0000][73][info ][safepoint   ] Safepoint "Cleanup", Time since last: 96810944590 ns, Reaching safepoint: 29285 ns, Cleanup: 15762 ns, At safepoint: 12171 ns, Total: 57218 ns
[2025-05-21T04:59:09.018+0000][73][info ][safepoint   ] Safepoint "Cleanup", Time since last: 20004164578 ns, Reaching safepoint: 65759 ns, Cleanup: 17944 ns, At safepoint: 13996 ns, Total: 97699 ns
[2025-05-21T04:59:19.020+0000][73][info ][safepoint   ] Safepoint "Cleanup", Time since last: 10001985261 ns, Reaching safepoint: 58088 ns, Cleanup: 15648 ns, At safepoint: 14885 ns, Total: 88621 ns
[2025-05-21T05:07:17.590+0000][73][info ][safepoint   ] Safepoint "Cleanup", Time since last: 478594976094 ns, Reaching safepoint: 69287 ns, Cleanup: 17119 ns, At safepoint: 13646 ns, Total: 100052 ns
[2025-05-21T05:11:05.707+0000][73][info ][safepoint   ] Safepoint "Cleanup", Time since last: 228129364084 ns, Reaching safepoint: 57900 ns, Cleanup: 14624 ns, At safepoint: 15045 ns, Total: 87569 ns
[2025-05-21T05:11:58.717+0000][73][info ][safepoint   ] Safepoint "Cleanup", Time since last: 53013615585 ns, Reaching safepoint: 18203 ns, Cleanup: 35454 ns, At safepoint: 21284 ns, Total: 74941 ns
[2025-05-21T05:14:03.885+0000][73][info ][safepoint   ] Safepoint "Cleanup", Time since last: 125174558427 ns, Reaching safepoint: 7595 ns, Cleanup: 9201 ns, At safepoint: 3381 ns, Total: 20177 ns
[2025-05-21T05:14:05.814+0000][73][info ][safepoint   ] Safepoint "Cleanup", Time since last: 1928332394 ns, Reaching safepoint: 20196 ns, Cleanup: 12892 ns, At safepoint: 10753 ns, Total: 43841 ns
[2025-05-21T05:16:09.884+0000][73][info ][safepoint   ] Safepoint "Cleanup", Time since last: 124076558662 ns, Reaching safepoint: 95786 ns, Cleanup: 9563 ns, At safepoint: 57717 ns, Total: 163066 ns
[2025-05-21T05:18:12.872+0000][73][info ][gc,start    ] GC(43) Pause Young (Concurrent Start) (G1 Evacuation Pause)
[2025-05-21T05:18:12.872+0000][73][info ][gc,task     ] GC(43) Using 10 workers of 10 for evacuation
[2025-05-21T05:18:12.873+0000][73][debug][gc,age      ] GC(43) Desired survivor size 153092096 bytes, new threshold 15 (max threshold 15)
[2025-05-21T05:18:12.889+0000][73][info ][gc,phases   ] GC(43)   Pre Evacuate Collection Set: 1.32ms
[2025-05-21T05:18:12.890+0000][73][info ][gc,phases   ] GC(43)   Merge Heap Roots: 0.56ms
[2025-05-21T05:18:12.890+0000][73][info ][gc,phases   ] GC(43)   Evacuate Collection Set: 11.94ms
[2025-05-21T05:18:12.890+0000][73][info ][gc,phases   ] GC(43)   Post Evacuate Collection Set: 2.57ms
[2025-05-21T05:18:12.891+0000][73][info ][gc,phases   ] GC(43)   Other: 0.62ms
[2025-05-21T05:18:12.891+0000][73][trace][gc,age      ] GC(43) Age table with threshold 15 (max threshold 15)
[2025-05-21T05:18:12.891+0000][73][trace][gc,age      ] GC(43) - age   1:    2486512 bytes,    2486512 total
[2025-05-21T05:18:12.891+0000][73][trace][gc,age      ] GC(43) - age   2:     106016 bytes,    2592528 total
[2025-05-21T05:18:12.892+0000][73][trace][gc,age      ] GC(43) - age   3:     108432 bytes,    2700960 total
[2025-05-21T05:18:12.892+0000][73][trace][gc,age      ] GC(43) - age   4:     108800 bytes,    2809760 total
[2025-05-21T05:18:12.892+0000][73][trace][gc,age      ] GC(43) - age   5:     292408 bytes,    3102168 total
[2025-05-21T05:18:12.892+0000][73][trace][gc,age      ] GC(43) - age   6:     119016 bytes,    3221184 total
[2025-05-21T05:18:12.892+0000][73][trace][gc,age      ] GC(43) - age   7:     546056 bytes,    3767240 total
[2025-05-21T05:18:12.893+0000][73][trace][gc,age      ] GC(43) - age   8:     184920 bytes,    3952160 total
[2025-05-21T05:18:12.893+0000][73][trace][gc,age      ] GC(43) - age   9:     122776 bytes,    4074936 total
[2025-05-21T05:18:12.893+0000][73][trace][gc,age      ] GC(43) - age  10:     104896 bytes,    4179832 total
[2025-05-21T05:18:12.893+0000][73][trace][gc,age      ] GC(43) - age  11:      68216 bytes,    4248048 total
[2025-05-21T05:18:12.894+0000][73][trace][gc,age      ] GC(43) - age  12:     117032 bytes,    4365080 total
[2025-05-21T05:18:12.894+0000][73][trace][gc,age      ] GC(43) - age  13:     103344 bytes,    4468424 total
[2025-05-21T05:18:12.894+0000][73][trace][gc,age      ] GC(43) - age  14:     115128 bytes,    4583552 total
[2025-05-21T05:18:12.894+0000][73][trace][gc,age      ] GC(43) - age  15:    1166528 bytes,    5750080 total
[2025-05-21T05:18:12.894+0000][73][info ][gc,heap     ] GC(43) Eden regions: 580->0(580)
[2025-05-21T05:18:12.895+0000][73][info ][gc,heap     ] GC(43) Survivor regions: 2->2(73)
[2025-05-21T05:18:12.895+0000][73][info ][gc,heap     ] GC(43) Old regions: 28->28
[2025-05-21T05:18:12.895+0000][73][info ][gc,heap     ] GC(43) Humongous regions: 0->0
[2025-05-21T05:18:12.895+0000][73][info ][gc,metaspace] GC(43) Metaspace: 147347K(153408K)->147347K(153408K) NonClass: 127850K(131456K)->127850K(131456K) Class: 19496K(21952K)->19496K(21952K)
[2025-05-21T05:18:12.896+0000][73][info ][gc          ] GC(43) Pause Young (Concurrent Start) (G1 Evacuation Pause) 2436M->117M(3880M) 23.767ms
[2025-05-21T05:18:12.896+0000][73][info ][gc,cpu      ] GC(43) User=0.08s Sys=0.01s Real=0.03s
[2025-05-21T05:18:12.896+0000][73][info ][gc          ] GC(44) Concurrent Mark Cycle
[2025-05-21T05:18:12.897+0000][73][info ][gc,marking  ] GC(44) Concurrent Scan Root Regions
[2025-05-21T05:18:12.896+0000][73][info ][safepoint   ] Safepoint "G1CollectForAllocation", Time since last: 122993466614 ns, Reaching safepoint: 66131 ns, Cleanup: 6069 ns, At safepoint: 24718006 ns, Total: 24790206 ns
[2025-05-21T05:18:12.917+0000][73][info ][gc,marking  ] GC(44) Concurrent Scan Root Regions 20.620ms
[2025-05-21T05:18:12.918+0000][73][info ][gc,marking  ] GC(44) Concurrent Mark
[2025-05-21T05:18:12.919+0000][73][info ][gc,marking  ] GC(44) Concurrent Mark From Roots
[2025-05-21T05:18:12.919+0000][73][info ][gc,task     ] GC(44) Using 3 workers of 3 for marking
[2025-05-21T05:18:13.057+0000][73][info ][gc,marking  ] GC(44) Concurrent Mark From Roots 138.382ms
[2025-05-21T05:18:13.057+0000][73][info ][gc,marking  ] GC(44) Concurrent Preclean
[2025-05-21T05:18:13.059+0000][73][info ][gc,marking  ] GC(44) Concurrent Preclean 1.162ms
[2025-05-21T05:18:13.059+0000][73][info ][gc,start    ] GC(44) Pause Remark
[2025-05-21T05:18:13.218+0000][73][info ][gc          ] GC(44) Pause Remark 124M->124M(3880M) 159.248ms
[2025-05-21T05:18:13.219+0000][73][info ][gc,cpu      ] GC(44) User=0.53s Sys=0.04s Real=0.16s
[2025-05-21T05:18:13.219+0000][73][info ][safepoint   ] Safepoint "G1PauseRemark", Time since last: 162702562 ns, Reaching safepoint: 26357 ns, Cleanup: 5220 ns, At safepoint: 160057402 ns, Total: 160088979 ns
[2025-05-21T05:18:13.219+0000][73][info ][gc,marking  ] GC(44) Concurrent Mark 301.284ms
[2025-05-21T05:18:13.220+0000][73][info ][gc,marking  ] GC(44) Concurrent Rebuild Remembered Sets and Scrub Regions
[2025-05-21T05:18:13.253+0000][73][info ][gc,marking  ] GC(44) Concurrent Rebuild Remembered Sets and Scrub Regions 33.547ms
[2025-05-21T05:18:13.254+0000][73][info ][gc,start    ] GC(44) Pause Cleanup
[2025-05-21T05:18:13.254+0000][73][info ][gc          ] GC(44) Pause Cleanup 124M->124M(3880M) 0.585ms
[2025-05-21T05:18:13.255+0000][73][info ][gc,cpu      ] GC(44) User=0.00s Sys=0.00s Real=0.00s
[2025-05-21T05:18:13.255+0000][73][info ][safepoint   ] Safepoint "G1PauseCleanup", Time since last: 34631784 ns, Reaching safepoint: 18025 ns, Cleanup: 59976 ns, At safepoint: 1237680 ns, Total: 1315681 ns
[2025-05-21T05:18:13.255+0000][73][info ][gc,marking  ] GC(44) Concurrent Clear Claimed Marks
[2025-05-21T05:18:13.256+0000][73][info ][gc,marking  ] GC(44) Concurrent Clear Claimed Marks 0.555ms
[2025-05-21T05:18:13.256+0000][73][info ][gc,marking  ] GC(44) Concurrent Cleanup for Next Mark
[2025-05-21T05:18:13.321+0000][73][info ][gc,marking  ] GC(44) Concurrent Cleanup for Next Mark 64.421ms
[2025-05-21T05:18:13.321+0000][73][info ][gc          ] GC(44) Concurrent Mark Cycle 425.072ms
[2025-05-21T05:28:06.987+0000][73][info ][safepoint   ] Safepoint "Cleanup", Time since last: 593769307519 ns, Reaching safepoint: 168386 ns, Cleanup: 979343 ns, At safepoint: 360353 ns, Total: 1508082 ns
[2025-05-21T05:33:14.422+0000][73][info ][safepoint   ] Safepoint "Cleanup", Time since last: 307455074565 ns, Reaching safepoint: 132178 ns, Cleanup: 108991 ns, At safepoint: 54506 ns, Total: 295675 ns
[2025-05-21T05:33:15.453+0000][73][info ][safepoint   ] Safepoint "Cleanup", Time since last: 1030763598 ns, Reaching safepoint: 13124 ns, Cleanup: 74946 ns, At safepoint: 23495 ns, Total: 111565 ns
[2025-05-21T05:36:22.733+0000][73][info ][safepoint   ] Safepoint "Cleanup", Time since last: 187291294888 ns, Reaching safepoint: 32369 ns, Cleanup: 14567 ns, At safepoint: 9624 ns, Total: 56560 ns
[2025-05-21T05:38:19.908+0000][73][info ][safepoint   ] Safepoint "Cleanup", Time since last: 117182857366 ns, Reaching safepoint: 118704 ns, Cleanup: 8182 ns, At safepoint: 46627 ns, Total: 173513 ns
[2025-05-21T05:47:45.484+0000][73][info ][safepoint   ] Safepoint "Cleanup", Time since last: 565613946437 ns, Reaching safepoint: 397446 ns, Cleanup: 16884 ns, At safepoint: 89343 ns, Total: 503673 ns
[2025-05-21T05:47:46.664+0000][73][info ][safepoint   ] Safepoint "Cleanup", Time since last: 1180097916 ns, Reaching safepoint: 24572 ns, Cleanup: 12701 ns, At safepoint: 67098 ns, Total: 104371 ns
[2025-05-21T05:47:48.487+0000][73][info ][safepoint   ] Safepoint "Cleanup", Time since last: 1823008521 ns, Reaching safepoint: 19450 ns, Cleanup: 14240 ns, At safepoint: 10202 ns, Total: 43892 ns
[2025-05-21T05:47:56.488+0000][73][info ][safepoint   ] Safepoint "Cleanup", Time since last: 8003141708 ns, Reaching safepoint: 79438 ns, Cleanup: 18437 ns, At safepoint: 38275 ns, Total: 136150 ns
[2025-05-21T05:48:05.076+0000][73][info ][safepoint   ] Safepoint "Cleanup", Time since last: 8588224193 ns, Reaching safepoint: 5856 ns, Cleanup: 6338 ns, At safepoint: 14173 ns, Total: 26367 ns
[2025-05-21T05:48:22.913+0000][73][info ][safepoint   ] Safepoint "Cleanup", Time since last: 17837228985 ns, Reaching safepoint: 55466 ns, Cleanup: 15262 ns, At safepoint: 11789 ns, Total: 82517 ns
[2025-05-21T05:48:27.629+0000][73][info ][safepoint   ] Safepoint "Cleanup", Time since last: 4717737911 ns, Reaching safepoint: 160138 ns, Cleanup: 12310 ns, At safepoint: 49648 ns, Total: 222096 ns
[2025-05-21T05:48:50.664+0000][73][info ][safepoint   ] Safepoint "Cleanup", Time since last: 23035115816 ns, Reaching safepoint: 144516 ns, Cleanup: 14192 ns, At safepoint: 45728 ns, Total: 204436 ns
[2025-05-21T05:49:22.698+0000][73][info ][safepoint   ] Safepoint "Cleanup", Time since last: 32035066420 ns, Reaching safepoint: 76263 ns, Cleanup: 19528 ns, At safepoint: 17177 ns, Total: 112968 ns
[2025-05-21T05:50:22.745+0000][73][info ][safepoint   ] Safepoint "Cleanup", Time since last: 60051504498 ns, Reaching safepoint: 45946 ns, Cleanup: 14762 ns, At safepoint: 8580 ns, Total: 69288 ns
[2025-05-21T05:50:43.794+0000][73][info ][safepoint   ] Safepoint "Cleanup", Time since last: 21051471402 ns, Reaching safepoint: 72125 ns, Cleanup: 16544 ns, At safepoint: 16534 ns, Total: 105203 ns
[2025-05-21T05:51:22.854+0000][73][info ][safepoint   ] Safepoint "Cleanup", Time since last: 39061174415 ns, Reaching safepoint: 43530 ns, Cleanup: 131671 ns, At safepoint: 75341 ns, Total: 250542 ns
[2025-05-21T05:51:58.895+0000][73][info ][safepoint   ] Safepoint "Cleanup", Time since last: 36044634650 ns, Reaching safepoint: 27111 ns, Cleanup: 11473 ns, At safepoint: 20079 ns, Total: 58663 ns
[2025-05-21T05:52:26.911+0000][73][info ][safepoint   ] Safepoint "Cleanup", Time since last: 28020787154 ns, Reaching safepoint: 73584 ns, Cleanup: 15609 ns, At safepoint: 12111 ns, Total: 101304 ns
[2025-05-21T05:54:04.676+0000][73][info ][safepoint   ] Safepoint "Cleanup", Time since last: 97767159722 ns, Reaching safepoint: 2255322 ns, Cleanup: 29946 ns, At safepoint: 117215 ns, Total: 2402483 ns
[2025-05-21T05:54:06.088+0000][73][info ][safepoint   ] Safepoint "Cleanup", Time since last: 1411788878 ns, Reaching safepoint: 35997 ns, Cleanup: 100470 ns, At safepoint: 19754 ns, Total: 156221 ns
[2025-05-21T05:56:23.172+0000][73][info ][safepoint   ] Safepoint "Cleanup", Time since last: 137092883348 ns, Reaching safepoint: 44776 ns, Cleanup: 11809 ns, At safepoint: 10815 ns, Total: 67400 ns
[2025-05-21T05:58:17.320+0000][73][info ][safepoint   ] Safepoint "Cleanup", Time since last: 114156739199 ns, Reaching safepoint: 750091 ns, Cleanup: 13998 ns, At safepoint: 56200 ns, Total: 820289 ns
[2025-05-21T05:58:18.328+0000][73][info ][safepoint   ] Safepoint "Cleanup", Time since last: 1007644982 ns, Reaching safepoint: 28127 ns, Cleanup: 17508 ns, At safepoint: 138273 ns, Total: 183908 ns
[2025-05-21T05:58:22.334+0000][73][info ][safepoint   ] Safepoint "Cleanup", Time since last: 4006166775 ns, Reaching safepoint: 32851 ns, Cleanup: 17002 ns, At safepoint: 18538 ns, Total: 68391 ns
[2025-05-21T06:02:38.515+0000][73][info ][safepoint   ] Safepoint "Cleanup", Time since last: 256202348375 ns, Reaching safepoint: 22057 ns, Cleanup: 14090 ns, At safepoint: 75193 ns, Total: 111340 ns
[2025-05-21T06:03:31.712+0000][73][info ][safepoint   ] Safepoint "Cleanup", Time since last: 53200694384 ns, Reaching safepoint: 26369 ns, Cleanup: 15916 ns, At safepoint: 69762 ns, Total: 112047 ns
[2025-05-21T06:03:33.635+0000][73][info ][safepoint   ] Safepoint "Cleanup", Time since last: 1923103985 ns, Reaching safepoint: 16745 ns, Cleanup: 12982 ns, At safepoint: 5483 ns, Total: 35210 ns
[2025-05-21T06:06:12.518+0000][73][info ][gc,start    ] GC(45) Pause Young (Prepare Mixed) (G1 Evacuation Pause)
[2025-05-21T06:06:12.523+0000][73][info ][gc,task     ] GC(45) Using 10 workers of 10 for evacuation
[2025-05-21T06:06:12.525+0000][73][debug][gc,age      ] GC(45) Desired survivor size 153092096 bytes, new threshold 15 (max threshold 15)
[2025-05-21T06:06:12.659+0000][73][info ][gc,phases   ] GC(45)   Pre Evacuate Collection Set: 10.50ms
[2025-05-21T06:06:12.660+0000][73][info ][gc,phases   ] GC(45)   Merge Heap Roots: 2.39ms
[2025-05-21T06:06:12.660+0000][73][info ][gc,phases   ] GC(45)   Evacuate Collection Set: 104.03ms
[2025-05-21T06:06:12.661+0000][73][info ][gc,phases   ] GC(45)   Post Evacuate Collection Set: 14.21ms
[2025-05-21T06:06:12.662+0000][73][info ][gc,phases   ] GC(45)   Other: 6.46ms
[2025-05-21T06:06:12.662+0000][73][trace][gc,age      ] GC(45) Age table with threshold 15 (max threshold 15)
[2025-05-21T06:06:12.662+0000][73][trace][gc,age      ] GC(45) - age   1:    1335264 bytes,    1335264 total
[2025-05-21T06:06:12.663+0000][73][trace][gc,age      ] GC(45) - age   2:    1246656 bytes,    2581920 total
[2025-05-21T06:06:12.664+0000][73][trace][gc,age      ] GC(45) - age   3:     103848 bytes,    2685768 total
[2025-05-21T06:06:12.664+0000][73][trace][gc,age      ] GC(45) - age   4:     107808 bytes,    2793576 total
[2025-05-21T06:06:12.665+0000][73][trace][gc,age      ] GC(45) - age   5:     108656 bytes,    2902232 total
[2025-05-21T06:06:12.665+0000][73][trace][gc,age      ] GC(45) - age   6:     280112 bytes,    3182344 total
[2025-05-21T06:06:12.666+0000][73][trace][gc,age      ] GC(45) - age   7:     118984 bytes,    3301328 total
[2025-05-21T06:06:12.666+0000][73][trace][gc,age      ] GC(45) - age   8:     457048 bytes,    3758376 total
[2025-05-21T06:06:12.667+0000][73][trace][gc,age      ] GC(45) - age   9:     184616 bytes,    3942992 total
[2025-05-21T06:06:12.667+0000][73][trace][gc,age      ] GC(45) - age  10:     122776 bytes,    4065768 total
[2025-05-21T06:06:12.667+0000][73][trace][gc,age      ] GC(45) - age  11:     104896 bytes,    4170664 total
[2025-05-21T06:06:12.668+0000][73][trace][gc,age      ] GC(45) - age  12:      68216 bytes,    4238880 total
[2025-05-21T06:06:12.668+0000][73][trace][gc,age      ] GC(45) - age  13:     117032 bytes,    4355912 total
[2025-05-21T06:06:12.669+0000][73][trace][gc,age      ] GC(45) - age  14:     103344 bytes,    4459256 total
[2025-05-21T06:06:12.669+0000][73][trace][gc,age      ] GC(45) - age  15:     115128 bytes,    4574384 total
[2025-05-21T06:06:12.670+0000][73][info ][gc,heap     ] GC(45) Eden regions: 580->0(580)
[2025-05-21T06:06:12.670+0000][73][info ][gc,heap     ] GC(45) Survivor regions: 2->2(73)
[2025-05-21T06:06:12.670+0000][73][info ][gc,heap     ] GC(45) Old regions: 28->29
[2025-05-21T06:06:12.671+0000][73][info ][gc,heap     ] GC(45) Humongous regions: 0->0
[2025-05-21T06:06:12.672+0000][73][info ][gc,metaspace] GC(45) Metaspace: 147354K(153408K)->147354K(153408K) NonClass: 127857K(131456K)->127857K(131456K) Class: 19496K(21952K)->19496K(21952K)
[2025-05-21T06:06:12.673+0000][73][info ][gc          ] GC(45) Pause Young (Prepare Mixed) (G1 Evacuation Pause) 2437M->118M(3880M) 155.611ms
[2025-05-21T06:06:12.674+0000][73][info ][gc,cpu      ] GC(45) User=0.86s Sys=0.00s Real=0.15s
[2025-05-21T06:06:12.674+0000][73][info ][safepoint   ] Safepoint "G1CollectForAllocation", Time since last: 158891599568 ns, Reaching safepoint: 50275 ns, Cleanup: 4569 ns, At safepoint: 158786448 ns, Total: 158841292 ns
[2025-05-21T06:07:55.700+0000][73][info ][safepoint   ] Safepoint "Cleanup", Time since last: 103035030898 ns, Reaching safepoint: 211163 ns, Cleanup: 71774 ns, At safepoint: 39616 ns, Total: 322553 ns
[2025-05-21T06:08:01.974+0000][73][info ][safepoint   ] Safepoint "Cleanup", Time since last: 6273474395 ns, Reaching safepoint: 22593 ns, Cleanup: 12972 ns, At safepoint: 9054 ns, Total: 44619 ns
[2025-05-21T06:08:07.069+0000][73][info ][safepoint   ] Safepoint "Cleanup", Time since last: 5095431864 ns, Reaching safepoint: 30411 ns, Cleanup: 17424 ns, At safepoint: 16332 ns, Total: 64167 ns
[2025-05-21T06:08:46.999+0000][73][info ][safepoint   ] Safepoint "Cleanup", Time since last: 39932136767 ns, Reaching safepoint: 23548 ns, Cleanup: 15840 ns, At safepoint: 22332 ns, Total: 61720 ns
[2025-05-21T06:10:23.082+0000][73][info ][safepoint   ] Safepoint "Cleanup", Time since last: 96088868423 ns, Reaching safepoint: 68185 ns, Cleanup: 17289 ns, At safepoint: 17386 ns, Total: 102860 ns
[2025-05-21T06:12:59.224+0000][73][info ][safepoint   ] Safepoint "Cleanup", Time since last: 156155612339 ns, Reaching safepoint: 89255 ns, Cleanup: 12284 ns, At safepoint: 17887 ns, Total: 119426 ns
[2025-05-21T06:14:02.320+0000][73][info ][safepoint   ] Safepoint "Cleanup", Time since last: 63101145105 ns, Reaching safepoint: 9702 ns, Cleanup: 8837 ns, At safepoint: 13470 ns, Total: 32009 ns
[2025-05-21T06:16:11.408+0000][73][info ][safepoint   ] Safepoint "Cleanup", Time since last: 129097897492 ns, Reaching safepoint: 35828 ns, Cleanup: 15817 ns, At safepoint: 17241 ns, Total: 68886 ns
[2025-05-21T06:25:35.011+0000][73][info ][safepoint   ] Safepoint "Cleanup", Time since last: 563644430340 ns, Reaching safepoint: 24970 ns, Cleanup: 14254 ns, At safepoint: 79112 ns, Total: 118336 ns
[2025-05-21T06:26:57.085+0000][73][info ][safepoint   ] Safepoint "Cleanup", Time since last: 82081322839 ns, Reaching safepoint: 30933 ns, Cleanup: 15765 ns, At safepoint: 16651 ns, Total: 63349 ns
[2025-05-21T06:27:23.090+0000][73][info ][safepoint   ] Safepoint "Cleanup", Time since last: 26004342454 ns, Reaching safepoint: 62659 ns, Cleanup: 16814 ns, At safepoint: 16780 ns, Total: 96253 ns
[2025-05-21T06:28:23.199+0000][73][info ][safepoint   ] Safepoint "Cleanup", Time since last: 60113870956 ns, Reaching safepoint: 52696 ns, Cleanup: 16492 ns, At safepoint: 11525 ns, Total: 80713 ns
[2025-05-21T06:30:49.646+0000][73][info ][safepoint   ] Safepoint "Cleanup", Time since last: 146457701512 ns, Reaching safepoint: 720407 ns, Cleanup: 17346 ns, At safepoint: 146501 ns, Total: 884254 ns
[2025-05-21T06:31:52.256+0000][73][info ][safepoint   ] Safepoint "Cleanup", Time since last: 62612763501 ns, Reaching safepoint: 19149 ns, Cleanup: 11660 ns, At safepoint: 9058 ns, Total: 39867 ns
[2025-05-21T06:33:17.482+0000][73][info ][safepoint   ] Safepoint "Cleanup", Time since last: 85232928846 ns, Reaching safepoint: 14524 ns, Cleanup: 15202 ns, At safepoint: 19000 ns, Total: 48726 ns
[2025-05-21T06:33:19.632+0000][73][info ][safepoint   ] Safepoint "Cleanup", Time since last: 2149910110 ns, Reaching safepoint: 7177 ns, Cleanup: 9028 ns, At safepoint: 3550 ns, Total: 19755 ns
[2025-05-21T06:35:22.689+0000][73][info ][safepoint   ] Safepoint "Cleanup", Time since last: 123065607684 ns, Reaching safepoint: 76296 ns, Cleanup: 19546 ns, At safepoint: 30010 ns, Total: 125852 ns
[2025-05-21T06:37:58.864+0000][73][info ][safepoint   ] Safepoint "Cleanup", Time since last: 156190555033 ns, Reaching safepoint: 15488 ns, Cleanup: 19671 ns, At safepoint: 83934 ns, Total: 119093 ns
[2025-05-21T06:41:15.573+0000][73][info ][safepoint   ] Safepoint "Cleanup", Time since last: 196720617467 ns, Reaching safepoint: 74599 ns, Cleanup: 17245 ns, At safepoint: 31944 ns, Total: 123788 ns
[2025-05-21T06:49:10.581+0000][73][info ][safepoint   ] Safepoint "Cleanup", Time since last: 475042921779 ns, Reaching safepoint: 75986 ns, Cleanup: 16773 ns, At safepoint: 14736 ns, Total: 107495 ns
[2025-05-21T06:53:22.703+0000][73][info ][gc,start    ] GC(46) Pause Young (Mixed) (G1 Evacuation Pause)
[2025-05-21T06:53:22.705+0000][73][info ][gc,task     ] GC(46) Using 10 workers of 10 for evacuation
[2025-05-21T06:53:22.706+0000][73][debug][gc,age      ] GC(46) Desired survivor size 153092096 bytes, new threshold 15 (max threshold 15)
[2025-05-21T06:53:22.824+0000][73][info ][gc,phases   ] GC(46)   Pre Evacuate Collection Set: 6.35ms
[2025-05-21T06:53:22.825+0000][73][info ][gc,phases   ] GC(46)   Merge Heap Roots: 1.66ms
[2025-05-21T06:53:22.825+0000][73][info ][gc,phases   ] GC(46)   Evacuate Collection Set: 96.68ms
[2025-05-21T06:53:22.826+0000][73][info ][gc,phases   ] GC(46)   Post Evacuate Collection Set: 12.13ms
[2025-05-21T06:53:22.826+0000][73][info ][gc,phases   ] GC(46)   Other: 2.79ms
[2025-05-21T06:53:22.827+0000][73][trace][gc,age      ] GC(46) Age table with threshold 15 (max threshold 15)
[2025-05-21T06:53:22.827+0000][73][trace][gc,age      ] GC(46) - age   1:    1782680 bytes,    1782680 total
[2025-05-21T06:53:22.827+0000][73][trace][gc,age      ] GC(46) - age   2:     284632 bytes,    2067312 total
[2025-05-21T06:53:22.828+0000][73][trace][gc,age      ] GC(46) - age   3:    1178912 bytes,    3246224 total
[2025-05-21T06:53:22.828+0000][73][trace][gc,age      ] GC(46) - age   4:     103376 bytes,    3349600 total
[2025-05-21T06:53:22.828+0000][73][trace][gc,age      ] GC(46) - age   5:     107424 bytes,    3457024 total
[2025-05-21T06:53:22.828+0000][73][trace][gc,age      ] GC(46) - age   6:     108112 bytes,    3565136 total
[2025-05-21T06:53:22.829+0000][73][trace][gc,age      ] GC(46) - age   7:     280032 bytes,    3845168 total
[2025-05-21T06:53:22.829+0000][73][trace][gc,age      ] GC(46) - age   8:     118784 bytes,    3963952 total
[2025-05-21T06:53:22.830+0000][73][trace][gc,age      ] GC(46) - age   9:     451968 bytes,    4415920 total
[2025-05-21T06:53:22.830+0000][73][trace][gc,age      ] GC(46) - age  10:     184616 bytes,    4600536 total
[2025-05-21T06:53:22.830+0000][73][trace][gc,age      ] GC(46) - age  11:     122776 bytes,    4723312 total
[2025-05-21T06:53:22.831+0000][73][trace][gc,age      ] GC(46) - age  12:     104896 bytes,    4828208 total
[2025-05-21T06:53:22.831+0000][73][trace][gc,age      ] GC(46) - age  13:      68216 bytes,    4896424 total
[2025-05-21T06:53:22.831+0000][73][trace][gc,age      ] GC(46) - age  14:     117032 bytes,    5013456 total
[2025-05-21T06:53:22.832+0000][73][trace][gc,age      ] GC(46) - age  15:     103344 bytes,    5116800 total
[2025-05-21T06:53:22.832+0000][73][info ][gc,heap     ] GC(46) Eden regions: 580->0(580)
[2025-05-21T06:53:22.832+0000][73][info ][gc,heap     ] GC(46) Survivor regions: 2->2(73)
[2025-05-21T06:53:22.833+0000][73][info ][gc,heap     ] GC(46) Old regions: 29->29
[2025-05-21T06:53:22.833+0000][73][info ][gc,heap     ] GC(46) Humongous regions: 0->0
[2025-05-21T06:53:22.834+0000][73][info ][gc,metaspace] GC(46) Metaspace: 147357K(153408K)->147357K(153408K) NonClass: 127860K(131456K)->127860K(131456K) Class: 19496K(21952K)->19496K(21952K)
[2025-05-21T06:53:22.835+0000][73][info ][gc          ] GC(46) Pause Young (Mixed) (G1 Evacuation Pause) 2438M->117M(3880M) 132.326ms
[2025-05-21T06:53:22.836+0000][73][info ][gc,cpu      ] GC(46) User=0.78s Sys=0.01s Real=0.13s
[2025-05-21T06:53:22.836+0000][73][info ][safepoint   ] Safepoint "G1CollectForAllocation", Time since last: 252137757149 ns, Reaching safepoint: 61557 ns, Cleanup: 6783 ns, At safepoint: 134321347 ns, Total: 134389687 ns
[2025-05-21T07:06:04.604+0000][73][info ][safepoint   ] Safepoint "Cleanup", Time since last: 761820545734 ns, Reaching safepoint: 517785 ns, Cleanup: 352250 ns, At safepoint: 172074 ns, Total: 1042109 ns
[2025-05-21T07:09:28.819+0000][73][info ][safepoint   ] Safepoint "Cleanup", Time since last: 204229814201 ns, Reaching safepoint: 202265 ns, Cleanup: 19348 ns, At safepoint: 51670 ns, Total: 273283 ns
[2025-05-21T07:09:40.604+0000][73][info ][safepoint   ] Safepoint "Cleanup", Time since last: 11785066628 ns, Reaching safepoint: 24515 ns, Cleanup: 65501 ns, At safepoint: 32440 ns, Total: 122456 ns
[2025-05-21T07:17:22.477+0000][73][info ][safepoint   ] Safepoint "Cleanup", Time since last: 461905589588 ns, Reaching safepoint: 80832 ns, Cleanup: 248313 ns, At safepoint: 50716 ns, Total: 379861 ns
[2025-05-21T07:18:33.608+0000][73][info ][safepoint   ] Safepoint "Cleanup", Time since last: 71137341873 ns, Reaching safepoint: 70856 ns, Cleanup: 15968 ns, At safepoint: 16262 ns, Total: 103086 ns
[2025-05-21T07:31:51.698+0000][73][info ][safepoint   ] Safepoint "Cleanup", Time since last: 798149887065 ns, Reaching safepoint: 173095 ns, Cleanup: 830549 ns, At safepoint: 244840 ns, Total: 1248484 ns
[2025-05-21T07:33:32.477+0000][73][info ][safepoint   ] Safepoint "Cleanup", Time since last: 100788772418 ns, Reaching safepoint: 41651 ns, Cleanup: 65863 ns, At safepoint: 10869 ns, Total: 118383 ns
[2025-05-21T07:36:47.579+0000][73][info ][safepoint   ] Safepoint "Cleanup", Time since last: 195116290604 ns, Reaching safepoint: 118736 ns, Cleanup: 306356 ns, At safepoint: 76237 ns, Total: 501329 ns
[2025-05-21T07:39:08.372+0000][73][info ][safepoint   ] Safepoint "Cleanup", Time since last: 140804466907 ns, Reaching safepoint: 42101 ns, Cleanup: 18024 ns, At safepoint: 12021 ns, Total: 72146 ns
[2025-05-21T07:39:29.373+0000][73][info ][safepoint   ] Safepoint "Cleanup", Time since last: 21003572399 ns, Reaching safepoint: 76176 ns, Cleanup: 17214 ns, At safepoint: 17017 ns, Total: 110407 ns
[2025-05-21T07:39:34.738+0000][73][info ][safepoint   ] Safepoint "Cleanup", Time since last: 5365038627 ns, Reaching safepoint: 81070 ns, Cleanup: 17565 ns, At safepoint: 36173 ns, Total: 134808 ns
[2025-05-21T07:39:56.284+0000][73][info ][gc,start    ] GC(47) Pause Young (Concurrent Start) (G1 Evacuation Pause)
[2025-05-21T07:39:56.290+0000][73][info ][gc,task     ] GC(47) Using 10 workers of 10 for evacuation
[2025-05-21T07:39:56.291+0000][73][debug][gc,age      ] GC(47) Desired survivor size 153092096 bytes, new threshold 15 (max threshold 15)
[2025-05-21T07:39:56.651+0000][73][info ][gc,mmu      ] GC(47) MMU target violated: 201.0ms (200.0ms/201.0ms)
[2025-05-21T07:39:56.657+0000][73][info ][gc,phases   ] GC(47)   Pre Evacuate Collection Set: 23.81ms
[2025-05-21T07:39:56.660+0000][73][info ][gc,phases   ] GC(47)   Merge Heap Roots: 3.15ms
[2025-05-21T07:39:56.667+0000][73][info ][gc,phases   ] GC(47)   Evacuate Collection Set: 281.06ms
[2025-05-21T07:39:56.671+0000][73][info ][gc,phases   ] GC(47)   Post Evacuate Collection Set: 47.40ms
[2025-05-21T07:39:56.677+0000][73][info ][gc,phases   ] GC(47)   Other: 12.47ms
[2025-05-21T07:39:56.681+0000][73][trace][gc,age      ] GC(47) Age table with threshold 15 (max threshold 15)
[2025-05-21T07:39:56.684+0000][73][trace][gc,age      ] GC(47) - age   1:     744672 bytes,     744672 total
[2025-05-21T07:39:56.687+0000][73][trace][gc,age      ] GC(47) - age   2:     182792 bytes,     927464 total
[2025-05-21T07:39:56.688+0000][73][trace][gc,age      ] GC(47) - age   3:     129200 bytes,    1056664 total
[2025-05-21T07:39:56.691+0000][73][trace][gc,age      ] GC(47) - age   4:    1177960 bytes,    2234624 total
[2025-05-21T07:39:56.694+0000][73][trace][gc,age      ] GC(47) - age   5:     103016 bytes,    2337640 total
[2025-05-21T07:39:56.695+0000][73][trace][gc,age      ] GC(47) - age   6:     107248 bytes,    2444888 total
[2025-05-21T07:39:56.697+0000][73][trace][gc,age      ] GC(47) - age   7:     107752 bytes,    2552640 total
[2025-05-21T07:39:56.698+0000][73][trace][gc,age      ] GC(47) - age   8:     279952 bytes,    2832592 total
[2025-05-21T07:39:56.700+0000][73][trace][gc,age      ] GC(47) - age   9:     118728 bytes,    2951320 total
[2025-05-21T07:39:56.700+0000][73][trace][gc,age      ] GC(47) - age  10:     451776 bytes,    3403096 total
[2025-05-21T07:39:56.701+0000][73][trace][gc,age      ] GC(47) - age  11:     184616 bytes,    3587712 total
[2025-05-21T07:39:56.702+0000][73][trace][gc,age      ] GC(47) - age  12:     122776 bytes,    3710488 total
[2025-05-21T07:39:56.702+0000][73][trace][gc,age      ] GC(47) - age  13:     104896 bytes,    3815384 total
[2025-05-21T07:39:56.702+0000][73][trace][gc,age      ] GC(47) - age  14:      68216 bytes,    3883600 total
[2025-05-21T07:39:56.703+0000][73][trace][gc,age      ] GC(47) - age  15:     117032 bytes,    4000632 total
[2025-05-21T07:39:56.703+0000][73][info ][gc,heap     ] GC(47) Eden regions: 580->0(580)
[2025-05-21T07:39:56.704+0000][73][info ][gc,heap     ] GC(47) Survivor regions: 2->2(73)
[2025-05-21T07:39:56.704+0000][73][info ][gc,heap     ] GC(47) Old regions: 29->29
[2025-05-21T07:39:56.705+0000][73][info ][gc,heap     ] GC(47) Humongous regions: 0->0
[2025-05-21T07:39:56.705+0000][73][info ][gc,metaspace] GC(47) Metaspace: 147365K(153408K)->147365K(153408K) NonClass: 127868K(131456K)->127868K(131456K) Class: 19497K(21952K)->19497K(21952K)
[2025-05-21T07:39:56.706+0000][73][info ][gc          ] GC(47) Pause Young (Concurrent Start) (G1 Evacuation Pause) 2437M->116M(3880M) 422.432ms
[2025-05-21T07:39:56.707+0000][73][info ][gc,cpu      ] GC(47) User=1.47s Sys=0.01s Real=0.43s
[2025-05-21T07:39:56.708+0000][73][info ][gc          ] GC(48) Concurrent Mark Cycle
[2025-05-21T07:39:56.708+0000][73][info ][safepoint   ] Safepoint "G1CollectForAllocation", Time since last: 21542829190 ns, Reaching safepoint: 124463 ns, Cleanup: 9226 ns, At safepoint: 429056493 ns, Total: 429190182 ns
[2025-05-21T07:39:56.709+0000][73][info ][gc,marking  ] GC(48) Concurrent Scan Root Regions
[2025-05-21T07:39:56.800+0000][73][info ][gc,marking  ] GC(48) Concurrent Scan Root Regions 90.491ms
[2025-05-21T07:39:56.800+0000][73][info ][gc,marking  ] GC(48) Concurrent Mark
[2025-05-21T07:39:56.801+0000][73][info ][gc,marking  ] GC(48) Concurrent Mark From Roots
[2025-05-21T07:39:56.801+0000][73][info ][gc,task     ] GC(48) Using 3 workers of 3 for marking
[2025-05-21T07:39:57.123+0000][73][info ][gc,marking  ] GC(48) Concurrent Mark From Roots 322.252ms
[2025-05-21T07:39:57.124+0000][73][info ][gc,marking  ] GC(48) Concurrent Preclean
[2025-05-21T07:39:57.125+0000][73][info ][gc,marking  ] GC(48) Concurrent Preclean 1.198ms
[2025-05-21T07:39:57.126+0000][73][info ][gc,start    ] GC(48) Pause Remark
[2025-05-21T07:39:57.311+0000][73][info ][gc          ] GC(48) Pause Remark 128M->128M(3880M) 185.813ms
[2025-05-21T07:39:57.312+0000][73][info ][gc,cpu      ] GC(48) User=1.61s Sys=0.00s Real=0.18s
[2025-05-21T07:39:57.312+0000][73][info ][safepoint   ] Safepoint "G1PauseRemark", Time since last: 417589849 ns, Reaching safepoint: 33998 ns, Cleanup: 5747 ns, At safepoint: 186814802 ns, Total: 186854547 ns
[2025-05-21T07:39:57.313+0000][73][info ][gc,marking  ] GC(48) Concurrent Mark 512.581ms
[2025-05-21T07:39:57.314+0000][73][info ][gc,marking  ] GC(48) Concurrent Rebuild Remembered Sets and Scrub Regions
[2025-05-21T07:39:57.359+0000][73][info ][gc,marking  ] GC(48) Concurrent Rebuild Remembered Sets and Scrub Regions 45.246ms
[2025-05-21T07:39:57.359+0000][73][info ][gc,start    ] GC(48) Pause Cleanup
[2025-05-21T07:39:57.361+0000][73][info ][gc          ] GC(48) Pause Cleanup 128M->128M(3880M) 1.357ms
[2025-05-21T07:39:57.361+0000][73][info ][gc,cpu      ] GC(48) User=0.00s Sys=0.00s Real=0.00s
[2025-05-21T07:39:57.361+0000][73][info ][safepoint   ] Safepoint "G1PauseCleanup", Time since last: 46766718 ns, Reaching safepoint: 19952 ns, Cleanup: 10403 ns, At safepoint: 2297571 ns, Total: 2327926 ns
[2025-05-21T07:39:57.362+0000][73][info ][gc,marking  ] GC(48) Concurrent Clear Claimed Marks
[2025-05-21T07:39:57.363+0000][73][info ][gc,marking  ] GC(48) Concurrent Clear Claimed Marks 0.719ms
[2025-05-21T07:39:57.363+0000][73][info ][gc,marking  ] GC(48) Concurrent Cleanup for Next Mark
[2025-05-21T07:39:57.432+0000][73][info ][gc,marking  ] GC(48) Concurrent Cleanup for Next Mark 68.806ms
[2025-05-21T07:39:57.432+0000][73][info ][gc          ] GC(48) Concurrent Mark Cycle 724.473ms
[2025-05-21T07:40:01.363+0000][73][info ][safepoint   ] Safepoint "Cleanup", Time since last: 4000979251 ns, Reaching safepoint: 81495 ns, Cleanup: 13977 ns, At safepoint: 11851 ns, Total: 107323 ns
[2025-05-21T07:40:07.773+0000][73][info ][safepoint   ] Safepoint "Cleanup", Time since last: 6410653174 ns, Reaching safepoint: 21760 ns, Cleanup: 13742 ns, At safepoint: 23208 ns, Total: 58710 ns
[2025-05-21T07:41:47.805+0000][73][info ][safepoint   ] Safepoint "Cleanup", Time since last: 100038565275 ns, Reaching safepoint: 99283 ns, Cleanup: 16249 ns, At safepoint: 13102 ns, Total: 128634 ns
[2025-05-21T07:47:27.084+0000][73][info ][safepoint   ] Safepoint "Cleanup", Time since last: 339307760743 ns, Reaching safepoint: 51453 ns, Cleanup: 100711 ns, At safepoint: 34417 ns, Total: 186581 ns
[2025-05-21T08:01:22.215+0000][73][info ][safepoint   ] Safepoint "Cleanup", Time since last: 835192456710 ns, Reaching safepoint: 209456 ns, Cleanup: 828128 ns, At safepoint: 75499 ns, Total: 1113083 ns
[2025-05-21T08:01:53.191+0000][73][info ][safepoint   ] Safepoint "Cleanup", Time since last: 30544487825 ns, Reaching safepoint: 433535167 ns, Cleanup: 31828 ns, At safepoint: 306127 ns, Total: 433873122 ns
[2025-05-21T08:03:33.143+0000][73][info ][safepoint   ] Safepoint "Cleanup", Time since last: 99960843260 ns, Reaching safepoint: 11828 ns, Cleanup: 9423 ns, At safepoint: 13615 ns, Total: 34866 ns
[2025-05-21T08:16:47.455+0000][73][info ][safepoint   ] Safepoint "Cleanup", Time since last: 794381469303 ns, Reaching safepoint: 59457 ns, Cleanup: 473420 ns, At safepoint: 376676 ns, Total: 909553 ns
[2025-05-21T08:18:31.202+0000][73][info ][safepoint   ] Safepoint "Cleanup", Time since last: 103756942888 ns, Reaching safepoint: 802513 ns, Cleanup: 21710 ns, At safepoint: 237190 ns, Total: 1061413 ns
[2025-05-21T08:18:32.274+0000][73][info ][safepoint   ] Safepoint "Cleanup", Time since last: 1071524583 ns, Reaching safepoint: 32042 ns, Cleanup: 184768 ns, At safepoint: 25339 ns, Total: 242149 ns
[2025-05-21T08:18:36.082+0000][73][info ][safepoint   ] Safepoint "Cleanup", Time since last: 3807859326 ns, Reaching safepoint: 9559 ns, Cleanup: 209007 ns, At safepoint: 30646 ns, Total: 249212 ns
[2025-05-21T08:18:37.181+0000][73][info ][safepoint   ] Safepoint "Cleanup", Time since last: 1000828100 ns, Reaching safepoint: 98523838 ns, Cleanup: 135304 ns, At safepoint: 144142 ns, Total: 98803284 ns
[2025-05-21T08:18:38.997+0000][73][info ][safepoint   ] Safepoint "Cleanup", Time since last: 1814894816 ns, Reaching safepoint: 7443 ns, Cleanup: 175093 ns, At safepoint: 16837 ns, Total: 199373 ns
[2025-05-21T08:18:39.342+0000][73][info ][gc,heap,exit] Heap
[2025-05-21T08:18:39.343+0000][73][info ][gc,heap,exit]  garbage-first heap   total reserved 3973120K, committed 3973120K, used 2066152K [0x000000070d800000, 0x0000000800000000)
[2025-05-21T08:18:39.344+0000][73][info ][gc,heap,exit]   region size 4096K, 478 young (1957888K), 2 survivors (8192K)
[2025-05-21T08:18:39.344+0000][73][info ][gc,heap,exit]  Metaspace       used 147747K, committed 153472K, reserved 1245184K
[2025-05-21T08:18:39.344+0000][73][info ][gc,heap,exit]   class space    used 19582K, committed 21952K, reserved 1048576K
