[2025-05-21T08:19:01.350+0000][73][info][gc,init] CardTable entry size: 512
[2025-05-21T08:19:01.352+0000][73][info][gc     ] Using G1
[2025-05-21T08:19:08.708+0000][73][info][gc,init] Version: 22+36-2370 (release)
[2025-05-21T08:19:08.714+0000][73][info][gc,init] CPUs: 12 total, 12 available
[2025-05-21T08:19:08.716+0000][73][info][gc,init] Memory: 7757M
[2025-05-21T08:19:08.719+0000][73][info][gc,init] Large Page Support: Disabled
[2025-05-21T08:19:08.721+0000][73][info][gc,init] NUMA Support: Disabled
[2025-05-21T08:19:08.724+0000][73][info][gc,init] Compressed Oops: Enabled (Zero based)
[2025-05-21T08:19:08.725+0000][73][info][gc,init] Heap Region Size: 4M
[2025-05-21T08:19:08.727+0000][73][info][gc,init] Heap Min Capacity: 3880M
[2025-05-21T08:19:08.727+0000][73][info][gc,init] Heap Initial Capacity: 3880M
[2025-05-21T08:19:08.727+0000][73][info][gc,init] Heap Max Capacity: 3880M
[2025-05-21T08:19:08.728+0000][73][info][gc,init] Pre-touch: Enabled
[2025-05-21T08:19:08.731+0000][73][info][gc,init] Parallel Workers: 10
[2025-05-21T08:19:08.735+0000][73][info][gc,init] Concurrent Workers: 3
[2025-05-21T08:19:08.740+0000][73][info][gc,init] Concurrent Refinement Workers: 10
[2025-05-21T08:19:08.747+0000][73][info][gc,init] Periodic GC: Disabled
[2025-05-21T08:19:09.153+0000][73][info][gc,metaspace] CDS archive(s) mapped at: [0x00007fd1a2000000-0x00007fd1a2c74000-0x00007fd1a2c74000), size 13058048, SharedBaseAddress: 0x00007fd1a2000000, ArchiveRelocationMode: 1.
[2025-05-21T08:19:09.156+0000][73][info][gc,metaspace] Compressed class space mapped at: 0x00007fd1a3000000-0x00007fd1e3000000, reserved size: 1073741824
[2025-05-21T08:19:09.157+0000][73][info][gc,metaspace] Narrow klass base: 0x00007fd1a2000000, Narrow klass shift: 0, Narrow klass range: 0x100000000
[2025-05-21T08:19:10.225+0000][73][info][safepoint   ] Safepoint "Cleanup", Time since last: 1029248539 ns, Reaching safepoint: 119975 ns, Cleanup: 107343 ns, At safepoint: 76541 ns, Total: 303859 ns
[2025-05-21T08:19:11.809+0000][73][info][safepoint   ] Safepoint "ICBufferFull", Time since last: 1583741720 ns, Reaching safepoint: 5305 ns, Cleanup: 100401 ns, At safepoint: 7657 ns, Total: 113363 ns
[2025-05-21T08:19:12.886+0000][73][info][safepoint   ] Safepoint "Cleanup", Time since last: 1077413329 ns, Reaching safepoint: 4255 ns, Cleanup: 109101 ns, At safepoint: 5962 ns, Total: 119318 ns
[2025-05-21T08:19:13.958+0000][73][info][safepoint   ] Safepoint "Cleanup", Time since last: 1070068491 ns, Reaching safepoint: 1149156 ns, Cleanup: 459560 ns, At safepoint: 53803 ns, Total: 1662519 ns
[2025-05-21T08:19:15.066+0000][73][info][safepoint   ] Safepoint "Cleanup", Time since last: 1107147713 ns, Reaching safepoint: 7044 ns, Cleanup: 485689 ns, At safepoint: 73439 ns, Total: 566172 ns
[2025-05-21T08:19:16.374+0000][73][info][safepoint   ] Safepoint "Cleanup", Time since last: 1308025786 ns, Reaching safepoint: 121797 ns, Cleanup: 115345 ns, At safepoint: 17692 ns, Total: 254834 ns
[2025-05-21T08:19:17.382+0000][73][info][safepoint   ] Safepoint "Cleanup", Time since last: 1000737010 ns, Reaching safepoint: 7068020 ns, Cleanup: 60864 ns, At safepoint: 115630 ns, Total: 7244514 ns
[2025-05-21T08:19:18.394+0000][73][info][safepoint   ] Safepoint "Cleanup", Time since last: 1007203603 ns, Reaching safepoint: 5177741 ns, Cleanup: 75886 ns, At safepoint: 61340 ns, Total: 5314967 ns
[2025-05-21T08:19:18.812+0000][73][info][gc,start    ] GC(0) Pause Young (Concurrent Start) (Metadata GC Threshold)
[2025-05-21T08:19:18.815+0000][73][info][gc,task     ] GC(0) Using 10 workers of 10 for evacuation
[2025-05-21T08:19:18.816+0000][73][debug][gc,age      ] GC(0) Desired survivor size 12582912 bytes, new threshold 15 (max threshold 15)
[2025-05-21T08:19:18.838+0000][73][info ][gc,phases   ] GC(0)   Pre Evacuate Collection Set: 3.03ms
[2025-05-21T08:19:18.838+0000][73][info ][gc,phases   ] GC(0)   Merge Heap Roots: 3.22ms
[2025-05-21T08:19:18.839+0000][73][info ][gc,phases   ] GC(0)   Evacuate Collection Set: 7.91ms
[2025-05-21T08:19:18.841+0000][73][info ][gc,phases   ] GC(0)   Post Evacuate Collection Set: 5.28ms
[2025-05-21T08:19:18.846+0000][73][info ][gc,phases   ] GC(0)   Other: 3.73ms
[2025-05-21T08:19:18.846+0000][73][trace][gc,age      ] GC(0) Age table with threshold 15 (max threshold 15)
[2025-05-21T08:19:18.846+0000][73][trace][gc,age      ] GC(0) - age   1:   10229512 bytes,   10229512 total
[2025-05-21T08:19:18.847+0000][73][info ][gc,heap     ] GC(0) Eden regions: 45->0(45)
[2025-05-21T08:19:18.847+0000][73][info ][gc,heap     ] GC(0) Survivor regions: 0->3(6)
[2025-05-21T08:19:18.849+0000][73][info ][gc,heap     ] GC(0) Old regions: 1->1
[2025-05-21T08:19:18.849+0000][73][info ][gc,heap     ] GC(0) Humongous regions: 0->0
[2025-05-21T08:19:18.849+0000][73][info ][gc,metaspace] GC(0) Metaspace: 20995K(21504K)->20995K(21504K) NonClass: 18612K(18880K)->18612K(18880K) Class: 2383K(2624K)->2383K(2624K)
[2025-05-21T08:19:18.850+0000][73][info ][gc          ] GC(0) Pause Young (Concurrent Start) (Metadata GC Threshold) 179M->11M(3880M) 38.181ms
[2025-05-21T08:19:18.852+0000][73][info ][gc,cpu      ] GC(0) User=0.10s Sys=0.00s Real=0.04s
[2025-05-21T08:19:18.852+0000][73][info ][gc          ] GC(1) Concurrent Mark Cycle
[2025-05-21T08:19:18.853+0000][73][info ][safepoint   ] Safepoint "CollectForMetadataAllocation", Time since last: 416537536 ns, Reaching safepoint: 6810 ns, Cleanup: 68965 ns, At safepoint: 42438773 ns, Total: 42514548 ns
[2025-05-21T08:19:18.853+0000][73][info ][gc,marking  ] GC(1) Concurrent Scan Root Regions
[2025-05-21T08:19:18.860+0000][73][info ][gc,marking  ] GC(1) Concurrent Scan Root Regions 6.843ms
[2025-05-21T08:19:18.861+0000][73][info ][gc,marking  ] GC(1) Concurrent Mark
[2025-05-21T08:19:18.861+0000][73][info ][gc,marking  ] GC(1) Concurrent Mark From Roots
[2025-05-21T08:19:18.864+0000][73][info ][gc,task     ] GC(1) Using 3 workers of 3 for marking
[2025-05-21T08:19:18.874+0000][73][info ][gc,marking  ] GC(1) Concurrent Mark From Roots 12.831ms
[2025-05-21T08:19:18.875+0000][73][info ][gc,marking  ] GC(1) Concurrent Preclean
[2025-05-21T08:19:18.877+0000][73][info ][gc,marking  ] GC(1) Concurrent Preclean 1.549ms
[2025-05-21T08:19:18.878+0000][73][info ][gc,start    ] GC(1) Pause Remark
[2025-05-21T08:19:18.896+0000][73][info ][gc          ] GC(1) Pause Remark 15M->15M(3880M) 18.046ms
[2025-05-21T08:19:18.897+0000][73][info ][gc,cpu      ] GC(1) User=0.04s Sys=0.01s Real=0.01s
[2025-05-21T08:19:18.898+0000][73][info ][safepoint   ] Safepoint "G1PauseRemark", Time since last: 24324876 ns, Reaching safepoint: 5739 ns, Cleanup: 23009 ns, At safepoint: 19866973 ns, Total: 19895721 ns
[2025-05-21T08:19:18.899+0000][73][info ][gc,marking  ] GC(1) Concurrent Mark 37.756ms
[2025-05-21T08:19:18.899+0000][73][info ][gc,marking  ] GC(1) Concurrent Rebuild Remembered Sets and Scrub Regions
[2025-05-21T08:19:18.900+0000][73][info ][gc,marking  ] GC(1) Concurrent Rebuild Remembered Sets and Scrub Regions 1.344ms
[2025-05-21T08:19:18.901+0000][73][info ][gc,start    ] GC(1) Pause Cleanup
[2025-05-21T08:19:18.902+0000][73][info ][gc          ] GC(1) Pause Cleanup 15M->15M(3880M) 0.918ms
[2025-05-21T08:19:18.902+0000][73][info ][gc,cpu      ] GC(1) User=0.01s Sys=0.00s Real=0.00s
[2025-05-21T08:19:18.903+0000][73][info ][safepoint   ] Safepoint "G1PauseCleanup", Time since last: 3312887 ns, Reaching safepoint: 113282 ns, Cleanup: 5515 ns, At safepoint: 1646607 ns, Total: 1765404 ns
[2025-05-21T08:19:18.903+0000][73][info ][gc,marking  ] GC(1) Concurrent Clear Claimed Marks
[2025-05-21T08:19:18.903+0000][73][info ][gc,marking  ] GC(1) Concurrent Clear Claimed Marks 0.438ms
[2025-05-21T08:19:18.904+0000][73][info ][gc,marking  ] GC(1) Concurrent Cleanup for Next Mark
[2025-05-21T08:19:18.923+0000][73][info ][gc,marking  ] GC(1) Concurrent Cleanup for Next Mark 19.176ms
[2025-05-21T08:19:18.930+0000][73][info ][gc          ] GC(1) Concurrent Mark Cycle 78.230ms
[2025-05-21T08:19:20.438+0000][73][info ][safepoint   ] Safepoint "Cleanup", Time since last: 1524963703 ns, Reaching safepoint: 9971416 ns, Cleanup: 146211 ns, At safepoint: 44567 ns, Total: 10162194 ns
[2025-05-21T08:19:21.434+0000][73][info ][gc,start    ] GC(2) Pause Young (Prepare Mixed) (G1 Evacuation Pause)
[2025-05-21T08:19:21.449+0000][73][info ][gc,task     ] GC(2) Using 10 workers of 10 for evacuation
[2025-05-21T08:19:21.456+0000][73][debug][gc,age      ] GC(2) Desired survivor size 12582912 bytes, new threshold 15 (max threshold 15)
[2025-05-21T08:19:21.486+0000][73][info ][gc,phases   ] GC(2)   Pre Evacuate Collection Set: 0.35ms
[2025-05-21T08:19:21.492+0000][73][info ][gc,phases   ] GC(2)   Merge Heap Roots: 0.20ms
[2025-05-21T08:19:21.497+0000][73][info ][gc,phases   ] GC(2)   Evacuate Collection Set: 16.36ms
[2025-05-21T08:19:21.500+0000][73][info ][gc,phases   ] GC(2)   Post Evacuate Collection Set: 12.09ms
[2025-05-21T08:19:21.501+0000][73][info ][gc,phases   ] GC(2)   Other: 8.69ms
[2025-05-21T08:19:21.503+0000][73][trace][gc,age      ] GC(2) Age table with threshold 15 (max threshold 15)
[2025-05-21T08:19:21.504+0000][73][trace][gc,age      ] GC(2) - age   1:    6075944 bytes,    6075944 total
[2025-05-21T08:19:21.506+0000][73][trace][gc,age      ] GC(2) - age   2:    9299960 bytes,   15375904 total
[2025-05-21T08:19:21.512+0000][73][info ][gc,heap     ] GC(2) Eden regions: 45->0(44)
[2025-05-21T08:19:21.516+0000][73][info ][gc,heap     ] GC(2) Survivor regions: 3->4(6)
[2025-05-21T08:19:21.520+0000][73][info ][gc,heap     ] GC(2) Old regions: 1->1
[2025-05-21T08:19:21.523+0000][73][info ][gc,heap     ] GC(2) Humongous regions: 0->0
[2025-05-21T08:19:21.528+0000][73][info ][gc,metaspace] GC(2) Metaspace: 27493K(28096K)->27493K(28096K) NonClass: 24379K(24704K)->24379K(24704K) Class: 3114K(3392K)->3114K(3392K)
[2025-05-21T08:19:21.534+0000][73][info ][gc          ] GC(2) Pause Young (Prepare Mixed) (G1 Evacuation Pause) 191M->17M(3880M) 99.346ms
[2025-05-21T08:19:21.534+0000][73][info ][gc,cpu      ] GC(2) User=0.08s Sys=0.02s Real=0.10s
[2025-05-21T08:19:21.535+0000][73][info ][safepoint   ] Safepoint "G1CollectForAllocation", Time since last: 996306806 ns, Reaching safepoint: 103541 ns, Cleanup: 250035 ns, At safepoint: 100835045 ns, Total: 101188621 ns
[2025-05-21T08:19:23.060+0000][73][info ][safepoint   ] Safepoint "Cleanup", Time since last: 1522038883 ns, Reaching safepoint: 2194435 ns, Cleanup: 144051 ns, At safepoint: 64289 ns, Total: 2402775 ns
[2025-05-21T08:19:23.334+0000][73][info ][gc,start    ] GC(3) Pause Young (Mixed) (G1 Evacuation Pause)
[2025-05-21T08:19:23.337+0000][73][info ][gc,task     ] GC(3) Using 10 workers of 10 for evacuation
[2025-05-21T08:19:23.341+0000][73][debug][gc,age      ] GC(3) Desired survivor size 12582912 bytes, new threshold 2 (max threshold 15)
[2025-05-21T08:19:23.390+0000][73][info ][gc,phases   ] GC(3)   Pre Evacuate Collection Set: 0.66ms
[2025-05-21T08:19:23.396+0000][73][info ][gc,phases   ] GC(3)   Merge Heap Roots: 0.19ms
[2025-05-21T08:19:23.396+0000][73][info ][gc,phases   ] GC(3)   Evacuate Collection Set: 39.96ms
[2025-05-21T08:19:23.402+0000][73][info ][gc,phases   ] GC(3)   Post Evacuate Collection Set: 1.80ms
[2025-05-21T08:19:23.402+0000][73][info ][gc,phases   ] GC(3)   Other: 10.69ms
[2025-05-21T08:19:23.402+0000][73][trace][gc,age      ] GC(3) Age table with threshold 2 (max threshold 15)
[2025-05-21T08:19:23.403+0000][73][trace][gc,age      ] GC(3) - age   1:    5537456 bytes,    5537456 total
[2025-05-21T08:19:23.403+0000][73][trace][gc,age      ] GC(3) - age   2:    4248568 bytes,    9786024 total
[2025-05-21T08:19:23.404+0000][73][info ][gc,heap     ] GC(3) Eden regions: 44->0(50)
[2025-05-21T08:19:23.405+0000][73][info ][gc,heap     ] GC(3) Survivor regions: 4->3(6)
[2025-05-21T08:19:23.405+0000][73][info ][gc,heap     ] GC(3) Old regions: 1->3
[2025-05-21T08:19:23.406+0000][73][info ][gc,heap     ] GC(3) Humongous regions: 0->0
[2025-05-21T08:19:23.408+0000][73][info ][gc,metaspace] GC(3) Metaspace: 28977K(29696K)->28977K(29696K) NonClass: 25583K(25984K)->25583K(25984K) Class: 3394K(3712K)->3394K(3712K)
[2025-05-21T08:19:23.408+0000][73][info ][gc          ] GC(3) Pause Young (Mixed) (G1 Evacuation Pause) 193M->20M(3880M) 73.838ms
[2025-05-21T08:19:23.409+0000][73][info ][gc,cpu      ] GC(3) User=0.19s Sys=0.01s Real=0.07s
[2025-05-21T08:19:23.413+0000][73][info ][safepoint   ] Safepoint "G1CollectForAllocation", Time since last: 274647441 ns, Reaching safepoint: 8317 ns, Cleanup: 54925 ns, At safepoint: 78472865 ns, Total: 78536107 ns
[2025-05-21T08:19:24.444+0000][73][info ][gc,start    ] GC(4) Pause Young (Normal) (G1 Evacuation Pause)
[2025-05-21T08:19:24.445+0000][73][info ][gc,task     ] GC(4) Using 10 workers of 10 for evacuation
[2025-05-21T08:19:24.446+0000][73][debug][gc,age      ] GC(4) Desired survivor size 14680064 bytes, new threshold 15 (max threshold 15)
[2025-05-21T08:19:24.468+0000][73][info ][gc,phases   ] GC(4)   Pre Evacuate Collection Set: 0.40ms
[2025-05-21T08:19:24.470+0000][73][info ][gc,phases   ] GC(4)   Merge Heap Roots: 0.12ms
[2025-05-21T08:19:24.471+0000][73][info ][gc,phases   ] GC(4)   Evacuate Collection Set: 16.95ms
[2025-05-21T08:19:24.471+0000][73][info ][gc,phases   ] GC(4)   Post Evacuate Collection Set: 3.06ms
[2025-05-21T08:19:24.471+0000][73][info ][gc,phases   ] GC(4)   Other: 3.11ms
[2025-05-21T08:19:24.474+0000][73][trace][gc,age      ] GC(4) Age table with threshold 15 (max threshold 15)
[2025-05-21T08:19:24.478+0000][73][trace][gc,age      ] GC(4) - age   1:    2740224 bytes,    2740224 total
[2025-05-21T08:19:24.481+0000][73][trace][gc,age      ] GC(4) - age   2:    4113328 bytes,    6853552 total
[2025-05-21T08:19:24.483+0000][73][trace][gc,age      ] GC(4) - age   3:    4247640 bytes,   11101192 total
[2025-05-21T08:19:24.486+0000][73][info ][gc,heap     ] GC(4) Eden regions: 50->0(578)
[2025-05-21T08:19:24.487+0000][73][info ][gc,heap     ] GC(4) Survivor regions: 3->4(7)
[2025-05-21T08:19:24.492+0000][73][info ][gc,heap     ] GC(4) Old regions: 3->3
[2025-05-21T08:19:24.496+0000][73][info ][gc,heap     ] GC(4) Humongous regions: 0->0
[2025-05-21T08:19:24.497+0000][73][info ][gc,metaspace] GC(4) Metaspace: 29587K(30272K)->29587K(30272K) NonClass: 26126K(26496K)->26126K(26496K) Class: 3461K(3776K)->3461K(3776K)
[2025-05-21T08:19:24.499+0000][73][info ][gc          ] GC(4) Pause Young (Normal) (G1 Evacuation Pause) 220M->22M(3880M) 55.399ms
[2025-05-21T08:19:24.501+0000][73][info ][gc,cpu      ] GC(4) User=0.03s Sys=0.01s Real=0.06s
[2025-05-21T08:19:24.505+0000][73][info ][safepoint   ] Safepoint "G1CollectForAllocation", Time since last: 1037422172 ns, Reaching safepoint: 7570 ns, Cleanup: 105507 ns, At safepoint: 60869042 ns, Total: 60982119 ns
[2025-05-21T08:19:25.507+0000][73][info ][safepoint   ] Safepoint "Cleanup", Time since last: 1002374420 ns, Reaching safepoint: 6006 ns, Cleanup: 28494 ns, At safepoint: 44717 ns, Total: 79217 ns
[2025-05-21T08:19:27.324+0000][73][info ][safepoint   ] Safepoint "Cleanup", Time since last: 1816574993 ns, Reaching safepoint: 157741 ns, Cleanup: 157916 ns, At safepoint: 80690 ns, Total: 396347 ns
[2025-05-21T08:19:27.805+0000][73][info ][gc,start    ] GC(5) Pause Young (Concurrent Start) (Metadata GC Threshold)
[2025-05-21T08:19:27.806+0000][73][info ][gc,task     ] GC(5) Using 10 workers of 10 for evacuation
[2025-05-21T08:19:27.806+0000][73][debug][gc,age      ] GC(5) Desired survivor size 153092096 bytes, new threshold 15 (max threshold 15)
[2025-05-21T08:19:27.831+0000][73][info ][gc,phases   ] GC(5)   Pre Evacuate Collection Set: 0.81ms
[2025-05-21T08:19:27.831+0000][73][info ][gc,phases   ] GC(5)   Merge Heap Roots: 0.44ms
[2025-05-21T08:19:27.832+0000][73][info ][gc,phases   ] GC(5)   Evacuate Collection Set: 20.30ms
[2025-05-21T08:19:27.832+0000][73][info ][gc,phases   ] GC(5)   Post Evacuate Collection Set: 2.30ms
[2025-05-21T08:19:27.832+0000][73][info ][gc,phases   ] GC(5)   Other: 1.37ms
[2025-05-21T08:19:27.833+0000][73][trace][gc,age      ] GC(5) Age table with threshold 15 (max threshold 15)
[2025-05-21T08:19:27.833+0000][73][trace][gc,age      ] GC(5) - age   1:    4421480 bytes,    4421480 total
[2025-05-21T08:19:27.834+0000][73][trace][gc,age      ] GC(5) - age   2:    2510248 bytes,    6931728 total
[2025-05-21T08:19:27.835+0000][73][trace][gc,age      ] GC(5) - age   3:    4109232 bytes,   11040960 total
[2025-05-21T08:19:27.838+0000][73][trace][gc,age      ] GC(5) - age   4:    4246488 bytes,   15287448 total
[2025-05-21T08:19:27.838+0000][73][info ][gc,heap     ] GC(5) Eden regions: 74->0(578)
[2025-05-21T08:19:27.839+0000][73][info ][gc,heap     ] GC(5) Survivor regions: 4->4(73)
[2025-05-21T08:19:27.839+0000][73][info ][gc,heap     ] GC(5) Old regions: 3->3
[2025-05-21T08:19:27.840+0000][73][info ][gc,heap     ] GC(5) Humongous regions: 0->0
[2025-05-21T08:19:27.840+0000][73][info ][gc,metaspace] GC(5) Metaspace: 35293K(36096K)->35293K(36096K) NonClass: 31178K(31616K)->31178K(31616K) Class: 4114K(4480K)->4114K(4480K)
[2025-05-21T08:19:27.841+0000][73][info ][gc          ] GC(5) Pause Young (Concurrent Start) (Metadata GC Threshold) 316M->25M(3880M) 36.202ms
[2025-05-21T08:19:27.842+0000][73][info ][gc,cpu      ] GC(5) User=0.10s Sys=0.00s Real=0.03s
[2025-05-21T08:19:27.842+0000][73][info ][gc          ] GC(6) Concurrent Mark Cycle
[2025-05-21T08:19:27.845+0000][73][info ][gc,marking  ] GC(6) Concurrent Scan Root Regions
[2025-05-21T08:19:27.842+0000][73][info ][safepoint   ] Safepoint "CollectForMetadataAllocation", Time since last: 480150420 ns, Reaching safepoint: 9831 ns, Cleanup: 85019 ns, At safepoint: 37987861 ns, Total: 38082711 ns
[2025-05-21T08:19:27.848+0000][73][info ][gc,marking  ] GC(6) Concurrent Scan Root Regions 3.534ms
[2025-05-21T08:19:27.852+0000][73][info ][gc,marking  ] GC(6) Concurrent Mark
[2025-05-21T08:19:27.854+0000][73][info ][gc,marking  ] GC(6) Concurrent Mark From Roots
[2025-05-21T08:19:27.857+0000][73][info ][gc,task     ] GC(6) Using 3 workers of 3 for marking
[2025-05-21T08:19:27.877+0000][73][info ][gc,marking  ] GC(6) Concurrent Mark From Roots 23.042ms
[2025-05-21T08:19:27.880+0000][73][info ][gc,marking  ] GC(6) Concurrent Preclean
[2025-05-21T08:19:27.881+0000][73][info ][gc,marking  ] GC(6) Concurrent Preclean 0.907ms
[2025-05-21T08:19:27.881+0000][73][info ][gc,start    ] GC(6) Pause Remark
[2025-05-21T08:19:27.896+0000][73][info ][gc          ] GC(6) Pause Remark 37M->37M(3880M) 14.657ms
[2025-05-21T08:19:27.902+0000][73][info ][gc,cpu      ] GC(6) User=0.05s Sys=0.00s Real=0.02s
[2025-05-21T08:19:27.906+0000][73][info ][safepoint   ] Safepoint "G1PauseRemark", Time since last: 38891668 ns, Reaching safepoint: 7097 ns, Cleanup: 4690 ns, At safepoint: 24551525 ns, Total: 24563312 ns
[2025-05-21T08:19:27.908+0000][73][info ][gc,marking  ] GC(6) Concurrent Mark 55.459ms
[2025-05-21T08:19:27.908+0000][73][info ][gc,marking  ] GC(6) Concurrent Rebuild Remembered Sets and Scrub Regions
[2025-05-21T08:19:27.915+0000][73][info ][gc,marking  ] GC(6) Concurrent Rebuild Remembered Sets and Scrub Regions 7.366ms
[2025-05-21T08:19:27.918+0000][73][info ][gc,start    ] GC(6) Pause Cleanup
[2025-05-21T08:19:27.920+0000][73][info ][gc          ] GC(6) Pause Cleanup 39M->39M(3880M) 2.464ms
[2025-05-21T08:19:27.921+0000][73][info ][gc,cpu      ] GC(6) User=0.00s Sys=0.00s Real=0.00s
[2025-05-21T08:19:27.921+0000][73][info ][safepoint   ] Safepoint "G1PauseCleanup", Time since last: 9924912 ns, Reaching safepoint: 1381768 ns, Cleanup: 435252 ns, At safepoint: 3669377 ns, Total: 5486397 ns
[2025-05-21T08:19:27.922+0000][73][info ][gc,marking  ] GC(6) Concurrent Clear Claimed Marks
[2025-05-21T08:19:27.922+0000][73][info ][gc,marking  ] GC(6) Concurrent Clear Claimed Marks 0.482ms
[2025-05-21T08:19:27.923+0000][73][info ][gc,marking  ] GC(6) Concurrent Cleanup for Next Mark
[2025-05-21T08:19:27.934+0000][73][info ][gc,marking  ] GC(6) Concurrent Cleanup for Next Mark 10.442ms
[2025-05-21T08:19:27.934+0000][73][info ][gc          ] GC(6) Concurrent Mark Cycle 92.577ms
[2025-05-21T08:19:28.924+0000][73][info ][safepoint   ] Safepoint "Cleanup", Time since last: 1002170160 ns, Reaching safepoint: 7628 ns, Cleanup: 54901 ns, At safepoint: 8450 ns, Total: 70979 ns
[2025-05-21T08:19:29.934+0000][73][info ][safepoint   ] Safepoint "Cleanup", Time since last: 1009879261 ns, Reaching safepoint: 100758 ns, Cleanup: 85353 ns, At safepoint: 27828 ns, Total: 213939 ns
[2025-05-21T08:19:30.941+0000][73][info ][safepoint   ] Safepoint "Cleanup", Time since last: 1002773646 ns, Reaching safepoint: 4446368 ns, Cleanup: 45390 ns, At safepoint: 55351 ns, Total: 4547109 ns
[2025-05-21T08:19:31.951+0000][73][info ][safepoint   ] Safepoint "Cleanup", Time since last: 1005141534 ns, Reaching safepoint: 4400600 ns, Cleanup: 31271 ns, At safepoint: 68737 ns, Total: 4500608 ns
[2025-05-21T08:19:32.960+0000][73][info ][safepoint   ] Safepoint "Cleanup", Time since last: 1008794216 ns, Reaching safepoint: 109049 ns, Cleanup: 125987 ns, At safepoint: 10055 ns, Total: 245091 ns
[2025-05-21T08:19:33.973+0000][73][info ][safepoint   ] Safepoint "Cleanup", Time since last: 1011327117 ns, Reaching safepoint: 857280 ns, Cleanup: 86071 ns, At safepoint: 770638 ns, Total: 1713989 ns
[2025-05-21T08:19:34.979+0000][73][info ][safepoint   ] Safepoint "Cleanup", Time since last: 1006004750 ns, Reaching safepoint: 111957 ns, Cleanup: 62096 ns, At safepoint: 24882 ns, Total: 198935 ns
[2025-05-21T08:19:35.981+0000][73][info ][safepoint   ] Safepoint "Cleanup", Time since last: 1001875998 ns, Reaching safepoint: 531925 ns, Cleanup: 70210 ns, At safepoint: 29239 ns, Total: 631374 ns
[2025-05-21T08:19:36.992+0000][73][info ][safepoint   ] Safepoint "Cleanup", Time since last: 1010233860 ns, Reaching safepoint: 256369 ns, Cleanup: 136175 ns, At safepoint: 19964 ns, Total: 412508 ns
[2025-05-21T08:19:38.003+0000][73][info ][safepoint   ] Safepoint "Cleanup", Time since last: 1010107393 ns, Reaching safepoint: 319680 ns, Cleanup: 47673 ns, At safepoint: 52568 ns, Total: 419921 ns
[2025-05-21T08:19:39.138+0000][73][info ][safepoint   ] Safepoint "Cleanup", Time since last: 1134983988 ns, Reaching safepoint: 107188 ns, Cleanup: 32025 ns, At safepoint: 28339 ns, Total: 167552 ns
[2025-05-21T08:19:40.150+0000][73][info ][safepoint   ] Safepoint "Cleanup", Time since last: 1012184345 ns, Reaching safepoint: 106216 ns, Cleanup: 59022 ns, At safepoint: 32190 ns, Total: 197428 ns
[2025-05-21T08:19:40.374+0000][73][info ][gc,start    ] GC(7) Pause Young (Concurrent Start) (Metadata GC Threshold)
[2025-05-21T08:19:40.378+0000][73][info ][gc,task     ] GC(7) Using 10 workers of 10 for evacuation
[2025-05-21T08:19:40.381+0000][73][debug][gc,age      ] GC(7) Desired survivor size 153092096 bytes, new threshold 15 (max threshold 15)
[2025-05-21T08:19:40.437+0000][73][info ][gc,phases   ] GC(7)   Pre Evacuate Collection Set: 0.57ms
[2025-05-21T08:19:40.441+0000][73][info ][gc,phases   ] GC(7)   Merge Heap Roots: 0.25ms
[2025-05-21T08:19:40.442+0000][73][info ][gc,phases   ] GC(7)   Evacuate Collection Set: 46.38ms
[2025-05-21T08:19:40.443+0000][73][info ][gc,phases   ] GC(7)   Post Evacuate Collection Set: 5.24ms
[2025-05-21T08:19:40.444+0000][73][info ][gc,phases   ] GC(7)   Other: 6.43ms
[2025-05-21T08:19:40.444+0000][73][trace][gc,age      ] GC(7) Age table with threshold 15 (max threshold 15)
[2025-05-21T08:19:40.445+0000][73][trace][gc,age      ] GC(7) - age   1:   14981576 bytes,   14981576 total
[2025-05-21T08:19:40.448+0000][73][trace][gc,age      ] GC(7) - age   2:    4360760 bytes,   19342336 total
[2025-05-21T08:19:40.451+0000][73][trace][gc,age      ] GC(7) - age   3:    2504512 bytes,   21846848 total
[2025-05-21T08:19:40.453+0000][73][trace][gc,age      ] GC(7) - age   4:    4093232 bytes,   25940080 total
[2025-05-21T08:19:40.455+0000][73][trace][gc,age      ] GC(7) - age   5:    4231232 bytes,   30171312 total
[2025-05-21T08:19:40.455+0000][73][info ][gc,heap     ] GC(7) Eden regions: 231->0(487)
[2025-05-21T08:19:40.457+0000][73][info ][gc,heap     ] GC(7) Survivor regions: 4->8(73)
[2025-05-21T08:19:40.460+0000][73][info ][gc,heap     ] GC(7) Old regions: 3->3
[2025-05-21T08:19:40.461+0000][73][info ][gc,heap     ] GC(7) Humongous regions: 0->0
[2025-05-21T08:19:40.462+0000][73][info ][gc,metaspace] GC(7) Metaspace: 59141K(60416K)->59141K(60416K) NonClass: 51593K(52352K)->51593K(52352K) Class: 7547K(8064K)->7547K(8064K)
[2025-05-21T08:19:40.462+0000][73][info ][gc          ] GC(7) Pause Young (Concurrent Start) (Metadata GC Threshold) 947M->41M(3880M) 88.773ms
[2025-05-21T08:19:40.463+0000][73][info ][gc,cpu      ] GC(7) User=0.27s Sys=0.03s Real=0.09s
[2025-05-21T08:19:40.463+0000][73][info ][gc          ] GC(8) Concurrent Mark Cycle
[2025-05-21T08:19:40.467+0000][73][info ][safepoint   ] Safepoint "CollectForMetadataAllocation", Time since last: 223221071 ns, Reaching safepoint: 102139 ns, Cleanup: 5874 ns, At safepoint: 93306030 ns, Total: 93414043 ns
[2025-05-21T08:19:40.470+0000][73][info ][gc,marking  ] GC(8) Concurrent Scan Root Regions
[2025-05-21T08:19:40.495+0000][73][info ][gc,marking  ] GC(8) Concurrent Scan Root Regions 25.667ms
[2025-05-21T08:19:40.496+0000][73][info ][gc,marking  ] GC(8) Concurrent Mark
[2025-05-21T08:19:40.501+0000][73][info ][gc,marking  ] GC(8) Concurrent Mark From Roots
[2025-05-21T08:19:40.505+0000][73][info ][gc,task     ] GC(8) Using 3 workers of 3 for marking
[2025-05-21T08:19:40.517+0000][73][info ][gc,marking  ] GC(8) Concurrent Mark From Roots 16.311ms
[2025-05-21T08:19:40.522+0000][73][info ][gc,marking  ] GC(8) Concurrent Preclean
[2025-05-21T08:19:40.526+0000][73][info ][gc,marking  ] GC(8) Concurrent Preclean 4.188ms
[2025-05-21T08:19:40.535+0000][73][info ][gc,start    ] GC(8) Pause Remark
[2025-05-21T08:19:40.546+0000][73][info ][gc          ] GC(8) Pause Remark 47M->47M(3880M) 10.544ms
[2025-05-21T08:19:40.546+0000][73][info ][gc,cpu      ] GC(8) User=0.02s Sys=0.00s Real=0.01s
[2025-05-21T08:19:40.548+0000][73][info ][safepoint   ] Safepoint "G1PauseRemark", Time since last: 67979977 ns, Reaching safepoint: 358301 ns, Cleanup: 6367 ns, At safepoint: 13177097 ns, Total: 13541765 ns
[2025-05-21T08:19:40.553+0000][73][info ][gc,marking  ] GC(8) Concurrent Mark 56.746ms
[2025-05-21T08:19:40.557+0000][73][info ][gc,marking  ] GC(8) Concurrent Rebuild Remembered Sets and Scrub Regions
[2025-05-21T08:19:40.562+0000][73][info ][gc,marking  ] GC(8) Concurrent Rebuild Remembered Sets and Scrub Regions 5.493ms
[2025-05-21T08:19:40.566+0000][73][info ][gc,start    ] GC(8) Pause Cleanup
[2025-05-21T08:19:40.567+0000][73][info ][gc          ] GC(8) Pause Cleanup 47M->47M(3880M) 0.791ms
[2025-05-21T08:19:40.567+0000][73][info ][gc,cpu      ] GC(8) User=0.00s Sys=0.00s Real=0.00s
[2025-05-21T08:19:40.568+0000][73][info ][safepoint   ] Safepoint "G1PauseCleanup", Time since last: 17315428 ns, Reaching safepoint: 472289 ns, Cleanup: 23114 ns, At safepoint: 1577969 ns, Total: 2073372 ns
[2025-05-21T08:19:40.568+0000][73][info ][gc,marking  ] GC(8) Concurrent Clear Claimed Marks
[2025-05-21T08:19:40.569+0000][73][info ][gc,marking  ] GC(8) Concurrent Clear Claimed Marks 0.558ms
[2025-05-21T08:19:40.569+0000][73][info ][gc,marking  ] GC(8) Concurrent Cleanup for Next Mark
[2025-05-21T08:19:40.572+0000][73][info ][gc,marking  ] GC(8) Concurrent Cleanup for Next Mark 2.994ms
[2025-05-21T08:19:40.573+0000][73][info ][gc          ] GC(8) Concurrent Mark Cycle 110.061ms
[2025-05-21T08:19:41.569+0000][73][info ][safepoint   ] Safepoint "Cleanup", Time since last: 1000738642 ns, Reaching safepoint: 495547 ns, Cleanup: 30822 ns, At safepoint: 25857 ns, Total: 552226 ns
[2025-05-21T08:19:42.633+0000][73][info ][safepoint   ] Safepoint "Cleanup", Time since last: 1063408372 ns, Reaching safepoint: 254621 ns, Cleanup: 96792 ns, At safepoint: 109515 ns, Total: 460928 ns
[2025-05-21T08:19:43.640+0000][73][info ][safepoint   ] Safepoint "Cleanup", Time since last: 1006850127 ns, Reaching safepoint: 187064 ns, Cleanup: 31924 ns, At safepoint: 29707 ns, Total: 248695 ns
[2025-05-21T08:19:45.599+0000][73][info ][safepoint   ] Safepoint "Cleanup", Time since last: 1958488502 ns, Reaching safepoint: 5026 ns, Cleanup: 84072 ns, At safepoint: 16159 ns, Total: 105257 ns
[2025-05-21T08:19:46.724+0000][73][info ][safepoint   ] Safepoint "Cleanup", Time since last: 1124225737 ns, Reaching safepoint: 542842 ns, Cleanup: 146805 ns, At safepoint: 44979 ns, Total: 734626 ns
[2025-05-21T08:19:47.725+0000][73][info ][safepoint   ] Safepoint "Cleanup", Time since last: 1001460678 ns, Reaching safepoint: 139519 ns, Cleanup: 23637 ns, At safepoint: 30010 ns, Total: 193166 ns
[2025-05-21T08:19:50.299+0000][73][info ][safepoint   ] Safepoint "Cleanup", Time since last: 2573759578 ns, Reaching safepoint: 106209 ns, Cleanup: 31720 ns, At safepoint: 33852 ns, Total: 171781 ns
[2025-05-21T08:19:52.064+0000][73][info ][safepoint   ] Safepoint "Cleanup", Time since last: 1764250290 ns, Reaching safepoint: 12792 ns, Cleanup: 147555 ns, At safepoint: 37095 ns, Total: 197442 ns
[2025-05-21T08:19:53.381+0000][73][info ][safepoint   ] Safepoint "Cleanup", Time since last: 1317411043 ns, Reaching safepoint: 102911 ns, Cleanup: 32585 ns, At safepoint: 46678 ns, Total: 182174 ns
[2025-05-21T08:19:54.396+0000][73][info ][safepoint   ] Safepoint "Cleanup", Time since last: 1017847940 ns, Reaching safepoint: 97133 ns, Cleanup: 95511 ns, At safepoint: 31652 ns, Total: 224296 ns
[2025-05-21T08:19:55.402+0000][73][info ][safepoint   ] Safepoint "Cleanup", Time since last: 1005649468 ns, Reaching safepoint: 106183 ns, Cleanup: 60295 ns, At safepoint: 61730 ns, Total: 228208 ns
[2025-05-21T08:19:56.512+0000][73][info ][safepoint   ] Safepoint "Cleanup", Time since last: 1110248604 ns, Reaching safepoint: 3717 ns, Cleanup: 79156 ns, At safepoint: 18887 ns, Total: 101760 ns
[2025-05-21T08:19:56.966+0000][73][info ][gc,start    ] GC(9) Pause Young (Concurrent Start) (Metadata GC Threshold)
[2025-05-21T08:19:56.977+0000][73][info ][gc,task     ] GC(9) Using 10 workers of 10 for evacuation
[2025-05-21T08:19:56.982+0000][73][debug][gc,age      ] GC(9) Desired survivor size 130023424 bytes, new threshold 15 (max threshold 15)
[2025-05-21T08:19:57.091+0000][73][info ][gc,phases   ] GC(9)   Pre Evacuate Collection Set: 9.08ms
[2025-05-21T08:19:57.096+0000][73][info ][gc,phases   ] GC(9)   Merge Heap Roots: 0.63ms
[2025-05-21T08:19:57.101+0000][73][info ][gc,phases   ] GC(9)   Evacuate Collection Set: 90.00ms
[2025-05-21T08:19:57.107+0000][73][info ][gc,phases   ] GC(9)   Post Evacuate Collection Set: 4.73ms
[2025-05-21T08:19:57.113+0000][73][info ][gc,phases   ] GC(9)   Other: 9.80ms
[2025-05-21T08:19:57.117+0000][73][trace][gc,age      ] GC(9) Age table with threshold 15 (max threshold 15)
[2025-05-21T08:19:57.119+0000][73][trace][gc,age      ] GC(9) - age   1:   21334456 bytes,   21334456 total
[2025-05-21T08:19:57.123+0000][73][trace][gc,age      ] GC(9) - age   2:   14344176 bytes,   35678632 total
[2025-05-21T08:19:57.127+0000][73][trace][gc,age      ] GC(9) - age   3:    4320032 bytes,   39998664 total
[2025-05-21T08:19:57.131+0000][73][trace][gc,age      ] GC(9) - age   4:    2490496 bytes,   42489160 total
[2025-05-21T08:19:57.135+0000][73][trace][gc,age      ] GC(9) - age   5:    4075960 bytes,   46565120 total
[2025-05-21T08:19:57.139+0000][73][trace][gc,age      ] GC(9) - age   6:    4196840 bytes,   50761960 total
[2025-05-21T08:19:57.143+0000][73][info ][gc,heap     ] GC(9) Eden regions: 209->0(188)
[2025-05-21T08:19:57.150+0000][73][info ][gc,heap     ] GC(9) Survivor regions: 8->13(62)
[2025-05-21T08:19:57.153+0000][73][info ][gc,heap     ] GC(9) Old regions: 3->3
[2025-05-21T08:19:57.157+0000][73][info ][gc,heap     ] GC(9) Humongous regions: 0->0
[2025-05-21T08:19:57.161+0000][73][info ][gc,metaspace] GC(9) Metaspace: 99227K(101120K)->99227K(101120K) NonClass: 86047K(87104K)->86047K(87104K) Class: 13179K(14016K)->13179K(14016K)
[2025-05-21T08:19:57.164+0000][73][info ][gc          ] GC(9) Pause Young (Concurrent Start) (Metadata GC Threshold) 875M->62M(3880M) 197.844ms
[2025-05-21T08:19:57.167+0000][73][info ][gc,cpu      ] GC(9) User=0.97s Sys=0.00s Real=0.20s
[2025-05-21T08:19:57.167+0000][73][info ][gc          ] GC(10) Concurrent Mark Cycle
[2025-05-21T08:19:57.174+0000][73][info ][safepoint   ] Safepoint "CollectForMetadataAllocation", Time since last: 453746510 ns, Reaching safepoint: 6821 ns, Cleanup: 62139 ns, At safepoint: 208180560 ns, Total: 208249520 ns
[2025-05-21T08:19:57.178+0000][73][info ][gc,marking  ] GC(10) Concurrent Scan Root Regions
[2025-05-21T08:19:57.206+0000][73][info ][gc,marking  ] GC(10) Concurrent Scan Root Regions 28.555ms
[2025-05-21T08:19:57.208+0000][73][info ][gc,marking  ] GC(10) Concurrent Mark
[2025-05-21T08:19:57.209+0000][73][info ][gc,marking  ] GC(10) Concurrent Mark From Roots
[2025-05-21T08:19:57.212+0000][73][info ][gc,task     ] GC(10) Using 3 workers of 3 for marking
[2025-05-21T08:19:57.221+0000][73][info ][gc,marking  ] GC(10) Concurrent Mark From Roots 11.842ms
[2025-05-21T08:19:57.222+0000][73][info ][gc,marking  ] GC(10) Concurrent Preclean
[2025-05-21T08:19:57.223+0000][73][info ][gc,marking  ] GC(10) Concurrent Preclean 1.148ms
[2025-05-21T08:19:57.225+0000][73][info ][gc,start    ] GC(10) Pause Remark
[2025-05-21T08:19:57.238+0000][73][info ][gc          ] GC(10) Pause Remark 70M->70M(3880M) 13.468ms
[2025-05-21T08:19:57.240+0000][73][info ][gc,cpu      ] GC(10) User=0.08s Sys=0.00s Real=0.01s
[2025-05-21T08:19:57.244+0000][73][info ][safepoint   ] Safepoint "G1PauseRemark", Time since last: 50223486 ns, Reaching safepoint: 323281 ns, Cleanup: 14218 ns, At safepoint: 19357079 ns, Total: 19694578 ns
[2025-05-21T08:19:57.247+0000][73][info ][gc,marking  ] GC(10) Concurrent Mark 39.342ms
[2025-05-21T08:19:57.250+0000][73][info ][gc,marking  ] GC(10) Concurrent Rebuild Remembered Sets and Scrub Regions
[2025-05-21T08:19:57.254+0000][73][info ][gc,marking  ] GC(10) Concurrent Rebuild Remembered Sets and Scrub Regions 4.522ms
[2025-05-21T08:19:57.256+0000][73][info ][gc,start    ] GC(10) Pause Cleanup
[2025-05-21T08:19:57.258+0000][73][info ][gc          ] GC(10) Pause Cleanup 70M->70M(3880M) 1.533ms
[2025-05-21T08:19:57.261+0000][73][info ][gc,cpu      ] GC(10) User=0.01s Sys=0.01s Real=0.01s
[2025-05-21T08:19:57.267+0000][73][info ][safepoint   ] Safepoint "G1PauseCleanup", Time since last: 11802556 ns, Reaching safepoint: 387165 ns, Cleanup: 18388 ns, At safepoint: 10919474 ns, Total: 11325027 ns
[2025-05-21T08:19:57.269+0000][73][info ][gc,marking  ] GC(10) Concurrent Clear Claimed Marks
[2025-05-21T08:19:57.273+0000][73][info ][gc,marking  ] GC(10) Concurrent Clear Claimed Marks 4.086ms
[2025-05-21T08:19:57.277+0000][73][info ][gc,marking  ] GC(10) Concurrent Cleanup for Next Mark
[2025-05-21T08:19:57.355+0000][73][info ][gc,marking  ] GC(10) Concurrent Cleanup for Next Mark 78.231ms
[2025-05-21T08:19:57.359+0000][73][info ][gc          ] GC(10) Concurrent Mark Cycle 191.420ms
[2025-05-21T08:19:58.805+0000][73][info ][safepoint   ] Safepoint "Cleanup", Time since last: 1537291594 ns, Reaching safepoint: 94636 ns, Cleanup: 114566 ns, At safepoint: 26871 ns, Total: 236073 ns
[2025-05-21T08:19:59.811+0000][73][info ][safepoint   ] Safepoint "Cleanup", Time since last: 1005600432 ns, Reaching safepoint: 117504 ns, Cleanup: 250787 ns, At safepoint: 489841 ns, Total: 858132 ns
[2025-05-21T08:20:00.855+0000][73][info ][safepoint   ] Safepoint "Cleanup", Time since last: 1043527406 ns, Reaching safepoint: 7791 ns, Cleanup: 90489 ns, At safepoint: 11116 ns, Total: 109396 ns
[2025-05-21T08:20:02.166+0000][73][info ][safepoint   ] Safepoint "Cleanup", Time since last: 1310543217 ns, Reaching safepoint: 115708 ns, Cleanup: 151998 ns, At safepoint: 78865 ns, Total: 346571 ns
[2025-05-21T08:20:02.487+0000][73][info ][safepoint   ] Safepoint "ICBufferFull", Time since last: 321055999 ns, Reaching safepoint: 137983 ns, Cleanup: 156297 ns, At safepoint: 75062 ns, Total: 369342 ns
[2025-05-21T08:20:02.689+0000][73][info ][safepoint   ] Safepoint "ICBufferFull", Time since last: 201781837 ns, Reaching safepoint: 126005 ns, Cleanup: 115069 ns, At safepoint: 46490 ns, Total: 287564 ns
[2025-05-21T08:20:02.976+0000][73][info ][safepoint   ] Safepoint "ICBufferFull", Time since last: 286817320 ns, Reaching safepoint: 10403 ns, Cleanup: 103693 ns, At safepoint: 38202 ns, Total: 152298 ns
[2025-05-21T08:20:03.259+0000][73][info ][safepoint   ] Safepoint "ICBufferFull", Time since last: 283076086 ns, Reaching safepoint: 11899 ns, Cleanup: 109702 ns, At safepoint: 36270 ns, Total: 157871 ns
[2025-05-21T08:20:03.545+0000][73][info ][safepoint   ] Safepoint "ICBufferFull", Time since last: 284995569 ns, Reaching safepoint: 11914 ns, Cleanup: 132545 ns, At safepoint: 43959 ns, Total: 188418 ns
[2025-05-21T08:20:04.268+0000][73][info ][safepoint   ] Safepoint "ICBufferFull", Time since last: 722840530 ns, Reaching safepoint: 127164 ns, Cleanup: 114281 ns, At safepoint: 72805 ns, Total: 314250 ns
[2025-05-21T08:20:04.701+0000][73][info ][safepoint   ] Safepoint "ICBufferFull", Time since last: 433672010 ns, Reaching safepoint: 12497 ns, Cleanup: 114940 ns, At safepoint: 8762 ns, Total: 136199 ns
[2025-05-21T08:20:05.638+0000][73][info ][safepoint   ] Safepoint "ICBufferFull", Time since last: 936386361 ns, Reaching safepoint: 180655 ns, Cleanup: 232165 ns, At safepoint: 135423 ns, Total: 548243 ns
[2025-05-21T08:20:06.743+0000][73][info ][safepoint   ] Safepoint "Cleanup", Time since last: 1104694049 ns, Reaching safepoint: 7956 ns, Cleanup: 91706 ns, At safepoint: 25969 ns, Total: 125631 ns
[2025-05-21T08:20:07.776+0000][73][info ][safepoint   ] Safepoint "Cleanup", Time since last: 1032583410 ns, Reaching safepoint: 13317 ns, Cleanup: 24026 ns, At safepoint: 10561 ns, Total: 47904 ns
[2025-05-21T08:20:08.788+0000][73][info ][safepoint   ] Safepoint "Cleanup", Time since last: 1012422234 ns, Reaching safepoint: 16467 ns, Cleanup: 26905 ns, At safepoint: 13186 ns, Total: 56558 ns
[2025-05-21T08:20:11.902+0000][73][info ][safepoint   ] Safepoint "Cleanup", Time since last: 3113935154 ns, Reaching safepoint: 53868 ns, Cleanup: 18174 ns, At safepoint: 9698 ns, Total: 81740 ns
[2025-05-21T08:20:15.904+0000][73][info ][safepoint   ] Safepoint "Cleanup", Time since last: 4001469280 ns, Reaching safepoint: 17678 ns, Cleanup: 47925 ns, At safepoint: 15745 ns, Total: 81348 ns
[2025-05-21T08:20:16.906+0000][73][info ][safepoint   ] Safepoint "Cleanup", Time since last: 1001527553 ns, Reaching safepoint: 17174 ns, Cleanup: 22486 ns, At safepoint: 13443 ns, Total: 53103 ns
[2025-05-21T08:20:22.135+0000][73][info ][safepoint   ] Safepoint "Cleanup", Time since last: 5229059642 ns, Reaching safepoint: 13856 ns, Cleanup: 19608 ns, At safepoint: 10093 ns, Total: 43557 ns
[2025-05-21T08:20:23.138+0000][73][info ][safepoint   ] Safepoint "Cleanup", Time since last: 1003730090 ns, Reaching safepoint: 13908 ns, Cleanup: 99643 ns, At safepoint: 10569 ns, Total: 124120 ns
[2025-05-21T08:20:26.926+0000][73][info ][safepoint   ] Safepoint "Cleanup", Time since last: 3786049938 ns, Reaching safepoint: 8812 ns, Cleanup: 20445 ns, At safepoint: 24517 ns, Total: 53774 ns
[2025-05-21T08:20:27.927+0000][73][info ][safepoint   ] Safepoint "Cleanup", Time since last: 1000871973 ns, Reaching safepoint: 13433 ns, Cleanup: 22391 ns, At safepoint: 9551 ns, Total: 45375 ns
[2025-05-21T08:20:30.928+0000][73][info ][safepoint   ] Safepoint "Cleanup", Time since last: 3001070158 ns, Reaching safepoint: 43128 ns, Cleanup: 17021 ns, At safepoint: 11763 ns, Total: 71912 ns
[2025-05-21T08:20:31.930+0000][73][info ][safepoint   ] Safepoint "Cleanup", Time since last: 1001948095 ns, Reaching safepoint: 12458 ns, Cleanup: 23624 ns, At safepoint: 9027 ns, Total: 45109 ns
[2025-05-21T08:20:32.930+0000][73][info ][safepoint   ] Safepoint "Cleanup", Time since last: 1000490751 ns, Reaching safepoint: 13512 ns, Cleanup: 18776 ns, At safepoint: 9733 ns, Total: 42021 ns
[2025-05-21T08:20:35.931+0000][73][info ][safepoint   ] Safepoint "Cleanup", Time since last: 3001114962 ns, Reaching safepoint: 57306 ns, Cleanup: 19209 ns, At safepoint: 15267 ns, Total: 91782 ns
[2025-05-21T08:20:37.932+0000][73][info ][safepoint   ] Safepoint "Cleanup", Time since last: 2000851067 ns, Reaching safepoint: 16578 ns, Cleanup: 18833 ns, At safepoint: 13372 ns, Total: 48783 ns
[2025-05-21T08:20:42.934+0000][73][info ][safepoint   ] Safepoint "Cleanup", Time since last: 5001518298 ns, Reaching safepoint: 27961 ns, Cleanup: 25367 ns, At safepoint: 17477 ns, Total: 70805 ns
[2025-05-21T08:20:44.935+0000][73][info ][safepoint   ] Safepoint "Cleanup", Time since last: 2000972614 ns, Reaching safepoint: 17059 ns, Cleanup: 75478 ns, At safepoint: 14063 ns, Total: 106600 ns
[2025-05-21T08:20:45.134+0000][73][info ][safepoint   ] Safepoint "ICBufferFull", Time since last: 198358173 ns, Reaching safepoint: 8831 ns, Cleanup: 84986 ns, At safepoint: 37411 ns, Total: 131228 ns
[2025-05-21T08:20:46.097+0000][73][info ][safepoint   ] Safepoint "ICBufferFull", Time since last: 963229443 ns, Reaching safepoint: 9747 ns, Cleanup: 125245 ns, At safepoint: 54348 ns, Total: 189340 ns
[2025-05-21T08:20:47.098+0000][73][info ][safepoint   ] Safepoint "Cleanup", Time since last: 1000860134 ns, Reaching safepoint: 54552 ns, Cleanup: 102094 ns, At safepoint: 20578 ns, Total: 177224 ns
[2025-05-21T08:20:48.100+0000][73][info ][safepoint   ] Safepoint "Cleanup", Time since last: 1002275206 ns, Reaching safepoint: 14695 ns, Cleanup: 97375 ns, At safepoint: 9436 ns, Total: 121506 ns
[2025-05-21T08:20:49.101+0000][73][info ][safepoint   ] Safepoint "Cleanup", Time since last: 1000642597 ns, Reaching safepoint: 52031 ns, Cleanup: 42617 ns, At safepoint: 11758 ns, Total: 106406 ns
[2025-05-21T08:20:50.576+0000][73][info ][safepoint   ] Safepoint "Cleanup", Time since last: 1474935266 ns, Reaching safepoint: 18650 ns, Cleanup: 159674 ns, At safepoint: 15772 ns, Total: 194096 ns
[2025-05-21T08:20:52.084+0000][73][info ][safepoint   ] Safepoint "Cleanup", Time since last: 1506924874 ns, Reaching safepoint: 144652 ns, Cleanup: 91458 ns, At safepoint: 253756 ns, Total: 489866 ns
[2025-05-21T08:20:52.383+0000][73][info ][safepoint   ] Safepoint "ICBufferFull", Time since last: 298520363 ns, Reaching safepoint: 125353 ns, Cleanup: 148785 ns, At safepoint: 75229 ns, Total: 349367 ns
[2025-05-21T08:20:53.414+0000][73][info ][safepoint   ] Safepoint "Cleanup", Time since last: 1031627451 ns, Reaching safepoint: 110659 ns, Cleanup: 106256 ns, At safepoint: 104832 ns, Total: 321747 ns
[2025-05-21T08:20:53.859+0000][73][info ][safepoint   ] Safepoint "ICBufferFull", Time since last: 444176009 ns, Reaching safepoint: 18207 ns, Cleanup: 112847 ns, At safepoint: 41894 ns, Total: 172948 ns
[2025-05-21T08:20:54.700+0000][73][info ][safepoint   ] Safepoint "ICBufferFull", Time since last: 842485865 ns, Reaching safepoint: 225182 ns, Cleanup: 161699 ns, At safepoint: 144259 ns, Total: 531140 ns
[2025-05-21T08:20:54.711+0000][73][info ][safepoint   ] Safepoint "ICBufferFull", Time since last: 7099010 ns, Reaching safepoint: 3303515 ns, Cleanup: 55123 ns, At safepoint: 298477 ns, Total: 3657115 ns
[2025-05-21T08:20:56.052+0000][73][info ][safepoint   ] Safepoint "ICBufferFull", Time since last: 1341062141 ns, Reaching safepoint: 18080 ns, Cleanup: 253414 ns, At safepoint: 28720 ns, Total: 300214 ns
[2025-05-21T08:20:56.412+0000][73][info ][safepoint   ] Safepoint "ICBufferFull", Time since last: 359856032 ns, Reaching safepoint: 213690 ns, Cleanup: 153668 ns, At safepoint: 146303 ns, Total: 513661 ns
[2025-05-21T08:20:56.480+0000][73][info ][gc,start    ] GC(11) Pause Young (Normal) (G1 Evacuation Pause)
[2025-05-21T08:20:56.486+0000][73][info ][gc,task     ] GC(11) Using 10 workers of 10 for evacuation
[2025-05-21T08:20:56.495+0000][73][debug][gc,age      ] GC(11) Desired survivor size 54525952 bytes, new threshold 15 (max threshold 15)
[2025-05-21T08:20:56.730+0000][73][info ][gc,mmu      ] GC(11) MMU target violated: 201.0ms (200.0ms/201.0ms)
[2025-05-21T08:20:56.731+0000][73][info ][gc,phases   ] GC(11)   Pre Evacuate Collection Set: 1.25ms
[2025-05-21T08:20:56.731+0000][73][info ][gc,phases   ] GC(11)   Merge Heap Roots: 0.72ms
[2025-05-21T08:20:56.731+0000][73][info ][gc,phases   ] GC(11)   Evacuate Collection Set: 224.36ms
[2025-05-21T08:20:56.732+0000][73][info ][gc,phases   ] GC(11)   Post Evacuate Collection Set: 5.40ms
[2025-05-21T08:20:56.732+0000][73][info ][gc,phases   ] GC(11)   Other: 12.96ms
[2025-05-21T08:20:56.733+0000][73][trace][gc,age      ] GC(11) Age table with threshold 15 (max threshold 15)
[2025-05-21T08:20:56.733+0000][73][trace][gc,age      ] GC(11) - age   1:   47554208 bytes,   47554208 total
[2025-05-21T08:20:56.734+0000][73][trace][gc,age      ] GC(11) - age   2:   20097944 bytes,   67652152 total
[2025-05-21T08:20:56.734+0000][73][trace][gc,age      ] GC(11) - age   3:   14267808 bytes,   81919960 total
[2025-05-21T08:20:56.735+0000][73][trace][gc,age      ] GC(11) - age   4:    4190312 bytes,   86110272 total
[2025-05-21T08:20:56.735+0000][73][trace][gc,age      ] GC(11) - age   5:    2488576 bytes,   88598848 total
[2025-05-21T08:20:56.735+0000][73][trace][gc,age      ] GC(11) - age   6:    4067392 bytes,   92666240 total
[2025-05-21T08:20:56.736+0000][73][trace][gc,age      ] GC(11) - age   7:    4189992 bytes,   96856232 total
[2025-05-21T08:20:56.736+0000][73][info ][gc,heap     ] GC(11) Eden regions: 188->0(29)
[2025-05-21T08:20:56.737+0000][73][info ][gc,heap     ] GC(11) Survivor regions: 13->26(26)
[2025-05-21T08:20:56.737+0000][73][info ][gc,heap     ] GC(11) Old regions: 3->3
[2025-05-21T08:20:56.738+0000][73][info ][gc,heap     ] GC(11) Humongous regions: 0->0
[2025-05-21T08:20:56.752+0000][73][info ][gc,metaspace] GC(11) Metaspace: 135784K(139584K)->135784K(139584K) NonClass: 116665K(118720K)->116665K(118720K) Class: 19118K(20864K)->19118K(20864K)
[2025-05-21T08:20:56.776+0000][73][info ][gc          ] GC(11) Pause Young (Normal) (G1 Evacuation Pause) 814M->114M(3880M) 295.951ms
[2025-05-21T08:20:56.780+0000][73][info ][gc,cpu      ] GC(11) User=1.95s Sys=0.08s Real=0.30s
[2025-05-21T08:20:56.781+0000][73][info ][safepoint   ] Safepoint "G1CollectForAllocation", Time since last: 67262577 ns, Reaching safepoint: 313669 ns, Cleanup: 38584 ns, At safepoint: 300866755 ns, Total: 301219008 ns
[2025-05-21T08:20:57.471+0000][73][info ][safepoint   ] Safepoint "ICBufferFull", Time since last: 689906884 ns, Reaching safepoint: 121240 ns, Cleanup: 161023 ns, At safepoint: 126561 ns, Total: 408824 ns
[2025-05-21T08:20:57.518+0000][73][info ][gc,start    ] GC(12) Pause Young (Normal) (G1 Evacuation Pause)
[2025-05-21T08:20:57.518+0000][73][info ][gc,task     ] GC(12) Using 10 workers of 10 for evacuation
[2025-05-21T08:20:57.519+0000][73][debug][gc,age      ] GC(12) Desired survivor size 14680064 bytes, new threshold 1 (max threshold 15)
[2025-05-21T08:21:00.664+0000][73][info ][gc,mmu      ] GC(12) MMU target violated: 201.0ms (200.0ms/201.0ms)
[2025-05-21T08:21:00.665+0000][73][info ][gc,phases   ] GC(12)   Pre Evacuate Collection Set: 0.84ms
[2025-05-21T08:21:00.665+0000][73][info ][gc,phases   ] GC(12)   Merge Heap Roots: 0.64ms
[2025-05-21T08:21:00.666+0000][73][info ][gc,phases   ] GC(12)   Evacuate Collection Set: 3140.52ms
[2025-05-21T08:21:00.667+0000][73][info ][gc,phases   ] GC(12)   Post Evacuate Collection Set: 3.23ms
[2025-05-21T08:21:00.667+0000][73][info ][gc,phases   ] GC(12)   Other: 1.38ms
[2025-05-21T08:21:00.668+0000][73][trace][gc,age      ] GC(12) Age table with threshold 1 (max threshold 15)
[2025-05-21T08:21:00.668+0000][73][trace][gc,age      ] GC(12) - age   1:    1397896 bytes,    1397896 total
[2025-05-21T08:21:00.669+0000][73][info ][gc,heap     ] GC(12) Eden regions: 29->0(45)
[2025-05-21T08:21:00.669+0000][73][info ][gc,heap     ] GC(12) Survivor regions: 26->3(7)
[2025-05-21T08:21:00.669+0000][73][info ][gc,heap     ] GC(12) Old regions: 3->28
[2025-05-21T08:21:00.670+0000][73][info ][gc,heap     ] GC(12) Humongous regions: 0->0
[2025-05-21T08:21:00.670+0000][73][info ][gc,metaspace] GC(12) Metaspace: 136393K(140224K)->136393K(140224K) NonClass: 117196K(119296K)->117196K(119296K) Class: 19197K(20928K)->19197K(20928K)
[2025-05-21T08:21:00.671+0000][73][info ][gc          ] GC(12) Pause Young (Normal) (G1 Evacuation Pause) 230M->122M(3880M) 3152.887ms
[2025-05-21T08:21:00.671+0000][73][info ][gc,cpu      ] GC(12) User=0.97s Sys=0.58s Real=3.16s
[2025-05-21T08:21:00.672+0000][73][info ][safepoint   ] Safepoint "G1CollectForAllocation", Time since last: 43068251 ns, Reaching safepoint: 3422885 ns, Cleanup: 59927 ns, At safepoint: 3154205507 ns, Total: 3157688319 ns
[2025-05-21T08:21:01.491+0000][73][info ][safepoint   ] Safepoint "ICBufferFull", Time since last: 818389660 ns, Reaching safepoint: 21915 ns, Cleanup: 182180 ns, At safepoint: 38250 ns, Total: 242345 ns
[2025-05-21T08:21:01.835+0000][73][info ][safepoint   ] Safepoint "ICBufferFull", Time since last: 344285084 ns, Reaching safepoint: 28216 ns, Cleanup: 233830 ns, At safepoint: 188177 ns, Total: 450223 ns
[2025-05-21T08:21:02.459+0000][73][info ][safepoint   ] Safepoint "ICBufferFull", Time since last: 618723065 ns, Reaching safepoint: 4536049 ns, Cleanup: 317846 ns, At safepoint: 323170 ns, Total: 5177065 ns
[2025-05-21T08:21:03.311+0000][73][info ][safepoint   ] Safepoint "ICBufferFull", Time since last: 850961692 ns, Reaching safepoint: 27280 ns, Cleanup: 181343 ns, At safepoint: 100699 ns, Total: 309322 ns
[2025-05-21T08:21:03.853+0000][73][info ][safepoint   ] Safepoint "ICBufferFull", Time since last: 542076076 ns, Reaching safepoint: 163426 ns, Cleanup: 209699 ns, At safepoint: 173297 ns, Total: 546422 ns
[2025-05-21T08:21:04.005+0000][73][info ][gc,start    ] GC(13) Pause Young (Normal) (G1 Evacuation Pause)
[2025-05-21T08:21:04.005+0000][73][info ][gc,task     ] GC(13) Using 10 workers of 10 for evacuation
[2025-05-21T08:21:04.006+0000][73][debug][gc,age      ] GC(13) Desired survivor size 12582912 bytes, new threshold 15 (max threshold 15)
[2025-05-21T08:21:04.019+0000][73][info ][gc,phases   ] GC(13)   Pre Evacuate Collection Set: 1.04ms
[2025-05-21T08:21:04.020+0000][73][info ][gc,phases   ] GC(13)   Merge Heap Roots: 0.27ms
[2025-05-21T08:21:04.020+0000][73][info ][gc,phases   ] GC(13)   Evacuate Collection Set: 8.97ms
[2025-05-21T08:21:04.021+0000][73][info ][gc,phases   ] GC(13)   Post Evacuate Collection Set: 2.17ms
[2025-05-21T08:21:04.021+0000][73][info ][gc,phases   ] GC(13)   Other: 1.34ms
[2025-05-21T08:21:04.021+0000][73][trace][gc,age      ] GC(13) Age table with threshold 15 (max threshold 15)
[2025-05-21T08:21:04.022+0000][73][trace][gc,age      ] GC(13) - age   1:    4268856 bytes,    4268856 total
[2025-05-21T08:21:04.022+0000][73][trace][gc,age      ] GC(13) - age   2:     347552 bytes,    4616408 total
[2025-05-21T08:21:04.022+0000][73][info ][gc,heap     ] GC(13) Eden regions: 45->0(47)
[2025-05-21T08:21:04.023+0000][73][info ][gc,heap     ] GC(13) Survivor regions: 3->2(6)
[2025-05-21T08:21:04.023+0000][73][info ][gc,heap     ] GC(13) Old regions: 28->28
[2025-05-21T08:21:04.024+0000][73][info ][gc,heap     ] GC(13) Humongous regions: 0->0
[2025-05-21T08:21:04.024+0000][73][info ][gc,metaspace] GC(13) Metaspace: 138257K(142208K)->138257K(142208K) NonClass: 118879K(121024K)->118879K(121024K) Class: 19378K(21184K)->19378K(21184K)
[2025-05-21T08:21:04.025+0000][73][info ][gc          ] GC(13) Pause Young (Normal) (G1 Evacuation Pause) 302M->116M(3880M) 19.779ms
[2025-05-21T08:21:04.025+0000][73][info ][gc,cpu      ] GC(13) User=0.09s Sys=0.01s Real=0.02s
[2025-05-21T08:21:04.026+0000][73][info ][safepoint   ] Safepoint "G1CollectForAllocation", Time since last: 151077860 ns, Reaching safepoint: 353942 ns, Cleanup: 70106 ns, At safepoint: 21062704 ns, Total: 21486752 ns
[2025-05-21T08:21:05.183+0000][73][info ][safepoint   ] Safepoint "Cleanup", Time since last: 1156667877 ns, Reaching safepoint: 5791 ns, Cleanup: 104963 ns, At safepoint: 44147 ns, Total: 154901 ns
[2025-05-21T08:21:05.737+0000][73][info ][safepoint   ] Safepoint "ICBufferFull", Time since last: 553900218 ns, Reaching safepoint: 114670 ns, Cleanup: 143186 ns, At safepoint: 78119 ns, Total: 335975 ns
[2025-05-21T08:21:05.738+0000][73][info ][safepoint   ] Safepoint "ICBufferFull", Time since last: 809750 ns, Reaching safepoint: 15664 ns, Cleanup: 7832 ns, At safepoint: 20788 ns, Total: 44284 ns
[2025-05-21T08:21:06.317+0000][73][info ][safepoint   ] Safepoint "ICBufferFull", Time since last: 578894439 ns, Reaching safepoint: 23198 ns, Cleanup: 149190 ns, At safepoint: 26229 ns, Total: 198617 ns
[2025-05-21T08:21:07.335+0000][73][info ][safepoint   ] Safepoint "Cleanup", Time since last: 1018189593 ns, Reaching safepoint: 117551 ns, Cleanup: 122365 ns, At safepoint: 71256 ns, Total: 311172 ns
[2025-05-21T08:21:08.360+0000][73][info ][safepoint   ] Safepoint "Cleanup", Time since last: 1024070957 ns, Reaching safepoint: 32151 ns, Cleanup: 194298 ns, At safepoint: 23278 ns, Total: 249727 ns
[2025-05-21T08:21:09.264+0000][73][info ][safepoint   ] Safepoint "ICBufferFull", Time since last: 904482052 ns, Reaching safepoint: 21153 ns, Cleanup: 183113 ns, At safepoint: 49232 ns, Total: 253498 ns
[2025-05-21T08:21:10.582+0000][73][info ][safepoint   ] Safepoint "Cleanup", Time since last: 1317206997 ns, Reaching safepoint: 96449 ns, Cleanup: 87349 ns, At safepoint: 75002 ns, Total: 258800 ns
[2025-05-21T08:21:10.602+0000][73][info ][gc,start    ] GC(14) Pause Young (Normal) (G1 Evacuation Pause)
[2025-05-21T08:21:10.603+0000][73][info ][gc,task     ] GC(14) Using 10 workers of 10 for evacuation
[2025-05-21T08:21:10.603+0000][73][debug][gc,age      ] GC(14) Desired survivor size 14680064 bytes, new threshold 15 (max threshold 15)
[2025-05-21T08:21:10.614+0000][73][info ][gc,phases   ] GC(14)   Pre Evacuate Collection Set: 0.46ms
[2025-05-21T08:21:10.615+0000][73][info ][gc,phases   ] GC(14)   Merge Heap Roots: 0.20ms
[2025-05-21T08:21:10.615+0000][73][info ][gc,phases   ] GC(14)   Evacuate Collection Set: 8.93ms
[2025-05-21T08:21:10.615+0000][73][info ][gc,phases   ] GC(14)   Post Evacuate Collection Set: 0.98ms
[2025-05-21T08:21:10.616+0000][73][info ][gc,phases   ] GC(14)   Other: 0.97ms
[2025-05-21T08:21:10.616+0000][73][trace][gc,age      ] GC(14) Age table with threshold 15 (max threshold 15)
[2025-05-21T08:21:10.617+0000][73][trace][gc,age      ] GC(14) - age   1:    5223944 bytes,    5223944 total
[2025-05-21T08:21:10.617+0000][73][trace][gc,age      ] GC(14) - age   2:    2165784 bytes,    7389728 total
[2025-05-21T08:21:10.618+0000][73][trace][gc,age      ] GC(14) - age   3:     339832 bytes,    7729560 total
[2025-05-21T08:21:10.618+0000][73][info ][gc,heap     ] GC(14) Eden regions: 48->0(54)
[2025-05-21T08:21:10.619+0000][73][info ][gc,heap     ] GC(14) Survivor regions: 2->3(7)
[2025-05-21T08:21:10.619+0000][73][info ][gc,heap     ] GC(14) Old regions: 28->28
[2025-05-21T08:21:10.620+0000][73][info ][gc,heap     ] GC(14) Humongous regions: 0->0
[2025-05-21T08:21:10.620+0000][73][info ][gc,metaspace] GC(14) Metaspace: 140155K(144064K)->140155K(144064K) NonClass: 120617K(122752K)->120617K(122752K) Class: 19538K(21312K)->19538K(21312K)
[2025-05-21T08:21:10.621+0000][73][info ][gc          ] GC(14) Pause Young (Normal) (G1 Evacuation Pause) 308M->118M(3880M) 19.266ms
[2025-05-21T08:21:10.622+0000][73][info ][gc,cpu      ] GC(14) User=0.11s Sys=0.00s Real=0.02s
[2025-05-21T08:21:10.622+0000][73][info ][safepoint   ] Safepoint "G1CollectForAllocation", Time since last: 19960763 ns, Reaching safepoint: 23042 ns, Cleanup: 18962 ns, At safepoint: 20592275 ns, Total: 20634279 ns
[2025-05-21T08:21:10.893+0000][73][info ][safepoint   ] Safepoint "ICBufferFull", Time since last: 270773949 ns, Reaching safepoint: 15103 ns, Cleanup: 116585 ns, At safepoint: 29788 ns, Total: 161476 ns
[2025-05-21T08:21:12.426+0000][73][info ][safepoint   ] Safepoint "Cleanup", Time since last: 1533026692 ns, Reaching safepoint: 17926 ns, Cleanup: 103087 ns, At safepoint: 10429 ns, Total: 131442 ns
[2025-05-21T08:21:13.472+0000][73][info ][safepoint   ] Safepoint "Cleanup", Time since last: 1045249253 ns, Reaching safepoint: 29930 ns, Cleanup: 54959 ns, At safepoint: 90561 ns, Total: 175450 ns
[2025-05-21T08:21:14.491+0000][73][info ][safepoint   ] Safepoint "Cleanup", Time since last: 1018950507 ns, Reaching safepoint: 114358 ns, Cleanup: 77310 ns, At safepoint: 60312 ns, Total: 251980 ns
[2025-05-21T08:21:14.893+0000][73][info ][gc,start    ] GC(15) Pause Young (Concurrent Start) (CodeCache GC Threshold)
[2025-05-21T08:21:14.894+0000][73][info ][gc,task     ] GC(15) Using 10 workers of 10 for evacuation
[2025-05-21T08:21:14.894+0000][73][debug][gc,age      ] GC(15) Desired survivor size 16777216 bytes, new threshold 15 (max threshold 15)
[2025-05-21T08:21:14.903+0000][73][info ][gc,phases   ] GC(15)   Pre Evacuate Collection Set: 1.74ms
[2025-05-21T08:21:14.904+0000][73][info ][gc,phases   ] GC(15)   Merge Heap Roots: 0.65ms
[2025-05-21T08:21:14.904+0000][73][info ][gc,phases   ] GC(15)   Evacuate Collection Set: 3.41ms
[2025-05-21T08:21:14.905+0000][73][info ][gc,phases   ] GC(15)   Post Evacuate Collection Set: 2.29ms
[2025-05-21T08:21:14.905+0000][73][info ][gc,phases   ] GC(15)   Other: 1.42ms
[2025-05-21T08:21:14.906+0000][73][trace][gc,age      ] GC(15) Age table with threshold 15 (max threshold 15)
[2025-05-21T08:21:14.906+0000][73][trace][gc,age      ] GC(15) - age   1:    2338192 bytes,    2338192 total
[2025-05-21T08:21:14.908+0000][73][trace][gc,age      ] GC(15) - age   2:    4006192 bytes,    6344384 total
[2025-05-21T08:21:14.909+0000][73][trace][gc,age      ] GC(15) - age   3:    2054816 bytes,    8399200 total
[2025-05-21T08:21:14.909+0000][73][trace][gc,age      ] GC(15) - age   4:     337344 bytes,    8736544 total
[2025-05-21T08:21:14.910+0000][73][info ][gc,heap     ] GC(15) Eden regions: 23->0(82)
[2025-05-21T08:21:14.910+0000][73][info ][gc,heap     ] GC(15) Survivor regions: 3->3(8)
[2025-05-21T08:21:14.911+0000][73][info ][gc,heap     ] GC(15) Old regions: 28->28
[2025-05-21T08:21:14.911+0000][73][info ][gc,heap     ] GC(15) Humongous regions: 0->0
[2025-05-21T08:21:14.911+0000][73][info ][gc,metaspace] GC(15) Metaspace: 141257K(145216K)->141257K(145216K) NonClass: 121592K(123776K)->121592K(123776K) Class: 19665K(21440K)->19665K(21440K)
[2025-05-21T08:21:14.912+0000][73][info ][gc          ] GC(15) Pause Young (Concurrent Start) (CodeCache GC Threshold) 208M->119M(3880M) 18.777ms
[2025-05-21T08:21:14.912+0000][73][info ][gc          ] GC(16) Concurrent Mark Cycle
[2025-05-21T08:21:14.912+0000][73][info ][gc,cpu      ] GC(15) User=0.05s Sys=0.00s Real=0.02s
[2025-05-21T08:21:14.913+0000][73][info ][gc,marking  ] GC(16) Concurrent Scan Root Regions
[2025-05-21T08:21:14.914+0000][73][info ][safepoint   ] Safepoint "G1TryInitiateConcMark", Time since last: 401715006 ns, Reaching safepoint: 34617 ns, Cleanup: 61208 ns, At safepoint: 20622957 ns, Total: 20718782 ns
[2025-05-21T08:21:14.919+0000][73][info ][gc,marking  ] GC(16) Concurrent Scan Root Regions 6.240ms
[2025-05-21T08:21:14.920+0000][73][info ][gc,marking  ] GC(16) Concurrent Mark
[2025-05-21T08:21:14.920+0000][73][info ][gc,marking  ] GC(16) Concurrent Mark From Roots
[2025-05-21T08:21:14.921+0000][73][info ][gc,task     ] GC(16) Using 3 workers of 3 for marking
[2025-05-21T08:21:14.975+0000][73][info ][gc,marking  ] GC(16) Concurrent Mark From Roots 54.558ms
[2025-05-21T08:21:14.976+0000][73][info ][gc,marking  ] GC(16) Concurrent Preclean
[2025-05-21T08:21:14.977+0000][73][info ][gc,marking  ] GC(16) Concurrent Preclean 1.088ms
[2025-05-21T08:21:14.977+0000][73][info ][gc,start    ] GC(16) Pause Remark
[2025-05-21T08:21:15.037+0000][73][info ][gc          ] GC(16) Pause Remark 120M->120M(3880M) 59.799ms
[2025-05-21T08:21:15.038+0000][73][info ][gc,cpu      ] GC(16) User=0.48s Sys=0.00s Real=0.06s
[2025-05-21T08:21:15.038+0000][73][info ][safepoint   ] Safepoint "G1PauseRemark", Time since last: 63550985 ns, Reaching safepoint: 23665 ns, Cleanup: 15679 ns, At safepoint: 60880151 ns, Total: 60919495 ns
[2025-05-21T08:21:15.038+0000][73][info ][gc,marking  ] GC(16) Concurrent Mark 118.408ms
[2025-05-21T08:21:15.040+0000][73][info ][gc,marking  ] GC(16) Concurrent Rebuild Remembered Sets and Scrub Regions
[2025-05-21T08:21:15.075+0000][73][info ][gc,marking  ] GC(16) Concurrent Rebuild Remembered Sets and Scrub Regions 35.377ms
[2025-05-21T08:21:15.076+0000][73][info ][gc,start    ] GC(16) Pause Cleanup
[2025-05-21T08:21:15.077+0000][73][info ][gc          ] GC(16) Pause Cleanup 120M->120M(3880M) 1.189ms
[2025-05-21T08:21:15.077+0000][73][info ][gc,cpu      ] GC(16) User=0.00s Sys=0.00s Real=0.00s
[2025-05-21T08:21:15.078+0000][73][info ][safepoint   ] Safepoint "G1PauseCleanup", Time since last: 37442712 ns, Reaching safepoint: 31552 ns, Cleanup: 40330 ns, At safepoint: 2007980 ns, Total: 2079862 ns
[2025-05-21T08:21:15.078+0000][73][info ][gc,marking  ] GC(16) Concurrent Clear Claimed Marks
[2025-05-21T08:21:15.079+0000][73][info ][gc,marking  ] GC(16) Concurrent Clear Claimed Marks 0.694ms
[2025-05-21T08:21:15.080+0000][73][info ][gc,marking  ] GC(16) Concurrent Cleanup for Next Mark
[2025-05-21T08:21:15.149+0000][73][info ][gc,marking  ] GC(16) Concurrent Cleanup for Next Mark 69.444ms
[2025-05-21T08:21:15.151+0000][73][info ][gc          ] GC(16) Concurrent Mark Cycle 238.699ms
[2025-05-21T08:21:16.544+0000][73][info ][safepoint   ] Safepoint "Cleanup", Time since last: 1466173256 ns, Reaching safepoint: 119569 ns, Cleanup: 34169 ns, At safepoint: 63866 ns, Total: 217604 ns
[2025-05-21T08:21:17.545+0000][73][info ][safepoint   ] Safepoint "Cleanup", Time since last: 1001347920 ns, Reaching safepoint: 24730 ns, Cleanup: 24215 ns, At safepoint: 11676 ns, Total: 60621 ns
[2025-05-21T08:21:18.546+0000][73][info ][safepoint   ] Safepoint "Cleanup", Time since last: 1000542084 ns, Reaching safepoint: 17350 ns, Cleanup: 19874 ns, At safepoint: 8415 ns, Total: 45639 ns
[2025-05-21T08:21:19.547+0000][73][info ][safepoint   ] Safepoint "Cleanup", Time since last: 1000656149 ns, Reaching safepoint: 156440 ns, Cleanup: 23873 ns, At safepoint: 217209 ns, Total: 397522 ns
[2025-05-21T08:21:20.548+0000][73][info ][safepoint   ] Safepoint "Cleanup", Time since last: 1000908453 ns, Reaching safepoint: 74309 ns, Cleanup: 40919 ns, At safepoint: 18274 ns, Total: 133502 ns
[2025-05-21T08:21:22.549+0000][73][info ][safepoint   ] Safepoint "Cleanup", Time since last: 2001011842 ns, Reaching safepoint: 103709 ns, Cleanup: 19395 ns, At safepoint: 47441 ns, Total: 170545 ns
[2025-05-21T08:21:23.550+0000][73][info ][safepoint   ] Safepoint "Cleanup", Time since last: 1000605976 ns, Reaching safepoint: 32504 ns, Cleanup: 23917 ns, At safepoint: 19116 ns, Total: 75537 ns
[2025-05-21T08:21:24.548+0000][73][info ][safepoint   ] Safepoint "Cleanup", Time since last: 1000766458 ns, Reaching safepoint: 29070 ns, Cleanup: 18486 ns, At safepoint: 15073 ns, Total: 62629 ns
[2025-05-21T08:21:25.549+0000][73][info ][safepoint   ] Safepoint "Cleanup", Time since last: 1000794213 ns, Reaching safepoint: 30393 ns, Cleanup: 43855 ns, At safepoint: 80424 ns, Total: 154672 ns
[2025-05-21T08:21:26.550+0000][73][info ][safepoint   ] Safepoint "Cleanup", Time since last: 1001003830 ns, Reaching safepoint: 29031 ns, Cleanup: 16529 ns, At safepoint: 16356 ns, Total: 61916 ns
[2025-05-21T08:21:27.551+0000][73][info ][safepoint   ] Safepoint "Cleanup", Time since last: 1000566991 ns, Reaching safepoint: 18492 ns, Cleanup: 35854 ns, At safepoint: 9181 ns, Total: 63527 ns
[2025-05-21T08:21:28.552+0000][73][info ][safepoint   ] Safepoint "Cleanup", Time since last: 1000806317 ns, Reaching safepoint: 15895 ns, Cleanup: 16144 ns, At safepoint: 38396 ns, Total: 70435 ns
[2025-05-21T08:21:31.553+0000][73][info ][safepoint   ] Safepoint "Cleanup", Time since last: 3001079360 ns, Reaching safepoint: 17619 ns, Cleanup: 23571 ns, At safepoint: 25197 ns, Total: 66387 ns
[2025-05-21T08:21:32.554+0000][73][info ][safepoint   ] Safepoint "Cleanup", Time since last: 1000597916 ns, Reaching safepoint: 99146 ns, Cleanup: 17778 ns, At safepoint: 25413 ns, Total: 142337 ns
[2025-05-21T08:21:33.555+0000][73][info ][safepoint   ] Safepoint "Cleanup", Time since last: 1000817037 ns, Reaching safepoint: 30024 ns, Cleanup: 33123 ns, At safepoint: 15827 ns, Total: 78974 ns
[2025-05-21T08:21:34.555+0000][73][info ][safepoint   ] Safepoint "Cleanup", Time since last: 1000697531 ns, Reaching safepoint: 14417 ns, Cleanup: 19606 ns, At safepoint: 19860 ns, Total: 53883 ns
[2025-05-21T08:21:37.556+0000][73][info ][safepoint   ] Safepoint "Cleanup", Time since last: 3001156022 ns, Reaching safepoint: 32404 ns, Cleanup: 38142 ns, At safepoint: 18121 ns, Total: 88667 ns
[2025-05-21T08:21:38.557+0000][73][info ][safepoint   ] Safepoint "Cleanup", Time since last: 1000674617 ns, Reaching safepoint: 25322 ns, Cleanup: 37987 ns, At safepoint: 12023 ns, Total: 75332 ns
[2025-05-21T08:21:40.061+0000][73][info ][safepoint   ] Safepoint "Cleanup", Time since last: 1504082018 ns, Reaching safepoint: 29508 ns, Cleanup: 45606 ns, At safepoint: 17091 ns, Total: 92205 ns
[2025-05-21T08:21:41.062+0000][73][info ][safepoint   ] Safepoint "Cleanup", Time since last: 1000639886 ns, Reaching safepoint: 30636 ns, Cleanup: 22482 ns, At safepoint: 16666 ns, Total: 69784 ns
[2025-05-21T08:21:43.063+0000][73][info ][safepoint   ] Safepoint "Cleanup", Time since last: 2000874927 ns, Reaching safepoint: 31996 ns, Cleanup: 25184 ns, At safepoint: 17867 ns, Total: 75047 ns
[2025-05-21T08:21:44.064+0000][73][info ][safepoint   ] Safepoint "Cleanup", Time since last: 1000763741 ns, Reaching safepoint: 26369 ns, Cleanup: 18910 ns, At safepoint: 10999 ns, Total: 56278 ns
[2025-05-21T08:21:45.067+0000][73][info ][safepoint   ] Safepoint "Cleanup", Time since last: 1003510049 ns, Reaching safepoint: 18066 ns, Cleanup: 16232 ns, At safepoint: 8759 ns, Total: 43057 ns
[2025-05-21T08:21:46.068+0000][73][info ][safepoint   ] Safepoint "Cleanup", Time since last: 1000648600 ns, Reaching safepoint: 17402 ns, Cleanup: 13180 ns, At safepoint: 8141 ns, Total: 38723 ns
[2025-05-21T08:21:47.069+0000][73][info ][safepoint   ] Safepoint "Cleanup", Time since last: 1000667254 ns, Reaching safepoint: 29147 ns, Cleanup: 22691 ns, At safepoint: 15964 ns, Total: 67802 ns
[2025-05-21T08:21:48.070+0000][73][info ][safepoint   ] Safepoint "Cleanup", Time since last: 1000785850 ns, Reaching safepoint: 31445 ns, Cleanup: 18390 ns, At safepoint: 17136 ns, Total: 66971 ns
[2025-05-21T08:21:49.415+0000][73][info ][safepoint   ] Safepoint "Cleanup", Time since last: 1345517260 ns, Reaching safepoint: 31064 ns, Cleanup: 105675 ns, At safepoint: 17458 ns, Total: 154197 ns
[2025-05-21T08:21:50.416+0000][73][info ][safepoint   ] Safepoint "Cleanup", Time since last: 1000709949 ns, Reaching safepoint: 16760 ns, Cleanup: 31218 ns, At safepoint: 8043 ns, Total: 56021 ns
[2025-05-21T08:21:51.417+0000][73][info ][safepoint   ] Safepoint "Cleanup", Time since last: 1000794536 ns, Reaching safepoint: 46234 ns, Cleanup: 14161 ns, At safepoint: 9590 ns, Total: 69985 ns
[2025-05-21T08:21:52.418+0000][73][info ][safepoint   ] Safepoint "Cleanup", Time since last: 1000824874 ns, Reaching safepoint: 27949 ns, Cleanup: 56568 ns, At safepoint: 14024 ns, Total: 98541 ns
[2025-05-21T08:21:53.420+0000][73][info ][safepoint   ] Safepoint "Cleanup", Time since last: 1002088137 ns, Reaching safepoint: 17881 ns, Cleanup: 25888 ns, At safepoint: 8792 ns, Total: 52561 ns
[2025-05-21T08:21:54.417+0000][73][info ][safepoint   ] Safepoint "Cleanup", Time since last: 1000728101 ns, Reaching safepoint: 29344 ns, Cleanup: 24944 ns, At safepoint: 16204 ns, Total: 70492 ns
[2025-05-21T08:21:55.417+0000][73][info ][safepoint   ] Safepoint "Cleanup", Time since last: 1000822957 ns, Reaching safepoint: 33423 ns, Cleanup: 24584 ns, At safepoint: 18955 ns, Total: 76962 ns
[2025-05-21T08:21:56.418+0000][73][info ][safepoint   ] Safepoint "Cleanup", Time since last: 1000725054 ns, Reaching safepoint: 17806 ns, Cleanup: 24105 ns, At safepoint: 9846 ns, Total: 51757 ns
[2025-05-21T08:21:57.419+0000][73][info ][safepoint   ] Safepoint "Cleanup", Time since last: 1000670424 ns, Reaching safepoint: 29835 ns, Cleanup: 21623 ns, At safepoint: 16892 ns, Total: 68350 ns
[2025-05-21T08:21:58.420+0000][73][info ][safepoint   ] Safepoint "Cleanup", Time since last: 1000639562 ns, Reaching safepoint: 33594 ns, Cleanup: 31058 ns, At safepoint: 9090 ns, Total: 73742 ns
[2025-05-21T08:21:59.520+0000][73][info ][safepoint   ] Safepoint "Cleanup", Time since last: 1100192526 ns, Reaching safepoint: 6323 ns, Cleanup: 53863 ns, At safepoint: 27893 ns, Total: 88079 ns
[2025-05-21T08:22:00.533+0000][73][info ][safepoint   ] Safepoint "Cleanup", Time since last: 1013463264 ns, Reaching safepoint: 14805 ns, Cleanup: 55399 ns, At safepoint: 26945 ns, Total: 97149 ns
[2025-05-21T08:22:01.538+0000][73][info ][safepoint   ] Safepoint "Cleanup", Time since last: 1004020847 ns, Reaching safepoint: 16593 ns, Cleanup: 19911 ns, At safepoint: 8404 ns, Total: 44908 ns
[2025-05-21T08:22:02.813+0000][73][info ][safepoint   ] Safepoint "Cleanup", Time since last: 1274984153 ns, Reaching safepoint: 29735 ns, Cleanup: 173392 ns, At safepoint: 76198 ns, Total: 279325 ns
[2025-05-21T08:22:03.814+0000][73][info ][safepoint   ] Safepoint "Cleanup", Time since last: 1000713390 ns, Reaching safepoint: 31054 ns, Cleanup: 22678 ns, At safepoint: 18255 ns, Total: 71987 ns
[2025-05-21T08:22:04.814+0000][73][info ][safepoint   ] Safepoint "Cleanup", Time since last: 1000658455 ns, Reaching safepoint: 19390 ns, Cleanup: 18174 ns, At safepoint: 9053 ns, Total: 46617 ns
[2025-05-21T08:22:07.817+0000][73][info ][safepoint   ] Safepoint "Cleanup", Time since last: 3002475876 ns, Reaching safepoint: 31434 ns, Cleanup: 31394 ns, At safepoint: 16911 ns, Total: 79739 ns
[2025-05-21T08:22:08.818+0000][73][info ][safepoint   ] Safepoint "Cleanup", Time since last: 1000573253 ns, Reaching safepoint: 68223 ns, Cleanup: 14980 ns, At safepoint: 7977 ns, Total: 91180 ns
[2025-05-21T08:22:10.818+0000][73][info ][safepoint   ] Safepoint "Cleanup", Time since last: 2000843579 ns, Reaching safepoint: 28046 ns, Cleanup: 18705 ns, At safepoint: 15331 ns, Total: 62082 ns
[2025-05-21T08:22:12.819+0000][73][info ][safepoint   ] Safepoint "Cleanup", Time since last: 2000873886 ns, Reaching safepoint: 27117 ns, Cleanup: 26947 ns, At safepoint: 13183 ns, Total: 67247 ns
[2025-05-21T08:22:13.820+0000][73][info ][safepoint   ] Safepoint "Cleanup", Time since last: 1000510045 ns, Reaching safepoint: 24310 ns, Cleanup: 17504 ns, At safepoint: 11268 ns, Total: 53082 ns
[2025-05-21T08:22:14.821+0000][73][info ][safepoint   ] Safepoint "Cleanup", Time since last: 1000564825 ns, Reaching safepoint: 65339 ns, Cleanup: 30900 ns, At safepoint: 11212 ns, Total: 107451 ns
[2025-05-21T08:22:15.822+0000][73][info ][safepoint   ] Safepoint "Cleanup", Time since last: 1001614193 ns, Reaching safepoint: 29509 ns, Cleanup: 18475 ns, At safepoint: 17151 ns, Total: 65135 ns
[2025-05-21T08:22:19.824+0000][73][info ][safepoint   ] Safepoint "Cleanup", Time since last: 4001299318 ns, Reaching safepoint: 23245 ns, Cleanup: 14187 ns, At safepoint: 10457 ns, Total: 47889 ns
[2025-05-21T08:22:20.824+0000][73][info ][safepoint   ] Safepoint "Cleanup", Time since last: 1000570929 ns, Reaching safepoint: 27376 ns, Cleanup: 13488 ns, At safepoint: 9949 ns, Total: 50813 ns
[2025-05-21T08:22:22.825+0000][73][info ][safepoint   ] Safepoint "Cleanup", Time since last: 2000696194 ns, Reaching safepoint: 79336 ns, Cleanup: 23860 ns, At safepoint: 11691 ns, Total: 114887 ns
[2025-05-21T08:22:23.828+0000][73][info ][safepoint   ] Safepoint "Cleanup", Time since last: 1002575417 ns, Reaching safepoint: 24726 ns, Cleanup: 18931 ns, At safepoint: 11764 ns, Total: 55421 ns
[2025-05-21T08:22:24.828+0000][73][info ][safepoint   ] Safepoint "Cleanup", Time since last: 1001775661 ns, Reaching safepoint: 33375 ns, Cleanup: 24947 ns, At safepoint: 19698 ns, Total: 78020 ns
[2025-05-21T08:22:27.830+0000][73][info ][safepoint   ] Safepoint "Cleanup", Time since last: 3001059583 ns, Reaching safepoint: 31056 ns, Cleanup: 24783 ns, At safepoint: 17141 ns, Total: 72980 ns
[2025-05-21T08:22:28.830+0000][73][info ][safepoint   ] Safepoint "Cleanup", Time since last: 1000659800 ns, Reaching safepoint: 17171 ns, Cleanup: 22264 ns, At safepoint: 9264 ns, Total: 48699 ns
[2025-05-21T08:22:30.831+0000][73][info ][safepoint   ] Safepoint "Cleanup", Time since last: 2000646528 ns, Reaching safepoint: 25869 ns, Cleanup: 16117 ns, At safepoint: 12169 ns, Total: 54155 ns
[2025-05-21T08:22:31.832+0000][73][info ][safepoint   ] Safepoint "Cleanup", Time since last: 1000586097 ns, Reaching safepoint: 18798 ns, Cleanup: 19199 ns, At safepoint: 10714 ns, Total: 48711 ns
[2025-05-21T08:22:32.832+0000][73][info ][safepoint   ] Safepoint "Cleanup", Time since last: 1000763952 ns, Reaching safepoint: 29895 ns, Cleanup: 17932 ns, At safepoint: 16154 ns, Total: 63981 ns
[2025-05-21T08:22:34.833+0000][73][info ][safepoint   ] Safepoint "Cleanup", Time since last: 2000817954 ns, Reaching safepoint: 33282 ns, Cleanup: 19139 ns, At safepoint: 19556 ns, Total: 71977 ns
[2025-05-21T08:22:37.834+0000][73][info ][safepoint   ] Safepoint "Cleanup", Time since last: 3000904767 ns, Reaching safepoint: 31732 ns, Cleanup: 25550 ns, At safepoint: 13177 ns, Total: 70459 ns
[2025-05-21T08:22:38.836+0000][73][info ][safepoint   ] Safepoint "Cleanup", Time since last: 1001140022 ns, Reaching safepoint: 30268 ns, Cleanup: 19499 ns, At safepoint: 16888 ns, Total: 66655 ns
[2025-05-21T08:22:40.836+0000][73][info ][safepoint   ] Safepoint "Cleanup", Time since last: 2000861582 ns, Reaching safepoint: 30892 ns, Cleanup: 20199 ns, At safepoint: 17287 ns, Total: 68378 ns
[2025-05-21T08:22:43.838+0000][73][info ][safepoint   ] Safepoint "Cleanup", Time since last: 3001125112 ns, Reaching safepoint: 26170 ns, Cleanup: 17443 ns, At safepoint: 13058 ns, Total: 56671 ns
[2025-05-21T08:22:46.839+0000][73][info ][safepoint   ] Safepoint "Cleanup", Time since last: 3000874861 ns, Reaching safepoint: 29670 ns, Cleanup: 18452 ns, At safepoint: 13117 ns, Total: 61239 ns
[2025-05-21T08:22:48.840+0000][73][info ][safepoint   ] Safepoint "Cleanup", Time since last: 2000908917 ns, Reaching safepoint: 31972 ns, Cleanup: 18754 ns, At safepoint: 17861 ns, Total: 68587 ns
[2025-05-21T08:22:49.840+0000][73][info ][safepoint   ] Safepoint "Cleanup", Time since last: 1000728338 ns, Reaching safepoint: 24152 ns, Cleanup: 20627 ns, At safepoint: 10829 ns, Total: 55608 ns
[2025-05-21T08:22:50.841+0000][73][info ][safepoint   ] Safepoint "Cleanup", Time since last: 1000580603 ns, Reaching safepoint: 30092 ns, Cleanup: 20637 ns, At safepoint: 16325 ns, Total: 67054 ns
[2025-05-21T08:22:52.842+0000][73][info ][safepoint   ] Safepoint "Cleanup", Time since last: 2000914533 ns, Reaching safepoint: 135940 ns, Cleanup: 49746 ns, At safepoint: 20092 ns, Total: 205778 ns
[2025-05-21T08:22:53.843+0000][73][info ][safepoint   ] Safepoint "Cleanup", Time since last: 1000573363 ns, Reaching safepoint: 19075 ns, Cleanup: 21787 ns, At safepoint: 8614 ns, Total: 49476 ns
[2025-05-21T08:22:54.841+0000][73][info ][safepoint   ] Safepoint "Cleanup", Time since last: 1000676559 ns, Reaching safepoint: 19743 ns, Cleanup: 18075 ns, At safepoint: 9708 ns, Total: 47526 ns
[2025-05-21T08:22:55.842+0000][73][info ][safepoint   ] Safepoint "Cleanup", Time since last: 1000633023 ns, Reaching safepoint: 32007 ns, Cleanup: 35417 ns, At safepoint: 17750 ns, Total: 85174 ns
[2025-05-21T08:22:58.843+0000][73][info ][safepoint   ] Safepoint "Cleanup", Time since last: 3000960100 ns, Reaching safepoint: 45952 ns, Cleanup: 29582 ns, At safepoint: 18103 ns, Total: 93637 ns
[2025-05-21T08:23:01.559+0000][73][info ][safepoint   ] Safepoint "Cleanup", Time since last: 2715955331 ns, Reaching safepoint: 13140 ns, Cleanup: 31892 ns, At safepoint: 21740 ns, Total: 66772 ns
[2025-05-21T08:23:02.583+0000][73][info ][safepoint   ] Safepoint "Cleanup", Time since last: 1023151624 ns, Reaching safepoint: 13184 ns, Cleanup: 147838 ns, At safepoint: 84552 ns, Total: 245574 ns
[2025-05-21T08:23:03.591+0000][73][info ][safepoint   ] Safepoint "Cleanup", Time since last: 1008754766 ns, Reaching safepoint: 23298 ns, Cleanup: 27171 ns, At safepoint: 10639 ns, Total: 61108 ns
[2025-05-21T08:23:04.592+0000][73][info ][safepoint   ] Safepoint "Cleanup", Time since last: 1000591159 ns, Reaching safepoint: 28346 ns, Cleanup: 21776 ns, At safepoint: 15865 ns, Total: 65987 ns
[2025-05-21T08:23:05.593+0000][73][info ][safepoint   ] Safepoint "Cleanup", Time since last: 1000861156 ns, Reaching safepoint: 32341 ns, Cleanup: 18921 ns, At safepoint: 68670 ns, Total: 119932 ns
[2025-05-21T08:23:06.594+0000][73][info ][safepoint   ] Safepoint "Cleanup", Time since last: 1000702785 ns, Reaching safepoint: 23751 ns, Cleanup: 15674 ns, At safepoint: 11408 ns, Total: 50833 ns
[2025-05-21T08:23:08.595+0000][73][info ][safepoint   ] Safepoint "Cleanup", Time since last: 2000774729 ns, Reaching safepoint: 42497 ns, Cleanup: 13374 ns, At safepoint: 9049 ns, Total: 64920 ns
[2025-05-21T08:23:10.596+0000][73][info ][safepoint   ] Safepoint "Cleanup", Time since last: 2000880570 ns, Reaching safepoint: 17345 ns, Cleanup: 13265 ns, At safepoint: 9165 ns, Total: 39775 ns
[2025-05-21T08:23:11.596+0000][73][info ][safepoint   ] Safepoint "Cleanup", Time since last: 1000644844 ns, Reaching safepoint: 24311 ns, Cleanup: 16865 ns, At safepoint: 11401 ns, Total: 52577 ns
[2025-05-21T08:23:12.597+0000][73][info ][safepoint   ] Safepoint "Cleanup", Time since last: 1000982083 ns, Reaching safepoint: 30059 ns, Cleanup: 23152 ns, At safepoint: 16856 ns, Total: 70067 ns
[2025-05-21T08:23:13.598+0000][73][info ][safepoint   ] Safepoint "Cleanup", Time since last: 1000851831 ns, Reaching safepoint: 23684 ns, Cleanup: 16856 ns, At safepoint: 10748 ns, Total: 51288 ns
[2025-05-21T08:23:14.600+0000][73][info ][safepoint   ] Safepoint "Cleanup", Time since last: 1001618470 ns, Reaching safepoint: 19275 ns, Cleanup: 20017 ns, At safepoint: 10490 ns, Total: 49782 ns
[2025-05-21T08:23:15.601+0000][73][info ][safepoint   ] Safepoint "Cleanup", Time since last: 1000898667 ns, Reaching safepoint: 18386 ns, Cleanup: 15103 ns, At safepoint: 10470 ns, Total: 43959 ns
[2025-05-21T08:23:16.602+0000][73][info ][safepoint   ] Safepoint "Cleanup", Time since last: 1000624431 ns, Reaching safepoint: 79410 ns, Cleanup: 19663 ns, At safepoint: 13804 ns, Total: 112877 ns
[2025-05-21T08:23:17.602+0000][73][info ][safepoint   ] Safepoint "Cleanup", Time since last: 1000642980 ns, Reaching safepoint: 98368 ns, Cleanup: 22260 ns, At safepoint: 16856 ns, Total: 137484 ns
[2025-05-21T08:23:18.603+0000][73][info ][safepoint   ] Safepoint "Cleanup", Time since last: 1000725214 ns, Reaching safepoint: 85007 ns, Cleanup: 17471 ns, At safepoint: 9464 ns, Total: 111942 ns
[2025-05-21T08:23:19.604+0000][73][info ][safepoint   ] Safepoint "Cleanup", Time since last: 1000600655 ns, Reaching safepoint: 72547 ns, Cleanup: 22061 ns, At safepoint: 10756 ns, Total: 105364 ns
[2025-05-21T08:23:20.605+0000][73][info ][safepoint   ] Safepoint "Cleanup", Time since last: 1001433990 ns, Reaching safepoint: 25250 ns, Cleanup: 19169 ns, At safepoint: 12190 ns, Total: 56609 ns
[2025-05-21T08:23:21.606+0000][73][info ][safepoint   ] Safepoint "Cleanup", Time since last: 1000715904 ns, Reaching safepoint: 172895 ns, Cleanup: 19551 ns, At safepoint: 56690 ns, Total: 249136 ns
[2025-05-21T08:23:22.607+0000][73][info ][safepoint   ] Safepoint "Cleanup", Time since last: 1000635985 ns, Reaching safepoint: 31761 ns, Cleanup: 42584 ns, At safepoint: 19156 ns, Total: 93501 ns
[2025-05-21T08:23:23.608+0000][73][info ][safepoint   ] Safepoint "Cleanup", Time since last: 1000696955 ns, Reaching safepoint: 62358 ns, Cleanup: 23114 ns, At safepoint: 14286 ns, Total: 99758 ns
[2025-05-21T08:23:25.606+0000][73][info ][safepoint   ] Safepoint "Cleanup", Time since last: 2000707985 ns, Reaching safepoint: 18570 ns, Cleanup: 19498 ns, At safepoint: 8798 ns, Total: 46866 ns
[2025-05-21T08:23:27.608+0000][73][info ][safepoint   ] Safepoint "Cleanup", Time since last: 2001690775 ns, Reaching safepoint: 23354 ns, Cleanup: 17087 ns, At safepoint: 12180 ns, Total: 52621 ns
[2025-05-21T08:23:28.609+0000][73][info ][safepoint   ] Safepoint "Cleanup", Time since last: 1000578237 ns, Reaching safepoint: 43047 ns, Cleanup: 16386 ns, At safepoint: 21178 ns, Total: 80611 ns
[2025-05-21T08:23:29.609+0000][73][info ][safepoint   ] Safepoint "Cleanup", Time since last: 1000701842 ns, Reaching safepoint: 19533 ns, Cleanup: 15646 ns, At safepoint: 9957 ns, Total: 45136 ns
[2025-05-21T08:23:30.610+0000][73][info ][safepoint   ] Safepoint "Cleanup", Time since last: 1000613071 ns, Reaching safepoint: 25976 ns, Cleanup: 17521 ns, At safepoint: 12067 ns, Total: 55564 ns
[2025-05-21T08:23:31.612+0000][73][info ][safepoint   ] Safepoint "Cleanup", Time since last: 1002032498 ns, Reaching safepoint: 24310 ns, Cleanup: 21693 ns, At safepoint: 12070 ns, Total: 58073 ns
[2025-05-21T08:23:32.613+0000][73][info ][safepoint   ] Safepoint "Cleanup", Time since last: 1000616887 ns, Reaching safepoint: 24555 ns, Cleanup: 19159 ns, At safepoint: 12434 ns, Total: 56148 ns
[2025-05-21T08:23:33.614+0000][73][info ][safepoint   ] Safepoint "Cleanup", Time since last: 1001029864 ns, Reaching safepoint: 25613 ns, Cleanup: 15727 ns, At safepoint: 34097 ns, Total: 75437 ns
[2025-05-21T08:23:34.615+0000][73][info ][safepoint   ] Safepoint "Cleanup", Time since last: 1000628085 ns, Reaching safepoint: 16434 ns, Cleanup: 12561 ns, At safepoint: 8319 ns, Total: 37314 ns
[2025-05-21T08:23:35.615+0000][73][info ][safepoint   ] Safepoint "Cleanup", Time since last: 1000635582 ns, Reaching safepoint: 28868 ns, Cleanup: 16855 ns, At safepoint: 19702 ns, Total: 65425 ns
[2025-05-21T08:23:36.616+0000][73][info ][safepoint   ] Safepoint "Cleanup", Time since last: 1000639482 ns, Reaching safepoint: 17775 ns, Cleanup: 16175 ns, At safepoint: 9181 ns, Total: 43131 ns
[2025-05-21T08:23:37.617+0000][73][info ][safepoint   ] Safepoint "Cleanup", Time since last: 1000650343 ns, Reaching safepoint: 22369 ns, Cleanup: 28567 ns, At safepoint: 10936 ns, Total: 61872 ns
[2025-05-21T08:23:38.618+0000][73][info ][safepoint   ] Safepoint "Cleanup", Time since last: 1000834757 ns, Reaching safepoint: 46581 ns, Cleanup: 17375 ns, At safepoint: 9369 ns, Total: 73325 ns
[2025-05-21T08:23:39.618+0000][73][info ][safepoint   ] Safepoint "Cleanup", Time since last: 1000780699 ns, Reaching safepoint: 17878 ns, Cleanup: 13546 ns, At safepoint: 9220 ns, Total: 40644 ns
[2025-05-21T08:23:40.619+0000][73][info ][safepoint   ] Safepoint "Cleanup", Time since last: 1000652836 ns, Reaching safepoint: 18606 ns, Cleanup: 14364 ns, At safepoint: 9244 ns, Total: 42214 ns
[2025-05-21T08:23:43.620+0000][73][info ][safepoint   ] Safepoint "Cleanup", Time since last: 3000823075 ns, Reaching safepoint: 21215 ns, Cleanup: 26452 ns, At safepoint: 11807 ns, Total: 59474 ns
[2025-05-21T08:23:45.626+0000][73][info ][safepoint   ] Safepoint "Cleanup", Time since last: 2006284831 ns, Reaching safepoint: 26690 ns, Cleanup: 17303 ns, At safepoint: 29958 ns, Total: 73951 ns
[2025-05-21T08:23:46.635+0000][73][info ][safepoint   ] Safepoint "Cleanup", Time since last: 1009025923 ns, Reaching safepoint: 25582 ns, Cleanup: 19305 ns, At safepoint: 13488 ns, Total: 58375 ns
[2025-05-21T08:23:48.642+0000][73][info ][safepoint   ] Safepoint "Cleanup", Time since last: 2006177979 ns, Reaching safepoint: 25450 ns, Cleanup: 19952 ns, At safepoint: 9419 ns, Total: 54821 ns
[2025-05-21T08:23:49.642+0000][73][info ][safepoint   ] Safepoint "Cleanup", Time since last: 1000601499 ns, Reaching safepoint: 25641 ns, Cleanup: 18179 ns, At safepoint: 11438 ns, Total: 55258 ns
[2025-05-21T08:23:52.644+0000][73][info ][safepoint   ] Safepoint "Cleanup", Time since last: 3001770576 ns, Reaching safepoint: 37482 ns, Cleanup: 65251 ns, At safepoint: 21445 ns, Total: 124178 ns
[2025-05-21T08:23:53.645+0000][73][info ][safepoint   ] Safepoint "Cleanup", Time since last: 1000831160 ns, Reaching safepoint: 79232 ns, Cleanup: 41112 ns, At safepoint: 22747 ns, Total: 143091 ns
[2025-05-21T08:23:55.644+0000][73][info ][safepoint   ] Safepoint "Cleanup", Time since last: 2001017942 ns, Reaching safepoint: 31890 ns, Cleanup: 24961 ns, At safepoint: 18238 ns, Total: 75089 ns
[2025-05-21T08:23:57.645+0000][73][info ][safepoint   ] Safepoint "Cleanup", Time since last: 2000911307 ns, Reaching safepoint: 53325 ns, Cleanup: 18727 ns, At safepoint: 12984 ns, Total: 85036 ns
[2025-05-21T08:23:58.645+0000][73][info ][safepoint   ] Safepoint "Cleanup", Time since last: 1000542116 ns, Reaching safepoint: 19235 ns, Cleanup: 21746 ns, At safepoint: 8794 ns, Total: 49775 ns
[2025-05-21T08:24:01.646+0000][73][info ][safepoint   ] Safepoint "Cleanup", Time since last: 3000861916 ns, Reaching safepoint: 30051 ns, Cleanup: 25038 ns, At safepoint: 15775 ns, Total: 70864 ns
[2025-05-21T08:24:02.877+0000][73][info ][safepoint   ] Safepoint "Cleanup", Time since last: 1230381235 ns, Reaching safepoint: 23924 ns, Cleanup: 20525 ns, At safepoint: 11982 ns, Total: 56431 ns
[2025-05-21T08:24:03.878+0000][73][info ][safepoint   ] Safepoint "Cleanup", Time since last: 1000761590 ns, Reaching safepoint: 106538 ns, Cleanup: 39248 ns, At safepoint: 14291 ns, Total: 160077 ns
[2025-05-21T08:24:05.593+0000][73][info ][safepoint   ] Safepoint "Cleanup", Time since last: 1715429521 ns, Reaching safepoint: 26612 ns, Cleanup: 40763 ns, At safepoint: 13408 ns, Total: 80783 ns
[2025-05-21T08:24:06.650+0000][73][info ][safepoint   ] Safepoint "Cleanup", Time since last: 1056831697 ns, Reaching safepoint: 33473 ns, Cleanup: 24932 ns, At safepoint: 17740 ns, Total: 76145 ns
[2025-05-21T08:24:07.651+0000][73][info ][safepoint   ] Safepoint "Cleanup", Time since last: 1000988947 ns, Reaching safepoint: 27447 ns, Cleanup: 23111 ns, At safepoint: 15163 ns, Total: 65721 ns
[2025-05-21T08:24:08.652+0000][73][info ][safepoint   ] Safepoint "Cleanup", Time since last: 1000729470 ns, Reaching safepoint: 32092 ns, Cleanup: 29252 ns, At safepoint: 16782 ns, Total: 78126 ns
[2025-05-21T08:24:10.653+0000][73][info ][safepoint   ] Safepoint "Cleanup", Time since last: 2000797358 ns, Reaching safepoint: 58009 ns, Cleanup: 19468 ns, At safepoint: 12029 ns, Total: 89506 ns
[2025-05-21T08:24:13.654+0000][73][info ][safepoint   ] Safepoint "Cleanup", Time since last: 3000772245 ns, Reaching safepoint: 18170 ns, Cleanup: 16903 ns, At safepoint: 9137 ns, Total: 44210 ns
[2025-05-21T08:24:15.654+0000][73][info ][safepoint   ] Safepoint "Cleanup", Time since last: 2000685026 ns, Reaching safepoint: 33137 ns, Cleanup: 28443 ns, At safepoint: 16262 ns, Total: 77842 ns
[2025-05-21T08:24:16.655+0000][73][info ][safepoint   ] Safepoint "Cleanup", Time since last: 1000958661 ns, Reaching safepoint: 29709 ns, Cleanup: 25923 ns, At safepoint: 16691 ns, Total: 72323 ns
[2025-05-21T08:24:18.656+0000][73][info ][safepoint   ] Safepoint "Cleanup", Time since last: 2000744594 ns, Reaching safepoint: 46241 ns, Cleanup: 34090 ns, At safepoint: 17914 ns, Total: 98245 ns
[2025-05-21T08:24:19.657+0000][73][info ][safepoint   ] Safepoint "Cleanup", Time since last: 1000650635 ns, Reaching safepoint: 19413 ns, Cleanup: 15645 ns, At safepoint: 9220 ns, Total: 44278 ns
[2025-05-21T08:24:22.658+0000][73][info ][safepoint   ] Safepoint "Cleanup", Time since last: 3000968188 ns, Reaching safepoint: 19403 ns, Cleanup: 17625 ns, At safepoint: 9352 ns, Total: 46380 ns
[2025-05-21T08:24:23.659+0000][73][info ][safepoint   ] Safepoint "Cleanup", Time since last: 1000636315 ns, Reaching safepoint: 23358 ns, Cleanup: 15390 ns, At safepoint: 11051 ns, Total: 49799 ns
[2025-05-21T08:24:25.658+0000][73][info ][safepoint   ] Safepoint "Cleanup", Time since last: 2001016964 ns, Reaching safepoint: 49611 ns, Cleanup: 16048 ns, At safepoint: 9270 ns, Total: 74929 ns
[2025-05-21T08:24:28.659+0000][73][info ][safepoint   ] Safepoint "Cleanup", Time since last: 3000830243 ns, Reaching safepoint: 30760 ns, Cleanup: 22148 ns, At safepoint: 17005 ns, Total: 69913 ns
[2025-05-21T08:24:31.660+0000][73][info ][safepoint   ] Safepoint "Cleanup", Time since last: 3000881098 ns, Reaching safepoint: 24971 ns, Cleanup: 17544 ns, At safepoint: 12078 ns, Total: 54593 ns
[2025-05-21T08:24:34.661+0000][73][info ][safepoint   ] Safepoint "Cleanup", Time since last: 3000956872 ns, Reaching safepoint: 24392 ns, Cleanup: 32932 ns, At safepoint: 10984 ns, Total: 68308 ns
[2025-05-21T08:24:35.662+0000][73][info ][safepoint   ] Safepoint "Cleanup", Time since last: 1000562778 ns, Reaching safepoint: 26597 ns, Cleanup: 19290 ns, At safepoint: 11488 ns, Total: 57375 ns
[2025-05-21T08:24:38.663+0000][73][info ][safepoint   ] Safepoint "Cleanup", Time since last: 3000892557 ns, Reaching safepoint: 25189 ns, Cleanup: 17905 ns, At safepoint: 12096 ns, Total: 55190 ns
[2025-05-21T08:24:41.664+0000][73][info ][safepoint   ] Safepoint "Cleanup", Time since last: 3000875117 ns, Reaching safepoint: 106476 ns, Cleanup: 23485 ns, At safepoint: 21005 ns, Total: 150966 ns
[2025-05-21T08:24:43.665+0000][73][info ][safepoint   ] Safepoint "Cleanup", Time since last: 2000965232 ns, Reaching safepoint: 31062 ns, Cleanup: 18531 ns, At safepoint: 16671 ns, Total: 66264 ns
[2025-05-21T08:24:45.666+0000][73][info ][safepoint   ] Safepoint "Cleanup", Time since last: 2000952539 ns, Reaching safepoint: 18820 ns, Cleanup: 20714 ns, At safepoint: 10018 ns, Total: 49552 ns
[2025-05-21T08:24:47.666+0000][73][info ][safepoint   ] Safepoint "Cleanup", Time since last: 2000749547 ns, Reaching safepoint: 25293 ns, Cleanup: 20603 ns, At safepoint: 12198 ns, Total: 58094 ns
[2025-05-21T08:24:48.667+0000][73][info ][safepoint   ] Safepoint "Cleanup", Time since last: 1000646449 ns, Reaching safepoint: 18942 ns, Cleanup: 15974 ns, At safepoint: 9217 ns, Total: 44133 ns
[2025-05-21T08:24:52.668+0000][73][info ][safepoint   ] Safepoint "Cleanup", Time since last: 4001091401 ns, Reaching safepoint: 17767 ns, Cleanup: 21758 ns, At safepoint: 8474 ns, Total: 47999 ns
[2025-05-21T08:24:53.669+0000][73][info ][safepoint   ] Safepoint "Cleanup", Time since last: 1000624935 ns, Reaching safepoint: 24389 ns, Cleanup: 15025 ns, At safepoint: 10805 ns, Total: 50219 ns
[2025-05-21T08:24:58.668+0000][73][info ][safepoint   ] Safepoint "Cleanup", Time since last: 5001780159 ns, Reaching safepoint: 21654 ns, Cleanup: 29173 ns, At safepoint: 10419 ns, Total: 61246 ns
[2025-05-21T08:25:01.669+0000][73][info ][safepoint   ] Safepoint "Cleanup", Time since last: 3001472691 ns, Reaching safepoint: 26009 ns, Cleanup: 21031 ns, At safepoint: 11983 ns, Total: 59023 ns
[2025-05-21T08:25:02.906+0000][73][info ][safepoint   ] Safepoint "Cleanup", Time since last: 1236625559 ns, Reaching safepoint: 26072 ns, Cleanup: 29879 ns, At safepoint: 13902 ns, Total: 69853 ns
[2025-05-21T08:25:03.910+0000][73][info ][safepoint   ] Safepoint "Cleanup", Time since last: 1003838028 ns, Reaching safepoint: 26831 ns, Cleanup: 19241 ns, At safepoint: 12772 ns, Total: 58844 ns
[2025-05-21T08:25:04.911+0000][73][info ][safepoint   ] Safepoint "Cleanup", Time since last: 1000774594 ns, Reaching safepoint: 27251 ns, Cleanup: 19315 ns, At safepoint: 12330 ns, Total: 58896 ns
[2025-05-21T08:25:07.598+0000][73][info ][safepoint   ] Safepoint "Cleanup", Time since last: 2687122380 ns, Reaching safepoint: 7629 ns, Cleanup: 17302 ns, At safepoint: 35069 ns, Total: 60000 ns
[2025-05-21T08:25:08.649+0000][73][info ][safepoint   ] Safepoint "Cleanup", Time since last: 1050633708 ns, Reaching safepoint: 20223 ns, Cleanup: 30364 ns, At safepoint: 10757 ns, Total: 61344 ns
[2025-05-21T08:25:09.694+0000][73][info ][safepoint   ] Safepoint "Cleanup", Time since last: 1045306392 ns, Reaching safepoint: 26991 ns, Cleanup: 33309 ns, At safepoint: 12824 ns, Total: 73124 ns
[2025-05-21T08:25:10.695+0000][73][info ][safepoint   ] Safepoint "Cleanup", Time since last: 1000942108 ns, Reaching safepoint: 67482 ns, Cleanup: 18428 ns, At safepoint: 16870 ns, Total: 102780 ns
[2025-05-21T08:25:12.696+0000][73][info ][safepoint   ] Safepoint "Cleanup", Time since last: 2000861668 ns, Reaching safepoint: 34680 ns, Cleanup: 19387 ns, At safepoint: 19216 ns, Total: 73283 ns
[2025-05-21T08:25:13.697+0000][73][info ][safepoint   ] Safepoint "Cleanup", Time since last: 1000771259 ns, Reaching safepoint: 29016 ns, Cleanup: 20983 ns, At safepoint: 15575 ns, Total: 65574 ns
[2025-05-21T08:25:14.698+0000][73][info ][safepoint   ] Safepoint "Cleanup", Time since last: 1000639681 ns, Reaching safepoint: 30737 ns, Cleanup: 68658 ns, At safepoint: 17929 ns, Total: 117324 ns
[2025-05-21T08:25:15.699+0000][73][info ][safepoint   ] Safepoint "Cleanup", Time since last: 1001488842 ns, Reaching safepoint: 17891 ns, Cleanup: 18401 ns, At safepoint: 8675 ns, Total: 44967 ns
[2025-05-21T08:25:16.700+0000][73][info ][safepoint   ] Safepoint "Cleanup", Time since last: 1000791642 ns, Reaching safepoint: 18903 ns, Cleanup: 24532 ns, At safepoint: 8553 ns, Total: 51988 ns
[2025-05-21T08:25:17.701+0000][73][info ][safepoint   ] Safepoint "Cleanup", Time since last: 1001211773 ns, Reaching safepoint: 32304 ns, Cleanup: 23796 ns, At safepoint: 27117 ns, Total: 83217 ns
[2025-05-21T08:25:20.702+0000][73][info ][safepoint   ] Safepoint "Cleanup", Time since last: 3001079062 ns, Reaching safepoint: 31718 ns, Cleanup: 23987 ns, At safepoint: 14457 ns, Total: 70162 ns
[2025-05-21T08:25:22.705+0000][73][info ][safepoint   ] Safepoint "Cleanup", Time since last: 2002537812 ns, Reaching safepoint: 30996 ns, Cleanup: 21411 ns, At safepoint: 16931 ns, Total: 69338 ns
[2025-05-21T08:25:25.704+0000][73][info ][safepoint   ] Safepoint "Cleanup", Time since last: 3000977406 ns, Reaching safepoint: 29262 ns, Cleanup: 17087 ns, At safepoint: 15727 ns, Total: 62076 ns
[2025-05-21T08:25:26.712+0000][73][info ][safepoint   ] Safepoint "Cleanup", Time since last: 1008623512 ns, Reaching safepoint: 33308 ns, Cleanup: 18512 ns, At safepoint: 16768 ns, Total: 68588 ns
[2025-05-21T08:25:28.713+0000][73][info ][safepoint   ] Safepoint "Cleanup", Time since last: 2001013854 ns, Reaching safepoint: 20703 ns, Cleanup: 15375 ns, At safepoint: 8501 ns, Total: 44579 ns
[2025-05-21T08:25:31.715+0000][73][info ][safepoint   ] Safepoint "Cleanup", Time since last: 3001144660 ns, Reaching safepoint: 26344 ns, Cleanup: 46838 ns, At safepoint: 12220 ns, Total: 85402 ns
[2025-05-21T08:25:32.716+0000][73][info ][safepoint   ] Safepoint "Cleanup", Time since last: 1001502222 ns, Reaching safepoint: 19822 ns, Cleanup: 20854 ns, At safepoint: 10196 ns, Total: 50872 ns
[2025-05-21T08:25:33.717+0000][73][info ][safepoint   ] Safepoint "Cleanup", Time since last: 1000731089 ns, Reaching safepoint: 21647 ns, Cleanup: 18064 ns, At safepoint: 11086 ns, Total: 50797 ns
[2025-05-21T08:25:38.770+0000][73][info ][safepoint   ] Safepoint "Cleanup", Time since last: 5008427561 ns, Reaching safepoint: 44240622 ns, Cleanup: 31700 ns, At safepoint: 240746 ns, Total: 44513068 ns
[2025-05-21T08:25:39.771+0000][73][info ][safepoint   ] Safepoint "Cleanup", Time since last: 1000945073 ns, Reaching safepoint: 16023 ns, Cleanup: 15955 ns, At safepoint: 7774 ns, Total: 39752 ns
[2025-05-21T08:25:41.842+0000][73][info ][safepoint   ] Safepoint "Cleanup", Time since last: 2071312631 ns, Reaching safepoint: 30337 ns, Cleanup: 30735 ns, At safepoint: 16412 ns, Total: 77484 ns
[2025-05-21T08:25:44.200+0000][73][info ][safepoint   ] Safepoint "Cleanup", Time since last: 2000776211 ns, Reaching safepoint: 356649120 ns, Cleanup: 21226 ns, At safepoint: 181209 ns, Total: 356851555 ns
[2025-05-21T08:25:47.203+0000][73][info ][safepoint   ] Safepoint "Cleanup", Time since last: 3003043840 ns, Reaching safepoint: 77089 ns, Cleanup: 14902 ns, At safepoint: 12947 ns, Total: 104938 ns
[2025-05-21T08:25:49.914+0000][73][info ][safepoint   ] Safepoint "Cleanup", Time since last: 2710497370 ns, Reaching safepoint: 124464 ns, Cleanup: 115600 ns, At safepoint: 135891 ns, Total: 375955 ns
[2025-05-21T08:25:50.066+0000][73][info ][safepoint   ] Safepoint "ICBufferFull", Time since last: 150860359 ns, Reaching safepoint: 153400 ns, Cleanup: 263637 ns, At safepoint: 452393 ns, Total: 869430 ns
[2025-05-21T08:25:50.096+0000][73][info ][safepoint   ] Safepoint "ICBufferFull", Time since last: 29889858 ns, Reaching safepoint: 753525 ns, Cleanup: 37742 ns, At safepoint: 197607 ns, Total: 988874 ns
[2025-05-21T08:25:50.101+0000][73][info ][safepoint   ] Safepoint "ICBufferFull", Time since last: 4525872 ns, Reaching safepoint: 124573 ns, Cleanup: 71175 ns, At safepoint: 154099 ns, Total: 349847 ns
[2025-05-21T08:25:50.205+0000][73][info ][gc,start    ] GC(17) Pause Young (Prepare Mixed) (G1 Evacuation Pause)
[2025-05-21T08:25:50.209+0000][73][info ][gc,task     ] GC(17) Using 10 workers of 10 for evacuation
[2025-05-21T08:25:50.210+0000][73][debug][gc,age      ] GC(17) Desired survivor size 18874368 bytes, new threshold 15 (max threshold 15)
[2025-05-21T08:25:50.267+0000][73][info ][gc,phases   ] GC(17)   Pre Evacuate Collection Set: 6.46ms
[2025-05-21T08:25:50.268+0000][73][info ][gc,phases   ] GC(17)   Merge Heap Roots: 1.57ms
[2025-05-21T08:25:50.269+0000][73][info ][gc,phases   ] GC(17)   Evacuate Collection Set: 42.38ms
[2025-05-21T08:25:50.270+0000][73][info ][gc,phases   ] GC(17)   Post Evacuate Collection Set: 3.13ms
[2025-05-21T08:25:50.271+0000][73][info ][gc,phases   ] GC(17)   Other: 5.33ms
[2025-05-21T08:25:50.272+0000][73][trace][gc,age      ] GC(17) Age table with threshold 15 (max threshold 15)
[2025-05-21T08:25:50.275+0000][73][trace][gc,age      ] GC(17) - age   1:    4457184 bytes,    4457184 total
[2025-05-21T08:25:50.279+0000][73][trace][gc,age      ] GC(17) - age   2:    1457256 bytes,    5914440 total
[2025-05-21T08:25:50.280+0000][73][trace][gc,age      ] GC(17) - age   3:    3817272 bytes,    9731712 total
[2025-05-21T08:25:50.281+0000][73][trace][gc,age      ] GC(17) - age   4:    1999760 bytes,   11731472 total
[2025-05-21T08:25:50.281+0000][73][trace][gc,age      ] GC(17) - age   5:     296832 bytes,   12028304 total
[2025-05-21T08:25:50.281+0000][73][info ][gc,heap     ] GC(17) Eden regions: 62->0(63)
[2025-05-21T08:25:50.282+0000][73][info ][gc,heap     ] GC(17) Survivor regions: 3->4(9)
[2025-05-21T08:25:50.282+0000][73][info ][gc,heap     ] GC(17) Old regions: 28->28
[2025-05-21T08:25:50.282+0000][73][info ][gc,heap     ] GC(17) Humongous regions: 0->0
[2025-05-21T08:25:50.283+0000][73][info ][gc,metaspace] GC(17) Metaspace: 143814K(147840K)->143814K(147840K) NonClass: 123933K(126144K)->123933K(126144K) Class: 19880K(21696K)->19880K(21696K)
[2025-05-21T08:25:50.283+0000][73][info ][gc          ] GC(17) Pause Young (Prepare Mixed) (G1 Evacuation Pause) 367M->123M(3880M) 78.191ms
[2025-05-21T08:25:50.284+0000][73][info ][gc,cpu      ] GC(17) User=0.48s Sys=0.00s Real=0.08s
[2025-05-21T08:25:50.291+0000][73][info ][safepoint   ] Safepoint "G1CollectForAllocation", Time since last: 102851105 ns, Reaching safepoint: 702555 ns, Cleanup: 59615 ns, At safepoint: 85627779 ns, Total: 86389949 ns
[2025-05-21T08:25:51.418+0000][73][info ][safepoint   ] Safepoint "Cleanup", Time since last: 1127479308 ns, Reaching safepoint: 30852 ns, Cleanup: 260630 ns, At safepoint: 69203 ns, Total: 360685 ns
[2025-05-21T08:25:52.420+0000][73][info ][safepoint   ] Safepoint "Cleanup", Time since last: 1001273645 ns, Reaching safepoint: 33088 ns, Cleanup: 46042 ns, At safepoint: 17717 ns, Total: 96847 ns
[2025-05-21T08:25:53.457+0000][73][info ][safepoint   ] Safepoint "Cleanup", Time since last: 1037290748 ns, Reaching safepoint: 12662 ns, Cleanup: 179950 ns, At safepoint: 75941 ns, Total: 268553 ns
[2025-05-21T08:25:54.460+0000][73][info ][safepoint   ] Safepoint "Cleanup", Time since last: 1005161659 ns, Reaching safepoint: 35469 ns, Cleanup: 29743 ns, At safepoint: 19304 ns, Total: 84516 ns
[2025-05-21T08:25:55.460+0000][73][info ][safepoint   ] Safepoint "Cleanup", Time since last: 1000583029 ns, Reaching safepoint: 30698 ns, Cleanup: 17075 ns, At safepoint: 16207 ns, Total: 63980 ns
[2025-05-21T08:25:56.461+0000][73][info ][safepoint   ] Safepoint "Cleanup", Time since last: 1000550771 ns, Reaching safepoint: 19776 ns, Cleanup: 21892 ns, At safepoint: 9377 ns, Total: 51045 ns
[2025-05-21T08:25:58.806+0000][73][info ][safepoint   ] Safepoint "Cleanup", Time since last: 2344888807 ns, Reaching safepoint: 15572 ns, Cleanup: 28539 ns, At safepoint: 40144 ns, Total: 84255 ns
[2025-05-21T08:26:00.770+0000][73][info ][safepoint   ] Safepoint "Cleanup", Time since last: 1964161859 ns, Reaching safepoint: 34480 ns, Cleanup: 45678 ns, At safepoint: 19661 ns, Total: 99819 ns
[2025-05-21T08:26:01.821+0000][73][info ][safepoint   ] Safepoint "Cleanup", Time since last: 1050160316 ns, Reaching safepoint: 11879 ns, Cleanup: 24338 ns, At safepoint: 46394 ns, Total: 82611 ns
[2025-05-21T08:26:03.792+0000][73][info ][safepoint   ] Safepoint "Cleanup", Time since last: 1970978234 ns, Reaching safepoint: 20216 ns, Cleanup: 45132 ns, At safepoint: 9960 ns, Total: 75308 ns
[2025-05-21T08:26:04.793+0000][73][info ][safepoint   ] Safepoint "Cleanup", Time since last: 1001346218 ns, Reaching safepoint: 32800 ns, Cleanup: 20783 ns, At safepoint: 129870 ns, Total: 183453 ns
[2025-05-21T08:26:05.794+0000][73][info ][safepoint   ] Safepoint "Cleanup", Time since last: 1000549068 ns, Reaching safepoint: 21157 ns, Cleanup: 15599 ns, At safepoint: 9434 ns, Total: 46190 ns
[2025-05-21T08:26:06.795+0000][73][info ][safepoint   ] Safepoint "Cleanup", Time since last: 1000862841 ns, Reaching safepoint: 32871 ns, Cleanup: 20759 ns, At safepoint: 17858 ns, Total: 71488 ns
[2025-05-21T08:26:07.796+0000][73][info ][safepoint   ] Safepoint "Cleanup", Time since last: 1000898487 ns, Reaching safepoint: 18528 ns, Cleanup: 15253 ns, At safepoint: 26454 ns, Total: 60235 ns
[2025-05-21T08:26:08.816+0000][73][info ][safepoint   ] Safepoint "Cleanup", Time since last: 1020320959 ns, Reaching safepoint: 14115 ns, Cleanup: 39877 ns, At safepoint: 83210 ns, Total: 137202 ns
[2025-05-21T08:26:10.495+0000][73][info ][safepoint   ] Safepoint "Cleanup", Time since last: 1678540831 ns, Reaching safepoint: 33001 ns, Cleanup: 25623 ns, At safepoint: 9382 ns, Total: 68006 ns
[2025-05-21T08:26:11.495+0000][73][info ][safepoint   ] Safepoint "Cleanup", Time since last: 1000575448 ns, Reaching safepoint: 19664 ns, Cleanup: 47037 ns, At safepoint: 9703 ns, Total: 76404 ns
[2025-05-21T08:26:12.496+0000][73][info ][safepoint   ] Safepoint "Cleanup", Time since last: 1000587032 ns, Reaching safepoint: 59699 ns, Cleanup: 17918 ns, At safepoint: 12326 ns, Total: 89943 ns
[2025-05-21T08:26:14.497+0000][73][info ][safepoint   ] Safepoint "Cleanup", Time since last: 2000734032 ns, Reaching safepoint: 19637 ns, Cleanup: 19424 ns, At safepoint: 8158 ns, Total: 47219 ns
[2025-05-21T08:26:16.498+0000][73][info ][safepoint   ] Safepoint "Cleanup", Time since last: 2000792835 ns, Reaching safepoint: 127294 ns, Cleanup: 19104 ns, At safepoint: 23280 ns, Total: 169678 ns
[2025-05-21T08:26:17.499+0000][73][info ][safepoint   ] Safepoint "Cleanup", Time since last: 1000760908 ns, Reaching safepoint: 195296 ns, Cleanup: 30899 ns, At safepoint: 23045 ns, Total: 249240 ns
[2025-05-21T08:26:19.500+0000][73][info ][safepoint   ] Safepoint "Cleanup", Time since last: 2000846698 ns, Reaching safepoint: 171067 ns, Cleanup: 31522 ns, At safepoint: 16867 ns, Total: 219456 ns
[2025-05-21T08:26:20.501+0000][73][info ][safepoint   ] Safepoint "Cleanup", Time since last: 1001143716 ns, Reaching safepoint: 75700 ns, Cleanup: 20216 ns, At safepoint: 13897 ns, Total: 109813 ns
[2025-05-21T08:26:22.502+0000][73][info ][safepoint   ] Safepoint "Cleanup", Time since last: 2000694238 ns, Reaching safepoint: 20884 ns, Cleanup: 14723 ns, At safepoint: 23424 ns, Total: 59031 ns
[2025-05-21T08:26:23.502+0000][73][info ][safepoint   ] Safepoint "Cleanup", Time since last: 1000605120 ns, Reaching safepoint: 22977 ns, Cleanup: 17385 ns, At safepoint: 10089 ns, Total: 50451 ns
[2025-05-21T08:26:24.501+0000][73][info ][safepoint   ] Safepoint "Cleanup", Time since last: 1000667799 ns, Reaching safepoint: 31227 ns, Cleanup: 20526 ns, At safepoint: 15496 ns, Total: 67249 ns
[2025-05-21T08:26:29.502+0000][73][info ][safepoint   ] Safepoint "Cleanup", Time since last: 5001211731 ns, Reaching safepoint: 74830 ns, Cleanup: 20790 ns, At safepoint: 16800 ns, Total: 112420 ns
[2025-05-21T08:26:30.503+0000][73][info ][safepoint   ] Safepoint "Cleanup", Time since last: 1000616196 ns, Reaching safepoint: 19302 ns, Cleanup: 15543 ns, At safepoint: 8797 ns, Total: 43642 ns
[2025-05-21T08:26:32.504+0000][73][info ][safepoint   ] Safepoint "Cleanup", Time since last: 2000848002 ns, Reaching safepoint: 19122 ns, Cleanup: 15949 ns, At safepoint: 26129 ns, Total: 61200 ns
[2025-05-21T08:26:35.506+0000][73][info ][safepoint   ] Safepoint "Cleanup", Time since last: 3001933262 ns, Reaching safepoint: 36759 ns, Cleanup: 26674 ns, At safepoint: 20173 ns, Total: 83606 ns
[2025-05-21T08:26:36.506+0000][73][info ][safepoint   ] Safepoint "Cleanup", Time since last: 1000570068 ns, Reaching safepoint: 19026 ns, Cleanup: 14181 ns, At safepoint: 9087 ns, Total: 42294 ns
[2025-05-21T08:26:38.507+0000][73][info ][safepoint   ] Safepoint "Cleanup", Time since last: 2000768275 ns, Reaching safepoint: 37755 ns, Cleanup: 26589 ns, At safepoint: 18976 ns, Total: 83320 ns
[2025-05-21T08:26:39.508+0000][73][info ][safepoint   ] Safepoint "Cleanup", Time since last: 1000679213 ns, Reaching safepoint: 33399 ns, Cleanup: 23890 ns, At safepoint: 18291 ns, Total: 75580 ns
[2025-05-21T08:26:44.509+0000][73][info ][safepoint   ] Safepoint "Cleanup", Time since last: 5001275438 ns, Reaching safepoint: 73114 ns, Cleanup: 21360 ns, At safepoint: 18447 ns, Total: 112921 ns
[2025-05-21T08:26:45.510+0000][73][info ][safepoint   ] Safepoint "Cleanup", Time since last: 1000834921 ns, Reaching safepoint: 28773 ns, Cleanup: 25928 ns, At safepoint: 12710 ns, Total: 67411 ns
[2025-05-21T08:26:50.512+0000][73][info ][safepoint   ] Safepoint "Cleanup", Time since last: 5001215787 ns, Reaching safepoint: 27266 ns, Cleanup: 16924 ns, At safepoint: 13984 ns, Total: 58174 ns
[2025-05-21T08:26:52.513+0000][73][info ][safepoint   ] Safepoint "Cleanup", Time since last: 2001260136 ns, Reaching safepoint: 19435 ns, Cleanup: 36364 ns, At safepoint: 10286 ns, Total: 66085 ns
[2025-05-21T08:26:54.512+0000][73][info ][safepoint   ] Safepoint "Cleanup", Time since last: 2001190889 ns, Reaching safepoint: 111910 ns, Cleanup: 27001 ns, At safepoint: 14754 ns, Total: 153665 ns
[2025-05-21T08:26:55.513+0000][73][info ][safepoint   ] Safepoint "Cleanup", Time since last: 1000692496 ns, Reaching safepoint: 29576 ns, Cleanup: 19779 ns, At safepoint: 14021 ns, Total: 63376 ns
[2025-05-21T08:26:56.518+0000][73][info ][safepoint   ] Safepoint "Cleanup", Time since last: 1004802086 ns, Reaching safepoint: 26190 ns, Cleanup: 16265 ns, At safepoint: 11759 ns, Total: 54214 ns
[2025-05-21T08:26:58.519+0000][73][info ][safepoint   ] Safepoint "Cleanup", Time since last: 2000689110 ns, Reaching safepoint: 91125 ns, Cleanup: 33586 ns, At safepoint: 11822 ns, Total: 136533 ns
[2025-05-21T08:26:59.522+0000][73][info ][safepoint   ] Safepoint "Cleanup", Time since last: 1003629288 ns, Reaching safepoint: 19884 ns, Cleanup: 24855 ns, At safepoint: 10339 ns, Total: 55078 ns
[2025-05-21T08:27:04.132+0000][73][info ][safepoint   ] Safepoint "Cleanup", Time since last: 4609310581 ns, Reaching safepoint: 84197 ns, Cleanup: 17426 ns, At safepoint: 14099 ns, Total: 115722 ns
[2025-05-21T08:27:08.136+0000][73][info ][safepoint   ] Safepoint "Cleanup", Time since last: 4003610242 ns, Reaching safepoint: 21518 ns, Cleanup: 14328 ns, At safepoint: 9326 ns, Total: 45172 ns
[2025-05-21T08:27:09.136+0000][73][info ][safepoint   ] Safepoint "Cleanup", Time since last: 1000608204 ns, Reaching safepoint: 21180 ns, Cleanup: 22194 ns, At safepoint: 9063 ns, Total: 52437 ns
[2025-05-21T08:27:10.137+0000][73][info ][safepoint   ] Safepoint "Cleanup", Time since last: 1000623983 ns, Reaching safepoint: 32733 ns, Cleanup: 16834 ns, At safepoint: 17261 ns, Total: 66828 ns
[2025-05-21T08:27:11.870+0000][73][info ][safepoint   ] Safepoint "Cleanup", Time since last: 1732469243 ns, Reaching safepoint: 10102 ns, Cleanup: 101900 ns, At safepoint: 18133 ns, Total: 130135 ns
[2025-05-21T08:27:12.896+0000][73][info ][safepoint   ] Safepoint "Cleanup", Time since last: 1025959285 ns, Reaching safepoint: 114191 ns, Cleanup: 23863 ns, At safepoint: 21625 ns, Total: 159679 ns
[2025-05-21T08:27:13.897+0000][73][info ][safepoint   ] Safepoint "Cleanup", Time since last: 1000798540 ns, Reaching safepoint: 53847 ns, Cleanup: 86181 ns, At safepoint: 40122 ns, Total: 180150 ns
[2025-05-21T08:27:15.898+0000][73][info ][safepoint   ] Safepoint "Cleanup", Time since last: 2001311691 ns, Reaching safepoint: 19760 ns, Cleanup: 12850 ns, At safepoint: 9604 ns, Total: 42214 ns
[2025-05-21T08:27:16.899+0000][73][info ][safepoint   ] Safepoint "Cleanup", Time since last: 1001051274 ns, Reaching safepoint: 25722 ns, Cleanup: 27213 ns, At safepoint: 13699 ns, Total: 66634 ns
[2025-05-21T08:27:17.900+0000][73][info ][safepoint   ] Safepoint "Cleanup", Time since last: 1000783718 ns, Reaching safepoint: 36051 ns, Cleanup: 42317 ns, At safepoint: 120809 ns, Total: 199177 ns
[2025-05-21T08:27:18.901+0000][73][info ][safepoint   ] Safepoint "Cleanup", Time since last: 1000794323 ns, Reaching safepoint: 19995 ns, Cleanup: 18167 ns, At safepoint: 9258 ns, Total: 47420 ns
[2025-05-21T08:27:19.902+0000][73][info ][safepoint   ] Safepoint "Cleanup", Time since last: 1000631599 ns, Reaching safepoint: 18595 ns, Cleanup: 13432 ns, At safepoint: 9181 ns, Total: 41208 ns
[2025-05-21T08:27:22.903+0000][73][info ][safepoint   ] Safepoint "Cleanup", Time since last: 3001543904 ns, Reaching safepoint: 36421 ns, Cleanup: 32074 ns, At safepoint: 17398 ns, Total: 85893 ns
[2025-05-21T08:27:25.902+0000][73][info ][safepoint   ] Safepoint "Cleanup", Time since last: 3001294073 ns, Reaching safepoint: 33887 ns, Cleanup: 23326 ns, At safepoint: 15972 ns, Total: 73185 ns
[2025-05-21T08:27:28.903+0000][73][info ][safepoint   ] Safepoint "Cleanup", Time since last: 3001158219 ns, Reaching safepoint: 47740 ns, Cleanup: 14953 ns, At safepoint: 7977 ns, Total: 70670 ns
[2025-05-21T08:27:31.904+0000][73][info ][safepoint   ] Safepoint "Cleanup", Time since last: 3001055245 ns, Reaching safepoint: 34202 ns, Cleanup: 17379 ns, At safepoint: 18727 ns, Total: 70308 ns
[2025-05-21T08:27:32.905+0000][73][info ][safepoint   ] Safepoint "Cleanup", Time since last: 1000634863 ns, Reaching safepoint: 19118 ns, Cleanup: 21002 ns, At safepoint: 9120 ns, Total: 49240 ns
[2025-05-21T08:27:33.905+0000][73][info ][safepoint   ] Safepoint "Cleanup", Time since last: 1000686047 ns, Reaching safepoint: 20439 ns, Cleanup: 18922 ns, At safepoint: 9196 ns, Total: 48557 ns
[2025-05-21T08:27:34.906+0000][73][info ][safepoint   ] Safepoint "Cleanup", Time since last: 1000929535 ns, Reaching safepoint: 33179 ns, Cleanup: 20078 ns, At safepoint: 17222 ns, Total: 70479 ns
[2025-05-21T08:27:37.908+0000][73][info ][safepoint   ] Safepoint "Cleanup", Time since last: 3000992410 ns, Reaching safepoint: 33752 ns, Cleanup: 18866 ns, At safepoint: 18824 ns, Total: 71442 ns
[2025-05-21T08:27:38.908+0000][73][info ][safepoint   ] Safepoint "Cleanup", Time since last: 1000768673 ns, Reaching safepoint: 33368 ns, Cleanup: 24412 ns, At safepoint: 16496 ns, Total: 74276 ns
[2025-05-21T08:27:40.910+0000][73][info ][safepoint   ] Safepoint "Cleanup", Time since last: 2001771606 ns, Reaching safepoint: 36128 ns, Cleanup: 27466 ns, At safepoint: 18497 ns, Total: 82091 ns
[2025-05-21T08:27:42.911+0000][73][info ][safepoint   ] Safepoint "Cleanup", Time since last: 2001117265 ns, Reaching safepoint: 33256 ns, Cleanup: 19351 ns, At safepoint: 19110 ns, Total: 71717 ns
[2025-05-21T08:27:43.913+0000][73][info ][safepoint   ] Safepoint "Cleanup", Time since last: 1001352289 ns, Reaching safepoint: 80078 ns, Cleanup: 22237 ns, At safepoint: 11991 ns, Total: 114306 ns
[2025-05-21T08:27:48.914+0000][73][info ][safepoint   ] Safepoint "Cleanup", Time since last: 5001347560 ns, Reaching safepoint: 26126 ns, Cleanup: 15913 ns, At safepoint: 11745 ns, Total: 53784 ns
[2025-05-21T08:27:49.915+0000][73][info ][safepoint   ] Safepoint "Cleanup", Time since last: 1001054212 ns, Reaching safepoint: 27025 ns, Cleanup: 16250 ns, At safepoint: 12185 ns, Total: 55460 ns
[2025-05-21T08:27:51.916+0000][73][info ][safepoint   ] Safepoint "Cleanup", Time since last: 2000830127 ns, Reaching safepoint: 17105 ns, Cleanup: 10710 ns, At safepoint: 36302 ns, Total: 64117 ns
[2025-05-21T08:27:54.916+0000][73][info ][safepoint   ] Safepoint "Cleanup", Time since last: 3001070593 ns, Reaching safepoint: 21782 ns, Cleanup: 14261 ns, At safepoint: 26597 ns, Total: 62640 ns
[2025-05-21T08:27:55.917+0000][73][info ][safepoint   ] Safepoint "Cleanup", Time since last: 1000871145 ns, Reaching safepoint: 35640 ns, Cleanup: 18724 ns, At safepoint: 16427 ns, Total: 70791 ns
[2025-05-21T08:28:05.167+0000][73][info ][safepoint   ] Safepoint "Cleanup", Time since last: 9250318199 ns, Reaching safepoint: 21860 ns, Cleanup: 16167 ns, At safepoint: 9402 ns, Total: 47429 ns
[2025-05-21T08:28:08.168+0000][73][info ][safepoint   ] Safepoint "Cleanup", Time since last: 3000894189 ns, Reaching safepoint: 35857 ns, Cleanup: 17307 ns, At safepoint: 16089 ns, Total: 69253 ns
[2025-05-21T08:28:09.169+0000][73][info ][safepoint   ] Safepoint "Cleanup", Time since last: 1001046950 ns, Reaching safepoint: 30577 ns, Cleanup: 20704 ns, At safepoint: 16314 ns, Total: 67595 ns
[2025-05-21T08:28:11.170+0000][73][info ][safepoint   ] Safepoint "Cleanup", Time since last: 2000851781 ns, Reaching safepoint: 82452 ns, Cleanup: 24397 ns, At safepoint: 19045 ns, Total: 125894 ns
[2025-05-21T08:28:13.172+0000][73][info ][safepoint   ] Safepoint "Cleanup", Time since last: 2002036737 ns, Reaching safepoint: 35177 ns, Cleanup: 17430 ns, At safepoint: 17863 ns, Total: 70470 ns
[2025-05-21T08:28:14.876+0000][73][info ][safepoint   ] Safepoint "Cleanup", Time since last: 1703553249 ns, Reaching safepoint: 78469 ns, Cleanup: 80235 ns, At safepoint: 20713 ns, Total: 179417 ns
[2025-05-21T08:28:15.954+0000][73][info ][safepoint   ] Safepoint "Cleanup", Time since last: 1077780672 ns, Reaching safepoint: 132025 ns, Cleanup: 30994 ns, At safepoint: 20839 ns, Total: 183858 ns
[2025-05-21T08:28:16.955+0000][73][info ][safepoint   ] Safepoint "Cleanup", Time since last: 1000787538 ns, Reaching safepoint: 28015 ns, Cleanup: 19347 ns, At safepoint: 14753 ns, Total: 62115 ns
[2025-05-21T08:28:17.956+0000][73][info ][safepoint   ] Safepoint "Cleanup", Time since last: 1000844212 ns, Reaching safepoint: 128786 ns, Cleanup: 19467 ns, At safepoint: 22549 ns, Total: 170802 ns
[2025-05-21T08:28:21.957+0000][73][info ][safepoint   ] Safepoint "Cleanup", Time since last: 4001511159 ns, Reaching safepoint: 31766 ns, Cleanup: 18736 ns, At safepoint: 12723 ns, Total: 63225 ns
[2025-05-21T08:28:22.958+0000][73][info ][safepoint   ] Safepoint "Cleanup", Time since last: 1000563325 ns, Reaching safepoint: 27609 ns, Cleanup: 20426 ns, At safepoint: 11203 ns, Total: 59238 ns
[2025-05-21T08:28:28.957+0000][73][info ][safepoint   ] Safepoint "Cleanup", Time since last: 6001481079 ns, Reaching safepoint: 31878 ns, Cleanup: 17412 ns, At safepoint: 16868 ns, Total: 66158 ns
[2025-05-21T08:28:31.958+0000][73][info ][safepoint   ] Safepoint "Cleanup", Time since last: 3001057938 ns, Reaching safepoint: 77903 ns, Cleanup: 18972 ns, At safepoint: 18716 ns, Total: 115591 ns
[2025-05-21T08:28:32.960+0000][73][info ][safepoint   ] Safepoint "Cleanup", Time since last: 1001612314 ns, Reaching safepoint: 70384 ns, Cleanup: 15587 ns, At safepoint: 10250 ns, Total: 96221 ns
[2025-05-21T08:28:37.962+0000][73][info ][safepoint   ] Safepoint "Cleanup", Time since last: 5001255849 ns, Reaching safepoint: 64192 ns, Cleanup: 15177 ns, At safepoint: 11266 ns, Total: 90635 ns
[2025-05-21T08:28:38.962+0000][73][info ][safepoint   ] Safepoint "Cleanup", Time since last: 1000617904 ns, Reaching safepoint: 37515 ns, Cleanup: 19382 ns, At safepoint: 19930 ns, Total: 76827 ns
[2025-05-21T08:28:40.963+0000][73][info ][safepoint   ] Safepoint "Cleanup", Time since last: 2000738902 ns, Reaching safepoint: 72807 ns, Cleanup: 14706 ns, At safepoint: 9780 ns, Total: 97293 ns
[2025-05-21T08:28:43.964+0000][73][info ][safepoint   ] Safepoint "Cleanup", Time since last: 3001024548 ns, Reaching safepoint: 80813 ns, Cleanup: 20397 ns, At safepoint: 18973 ns, Total: 120183 ns
[2025-05-21T08:28:44.965+0000][73][info ][safepoint   ] Safepoint "Cleanup", Time since last: 1000728293 ns, Reaching safepoint: 25477 ns, Cleanup: 17429 ns, At safepoint: 9690 ns, Total: 52596 ns
[2025-05-21T08:28:48.966+0000][73][info ][safepoint   ] Safepoint "Cleanup", Time since last: 4001176086 ns, Reaching safepoint: 37555 ns, Cleanup: 16823 ns, At safepoint: 9880 ns, Total: 64258 ns
[2025-05-21T08:28:49.967+0000][73][info ][safepoint   ] Safepoint "Cleanup", Time since last: 1000682506 ns, Reaching safepoint: 36134 ns, Cleanup: 17447 ns, At safepoint: 18057 ns, Total: 71638 ns
[2025-05-21T08:28:51.968+0000][73][info ][safepoint   ] Safepoint "Cleanup", Time since last: 2000775018 ns, Reaching safepoint: 29231 ns, Cleanup: 41971 ns, At safepoint: 13404 ns, Total: 84606 ns
[2025-05-21T08:28:54.966+0000][73][info ][safepoint   ] Safepoint "Cleanup", Time since last: 3000976489 ns, Reaching safepoint: 36981 ns, Cleanup: 19745 ns, At safepoint: 18350 ns, Total: 75076 ns
[2025-05-21T08:29:01.968+0000][73][info ][safepoint   ] Safepoint "Cleanup", Time since last: 7001580938 ns, Reaching safepoint: 59301 ns, Cleanup: 17455 ns, At safepoint: 11702 ns, Total: 88458 ns
[2025-05-21T08:29:03.196+0000][73][info ][safepoint   ] Safepoint "Cleanup", Time since last: 1228749393 ns, Reaching safepoint: 19852 ns, Cleanup: 15793 ns, At safepoint: 9216 ns, Total: 44861 ns
[2025-05-21T08:29:08.198+0000][73][info ][safepoint   ] Safepoint "Cleanup", Time since last: 5001216966 ns, Reaching safepoint: 133661 ns, Cleanup: 19508 ns, At safepoint: 22418 ns, Total: 175587 ns
[2025-05-21T08:29:09.199+0000][73][info ][safepoint   ] Safepoint "Cleanup", Time since last: 1000682893 ns, Reaching safepoint: 27677 ns, Cleanup: 19495 ns, At safepoint: 13507 ns, Total: 60679 ns
[2025-05-21T08:29:11.200+0000][73][info ][safepoint   ] Safepoint "Cleanup", Time since last: 2000848666 ns, Reaching safepoint: 33736 ns, Cleanup: 17078 ns, At safepoint: 17311 ns, Total: 68125 ns
[2025-05-21T08:29:14.201+0000][73][info ][safepoint   ] Safepoint "Cleanup", Time since last: 3000962957 ns, Reaching safepoint: 20756 ns, Cleanup: 16388 ns, At safepoint: 8825 ns, Total: 45969 ns
[2025-05-21T08:29:15.202+0000][73][info ][safepoint   ] Safepoint "Cleanup", Time since last: 1001563624 ns, Reaching safepoint: 33370 ns, Cleanup: 16812 ns, At safepoint: 17303 ns, Total: 67485 ns
[2025-05-21T08:29:16.808+0000][73][info ][safepoint   ] Safepoint "Cleanup", Time since last: 1605341996 ns, Reaching safepoint: 6780 ns, Cleanup: 12329 ns, At safepoint: 3691 ns, Total: 22800 ns
[2025-05-21T08:29:17.996+0000][73][info ][safepoint   ] Safepoint "Cleanup", Time since last: 1188231363 ns, Reaching safepoint: 27863 ns, Cleanup: 44596 ns, At safepoint: 12819 ns, Total: 85278 ns
[2025-05-21T08:29:19.011+0000][73][info ][safepoint   ] Safepoint "Cleanup", Time since last: 1014612154 ns, Reaching safepoint: 23658 ns, Cleanup: 15983 ns, At safepoint: 10564 ns, Total: 50205 ns
[2025-05-21T08:29:20.011+0000][73][info ][safepoint   ] Safepoint "Cleanup", Time since last: 1000630776 ns, Reaching safepoint: 19086 ns, Cleanup: 14628 ns, At safepoint: 9591 ns, Total: 43305 ns
[2025-05-21T08:29:23.014+0000][73][info ][safepoint   ] Safepoint "Cleanup", Time since last: 3002677090 ns, Reaching safepoint: 139984 ns, Cleanup: 21199 ns, At safepoint: 14869 ns, Total: 176052 ns
[2025-05-21T08:29:24.012+0000][73][info ][safepoint   ] Safepoint "Cleanup", Time since last: 1000649418 ns, Reaching safepoint: 89706 ns, Cleanup: 23781 ns, At safepoint: 17191 ns, Total: 130678 ns
[2025-05-21T08:29:26.013+0000][73][info ][safepoint   ] Safepoint "Cleanup", Time since last: 2000908840 ns, Reaching safepoint: 86272 ns, Cleanup: 31868 ns, At safepoint: 33716 ns, Total: 151856 ns
[2025-05-21T08:29:29.015+0000][73][info ][safepoint   ] Safepoint "Cleanup", Time since last: 3001211029 ns, Reaching safepoint: 38651 ns, Cleanup: 26515 ns, At safepoint: 20609 ns, Total: 85775 ns
[2025-05-21T08:29:30.016+0000][73][info ][safepoint   ] Safepoint "Cleanup", Time since last: 1000973605 ns, Reaching safepoint: 38108 ns, Cleanup: 123801 ns, At safepoint: 25697 ns, Total: 187606 ns
[2025-05-21T08:29:32.020+0000][73][info ][safepoint   ] Safepoint "Cleanup", Time since last: 2003544602 ns, Reaching safepoint: 59357 ns, Cleanup: 20197 ns, At safepoint: 11853 ns, Total: 91407 ns
[2025-05-21T08:29:34.035+0000][73][info ][safepoint   ] Safepoint "Cleanup", Time since last: 2015272754 ns, Reaching safepoint: 31432 ns, Cleanup: 18322 ns, At safepoint: 17482 ns, Total: 67236 ns
[2025-05-21T08:29:35.036+0000][73][info ][safepoint   ] Safepoint "Cleanup", Time since last: 1000644015 ns, Reaching safepoint: 25735 ns, Cleanup: 17180 ns, At safepoint: 12495 ns, Total: 55410 ns
[2025-05-21T08:29:38.037+0000][73][info ][safepoint   ] Safepoint "Cleanup", Time since last: 3001683458 ns, Reaching safepoint: 30934 ns, Cleanup: 20507 ns, At safepoint: 18312 ns, Total: 69753 ns
[2025-05-21T08:29:39.038+0000][73][info ][safepoint   ] Safepoint "Cleanup", Time since last: 1000672045 ns, Reaching safepoint: 18804 ns, Cleanup: 15497 ns, At safepoint: 8695 ns, Total: 42996 ns
[2025-05-21T08:29:44.039+0000][73][info ][safepoint   ] Safepoint "Cleanup", Time since last: 5001336991 ns, Reaching safepoint: 37149 ns, Cleanup: 26370 ns, At safepoint: 20344 ns, Total: 83863 ns
[2025-05-21T08:29:45.040+0000][73][info ][safepoint   ] Safepoint "Cleanup", Time since last: 1000974944 ns, Reaching safepoint: 18888 ns, Cleanup: 13523 ns, At safepoint: 9017 ns, Total: 41428 ns
[2025-05-21T08:29:50.042+0000][73][info ][safepoint   ] Safepoint "Cleanup", Time since last: 5001885285 ns, Reaching safepoint: 59387 ns, Cleanup: 20536 ns, At safepoint: 11807 ns, Total: 91730 ns
[2025-05-21T08:29:52.044+0000][73][info ][safepoint   ] Safepoint "Cleanup", Time since last: 2001348702 ns, Reaching safepoint: 31262 ns, Cleanup: 27807 ns, At safepoint: 16079 ns, Total: 75148 ns
[2025-05-21T08:29:53.045+0000][73][info ][safepoint   ] Safepoint "Cleanup", Time since last: 1000713299 ns, Reaching safepoint: 30706 ns, Cleanup: 16287 ns, At safepoint: 16922 ns, Total: 63915 ns
[2025-05-21T08:29:54.043+0000][73][info ][safepoint   ] Safepoint "Cleanup", Time since last: 1000610520 ns, Reaching safepoint: 19292 ns, Cleanup: 17165 ns, At safepoint: 9060 ns, Total: 45517 ns
[2025-05-21T08:29:55.045+0000][73][info ][safepoint   ] Safepoint "Cleanup", Time since last: 1001723280 ns, Reaching safepoint: 31441 ns, Cleanup: 15948 ns, At safepoint: 16882 ns, Total: 64271 ns
[2025-05-21T08:30:02.047+0000][73][info ][safepoint   ] Safepoint "Cleanup", Time since last: 7002131050 ns, Reaching safepoint: 114815 ns, Cleanup: 38867 ns, At safepoint: 26937 ns, Total: 180619 ns
[2025-05-21T08:30:02.377+0000][73][info ][gc,start    ] GC(18) Pause Young (Mixed) (G1 Evacuation Pause)
[2025-05-21T08:30:02.378+0000][73][info ][gc,task     ] GC(18) Using 10 workers of 10 for evacuation
[2025-05-21T08:30:02.378+0000][73][debug][gc,age      ] GC(18) Desired survivor size 18874368 bytes, new threshold 15 (max threshold 15)
[2025-05-21T08:30:02.483+0000][73][info ][gc,phases   ] GC(18)   Pre Evacuate Collection Set: 5.29ms
[2025-05-21T08:30:02.485+0000][73][info ][gc,phases   ] GC(18)   Merge Heap Roots: 1.33ms
[2025-05-21T08:30:02.486+0000][73][info ][gc,phases   ] GC(18)   Evacuate Collection Set: 94.08ms
[2025-05-21T08:30:02.489+0000][73][info ][gc,phases   ] GC(18)   Post Evacuate Collection Set: 3.79ms
[2025-05-21T08:30:02.490+0000][73][info ][gc,phases   ] GC(18)   Other: 1.16ms
[2025-05-21T08:30:02.492+0000][73][trace][gc,age      ] GC(18) Age table with threshold 15 (max threshold 15)
[2025-05-21T08:30:02.495+0000][73][trace][gc,age      ] GC(18) - age   1:    2427440 bytes,    2427440 total
[2025-05-21T08:30:02.496+0000][73][trace][gc,age      ] GC(18) - age   2:     812968 bytes,    3240408 total
[2025-05-21T08:30:02.498+0000][73][trace][gc,age      ] GC(18) - age   3:    1355688 bytes,    4596096 total
[2025-05-21T08:30:02.501+0000][73][trace][gc,age      ] GC(18) - age   4:    3737360 bytes,    8333456 total
[2025-05-21T08:30:02.502+0000][73][trace][gc,age      ] GC(18) - age   5:    1847576 bytes,   10181032 total
[2025-05-21T08:30:02.505+0000][73][trace][gc,age      ] GC(18) - age   6:     296560 bytes,   10477592 total
[2025-05-21T08:30:02.506+0000][73][info ][gc,heap     ] GC(18) Eden regions: 64->0(96)
[2025-05-21T08:30:02.508+0000][73][info ][gc,heap     ] GC(18) Survivor regions: 4->3(9)
[2025-05-21T08:30:02.512+0000][73][info ][gc,heap     ] GC(18) Old regions: 28->28
[2025-05-21T08:30:02.514+0000][73][info ][gc,heap     ] GC(18) Humongous regions: 0->0
[2025-05-21T08:30:02.515+0000][73][info ][gc,metaspace] GC(18) Metaspace: 145593K(149568K)->145593K(149568K) NonClass: 125516K(127680K)->125516K(127680K) Class: 20077K(21888K)->20077K(21888K)
[2025-05-21T08:30:02.515+0000][73][info ][gc          ] GC(18) Pause Young (Mixed) (G1 Evacuation Pause) 379M->118M(3880M) 138.297ms
[2025-05-21T08:30:02.516+0000][73][info ][gc,cpu      ] GC(18) User=0.57s Sys=0.12s Real=0.14s
[2025-05-21T08:30:02.517+0000][73][info ][safepoint   ] Safepoint "G1CollectForAllocation", Time since last: 328050903 ns, Reaching safepoint: 32970 ns, Cleanup: 71081 ns, At safepoint: 141508403 ns, Total: 141612454 ns
[2025-05-21T08:30:03.522+0000][73][info ][safepoint   ] Safepoint "Cleanup", Time since last: 1004692541 ns, Reaching safepoint: 31180 ns, Cleanup: 17166 ns, At safepoint: 16419 ns, Total: 64765 ns
[2025-05-21T08:30:05.523+0000][73][info ][safepoint   ] Safepoint "Cleanup", Time since last: 2001347569 ns, Reaching safepoint: 31735 ns, Cleanup: 19481 ns, At safepoint: 16487 ns, Total: 67703 ns
[2025-05-21T08:30:09.524+0000][73][info ][safepoint   ] Safepoint "Cleanup", Time since last: 4001144635 ns, Reaching safepoint: 29962 ns, Cleanup: 15174 ns, At safepoint: 11761 ns, Total: 56897 ns
[2025-05-21T08:30:12.526+0000][73][info ][safepoint   ] Safepoint "Cleanup", Time since last: 3001812837 ns, Reaching safepoint: 101397 ns, Cleanup: 20733 ns, At safepoint: 78638 ns, Total: 200768 ns
[2025-05-21T08:30:13.527+0000][73][info ][safepoint   ] Safepoint "Cleanup", Time since last: 1000720700 ns, Reaching safepoint: 25964 ns, Cleanup: 15179 ns, At safepoint: 10033 ns, Total: 51176 ns
[2025-05-21T08:30:15.537+0000][73][info ][safepoint   ] Safepoint "Cleanup", Time since last: 2009435294 ns, Reaching safepoint: 73831 ns, Cleanup: 14121 ns, At safepoint: 9055 ns, Total: 97007 ns
[2025-05-21T08:30:16.537+0000][73][info ][safepoint   ] Safepoint "Cleanup", Time since last: 1000698057 ns, Reaching safepoint: 35753 ns, Cleanup: 18269 ns, At safepoint: 18574 ns, Total: 72596 ns
[2025-05-21T08:30:17.538+0000][73][info ][safepoint   ] Safepoint "Cleanup", Time since last: 1001108548 ns, Reaching safepoint: 69522 ns, Cleanup: 22699 ns, At safepoint: 16922 ns, Total: 109143 ns
[2025-05-21T08:30:18.544+0000][73][info ][safepoint   ] Safepoint "Cleanup", Time since last: 1005720807 ns, Reaching safepoint: 84887 ns, Cleanup: 15489 ns, At safepoint: 35171 ns, Total: 135547 ns
[2025-05-21T08:30:19.545+0000][73][info ][safepoint   ] Safepoint "Cleanup", Time since last: 1000585240 ns, Reaching safepoint: 24716 ns, Cleanup: 24156 ns, At safepoint: 9999 ns, Total: 58871 ns
[2025-05-21T08:30:21.073+0000][73][info ][safepoint   ] Safepoint "Cleanup", Time since last: 1527454642 ns, Reaching safepoint: 35173 ns, Cleanup: 50284 ns, At safepoint: 18202 ns, Total: 103659 ns
[2025-05-21T08:30:23.074+0000][73][info ][safepoint   ] Safepoint "Cleanup", Time since last: 2000975686 ns, Reaching safepoint: 31111 ns, Cleanup: 17852 ns, At safepoint: 36947 ns, Total: 85910 ns
[2025-05-21T08:30:24.073+0000][73][info ][safepoint   ] Safepoint "Cleanup", Time since last: 1001169358 ns, Reaching safepoint: 26456 ns, Cleanup: 18611 ns, At safepoint: 12880 ns, Total: 57947 ns
[2025-05-21T08:30:26.074+0000][73][info ][safepoint   ] Safepoint "Cleanup", Time since last: 2000989143 ns, Reaching safepoint: 263263 ns, Cleanup: 17565 ns, At safepoint: 22550 ns, Total: 303378 ns
[2025-05-21T08:30:29.075+0000][73][info ][safepoint   ] Safepoint "Cleanup", Time since last: 3001015923 ns, Reaching safepoint: 57915 ns, Cleanup: 21815 ns, At safepoint: 10106 ns, Total: 89836 ns
[2025-05-21T08:30:31.077+0000][73][info ][safepoint   ] Safepoint "Cleanup", Time since last: 2001481301 ns, Reaching safepoint: 36590 ns, Cleanup: 18797 ns, At safepoint: 18564 ns, Total: 73951 ns
[2025-05-21T08:30:32.078+0000][73][info ][safepoint   ] Safepoint "Cleanup", Time since last: 1001191246 ns, Reaching safepoint: 101821 ns, Cleanup: 21046 ns, At safepoint: 15905 ns, Total: 138772 ns
[2025-05-21T08:30:35.079+0000][73][info ][safepoint   ] Safepoint "Cleanup", Time since last: 3001223181 ns, Reaching safepoint: 117487 ns, Cleanup: 25920 ns, At safepoint: 19361 ns, Total: 162768 ns
[2025-05-21T08:30:41.081+0000][73][info ][safepoint   ] Safepoint "Cleanup", Time since last: 6001895011 ns, Reaching safepoint: 65633 ns, Cleanup: 13930 ns, At safepoint: 10250 ns, Total: 89813 ns
[2025-05-21T08:30:44.082+0000][73][info ][safepoint   ] Safepoint "Cleanup", Time since last: 3001000595 ns, Reaching safepoint: 30917 ns, Cleanup: 21274 ns, At safepoint: 16486 ns, Total: 68677 ns
[2025-05-21T08:30:45.083+0000][73][info ][safepoint   ] Safepoint "Cleanup", Time since last: 1000809745 ns, Reaching safepoint: 34239 ns, Cleanup: 18629 ns, At safepoint: 19084 ns, Total: 71952 ns
[2025-05-21T08:30:46.084+0000][73][info ][safepoint   ] Safepoint "Cleanup", Time since last: 1000655495 ns, Reaching safepoint: 23486 ns, Cleanup: 18565 ns, At safepoint: 10967 ns, Total: 53018 ns
[2025-05-21T08:30:50.086+0000][73][info ][safepoint   ] Safepoint "Cleanup", Time since last: 4001505582 ns, Reaching safepoint: 61996 ns, Cleanup: 16069 ns, At safepoint: 12078 ns, Total: 90143 ns
[2025-05-21T08:30:51.087+0000][73][info ][safepoint   ] Safepoint "Cleanup", Time since last: 1001396545 ns, Reaching safepoint: 35073 ns, Cleanup: 19219 ns, At safepoint: 18278 ns, Total: 72570 ns
[2025-05-21T08:30:52.088+0000][73][info ][safepoint   ] Safepoint "Cleanup", Time since last: 1001263921 ns, Reaching safepoint: 32186 ns, Cleanup: 19698 ns, At safepoint: 17414 ns, Total: 69298 ns
[2025-05-21T08:30:53.089+0000][73][info ][safepoint   ] Safepoint "Cleanup", Time since last: 1000819902 ns, Reaching safepoint: 57512 ns, Cleanup: 14925 ns, At safepoint: 9112 ns, Total: 81549 ns
[2025-05-21T08:30:54.086+0000][73][info ][safepoint   ] Safepoint "Cleanup", Time since last: 1000610393 ns, Reaching safepoint: 20652 ns, Cleanup: 15185 ns, At safepoint: 10893 ns, Total: 46730 ns
[2025-05-21T08:30:55.087+0000][73][info ][safepoint   ] Safepoint "Cleanup", Time since last: 1000766870 ns, Reaching safepoint: 130045 ns, Cleanup: 22178 ns, At safepoint: 21146 ns, Total: 173369 ns
[2025-05-21T08:30:58.088+0000][73][info ][safepoint   ] Safepoint "Cleanup", Time since last: 3001137737 ns, Reaching safepoint: 33691 ns, Cleanup: 17585 ns, At safepoint: 16435 ns, Total: 67711 ns
[2025-05-21T08:30:59.089+0000][73][info ][safepoint   ] Safepoint "Cleanup", Time since last: 1000717545 ns, Reaching safepoint: 32162 ns, Cleanup: 17853 ns, At safepoint: 17720 ns, Total: 67735 ns
[2025-05-21T08:31:00.090+0000][73][info ][safepoint   ] Safepoint "Cleanup", Time since last: 1000813530 ns, Reaching safepoint: 22493 ns, Cleanup: 20161 ns, At safepoint: 10660 ns, Total: 53314 ns
[2025-05-21T08:31:01.812+0000][73][info ][safepoint   ] Safepoint "Cleanup", Time since last: 1722160464 ns, Reaching safepoint: 6624 ns, Cleanup: 9927 ns, At safepoint: 15811 ns, Total: 32362 ns
[2025-05-21T08:31:03.258+0000][73][info ][safepoint   ] Safepoint "Cleanup", Time since last: 1446220799 ns, Reaching safepoint: 31807 ns, Cleanup: 40870 ns, At safepoint: 17771 ns, Total: 90448 ns
[2025-05-21T08:31:04.259+0000][73][info ][safepoint   ] Safepoint "Cleanup", Time since last: 1000677654 ns, Reaching safepoint: 30282 ns, Cleanup: 19149 ns, At safepoint: 17135 ns, Total: 66566 ns
[2025-05-21T08:31:06.130+0000][73][info ][safepoint   ] Safepoint "Cleanup", Time since last: 1870930664 ns, Reaching safepoint: 31550 ns, Cleanup: 40021 ns, At safepoint: 16487 ns, Total: 88058 ns
[2025-05-21T08:31:07.174+0000][73][info ][safepoint   ] Safepoint "Cleanup", Time since last: 1044191537 ns, Reaching safepoint: 33004 ns, Cleanup: 16580 ns, At safepoint: 17141 ns, Total: 66725 ns
[2025-05-21T08:31:09.177+0000][73][info ][safepoint   ] Safepoint "Cleanup", Time since last: 2002117071 ns, Reaching safepoint: 35413 ns, Cleanup: 23326 ns, At safepoint: 17167 ns, Total: 75906 ns
[2025-05-21T08:31:10.178+0000][73][info ][safepoint   ] Safepoint "Cleanup", Time since last: 1000780034 ns, Reaching safepoint: 150560 ns, Cleanup: 28449 ns, At safepoint: 36034 ns, Total: 215043 ns
[2025-05-21T08:31:11.178+0000][73][info ][safepoint   ] Safepoint "Cleanup", Time since last: 1000727039 ns, Reaching safepoint: 32051 ns, Cleanup: 17022 ns, At safepoint: 16865 ns, Total: 65938 ns
[2025-05-21T08:31:14.180+0000][73][info ][safepoint   ] Safepoint "Cleanup", Time since last: 3001370199 ns, Reaching safepoint: 34102 ns, Cleanup: 24509 ns, At safepoint: 17326 ns, Total: 75937 ns
[2025-05-21T08:31:15.181+0000][73][info ][safepoint   ] Safepoint "Cleanup", Time since last: 1000696124 ns, Reaching safepoint: 32868 ns, Cleanup: 15995 ns, At safepoint: 17707 ns, Total: 66570 ns
[2025-05-21T08:31:21.182+0000][73][info ][safepoint   ] Safepoint "Cleanup", Time since last: 6001476755 ns, Reaching safepoint: 153311 ns, Cleanup: 20492 ns, At safepoint: 21503 ns, Total: 195306 ns
[2025-05-21T08:31:22.808+0000][73][info ][safepoint   ] Safepoint "Cleanup", Time since last: 1625848758 ns, Reaching safepoint: 296773 ns, Cleanup: 15156 ns, At safepoint: 56271 ns, Total: 368200 ns
[2025-05-21T08:31:24.237+0000][73][info ][safepoint   ] Safepoint "Cleanup", Time since last: 1430145383 ns, Reaching safepoint: 35341 ns, Cleanup: 45866 ns, At safepoint: 17867 ns, Total: 99074 ns
[2025-05-21T08:31:29.240+0000][73][info ][safepoint   ] Safepoint "Cleanup", Time since last: 5003152471 ns, Reaching safepoint: 24965 ns, Cleanup: 17208 ns, At safepoint: 9910 ns, Total: 52083 ns
[2025-05-21T08:31:32.242+0000][73][info ][safepoint   ] Safepoint "Cleanup", Time since last: 3001219755 ns, Reaching safepoint: 31120 ns, Cleanup: 28035 ns, At safepoint: 16317 ns, Total: 75472 ns
[2025-05-21T08:31:33.243+0000][73][info ][safepoint   ] Safepoint "Cleanup", Time since last: 1000707014 ns, Reaching safepoint: 33621 ns, Cleanup: 18489 ns, At safepoint: 81446 ns, Total: 133556 ns
[2025-05-21T08:31:34.244+0000][73][info ][safepoint   ] Safepoint "Cleanup", Time since last: 1001197700 ns, Reaching safepoint: 42421 ns, Cleanup: 13602 ns, At safepoint: 8343 ns, Total: 64366 ns
[2025-05-21T08:31:38.601+0000][73][info ][safepoint   ] Safepoint "Cleanup", Time since last: 4357280438 ns, Reaching safepoint: 22692 ns, Cleanup: 19000 ns, At safepoint: 89345 ns, Total: 131037 ns
[2025-05-21T08:31:39.654+0000][73][info ][safepoint   ] Safepoint "Cleanup", Time since last: 1052832120 ns, Reaching safepoint: 25661 ns, Cleanup: 20324 ns, At safepoint: 11279 ns, Total: 57264 ns
[2025-05-21T08:31:44.656+0000][73][info ][safepoint   ] Safepoint "Cleanup", Time since last: 5002008261 ns, Reaching safepoint: 31731 ns, Cleanup: 17354 ns, At safepoint: 16756 ns, Total: 65841 ns
[2025-05-21T08:31:47.658+0000][73][info ][safepoint   ] Safepoint "Cleanup", Time since last: 3001360536 ns, Reaching safepoint: 36590 ns, Cleanup: 24316 ns, At safepoint: 20376 ns, Total: 81282 ns
[2025-05-21T08:31:50.659+0000][73][info ][safepoint   ] Safepoint "Cleanup", Time since last: 3001352507 ns, Reaching safepoint: 83904 ns, Cleanup: 21194 ns, At safepoint: 20195 ns, Total: 125293 ns
[2025-05-21T08:31:52.660+0000][73][info ][safepoint   ] Safepoint "Cleanup", Time since last: 2000998661 ns, Reaching safepoint: 33814 ns, Cleanup: 24529 ns, At safepoint: 16537 ns, Total: 74880 ns
[2025-05-21T08:31:53.661+0000][73][info ][safepoint   ] Safepoint "Cleanup", Time since last: 1000784584 ns, Reaching safepoint: 32401 ns, Cleanup: 17550 ns, At safepoint: 80198 ns, Total: 130149 ns
[2025-05-21T08:31:58.660+0000][73][info ][safepoint   ] Safepoint "Cleanup", Time since last: 5001385488 ns, Reaching safepoint: 32293 ns, Cleanup: 22645 ns, At safepoint: 16647 ns, Total: 71585 ns
[2025-05-21T08:32:09.296+0000][73][info ][safepoint   ] Safepoint "Cleanup", Time since last: 10636339186 ns, Reaching safepoint: 44170 ns, Cleanup: 13306 ns, At safepoint: 8535 ns, Total: 66011 ns
[2025-05-21T08:32:14.298+0000][73][info ][safepoint   ] Safepoint "Cleanup", Time since last: 5001725925 ns, Reaching safepoint: 24251 ns, Cleanup: 16124 ns, At safepoint: 9726 ns, Total: 50101 ns
[2025-05-21T08:32:15.299+0000][73][info ][safepoint   ] Safepoint "Cleanup", Time since last: 1000953135 ns, Reaching safepoint: 34930 ns, Cleanup: 17329 ns, At safepoint: 17207 ns, Total: 69466 ns
[2025-05-21T08:32:17.300+0000][73][info ][safepoint   ] Safepoint "Cleanup", Time since last: 2001012115 ns, Reaching safepoint: 33525 ns, Cleanup: 17697 ns, At safepoint: 17255 ns, Total: 68477 ns
[2025-05-21T08:32:23.303+0000][73][info ][safepoint   ] Safepoint "Cleanup", Time since last: 6002098986 ns, Reaching safepoint: 76382 ns, Cleanup: 17748 ns, At safepoint: 16973 ns, Total: 111103 ns
[2025-05-21T08:32:24.298+0000][73][info ][safepoint   ] Safepoint "Cleanup", Time since last: 1000726207 ns, Reaching safepoint: 31544 ns, Cleanup: 32078 ns, At safepoint: 16716 ns, Total: 80338 ns
[2025-05-21T08:32:25.299+0000][73][info ][safepoint   ] Safepoint "Cleanup", Time since last: 1000801062 ns, Reaching safepoint: 23322 ns, Cleanup: 17249 ns, At safepoint: 10237 ns, Total: 50808 ns
[2025-05-21T08:32:27.285+0000][73][info ][safepoint   ] Safepoint "Cleanup", Time since last: 1986397231 ns, Reaching safepoint: 33456 ns, Cleanup: 34118 ns, At safepoint: 17877 ns, Total: 85451 ns
[2025-05-21T08:32:29.287+0000][73][info ][safepoint   ] Safepoint "Cleanup", Time since last: 2001065981 ns, Reaching safepoint: 242218 ns, Cleanup: 153659 ns, At safepoint: 106931 ns, Total: 502808 ns
[2025-05-21T08:32:39.289+0000][73][info ][safepoint   ] Safepoint "Cleanup", Time since last: 10002270676 ns, Reaching safepoint: 73125 ns, Cleanup: 19983 ns, At safepoint: 18736 ns, Total: 111844 ns
[2025-05-21T08:32:40.290+0000][73][info ][safepoint   ] Safepoint "Cleanup", Time since last: 1000710553 ns, Reaching safepoint: 26517 ns, Cleanup: 15479 ns, At safepoint: 12005 ns, Total: 54001 ns
[2025-05-21T08:32:45.291+0000][73][info ][safepoint   ] Safepoint "Cleanup", Time since last: 5001059030 ns, Reaching safepoint: 19045 ns, Cleanup: 13464 ns, At safepoint: 10015 ns, Total: 42524 ns
[2025-05-21T08:32:46.292+0000][73][info ][safepoint   ] Safepoint "Cleanup", Time since last: 1000641718 ns, Reaching safepoint: 18286 ns, Cleanup: 13300 ns, At safepoint: 8903 ns, Total: 40489 ns
[2025-05-21T08:32:52.293+0000][73][info ][safepoint   ] Safepoint "Cleanup", Time since last: 6001427133 ns, Reaching safepoint: 44690 ns, Cleanup: 20638 ns, At safepoint: 8987 ns, Total: 74315 ns
[2025-05-21T08:32:54.295+0000][73][info ][safepoint   ] Safepoint "Cleanup", Time since last: 2000870966 ns, Reaching safepoint: 37517 ns, Cleanup: 21191 ns, At safepoint: 20461 ns, Total: 79169 ns
[2025-05-21T08:33:00.297+0000][73][info ][safepoint   ] Safepoint "Cleanup", Time since last: 6001578963 ns, Reaching safepoint: 33094 ns, Cleanup: 20655 ns, At safepoint: 17706 ns, Total: 71455 ns
[2025-05-21T08:33:02.298+0000][73][info ][safepoint   ] Safepoint "Cleanup", Time since last: 2000940663 ns, Reaching safepoint: 20015 ns, Cleanup: 17246 ns, At safepoint: 10213 ns, Total: 47474 ns
[2025-05-21T08:33:04.332+0000][73][info ][safepoint   ] Safepoint "Cleanup", Time since last: 2033502559 ns, Reaching safepoint: 35775 ns, Cleanup: 17930 ns, At safepoint: 17850 ns, Total: 71555 ns
[2025-05-21T08:33:11.334+0000][73][info ][safepoint   ] Safepoint "Cleanup", Time since last: 7001938218 ns, Reaching safepoint: 68309 ns, Cleanup: 20691 ns, At safepoint: 16107 ns, Total: 105107 ns
[2025-05-21T08:33:15.335+0000][73][info ][safepoint   ] Safepoint "Cleanup", Time since last: 4001554481 ns, Reaching safepoint: 32477 ns, Cleanup: 20794 ns, At safepoint: 15848 ns, Total: 69119 ns
[2025-05-21T08:33:19.337+0000][73][info ][safepoint   ] Safepoint "Cleanup", Time since last: 4001491079 ns, Reaching safepoint: 34641 ns, Cleanup: 19069 ns, At safepoint: 17260 ns, Total: 70970 ns
[2025-05-21T08:33:22.338+0000][73][info ][safepoint   ] Safepoint "Cleanup", Time since last: 3001175925 ns, Reaching safepoint: 66870 ns, Cleanup: 19329 ns, At safepoint: 32105 ns, Total: 118304 ns
[2025-05-21T08:33:28.802+0000][73][info ][safepoint   ] Safepoint "Cleanup", Time since last: 6466494066 ns, Reaching safepoint: 146290 ns, Cleanup: 15529 ns, At safepoint: 59053 ns, Total: 220872 ns
[2025-05-21T08:33:30.342+0000][73][info ][safepoint   ] Safepoint "Cleanup", Time since last: 1540108550 ns, Reaching safepoint: 25262 ns, Cleanup: 55011 ns, At safepoint: 11983 ns, Total: 92256 ns
[2025-05-21T08:33:32.343+0000][73][info ][safepoint   ] Safepoint "Cleanup", Time since last: 2000653064 ns, Reaching safepoint: 19627 ns, Cleanup: 15771 ns, At safepoint: 8950 ns, Total: 44348 ns
[2025-05-21T08:33:50.347+0000][73][info ][safepoint   ] Safepoint "Cleanup", Time since last: 18003424883 ns, Reaching safepoint: 56122 ns, Cleanup: 17784 ns, At safepoint: 9764 ns, Total: 83670 ns
[2025-05-21T08:33:52.348+0000][73][info ][safepoint   ] Safepoint "Cleanup", Time since last: 2000798187 ns, Reaching safepoint: 32324 ns, Cleanup: 31929 ns, At safepoint: 16714 ns, Total: 80967 ns
[2025-05-21T08:33:54.346+0000][73][info ][safepoint   ] Safepoint "Cleanup", Time since last: 2000950980 ns, Reaching safepoint: 79377 ns, Cleanup: 18443 ns, At safepoint: 39656 ns, Total: 137476 ns
[2025-05-21T08:34:03.367+0000][73][info ][safepoint   ] Safepoint "Cleanup", Time since last: 9020853411 ns, Reaching safepoint: 32030 ns, Cleanup: 17351 ns, At safepoint: 16660 ns, Total: 66041 ns
[2025-05-21T08:34:04.368+0000][73][info ][safepoint   ] Safepoint "Cleanup", Time since last: 1000764439 ns, Reaching safepoint: 21159 ns, Cleanup: 17328 ns, At safepoint: 9265 ns, Total: 47752 ns
[2025-05-21T08:34:09.369+0000][73][info ][safepoint   ] Safepoint "Cleanup", Time since last: 5001187449 ns, Reaching safepoint: 81950 ns, Cleanup: 20016 ns, At safepoint: 22387 ns, Total: 124353 ns
[2025-05-21T08:34:10.370+0000][73][info ][safepoint   ] Safepoint "Cleanup", Time since last: 1000847213 ns, Reaching safepoint: 27067 ns, Cleanup: 18849 ns, At safepoint: 10290 ns, Total: 56206 ns
[2025-05-21T08:34:11.371+0000][73][info ][safepoint   ] Safepoint "Cleanup", Time since last: 1001244283 ns, Reaching safepoint: 38990 ns, Cleanup: 18923 ns, At safepoint: 19408 ns, Total: 77321 ns
[2025-05-21T08:34:12.372+0000][73][info ][safepoint   ] Safepoint "Cleanup", Time since last: 1000810643 ns, Reaching safepoint: 19928 ns, Cleanup: 14852 ns, At safepoint: 9467 ns, Total: 44247 ns
[2025-05-21T08:34:29.374+0000][73][info ][safepoint   ] Safepoint "Cleanup", Time since last: 17003919645 ns, Reaching safepoint: 50348 ns, Cleanup: 17166 ns, At safepoint: 11202 ns, Total: 78716 ns
[2025-05-21T08:34:31.953+0000][73][info ][safepoint   ] Safepoint "Cleanup", Time since last: 2578476169 ns, Reaching safepoint: 7756 ns, Cleanup: 16967 ns, At safepoint: 15099 ns, Total: 39822 ns
[2025-05-21T08:34:33.386+0000][73][info ][safepoint   ] Safepoint "Cleanup", Time since last: 1433065129 ns, Reaching safepoint: 32244 ns, Cleanup: 46828 ns, At safepoint: 16835 ns, Total: 95907 ns
[2025-05-21T08:34:34.399+0000][73][info ][safepoint   ] Safepoint "Cleanup", Time since last: 1013682172 ns, Reaching safepoint: 34478 ns, Cleanup: 18101 ns, At safepoint: 18643 ns, Total: 71222 ns
[2025-05-21T08:34:39.401+0000][73][info ][safepoint   ] Safepoint "Cleanup", Time since last: 5001303538 ns, Reaching safepoint: 73526 ns, Cleanup: 16966 ns, At safepoint: 34532 ns, Total: 125024 ns
[2025-05-21T08:34:48.403+0000][73][info ][safepoint   ] Safepoint "Cleanup", Time since last: 9002122684 ns, Reaching safepoint: 21575 ns, Cleanup: 16198 ns, At safepoint: 10449 ns, Total: 48222 ns
[2025-05-21T08:34:49.405+0000][73][info ][safepoint   ] Safepoint "Cleanup", Time since last: 1001834815 ns, Reaching safepoint: 20697 ns, Cleanup: 14247 ns, At safepoint: 10060 ns, Total: 45004 ns
[2025-05-21T08:34:50.407+0000][73][info ][safepoint   ] Safepoint "Cleanup", Time since last: 1001982199 ns, Reaching safepoint: 127798 ns, Cleanup: 43868 ns, At safepoint: 17564 ns, Total: 189230 ns
[2025-05-21T08:34:52.535+0000][73][info ][safepoint   ] Safepoint "Cleanup", Time since last: 2002156710 ns, Reaching safepoint: 125275528 ns, Cleanup: 35005 ns, At safepoint: 100598 ns, Total: 125411131 ns
[2025-05-21T08:34:53.536+0000][73][info ][safepoint   ] Safepoint "Cleanup", Time since last: 1001197357 ns, Reaching safepoint: 30434 ns, Cleanup: 16534 ns, At safepoint: 17218 ns, Total: 64186 ns
[2025-05-21T08:34:58.654+0000][73][info ][safepoint   ] Safepoint "Cleanup", Time since last: 5001210746 ns, Reaching safepoint: 119154213 ns, Cleanup: 21266 ns, At safepoint: 241210 ns, Total: 119416689 ns
[2025-05-21T08:35:02.388+0000][73][info ][safepoint   ] Safepoint "Cleanup", Time since last: 3733627576 ns, Reaching safepoint: 14464 ns, Cleanup: 27004 ns, At safepoint: 64768 ns, Total: 106236 ns
[2025-05-21T08:35:08.398+0000][73][info ][safepoint   ] Safepoint "Cleanup", Time since last: 6010698771 ns, Reaching safepoint: 28963 ns, Cleanup: 18835 ns, At safepoint: 12796 ns, Total: 60594 ns
[2025-05-21T08:35:10.399+0000][73][info ][safepoint   ] Safepoint "Cleanup", Time since last: 2000715906 ns, Reaching safepoint: 58838 ns, Cleanup: 16655 ns, At safepoint: 12537 ns, Total: 88030 ns
[2025-05-21T08:35:11.401+0000][73][info ][safepoint   ] Safepoint "Cleanup", Time since last: 1001987041 ns, Reaching safepoint: 18991 ns, Cleanup: 14261 ns, At safepoint: 9033 ns, Total: 42285 ns
[2025-05-21T08:35:20.404+0000][73][info ][safepoint   ] Safepoint "Cleanup", Time since last: 9002116588 ns, Reaching safepoint: 188086 ns, Cleanup: 27024 ns, At safepoint: 23875 ns, Total: 238985 ns
[2025-05-21T08:35:29.403+0000][73][info ][safepoint   ] Safepoint "Cleanup", Time since last: 9001913872 ns, Reaching safepoint: 71215 ns, Cleanup: 17768 ns, At safepoint: 15056 ns, Total: 104039 ns
[2025-05-21T08:35:30.421+0000][73][info ][safepoint   ] Safepoint "Cleanup", Time since last: 1017602966 ns, Reaching safepoint: 27161 ns, Cleanup: 18125 ns, At safepoint: 12411 ns, Total: 57697 ns
[2025-05-21T08:35:34.427+0000][73][info ][safepoint   ] Safepoint "Cleanup", Time since last: 4006659397 ns, Reaching safepoint: 33725 ns, Cleanup: 18651 ns, At safepoint: 17855 ns, Total: 70231 ns
[2025-05-21T08:35:35.637+0000][73][info ][safepoint   ] Safepoint "Cleanup", Time since last: 1209874058 ns, Reaching safepoint: 16620 ns, Cleanup: 26376 ns, At safepoint: 227291 ns, Total: 270287 ns
[2025-05-21T08:35:36.663+0000][73][info ][safepoint   ] Safepoint "Cleanup", Time since last: 1025392939 ns, Reaching safepoint: 32139 ns, Cleanup: 16382 ns, At safepoint: 16950 ns, Total: 65471 ns
[2025-05-21T08:35:38.664+0000][73][info ][safepoint   ] Safepoint "Cleanup", Time since last: 2000941350 ns, Reaching safepoint: 29620 ns, Cleanup: 20547 ns, At safepoint: 29896 ns, Total: 80063 ns
[2025-05-21T08:35:39.665+0000][73][info ][safepoint   ] Safepoint "Cleanup", Time since last: 1001307447 ns, Reaching safepoint: 26507 ns, Cleanup: 19414 ns, At safepoint: 11207 ns, Total: 57128 ns
[2025-05-21T08:35:45.667+0000][73][info ][safepoint   ] Safepoint "Cleanup", Time since last: 6001791855 ns, Reaching safepoint: 48011 ns, Cleanup: 13535 ns, At safepoint: 8704 ns, Total: 70250 ns
[2025-05-21T08:35:46.668+0000][73][info ][safepoint   ] Safepoint "Cleanup", Time since last: 1000717838 ns, Reaching safepoint: 23709 ns, Cleanup: 13554 ns, At safepoint: 11350 ns, Total: 48613 ns
[2025-05-21T08:35:47.670+0000][73][info ][safepoint   ] Safepoint "Cleanup", Time since last: 1001759101 ns, Reaching safepoint: 31716 ns, Cleanup: 19745 ns, At safepoint: 15583 ns, Total: 67044 ns
[2025-05-21T08:35:49.671+0000][73][info ][safepoint   ] Safepoint "Cleanup", Time since last: 2000848848 ns, Reaching safepoint: 34961 ns, Cleanup: 18401 ns, At safepoint: 20209 ns, Total: 73571 ns
[2025-05-21T08:35:50.672+0000][73][info ][safepoint   ] Safepoint "Cleanup", Time since last: 1000909178 ns, Reaching safepoint: 36277 ns, Cleanup: 17944 ns, At safepoint: 18074 ns, Total: 72295 ns
[2025-05-21T08:35:52.673+0000][73][info ][safepoint   ] Safepoint "Cleanup", Time since last: 2000870108 ns, Reaching safepoint: 34103 ns, Cleanup: 26040 ns, At safepoint: 17853 ns, Total: 77996 ns
[2025-05-21T08:35:55.672+0000][73][info ][safepoint   ] Safepoint "Cleanup", Time since last: 3000987262 ns, Reaching safepoint: 76098 ns, Cleanup: 16732 ns, At safepoint: 33426 ns, Total: 126256 ns
[2025-05-21T08:35:59.673+0000][73][info ][safepoint   ] Safepoint "Cleanup", Time since last: 4001222122 ns, Reaching safepoint: 18495 ns, Cleanup: 13487 ns, At safepoint: 8617 ns, Total: 40599 ns
[2025-05-21T08:36:00.674+0000][73][info ][safepoint   ] Safepoint "Cleanup", Time since last: 1000730816 ns, Reaching safepoint: 36682 ns, Cleanup: 20255 ns, At safepoint: 37674 ns, Total: 94611 ns
[2025-05-21T08:36:04.824+0000][73][info ][safepoint   ] Safepoint "Cleanup", Time since last: 4149585894 ns, Reaching safepoint: 20953 ns, Cleanup: 23357 ns, At safepoint: 24862 ns, Total: 69172 ns
[2025-05-21T08:36:06.714+0000][73][info ][safepoint   ] Safepoint "Cleanup", Time since last: 1890539415 ns, Reaching safepoint: 28438 ns, Cleanup: 28363 ns, At safepoint: 12575 ns, Total: 69376 ns
[2025-05-21T08:36:07.883+0000][73][info ][safepoint   ] Safepoint "Cleanup", Time since last: 1168724899 ns, Reaching safepoint: 29252 ns, Cleanup: 12268 ns, At safepoint: 19789 ns, Total: 61309 ns
[2025-05-21T08:36:09.775+0000][73][info ][safepoint   ] Safepoint "Cleanup", Time since last: 1892029744 ns, Reaching safepoint: 31130 ns, Cleanup: 34819 ns, At safepoint: 17012 ns, Total: 82961 ns
[2025-05-21T08:36:10.831+0000][73][info ][safepoint   ] Safepoint "Cleanup", Time since last: 1055912575 ns, Reaching safepoint: 45644 ns, Cleanup: 81613 ns, At safepoint: 11550 ns, Total: 138807 ns
[2025-05-21T08:36:13.832+0000][73][info ][safepoint   ] Safepoint "Cleanup", Time since last: 3001110529 ns, Reaching safepoint: 26414 ns, Cleanup: 15863 ns, At safepoint: 12284 ns, Total: 54561 ns
[2025-05-21T08:36:15.833+0000][73][info ][safepoint   ] Safepoint "Cleanup", Time since last: 2000729106 ns, Reaching safepoint: 27442 ns, Cleanup: 14915 ns, At safepoint: 11964 ns, Total: 54321 ns
[2025-05-21T08:36:16.834+0000][73][info ][safepoint   ] Safepoint "Cleanup", Time since last: 1000600855 ns, Reaching safepoint: 35564 ns, Cleanup: 22473 ns, At safepoint: 18032 ns, Total: 76069 ns
[2025-05-21T08:36:18.835+0000][73][info ][safepoint   ] Safepoint "Cleanup", Time since last: 2000758502 ns, Reaching safepoint: 31921 ns, Cleanup: 18652 ns, At safepoint: 16731 ns, Total: 67304 ns
[2025-05-21T08:36:22.836+0000][73][info ][safepoint   ] Safepoint "Cleanup", Time since last: 4001119192 ns, Reaching safepoint: 64230 ns, Cleanup: 14533 ns, At safepoint: 10411 ns, Total: 89174 ns
[2025-05-21T08:36:24.834+0000][73][info ][safepoint   ] Safepoint "Cleanup", Time since last: 2000877764 ns, Reaching safepoint: 33972 ns, Cleanup: 16466 ns, At safepoint: 18119 ns, Total: 68557 ns
[2025-05-21T08:36:29.835+0000][73][info ][safepoint   ] Safepoint "Cleanup", Time since last: 5001255213 ns, Reaching safepoint: 64572 ns, Cleanup: 18719 ns, At safepoint: 12921 ns, Total: 96212 ns
[2025-05-21T08:36:30.837+0000][73][info ][safepoint   ] Safepoint "Cleanup", Time since last: 1000936244 ns, Reaching safepoint: 659188 ns, Cleanup: 28975 ns, At safepoint: 76666 ns, Total: 764829 ns
[2025-05-21T08:36:37.830+0000][73][info ][safepoint   ] Safepoint "Cleanup", Time since last: 6991983989 ns, Reaching safepoint: 324859 ns, Cleanup: 152535 ns, At safepoint: 79441 ns, Total: 556835 ns
[2025-05-21T08:36:38.847+0000][73][info ][safepoint   ] Safepoint "Cleanup", Time since last: 1016965213 ns, Reaching safepoint: 26258 ns, Cleanup: 29623 ns, At safepoint: 91063 ns, Total: 146944 ns
[2025-05-21T08:36:39.886+0000][73][info ][safepoint   ] Safepoint "Cleanup", Time since last: 1038982251 ns, Reaching safepoint: 22817 ns, Cleanup: 92308 ns, At safepoint: 135382 ns, Total: 250507 ns
[2025-05-21T08:36:40.892+0000][73][info ][safepoint   ] Safepoint "Cleanup", Time since last: 1005477373 ns, Reaching safepoint: 31435 ns, Cleanup: 27724 ns, At safepoint: 12786 ns, Total: 71945 ns
[2025-05-21T08:36:42.893+0000][73][info ][safepoint   ] Safepoint "Cleanup", Time since last: 2000875039 ns, Reaching safepoint: 68428 ns, Cleanup: 25278 ns, At safepoint: 22706 ns, Total: 116412 ns
[2025-05-21T08:36:43.894+0000][73][info ][safepoint   ] Safepoint "Cleanup", Time since last: 1000817218 ns, Reaching safepoint: 228563 ns, Cleanup: 17414 ns, At safepoint: 67948 ns, Total: 313925 ns
[2025-05-21T08:36:46.895+0000][73][info ][safepoint   ] Safepoint "Cleanup", Time since last: 3000871519 ns, Reaching safepoint: 210854 ns, Cleanup: 16042 ns, At safepoint: 43308 ns, Total: 270204 ns
[2025-05-21T08:36:47.896+0000][73][info ][safepoint   ] Safepoint "Cleanup", Time since last: 1001035968 ns, Reaching safepoint: 38204 ns, Cleanup: 15115 ns, At safepoint: 11972 ns, Total: 65291 ns
[2025-05-21T08:36:49.900+0000][73][info ][safepoint   ] Safepoint "Cleanup", Time since last: 2004359027 ns, Reaching safepoint: 98305 ns, Cleanup: 17615 ns, At safepoint: 12269 ns, Total: 128189 ns
[2025-05-21T08:36:51.902+0000][73][info ][safepoint   ] Safepoint "Cleanup", Time since last: 2001113783 ns, Reaching safepoint: 99328 ns, Cleanup: 24064 ns, At safepoint: 12241 ns, Total: 135633 ns
[2025-05-21T08:36:52.903+0000][73][info ][safepoint   ] Safepoint "Cleanup", Time since last: 1001270950 ns, Reaching safepoint: 32278 ns, Cleanup: 18502 ns, At safepoint: 19182 ns, Total: 69962 ns
[2025-05-21T08:36:53.904+0000][73][info ][safepoint   ] Safepoint "Cleanup", Time since last: 1000704616 ns, Reaching safepoint: 20205 ns, Cleanup: 18008 ns, At safepoint: 9604 ns, Total: 47817 ns
[2025-05-21T08:36:58.903+0000][73][info ][safepoint   ] Safepoint "Cleanup", Time since last: 5001398489 ns, Reaching safepoint: 309203 ns, Cleanup: 27555 ns, At safepoint: 23267 ns, Total: 360025 ns
[2025-05-21T08:37:03.468+0000][73][info ][safepoint   ] Safepoint "Cleanup", Time since last: 4564945637 ns, Reaching safepoint: 30482 ns, Cleanup: 19232 ns, At safepoint: 16098 ns, Total: 65812 ns
[2025-05-21T08:37:09.470+0000][73][info ][safepoint   ] Safepoint "Cleanup", Time since last: 6001587712 ns, Reaching safepoint: 370755 ns, Cleanup: 21881 ns, At safepoint: 25193 ns, Total: 417829 ns
[2025-05-21T08:37:14.471+0000][73][info ][safepoint   ] Safepoint "Cleanup", Time since last: 5001498057 ns, Reaching safepoint: 94297 ns, Cleanup: 24046 ns, At safepoint: 20793 ns, Total: 139136 ns
[2025-05-21T08:37:15.472+0000][73][info ][safepoint   ] Safepoint "Cleanup", Time since last: 1000868147 ns, Reaching safepoint: 33469 ns, Cleanup: 17295 ns, At safepoint: 17470 ns, Total: 68234 ns
[2025-05-21T08:37:16.767+0000][73][info ][gc,start    ] GC(19) Pause Young (Mixed) (G1 Evacuation Pause)
[2025-05-21T08:37:16.769+0000][73][info ][gc,task     ] GC(19) Using 10 workers of 10 for evacuation
[2025-05-21T08:37:16.770+0000][73][debug][gc,age      ] GC(19) Desired survivor size 27262976 bytes, new threshold 15 (max threshold 15)
[2025-05-21T08:37:16.891+0000][73][info ][gc,phases   ] GC(19)   Pre Evacuate Collection Set: 8.55ms
[2025-05-21T08:37:16.891+0000][73][info ][gc,phases   ] GC(19)   Merge Heap Roots: 4.11ms
[2025-05-21T08:37:16.892+0000][73][info ][gc,phases   ] GC(19)   Evacuate Collection Set: 96.75ms
[2025-05-21T08:37:16.892+0000][73][info ][gc,phases   ] GC(19)   Post Evacuate Collection Set: 9.82ms
[2025-05-21T08:37:16.893+0000][73][info ][gc,phases   ] GC(19)   Other: 2.65ms
[2025-05-21T08:37:16.893+0000][73][trace][gc,age      ] GC(19) Age table with threshold 15 (max threshold 15)
[2025-05-21T08:37:16.894+0000][73][trace][gc,age      ] GC(19) - age   1:     796944 bytes,     796944 total
[2025-05-21T08:37:16.894+0000][73][trace][gc,age      ] GC(19) - age   2:    1503024 bytes,    2299968 total
[2025-05-21T08:37:16.895+0000][73][trace][gc,age      ] GC(19) - age   3:     794848 bytes,    3094816 total
[2025-05-21T08:37:16.895+0000][73][trace][gc,age      ] GC(19) - age   4:    1355128 bytes,    4449944 total
[2025-05-21T08:37:16.895+0000][73][trace][gc,age      ] GC(19) - age   5:    3734640 bytes,    8184584 total
[2025-05-21T08:37:16.896+0000][73][trace][gc,age      ] GC(19) - age   6:    1844272 bytes,   10028856 total
[2025-05-21T08:37:16.896+0000][73][trace][gc,age      ] GC(19) - age   7:     296416 bytes,   10325272 total
[2025-05-21T08:37:16.897+0000][73][info ][gc,heap     ] GC(19) Eden regions: 96->0(117)
[2025-05-21T08:37:16.897+0000][73][info ][gc,heap     ] GC(19) Survivor regions: 3->3(13)
[2025-05-21T08:37:16.897+0000][73][info ][gc,heap     ] GC(19) Old regions: 28->27
[2025-05-21T08:37:16.898+0000][73][info ][gc,heap     ] GC(19) Humongous regions: 0->0
[2025-05-21T08:37:16.899+0000][73][info ][gc,metaspace] GC(19) Metaspace: 146232K(150272K)->146232K(150272K) NonClass: 126149K(128384K)->126149K(128384K) Class: 20083K(21888K)->20083K(21888K)
[2025-05-21T08:37:16.899+0000][73][info ][gc          ] GC(19) Pause Young (Mixed) (G1 Evacuation Pause) 502M->118M(3880M) 131.757ms
[2025-05-21T08:37:16.900+0000][73][info ][gc,cpu      ] GC(19) User=0.76s Sys=0.05s Real=0.13s
[2025-05-21T08:37:16.900+0000][73][info ][safepoint   ] Safepoint "G1CollectForAllocation", Time since last: 1292757652 ns, Reaching safepoint: 31299 ns, Cleanup: 7011 ns, At safepoint: 135186213 ns, Total: 135224523 ns
[2025-05-21T08:37:18.901+0000][73][info ][safepoint   ] Safepoint "Cleanup", Time since last: 2001128699 ns, Reaching safepoint: 33605 ns, Cleanup: 17675 ns, At safepoint: 17398 ns, Total: 68678 ns
[2025-05-21T08:37:23.903+0000][73][info ][safepoint   ] Safepoint "Cleanup", Time since last: 5001285469 ns, Reaching safepoint: 31840 ns, Cleanup: 16114 ns, At safepoint: 16202 ns, Total: 64156 ns
[2025-05-21T08:37:25.902+0000][73][info ][safepoint   ] Safepoint "Cleanup", Time since last: 2001011596 ns, Reaching safepoint: 201990 ns, Cleanup: 18794 ns, At safepoint: 56736 ns, Total: 277520 ns
[2025-05-21T08:37:27.903+0000][73][info ][safepoint   ] Safepoint "Cleanup", Time since last: 2001002692 ns, Reaching safepoint: 55021 ns, Cleanup: 19742 ns, At safepoint: 14554 ns, Total: 89317 ns
[2025-05-21T08:37:28.904+0000][73][info ][safepoint   ] Safepoint "Cleanup", Time since last: 1000864921 ns, Reaching safepoint: 27339 ns, Cleanup: 16037 ns, At safepoint: 11371 ns, Total: 54747 ns
[2025-05-21T08:37:32.905+0000][73][info ][safepoint   ] Safepoint "Cleanup", Time since last: 4001262759 ns, Reaching safepoint: 18765 ns, Cleanup: 12450 ns, At safepoint: 8589 ns, Total: 39804 ns
[2025-05-21T08:37:34.906+0000][73][info ][safepoint   ] Safepoint "Cleanup", Time since last: 2000683725 ns, Reaching safepoint: 24941 ns, Cleanup: 15605 ns, At safepoint: 10824 ns, Total: 51370 ns
[2025-05-21T08:37:38.907+0000][73][info ][safepoint   ] Safepoint "Cleanup", Time since last: 4001253280 ns, Reaching safepoint: 33610 ns, Cleanup: 80710 ns, At safepoint: 24330 ns, Total: 138650 ns
[2025-05-21T08:37:40.795+0000][73][info ][safepoint   ] Safepoint "Cleanup", Time since last: 1887993385 ns, Reaching safepoint: 112171 ns, Cleanup: 12297 ns, At safepoint: 79195 ns, Total: 203663 ns
[2025-05-21T08:37:41.942+0000][73][info ][safepoint   ] Safepoint "Cleanup", Time since last: 1146876493 ns, Reaching safepoint: 27292 ns, Cleanup: 32450 ns, At safepoint: 16456 ns, Total: 76198 ns
[2025-05-21T08:37:43.984+0000][73][info ][safepoint   ] Safepoint "Cleanup", Time since last: 2041202269 ns, Reaching safepoint: 75180 ns, Cleanup: 17375 ns, At safepoint: 38991 ns, Total: 131546 ns
[2025-05-21T08:37:50.985+0000][73][info ][safepoint   ] Safepoint "Cleanup", Time since last: 7001619800 ns, Reaching safepoint: 47231 ns, Cleanup: 14786 ns, At safepoint: 9844 ns, Total: 71861 ns
[2025-05-21T08:37:51.987+0000][73][info ][safepoint   ] Safepoint "Cleanup", Time since last: 1001311774 ns, Reaching safepoint: 27458 ns, Cleanup: 19498 ns, At safepoint: 11470 ns, Total: 58426 ns
[2025-05-21T08:38:01.987+0000][73][info ][safepoint   ] Safepoint "Cleanup", Time since last: 10001939191 ns, Reaching safepoint: 108920 ns, Cleanup: 16679 ns, At safepoint: 11415 ns, Total: 137014 ns
[2025-05-21T08:38:10.500+0000][73][info ][safepoint   ] Safepoint "Cleanup", Time since last: 8513235235 ns, Reaching safepoint: 25228 ns, Cleanup: 13389 ns, At safepoint: 9657 ns, Total: 48274 ns
[2025-05-21T08:38:12.501+0000][73][info ][safepoint   ] Safepoint "Cleanup", Time since last: 2001062394 ns, Reaching safepoint: 31627 ns, Cleanup: 19991 ns, At safepoint: 13492 ns, Total: 65110 ns
[2025-05-21T08:38:14.502+0000][73][info ][safepoint   ] Safepoint "Cleanup", Time since last: 2000849243 ns, Reaching safepoint: 57344 ns, Cleanup: 27366 ns, At safepoint: 11870 ns, Total: 96580 ns
[2025-05-21T08:38:18.509+0000][73][info ][safepoint   ] Safepoint "Cleanup", Time since last: 4007325670 ns, Reaching safepoint: 27065 ns, Cleanup: 17348 ns, At safepoint: 13287 ns, Total: 57700 ns
[2025-05-21T08:38:19.510+0000][73][info ][safepoint   ] Safepoint "Cleanup", Time since last: 1000744118 ns, Reaching safepoint: 38058 ns, Cleanup: 21806 ns, At safepoint: 20731 ns, Total: 80595 ns
[2025-05-21T08:38:22.511+0000][73][info ][safepoint   ] Safepoint "Cleanup", Time since last: 3001108254 ns, Reaching safepoint: 32292 ns, Cleanup: 17117 ns, At safepoint: 16946 ns, Total: 66355 ns
[2025-05-21T08:38:29.511+0000][73][info ][safepoint   ] Safepoint "Cleanup", Time since last: 7001722150 ns, Reaching safepoint: 60219 ns, Cleanup: 15998 ns, At safepoint: 14344 ns, Total: 90561 ns
[2025-05-21T08:38:39.513+0000][73][info ][safepoint   ] Safepoint "Cleanup", Time since last: 10001935067 ns, Reaching safepoint: 34266 ns, Cleanup: 18791 ns, At safepoint: 17812 ns, Total: 70869 ns
[2025-05-21T08:38:40.513+0000][73][info ][safepoint   ] Safepoint "Cleanup", Time since last: 1000594987 ns, Reaching safepoint: 25681 ns, Cleanup: 21173 ns, At safepoint: 11455 ns, Total: 58309 ns
[2025-05-21T08:38:41.514+0000][73][info ][safepoint   ] Safepoint "Cleanup", Time since last: 1000591806 ns, Reaching safepoint: 79217 ns, Cleanup: 16742 ns, At safepoint: 13585 ns, Total: 109544 ns
[2025-05-21T08:38:42.515+0000][73][info ][safepoint   ] Safepoint "Cleanup", Time since last: 1000674717 ns, Reaching safepoint: 25862 ns, Cleanup: 18506 ns, At safepoint: 12417 ns, Total: 56785 ns
[2025-05-21T08:38:43.854+0000][73][info ][safepoint   ] Safepoint "Cleanup", Time since last: 1338408148 ns, Reaching safepoint: 304351 ns, Cleanup: 20117 ns, At safepoint: 171929 ns, Total: 496397 ns
[2025-05-21T08:38:45.033+0000][73][info ][safepoint   ] Safepoint "Cleanup", Time since last: 1179626826 ns, Reaching safepoint: 58831 ns, Cleanup: 25456 ns, At safepoint: 13431 ns, Total: 97718 ns
[2025-05-21T08:38:49.056+0000][73][info ][safepoint   ] Safepoint "Cleanup", Time since last: 4022465248 ns, Reaching safepoint: 33580 ns, Cleanup: 21042 ns, At safepoint: 17907 ns, Total: 72529 ns
[2025-05-21T08:38:52.057+0000][73][info ][safepoint   ] Safepoint "Cleanup", Time since last: 3000925906 ns, Reaching safepoint: 24849 ns, Cleanup: 19260 ns, At safepoint: 13042 ns, Total: 57151 ns
[2025-05-21T08:38:54.056+0000][73][info ][safepoint   ] Safepoint "Cleanup", Time since last: 2000854989 ns, Reaching safepoint: 37595 ns, Cleanup: 17968 ns, At safepoint: 19984 ns, Total: 75547 ns
[2025-05-21T08:39:02.057+0000][73][info ][safepoint   ] Safepoint "Cleanup", Time since last: 8001811073 ns, Reaching safepoint: 50242 ns, Cleanup: 14910 ns, At safepoint: 10864 ns, Total: 76016 ns
[2025-05-21T08:39:03.530+0000][73][info ][safepoint   ] Safepoint "Cleanup", Time since last: 1472213083 ns, Reaching safepoint: 26504 ns, Cleanup: 18221 ns, At safepoint: 12247 ns, Total: 56972 ns
[2025-05-21T08:39:15.532+0000][73][info ][safepoint   ] Safepoint "Cleanup", Time since last: 12002336759 ns, Reaching safepoint: 75090 ns, Cleanup: 19036 ns, At safepoint: 32955 ns, Total: 127081 ns
[2025-05-21T08:39:18.533+0000][73][info ][safepoint   ] Safepoint "Cleanup", Time since last: 3001202620 ns, Reaching safepoint: 21038 ns, Cleanup: 14908 ns, At safepoint: 9586 ns, Total: 45532 ns
[2025-05-21T08:39:20.536+0000][73][info ][safepoint   ] Safepoint "Cleanup", Time since last: 2002789101 ns, Reaching safepoint: 84871 ns, Cleanup: 17337 ns, At safepoint: 14456 ns, Total: 116664 ns
[2025-05-21T08:39:22.537+0000][73][info ][safepoint   ] Safepoint "Cleanup", Time since last: 2000885835 ns, Reaching safepoint: 31583 ns, Cleanup: 16493 ns, At safepoint: 13494 ns, Total: 61570 ns
[2025-05-21T08:39:23.538+0000][73][info ][safepoint   ] Safepoint "Cleanup", Time since last: 1000833279 ns, Reaching safepoint: 34021 ns, Cleanup: 18248 ns, At safepoint: 17859 ns, Total: 70128 ns
[2025-05-21T08:39:26.537+0000][73][info ][safepoint   ] Safepoint "Cleanup", Time since last: 3001070164 ns, Reaching safepoint: 27453 ns, Cleanup: 17772 ns, At safepoint: 13630 ns, Total: 58855 ns
[2025-05-21T08:39:31.539+0000][73][info ][safepoint   ] Safepoint "Cleanup", Time since last: 5001369273 ns, Reaching safepoint: 78046 ns, Cleanup: 20816 ns, At safepoint: 19860 ns, Total: 118722 ns
[2025-05-21T08:39:32.539+0000][73][info ][safepoint   ] Safepoint "Cleanup", Time since last: 1000801832 ns, Reaching safepoint: 34143 ns, Cleanup: 20577 ns, At safepoint: 19682 ns, Total: 74402 ns
[2025-05-21T08:39:35.540+0000][73][info ][safepoint   ] Safepoint "Cleanup", Time since last: 3000875882 ns, Reaching safepoint: 19772 ns, Cleanup: 14208 ns, At safepoint: 9290 ns, Total: 43270 ns
[2025-05-21T08:39:38.541+0000][73][info ][safepoint   ] Safepoint "Cleanup", Time since last: 3000865737 ns, Reaching safepoint: 19496 ns, Cleanup: 15515 ns, At safepoint: 8289 ns, Total: 43300 ns
[2025-05-21T08:39:40.542+0000][73][info ][safepoint   ] Safepoint "Cleanup", Time since last: 2000921447 ns, Reaching safepoint: 22672 ns, Cleanup: 14261 ns, At safepoint: 9643 ns, Total: 46576 ns
[2025-05-21T08:39:46.798+0000][73][info ][safepoint   ] Safepoint "Cleanup", Time since last: 6255574729 ns, Reaching safepoint: 7340 ns, Cleanup: 8498 ns, At safepoint: 3670 ns, Total: 19508 ns
[2025-05-21T08:39:48.120+0000][73][info ][safepoint   ] Safepoint "Cleanup", Time since last: 1321886102 ns, Reaching safepoint: 20405 ns, Cleanup: 20756 ns, At safepoint: 8854 ns, Total: 50015 ns
[2025-05-21T08:39:49.121+0000][73][info ][safepoint   ] Safepoint "Cleanup", Time since last: 1000649390 ns, Reaching safepoint: 34291 ns, Cleanup: 15269 ns, At safepoint: 9614 ns, Total: 59174 ns
[2025-05-21T08:39:50.121+0000][73][info ][safepoint   ] Safepoint "Cleanup", Time since last: 1000582942 ns, Reaching safepoint: 17979 ns, Cleanup: 17318 ns, At safepoint: 8245 ns, Total: 43542 ns
[2025-05-21T08:40:02.122+0000][73][info ][safepoint   ] Safepoint "Cleanup", Time since last: 12002589982 ns, Reaching safepoint: 33093 ns, Cleanup: 25745 ns, At safepoint: 20158 ns, Total: 78996 ns
[2025-05-21T08:40:03.561+0000][73][info ][safepoint   ] Safepoint "Cleanup", Time since last: 1439272439 ns, Reaching safepoint: 37082 ns, Cleanup: 20457 ns, At safepoint: 21301 ns, Total: 78840 ns
[2025-05-21T08:40:05.562+0000][73][info ][safepoint   ] Safepoint "Cleanup", Time since last: 2000803142 ns, Reaching safepoint: 27004 ns, Cleanup: 18165 ns, At safepoint: 12739 ns, Total: 57908 ns
[2025-05-21T08:40:15.565+0000][73][info ][safepoint   ] Safepoint "Cleanup", Time since last: 10002755404 ns, Reaching safepoint: 19382 ns, Cleanup: 17840 ns, At safepoint: 8088 ns, Total: 45310 ns
[2025-05-21T08:40:17.566+0000][73][info ][safepoint   ] Safepoint "Cleanup", Time since last: 2000986773 ns, Reaching safepoint: 62428 ns, Cleanup: 15942 ns, At safepoint: 13940 ns, Total: 92310 ns
[2025-05-21T08:40:23.568+0000][73][info ][safepoint   ] Safepoint "Cleanup", Time since last: 6002428032 ns, Reaching safepoint: 20078 ns, Cleanup: 15110 ns, At safepoint: 9784 ns, Total: 44972 ns
[2025-05-21T08:40:28.567+0000][73][info ][safepoint   ] Safepoint "Cleanup", Time since last: 5001353467 ns, Reaching safepoint: 34644 ns, Cleanup: 17820 ns, At safepoint: 19698 ns, Total: 72162 ns
[2025-05-21T08:40:29.567+0000][73][info ][safepoint   ] Safepoint "Cleanup", Time since last: 1000638736 ns, Reaching safepoint: 19716 ns, Cleanup: 13676 ns, At safepoint: 9075 ns, Total: 42467 ns
[2025-05-21T08:40:33.569+0000][73][info ][safepoint   ] Safepoint "Cleanup", Time since last: 4001128699 ns, Reaching safepoint: 43032 ns, Cleanup: 14224 ns, At safepoint: 8749 ns, Total: 66005 ns
[2025-05-21T08:40:38.570+0000][73][info ][safepoint   ] Safepoint "Cleanup", Time since last: 5001349532 ns, Reaching safepoint: 37828 ns, Cleanup: 19189 ns, At safepoint: 18652 ns, Total: 75669 ns
[2025-05-21T08:40:43.572+0000][73][info ][safepoint   ] Safepoint "Cleanup", Time since last: 5001403122 ns, Reaching safepoint: 25810 ns, Cleanup: 31847 ns, At safepoint: 14732 ns, Total: 72389 ns
[2025-05-21T08:40:45.573+0000][73][info ][safepoint   ] Safepoint "Cleanup", Time since last: 2000920820 ns, Reaching safepoint: 35685 ns, Cleanup: 17513 ns, At safepoint: 18118 ns, Total: 71316 ns
[2025-05-21T08:40:49.801+0000][73][info ][safepoint   ] Safepoint "Cleanup", Time since last: 4228427526 ns, Reaching safepoint: 117423 ns, Cleanup: 10083 ns, At safepoint: 68305 ns, Total: 195811 ns
[2025-05-21T08:40:51.170+0000][73][info ][safepoint   ] Safepoint "Cleanup", Time since last: 1369056463 ns, Reaching safepoint: 18977 ns, Cleanup: 19846 ns, At safepoint: 9620 ns, Total: 48443 ns
[2025-05-21T08:40:52.171+0000][73][info ][safepoint   ] Safepoint "Cleanup", Time since last: 1000587469 ns, Reaching safepoint: 99158 ns, Cleanup: 12573 ns, At safepoint: 38188 ns, Total: 149919 ns
[2025-05-21T08:40:53.172+0000][73][info ][safepoint   ] Safepoint "Cleanup", Time since last: 1000591031 ns, Reaching safepoint: 17939 ns, Cleanup: 14294 ns, At safepoint: 8423 ns, Total: 40656 ns
[2025-05-21T08:40:54.173+0000][73][info ][safepoint   ] Safepoint "Cleanup", Time since last: 1003815337 ns, Reaching safepoint: 33125 ns, Cleanup: 18497 ns, At safepoint: 18205 ns, Total: 69827 ns
[2025-05-21T08:40:56.175+0000][73][info ][safepoint   ] Safepoint "Cleanup", Time since last: 2000971594 ns, Reaching safepoint: 26610 ns, Cleanup: 17553 ns, At safepoint: 12607 ns, Total: 56770 ns
[2025-05-21T08:41:03.595+0000][73][info ][safepoint   ] Safepoint "Cleanup", Time since last: 7420391375 ns, Reaching safepoint: 36057 ns, Cleanup: 18299 ns, At safepoint: 17497 ns, Total: 71853 ns
[2025-05-21T08:41:07.806+0000][73][info ][safepoint   ] Safepoint "Cleanup", Time since last: 4210802125 ns, Reaching safepoint: 140595 ns, Cleanup: 17328 ns, At safepoint: 47350 ns, Total: 205273 ns
[2025-05-21T08:41:09.191+0000][73][info ][safepoint   ] Safepoint "Cleanup", Time since last: 1384864924 ns, Reaching safepoint: 35077 ns, Cleanup: 28831 ns, At safepoint: 17451 ns, Total: 81359 ns
[2025-05-21T08:41:10.192+0000][73][info ][safepoint   ] Safepoint "Cleanup", Time since last: 1001297816 ns, Reaching safepoint: 34879 ns, Cleanup: 17152 ns, At safepoint: 16834 ns, Total: 68865 ns
[2025-05-21T08:41:12.226+0000][73][info ][safepoint   ] Safepoint "Cleanup", Time since last: 2033394435 ns, Reaching safepoint: 20687 ns, Cleanup: 43341 ns, At safepoint: 10680 ns, Total: 74708 ns
[2025-05-21T08:41:15.259+0000][73][info ][safepoint   ] Safepoint "Cleanup", Time since last: 3032713638 ns, Reaching safepoint: 30859 ns, Cleanup: 15786 ns, At safepoint: 15468 ns, Total: 62113 ns
[2025-05-21T08:41:24.258+0000][73][info ][safepoint   ] Safepoint "Cleanup", Time since last: 9002014208 ns, Reaching safepoint: 47464 ns, Cleanup: 15531 ns, At safepoint: 9203 ns, Total: 72198 ns
[2025-05-21T08:41:38.583+0000][73][info ][safepoint   ] Safepoint "Cleanup", Time since last: 14324791571 ns, Reaching safepoint: 14906 ns, Cleanup: 14006 ns, At safepoint: 15671 ns, Total: 44583 ns
[2025-05-21T08:41:40.134+0000][73][info ][safepoint   ] Safepoint "Cleanup", Time since last: 1550942428 ns, Reaching safepoint: 81958 ns, Cleanup: 54921 ns, At safepoint: 22650 ns, Total: 159529 ns
[2025-05-21T08:41:48.136+0000][73][info ][safepoint   ] Safepoint "Cleanup", Time since last: 8002036583 ns, Reaching safepoint: 27377 ns, Cleanup: 44688 ns, At safepoint: 10790 ns, Total: 82855 ns
[2025-05-21T08:41:50.138+0000][73][info ][safepoint   ] Safepoint "Cleanup", Time since last: 2001696615 ns, Reaching safepoint: 32011 ns, Cleanup: 21078 ns, At safepoint: 13564 ns, Total: 66653 ns
[2025-05-21T08:41:52.139+0000][73][info ][safepoint   ] Safepoint "Cleanup", Time since last: 2000922900 ns, Reaching safepoint: 195988 ns, Cleanup: 18806 ns, At safepoint: 203143 ns, Total: 417937 ns
[2025-05-21T08:41:53.289+0000][73][info ][safepoint   ] Safepoint "Cleanup", Time since last: 1149462279 ns, Reaching safepoint: 16674 ns, Cleanup: 40315 ns, At safepoint: 95524 ns, Total: 152513 ns
[2025-05-21T08:41:54.334+0000][73][info ][safepoint   ] Safepoint "Cleanup", Time since last: 1046965929 ns, Reaching safepoint: 32049 ns, Cleanup: 114364 ns, At safepoint: 18841 ns, Total: 165254 ns
[2025-05-21T08:41:56.335+0000][73][info ][safepoint   ] Safepoint "Cleanup", Time since last: 2001039893 ns, Reaching safepoint: 19689 ns, Cleanup: 13339 ns, At safepoint: 9539 ns, Total: 42567 ns
[2025-05-21T08:42:03.630+0000][73][info ][safepoint   ] Safepoint "Cleanup", Time since last: 7295050947 ns, Reaching safepoint: 22505 ns, Cleanup: 16279 ns, At safepoint: 10661 ns, Total: 49445 ns
[2025-05-21T08:42:07.631+0000][73][info ][safepoint   ] Safepoint "Cleanup", Time since last: 4001147546 ns, Reaching safepoint: 76424 ns, Cleanup: 18036 ns, At safepoint: 33452 ns, Total: 127912 ns
[2025-05-21T08:42:10.632+0000][73][info ][safepoint   ] Safepoint "Cleanup", Time since last: 3001049987 ns, Reaching safepoint: 28074 ns, Cleanup: 21219 ns, At safepoint: 12958 ns, Total: 62251 ns
[2025-05-21T08:42:11.633+0000][73][info ][safepoint   ] Safepoint "Cleanup", Time since last: 1000754848 ns, Reaching safepoint: 30457 ns, Cleanup: 19105 ns, At safepoint: 11593 ns, Total: 61155 ns
[2025-05-21T08:42:13.634+0000][73][info ][safepoint   ] Safepoint "Cleanup", Time since last: 2000821347 ns, Reaching safepoint: 19880 ns, Cleanup: 15874 ns, At safepoint: 9850 ns, Total: 45604 ns
[2025-05-21T08:42:25.634+0000][73][info ][safepoint   ] Safepoint "Cleanup", Time since last: 12002679326 ns, Reaching safepoint: 31960 ns, Cleanup: 18733 ns, At safepoint: 17273 ns, Total: 67966 ns
[2025-05-21T08:42:28.635+0000][73][info ][safepoint   ] Safepoint "Cleanup", Time since last: 3001366948 ns, Reaching safepoint: 39384 ns, Cleanup: 20914 ns, At safepoint: 19287 ns, Total: 79585 ns
[2025-05-21T08:42:30.636+0000][73][info ][safepoint   ] Safepoint "Cleanup", Time since last: 2000900448 ns, Reaching safepoint: 20628 ns, Cleanup: 13775 ns, At safepoint: 9969 ns, Total: 44372 ns
[2025-05-21T08:42:32.638+0000][73][info ][safepoint   ] Safepoint "Cleanup", Time since last: 2001352706 ns, Reaching safepoint: 36027 ns, Cleanup: 17935 ns, At safepoint: 18609 ns, Total: 72571 ns
[2025-05-21T08:42:45.640+0000][73][info ][safepoint   ] Safepoint "Cleanup", Time since last: 13002757669 ns, Reaching safepoint: 27966 ns, Cleanup: 18880 ns, At safepoint: 12078 ns, Total: 58924 ns
[2025-05-21T08:42:47.641+0000][73][info ][safepoint   ] Safepoint "Cleanup", Time since last: 2000890620 ns, Reaching safepoint: 27258 ns, Cleanup: 16122 ns, At safepoint: 12781 ns, Total: 56161 ns
[2025-05-21T08:42:48.642+0000][73][info ][safepoint   ] Safepoint "Cleanup", Time since last: 1000649913 ns, Reaching safepoint: 28358 ns, Cleanup: 17808 ns, At safepoint: 12354 ns, Total: 58520 ns
[2025-05-21T08:42:50.643+0000][73][info ][safepoint   ] Safepoint "Cleanup", Time since last: 2000825220 ns, Reaching safepoint: 27491 ns, Cleanup: 18572 ns, At safepoint: 12859 ns, Total: 58922 ns
[2025-05-21T08:42:52.644+0000][73][info ][safepoint   ] Safepoint "Cleanup", Time since last: 2000819968 ns, Reaching safepoint: 33638 ns, Cleanup: 26929 ns, At safepoint: 12327 ns, Total: 72894 ns
[2025-05-21T08:42:53.645+0000][73][info ][safepoint   ] Safepoint "Cleanup", Time since last: 1000955818 ns, Reaching safepoint: 34687 ns, Cleanup: 20247 ns, At safepoint: 16223 ns, Total: 71157 ns
[2025-05-21T08:42:55.835+0000][73][info ][safepoint   ] Safepoint "Cleanup", Time since last: 2192189844 ns, Reaching safepoint: 6174 ns, Cleanup: 22219 ns, At safepoint: 13893 ns, Total: 42286 ns
[2025-05-21T08:42:57.382+0000][73][info ][safepoint   ] Safepoint "Cleanup", Time since last: 1546582976 ns, Reaching safepoint: 35157 ns, Cleanup: 28714 ns, At safepoint: 18743 ns, Total: 82614 ns
[2025-05-21T08:43:17.670+0000][73][info ][safepoint   ] Safepoint "Cleanup", Time since last: 20287910568 ns, Reaching safepoint: 78254 ns, Cleanup: 20789 ns, At safepoint: 18751 ns, Total: 117794 ns
[2025-05-21T08:43:20.671+0000][73][info ][safepoint   ] Safepoint "Cleanup", Time since last: 3001161250 ns, Reaching safepoint: 37087 ns, Cleanup: 28734 ns, At safepoint: 19058 ns, Total: 84879 ns
[2025-05-21T08:43:37.672+0000][73][info ][safepoint   ] Safepoint "Cleanup", Time since last: 17003679728 ns, Reaching safepoint: 81188 ns, Cleanup: 19642 ns, At safepoint: 36804 ns, Total: 137634 ns
[2025-05-21T08:43:50.675+0000][73][info ][safepoint   ] Safepoint "Cleanup", Time since last: 13002738272 ns, Reaching safepoint: 29061 ns, Cleanup: 16781 ns, At safepoint: 11562 ns, Total: 57404 ns
[2025-05-21T08:43:52.677+0000][73][info ][safepoint   ] Safepoint "Cleanup", Time since last: 2001574064 ns, Reaching safepoint: 82050 ns, Cleanup: 22802 ns, At safepoint: 22153 ns, Total: 127005 ns
[2025-05-21T08:43:58.802+0000][73][info ][safepoint   ] Safepoint "Cleanup", Time since last: 6126938981 ns, Reaching safepoint: 127212 ns, Cleanup: 10168 ns, At safepoint: 66163 ns, Total: 203543 ns
[2025-05-21T08:44:00.433+0000][73][info ][safepoint   ] Safepoint "Cleanup", Time since last: 1630921959 ns, Reaching safepoint: 26820 ns, Cleanup: 22260 ns, At safepoint: 9813 ns, Total: 58893 ns
[2025-05-21T08:44:20.704+0000][73][info ][safepoint   ] Safepoint "Cleanup", Time since last: 20271281679 ns, Reaching safepoint: 84082 ns, Cleanup: 16677 ns, At safepoint: 19803 ns, Total: 120562 ns
[2025-05-21T08:44:23.705+0000][73][info ][safepoint   ] Safepoint "Cleanup", Time since last: 3001019722 ns, Reaching safepoint: 164879 ns, Cleanup: 26298 ns, At safepoint: 15688 ns, Total: 206865 ns
[2025-05-21T08:44:26.705+0000][73][info ][safepoint   ] Safepoint "Cleanup", Time since last: 3001828680 ns, Reaching safepoint: 36239 ns, Cleanup: 17780 ns, At safepoint: 18959 ns, Total: 72978 ns
[2025-05-21T08:44:29.706+0000][73][info ][safepoint   ] Safepoint "Cleanup", Time since last: 3001230530 ns, Reaching safepoint: 35790 ns, Cleanup: 19973 ns, At safepoint: 18761 ns, Total: 74524 ns
[2025-05-21T08:44:30.707+0000][73][info ][safepoint   ] Safepoint "Cleanup", Time since last: 1000715153 ns, Reaching safepoint: 36799 ns, Cleanup: 69884 ns, At safepoint: 19578 ns, Total: 126261 ns
[2025-05-21T08:44:32.708+0000][73][info ][safepoint   ] Safepoint "Cleanup", Time since last: 2000883233 ns, Reaching safepoint: 36230 ns, Cleanup: 18085 ns, At safepoint: 18155 ns, Total: 72470 ns
[2025-05-21T08:44:35.710+0000][73][info ][safepoint   ] Safepoint "Cleanup", Time since last: 3002197328 ns, Reaching safepoint: 32190 ns, Cleanup: 20128 ns, At safepoint: 47492 ns, Total: 99810 ns
[2025-05-21T08:44:59.713+0000][73][info ][safepoint   ] Safepoint "Cleanup", Time since last: 24004887846 ns, Reaching safepoint: 180014 ns, Cleanup: 17641 ns, At safepoint: 14858 ns, Total: 212513 ns
[2025-05-21T08:45:00.714+0000][73][info ][safepoint   ] Safepoint "Cleanup", Time since last: 1000588398 ns, Reaching safepoint: 27260 ns, Cleanup: 15995 ns, At safepoint: 12827 ns, Total: 56082 ns
[2025-05-21T08:45:01.718+0000][73][info ][safepoint   ] Safepoint "Cleanup", Time since last: 1003965121 ns, Reaching safepoint: 27811 ns, Cleanup: 17478 ns, At safepoint: 12690 ns, Total: 57979 ns
[2025-05-21T08:45:02.738+0000][73][info ][safepoint   ] Safepoint "Cleanup", Time since last: 1020137486 ns, Reaching safepoint: 7821 ns, Cleanup: 38254 ns, At safepoint: 3888 ns, Total: 49963 ns
[2025-05-21T08:45:04.739+0000][73][info ][safepoint   ] Safepoint "Cleanup", Time since last: 2001026400 ns, Reaching safepoint: 21616 ns, Cleanup: 16896 ns, At safepoint: 10117 ns, Total: 48629 ns
[2025-05-21T08:45:14.742+0000][73][info ][safepoint   ] Safepoint "Cleanup", Time since last: 10002566041 ns, Reaching safepoint: 80391 ns, Cleanup: 20280 ns, At safepoint: 19495 ns, Total: 120166 ns
[2025-05-21T08:45:33.744+0000][73][info ][safepoint   ] Safepoint "Cleanup", Time since last: 19004421072 ns, Reaching safepoint: 35088 ns, Cleanup: 18977 ns, At safepoint: 16455 ns, Total: 70520 ns
[2025-05-21T08:45:48.748+0000][73][info ][safepoint   ] Safepoint "Cleanup", Time since last: 15003275989 ns, Reaching safepoint: 296621 ns, Cleanup: 19814 ns, At safepoint: 21829 ns, Total: 338264 ns
[2025-05-21T08:45:58.748+0000][73][info ][safepoint   ] Safepoint "Cleanup", Time since last: 10002212313 ns, Reaching safepoint: 258506 ns, Cleanup: 15151 ns, At safepoint: 56298 ns, Total: 329955 ns
[2025-05-21T08:46:04.774+0000][73][info ][safepoint   ] Safepoint "Cleanup", Time since last: 6026715674 ns, Reaching safepoint: 112551 ns, Cleanup: 18726 ns, At safepoint: 48749 ns, Total: 180026 ns
[2025-05-21T08:46:06.541+0000][73][info ][safepoint   ] Safepoint "Cleanup", Time since last: 1766825265 ns, Reaching safepoint: 28179 ns, Cleanup: 17957 ns, At safepoint: 11288 ns, Total: 57424 ns
[2025-05-21T08:46:08.543+0000][73][info ][safepoint   ] Safepoint "Cleanup", Time since last: 2001662499 ns, Reaching safepoint: 66022 ns, Cleanup: 14917 ns, At safepoint: 11781 ns, Total: 92720 ns
[2025-05-21T08:46:10.773+0000][73][info ][safepoint   ] Safepoint "Cleanup", Time since last: 2230252858 ns, Reaching safepoint: 56267 ns, Cleanup: 12348 ns, At safepoint: 42525 ns, Total: 111140 ns
[2025-05-21T08:46:12.564+0000][73][info ][safepoint   ] Safepoint "Cleanup", Time since last: 1790481020 ns, Reaching safepoint: 34278 ns, Cleanup: 23908 ns, At safepoint: 18158 ns, Total: 76344 ns
[2025-05-21T08:46:13.800+0000][73][info ][safepoint   ] Safepoint "Cleanup", Time since last: 1235534688 ns, Reaching safepoint: 8456 ns, Cleanup: 14009 ns, At safepoint: 4094 ns, Total: 26559 ns
[2025-05-21T08:46:15.606+0000][73][info ][safepoint   ] Safepoint "Cleanup", Time since last: 1806230278 ns, Reaching safepoint: 32988 ns, Cleanup: 21624 ns, At safepoint: 18376 ns, Total: 72988 ns
[2025-05-21T08:46:20.636+0000][73][info ][safepoint   ] Safepoint "Cleanup", Time since last: 5029541162 ns, Reaching safepoint: 67648 ns, Cleanup: 19565 ns, At safepoint: 21574 ns, Total: 108787 ns
[2025-05-21T08:46:23.637+0000][73][info ][safepoint   ] Safepoint "Cleanup", Time since last: 3001039286 ns, Reaching safepoint: 27547 ns, Cleanup: 16264 ns, At safepoint: 11250 ns, Total: 55061 ns
[2025-05-21T08:46:26.644+0000][73][info ][safepoint   ] Safepoint "Cleanup", Time since last: 3009848383 ns, Reaching safepoint: 176412 ns, Cleanup: 22871 ns, At safepoint: 25807 ns, Total: 225090 ns
[2025-05-21T08:46:35.647+0000][73][info ][safepoint   ] Safepoint "Cleanup", Time since last: 9002393068 ns, Reaching safepoint: 34798 ns, Cleanup: 18387 ns, At safepoint: 16091 ns, Total: 69276 ns
[2025-05-21T08:46:38.581+0000][73][info ][safepoint   ] Safepoint "Cleanup", Time since last: 2933757886 ns, Reaching safepoint: 19750 ns, Cleanup: 23252 ns, At safepoint: 22262 ns, Total: 65264 ns
[2025-05-21T08:46:45.375+0000][73][info ][safepoint   ] Safepoint "Cleanup", Time since last: 6793959448 ns, Reaching safepoint: 141072 ns, Cleanup: 22998 ns, At safepoint: 13273 ns, Total: 177343 ns
[2025-05-21T08:46:52.377+0000][73][info ][safepoint   ] Safepoint "Cleanup", Time since last: 7001598889 ns, Reaching safepoint: 32446 ns, Cleanup: 25407 ns, At safepoint: 17058 ns, Total: 74911 ns
[2025-05-21T08:46:52.764+0000][73][info ][gc,start    ] GC(20) Pause Young (Normal) (G1 Evacuation Pause)
[2025-05-21T08:46:52.765+0000][73][info ][gc,task     ] GC(20) Using 10 workers of 10 for evacuation
[2025-05-21T08:46:52.766+0000][73][debug][gc,age      ] GC(20) Desired survivor size 33554432 bytes, new threshold 15 (max threshold 15)
[2025-05-21T08:46:52.824+0000][73][info ][gc,phases   ] GC(20)   Pre Evacuate Collection Set: 6.08ms
[2025-05-21T08:46:52.824+0000][73][info ][gc,phases   ] GC(20)   Merge Heap Roots: 1.20ms
[2025-05-21T08:46:52.824+0000][73][info ][gc,phases   ] GC(20)   Evacuate Collection Set: 44.02ms
[2025-05-21T08:46:52.825+0000][73][info ][gc,phases   ] GC(20)   Post Evacuate Collection Set: 5.95ms
[2025-05-21T08:46:52.825+0000][73][info ][gc,phases   ] GC(20)   Other: 1.63ms
[2025-05-21T08:46:52.826+0000][73][trace][gc,age      ] GC(20) Age table with threshold 15 (max threshold 15)
[2025-05-21T08:46:52.826+0000][73][trace][gc,age      ] GC(20) - age   1:    1328920 bytes,    1328920 total
[2025-05-21T08:46:52.826+0000][73][trace][gc,age      ] GC(20) - age   2:     198040 bytes,    1526960 total
[2025-05-21T08:46:52.827+0000][73][trace][gc,age      ] GC(20) - age   3:    1500232 bytes,    3027192 total
[2025-05-21T08:46:52.827+0000][73][trace][gc,age      ] GC(20) - age   4:     794328 bytes,    3821520 total
[2025-05-21T08:46:52.827+0000][73][trace][gc,age      ] GC(20) - age   5:    1331984 bytes,    5153504 total
[2025-05-21T08:46:52.828+0000][73][trace][gc,age      ] GC(20) - age   6:    3734600 bytes,    8888104 total
[2025-05-21T08:46:52.828+0000][73][trace][gc,age      ] GC(20) - age   7:    1843848 bytes,   10731952 total
[2025-05-21T08:46:52.829+0000][73][trace][gc,age      ] GC(20) - age   8:     296416 bytes,   11028368 total
[2025-05-21T08:46:52.829+0000][73][info ][gc,heap     ] GC(20) Eden regions: 119->0(169)
[2025-05-21T08:46:52.830+0000][73][info ][gc,heap     ] GC(20) Survivor regions: 3->3(16)
[2025-05-21T08:46:52.830+0000][73][info ][gc,heap     ] GC(20) Old regions: 27->27
[2025-05-21T08:46:52.830+0000][73][info ][gc,heap     ] GC(20) Humongous regions: 0->0
[2025-05-21T08:46:52.831+0000][73][info ][gc,metaspace] GC(20) Metaspace: 146630K(150656K)->146630K(150656K) NonClass: 126543K(128768K)->126543K(128768K) Class: 20086K(21888K)->20086K(21888K)
[2025-05-21T08:46:52.831+0000][73][info ][gc          ] GC(20) Pause Young (Normal) (G1 Evacuation Pause) 594M->118M(3880M) 67.533ms
[2025-05-21T08:46:52.832+0000][73][info ][gc,cpu      ] GC(20) User=0.46s Sys=0.01s Real=0.07s
[2025-05-21T08:46:52.832+0000][73][info ][safepoint   ] Safepoint "G1CollectForAllocation", Time since last: 385191839 ns, Reaching safepoint: 32582 ns, Cleanup: 6325 ns, At safepoint: 70553387 ns, Total: 70592294 ns
[2025-05-21T08:46:53.833+0000][73][info ][safepoint   ] Safepoint "Cleanup", Time since last: 1000547535 ns, Reaching safepoint: 47900 ns, Cleanup: 15560 ns, At safepoint: 11603 ns, Total: 75063 ns
[2025-05-21T08:47:00.833+0000][73][info ][safepoint   ] Safepoint "Cleanup", Time since last: 7002063594 ns, Reaching safepoint: 112060 ns, Cleanup: 24089 ns, At safepoint: 14424 ns, Total: 150573 ns
[2025-05-21T08:47:01.833+0000][73][info ][safepoint   ] Safepoint "Cleanup", Time since last: 1000678216 ns, Reaching safepoint: 32379 ns, Cleanup: 16462 ns, At safepoint: 16465 ns, Total: 65306 ns
[2025-05-21T08:47:08.668+0000][73][info ][safepoint   ] Safepoint "Cleanup", Time since last: 6834391521 ns, Reaching safepoint: 6815 ns, Cleanup: 8221 ns, At safepoint: 15750 ns, Total: 30786 ns
[2025-05-21T08:47:09.690+0000][73][info ][safepoint   ] Safepoint "Cleanup", Time since last: 1022048136 ns, Reaching safepoint: 32853 ns, Cleanup: 19759 ns, At safepoint: 17494 ns, Total: 70106 ns
[2025-05-21T08:47:18.692+0000][73][info ][safepoint   ] Safepoint "Cleanup", Time since last: 9002005777 ns, Reaching safepoint: 80646 ns, Cleanup: 24696 ns, At safepoint: 21409 ns, Total: 126751 ns
[2025-05-21T08:47:41.693+0000][73][info ][safepoint   ] Safepoint "Cleanup", Time since last: 23003998888 ns, Reaching safepoint: 43487 ns, Cleanup: 13220 ns, At safepoint: 8243 ns, Total: 64950 ns
[2025-05-21T08:47:43.694+0000][73][info ][safepoint   ] Safepoint "Cleanup", Time since last: 2000895785 ns, Reaching safepoint: 39803 ns, Cleanup: 13792 ns, At safepoint: 7877 ns, Total: 61472 ns
[2025-05-21T08:47:45.695+0000][73][info ][safepoint   ] Safepoint "Cleanup", Time since last: 2000865058 ns, Reaching safepoint: 26718 ns, Cleanup: 14444 ns, At safepoint: 11866 ns, Total: 53028 ns
[2025-05-21T08:47:50.697+0000][73][info ][safepoint   ] Safepoint "Cleanup", Time since last: 5001729909 ns, Reaching safepoint: 112176 ns, Cleanup: 22450 ns, At safepoint: 18730 ns, Total: 153356 ns
[2025-05-21T08:47:52.698+0000][73][info ][safepoint   ] Safepoint "Cleanup", Time since last: 2000772893 ns, Reaching safepoint: 21950 ns, Cleanup: 18587 ns, At safepoint: 9674 ns, Total: 50211 ns
[2025-05-21T08:48:07.848+0000][73][info ][safepoint   ] Safepoint "Cleanup", Time since last: 15152408392 ns, Reaching safepoint: 99168 ns, Cleanup: 22179 ns, At safepoint: 23493 ns, Total: 144840 ns
[2025-05-21T08:48:10.767+0000][73][info ][safepoint   ] Safepoint "Cleanup", Time since last: 2918447119 ns, Reaching safepoint: 191766 ns, Cleanup: 10993 ns, At safepoint: 78652 ns, Total: 281411 ns
[2025-05-21T08:48:12.730+0000][73][info ][safepoint   ] Safepoint "Cleanup", Time since last: 1963337400 ns, Reaching safepoint: 60252 ns, Cleanup: 23880 ns, At safepoint: 15169 ns, Total: 99301 ns
[2025-05-21T08:48:22.732+0000][73][info ][safepoint   ] Safepoint "Cleanup", Time since last: 10001920191 ns, Reaching safepoint: 68985 ns, Cleanup: 14640 ns, At safepoint: 11125 ns, Total: 94750 ns
[2025-05-21T08:48:23.733+0000][73][info ][safepoint   ] Safepoint "Cleanup", Time since last: 1000695865 ns, Reaching safepoint: 37252 ns, Cleanup: 24179 ns, At safepoint: 19649 ns, Total: 81080 ns
[2025-05-21T08:48:29.733+0000][73][info ][safepoint   ] Safepoint "Cleanup", Time since last: 6001352340 ns, Reaching safepoint: 64387 ns, Cleanup: 18911 ns, At safepoint: 15965 ns, Total: 99263 ns
[2025-05-21T08:48:30.734+0000][73][info ][safepoint   ] Safepoint "Cleanup", Time since last: 1000684058 ns, Reaching safepoint: 33142 ns, Cleanup: 19817 ns, At safepoint: 18863 ns, Total: 71822 ns
[2025-05-21T08:48:52.749+0000][73][info ][safepoint   ] Safepoint "Cleanup", Time since last: 22015394965 ns, Reaching safepoint: 81726 ns, Cleanup: 17394 ns, At safepoint: 35735 ns, Total: 134855 ns
[2025-05-21T08:49:04.880+0000][73][info ][safepoint   ] Safepoint "Cleanup", Time since last: 12133469923 ns, Reaching safepoint: 20198 ns, Cleanup: 13642 ns, At safepoint: 9614 ns, Total: 43454 ns
[2025-05-21T08:49:10.882+0000][73][info ][safepoint   ] Safepoint "Cleanup", Time since last: 6001423395 ns, Reaching safepoint: 27004 ns, Cleanup: 15057 ns, At safepoint: 11858 ns, Total: 53919 ns
[2025-05-21T08:49:12.883+0000][73][info ][safepoint   ] Safepoint "Cleanup", Time since last: 2001005999 ns, Reaching safepoint: 40728 ns, Cleanup: 25157 ns, At safepoint: 16963 ns, Total: 82848 ns
[2025-05-21T08:49:13.906+0000][73][info ][safepoint   ] Safepoint "Cleanup", Time since last: 1023796783 ns, Reaching safepoint: 20199 ns, Cleanup: 24717 ns, At safepoint: 30347 ns, Total: 75263 ns
[2025-05-21T08:49:15.783+0000][73][info ][safepoint   ] Safepoint "Cleanup", Time since last: 1875930190 ns, Reaching safepoint: 77854 ns, Cleanup: 21520 ns, At safepoint: 17766 ns, Total: 117140 ns
[2025-05-21T08:49:20.784+0000][73][info ][safepoint   ] Safepoint "Cleanup", Time since last: 5001134745 ns, Reaching safepoint: 21079 ns, Cleanup: 16868 ns, At safepoint: 10889 ns, Total: 48836 ns
[2025-05-21T08:49:28.783+0000][73][info ][safepoint   ] Safepoint "Cleanup", Time since last: 8001849709 ns, Reaching safepoint: 31858 ns, Cleanup: 16608 ns, At safepoint: 16240 ns, Total: 64706 ns
[2025-05-21T08:49:32.784+0000][73][info ][safepoint   ] Safepoint "Cleanup", Time since last: 4001238941 ns, Reaching safepoint: 68940 ns, Cleanup: 19271 ns, At safepoint: 31043 ns, Total: 119254 ns
[2025-05-21T08:49:43.787+0000][73][info ][safepoint   ] Safepoint "Cleanup", Time since last: 11002333380 ns, Reaching safepoint: 45120 ns, Cleanup: 21910 ns, At safepoint: 18910 ns, Total: 85940 ns
[2025-05-21T08:49:52.789+0000][73][info ][safepoint   ] Safepoint "Cleanup", Time since last: 9002037243 ns, Reaching safepoint: 22036 ns, Cleanup: 15799 ns, At safepoint: 10537 ns, Total: 48372 ns
[2025-05-21T08:49:58.789+0000][73][info ][safepoint   ] Safepoint "Cleanup", Time since last: 6001424808 ns, Reaching safepoint: 189416 ns, Cleanup: 24975 ns, At safepoint: 23051 ns, Total: 237442 ns
[2025-05-21T08:50:16.780+0000][73][info ][safepoint   ] Safepoint "Cleanup", Time since last: 17990196728 ns, Reaching safepoint: 647292 ns, Cleanup: 16492 ns, At safepoint: 138274 ns, Total: 802058 ns
[2025-05-21T08:50:17.816+0000][73][info ][safepoint   ] Safepoint "Cleanup", Time since last: 1036540565 ns, Reaching safepoint: 6914 ns, Cleanup: 43039 ns, At safepoint: 15041 ns, Total: 64994 ns
[2025-05-21T08:50:19.850+0000][73][info ][safepoint   ] Safepoint "Cleanup", Time since last: 2034013194 ns, Reaching safepoint: 31281 ns, Cleanup: 21856 ns, At safepoint: 17190 ns, Total: 70327 ns
[2025-05-21T08:50:28.850+0000][73][info ][safepoint   ] Safepoint "Cleanup", Time since last: 9002098221 ns, Reaching safepoint: 105393 ns, Cleanup: 15443 ns, At safepoint: 10323 ns, Total: 131159 ns
[2025-05-21T08:50:30.851+0000][73][info ][safepoint   ] Safepoint "Cleanup", Time since last: 2001379978 ns, Reaching safepoint: 71621 ns, Cleanup: 21172 ns, At safepoint: 16472 ns, Total: 109265 ns
[2025-05-21T08:50:33.852+0000][73][info ][safepoint   ] Safepoint "Cleanup", Time since last: 3001077753 ns, Reaching safepoint: 39502 ns, Cleanup: 14559 ns, At safepoint: 8598 ns, Total: 62659 ns
[2025-05-21T08:50:40.854+0000][73][info ][safepoint   ] Safepoint "Cleanup", Time since last: 7001736266 ns, Reaching safepoint: 28601 ns, Cleanup: 19582 ns, At safepoint: 12436 ns, Total: 60619 ns
[2025-05-21T08:50:43.856+0000][73][info ][safepoint   ] Safepoint "Cleanup", Time since last: 3001484049 ns, Reaching safepoint: 27147 ns, Cleanup: 17575 ns, At safepoint: 12359 ns, Total: 57081 ns
[2025-05-21T08:50:51.858+0000][73][info ][safepoint   ] Safepoint "Cleanup", Time since last: 8002567891 ns, Reaching safepoint: 47739 ns, Cleanup: 18277 ns, At safepoint: 117666 ns, Total: 183682 ns
[2025-05-21T08:50:53.859+0000][73][info ][safepoint   ] Safepoint "Cleanup", Time since last: 2000827532 ns, Reaching safepoint: 34148 ns, Cleanup: 21876 ns, At safepoint: 18471 ns, Total: 74495 ns
[2025-05-21T08:50:55.858+0000][73][info ][safepoint   ] Safepoint "Cleanup", Time since last: 2000867911 ns, Reaching safepoint: 34451 ns, Cleanup: 18951 ns, At safepoint: 18217 ns, Total: 71619 ns
[2025-05-21T08:50:58.859+0000][73][info ][safepoint   ] Safepoint "Cleanup", Time since last: 3000994529 ns, Reaching safepoint: 27020 ns, Cleanup: 17540 ns, At safepoint: 40463 ns, Total: 85023 ns
[2025-05-21T08:51:02.889+0000][73][info ][safepoint   ] Safepoint "Cleanup", Time since last: 4029206995 ns, Reaching safepoint: 31604 ns, Cleanup: 164105 ns, At safepoint: 28725 ns, Total: 224434 ns
[2025-05-21T08:51:10.758+0000][73][info ][safepoint   ] Safepoint "Cleanup", Time since last: 7869161199 ns, Reaching safepoint: 14321 ns, Cleanup: 22339 ns, At safepoint: 21178 ns, Total: 57838 ns
[2025-05-21T08:51:11.879+0000][73][info ][safepoint   ] Safepoint "Cleanup", Time since last: 1120485752 ns, Reaching safepoint: 17684 ns, Cleanup: 110503 ns, At safepoint: 43739 ns, Total: 171926 ns
[2025-05-21T08:51:12.922+0000][73][info ][safepoint   ] Safepoint "Cleanup", Time since last: 1042935768 ns, Reaching safepoint: 36893 ns, Cleanup: 24832 ns, At safepoint: 22071 ns, Total: 83796 ns
[2025-05-21T08:51:13.927+0000][73][info ][safepoint   ] Safepoint "Cleanup", Time since last: 1005522449 ns, Reaching safepoint: 17948 ns, Cleanup: 21325 ns, At safepoint: 20848 ns, Total: 60121 ns
[2025-05-21T08:51:14.943+0000][73][info ][safepoint   ] Safepoint "Cleanup", Time since last: 1015502288 ns, Reaching safepoint: 33460 ns, Cleanup: 20615 ns, At safepoint: 16532 ns, Total: 70607 ns
[2025-05-21T08:51:16.886+0000][73][info ][safepoint   ] Safepoint "Cleanup", Time since last: 1942941336 ns, Reaching safepoint: 14679 ns, Cleanup: 11454 ns, At safepoint: 37758 ns, Total: 63891 ns
[2025-05-21T08:51:17.900+0000][73][info ][safepoint   ] Safepoint "Cleanup", Time since last: 1014425132 ns, Reaching safepoint: 41524 ns, Cleanup: 24639 ns, At safepoint: 17563 ns, Total: 83726 ns
[2025-05-21T08:51:19.039+0000][73][info ][safepoint   ] Safepoint "Cleanup", Time since last: 1138668582 ns, Reaching safepoint: 26981 ns, Cleanup: 15329 ns, At safepoint: 11229 ns, Total: 53539 ns
[2025-05-21T08:51:20.047+0000][73][info ][safepoint   ] Safepoint "Cleanup", Time since last: 1007617025 ns, Reaching safepoint: 87374 ns, Cleanup: 12111 ns, At safepoint: 17533 ns, Total: 117018 ns
[2025-05-21T08:51:29.055+0000][73][info ][safepoint   ] Safepoint "Cleanup", Time since last: 9010869338 ns, Reaching safepoint: 46596 ns, Cleanup: 19726 ns, At safepoint: 20097 ns, Total: 86419 ns
[2025-05-21T08:51:40.805+0000][73][info ][safepoint   ] Safepoint "Cleanup", Time since last: 11749720915 ns, Reaching safepoint: 34834 ns, Cleanup: 21017 ns, At safepoint: 11585 ns, Total: 67436 ns
[2025-05-21T08:51:50.807+0000][73][info ][safepoint   ] Safepoint "Cleanup", Time since last: 10001636678 ns, Reaching safepoint: 66765 ns, Cleanup: 14825 ns, At safepoint: 11057 ns, Total: 92647 ns
[2025-05-21T08:51:52.807+0000][73][info ][safepoint   ] Safepoint "Cleanup", Time since last: 2000697234 ns, Reaching safepoint: 69951 ns, Cleanup: 17130 ns, At safepoint: 11719 ns, Total: 98800 ns
[2025-05-21T08:51:55.806+0000][73][info ][safepoint   ] Safepoint "Cleanup", Time since last: 3001086338 ns, Reaching safepoint: 18936 ns, Cleanup: 13634 ns, At safepoint: 9268 ns, Total: 41838 ns
[2025-05-21T08:52:09.120+0000][73][info ][safepoint   ] Safepoint "Cleanup", Time since last: 13314498383 ns, Reaching safepoint: 20849 ns, Cleanup: 16983 ns, At safepoint: 11259 ns, Total: 49091 ns
[2025-05-21T08:52:17.122+0000][73][info ][safepoint   ] Safepoint "Cleanup", Time since last: 8001823477 ns, Reaching safepoint: 33189 ns, Cleanup: 19876 ns, At safepoint: 17105 ns, Total: 70170 ns
[2025-05-21T08:52:23.098+0000][73][info ][safepoint   ] Safepoint "Cleanup", Time since last: 5975849376 ns, Reaching safepoint: 15300 ns, Cleanup: 12685 ns, At safepoint: 74571 ns, Total: 102556 ns
[2025-05-21T08:52:24.125+0000][73][info ][safepoint   ] Safepoint "Cleanup", Time since last: 1028177683 ns, Reaching safepoint: 34503 ns, Cleanup: 19760 ns, At safepoint: 17254 ns, Total: 71517 ns
[2025-05-21T08:52:25.126+0000][73][info ][safepoint   ] Safepoint "Cleanup", Time since last: 1000707915 ns, Reaching safepoint: 35093 ns, Cleanup: 17441 ns, At safepoint: 19572 ns, Total: 72106 ns
[2025-05-21T08:52:39.129+0000][73][info ][safepoint   ] Safepoint "Cleanup", Time since last: 14003006775 ns, Reaching safepoint: 61567 ns, Cleanup: 15753 ns, At safepoint: 13170 ns, Total: 90490 ns
[2025-05-21T08:52:41.132+0000][73][info ][safepoint   ] Safepoint "Cleanup", Time since last: 2003375316 ns, Reaching safepoint: 20387 ns, Cleanup: 15042 ns, At safepoint: 9293 ns, Total: 44722 ns
[2025-05-21T08:52:45.133+0000][73][info ][safepoint   ] Safepoint "Cleanup", Time since last: 4001040045 ns, Reaching safepoint: 16677 ns, Cleanup: 12571 ns, At safepoint: 7977 ns, Total: 37225 ns
[2025-05-21T08:52:48.135+0000][73][info ][safepoint   ] Safepoint "Cleanup", Time since last: 3001374333 ns, Reaching safepoint: 33507 ns, Cleanup: 17901 ns, At safepoint: 18253 ns, Total: 69661 ns
[2025-05-21T08:52:53.136+0000][73][info ][safepoint   ] Safepoint "Cleanup", Time since last: 5001429556 ns, Reaching safepoint: 27166 ns, Cleanup: 14921 ns, At safepoint: 10087 ns, Total: 52174 ns
[2025-05-21T08:52:56.135+0000][73][info ][safepoint   ] Safepoint "Cleanup", Time since last: 3001008129 ns, Reaching safepoint: 37172 ns, Cleanup: 27180 ns, At safepoint: 14274 ns, Total: 78626 ns
[2025-05-21T08:53:14.156+0000][73][info ][safepoint   ] Safepoint "Cleanup", Time since last: 18021213958 ns, Reaching safepoint: 268803 ns, Cleanup: 16834 ns, At safepoint: 19197 ns, Total: 304834 ns
[2025-05-21T08:53:23.158+0000][73][info ][safepoint   ] Safepoint "Cleanup", Time since last: 9001993964 ns, Reaching safepoint: 32075 ns, Cleanup: 20557 ns, At safepoint: 16237 ns, Total: 68869 ns
[2025-05-21T08:53:25.775+0000][73][info ][safepoint   ] Safepoint "Cleanup", Time since last: 2618390682 ns, Reaching safepoint: 1045857 ns, Cleanup: 22538 ns, At safepoint: 150792 ns, Total: 1219187 ns
[2025-05-21T08:53:27.173+0000][73][info ][safepoint   ] Safepoint "Cleanup", Time since last: 1397295304 ns, Reaching safepoint: 32088 ns, Cleanup: 19451 ns, At safepoint: 17126 ns, Total: 68665 ns
[2025-05-21T08:53:30.174+0000][73][info ][safepoint   ] Safepoint "Cleanup", Time since last: 3001136536 ns, Reaching safepoint: 32576 ns, Cleanup: 16777 ns, At safepoint: 16359 ns, Total: 65712 ns
[2025-05-21T08:53:32.175+0000][73][info ][safepoint   ] Safepoint "Cleanup", Time since last: 2000841915 ns, Reaching safepoint: 186231 ns, Cleanup: 12494 ns, At safepoint: 59818 ns, Total: 258543 ns
[2025-05-21T08:53:41.177+0000][73][info ][safepoint   ] Safepoint "Cleanup", Time since last: 9001940275 ns, Reaching safepoint: 47962 ns, Cleanup: 17648 ns, At safepoint: 9110 ns, Total: 74720 ns
[2025-05-21T08:53:59.178+0000][73][info ][safepoint   ] Safepoint "Cleanup", Time since last: 18003528318 ns, Reaching safepoint: 32299 ns, Cleanup: 17163 ns, At safepoint: 16355 ns, Total: 65817 ns
[2025-05-21T08:54:09.190+0000][73][info ][safepoint   ] Safepoint "Cleanup", Time since last: 10011744788 ns, Reaching safepoint: 72123 ns, Cleanup: 23335 ns, At safepoint: 16925 ns, Total: 112383 ns
[2025-05-21T08:54:19.192+0000][73][info ][safepoint   ] Safepoint "Cleanup", Time since last: 10002049382 ns, Reaching safepoint: 29963 ns, Cleanup: 16593 ns, At safepoint: 11982 ns, Total: 58538 ns
[2025-05-21T08:54:20.193+0000][73][info ][safepoint   ] Safepoint "Cleanup", Time since last: 1001152440 ns, Reaching safepoint: 33920 ns, Cleanup: 18063 ns, At safepoint: 16256 ns, Total: 68239 ns
[2025-05-21T08:54:23.195+0000][73][info ][safepoint   ] Safepoint "Cleanup", Time since last: 3001051799 ns, Reaching safepoint: 47541 ns, Cleanup: 13561 ns, At safepoint: 11061 ns, Total: 72163 ns
[2025-05-21T08:54:28.768+0000][73][info ][safepoint   ] Safepoint "Cleanup", Time since last: 5576503427 ns, Reaching safepoint: 15447 ns, Cleanup: 10095 ns, At safepoint: 22264 ns, Total: 47806 ns
[2025-05-21T08:54:30.227+0000][73][info ][safepoint   ] Safepoint "Cleanup", Time since last: 1458209673 ns, Reaching safepoint: 28362 ns, Cleanup: 17249 ns, At safepoint: 11924 ns, Total: 57535 ns
[2025-05-21T08:54:38.229+0000][73][info ][safepoint   ] Safepoint "Cleanup", Time since last: 8002084084 ns, Reaching safepoint: 34884 ns, Cleanup: 16980 ns, At safepoint: 17532 ns, Total: 69396 ns
[2025-05-21T08:54:52.232+0000][73][info ][safepoint   ] Safepoint "Cleanup", Time since last: 14002747544 ns, Reaching safepoint: 81934 ns, Cleanup: 23531 ns, At safepoint: 33083 ns, Total: 138548 ns
[2025-05-21T08:55:02.232+0000][73][info ][safepoint   ] Safepoint "Cleanup", Time since last: 10002228269 ns, Reaching safepoint: 47288 ns, Cleanup: 17848 ns, At safepoint: 18224 ns, Total: 83360 ns
[2025-05-21T08:55:05.223+0000][73][info ][safepoint   ] Safepoint "Cleanup", Time since last: 2990394852 ns, Reaching safepoint: 21715 ns, Cleanup: 14765 ns, At safepoint: 9210 ns, Total: 45690 ns
[2025-05-21T08:55:09.224+0000][73][info ][safepoint   ] Safepoint "Cleanup", Time since last: 4001183945 ns, Reaching safepoint: 20105 ns, Cleanup: 16555 ns, At safepoint: 9965 ns, Total: 46625 ns
[2025-05-21T08:55:31.781+0000][73][info ][safepoint   ] Safepoint "Cleanup", Time since last: 22558818698 ns, Reaching safepoint: 249809 ns, Cleanup: 12762 ns, At safepoint: 75389 ns, Total: 337960 ns
[2025-05-21T08:55:33.277+0000][73][info ][safepoint   ] Safepoint "Cleanup", Time since last: 1496596153 ns, Reaching safepoint: 38601 ns, Cleanup: 27147 ns, At safepoint: 21647 ns, Total: 87395 ns
[2025-05-21T08:55:34.278+0000][73][info ][safepoint   ] Safepoint "Cleanup", Time since last: 1000731823 ns, Reaching safepoint: 26197 ns, Cleanup: 15034 ns, At safepoint: 16399 ns, Total: 57630 ns
[2025-05-21T08:55:45.286+0000][73][info ][safepoint   ] Safepoint "Cleanup", Time since last: 11007533194 ns, Reaching safepoint: 83242 ns, Cleanup: 18487 ns, At safepoint: 13974 ns, Total: 115703 ns
[2025-05-21T08:55:47.287+0000][73][info ][safepoint   ] Safepoint "Cleanup", Time since last: 2000905515 ns, Reaching safepoint: 33083 ns, Cleanup: 18158 ns, At safepoint: 16650 ns, Total: 67891 ns
[2025-05-21T08:55:52.288+0000][73][info ][safepoint   ] Safepoint "Cleanup", Time since last: 5001445805 ns, Reaching safepoint: 82852 ns, Cleanup: 23946 ns, At safepoint: 12462 ns, Total: 119260 ns
[2025-05-21T08:55:56.287+0000][73][info ][safepoint   ] Safepoint "Cleanup", Time since last: 4001197261 ns, Reaching safepoint: 73716 ns, Cleanup: 17258 ns, At safepoint: 35308 ns, Total: 126282 ns
[2025-05-21T08:56:16.789+0000][73][info ][safepoint   ] Safepoint "Cleanup", Time since last: 20501708615 ns, Reaching safepoint: 65283 ns, Cleanup: 17584 ns, At safepoint: 29201 ns, Total: 112068 ns
[2025-05-21T08:56:18.316+0000][73][info ][safepoint   ] Safepoint "Cleanup", Time since last: 1526389159 ns, Reaching safepoint: 29017 ns, Cleanup: 18893 ns, At safepoint: 12817 ns, Total: 60727 ns
[2025-05-21T08:56:21.353+0000][73][info ][safepoint   ] Safepoint "Cleanup", Time since last: 3037190542 ns, Reaching safepoint: 28749 ns, Cleanup: 18947 ns, At safepoint: 13242 ns, Total: 60938 ns
[2025-05-21T08:56:24.380+0000][73][info ][safepoint   ] Safepoint "Cleanup", Time since last: 3029707183 ns, Reaching safepoint: 70307 ns, Cleanup: 18666 ns, At safepoint: 65369 ns, Total: 154342 ns
[2025-05-21T08:56:34.763+0000][73][info ][safepoint   ] Safepoint "Cleanup", Time since last: 10382078292 ns, Reaching safepoint: 331423 ns, Cleanup: 18275 ns, At safepoint: 153729 ns, Total: 503427 ns
[2025-05-21T08:56:36.469+0000][73][info ][safepoint   ] Safepoint "Cleanup", Time since last: 1706241634 ns, Reaching safepoint: 31678 ns, Cleanup: 21181 ns, At safepoint: 13601 ns, Total: 66460 ns
[2025-05-21T08:56:37.470+0000][73][info ][safepoint   ] Safepoint "Cleanup", Time since last: 1001279620 ns, Reaching safepoint: 35836 ns, Cleanup: 20246 ns, At safepoint: 20339 ns, Total: 76421 ns
[2025-05-21T08:56:38.555+0000][73][info ][safepoint   ] Safepoint "Cleanup", Time since last: 1084430291 ns, Reaching safepoint: 16262 ns, Cleanup: 11479 ns, At safepoint: 23015 ns, Total: 50756 ns
[2025-05-21T08:56:42.050+0000][73][info ][safepoint   ] Safepoint "Cleanup", Time since last: 3495492290 ns, Reaching safepoint: 30564 ns, Cleanup: 17188 ns, At safepoint: 12836 ns, Total: 60588 ns
[2025-05-21T08:56:56.051+0000][73][info ][safepoint   ] Safepoint "Cleanup", Time since last: 14002870841 ns, Reaching safepoint: 82770 ns, Cleanup: 20529 ns, At safepoint: 20709 ns, Total: 124008 ns
[2025-05-21T08:56:59.055+0000][73][info ][safepoint   ] Safepoint "Cleanup", Time since last: 3003421893 ns, Reaching safepoint: 20576 ns, Cleanup: 35316 ns, At safepoint: 11690 ns, Total: 67582 ns
[2025-05-21T08:57:02.056+0000][73][info ][safepoint   ] Safepoint "Cleanup", Time since last: 3000923593 ns, Reaching safepoint: 34731 ns, Cleanup: 17028 ns, At safepoint: 16906 ns, Total: 68665 ns
[2025-05-21T08:57:03.056+0000][73][info ][safepoint   ] Safepoint "Cleanup", Time since last: 1000725671 ns, Reaching safepoint: 19989 ns, Cleanup: 14856 ns, At safepoint: 9843 ns, Total: 44688 ns
[2025-05-21T08:57:09.293+0000][73][info ][safepoint   ] Safepoint "Cleanup", Time since last: 6236989595 ns, Reaching safepoint: 61852 ns, Cleanup: 15097 ns, At safepoint: 10475 ns, Total: 87424 ns
[2025-05-21T08:57:14.296+0000][73][info ][safepoint   ] Safepoint "Cleanup", Time since last: 5002239810 ns, Reaching safepoint: 31278 ns, Cleanup: 15805 ns, At safepoint: 15508 ns, Total: 62591 ns
[2025-05-21T08:57:32.297+0000][73][info ][safepoint   ] Safepoint "Cleanup", Time since last: 18003363234 ns, Reaching safepoint: 233110 ns, Cleanup: 17375 ns, At safepoint: 13231 ns, Total: 263716 ns
[2025-05-21T08:57:37.846+0000][73][info ][safepoint   ] Safepoint "Cleanup", Time since last: 5548643791 ns, Reaching safepoint: 90241 ns, Cleanup: 13336 ns, At safepoint: 41606 ns, Total: 145183 ns
[2025-05-21T08:57:39.520+0000][73][info ][safepoint   ] Safepoint "Cleanup", Time since last: 1673763231 ns, Reaching safepoint: 26059 ns, Cleanup: 24073 ns, At safepoint: 11460 ns, Total: 61592 ns
[2025-05-21T08:57:43.522+0000][73][info ][safepoint   ] Safepoint "Cleanup", Time since last: 4001976555 ns, Reaching safepoint: 18281 ns, Cleanup: 12529 ns, At safepoint: 7594 ns, Total: 38404 ns
[2025-05-21T08:57:47.526+0000][73][info ][safepoint   ] Safepoint "Cleanup", Time since last: 4004399869 ns, Reaching safepoint: 20475 ns, Cleanup: 17434 ns, At safepoint: 9064 ns, Total: 46973 ns
[2025-05-21T08:57:51.528+0000][73][info ][safepoint   ] Safepoint "Cleanup", Time since last: 4001207729 ns, Reaching safepoint: 34509 ns, Cleanup: 19209 ns, At safepoint: 18648 ns, Total: 72366 ns
[2025-05-21T08:57:52.529+0000][73][info ][safepoint   ] Safepoint "Cleanup", Time since last: 1001032789 ns, Reaching safepoint: 33827 ns, Cleanup: 18282 ns, At safepoint: 17073 ns, Total: 69182 ns
[2025-05-21T08:57:53.530+0000][73][info ][safepoint   ] Safepoint "Cleanup", Time since last: 1000632585 ns, Reaching safepoint: 244067 ns, Cleanup: 21382 ns, At safepoint: 206717 ns, Total: 472166 ns
[2025-05-21T08:58:00.529+0000][73][info ][safepoint   ] Safepoint "Cleanup", Time since last: 7002146947 ns, Reaching safepoint: 34121 ns, Cleanup: 23507 ns, At safepoint: 17949 ns, Total: 75577 ns
[2025-05-21T08:58:11.324+0000][73][info ][safepoint   ] Safepoint "Cleanup", Time since last: 10795027963 ns, Reaching safepoint: 49213 ns, Cleanup: 23392 ns, At safepoint: 17185 ns, Total: 89790 ns
[2025-05-21T08:58:21.326+0000][73][info ][safepoint   ] Safepoint "Cleanup", Time since last: 10002208920 ns, Reaching safepoint: 23589 ns, Cleanup: 17039 ns, At safepoint: 12329 ns, Total: 52957 ns
[2025-05-21T08:58:23.327+0000][73][info ][safepoint   ] Safepoint "Cleanup", Time since last: 2000760001 ns, Reaching safepoint: 19016 ns, Cleanup: 12804 ns, At safepoint: 9733 ns, Total: 41553 ns
[2025-05-21T08:58:38.328+0000][73][info ][safepoint   ] Safepoint "Cleanup", Time since last: 15002992083 ns, Reaching safepoint: 76642 ns, Cleanup: 17983 ns, At safepoint: 18619 ns, Total: 113244 ns
[2025-05-21T08:58:40.754+0000][73][info ][safepoint   ] Safepoint "Cleanup", Time since last: 2424885114 ns, Reaching safepoint: 163869 ns, Cleanup: 13467 ns, At safepoint: 52320 ns, Total: 229656 ns
[2025-05-21T08:58:42.567+0000][73][info ][safepoint   ] Safepoint "Cleanup", Time since last: 1813621304 ns, Reaching safepoint: 33136 ns, Cleanup: 39068 ns, At safepoint: 16908 ns, Total: 89112 ns
[2025-05-21T08:58:52.570+0000][73][info ][safepoint   ] Safepoint "Cleanup", Time since last: 10002504095 ns, Reaching safepoint: 37031 ns, Cleanup: 18344 ns, At safepoint: 19446 ns, Total: 74821 ns
[2025-05-21T08:59:25.360+0000][73][info ][safepoint   ] Safepoint "Cleanup", Time since last: 32795552252 ns, Reaching safepoint: 38879 ns, Cleanup: 19368 ns, At safepoint: 17125 ns, Total: 75372 ns
[2025-05-21T08:59:35.363+0000][73][info ][safepoint   ] Safepoint "Cleanup", Time since last: 10002238873 ns, Reaching safepoint: 78131 ns, Cleanup: 26787 ns, At safepoint: 17681 ns, Total: 122599 ns
[2025-05-21T08:59:43.791+0000][73][info ][safepoint   ] Safepoint "Cleanup", Time since last: 8428046099 ns, Reaching safepoint: 468208 ns, Cleanup: 15014 ns, At safepoint: 62834 ns, Total: 546056 ns
[2025-05-21T08:59:45.615+0000][73][info ][safepoint   ] Safepoint "Cleanup", Time since last: 1823869960 ns, Reaching safepoint: 39893 ns, Cleanup: 32064 ns, At safepoint: 10224 ns, Total: 82181 ns
[2025-05-21T08:59:46.618+0000][73][info ][safepoint   ] Safepoint "Cleanup", Time since last: 1002484438 ns, Reaching safepoint: 34591 ns, Cleanup: 18981 ns, At safepoint: 19527 ns, Total: 73099 ns
[2025-05-21T08:59:47.619+0000][73][info ][safepoint   ] Safepoint "Cleanup", Time since last: 1000619882 ns, Reaching safepoint: 20933 ns, Cleanup: 14257 ns, At safepoint: 9493 ns, Total: 44683 ns
[2025-05-21T08:59:51.765+0000][73][info ][gc,start    ] GC(21) Pause Young (Normal) (G1 Evacuation Pause)
[2025-05-21T08:59:51.768+0000][73][info ][gc,task     ] GC(21) Using 10 workers of 10 for evacuation
[2025-05-21T08:59:51.769+0000][73][debug][gc,age      ] GC(21) Desired survivor size 46137344 bytes, new threshold 15 (max threshold 15)
[2025-05-21T08:59:51.873+0000][73][info ][gc,phases   ] GC(21)   Pre Evacuate Collection Set: 8.09ms
[2025-05-21T08:59:51.873+0000][73][info ][gc,phases   ] GC(21)   Merge Heap Roots: 1.76ms
[2025-05-21T08:59:51.873+0000][73][info ][gc,phases   ] GC(21)   Evacuate Collection Set: 84.38ms
[2025-05-21T08:59:51.874+0000][73][info ][gc,phases   ] GC(21)   Post Evacuate Collection Set: 7.50ms
[2025-05-21T08:59:51.874+0000][73][info ][gc,phases   ] GC(21)   Other: 2.72ms
[2025-05-21T08:59:51.875+0000][73][trace][gc,age      ] GC(21) Age table with threshold 15 (max threshold 15)
[2025-05-21T08:59:51.875+0000][73][trace][gc,age      ] GC(21) - age   1:     849032 bytes,     849032 total
[2025-05-21T08:59:51.875+0000][73][trace][gc,age      ] GC(21) - age   2:      73200 bytes,     922232 total
[2025-05-21T08:59:51.876+0000][73][trace][gc,age      ] GC(21) - age   3:     101736 bytes,    1023968 total
[2025-05-21T08:59:51.876+0000][73][trace][gc,age      ] GC(21) - age   4:    1499800 bytes,    2523768 total
[2025-05-21T08:59:51.876+0000][73][trace][gc,age      ] GC(21) - age   5:     794208 bytes,    3317976 total
[2025-05-21T08:59:51.877+0000][73][trace][gc,age      ] GC(21) - age   6:    1331728 bytes,    4649704 total
[2025-05-21T08:59:51.877+0000][73][trace][gc,age      ] GC(21) - age   7:    3733040 bytes,    8382744 total
[2025-05-21T08:59:51.878+0000][73][trace][gc,age      ] GC(21) - age   8:    1843768 bytes,   10226512 total
[2025-05-21T08:59:51.878+0000][73][trace][gc,age      ] GC(21) - age   9:     296376 bytes,   10522888 total
[2025-05-21T08:59:51.879+0000][73][info ][gc,heap     ] GC(21) Eden regions: 171->0(243)
[2025-05-21T08:59:51.879+0000][73][info ][gc,heap     ] GC(21) Survivor regions: 3->3(22)
[2025-05-21T08:59:51.879+0000][73][info ][gc,heap     ] GC(21) Old regions: 27->27
[2025-05-21T08:59:51.880+0000][73][info ][gc,heap     ] GC(21) Humongous regions: 0->0
[2025-05-21T08:59:51.880+0000][73][info ][gc,metaspace] GC(21) Metaspace: 146949K(150976K)->146949K(150976K) NonClass: 126861K(129088K)->126861K(129088K) Class: 20087K(21888K)->20087K(21888K)
[2025-05-21T08:59:51.881+0000][73][info ][gc          ] GC(21) Pause Young (Normal) (G1 Evacuation Pause) 802M->118M(3880M) 115.641ms
[2025-05-21T08:59:51.881+0000][73][info ][gc,cpu      ] GC(21) User=0.63s Sys=0.01s Real=0.12s
[2025-05-21T08:59:51.881+0000][73][info ][safepoint   ] Safepoint "G1CollectForAllocation", Time since last: 4144734807 ns, Reaching safepoint: 22963 ns, Cleanup: 5344 ns, At safepoint: 118083826 ns, Total: 118112133 ns
[2025-05-21T08:59:52.882+0000][73][info ][safepoint   ] Safepoint "Cleanup", Time since last: 1000611934 ns, Reaching safepoint: 19995 ns, Cleanup: 18390 ns, At safepoint: 19899 ns, Total: 58284 ns
[2025-05-21T08:59:53.883+0000][73][info ][safepoint   ] Safepoint "Cleanup", Time since last: 1000734643 ns, Reaching safepoint: 24036 ns, Cleanup: 15972 ns, At safepoint: 10716 ns, Total: 50724 ns
[2025-05-21T08:59:54.881+0000][73][info ][safepoint   ] Safepoint "Cleanup", Time since last: 1000797256 ns, Reaching safepoint: 35024 ns, Cleanup: 19503 ns, At safepoint: 80553 ns, Total: 135080 ns
[2025-05-21T09:00:02.883+0000][73][info ][safepoint   ] Safepoint "Cleanup", Time since last: 8001900588 ns, Reaching safepoint: 71880 ns, Cleanup: 15474 ns, At safepoint: 8633 ns, Total: 95987 ns
[2025-05-21T09:00:34.397+0000][73][info ][safepoint   ] Safepoint "Cleanup", Time since last: 31515013496 ns, Reaching safepoint: 109088 ns, Cleanup: 20721 ns, At safepoint: 18111 ns, Total: 147920 ns
[2025-05-21T09:00:38.794+0000][73][info ][safepoint   ] Safepoint "Cleanup", Time since last: 4310169646 ns, Reaching safepoint: 86632707 ns, Cleanup: 19036 ns, At safepoint: 121651 ns, Total: 86773394 ns
[2025-05-21T09:00:46.783+0000][73][info ][safepoint   ] Safepoint "Cleanup", Time since last: 7989618612 ns, Reaching safepoint: 7646 ns, Cleanup: 8128 ns, At safepoint: 3320 ns, Total: 19094 ns
[2025-05-21T09:00:48.667+0000][73][info ][safepoint   ] Safepoint "Cleanup", Time since last: 1884108732 ns, Reaching safepoint: 35251 ns, Cleanup: 23034 ns, At safepoint: 19937 ns, Total: 78222 ns
[2025-05-21T09:00:52.669+0000][73][info ][safepoint   ] Safepoint "Cleanup", Time since last: 4001369145 ns, Reaching safepoint: 20076 ns, Cleanup: 22631 ns, At safepoint: 9508 ns, Total: 52215 ns
[2025-05-21T09:00:53.669+0000][73][info ][safepoint   ] Safepoint "Cleanup", Time since last: 1000505871 ns, Reaching safepoint: 17362 ns, Cleanup: 13432 ns, At safepoint: 8128 ns, Total: 38922 ns
[2025-05-21T09:01:00.668+0000][73][info ][safepoint   ] Safepoint "Cleanup", Time since last: 7001535069 ns, Reaching safepoint: 72082 ns, Cleanup: 16427 ns, At safepoint: 35854 ns, Total: 124363 ns
[2025-05-21T09:01:01.669+0000][73][info ][safepoint   ] Safepoint "Cleanup", Time since last: 1000613312 ns, Reaching safepoint: 18709 ns, Cleanup: 12570 ns, At safepoint: 8840 ns, Total: 40119 ns
[2025-05-21T09:01:04.425+0000][73][info ][safepoint   ] Safepoint "Cleanup", Time since last: 2756673042 ns, Reaching safepoint: 26992 ns, Cleanup: 14214 ns, At safepoint: 11434 ns, Total: 52640 ns
[2025-05-21T09:01:34.726+0000][73][info ][safepoint   ] Safepoint "Cleanup", Time since last: 30302395220 ns, Reaching safepoint: 141123 ns, Cleanup: 13620 ns, At safepoint: 51244 ns, Total: 205987 ns
[2025-05-21T09:01:50.144+0000][73][info ][safepoint   ] Safepoint "Cleanup", Time since last: 15417169224 ns, Reaching safepoint: 164560 ns, Cleanup: 29583 ns, At safepoint: 39218 ns, Total: 233361 ns
[2025-05-21T09:01:51.830+0000][73][info ][safepoint   ] Safepoint "Cleanup", Time since last: 1685980757 ns, Reaching safepoint: 31543 ns, Cleanup: 32025 ns, At safepoint: 14429 ns, Total: 77997 ns
[2025-05-21T09:01:53.832+0000][73][info ][safepoint   ] Safepoint "Cleanup", Time since last: 2002008973 ns, Reaching safepoint: 32215 ns, Cleanup: 16753 ns, At safepoint: 16490 ns, Total: 65458 ns
[2025-05-21T09:01:55.830+0000][73][info ][safepoint   ] Safepoint "Cleanup", Time since last: 2000875413 ns, Reaching safepoint: 27146 ns, Cleanup: 20995 ns, At safepoint: 11679 ns, Total: 59820 ns
[2025-05-21T09:01:58.831+0000][73][info ][safepoint   ] Safepoint "Cleanup", Time since last: 3000840389 ns, Reaching safepoint: 22635 ns, Cleanup: 14370 ns, At safepoint: 6871 ns, Total: 43876 ns
[2025-05-21T09:02:01.832+0000][73][info ][safepoint   ] Safepoint "Cleanup", Time since last: 3001101791 ns, Reaching safepoint: 34562 ns, Cleanup: 19705 ns, At safepoint: 17265 ns, Total: 71532 ns
[2025-05-21T09:02:02.833+0000][73][info ][safepoint   ] Safepoint "Cleanup", Time since last: 1000881574 ns, Reaching safepoint: 45156 ns, Cleanup: 12198 ns, At safepoint: 8711 ns, Total: 66065 ns
[2025-05-21T09:02:20.468+0000][73][info ][safepoint   ] Safepoint "Cleanup", Time since last: 17635174262 ns, Reaching safepoint: 23530 ns, Cleanup: 13735 ns, At safepoint: 10277 ns, Total: 47542 ns
[2025-05-21T09:02:22.469+0000][73][info ][safepoint   ] Safepoint "Cleanup", Time since last: 2000808826 ns, Reaching safepoint: 33300 ns, Cleanup: 17355 ns, At safepoint: 13891 ns, Total: 64546 ns
[2025-05-21T09:02:29.468+0000][73][info ][safepoint   ] Safepoint "Cleanup", Time since last: 7001536977 ns, Reaching safepoint: 32595 ns, Cleanup: 16672 ns, At safepoint: 15626 ns, Total: 64893 ns
[2025-05-21T09:02:42.471+0000][73][info ][safepoint   ] Safepoint "Cleanup", Time since last: 13002672085 ns, Reaching safepoint: 55380 ns, Cleanup: 14418 ns, At safepoint: 9309 ns, Total: 79107 ns
[2025-05-21T09:02:48.473+0000][73][info ][safepoint   ] Safepoint "Cleanup", Time since last: 6001476997 ns, Reaching safepoint: 24370 ns, Cleanup: 15786 ns, At safepoint: 9892 ns, Total: 50048 ns
[2025-05-21T09:02:50.474+0000][73][info ][safepoint   ] Safepoint "Cleanup", Time since last: 2001256916 ns, Reaching safepoint: 27667 ns, Cleanup: 17341 ns, At safepoint: 10579 ns, Total: 55587 ns
[2025-05-21T09:02:52.495+0000][73][info ][safepoint   ] Safepoint "Cleanup", Time since last: 2020465233 ns, Reaching safepoint: 25076 ns, Cleanup: 17401 ns, At safepoint: 9808 ns, Total: 52285 ns
[2025-05-21T09:02:52.811+0000][73][info ][gc,start    ] GC(22) Pause Young (Concurrent Start) (CodeCache GC Threshold)
[2025-05-21T09:02:52.818+0000][73][info ][gc,task     ] GC(22) Using 10 workers of 10 for evacuation
[2025-05-21T09:02:52.824+0000][73][debug][gc,age      ] GC(22) Desired survivor size 67108864 bytes, new threshold 15 (max threshold 15)
[2025-05-21T09:02:52.926+0000][73][info ][gc,phases   ] GC(22)   Pre Evacuate Collection Set: 4.09ms
[2025-05-21T09:02:52.929+0000][73][info ][gc,phases   ] GC(22)   Merge Heap Roots: 0.63ms
[2025-05-21T09:02:52.932+0000][73][info ][gc,phases   ] GC(22)   Evacuate Collection Set: 93.77ms
[2025-05-21T09:02:52.934+0000][73][info ][gc,phases   ] GC(22)   Post Evacuate Collection Set: 3.27ms
[2025-05-21T09:02:52.935+0000][73][info ][gc,phases   ] GC(22)   Other: 6.38ms
[2025-05-21T09:02:52.938+0000][73][trace][gc,age      ] GC(22) Age table with threshold 15 (max threshold 15)
[2025-05-21T09:02:52.943+0000][73][trace][gc,age      ] GC(22) - age   1:     563960 bytes,     563960 total
[2025-05-21T09:02:52.946+0000][73][trace][gc,age      ] GC(22) - age   2:      88776 bytes,     652736 total
[2025-05-21T09:02:52.947+0000][73][trace][gc,age      ] GC(22) - age   3:      72744 bytes,     725480 total
[2025-05-21T09:02:52.948+0000][73][trace][gc,age      ] GC(22) - age   4:     101304 bytes,     826784 total
[2025-05-21T09:02:52.950+0000][73][trace][gc,age      ] GC(22) - age   5:    1499640 bytes,    2326424 total
[2025-05-21T09:02:52.951+0000][73][trace][gc,age      ] GC(22) - age   6:     794096 bytes,    3120520 total
[2025-05-21T09:02:52.953+0000][73][trace][gc,age      ] GC(22) - age   7:    1331728 bytes,    4452248 total
[2025-05-21T09:02:52.955+0000][73][trace][gc,age      ] GC(22) - age   8:    3733040 bytes,    8185288 total
[2025-05-21T09:02:52.958+0000][73][trace][gc,age      ] GC(22) - age   9:    1843688 bytes,   10028976 total
[2025-05-21T09:02:52.960+0000][73][trace][gc,age      ] GC(22) - age  10:     296376 bytes,   10325352 total
[2025-05-21T09:02:52.961+0000][73][info ][gc,heap     ] GC(22) Eden regions: 37->0(412)
[2025-05-21T09:02:52.962+0000][73][info ][gc,heap     ] GC(22) Survivor regions: 3->3(32)
[2025-05-21T09:02:52.963+0000][73][info ][gc,heap     ] GC(22) Old regions: 27->27
[2025-05-21T09:02:52.963+0000][73][info ][gc,heap     ] GC(22) Humongous regions: 0->0
[2025-05-21T09:02:52.964+0000][73][info ][gc,metaspace] GC(22) Metaspace: 147014K(150976K)->147014K(150976K) NonClass: 126926K(129088K)->126926K(129088K) Class: 20088K(21888K)->20088K(21888K)
[2025-05-21T09:02:52.965+0000][73][info ][gc          ] GC(22) Pause Young (Concurrent Start) (CodeCache GC Threshold) 264M->117M(3880M) 154.361ms
[2025-05-21T09:02:52.966+0000][73][info ][gc,cpu      ] GC(22) User=0.43s Sys=0.00s Real=0.16s
[2025-05-21T09:02:52.967+0000][73][info ][gc          ] GC(23) Concurrent Mark Cycle
[2025-05-21T09:02:52.967+0000][73][info ][safepoint   ] Safepoint "G1TryInitiateConcMark", Time since last: 315834717 ns, Reaching safepoint: 25409 ns, Cleanup: 15499 ns, At safepoint: 156406033 ns, Total: 156446941 ns
[2025-05-21T09:02:52.971+0000][73][info ][gc,marking  ] GC(23) Concurrent Scan Root Regions
[2025-05-21T09:02:53.084+0000][73][info ][gc,marking  ] GC(23) Concurrent Scan Root Regions 112.963ms
[2025-05-21T09:02:53.084+0000][73][info ][gc,marking  ] GC(23) Concurrent Mark
[2025-05-21T09:02:53.085+0000][73][info ][gc,marking  ] GC(23) Concurrent Mark From Roots
[2025-05-21T09:02:53.085+0000][73][info ][gc,task     ] GC(23) Using 3 workers of 3 for marking
[2025-05-21T09:02:53.982+0000][73][info ][safepoint   ] Safepoint "Cleanup", Time since last: 1013217993 ns, Reaching safepoint: 1469089 ns, Cleanup: 14154 ns, At safepoint: 119487 ns, Total: 1602730 ns
[2025-05-21T09:02:54.170+0000][73][info ][gc,marking  ] GC(23) Concurrent Mark From Roots 1085.532ms
[2025-05-21T09:02:54.172+0000][73][info ][gc,marking  ] GC(23) Concurrent Preclean
[2025-05-21T09:02:54.166+0000][73][info ][gc,marking  ] GC(23) Concurrent Preclean 1.638ms
[2025-05-21T09:02:54.168+0000][73][info ][gc,start    ] GC(23) Pause Remark
[2025-05-21T09:02:54.683+0000][73][info ][gc,mmu      ] GC(23) MMU target violated: 201.0ms (200.0ms/201.0ms)
[2025-05-21T09:02:54.683+0000][73][info ][gc          ] GC(23) Pause Remark 127M->127M(3880M) 515.766ms
[2025-05-21T09:02:54.684+0000][73][info ][gc,cpu      ] GC(23) User=4.67s Sys=0.00s Real=0.51s
[2025-05-21T09:02:54.684+0000][73][info ][safepoint   ] Safepoint "G1PauseRemark", Time since last: 192837554 ns, Reaching safepoint: 25030 ns, Cleanup: 5883 ns, At safepoint: 516778396 ns, Total: 516809309 ns
[2025-05-21T09:02:54.685+0000][73][info ][gc,marking  ] GC(23) Concurrent Mark 1608.095ms
[2025-05-21T09:02:54.686+0000][73][info ][gc,marking  ] GC(23) Concurrent Rebuild Remembered Sets and Scrub Regions
[2025-05-21T09:02:54.722+0000][73][info ][gc,marking  ] GC(23) Concurrent Rebuild Remembered Sets and Scrub Regions 36.232ms
[2025-05-21T09:02:54.729+0000][73][info ][gc,start    ] GC(23) Pause Cleanup
[2025-05-21T09:02:54.730+0000][73][info ][gc          ] GC(23) Pause Cleanup 128M->128M(3880M) 1.696ms
[2025-05-21T09:02:54.731+0000][73][info ][gc,cpu      ] GC(23) User=0.00s Sys=0.00s Real=0.00s
[2025-05-21T09:02:54.732+0000][73][info ][safepoint   ] Safepoint "G1PauseCleanup", Time since last: 44324249 ns, Reaching safepoint: 19244 ns, Cleanup: 119231 ns, At safepoint: 2954464 ns, Total: 3092939 ns
[2025-05-21T09:02:54.734+0000][73][info ][gc,marking  ] GC(23) Concurrent Clear Claimed Marks
[2025-05-21T09:02:54.735+0000][73][info ][gc,marking  ] GC(23) Concurrent Clear Claimed Marks 1.758ms
[2025-05-21T09:02:54.736+0000][73][info ][gc,marking  ] GC(23) Concurrent Cleanup for Next Mark
[2025-05-21T09:02:54.810+0000][73][info ][gc,marking  ] GC(23) Concurrent Cleanup for Next Mark 74.520ms
[2025-05-21T09:02:54.811+0000][73][info ][gc          ] GC(23) Concurrent Mark Cycle 1851.570ms
[2025-05-21T09:03:08.495+0000][73][info ][safepoint   ] Safepoint "Cleanup", Time since last: 13763175406 ns, Reaching safepoint: 69820 ns, Cleanup: 43969 ns, At safepoint: 47572 ns, Total: 161361 ns
[2025-05-21T09:03:12.496+0000][73][info ][safepoint   ] Safepoint "Cleanup", Time since last: 4001137548 ns, Reaching safepoint: 46219 ns, Cleanup: 87652 ns, At safepoint: 21897 ns, Total: 155768 ns
[2025-05-21T09:03:22.498+0000][73][info ][safepoint   ] Safepoint "Cleanup", Time since last: 10002076351 ns, Reaching safepoint: 27272 ns, Cleanup: 46635 ns, At safepoint: 13834 ns, Total: 87741 ns
[2025-05-21T09:03:23.502+0000][73][info ][safepoint   ] Safepoint "Cleanup", Time since last: 1003733373 ns, Reaching safepoint: 60864 ns, Cleanup: 13556 ns, At safepoint: 10532 ns, Total: 84952 ns
[2025-05-21T09:03:56.079+0000][73][info ][safepoint   ] Safepoint "Cleanup", Time since last: 32577318437 ns, Reaching safepoint: 11847 ns, Cleanup: 11170 ns, At safepoint: 21576 ns, Total: 44593 ns
[2025-05-21T09:04:02.096+0000][73][info ][safepoint   ] Safepoint "Cleanup", Time since last: 6016597978 ns, Reaching safepoint: 20196 ns, Cleanup: 14311 ns, At safepoint: 9792 ns, Total: 44299 ns
[2025-05-21T09:04:12.535+0000][73][info ][safepoint   ] Safepoint "Cleanup", Time since last: 10439284389 ns, Reaching safepoint: 49668 ns, Cleanup: 14408 ns, At safepoint: 9248 ns, Total: 73324 ns
[2025-05-21T09:04:13.536+0000][73][info ][safepoint   ] Safepoint "Cleanup", Time since last: 1000649184 ns, Reaching safepoint: 20853 ns, Cleanup: 13571 ns, At safepoint: 9699 ns, Total: 44123 ns
[2025-05-21T09:04:22.538+0000][73][info ][safepoint   ] Safepoint "Cleanup", Time since last: 9001735945 ns, Reaching safepoint: 84251 ns, Cleanup: 17385 ns, At safepoint: 13020 ns, Total: 114656 ns
[2025-05-21T09:04:28.539+0000][73][info ][safepoint   ] Safepoint "Cleanup", Time since last: 6002354373 ns, Reaching safepoint: 100111 ns, Cleanup: 17925 ns, At safepoint: 14762 ns, Total: 132798 ns
[2025-05-21T09:04:44.542+0000][73][info ][safepoint   ] Safepoint "Cleanup", Time since last: 16003267372 ns, Reaching safepoint: 78993 ns, Cleanup: 18980 ns, At safepoint: 21328 ns, Total: 119301 ns
[2025-05-21T09:04:52.544+0000][73][info ][safepoint   ] Safepoint "Cleanup", Time since last: 8001653302 ns, Reaching safepoint: 64552 ns, Cleanup: 18810 ns, At safepoint: 15181 ns, Total: 98543 ns
[2025-05-21T09:05:02.147+0000][73][info ][safepoint   ] Safepoint "Cleanup", Time since last: 9606247172 ns, Reaching safepoint: 42279 ns, Cleanup: 18741 ns, At safepoint: 13973 ns, Total: 74993 ns
[2025-05-21T09:05:32.568+0000][73][info ][safepoint   ] Safepoint "Cleanup", Time since last: 30423345112 ns, Reaching safepoint: 117278 ns, Cleanup: 16959 ns, At safepoint: 11290 ns, Total: 145527 ns
[2025-05-21T09:05:52.572+0000][73][info ][safepoint   ] Safepoint "Cleanup", Time since last: 20003688385 ns, Reaching safepoint: 80313 ns, Cleanup: 18836 ns, At safepoint: 38361 ns, Total: 137510 ns
[2025-05-21T09:06:02.174+0000][73][info ][safepoint   ] Safepoint "Cleanup", Time since last: 9605395205 ns, Reaching safepoint: 30474 ns, Cleanup: 13703 ns, At safepoint: 74821 ns, Total: 118998 ns
[2025-05-21T09:06:03.598+0000][73][info ][safepoint   ] Safepoint "Cleanup", Time since last: 1423488058 ns, Reaching safepoint: 15645 ns, Cleanup: 22066 ns, At safepoint: 73779 ns, Total: 111490 ns
[2025-05-21T09:06:04.746+0000][73][info ][safepoint   ] Safepoint "Cleanup", Time since last: 1147976039 ns, Reaching safepoint: 96979 ns, Cleanup: 10423 ns, At safepoint: 57238 ns, Total: 164640 ns
[2025-05-21T09:06:06.221+0000][73][info ][safepoint   ] Safepoint "Cleanup", Time since last: 1475016533 ns, Reaching safepoint: 33495 ns, Cleanup: 16934 ns, At safepoint: 107846 ns, Total: 158275 ns
[2025-05-21T09:06:07.246+0000][73][info ][safepoint   ] Safepoint "Cleanup", Time since last: 1024578203 ns, Reaching safepoint: 36935 ns, Cleanup: 19304 ns, At safepoint: 20724 ns, Total: 76963 ns
[2025-05-21T09:06:11.247+0000][73][info ][safepoint   ] Safepoint "Cleanup", Time since last: 4001157462 ns, Reaching safepoint: 134000 ns, Cleanup: 20030 ns, At safepoint: 18993 ns, Total: 173023 ns
[2025-05-21T09:06:13.768+0000][73][info ][safepoint   ] Safepoint "Cleanup", Time since last: 2521270490 ns, Reaching safepoint: 16819 ns, Cleanup: 18044 ns, At safepoint: 23368 ns, Total: 58231 ns
[2025-05-21T09:06:25.335+0000][73][info ][safepoint   ] Safepoint "Cleanup", Time since last: 11567597782 ns, Reaching safepoint: 32848 ns, Cleanup: 17897 ns, At safepoint: 13038 ns, Total: 63783 ns
[2025-05-21T09:06:26.375+0000][73][info ][safepoint   ] Safepoint "Cleanup", Time since last: 1039930067 ns, Reaching safepoint: 6857 ns, Cleanup: 9126 ns, At safepoint: 4181 ns, Total: 20164 ns
[2025-05-21T09:06:27.419+0000][73][info ][safepoint   ] Safepoint "Cleanup", Time since last: 1043918220 ns, Reaching safepoint: 16376 ns, Cleanup: 84359 ns, At safepoint: 33133 ns, Total: 133868 ns
[2025-05-21T09:06:31.459+0000][73][info ][safepoint   ] Safepoint "Cleanup", Time since last: 4040314665 ns, Reaching safepoint: 36347 ns, Cleanup: 18135 ns, At safepoint: 18265 ns, Total: 72747 ns
[2025-05-21T09:06:32.460+0000][73][info ][safepoint   ] Safepoint "Cleanup", Time since last: 1000909173 ns, Reaching safepoint: 38063 ns, Cleanup: 25710 ns, At safepoint: 20989 ns, Total: 84762 ns
[2025-05-21T09:06:34.463+0000][73][info ][safepoint   ] Safepoint "Cleanup", Time since last: 2002448041 ns, Reaching safepoint: 27675 ns, Cleanup: 14611 ns, At safepoint: 10825 ns, Total: 53111 ns
[2025-05-21T09:06:38.869+0000][73][info ][safepoint   ] Safepoint "Cleanup", Time since last: 4405671513 ns, Reaching safepoint: 18264 ns, Cleanup: 9357 ns, At safepoint: 14562 ns, Total: 42183 ns
[2025-05-21T09:06:51.872+0000][73][info ][safepoint   ] Safepoint "Cleanup", Time since last: 13003577858 ns, Reaching safepoint: 72668 ns, Cleanup: 20003 ns, At safepoint: 10442 ns, Total: 103113 ns
[2025-05-21T09:07:05.521+0000][73][info ][safepoint   ] Safepoint "Cleanup", Time since last: 13651067316 ns, Reaching safepoint: 9107 ns, Cleanup: 9640 ns, At safepoint: 14798 ns, Total: 33545 ns
[2025-05-21T09:07:06.522+0000][73][info ][safepoint   ] Safepoint "Cleanup", Time since last: 1000684564 ns, Reaching safepoint: 28154 ns, Cleanup: 14366 ns, At safepoint: 72859 ns, Total: 115379 ns
[2025-05-21T09:07:15.545+0000][73][info ][safepoint   ] Safepoint "Cleanup", Time since last: 9003406351 ns, Reaching safepoint: 19334298 ns, Cleanup: 20844 ns, At safepoint: 15395 ns, Total: 19370537 ns
[2025-05-21T09:07:31.916+0000][73][info ][safepoint   ] Safepoint "Cleanup", Time since last: 16371999508 ns, Reaching safepoint: 110198 ns, Cleanup: 22361 ns, At safepoint: 20159 ns, Total: 152718 ns
[2025-05-21T09:07:32.926+0000][73][info ][safepoint   ] Safepoint "Cleanup", Time since last: 1009549521 ns, Reaching safepoint: 27237 ns, Cleanup: 16113 ns, At safepoint: 12235 ns, Total: 55585 ns
[2025-05-21T09:07:33.927+0000][73][info ][safepoint   ] Safepoint "Cleanup", Time since last: 1000680319 ns, Reaching safepoint: 55077 ns, Cleanup: 14801 ns, At safepoint: 9343 ns, Total: 79221 ns
[2025-05-21T09:07:42.129+0000][73][info ][safepoint   ] Safepoint "Cleanup", Time since last: 8202771373 ns, Reaching safepoint: 126985 ns, Cleanup: 16456 ns, At safepoint: 18030 ns, Total: 161471 ns
[2025-05-21T09:08:04.699+0000][73][info ][safepoint   ] Safepoint "Cleanup", Time since last: 22570793544 ns, Reaching safepoint: 39674 ns, Cleanup: 20320 ns, At safepoint: 20469 ns, Total: 80463 ns
[2025-05-21T09:08:06.771+0000][73][info ][safepoint   ] Safepoint "Cleanup", Time since last: 2071932154 ns, Reaching safepoint: 31456 ns, Cleanup: 14883 ns, At safepoint: 13450 ns, Total: 59789 ns
[2025-05-21T09:08:24.877+0000][73][info ][safepoint   ] Safepoint "Cleanup", Time since last: 18107736257 ns, Reaching safepoint: 33392 ns, Cleanup: 19955 ns, At safepoint: 14542 ns, Total: 67889 ns
[2025-05-21T09:08:35.004+0000][73][info ][safepoint   ] Safepoint "Cleanup", Time since last: 10126835502 ns, Reaching safepoint: 64913 ns, Cleanup: 22108 ns, At safepoint: 11818 ns, Total: 98839 ns
[2025-05-21T09:08:55.006+0000][73][info ][safepoint   ] Safepoint "Cleanup", Time since last: 20004031130 ns, Reaching safepoint: 28923 ns, Cleanup: 18478 ns, At safepoint: 11883 ns, Total: 59284 ns
[2025-05-21T09:08:57.007+0000][73][info ][safepoint   ] Safepoint "Cleanup", Time since last: 2001401151 ns, Reaching safepoint: 19598 ns, Cleanup: 14009 ns, At safepoint: 9194 ns, Total: 42801 ns
[2025-05-21T09:09:06.895+0000][73][info ][safepoint   ] Safepoint "Cleanup", Time since last: 9887311618 ns, Reaching safepoint: 75435 ns, Cleanup: 15456 ns, At safepoint: 10945 ns, Total: 101836 ns
[2025-05-21T09:09:08.744+0000][73][info ][safepoint   ] Safepoint "Cleanup", Time since last: 1848887606 ns, Reaching safepoint: 9845 ns, Cleanup: 11906 ns, At safepoint: 14875 ns, Total: 36626 ns
[2025-05-21T09:09:45.606+0000][73][info ][safepoint   ] Safepoint "Cleanup", Time since last: 36864386431 ns, Reaching safepoint: 65502 ns, Cleanup: 19171 ns, At safepoint: 13812 ns, Total: 98485 ns
[2025-05-21T09:09:48.608+0000][73][info ][safepoint   ] Safepoint "Cleanup", Time since last: 3001308108 ns, Reaching safepoint: 35105 ns, Cleanup: 17158 ns, At safepoint: 16411 ns, Total: 68674 ns
[2025-05-21T09:09:51.609+0000][73][info ][safepoint   ] Safepoint "Cleanup", Time since last: 3001221733 ns, Reaching safepoint: 33270 ns, Cleanup: 16244 ns, At safepoint: 16325 ns, Total: 65839 ns
[2025-05-21T09:09:52.610+0000][73][info ][safepoint   ] Safepoint "Cleanup", Time since last: 1000757960 ns, Reaching safepoint: 36376 ns, Cleanup: 23773 ns, At safepoint: 21397 ns, Total: 81546 ns
[2025-05-21T09:09:54.609+0000][73][info ][safepoint   ] Safepoint "Cleanup", Time since last: 2001140209 ns, Reaching safepoint: 19630 ns, Cleanup: 13873 ns, At safepoint: 8787 ns, Total: 42290 ns
[2025-05-21T09:10:02.613+0000][73][info ][safepoint   ] Safepoint "Cleanup", Time since last: 8003460898 ns, Reaching safepoint: 35426 ns, Cleanup: 25059 ns, At safepoint: 15573 ns, Total: 76058 ns
[2025-05-21T09:10:11.739+0000][73][info ][safepoint   ] Safepoint "Cleanup", Time since last: 9126099253 ns, Reaching safepoint: 35108 ns, Cleanup: 20644 ns, At safepoint: 139960 ns, Total: 195712 ns
[2025-05-21T09:10:13.689+0000][73][info ][safepoint   ] Safepoint "Cleanup", Time since last: 1949457047 ns, Reaching safepoint: 56611 ns, Cleanup: 20765 ns, At safepoint: 18062 ns, Total: 95438 ns
[2025-05-21T09:10:16.690+0000][73][info ][safepoint   ] Safepoint "Cleanup", Time since last: 3000998628 ns, Reaching safepoint: 144797 ns, Cleanup: 21996 ns, At safepoint: 17546 ns, Total: 184339 ns
[2025-05-21T09:10:24.690+0000][73][info ][safepoint   ] Safepoint "Cleanup", Time since last: 8002195551 ns, Reaching safepoint: 27246 ns, Cleanup: 17647 ns, At safepoint: 11285 ns, Total: 56178 ns
[2025-05-21T09:10:28.691+0000][73][info ][safepoint   ] Safepoint "Cleanup", Time since last: 4001033458 ns, Reaching safepoint: 33338 ns, Cleanup: 20166 ns, At safepoint: 19031 ns, Total: 72535 ns
[2025-05-21T09:10:30.693+0000][73][info ][safepoint   ] Safepoint "Cleanup", Time since last: 2000785531 ns, Reaching safepoint: 605121 ns, Cleanup: 26794 ns, At safepoint: 158516 ns, Total: 790431 ns
[2025-05-21T09:10:32.694+0000][73][info ][safepoint   ] Safepoint "Cleanup", Time since last: 2000925604 ns, Reaching safepoint: 528361 ns, Cleanup: 14931 ns, At safepoint: 73531 ns, Total: 616823 ns
[2025-05-21T09:10:45.697+0000][73][info ][safepoint   ] Safepoint "Cleanup", Time since last: 13002456960 ns, Reaching safepoint: 31661 ns, Cleanup: 25229 ns, At safepoint: 17416 ns, Total: 74306 ns
[2025-05-21T09:10:52.699+0000][73][info ][safepoint   ] Safepoint "Cleanup", Time since last: 7001804316 ns, Reaching safepoint: 58464 ns, Cleanup: 17575 ns, At safepoint: 11383 ns, Total: 87422 ns
[2025-05-21T09:11:23.722+0000][73][info ][safepoint   ] Safepoint "Cleanup", Time since last: 31025181776 ns, Reaching safepoint: 297660 ns, Cleanup: 10212 ns, At safepoint: 55862 ns, Total: 363734 ns
[2025-05-21T09:11:24.749+0000][73][info ][safepoint   ] Safepoint "Cleanup", Time since last: 1028473546 ns, Reaching safepoint: 34464 ns, Cleanup: 24038 ns, At safepoint: 79134 ns, Total: 137636 ns
[2025-05-21T09:11:25.762+0000][73][info ][safepoint   ] Safepoint "Cleanup", Time since last: 1012679415 ns, Reaching safepoint: 26788 ns, Cleanup: 17495 ns, At safepoint: 10142 ns, Total: 54425 ns
[2025-05-21T09:11:26.773+0000][73][info ][safepoint   ] Safepoint "Cleanup", Time since last: 1011307623 ns, Reaching safepoint: 155201 ns, Cleanup: 10433 ns, At safepoint: 53982 ns, Total: 219616 ns
[2025-05-21T09:11:28.797+0000][73][info ][safepoint   ] Safepoint "Cleanup", Time since last: 2023924198 ns, Reaching safepoint: 45802 ns, Cleanup: 31192 ns, At safepoint: 21706 ns, Total: 98700 ns
[2025-05-21T09:11:34.799+0000][73][info ][safepoint   ] Safepoint "Cleanup", Time since last: 6001872869 ns, Reaching safepoint: 77091 ns, Cleanup: 17334 ns, At safepoint: 34752 ns, Total: 129177 ns
[2025-05-21T09:11:47.718+0000][73][info ][safepoint   ] Safepoint "Cleanup", Time since last: 12917966405 ns, Reaching safepoint: 56604 ns, Cleanup: 11974 ns, At safepoint: 59905 ns, Total: 128483 ns
[2025-05-21T09:11:52.719+0000][73][info ][safepoint   ] Safepoint "Cleanup", Time since last: 5001377783 ns, Reaching safepoint: 36015 ns, Cleanup: 17934 ns, At safepoint: 17682 ns, Total: 71631 ns
[2025-05-21T09:11:53.721+0000][73][info ][safepoint   ] Safepoint "Cleanup", Time since last: 1001478853 ns, Reaching safepoint: 241699 ns, Cleanup: 14829 ns, At safepoint: 101395 ns, Total: 357923 ns
[2025-05-21T09:12:05.998+0000][73][info ][safepoint   ] Safepoint "Cleanup", Time since last: 12279500833 ns, Reaching safepoint: 19709 ns, Cleanup: 13404 ns, At safepoint: 7721 ns, Total: 40834 ns
[2025-05-21T09:12:17.735+0000][73][info ][safepoint   ] Safepoint "Cleanup", Time since last: 11736335842 ns, Reaching safepoint: 18839 ns, Cleanup: 14289 ns, At safepoint: 21672 ns, Total: 54800 ns
[2025-05-21T09:12:18.780+0000][73][info ][safepoint   ] Safepoint "Cleanup", Time since last: 1045417198 ns, Reaching safepoint: 128670 ns, Cleanup: 28368 ns, At safepoint: 45644 ns, Total: 202682 ns
[2025-05-21T09:12:19.876+0000][73][info ][safepoint   ] Safepoint "Cleanup", Time since last: 1095593885 ns, Reaching safepoint: 105370 ns, Cleanup: 13985 ns, At safepoint: 50082 ns, Total: 169437 ns
[2025-05-21T09:12:42.882+0000][73][info ][safepoint   ] Safepoint "Cleanup", Time since last: 23008348765 ns, Reaching safepoint: 164351 ns, Cleanup: 18120 ns, At safepoint: 20422 ns, Total: 202893 ns
[2025-05-21T09:12:44.883+0000][73][info ][safepoint   ] Safepoint "Cleanup", Time since last: 2000952885 ns, Reaching safepoint: 22495 ns, Cleanup: 15417 ns, At safepoint: 10116 ns, Total: 48028 ns
[2025-05-21T09:12:47.885+0000][73][info ][safepoint   ] Safepoint "Cleanup", Time since last: 3000987929 ns, Reaching safepoint: 39655 ns, Cleanup: 20648 ns, At safepoint: 18999 ns, Total: 79302 ns
[2025-05-21T09:12:51.886+0000][73][info ][safepoint   ] Safepoint "Cleanup", Time since last: 4001139018 ns, Reaching safepoint: 24719 ns, Cleanup: 18003 ns, At safepoint: 12713 ns, Total: 55435 ns
[2025-05-21T09:13:19.034+0000][73][info ][safepoint   ] Safepoint "Cleanup", Time since last: 27150255478 ns, Reaching safepoint: 93525 ns, Cleanup: 16388 ns, At safepoint: 10711 ns, Total: 120624 ns
[2025-05-21T09:13:20.753+0000][73][info ][safepoint   ] Safepoint "Cleanup", Time since last: 1718488172 ns, Reaching safepoint: 99208 ns, Cleanup: 10750 ns, At safepoint: 50700 ns, Total: 160658 ns
[2025-05-21T09:13:21.914+0000][73][info ][safepoint   ] Safepoint "Cleanup", Time since last: 1161453569 ns, Reaching safepoint: 32655 ns, Cleanup: 18004 ns, At safepoint: 17011 ns, Total: 67670 ns
[2025-05-21T09:13:24.950+0000][73][info ][safepoint   ] Safepoint "Cleanup", Time since last: 3037520834 ns, Reaching safepoint: 27308 ns, Cleanup: 18210 ns, At safepoint: 12719 ns, Total: 58237 ns
[2025-05-21T09:13:34.953+0000][73][info ][safepoint   ] Safepoint "Cleanup", Time since last: 10002269096 ns, Reaching safepoint: 29803 ns, Cleanup: 19602 ns, At safepoint: 12177 ns, Total: 61582 ns
[2025-05-21T09:13:41.954+0000][73][info ][safepoint   ] Safepoint "Cleanup", Time since last: 7001589031 ns, Reaching safepoint: 34552 ns, Cleanup: 18560 ns, At safepoint: 16951 ns, Total: 70063 ns
[2025-05-21T09:13:51.957+0000][73][info ][safepoint   ] Safepoint "Cleanup", Time since last: 10002323423 ns, Reaching safepoint: 50059 ns, Cleanup: 17160 ns, At safepoint: 9886 ns, Total: 77105 ns
[2025-05-21T09:14:23.739+0000][73][info ][safepoint   ] Safepoint "Cleanup", Time since last: 31783892616 ns, Reaching safepoint: 7629 ns, Cleanup: 7273 ns, At safepoint: 3667 ns, Total: 18569 ns
[2025-05-21T09:14:25.007+0000][73][info ][safepoint   ] Safepoint "Cleanup", Time since last: 1270569898 ns, Reaching safepoint: 34104 ns, Cleanup: 23526 ns, At safepoint: 18337 ns, Total: 75967 ns
[2025-05-21T09:14:37.010+0000][73][info ][safepoint   ] Safepoint "Cleanup", Time since last: 12002084803 ns, Reaching safepoint: 40239 ns, Cleanup: 15442 ns, At safepoint: 9888 ns, Total: 65569 ns
[2025-05-21T09:14:49.015+0000][73][info ][safepoint   ] Safepoint "Cleanup", Time since last: 12005635281 ns, Reaching safepoint: 35234 ns, Cleanup: 18568 ns, At safepoint: 33307 ns, Total: 87109 ns
[2025-05-21T09:14:52.016+0000][73][info ][safepoint   ] Safepoint "Cleanup", Time since last: 3000855263 ns, Reaching safepoint: 221287 ns, Cleanup: 19954 ns, At safepoint: 61346 ns, Total: 302587 ns
[2025-05-21T09:14:53.108+0000][73][info ][safepoint   ] Safepoint "Cleanup", Time since last: 1000690294 ns, Reaching safepoint: 91223825 ns, Cleanup: 16252 ns, At safepoint: 79170 ns, Total: 91319247 ns
[2025-05-21T09:14:54.260+0000][73][info ][safepoint   ] Safepoint "Cleanup", Time since last: 1000571343 ns, Reaching safepoint: 150458762 ns, Cleanup: 20266 ns, At safepoint: 99622 ns, Total: 150578650 ns
[2025-05-21T09:15:03.260+0000][73][info ][safepoint   ] Safepoint "Cleanup", Time since last: 9002286389 ns, Reaching safepoint: 44226 ns, Cleanup: 13731 ns, At safepoint: 10032 ns, Total: 67989 ns
[2025-05-21T09:16:18.141+0000][73][info ][safepoint   ] Safepoint "Cleanup", Time since last: 74885246059 ns, Reaching safepoint: 49860 ns, Cleanup: 17100 ns, At safepoint: 14389 ns, Total: 81349 ns
[2025-05-21T09:16:19.142+0000][73][info ][safepoint   ] Safepoint "Cleanup", Time since last: 1000741932 ns, Reaching safepoint: 32163 ns, Cleanup: 17301 ns, At safepoint: 15812 ns, Total: 65276 ns
[2025-05-21T09:16:26.763+0000][73][info ][safepoint   ] Safepoint "Cleanup", Time since last: 7623246574 ns, Reaching safepoint: 23134 ns, Cleanup: 12386 ns, At safepoint: 14726 ns, Total: 50246 ns
[2025-05-21T09:16:29.756+0000][73][info ][safepoint   ] Safepoint "Cleanup", Time since last: 2992555312 ns, Reaching safepoint: 89524 ns, Cleanup: 9138 ns, At safepoint: 31925 ns, Total: 130587 ns
[2025-05-21T09:16:31.167+0000][73][info ][safepoint   ] Safepoint "Cleanup", Time since last: 1411049313 ns, Reaching safepoint: 35406 ns, Cleanup: 27292 ns, At safepoint: 19065 ns, Total: 81763 ns
[2025-05-21T09:16:32.217+0000][73][info ][safepoint   ] Safepoint "Cleanup", Time since last: 1049859925 ns, Reaching safepoint: 47392 ns, Cleanup: 26083 ns, At safepoint: 15548 ns, Total: 89023 ns
[2025-05-21T09:16:35.221+0000][73][info ][safepoint   ] Safepoint "Cleanup", Time since last: 3003824522 ns, Reaching safepoint: 33743 ns, Cleanup: 16515 ns, At safepoint: 15996 ns, Total: 66254 ns
[2025-05-21T09:16:39.235+0000][73][info ][safepoint   ] Safepoint "Cleanup", Time since last: 4001242933 ns, Reaching safepoint: 12423877 ns, Cleanup: 20473 ns, At safepoint: 236329 ns, Total: 12680679 ns
[2025-05-21T09:16:41.096+0000][73][info ][safepoint   ] Safepoint "Cleanup", Time since last: 1861093063 ns, Reaching safepoint: 18967 ns, Cleanup: 17939 ns, At safepoint: 9571 ns, Total: 46477 ns
[2025-05-21T09:16:52.098+0000][73][info ][safepoint   ] Safepoint "Cleanup", Time since last: 11001922345 ns, Reaching safepoint: 29219 ns, Cleanup: 19602 ns, At safepoint: 12195 ns, Total: 61016 ns
[2025-05-21T09:16:55.098+0000][73][info ][safepoint   ] Safepoint "Cleanup", Time since last: 3001359767 ns, Reaching safepoint: 65913 ns, Cleanup: 16519 ns, At safepoint: 15286 ns, Total: 97718 ns
[2025-05-21T09:17:29.178+0000][73][info ][safepoint   ] Safepoint "Cleanup", Time since last: 34081763533 ns, Reaching safepoint: 79971 ns, Cleanup: 18218 ns, At safepoint: 20149 ns, Total: 118338 ns
[2025-05-21T09:17:32.743+0000][73][info ][safepoint   ] Safepoint "Cleanup", Time since last: 3565852783 ns, Reaching safepoint: 6445 ns, Cleanup: 8324 ns, At safepoint: 3328 ns, Total: 18097 ns
[2025-05-21T09:17:34.320+0000][73][info ][safepoint   ] Safepoint "Cleanup", Time since last: 1576890862 ns, Reaching safepoint: 23746 ns, Cleanup: 16389 ns, At safepoint: 10010 ns, Total: 50145 ns
[2025-05-21T09:17:39.322+0000][73][info ][safepoint   ] Safepoint "Cleanup", Time since last: 5001219547 ns, Reaching safepoint: 33539 ns, Cleanup: 17956 ns, At safepoint: 16922 ns, Total: 68417 ns
[2025-05-21T09:17:42.323+0000][73][info ][safepoint   ] Safepoint "Cleanup", Time since last: 3001063854 ns, Reaching safepoint: 34647 ns, Cleanup: 19271 ns, At safepoint: 18604 ns, Total: 72522 ns
[2025-05-21T09:17:48.324+0000][73][info ][safepoint   ] Safepoint "Cleanup", Time since last: 6001441063 ns, Reaching safepoint: 33675 ns, Cleanup: 19478 ns, At safepoint: 17217 ns, Total: 70370 ns
[2025-05-21T09:17:52.325+0000][73][info ][safepoint   ] Safepoint "Cleanup", Time since last: 4001030220 ns, Reaching safepoint: 21461 ns, Cleanup: 13878 ns, At safepoint: 9363 ns, Total: 44702 ns
[2025-05-21T09:17:53.326+0000][73][info ][safepoint   ] Safepoint "Cleanup", Time since last: 1000689673 ns, Reaching safepoint: 23036 ns, Cleanup: 31993 ns, At safepoint: 11904 ns, Total: 66933 ns
[2025-05-21T09:17:58.326+0000][73][info ][safepoint   ] Safepoint "Cleanup", Time since last: 5001090137 ns, Reaching safepoint: 242792 ns, Cleanup: 18827 ns, At safepoint: 63086 ns, Total: 324705 ns
[2025-05-21T09:18:00.327+0000][73][info ][safepoint   ] Safepoint "Cleanup", Time since last: 2000675165 ns, Reaching safepoint: 22562 ns, Cleanup: 13473 ns, At safepoint: 39802 ns, Total: 75837 ns
[2025-05-21T09:18:05.211+0000][73][info ][safepoint   ] Safepoint "Cleanup", Time since last: 4883783355 ns, Reaching safepoint: 19879 ns, Cleanup: 14187 ns, At safepoint: 9176 ns, Total: 43242 ns
[2025-05-21T09:18:09.212+0000][73][info ][safepoint   ] Safepoint "Cleanup", Time since last: 4001489007 ns, Reaching safepoint: 35240 ns, Cleanup: 17603 ns, At safepoint: 18121 ns, Total: 70964 ns
[2025-05-21T09:18:15.214+0000][73][info ][safepoint   ] Safepoint "Cleanup", Time since last: 6001587496 ns, Reaching safepoint: 28193 ns, Cleanup: 17867 ns, At safepoint: 34362 ns, Total: 80422 ns
[2025-05-21T09:19:28.246+0000][73][info ][safepoint   ] Safepoint "Cleanup", Time since last: 73038191847 ns, Reaching safepoint: 46765 ns, Cleanup: 18007 ns, At safepoint: 16300 ns, Total: 81072 ns
[2025-05-21T09:19:39.390+0000][73][info ][safepoint   ] Safepoint "Cleanup", Time since last: 11143899632 ns, Reaching safepoint: 17462 ns, Cleanup: 29868 ns, At safepoint: 82758 ns, Total: 130088 ns
[2025-05-21T09:19:53.416+0000][73][info ][safepoint   ] Safepoint "Cleanup", Time since last: 14025502602 ns, Reaching safepoint: 34654 ns, Cleanup: 17840 ns, At safepoint: 17597 ns, Total: 70091 ns
[2025-05-21T09:20:05.258+0000][73][info ][safepoint   ] Safepoint "Cleanup", Time since last: 11844406011 ns, Reaching safepoint: 26675 ns, Cleanup: 16322 ns, At safepoint: 13071 ns, Total: 56068 ns
[2025-05-21T09:20:09.259+0000][73][info ][safepoint   ] Safepoint "Cleanup", Time since last: 4000916161 ns, Reaching safepoint: 32923 ns, Cleanup: 18645 ns, At safepoint: 13404 ns, Total: 64972 ns
[2025-05-21T09:20:38.261+0000][73][info ][safepoint   ] Safepoint "Cleanup", Time since last: 29005452270 ns, Reaching safepoint: 201290 ns, Cleanup: 23465 ns, At safepoint: 22527 ns, Total: 247282 ns
[2025-05-21T09:20:41.728+0000][73][info ][safepoint   ] Safepoint "Cleanup", Time since last: 3467045522 ns, Reaching safepoint: 14514 ns, Cleanup: 12116 ns, At safepoint: 6300 ns, Total: 32930 ns
[2025-05-21T09:20:43.471+0000][73][info ][safepoint   ] Safepoint "Cleanup", Time since last: 1742847381 ns, Reaching safepoint: 37058 ns, Cleanup: 24540 ns, At safepoint: 18956 ns, Total: 80554 ns
[2025-05-21T09:20:52.473+0000][73][info ][safepoint   ] Safepoint "Cleanup", Time since last: 9001951950 ns, Reaching safepoint: 37907 ns, Cleanup: 19888 ns, At safepoint: 18915 ns, Total: 76710 ns
[2025-05-21T09:20:59.475+0000][73][info ][safepoint   ] Safepoint "Cleanup", Time since last: 7001888577 ns, Reaching safepoint: 41671 ns, Cleanup: 19847 ns, At safepoint: 19490 ns, Total: 81008 ns
[2025-05-21T09:21:00.484+0000][73][info ][safepoint   ] Safepoint "Cleanup", Time since last: 1009575088 ns, Reaching safepoint: 56473 ns, Cleanup: 109660 ns, At safepoint: 90584 ns, Total: 256717 ns
[2025-05-21T09:21:02.819+0000][73][info ][safepoint   ] Safepoint "Cleanup", Time since last: 2334910505 ns, Reaching safepoint: 23858 ns, Cleanup: 15500 ns, At safepoint: 24399 ns, Total: 63757 ns
[2025-05-21T09:21:04.225+0000][73][info ][safepoint   ] Safepoint "Cleanup", Time since last: 1405072541 ns, Reaching safepoint: 424322 ns, Cleanup: 45542 ns, At safepoint: 209331 ns, Total: 679195 ns
[2025-05-21T09:21:05.576+0000][73][info ][safepoint   ] Safepoint "Cleanup", Time since last: 1350798127 ns, Reaching safepoint: 32701 ns, Cleanup: 19596 ns, At safepoint: 16730 ns, Total: 69027 ns
[2025-05-21T09:21:09.340+0000][73][info ][safepoint   ] Safepoint "Cleanup", Time since last: 3764219290 ns, Reaching safepoint: 26573 ns, Cleanup: 19709 ns, At safepoint: 99024 ns, Total: 145306 ns
[2025-05-21T09:21:10.393+0000][73][info ][safepoint   ] Safepoint "Cleanup", Time since last: 1052362944 ns, Reaching safepoint: 20730 ns, Cleanup: 17638 ns, At safepoint: 9791 ns, Total: 48159 ns
[2025-05-21T09:21:12.394+0000][73][info ][safepoint   ] Safepoint "Cleanup", Time since last: 2000905940 ns, Reaching safepoint: 22109 ns, Cleanup: 14497 ns, At safepoint: 10614 ns, Total: 47220 ns
[2025-05-21T09:21:14.722+0000][73][info ][safepoint   ] Safepoint "Cleanup", Time since last: 2328359808 ns, Reaching safepoint: 7357 ns, Cleanup: 8710 ns, At safepoint: 13948 ns, Total: 30015 ns
[2025-05-21T09:21:16.631+0000][73][info ][safepoint   ] Safepoint "Cleanup", Time since last: 1906820654 ns, Reaching safepoint: 48206 ns, Cleanup: 1972576 ns, At safepoint: 75080 ns, Total: 2095862 ns
[2025-05-21T09:21:29.706+0000][73][info ][safepoint   ] Safepoint "Cleanup", Time since last: 13076863240 ns, Reaching safepoint: 8612 ns, Cleanup: 10219 ns, At safepoint: 16707 ns, Total: 35538 ns
[2025-05-21T09:21:31.669+0000][73][info ][safepoint   ] Safepoint "Cleanup", Time since last: 1963666916 ns, Reaching safepoint: 61773 ns, Cleanup: 19376 ns, At safepoint: 13281 ns, Total: 94430 ns
[2025-05-21T09:21:32.735+0000][73][info ][safepoint   ] Safepoint "Cleanup", Time since last: 1065377248 ns, Reaching safepoint: 97477 ns, Cleanup: 41420 ns, At safepoint: 40747 ns, Total: 179644 ns
[2025-05-21T09:21:34.728+0000][73][info ][safepoint   ] Safepoint "Cleanup", Time since last: 1993130460 ns, Reaching safepoint: 32355 ns, Cleanup: 35899 ns, At safepoint: 12442 ns, Total: 80696 ns
[2025-05-21T09:21:40.414+0000][73][info ][safepoint   ] Safepoint "Cleanup", Time since last: 5685814588 ns, Reaching safepoint: 39785 ns, Cleanup: 20757 ns, At safepoint: 14071 ns, Total: 74613 ns
[2025-05-21T09:21:44.736+0000][73][info ][safepoint   ] Safepoint "Cleanup", Time since last: 4321472287 ns, Reaching safepoint: 30607 ns, Cleanup: 21294 ns, At safepoint: 70866 ns, Total: 122767 ns
[2025-05-21T09:21:45.757+0000][73][info ][safepoint   ] Safepoint "Cleanup", Time since last: 1020900985 ns, Reaching safepoint: 15099 ns, Cleanup: 18546 ns, At safepoint: 83278 ns, Total: 116923 ns
[2025-05-21T09:21:46.781+0000][73][info ][safepoint   ] Safepoint "Cleanup", Time since last: 1024033966 ns, Reaching safepoint: 42556 ns, Cleanup: 38379 ns, At safepoint: 68299 ns, Total: 149234 ns
[2025-05-21T09:21:47.785+0000][73][info ][safepoint   ] Safepoint "Cleanup", Time since last: 1004321994 ns, Reaching safepoint: 36013 ns, Cleanup: 19212 ns, At safepoint: 17991 ns, Total: 73216 ns
[2025-05-21T09:22:06.326+0000][73][info ][safepoint   ] Safepoint "Cleanup", Time since last: 18543456759 ns, Reaching safepoint: 63685 ns, Cleanup: 20872 ns, At safepoint: 16717 ns, Total: 101274 ns
[2025-05-21T09:22:34.329+0000][73][info ][safepoint   ] Safepoint "Cleanup", Time since last: 28004946423 ns, Reaching safepoint: 87617 ns, Cleanup: 15505 ns, At safepoint: 10259 ns, Total: 113381 ns
[2025-05-21T09:22:39.330+0000][73][info ][safepoint   ] Safepoint "Cleanup", Time since last: 5001131066 ns, Reaching safepoint: 30263 ns, Cleanup: 18480 ns, At safepoint: 12794 ns, Total: 61537 ns
[2025-05-21T09:22:47.703+0000][73][info ][safepoint   ] Safepoint "Cleanup", Time since last: 8371779800 ns, Reaching safepoint: 830925 ns, Cleanup: 17470 ns, At safepoint: 124456 ns, Total: 972851 ns
[2025-05-21T09:22:48.837+0000][73][info ][safepoint   ] Safepoint "Cleanup", Time since last: 1133864464 ns, Reaching safepoint: 292032 ns, Cleanup: 20405 ns, At safepoint: 52308 ns, Total: 364745 ns
[2025-05-21T09:22:49.857+0000][73][info ][safepoint   ] Safepoint "Cleanup", Time since last: 1019735083 ns, Reaching safepoint: 31633 ns, Cleanup: 20642 ns, At safepoint: 13470 ns, Total: 65745 ns
[2025-05-21T09:22:50.857+0000][73][info ][safepoint   ] Safepoint "Cleanup", Time since last: 1000647461 ns, Reaching safepoint: 33692 ns, Cleanup: 18758 ns, At safepoint: 18174 ns, Total: 70624 ns
[2025-05-21T09:22:51.858+0000][73][info ][safepoint   ] Safepoint "Cleanup", Time since last: 1000773626 ns, Reaching safepoint: 32887 ns, Cleanup: 22949 ns, At safepoint: 17830 ns, Total: 73666 ns
[2025-05-21T09:22:53.859+0000][73][info ][safepoint   ] Safepoint "Cleanup", Time since last: 2000783581 ns, Reaching safepoint: 17553 ns, Cleanup: 13033 ns, At safepoint: 9142 ns, Total: 39728 ns
[2025-05-21T09:23:34.362+0000][73][info ][safepoint   ] Safepoint "Cleanup", Time since last: 40507541242 ns, Reaching safepoint: 73565 ns, Cleanup: 21779 ns, At safepoint: 33162 ns, Total: 128506 ns
[2025-05-21T09:23:35.363+0000][73][info ][safepoint   ] Safepoint "Cleanup", Time since last: 1000563349 ns, Reaching safepoint: 19207 ns, Cleanup: 13029 ns, At safepoint: 9037 ns, Total: 41273 ns
[2025-05-21T09:23:49.366+0000][73][info ][safepoint   ] Safepoint "Cleanup", Time since last: 14002827854 ns, Reaching safepoint: 21687 ns, Cleanup: 16264 ns, At safepoint: 10793 ns, Total: 48744 ns
[2025-05-21T09:23:50.898+0000][73][info ][safepoint   ] Safepoint "Cleanup", Time since last: 1532545591 ns, Reaching safepoint: 14397 ns, Cleanup: 18450 ns, At safepoint: 80027 ns, Total: 112874 ns
[2025-05-21T09:23:51.900+0000][73][info ][safepoint   ] Safepoint "Cleanup", Time since last: 1001156238 ns, Reaching safepoint: 39006 ns, Cleanup: 19118 ns, At safepoint: 18680 ns, Total: 76804 ns
[2025-05-21T09:23:56.920+0000][73][info ][safepoint   ] Safepoint "Cleanup", Time since last: 5023058330 ns, Reaching safepoint: 34549 ns, Cleanup: 17886 ns, At safepoint: 17454 ns, Total: 69889 ns
[2025-05-21T09:23:57.922+0000][73][info ][safepoint   ] Safepoint "Cleanup", Time since last: 1001129874 ns, Reaching safepoint: 33734 ns, Cleanup: 17377 ns, At safepoint: 16981 ns, Total: 68092 ns
[2025-05-21T09:24:00.923+0000][73][info ][safepoint   ] Safepoint "Cleanup", Time since last: 3000920533 ns, Reaching safepoint: 86334 ns, Cleanup: 16372 ns, At safepoint: 10480 ns, Total: 113186 ns
[2025-05-21T09:24:04.395+0000][73][info ][safepoint   ] Safepoint "Cleanup", Time since last: 3471904126 ns, Reaching safepoint: 26409 ns, Cleanup: 13649 ns, At safepoint: 18720 ns, Total: 58778 ns
[2025-05-21T09:24:15.397+0000][73][info ][safepoint   ] Safepoint "Cleanup", Time since last: 11001995756 ns, Reaching safepoint: 159406 ns, Cleanup: 16172 ns, At safepoint: 12719 ns, Total: 188297 ns
[2025-05-21T09:24:16.397+0000][73][info ][safepoint   ] Safepoint "Cleanup", Time since last: 1000571302 ns, Reaching safepoint: 19695 ns, Cleanup: 14217 ns, At safepoint: 9228 ns, Total: 43140 ns
[2025-05-21T09:24:36.399+0000][73][info ][safepoint   ] Safepoint "Cleanup", Time since last: 20003998976 ns, Reaching safepoint: 61955 ns, Cleanup: 15859 ns, At safepoint: 9945 ns, Total: 87759 ns
[2025-05-21T09:24:46.401+0000][73][info ][safepoint   ] Safepoint "Cleanup", Time since last: 10002017369 ns, Reaching safepoint: 20024 ns, Cleanup: 18089 ns, At safepoint: 9990 ns, Total: 48103 ns
[2025-05-21T09:24:52.403+0000][73][info ][safepoint   ] Safepoint "Cleanup", Time since last: 6001526623 ns, Reaching safepoint: 80897 ns, Cleanup: 17038 ns, At safepoint: 19514 ns, Total: 117449 ns
[2025-05-21T09:24:53.761+0000][73][info ][safepoint   ] Safepoint "Cleanup", Time since last: 1357812381 ns, Reaching safepoint: 107333 ns, Cleanup: 9782 ns, At safepoint: 51796 ns, Total: 168911 ns
[2025-05-21T09:24:54.970+0000][73][info ][safepoint   ] Safepoint "Cleanup", Time since last: 1211911058 ns, Reaching safepoint: 19512 ns, Cleanup: 18596 ns, At safepoint: 9593 ns, Total: 47701 ns
[2025-05-21T09:25:02.973+0000][73][info ][safepoint   ] Safepoint "Cleanup", Time since last: 8002419749 ns, Reaching safepoint: 21169 ns, Cleanup: 17570 ns, At safepoint: 10277 ns, Total: 49016 ns
[2025-05-21T09:25:12.434+0000][73][info ][safepoint   ] Safepoint "Cleanup", Time since last: 9460932792 ns, Reaching safepoint: 99384 ns, Cleanup: 23704 ns, At safepoint: 23453 ns, Total: 146541 ns
[2025-05-21T09:25:34.436+0000][73][info ][safepoint   ] Safepoint "Cleanup", Time since last: 22004293977 ns, Reaching safepoint: 74220 ns, Cleanup: 20690 ns, At safepoint: 18978 ns, Total: 113888 ns
[2025-05-21T09:25:51.439+0000][73][info ][safepoint   ] Safepoint "Cleanup", Time since last: 17003046738 ns, Reaching safepoint: 78640 ns, Cleanup: 17682 ns, At safepoint: 17914 ns, Total: 114236 ns
[2025-05-21T09:25:56.438+0000][73][info ][safepoint   ] Safepoint "Cleanup", Time since last: 5001423944 ns, Reaching safepoint: 75167 ns, Cleanup: 16355 ns, At safepoint: 10370 ns, Total: 101892 ns
[2025-05-21T09:25:58.013+0000][73][info ][safepoint   ] Safepoint "Cleanup", Time since last: 1574538980 ns, Reaching safepoint: 36960 ns, Cleanup: 19001 ns, At safepoint: 17874 ns, Total: 73835 ns
[2025-05-21T09:26:04.015+0000][73][info ][safepoint   ] Safepoint "Cleanup", Time since last: 6001476144 ns, Reaching safepoint: 29697 ns, Cleanup: 15768 ns, At safepoint: 10997 ns, Total: 56462 ns
[2025-05-21T09:26:32.701+0000][73][info ][safepoint   ] Safepoint "Cleanup", Time since last: 28688674841 ns, Reaching safepoint: 58708 ns, Cleanup: 10619 ns, At safepoint: 39222 ns, Total: 108549 ns
[2025-05-21T09:26:34.046+0000][73][info ][safepoint   ] Safepoint "Cleanup", Time since last: 1344647255 ns, Reaching safepoint: 19330 ns, Cleanup: 18072 ns, At safepoint: 9156 ns, Total: 46558 ns
[2025-05-21T09:26:35.682+0000][73][info ][safepoint   ] Safepoint "Cleanup", Time since last: 1636323226 ns, Reaching safepoint: 14840 ns, Cleanup: 12546 ns, At safepoint: 23352 ns, Total: 50738 ns
[2025-05-21T09:26:37.070+0000][73][info ][safepoint   ] Safepoint "Cleanup", Time since last: 1388375117 ns, Reaching safepoint: 23219 ns, Cleanup: 17070 ns, At safepoint: 10070 ns, Total: 50359 ns
[2025-05-21T09:26:39.098+0000][73][info ][safepoint   ] Safepoint "Cleanup", Time since last: 2027043930 ns, Reaching safepoint: 101462 ns, Cleanup: 17094 ns, At safepoint: 18998 ns, Total: 137554 ns
[2025-05-21T09:26:45.099+0000][73][info ][safepoint   ] Safepoint "Cleanup", Time since last: 6001546376 ns, Reaching safepoint: 22416 ns, Cleanup: 13413 ns, At safepoint: 9035 ns, Total: 44864 ns
[2025-05-21T09:26:52.573+0000][73][info ][safepoint   ] Safepoint "Cleanup", Time since last: 7473618365 ns, Reaching safepoint: 40412 ns, Cleanup: 29647 ns, At safepoint: 20044 ns, Total: 90103 ns
[2025-05-21T09:26:59.706+0000][73][info ][safepoint   ] Safepoint "Cleanup", Time since last: 7135481990 ns, Reaching safepoint: 24702 ns, Cleanup: 17617 ns, At safepoint: 87850 ns, Total: 130169 ns
[2025-05-21T09:27:01.145+0000][73][info ][safepoint   ] Safepoint "Cleanup", Time since last: 1439187449 ns, Reaching safepoint: 30953 ns, Cleanup: 23553 ns, At safepoint: 12736 ns, Total: 67242 ns
[2025-05-21T09:27:03.146+0000][73][info ][safepoint   ] Safepoint "Cleanup", Time since last: 2000821139 ns, Reaching safepoint: 33927 ns, Cleanup: 22406 ns, At safepoint: 17625 ns, Total: 73958 ns
[2025-05-21T09:27:04.147+0000][73][info ][safepoint   ] Safepoint "Cleanup", Time since last: 1000757642 ns, Reaching safepoint: 18275 ns, Cleanup: 15169 ns, At safepoint: 8453 ns, Total: 41897 ns
[2025-05-21T09:27:09.625+0000][73][info ][safepoint   ] Safepoint "Cleanup", Time since last: 5478214198 ns, Reaching safepoint: 90042 ns, Cleanup: 9445 ns, At safepoint: 29742 ns, Total: 129229 ns
[2025-05-21T09:27:10.633+0000][73][info ][safepoint   ] Safepoint "Cleanup", Time since last: 1006956152 ns, Reaching safepoint: 8824 ns, Cleanup: 39204 ns, At safepoint: 19737 ns, Total: 67765 ns
[2025-05-21T09:27:14.639+0000][73][info ][safepoint   ] Safepoint "Cleanup", Time since last: 4006142006 ns, Reaching safepoint: 33496 ns, Cleanup: 16765 ns, At safepoint: 17074 ns, Total: 67335 ns
[2025-05-21T09:27:22.641+0000][73][info ][safepoint   ] Safepoint "Cleanup", Time since last: 8001851008 ns, Reaching safepoint: 25329 ns, Cleanup: 14361 ns, At safepoint: 9553 ns, Total: 49243 ns
[2025-05-21T09:27:30.640+0000][73][info ][safepoint   ] Safepoint "Cleanup", Time since last: 8001850522 ns, Reaching safepoint: 244017 ns, Cleanup: 18556 ns, At safepoint: 21382 ns, Total: 283955 ns
[2025-05-21T09:27:43.643+0000][73][info ][safepoint   ] Safepoint "Cleanup", Time since last: 13002590379 ns, Reaching safepoint: 95743 ns, Cleanup: 17628 ns, At safepoint: 10628 ns, Total: 123999 ns
[2025-05-21T09:27:52.645+0000][73][info ][safepoint   ] Safepoint "Cleanup", Time since last: 9001999947 ns, Reaching safepoint: 34063 ns, Cleanup: 21670 ns, At safepoint: 17293 ns, Total: 73026 ns
[2025-05-21T09:28:02.711+0000][73][info ][safepoint   ] Safepoint "Cleanup", Time since last: 10067387664 ns, Reaching safepoint: 392995 ns, Cleanup: 18683 ns, At safepoint: 133344 ns, Total: 545022 ns
[2025-05-21T09:28:04.193+0000][73][info ][safepoint   ] Safepoint "Cleanup", Time since last: 1481736530 ns, Reaching safepoint: 34472 ns, Cleanup: 20705 ns, At safepoint: 18566 ns, Total: 73743 ns
[2025-05-21T09:28:06.541+0000][73][info ][safepoint   ] Safepoint "Cleanup", Time since last: 2348763470 ns, Reaching safepoint: 18614 ns, Cleanup: 13372 ns, At safepoint: 9464 ns, Total: 41450 ns
[2025-05-21T09:28:52.548+0000][73][info ][safepoint   ] Safepoint "Cleanup", Time since last: 46008564112 ns, Reaching safepoint: 38133 ns, Cleanup: 23124 ns, At safepoint: 19273 ns, Total: 80530 ns
[2025-05-21T09:28:53.549+0000][73][info ][safepoint   ] Safepoint "Cleanup", Time since last: 1000944872 ns, Reaching safepoint: 33335 ns, Cleanup: 16631 ns, At safepoint: 16909 ns, Total: 66875 ns
[2025-05-21T09:29:03.548+0000][73][info ][safepoint   ] Safepoint "Cleanup", Time since last: 10002296908 ns, Reaching safepoint: 22287 ns, Cleanup: 19102 ns, At safepoint: 38579 ns, Total: 79968 ns
[2025-05-21T09:29:06.213+0000][73][info ][safepoint   ] Safepoint "Cleanup", Time since last: 2664866145 ns, Reaching safepoint: 14896 ns, Cleanup: 14656 ns, At safepoint: 5695 ns, Total: 35247 ns
[2025-05-21T09:29:07.243+0000][73][info ][safepoint   ] Safepoint "Cleanup", Time since last: 1030126764 ns, Reaching safepoint: 32466 ns, Cleanup: 18503 ns, At safepoint: 16746 ns, Total: 67715 ns
[2025-05-21T09:29:15.245+0000][73][info ][safepoint   ] Safepoint "Cleanup", Time since last: 8001942634 ns, Reaching safepoint: 103694 ns, Cleanup: 31210 ns, At safepoint: 16969 ns, Total: 151873 ns
[2025-05-21T09:29:52.250+0000][73][info ][safepoint   ] Safepoint "Cleanup", Time since last: 37006509201 ns, Reaching safepoint: 62024 ns, Cleanup: 16608 ns, At safepoint: 9276 ns, Total: 87908 ns
[2025-05-21T09:29:54.251+0000][73][info ][safepoint   ] Safepoint "Cleanup", Time since last: 2000817771 ns, Reaching safepoint: 20357 ns, Cleanup: 14616 ns, At safepoint: 9171 ns, Total: 44144 ns
[2025-05-21T09:29:56.249+0000][73][info ][safepoint   ] Safepoint "Cleanup", Time since last: 2000708716 ns, Reaching safepoint: 26224 ns, Cleanup: 17698 ns, At safepoint: 11902 ns, Total: 55824 ns
[2025-05-21T09:30:02.251+0000][73][info ][safepoint   ] Safepoint "Cleanup", Time since last: 6001197067 ns, Reaching safepoint: 195775 ns, Cleanup: 18288 ns, At safepoint: 137909 ns, Total: 351972 ns
[2025-05-21T09:30:15.281+0000][73][info ][safepoint   ] Safepoint "Cleanup", Time since last: 13030076981 ns, Reaching safepoint: 142185 ns, Cleanup: 21611 ns, At safepoint: 12034 ns, Total: 175830 ns
[2025-05-21T09:30:19.282+0000][73][info ][safepoint   ] Safepoint "Cleanup", Time since last: 4001154759 ns, Reaching safepoint: 52247 ns, Cleanup: 16701 ns, At safepoint: 19699 ns, Total: 88647 ns
[2025-05-21T09:30:21.283+0000][73][info ][safepoint   ] Safepoint "Cleanup", Time since last: 2000956897 ns, Reaching safepoint: 33309 ns, Cleanup: 16689 ns, At safepoint: 17732 ns, Total: 67730 ns
[2025-05-21T09:30:39.284+0000][73][info ][safepoint   ] Safepoint "Cleanup", Time since last: 18003384113 ns, Reaching safepoint: 70471 ns, Cleanup: 22575 ns, At safepoint: 16051 ns, Total: 109097 ns
[2025-05-21T09:30:45.286+0000][73][info ][safepoint   ] Safepoint "Cleanup", Time since last: 6001418874 ns, Reaching safepoint: 75238 ns, Cleanup: 19138 ns, At safepoint: 36758 ns, Total: 131134 ns
[2025-05-21T09:30:52.288+0000][73][info ][safepoint   ] Safepoint "Cleanup", Time since last: 7001914232 ns, Reaching safepoint: 32571 ns, Cleanup: 28407 ns, At safepoint: 16746 ns, Total: 77724 ns
[2025-05-21T09:31:11.710+0000][73][info ][safepoint   ] Safepoint "Cleanup", Time since last: 19424538890 ns, Reaching safepoint: 15212 ns, Cleanup: 13244 ns, At safepoint: 21042 ns, Total: 49498 ns
[2025-05-21T09:31:34.327+0000][73][info ][safepoint   ] Safepoint "Cleanup", Time since last: 22618841751 ns, Reaching safepoint: 79004 ns, Cleanup: 14106 ns, At safepoint: 8756 ns, Total: 101866 ns
[2025-05-21T09:31:40.369+0000][73][info ][safepoint   ] Safepoint "Cleanup", Time since last: 6042460105 ns, Reaching safepoint: 21090 ns, Cleanup: 14044 ns, At safepoint: 10552 ns, Total: 45686 ns
[2025-05-21T09:31:51.397+0000][73][info ][safepoint   ] Safepoint "Cleanup", Time since last: 11027443015 ns, Reaching safepoint: 99748 ns, Cleanup: 15763 ns, At safepoint: 12382 ns, Total: 127893 ns
[2025-05-21T09:31:52.404+0000][73][info ][safepoint   ] Safepoint "Cleanup", Time since last: 1007504569 ns, Reaching safepoint: 19471 ns, Cleanup: 13809 ns, At safepoint: 8846 ns, Total: 42126 ns
[2025-05-21T09:31:59.654+0000][73][info ][gc,start    ] GC(24) Pause Young (Prepare Mixed) (G1 Evacuation Pause)
[2025-05-21T09:31:59.660+0000][73][info ][gc,task     ] GC(24) Using 10 workers of 10 for evacuation
[2025-05-21T09:31:59.662+0000][73][debug][gc,age      ] GC(24) Desired survivor size 94371840 bytes, new threshold 15 (max threshold 15)
[2025-05-21T09:31:59.888+0000][73][info ][gc,mmu      ] GC(24) MMU target violated: 201.0ms (200.0ms/201.0ms)
[2025-05-21T09:31:59.888+0000][73][info ][gc,phases   ] GC(24)   Pre Evacuate Collection Set: 18.06ms
[2025-05-21T09:31:59.889+0000][73][info ][gc,phases   ] GC(24)   Merge Heap Roots: 6.05ms
[2025-05-21T09:31:59.889+0000][73][info ][gc,phases   ] GC(24)   Evacuate Collection Set: 173.00ms
[2025-05-21T09:31:59.890+0000][73][info ][gc,phases   ] GC(24)   Post Evacuate Collection Set: 23.46ms
[2025-05-21T09:31:59.891+0000][73][info ][gc,phases   ] GC(24)   Other: 10.10ms
[2025-05-21T09:31:59.891+0000][73][trace][gc,age      ] GC(24) Age table with threshold 15 (max threshold 15)
[2025-05-21T09:31:59.892+0000][73][trace][gc,age      ] GC(24) - age   1:    1673848 bytes,    1673848 total
[2025-05-21T09:31:59.892+0000][73][trace][gc,age      ] GC(24) - age   2:      21024 bytes,    1694872 total
[2025-05-21T09:31:59.892+0000][73][trace][gc,age      ] GC(24) - age   3:      82200 bytes,    1777072 total
[2025-05-21T09:31:59.893+0000][73][trace][gc,age      ] GC(24) - age   4:      70920 bytes,    1847992 total
[2025-05-21T09:31:59.893+0000][73][trace][gc,age      ] GC(24) - age   5:      99968 bytes,    1947960 total
[2025-05-21T09:31:59.894+0000][73][trace][gc,age      ] GC(24) - age   6:    1191760 bytes,    3139720 total
[2025-05-21T09:31:59.894+0000][73][trace][gc,age      ] GC(24) - age   7:     784136 bytes,    3923856 total
[2025-05-21T09:31:59.894+0000][73][trace][gc,age      ] GC(24) - age   8:    1309488 bytes,    5233344 total
[2025-05-21T09:31:59.895+0000][73][trace][gc,age      ] GC(24) - age   9:    3638520 bytes,    8871864 total
[2025-05-21T09:31:59.895+0000][73][trace][gc,age      ] GC(24) - age  10:    1827024 bytes,   10698888 total
[2025-05-21T09:31:59.896+0000][73][trace][gc,age      ] GC(24) - age  11:     288696 bytes,   10987584 total
[2025-05-21T09:31:59.896+0000][73][info ][gc,heap     ] GC(24) Eden regions: 353->0(579)
[2025-05-21T09:31:59.896+0000][73][info ][gc,heap     ] GC(24) Survivor regions: 3->3(45)
[2025-05-21T09:31:59.897+0000][73][info ][gc,heap     ] GC(24) Old regions: 27->27
[2025-05-21T09:31:59.897+0000][73][info ][gc,heap     ] GC(24) Humongous regions: 0->0
[2025-05-21T09:31:59.898+0000][73][info ][gc,metaspace] GC(24) Metaspace: 147841K(151808K)->147841K(151808K) NonClass: 127724K(129920K)->127724K(129920K) Class: 20117K(21888K)->20117K(21888K)
[2025-05-21T09:31:59.900+0000][73][info ][gc          ] GC(24) Pause Young (Prepare Mixed) (G1 Evacuation Pause) 1529M->118M(3880M) 245.462ms
[2025-05-21T09:31:59.901+0000][73][info ][gc,cpu      ] GC(24) User=1.25s Sys=0.06s Real=0.25s
[2025-05-21T09:31:59.901+0000][73][info ][safepoint   ] Safepoint "G1CollectForAllocation", Time since last: 7247928255 ns, Reaching safepoint: 20153 ns, Cleanup: 4632 ns, At safepoint: 251102519 ns, Total: 251127304 ns
[2025-05-21T09:32:00.903+0000][73][info ][safepoint   ] Safepoint "Cleanup", Time since last: 1000660667 ns, Reaching safepoint: 655139 ns, Cleanup: 17654 ns, At safepoint: 180413 ns, Total: 853206 ns
[2025-05-21T09:32:04.682+0000][73][info ][safepoint   ] Safepoint "Cleanup", Time since last: 3779659543 ns, Reaching safepoint: 18762 ns, Cleanup: 18812 ns, At safepoint: 15708 ns, Total: 53282 ns
[2025-05-21T09:32:09.220+0000][73][info ][safepoint   ] Safepoint "Cleanup", Time since last: 4537517867 ns, Reaching safepoint: 158979 ns, Cleanup: 11995 ns, At safepoint: 49399 ns, Total: 220373 ns
[2025-05-21T09:32:45.452+0000][73][info ][safepoint   ] Safepoint "Cleanup", Time since last: 36234397396 ns, Reaching safepoint: 78967 ns, Cleanup: 16936 ns, At safepoint: 18336 ns, Total: 114239 ns
[2025-05-21T09:32:52.454+0000][73][info ][safepoint   ] Safepoint "Cleanup", Time since last: 7001504752 ns, Reaching safepoint: 63332 ns, Cleanup: 16063 ns, At safepoint: 12912 ns, Total: 92307 ns
[2025-05-21T09:33:17.683+0000][73][info ][safepoint   ] Safepoint "Cleanup", Time since last: 25230996914 ns, Reaching safepoint: 21865 ns, Cleanup: 32202 ns, At safepoint: 16245 ns, Total: 70312 ns
[2025-05-21T09:33:19.508+0000][73][info ][safepoint   ] Safepoint "Cleanup", Time since last: 1825215369 ns, Reaching safepoint: 21916 ns, Cleanup: 70206 ns, At safepoint: 10029 ns, Total: 102151 ns
[2025-05-21T09:33:31.508+0000][73][info ][safepoint   ] Safepoint "Cleanup", Time since last: 12002217861 ns, Reaching safepoint: 27840 ns, Cleanup: 16152 ns, At safepoint: 11928 ns, Total: 55920 ns
[2025-05-21T09:33:34.509+0000][73][info ][safepoint   ] Safepoint "Cleanup", Time since last: 3000885918 ns, Reaching safepoint: 72608 ns, Cleanup: 17156 ns, At safepoint: 188997 ns, Total: 278761 ns
[2025-05-21T09:33:52.513+0000][73][info ][safepoint   ] Safepoint "Cleanup", Time since last: 18003211129 ns, Reaching safepoint: 48992 ns, Cleanup: 14911 ns, At safepoint: 12147 ns, Total: 76050 ns
[2025-05-21T09:34:13.753+0000][73][info ][safepoint   ] Safepoint "Cleanup", Time since last: 21242483091 ns, Reaching safepoint: 22147 ns, Cleanup: 13841 ns, At safepoint: 9759 ns, Total: 45747 ns
[2025-05-21T09:34:20.699+0000][73][info ][safepoint   ] Safepoint "Cleanup", Time since last: 6945992076 ns, Reaching safepoint: 7779 ns, Cleanup: 10402 ns, At safepoint: 14966 ns, Total: 33147 ns
[2025-05-21T09:34:22.559+0000][73][info ][safepoint   ] Safepoint "Cleanup", Time since last: 1859786555 ns, Reaching safepoint: 20506 ns, Cleanup: 15890 ns, At safepoint: 8604 ns, Total: 45000 ns
[2025-05-21T09:34:57.559+0000][73][info ][safepoint   ] Safepoint "Cleanup", Time since last: 35006131345 ns, Reaching safepoint: 89099 ns, Cleanup: 20656 ns, At safepoint: 17571 ns, Total: 127326 ns
[2025-05-21T09:35:02.561+0000][73][info ][safepoint   ] Safepoint "Cleanup", Time since last: 5001277155 ns, Reaching safepoint: 30916 ns, Cleanup: 16457 ns, At safepoint: 12014 ns, Total: 59387 ns
[2025-05-21T09:35:14.785+0000][73][info ][safepoint   ] Safepoint "Cleanup", Time since last: 12224534901 ns, Reaching safepoint: 67748 ns, Cleanup: 17117 ns, At safepoint: 12470 ns, Total: 97335 ns
[2025-05-21T09:35:24.612+0000][73][info ][safepoint   ] Safepoint "Cleanup", Time since last: 9827976425 ns, Reaching safepoint: 32111 ns, Cleanup: 12520 ns, At safepoint: 71138 ns, Total: 115769 ns
[2025-05-21T09:35:25.613+0000][73][info ][safepoint   ] Safepoint "Cleanup", Time since last: 1000849464 ns, Reaching safepoint: 33253 ns, Cleanup: 17726 ns, At safepoint: 13145 ns, Total: 64124 ns
[2025-05-21T09:35:26.614+0000][73][info ][safepoint   ] Safepoint "Cleanup", Time since last: 1001069070 ns, Reaching safepoint: 29046 ns, Cleanup: 17307 ns, At safepoint: 11766 ns, Total: 58119 ns
[2025-05-21T09:36:17.682+0000][73][info ][safepoint   ] Safepoint "Cleanup", Time since last: 51070659272 ns, Reaching safepoint: 46861 ns, Cleanup: 10654 ns, At safepoint: 13950 ns, Total: 71465 ns
[2025-05-21T09:36:19.647+0000][73][info ][safepoint   ] Safepoint "Cleanup", Time since last: 1964657647 ns, Reaching safepoint: 18056 ns, Cleanup: 14212 ns, At safepoint: 9224 ns, Total: 41492 ns
[2025-05-21T09:36:26.728+0000][73][info ][safepoint   ] Safepoint "Cleanup", Time since last: 7083589211 ns, Reaching safepoint: 31057 ns, Cleanup: 10442 ns, At safepoint: 18233 ns, Total: 59732 ns
[2025-05-21T09:36:27.767+0000][73][info ][safepoint   ] Safepoint "Cleanup", Time since last: 1039211926 ns, Reaching safepoint: 32380 ns, Cleanup: 13701 ns, At safepoint: 21782 ns, Total: 67863 ns
[2025-05-21T09:36:43.007+0000][73][info ][safepoint   ] Safepoint "Cleanup", Time since last: 15240021281 ns, Reaching safepoint: 16196 ns, Cleanup: 19042 ns, At safepoint: 18962 ns, Total: 54200 ns
[2025-05-21T09:36:54.951+0000][73][info ][safepoint   ] Safepoint "Cleanup", Time since last: 11945119657 ns, Reaching safepoint: 46604 ns, Cleanup: 14634 ns, At safepoint: 11599 ns, Total: 72837 ns
[2025-05-21T09:37:10.277+0000][73][info ][safepoint   ] Safepoint "Cleanup", Time since last: 15325955604 ns, Reaching safepoint: 21846 ns, Cleanup: 16999 ns, At safepoint: 10756 ns, Total: 49601 ns
[2025-05-21T09:37:12.278+0000][73][info ][safepoint   ] Safepoint "Cleanup", Time since last: 2000925468 ns, Reaching safepoint: 23152 ns, Cleanup: 18819 ns, At safepoint: 12252 ns, Total: 54223 ns
[2025-05-21T09:37:27.278+0000][73][info ][safepoint   ] Safepoint "Cleanup", Time since last: 15002679802 ns, Reaching safepoint: 75172 ns, Cleanup: 21564 ns, At safepoint: 36303 ns, Total: 133039 ns
[2025-05-21T09:37:29.280+0000][73][info ][safepoint   ] Safepoint "Cleanup", Time since last: 2001396507 ns, Reaching safepoint: 33962 ns, Cleanup: 18916 ns, At safepoint: 20060 ns, Total: 72938 ns
[2025-05-21T09:37:31.003+0000][73][info ][safepoint   ] Safepoint "Cleanup", Time since last: 1723418610 ns, Reaching safepoint: 7147 ns, Cleanup: 11926 ns, At safepoint: 15774 ns, Total: 34847 ns
[2025-05-21T09:37:34.006+0000][73][info ][safepoint   ] Safepoint "Cleanup", Time since last: 3002811561 ns, Reaching safepoint: 20297 ns, Cleanup: 15105 ns, At safepoint: 9454 ns, Total: 44856 ns
[2025-05-21T09:37:44.008+0000][73][info ][safepoint   ] Safepoint "Cleanup", Time since last: 10002101351 ns, Reaching safepoint: 83577 ns, Cleanup: 14433 ns, At safepoint: 9937 ns, Total: 107947 ns
[2025-05-21T09:37:47.009+0000][73][info ][safepoint   ] Safepoint "Cleanup", Time since last: 3000836309 ns, Reaching safepoint: 34224 ns, Cleanup: 23110 ns, At safepoint: 18023 ns, Total: 75357 ns
[2025-05-21T09:37:52.162+0000][73][info ][safepoint   ] Safepoint "Cleanup", Time since last: 5028689043 ns, Reaching safepoint: 123613254 ns, Cleanup: 28435 ns, At safepoint: 185625 ns, Total: 123827314 ns
[2025-05-21T09:38:30.205+0000][73][info ][safepoint   ] Safepoint "Cleanup", Time since last: 38048554723 ns, Reaching safepoint: 111670 ns, Cleanup: 18740 ns, At safepoint: 13777 ns, Total: 144187 ns
[2025-05-21T09:38:32.806+0000][73][info ][safepoint   ] Safepoint "Cleanup", Time since last: 2600782067 ns, Reaching safepoint: 43873 ns, Cleanup: 29485 ns, At safepoint: 87548 ns, Total: 160906 ns
[2025-05-21T09:38:34.822+0000][73][info ][safepoint   ] Safepoint "Cleanup", Time since last: 2015522581 ns, Reaching safepoint: 36850 ns, Cleanup: 42497 ns, At safepoint: 21465 ns, Total: 100812 ns
[2025-05-21T09:38:45.824+0000][73][info ][safepoint   ] Safepoint "Cleanup", Time since last: 11002208301 ns, Reaching safepoint: 71757 ns, Cleanup: 18208 ns, At safepoint: 16047 ns, Total: 106012 ns
[2025-05-21T09:39:00.825+0000][73][info ][safepoint   ] Safepoint "Cleanup", Time since last: 15002871286 ns, Reaching safepoint: 132665 ns, Cleanup: 16895 ns, At safepoint: 18261 ns, Total: 167821 ns
[2025-05-21T09:39:34.837+0000][73][info ][safepoint   ] Safepoint "Cleanup", Time since last: 34012726297 ns, Reaching safepoint: 996151 ns, Cleanup: 25400 ns, At safepoint: 184541 ns, Total: 1206092 ns
[2025-05-21T09:40:02.899+0000][73][info ][safepoint   ] Safepoint "Cleanup", Time since last: 28064755779 ns, Reaching safepoint: 34231 ns, Cleanup: 19674 ns, At safepoint: 17570 ns, Total: 71475 ns
[2025-05-21T09:40:38.855+0000][73][info ][safepoint   ] Safepoint "Cleanup", Time since last: 35958723261 ns, Reaching safepoint: 34475 ns, Cleanup: 18487 ns, At safepoint: 17295 ns, Total: 70257 ns
[2025-05-21T09:41:06.371+0000][73][info ][safepoint   ] Safepoint "Cleanup", Time since last: 27517773243 ns, Reaching safepoint: 20971 ns, Cleanup: 14022 ns, At safepoint: 8860 ns, Total: 43853 ns
[2025-05-21T09:41:10.372+0000][73][info ][safepoint   ] Safepoint "Cleanup", Time since last: 4001220402 ns, Reaching safepoint: 27332 ns, Cleanup: 16970 ns, At safepoint: 10807 ns, Total: 55109 ns
[2025-05-21T09:41:40.828+0000][73][info ][safepoint   ] Safepoint "Cleanup", Time since last: 30457206437 ns, Reaching safepoint: 399499 ns, Cleanup: 15040 ns, At safepoint: 72770 ns, Total: 487309 ns
[2025-05-21T09:41:42.000+0000][73][info ][safepoint   ] Safepoint "Cleanup", Time since last: 1172210406 ns, Reaching safepoint: 37977 ns, Cleanup: 22087 ns, At safepoint: 19938 ns, Total: 80002 ns
[2025-05-21T09:41:45.055+0000][73][info ][safepoint   ] Safepoint "Cleanup", Time since last: 3055060466 ns, Reaching safepoint: 45793 ns, Cleanup: 13189 ns, At safepoint: 10994 ns, Total: 69976 ns
[2025-05-21T09:41:52.087+0000][73][info ][safepoint   ] Safepoint "Cleanup", Time since last: 7030854582 ns, Reaching safepoint: 342583 ns, Cleanup: 15649 ns, At safepoint: 41798 ns, Total: 400030 ns
[2025-05-21T09:42:07.037+0000][73][info ][safepoint   ] Safepoint "Cleanup", Time since last: 14952181252 ns, Reaching safepoint: 162629 ns, Cleanup: 12690 ns, At safepoint: 43301 ns, Total: 218620 ns
[2025-05-21T09:42:42.963+0000][73][info ][safepoint   ] Safepoint "Cleanup", Time since last: 35928316131 ns, Reaching safepoint: 228112 ns, Cleanup: 23424 ns, At safepoint: 29020 ns, Total: 280556 ns
[2025-05-21T09:42:44.121+0000][73][info ][safepoint   ] Safepoint "Cleanup", Time since last: 1158551834 ns, Reaching safepoint: 12585 ns, Cleanup: 21645 ns, At safepoint: 19770 ns, Total: 54000 ns
[2025-05-21T09:43:02.164+0000][73][info ][safepoint   ] Safepoint "Cleanup", Time since last: 18045035885 ns, Reaching safepoint: 86917 ns, Cleanup: 15160 ns, At safepoint: 11761 ns, Total: 113838 ns
[2025-05-21T09:43:15.448+0000][73][info ][safepoint   ] Safepoint "Cleanup", Time since last: 13283679692 ns, Reaching safepoint: 23841 ns, Cleanup: 16007 ns, At safepoint: 10193 ns, Total: 50041 ns
[2025-05-21T09:43:16.449+0000][73][info ][safepoint   ] Safepoint "Cleanup", Time since last: 1000772693 ns, Reaching safepoint: 26746 ns, Cleanup: 15324 ns, At safepoint: 11948 ns, Total: 54018 ns
[2025-05-21T09:43:17.450+0000][73][info ][safepoint   ] Safepoint "Cleanup", Time since last: 1000643345 ns, Reaching safepoint: 69434 ns, Cleanup: 17749 ns, At safepoint: 16804 ns, Total: 103987 ns
[2025-05-21T09:43:46.835+0000][73][info ][safepoint   ] Safepoint "Cleanup", Time since last: 29386420185 ns, Reaching safepoint: 816801 ns, Cleanup: 16580 ns, At safepoint: 245349 ns, Total: 1078730 ns
[2025-05-21T09:43:48.210+0000][73][info ][safepoint   ] Safepoint "Cleanup", Time since last: 1374941040 ns, Reaching safepoint: 57242 ns, Cleanup: 22012 ns, At safepoint: 13855 ns, Total: 93109 ns
[2025-05-21T09:44:17.485+0000][73][info ][safepoint   ] Safepoint "Cleanup", Time since last: 29277836693 ns, Reaching safepoint: 34298 ns, Cleanup: 21354 ns, At safepoint: 19062 ns, Total: 74714 ns
[2025-05-21T09:44:23.487+0000][73][info ][safepoint   ] Safepoint "Cleanup", Time since last: 6001620264 ns, Reaching safepoint: 43426 ns, Cleanup: 13930 ns, At safepoint: 9829 ns, Total: 67185 ns
[2025-05-21T09:44:49.822+0000][73][info ][safepoint   ] Safepoint "Cleanup", Time since last: 26336402776 ns, Reaching safepoint: 466612 ns, Cleanup: 16053 ns, At safepoint: 159136 ns, Total: 641801 ns
[2025-05-21T09:45:02.256+0000][73][info ][safepoint   ] Safepoint "Cleanup", Time since last: 12436770528 ns, Reaching safepoint: 32117 ns, Cleanup: 17584 ns, At safepoint: 15155 ns, Total: 64856 ns
[2025-05-21T09:45:32.519+0000][73][info ][safepoint   ] Safepoint "Cleanup", Time since last: 30265081531 ns, Reaching safepoint: 84576 ns, Cleanup: 22567 ns, At safepoint: 14395 ns, Total: 121538 ns
[2025-05-21T09:45:45.522+0000][73][info ][safepoint   ] Safepoint "Cleanup", Time since last: 13002642152 ns, Reaching safepoint: 64741 ns, Cleanup: 14509 ns, At safepoint: 9536 ns, Total: 88786 ns
[2025-05-21T09:45:52.872+0000][73][info ][safepoint   ] Safepoint "Cleanup", Time since last: 7346998774 ns, Reaching safepoint: 2241958 ns, Cleanup: 20617 ns, At safepoint: 182117 ns, Total: 2444692 ns
[2025-05-21T09:45:54.310+0000][73][info ][safepoint   ] Safepoint "Cleanup", Time since last: 1438001712 ns, Reaching safepoint: 34380 ns, Cleanup: 252969 ns, At safepoint: 54767 ns, Total: 342116 ns
[2025-05-21T09:46:25.554+0000][73][info ][safepoint   ] Safepoint "Cleanup", Time since last: 31249010185 ns, Reaching safepoint: 86113 ns, Cleanup: 32135 ns, At safepoint: 38175 ns, Total: 156423 ns
[2025-05-21T09:46:32.556+0000][73][info ][safepoint   ] Safepoint "Cleanup", Time since last: 7001697393 ns, Reaching safepoint: 30541 ns, Cleanup: 22696 ns, At safepoint: 13633 ns, Total: 66870 ns
[2025-05-21T09:46:43.814+0000][73][info ][safepoint   ] Safepoint "Cleanup", Time since last: 11258228546 ns, Reaching safepoint: 47490 ns, Cleanup: 12075 ns, At safepoint: 18502 ns, Total: 78067 ns
[2025-05-21T09:46:46.827+0000][73][info ][safepoint   ] Safepoint "Cleanup", Time since last: 3012501320 ns, Reaching safepoint: 17346 ns, Cleanup: 11469 ns, At safepoint: 24428 ns, Total: 53243 ns
[2025-05-21T09:46:56.445+0000][73][info ][safepoint   ] Safepoint "Cleanup", Time since last: 9620563202 ns, Reaching safepoint: 16692 ns, Cleanup: 23245 ns, At safepoint: 36723 ns, Total: 76660 ns
[2025-05-21T09:47:53.193+0000][73][info ][safepoint   ] Safepoint "Cleanup", Time since last: 56750518569 ns, Reaching safepoint: 113011 ns, Cleanup: 19112 ns, At safepoint: 18165 ns, Total: 150288 ns
[2025-05-21T09:47:58.835+0000][73][info ][safepoint   ] Safepoint "Cleanup", Time since last: 5642299518 ns, Reaching safepoint: 1101952 ns, Cleanup: 14627 ns, At safepoint: 83342 ns, Total: 1199921 ns
[2025-05-21T09:48:12.626+0000][73][info ][safepoint   ] Safepoint "Cleanup", Time since last: 13791112154 ns, Reaching safepoint: 31102 ns, Cleanup: 19633 ns, At safepoint: 12595 ns, Total: 63330 ns
[2025-05-21T09:48:15.627+0000][73][info ][safepoint   ] Safepoint "Cleanup", Time since last: 3001305634 ns, Reaching safepoint: 31696 ns, Cleanup: 17843 ns, At safepoint: 13089 ns, Total: 62628 ns
[2025-05-21T09:48:17.629+0000][73][info ][safepoint   ] Safepoint "Cleanup", Time since last: 2001855291 ns, Reaching safepoint: 27963 ns, Cleanup: 16292 ns, At safepoint: 13052 ns, Total: 57307 ns
[2025-05-21T09:48:51.637+0000][73][info ][safepoint   ] Safepoint "Cleanup", Time since last: 34010072310 ns, Reaching safepoint: 144863 ns, Cleanup: 67274 ns, At safepoint: 23591 ns, Total: 235728 ns
[2025-05-21T09:49:01.859+0000][73][info ][safepoint   ] Safepoint "Cleanup", Time since last: 10224416908 ns, Reaching safepoint: 150839 ns, Cleanup: 10231 ns, At safepoint: 63389 ns, Total: 224459 ns
[2025-05-21T09:49:37.660+0000][73][info ][safepoint   ] Safepoint "Cleanup", Time since last: 35803245042 ns, Reaching safepoint: 99835 ns, Cleanup: 21602 ns, At safepoint: 21600 ns, Total: 143037 ns
[2025-05-21T09:49:38.663+0000][73][info ][safepoint   ] Safepoint "Cleanup", Time since last: 1002689696 ns, Reaching safepoint: 37212 ns, Cleanup: 27288 ns, At safepoint: 29097 ns, Total: 93597 ns
[2025-05-21T09:49:51.666+0000][73][info ][safepoint   ] Safepoint "Cleanup", Time since last: 13002708437 ns, Reaching safepoint: 32935 ns, Cleanup: 17661 ns, At safepoint: 9558 ns, Total: 60154 ns
[2025-05-21T09:49:54.679+0000][73][info ][safepoint   ] Safepoint "Cleanup", Time since last: 3014838525 ns, Reaching safepoint: 20275 ns, Cleanup: 28186 ns, At safepoint: 9753 ns, Total: 58214 ns
[2025-05-21T09:50:02.681+0000][73][info ][safepoint   ] Safepoint "Cleanup", Time since last: 8001981655 ns, Reaching safepoint: 35039 ns, Cleanup: 19981 ns, At safepoint: 18362 ns, Total: 73382 ns
[2025-05-21T09:50:04.817+0000][73][info ][safepoint   ] Safepoint "Cleanup", Time since last: 2136307650 ns, Reaching safepoint: 8287 ns, Cleanup: 10959 ns, At safepoint: 16000 ns, Total: 35246 ns
[2025-05-21T09:50:07.691+0000][73][info ][safepoint   ] Safepoint "Cleanup", Time since last: 2873624736 ns, Reaching safepoint: 34039 ns, Cleanup: 16885 ns, At safepoint: 17513 ns, Total: 68437 ns
[2025-05-21T09:50:37.692+0000][73][info ][safepoint   ] Safepoint "Cleanup", Time since last: 30005065616 ns, Reaching safepoint: 114851 ns, Cleanup: 20614 ns, At safepoint: 13893 ns, Total: 149358 ns
[2025-05-21T09:50:50.695+0000][73][info ][safepoint   ] Safepoint "Cleanup", Time since last: 13002748501 ns, Reaching safepoint: 109626 ns, Cleanup: 16197 ns, At safepoint: 10616 ns, Total: 136439 ns
[2025-05-21T09:50:51.696+0000][73][info ][safepoint   ] Safepoint "Cleanup", Time since last: 1000780212 ns, Reaching safepoint: 20548 ns, Cleanup: 15078 ns, At safepoint: 10916 ns, Total: 46542 ns
[2025-05-21T09:51:04.861+0000][73][info ][safepoint   ] Safepoint "Cleanup", Time since last: 13165546152 ns, Reaching safepoint: 525237 ns, Cleanup: 16594 ns, At safepoint: 84777 ns, Total: 626608 ns
[2025-05-21T09:51:06.723+0000][73][info ][safepoint   ] Safepoint "Cleanup", Time since last: 1862296079 ns, Reaching safepoint: 24881 ns, Cleanup: 30510 ns, At safepoint: 12934 ns, Total: 68325 ns
[2025-05-21T09:51:07.816+0000][73][info ][safepoint   ] Safepoint "Cleanup", Time since last: 1092946025 ns, Reaching safepoint: 15599 ns, Cleanup: 12155 ns, At safepoint: 6288 ns, Total: 34042 ns
[2025-05-21T09:51:21.691+0000][73][info ][safepoint   ] Safepoint "Cleanup", Time since last: 13873788431 ns, Reaching safepoint: 867279 ns, Cleanup: 66201 ns, At safepoint: 26503 ns, Total: 959983 ns
[2025-05-21T09:51:23.021+0000][73][info ][safepoint   ] Safepoint "Cleanup", Time since last: 1284150529 ns, Reaching safepoint: 44682877 ns, Cleanup: 944258 ns, At safepoint: 209173 ns, Total: 45836308 ns
[2025-05-21T09:51:35.225+0000][73][info ][safepoint   ] Safepoint "Cleanup", Time since last: 12160870506 ns, Reaching safepoint: 51694934 ns, Cleanup: 1746674 ns, At safepoint: 633229 ns, Total: 54074837 ns
[2025-05-21T09:51:42.551+0000][73][info ][safepoint   ] Safepoint "Cleanup", Time since last: 7325642103 ns, Reaching safepoint: 494550 ns, Cleanup: 47809 ns, At safepoint: 57160 ns, Total: 599519 ns
[2025-05-21T09:51:43.917+0000][73][info ][safepoint   ] Safepoint "Cleanup", Time since last: 1365188944 ns, Reaching safepoint: 299652 ns, Cleanup: 143449 ns, At safepoint: 32215 ns, Total: 475316 ns
[2025-05-21T09:51:44.918+0000][73][info ][safepoint   ] Safepoint "Cleanup", Time since last: 1000566339 ns, Reaching safepoint: 10284 ns, Cleanup: 8900 ns, At safepoint: 17789 ns, Total: 36973 ns
[2025-05-21T09:51:45.946+0000][73][info ][safepoint   ] Safepoint "Cleanup", Time since last: 1028554496 ns, Reaching safepoint: 127794 ns, Cleanup: 14802 ns, At safepoint: 42503 ns, Total: 185099 ns
[2025-05-21T09:51:49.079+0000][73][info ][safepoint   ] Safepoint "Cleanup", Time since last: 3131101345 ns, Reaching safepoint: 502719 ns, Cleanup: 621500 ns, At safepoint: 88659 ns, Total: 1212878 ns
[2025-05-21T09:51:52.333+0000][73][info ][safepoint   ] Safepoint "Cleanup", Time since last: 3185446636 ns, Reaching safepoint: 65862074 ns, Cleanup: 2517843 ns, At safepoint: 441459 ns, Total: 68821376 ns
[2025-05-21T09:52:01.252+0000][73][info ][safepoint   ] Safepoint "Cleanup", Time since last: 9373281462 ns, Reaching safepoint: 9531894 ns, Cleanup: 744398 ns, At safepoint: 350632 ns, Total: 10626924 ns
[2025-05-21T09:52:11.178+0000][73][info ][safepoint   ] Safepoint "Cleanup", Time since last: 9799494211 ns, Reaching safepoint: 120593211 ns, Cleanup: 1058032 ns, At safepoint: 4615629 ns, Total: 126266872 ns
[2025-05-21T09:52:18.128+0000][73][info ][safepoint   ] Safepoint "Cleanup", Time since last: 6949210506 ns, Reaching safepoint: 695053 ns, Cleanup: 135683 ns, At safepoint: 54148 ns, Total: 884884 ns
[2025-05-21T09:52:29.028+0000][73][info ][safepoint   ] Safepoint "Cleanup", Time since last: 11056715042 ns, Reaching safepoint: 12916789 ns, Cleanup: 620752 ns, At safepoint: 242870 ns, Total: 13780411 ns
[2025-05-21T09:52:40.596+0000][73][info ][safepoint   ] Safepoint "Cleanup", Time since last: 11566132089 ns, Reaching safepoint: 1056783 ns, Cleanup: 120749 ns, At safepoint: 55089 ns, Total: 1232621 ns
[2025-05-21T09:52:41.944+0000][73][info ][safepoint   ] Safepoint "Cleanup", Time since last: 1347301622 ns, Reaching safepoint: 553479 ns, Cleanup: 44033 ns, At safepoint: 79008 ns, Total: 676520 ns
[2025-05-21T09:52:50.947+0000][73][info ][safepoint   ] Safepoint "Cleanup", Time since last: 9003298555 ns, Reaching safepoint: 126089 ns, Cleanup: 14940 ns, At safepoint: 9432 ns, Total: 150461 ns
[2025-05-21T09:52:51.948+0000][73][info ][safepoint   ] Safepoint "Cleanup", Time since last: 1001138259 ns, Reaching safepoint: 66623 ns, Cleanup: 29621 ns, At safepoint: 16233 ns, Total: 112477 ns
[2025-05-21T09:53:10.693+0000][73][info ][safepoint   ] Safepoint "Cleanup", Time since last: 18594234290 ns, Reaching safepoint: 7276056 ns, Cleanup: 30421 ns, At safepoint: 174939 ns, Total: 7481416 ns
[2025-05-21T09:53:15.695+0000][73][info ][safepoint   ] Safepoint "Cleanup", Time since last: 5002171702 ns, Reaching safepoint: 38360 ns, Cleanup: 29604 ns, At safepoint: 19121 ns, Total: 87085 ns
[2025-05-21T09:53:27.945+0000][73][info ][safepoint   ] Safepoint "Cleanup", Time since last: 12222141152 ns, Reaching safepoint: 2134712 ns, Cleanup: 14425 ns, At safepoint: 59084 ns, Total: 2208221 ns
[2025-05-21T09:53:30.444+0000][73][info ][safepoint   ] Safepoint "Cleanup", Time since last: 2498401956 ns, Reaching safepoint: 50393 ns, Cleanup: 22383 ns, At safepoint: 18265 ns, Total: 91041 ns
[2025-05-21T09:53:37.447+0000][73][info ][safepoint   ] Safepoint "Cleanup", Time since last: 7002781282 ns, Reaching safepoint: 78009 ns, Cleanup: 19274 ns, At safepoint: 17743 ns, Total: 115026 ns
[2025-05-21T09:53:49.450+0000][73][info ][safepoint   ] Safepoint "Cleanup", Time since last: 12003183935 ns, Reaching safepoint: 57616 ns, Cleanup: 14260 ns, At safepoint: 9369 ns, Total: 81245 ns
[2025-05-21T09:54:30.528+0000][73][info ][safepoint   ] Safepoint "Cleanup", Time since last: 41402436590 ns, Reaching safepoint: 924142 ns, Cleanup: 114082 ns, At safepoint: 66660 ns, Total: 1104884 ns
[2025-05-21T09:54:32.389+0000][73][info ][safepoint   ] Safepoint "Cleanup", Time since last: 1860983385 ns, Reaching safepoint: 197327 ns, Cleanup: 64427 ns, At safepoint: 42182 ns, Total: 303936 ns
[2025-05-21T09:54:37.395+0000][73][info ][safepoint   ] Safepoint "Cleanup", Time since last: 5003372032 ns, Reaching safepoint: 2596029 ns, Cleanup: 113147 ns, At safepoint: 108950 ns, Total: 2818126 ns
[2025-05-21T09:54:45.402+0000][73][info ][safepoint   ] Safepoint "Cleanup", Time since last: 8003250281 ns, Reaching safepoint: 3098292 ns, Cleanup: 122797 ns, At safepoint: 90935 ns, Total: 3312024 ns
[2025-05-21T09:55:01.707+0000][73][info ][safepoint   ] Safepoint "Cleanup", Time since last: 16005908527 ns, Reaching safepoint: 71128 ns, Cleanup: 15829 ns, At safepoint: 11248 ns, Total: 98205 ns
[2025-05-21T09:55:09.981+0000][73][info ][safepoint   ] Safepoint "Cleanup", Time since last: 8273554743 ns, Reaching safepoint: 73897 ns, Cleanup: 14048 ns, At safepoint: 9749 ns, Total: 97694 ns
[2025-05-21T09:55:30.900+0000][73][info ][safepoint   ] Safepoint "Cleanup", Time since last: 20867387957 ns, Reaching safepoint: 590329 ns, Cleanup: 31414 ns, At safepoint: 96010 ns, Total: 717753 ns
[2025-05-21T09:55:32.841+0000][73][info ][safepoint   ] Safepoint "Cleanup", Time since last: 1940673014 ns, Reaching safepoint: 38695 ns, Cleanup: 96200 ns, At safepoint: 18693 ns, Total: 153588 ns
[2025-05-21T09:55:45.848+0000][73][info ][safepoint   ] Safepoint "Cleanup", Time since last: 13007497050 ns, Reaching safepoint: 116824 ns, Cleanup: 23639 ns, At safepoint: 19766 ns, Total: 160229 ns
[2025-05-21T09:55:50.851+0000][73][info ][safepoint   ] Safepoint "Cleanup", Time since last: 5002419116 ns, Reaching safepoint: 145545 ns, Cleanup: 26745 ns, At safepoint: 18473 ns, Total: 190763 ns
[2025-05-21T09:56:07.089+0000][73][info ][safepoint   ] Safepoint "Cleanup", Time since last: 16233640495 ns, Reaching safepoint: 53139 ns, Cleanup: 28144 ns, At safepoint: 18505 ns, Total: 99788 ns
[2025-05-21T09:56:32.222+0000][73][info ][safepoint   ] Safepoint "Cleanup", Time since last: 25069007112 ns, Reaching safepoint: 65181137 ns, Cleanup: 21457 ns, At safepoint: 122340 ns, Total: 65324934 ns
[2025-05-21T09:56:37.447+0000][73][info ][safepoint   ] Safepoint "Cleanup", Time since last: 5225222370 ns, Reaching safepoint: 21050 ns, Cleanup: 16930 ns, At safepoint: 25790 ns, Total: 63770 ns
[2025-05-21T09:56:39.171+0000][73][info ][safepoint   ] Safepoint "Cleanup", Time since last: 1723403596 ns, Reaching safepoint: 280598 ns, Cleanup: 28734 ns, At safepoint: 131932 ns, Total: 441264 ns
[2025-05-21T09:56:40.210+0000][73][info ][safepoint   ] Safepoint "Cleanup", Time since last: 1038974003 ns, Reaching safepoint: 35320 ns, Cleanup: 24238 ns, At safepoint: 64728 ns, Total: 124286 ns
[2025-05-21T09:56:49.259+0000][73][info ][safepoint   ] Safepoint "Cleanup", Time since last: 9048794468 ns, Reaching safepoint: 97876 ns, Cleanup: 44626 ns, At safepoint: 83447 ns, Total: 225949 ns
[2025-05-21T09:56:53.271+0000][73][info ][safepoint   ] Safepoint "Cleanup", Time since last: 4012131243 ns, Reaching safepoint: 55175 ns, Cleanup: 22663 ns, At safepoint: 18162 ns, Total: 96000 ns
[2025-05-21T09:57:12.040+0000][73][info ][safepoint   ] Safepoint "Cleanup", Time since last: 18769965168 ns, Reaching safepoint: 95541224 ns, Cleanup: 29787 ns, At safepoint: 142577 ns, Total: 95713588 ns
[2025-05-21T09:57:13.906+0000][73][info ][safepoint   ] Safepoint "Cleanup", Time since last: 1866313266 ns, Reaching safepoint: 61700 ns, Cleanup: 13156 ns, At safepoint: 19460 ns, Total: 94316 ns
[2025-05-21T09:57:15.472+0000][73][info ][safepoint   ] Safepoint "Cleanup", Time since last: 1565556336 ns, Reaching safepoint: 42880 ns, Cleanup: 63396 ns, At safepoint: 20160 ns, Total: 126436 ns
[2025-05-21T09:57:40.258+0000][73][info ][safepoint   ] Safepoint "Cleanup", Time since last: 24916119844 ns, Reaching safepoint: 39881 ns, Cleanup: 23126 ns, At safepoint: 121585 ns, Total: 184592 ns
[2025-05-21T09:57:58.365+0000][73][info ][safepoint   ] Safepoint "Cleanup", Time since last: 18094849596 ns, Reaching safepoint: 13964531 ns, Cleanup: 87679 ns, At safepoint: 126127 ns, Total: 14178337 ns
[2025-05-21T09:58:07.683+0000][73][info ][safepoint   ] Safepoint "Cleanup", Time since last: 9162461622 ns, Reaching safepoint: 154712767 ns, Cleanup: 33634 ns, At safepoint: 274282 ns, Total: 155020683 ns
[2025-05-21T09:58:38.594+0000][73][info ][safepoint   ] Safepoint "Cleanup", Time since last: 30228606816 ns, Reaching safepoint: 822843259 ns, Cleanup: 17024 ns, At safepoint: 138019 ns, Total: 822998302 ns
[2025-05-21T09:58:41.506+0000][73][info ][safepoint   ] Safepoint "Cleanup", Time since last: 2911734848 ns, Reaching safepoint: 14323 ns, Cleanup: 9606 ns, At safepoint: 4285 ns, Total: 28214 ns
[2025-05-21T09:58:47.645+0000][73][info ][safepoint   ] Safepoint "Cleanup", Time since last: 6139357379 ns, Reaching safepoint: 23930 ns, Cleanup: 14022 ns, At safepoint: 9541 ns, Total: 47493 ns
[2025-05-21T09:58:55.647+0000][73][info ][safepoint   ] Safepoint "Cleanup", Time since last: 8001935400 ns, Reaching safepoint: 65679 ns, Cleanup: 15627 ns, At safepoint: 30058 ns, Total: 111364 ns
[2025-05-21T09:59:39.311+0000][73][info ][safepoint   ] Safepoint "Cleanup", Time since last: 43669983197 ns, Reaching safepoint: 250478 ns, Cleanup: 22372 ns, At safepoint: 39050 ns, Total: 311900 ns
[2025-05-21T09:59:51.741+0000][73][info ][safepoint   ] Safepoint "Cleanup", Time since last: 12429857362 ns, Reaching safepoint: 372771 ns, Cleanup: 25202 ns, At safepoint: 27090 ns, Total: 425063 ns
[2025-05-21T09:59:52.742+0000][73][info ][safepoint   ] Safepoint "Cleanup", Time since last: 1001123745 ns, Reaching safepoint: 40093 ns, Cleanup: 27013 ns, At safepoint: 19563 ns, Total: 86669 ns
[2025-05-21T10:00:00.743+0000][73][info ][safepoint   ] Safepoint "Cleanup", Time since last: 8003336749 ns, Reaching safepoint: 179998 ns, Cleanup: 22076 ns, At safepoint: 13763 ns, Total: 215837 ns
[2025-05-21T10:00:01.744+0000][73][info ][safepoint   ] Safepoint "Cleanup", Time since last: 1001404903 ns, Reaching safepoint: 39267 ns, Cleanup: 27207 ns, At safepoint: 18057 ns, Total: 84531 ns
[2025-05-21T10:00:09.359+0000][73][info ][safepoint   ] Safepoint "Cleanup", Time since last: 7614056043 ns, Reaching safepoint: 112765 ns, Cleanup: 27132 ns, At safepoint: 19924 ns, Total: 159821 ns
[2025-05-21T10:01:00.841+0000][73][info ][safepoint   ] Safepoint "Cleanup", Time since last: 51487912048 ns, Reaching safepoint: 106435 ns, Cleanup: 28795 ns, At safepoint: 21342 ns, Total: 156572 ns
[2025-05-21T10:01:09.414+0000][73][info ][safepoint   ] Safepoint "Cleanup", Time since last: 8572608000 ns, Reaching safepoint: 37324 ns, Cleanup: 20914 ns, At safepoint: 15800 ns, Total: 74038 ns
[2025-05-21T10:01:49.189+0000][73][info ][safepoint   ] Safepoint "Cleanup", Time since last: 39776860175 ns, Reaching safepoint: 281320 ns, Cleanup: 53353 ns, At safepoint: 38249 ns, Total: 372922 ns
[2025-05-21T10:02:50.822+0000][73][info ][safepoint   ] Safepoint "Cleanup", Time since last: 61638037314 ns, Reaching safepoint: 108145 ns, Cleanup: 50887 ns, At safepoint: 42874 ns, Total: 201906 ns
[2025-05-21T10:03:51.485+0000][73][info ][safepoint   ] Safepoint "Cleanup", Time since last: 60668702583 ns, Reaching safepoint: 464013 ns, Cleanup: 31160 ns, At safepoint: 21575 ns, Total: 516748 ns
[2025-05-21T10:03:55.928+0000][73][info ][safepoint   ] Safepoint "Cleanup", Time since last: 4442688856 ns, Reaching safepoint: 8173 ns, Cleanup: 7845 ns, At safepoint: 4616 ns, Total: 20634 ns
[2025-05-21T10:04:19.621+0000][73][info ][safepoint   ] Safepoint "Cleanup", Time since last: 23695419229 ns, Reaching safepoint: 147545 ns, Cleanup: 22479 ns, At safepoint: 22300 ns, Total: 192324 ns
[2025-05-21T10:04:58.987+0000][73][info ][safepoint   ] Safepoint "Cleanup", Time since last: 39370063811 ns, Reaching safepoint: 459688 ns, Cleanup: 25562 ns, At safepoint: 96451 ns, Total: 581701 ns
[2025-05-21T10:05:01.016+0000][73][info ][safepoint   ] Safepoint "Cleanup", Time since last: 2029481908 ns, Reaching safepoint: 27693 ns, Cleanup: 109804 ns, At safepoint: 17506 ns, Total: 155003 ns
[2025-05-21T10:05:04.018+0000][73][info ][safepoint   ] Safepoint "Cleanup", Time since last: 3001491119 ns, Reaching safepoint: 37920 ns, Cleanup: 21388 ns, At safepoint: 20032 ns, Total: 79340 ns
[2025-05-21T10:06:00.662+0000][73][info ][safepoint   ] Safepoint "Cleanup", Time since last: 56650822003 ns, Reaching safepoint: 115197 ns, Cleanup: 25767 ns, At safepoint: 26159 ns, Total: 167123 ns
