[2025-05-23T02:39:42.520+0000][77][info][gc,init] CardTable entry size: 512
[2025-05-23T02:39:42.521+0000][77][info][gc     ] Using G1
[2025-05-23T02:39:46.696+0000][77][info][gc,init] Version: 22+36-2370 (release)
[2025-05-23T02:39:46.700+0000][77][info][gc,init] CPUs: 12 total, 12 available
[2025-05-23T02:39:46.702+0000][77][info][gc,init] Memory: 7757M
[2025-05-23T02:39:46.703+0000][77][info][gc,init] Large Page Support: Disabled
[2025-05-23T02:39:46.704+0000][77][info][gc,init] NUMA Support: Disabled
[2025-05-23T02:39:46.705+0000][77][info][gc,init] Compressed Oops: Enabled (Zero based)
[2025-05-23T02:39:46.705+0000][77][info][gc,init] Heap Region Size: 4M
[2025-05-23T02:39:46.706+0000][77][info][gc,init] Heap Min Capacity: 3880M
[2025-05-23T02:39:46.707+0000][77][info][gc,init] Heap Initial Capacity: 3880M
[2025-05-23T02:39:46.707+0000][77][info][gc,init] Heap Max Capacity: 3880M
[2025-05-23T02:39:46.708+0000][77][info][gc,init] Pre-touch: Enabled
[2025-05-23T02:39:46.709+0000][77][info][gc,init] Parallel Workers: 10
[2025-05-23T02:39:46.709+0000][77][info][gc,init] Concurrent Workers: 3
[2025-05-23T02:39:46.710+0000][77][info][gc,init] Concurrent Refinement Workers: 10
[2025-05-23T02:39:46.710+0000][77][info][gc,init] Periodic GC: Disabled
[2025-05-23T02:39:47.069+0000][77][info][gc,metaspace] CDS archive(s) mapped at: [0x00007f0716000000-0x00007f0716c74000-0x00007f0716c74000), size 13058048, SharedBaseAddress: 0x00007f0716000000, ArchiveRelocationMode: 1.
[2025-05-23T02:39:47.070+0000][77][info][gc,metaspace] Compressed class space mapped at: 0x00007f0717000000-0x00007f0757000000, reserved size: 1073741824
[2025-05-23T02:39:47.070+0000][77][info][gc,metaspace] Narrow klass base: 0x00007f0716000000, Narrow klass shift: 0, Narrow klass range: 0x100000000
[2025-05-23T02:39:48.293+0000][77][info][safepoint   ] Safepoint "Cleanup", Time since last: 1194849823 ns, Reaching safepoint: 24425 ns, Cleanup: 89667 ns, At safepoint: 74666 ns, Total: 188758 ns
[2025-05-23T02:39:49.297+0000][77][info][safepoint   ] Safepoint "Cleanup", Time since last: 1003799260 ns, Reaching safepoint: 4531 ns, Cleanup: 124426 ns, At safepoint: 35488 ns, Total: 164445 ns
[2025-05-23T02:39:50.137+0000][77][info][safepoint   ] Safepoint "ICBufferFull", Time since last: 840490611 ns, Reaching safepoint: 3960 ns, Cleanup: 88699 ns, At safepoint: 6074 ns, Total: 98733 ns
[2025-05-23T02:39:51.339+0000][77][info][safepoint   ] Safepoint "Cleanup", Time since last: 1201510162 ns, Reaching safepoint: 137530 ns, Cleanup: 71795 ns, At safepoint: 19229 ns, Total: 228554 ns
[2025-05-23T02:39:52.510+0000][77][info][safepoint   ] Safepoint "Cleanup", Time since last: 1171238200 ns, Reaching safepoint: 5122 ns, Cleanup: 259230 ns, At safepoint: 19972 ns, Total: 284324 ns
[2025-05-23T02:39:53.512+0000][77][info][safepoint   ] Safepoint "Cleanup", Time since last: 1001173549 ns, Reaching safepoint: 5226 ns, Cleanup: 79471 ns, At safepoint: 7055 ns, Total: 91752 ns
[2025-05-23T02:39:54.512+0000][77][info][safepoint   ] Safepoint "Cleanup", Time since last: 1000711152 ns, Reaching safepoint: 5023 ns, Cleanup: 48624 ns, At safepoint: 6322 ns, Total: 59969 ns
[2025-05-23T02:39:54.925+0000][77][info][gc,start    ] GC(0) Pause Young (Concurrent Start) (Metadata GC Threshold)
[2025-05-23T02:39:54.950+0000][77][info][gc,task     ] GC(0) Using 10 workers of 10 for evacuation
[2025-05-23T02:39:54.955+0000][77][debug][gc,age      ] GC(0) Desired survivor size 12582912 bytes, new threshold 15 (max threshold 15)
[2025-05-23T02:39:54.971+0000][77][info ][gc,phases   ] GC(0)   Pre Evacuate Collection Set: 1.22ms
[2025-05-23T02:39:54.972+0000][77][info ][gc,phases   ] GC(0)   Merge Heap Roots: 1.34ms
[2025-05-23T02:39:54.974+0000][77][info ][gc,phases   ] GC(0)   Evacuate Collection Set: 7.95ms
[2025-05-23T02:39:54.974+0000][77][info ][gc,phases   ] GC(0)   Post Evacuate Collection Set: 2.82ms
[2025-05-23T02:39:54.975+0000][77][info ][gc,phases   ] GC(0)   Other: 7.59ms
[2025-05-23T02:39:54.975+0000][77][trace][gc,age      ] GC(0) Age table with threshold 15 (max threshold 15)
[2025-05-23T02:39:54.975+0000][77][trace][gc,age      ] GC(0) - age   1:   10229848 bytes,   10229848 total
[2025-05-23T02:39:54.979+0000][77][info ][gc,heap     ] GC(0) Eden regions: 45->0(45)
[2025-05-23T02:39:54.980+0000][77][info ][gc,heap     ] GC(0) Survivor regions: 0->3(6)
[2025-05-23T02:39:54.985+0000][77][info ][gc,heap     ] GC(0) Old regions: 1->1
[2025-05-23T02:39:54.985+0000][77][info ][gc,heap     ] GC(0) Humongous regions: 0->0
[2025-05-23T02:39:54.986+0000][77][info ][gc,metaspace] GC(0) Metaspace: 21015K(21504K)->21015K(21504K) NonClass: 18630K(18880K)->18630K(18880K) Class: 2384K(2624K)->2384K(2624K)
[2025-05-23T02:39:54.986+0000][77][info ][gc          ] GC(0) Pause Young (Concurrent Start) (Metadata GC Threshold) 179M->11M(3880M) 61.747ms
[2025-05-23T02:39:54.987+0000][77][info ][gc,cpu      ] GC(0) User=0.03s Sys=0.06s Real=0.06s
[2025-05-23T02:39:54.987+0000][77][info ][gc          ] GC(1) Concurrent Mark Cycle
[2025-05-23T02:39:54.988+0000][77][info ][safepoint   ] Safepoint "CollectForMetadataAllocation", Time since last: 409012137 ns, Reaching safepoint: 8097 ns, Cleanup: 124761 ns, At safepoint: 65937424 ns, Total: 66070282 ns
[2025-05-23T02:39:54.988+0000][77][info ][gc,marking  ] GC(1) Concurrent Scan Root Regions
[2025-05-23T02:39:54.992+0000][77][info ][gc,marking  ] GC(1) Concurrent Scan Root Regions 4.103ms
[2025-05-23T02:39:54.992+0000][77][info ][gc,marking  ] GC(1) Concurrent Mark
[2025-05-23T02:39:54.993+0000][77][info ][gc,marking  ] GC(1) Concurrent Mark From Roots
[2025-05-23T02:39:54.993+0000][77][info ][gc,task     ] GC(1) Using 3 workers of 3 for marking
[2025-05-23T02:39:54.996+0000][77][info ][gc,marking  ] GC(1) Concurrent Mark From Roots 3.002ms
[2025-05-23T02:39:54.996+0000][77][info ][gc,marking  ] GC(1) Concurrent Preclean
[2025-05-23T02:39:54.996+0000][77][info ][gc,marking  ] GC(1) Concurrent Preclean 0.402ms
[2025-05-23T02:39:55.035+0000][77][info ][gc,start    ] GC(1) Pause Remark
[2025-05-23T02:39:55.057+0000][77][info ][gc          ] GC(1) Pause Remark 15M->15M(3880M) 21.809ms
[2025-05-23T02:39:55.061+0000][77][info ][gc,cpu      ] GC(1) User=0.04s Sys=0.00s Real=0.03s
[2025-05-23T02:39:55.065+0000][77][info ][safepoint   ] Safepoint "G1PauseRemark", Time since last: 9259964 ns, Reaching safepoint: 37928987 ns, Cleanup: 23340 ns, At safepoint: 30085272 ns, Total: 68037599 ns
[2025-05-23T02:39:55.066+0000][77][info ][gc,marking  ] GC(1) Concurrent Mark 74.249ms
[2025-05-23T02:39:55.067+0000][77][info ][gc,marking  ] GC(1) Concurrent Rebuild Remembered Sets and Scrub Regions
[2025-05-23T02:39:55.076+0000][77][info ][gc,marking  ] GC(1) Concurrent Rebuild Remembered Sets and Scrub Regions 8.587ms
[2025-05-23T02:39:55.079+0000][77][info ][gc,start    ] GC(1) Pause Cleanup
[2025-05-23T02:39:55.082+0000][77][info ][gc          ] GC(1) Pause Cleanup 15M->15M(3880M) 2.827ms
[2025-05-23T02:39:55.084+0000][77][info ][gc,cpu      ] GC(1) User=0.00s Sys=0.00s Real=0.01s
[2025-05-23T02:39:55.085+0000][77][info ][safepoint   ] Safepoint "G1PauseCleanup", Time since last: 14396761 ns, Reaching safepoint: 224452 ns, Cleanup: 13186 ns, At safepoint: 5935620 ns, Total: 6173258 ns
[2025-05-23T02:39:55.095+0000][77][info ][gc,marking  ] GC(1) Concurrent Clear Claimed Marks
[2025-05-23T02:39:55.097+0000][77][info ][gc,marking  ] GC(1) Concurrent Clear Claimed Marks 2.286ms
[2025-05-23T02:39:55.104+0000][77][info ][gc,marking  ] GC(1) Concurrent Cleanup for Next Mark
[2025-05-23T02:39:55.117+0000][77][info ][gc,marking  ] GC(1) Concurrent Cleanup for Next Mark 12.754ms
[2025-05-23T02:39:55.119+0000][77][info ][gc          ] GC(1) Concurrent Mark Cycle 131.919ms
[2025-05-23T02:39:56.452+0000][77][info ][safepoint   ] Safepoint "Cleanup", Time since last: 1377806246 ns, Reaching safepoint: 9484 ns, Cleanup: 155793 ns, At safepoint: 13308 ns, Total: 178585 ns
[2025-05-23T02:39:57.454+0000][77][info ][safepoint   ] Safepoint "Cleanup", Time since last: 1002389947 ns, Reaching safepoint: 6223 ns, Cleanup: 17677 ns, At safepoint: 9656 ns, Total: 33556 ns
[2025-05-23T02:39:59.510+0000][77][info ][safepoint   ] Safepoint "Cleanup", Time since last: 2001367082 ns, Reaching safepoint: 53940085 ns, Cleanup: 24586 ns, At safepoint: 79834 ns, Total: 54044505 ns
[2025-05-23T02:40:00.511+0000][77][info ][safepoint   ] Safepoint "Cleanup", Time since last: 1001025343 ns, Reaching safepoint: 7673 ns, Cleanup: 25523 ns, At safepoint: 12146 ns, Total: 45342 ns
[2025-05-23T02:40:02.716+0000][77][info ][safepoint   ] Safepoint "Cleanup", Time since last: 2001312382 ns, Reaching safepoint: 202952260 ns, Cleanup: 26250 ns, At safepoint: 374331 ns, Total: 203352841 ns
[2025-05-23T02:40:03.904+0000][77][info ][safepoint   ] Safepoint "Cleanup", Time since last: 1003490154 ns, Reaching safepoint: 184770621 ns, Cleanup: 33620 ns, At safepoint: 59853 ns, Total: 184864094 ns
[2025-05-23T02:40:05.906+0000][77][info ][safepoint   ] Safepoint "Cleanup", Time since last: 2001758995 ns, Reaching safepoint: 166766 ns, Cleanup: 25325 ns, At safepoint: 78149 ns, Total: 270240 ns
[2025-05-23T02:40:06.872+0000][77][info ][gc,start    ] GC(2) Pause Young (Prepare Mixed) (G1 Evacuation Pause)
[2025-05-23T02:40:06.873+0000][77][info ][gc,task     ] GC(2) Using 10 workers of 10 for evacuation
[2025-05-23T02:40:06.874+0000][77][debug][gc,age      ] GC(2) Desired survivor size 12582912 bytes, new threshold 15 (max threshold 15)
[2025-05-23T02:40:06.905+0000][77][info ][gc,phases   ] GC(2)   Pre Evacuate Collection Set: 0.69ms
[2025-05-23T02:40:06.906+0000][77][info ][gc,phases   ] GC(2)   Merge Heap Roots: 5.12ms
[2025-05-23T02:40:06.906+0000][77][info ][gc,phases   ] GC(2)   Evacuate Collection Set: 19.62ms
[2025-05-23T02:40:06.907+0000][77][info ][gc,phases   ] GC(2)   Post Evacuate Collection Set: 4.14ms
[2025-05-23T02:40:06.908+0000][77][info ][gc,phases   ] GC(2)   Other: 1.89ms
[2025-05-23T02:40:06.909+0000][77][trace][gc,age      ] GC(2) Age table with threshold 15 (max threshold 15)
[2025-05-23T02:40:06.910+0000][77][trace][gc,age      ] GC(2) - age   1:    6430280 bytes,    6430280 total
[2025-05-23T02:40:06.910+0000][77][trace][gc,age      ] GC(2) - age   2:    9300424 bytes,   15730704 total
[2025-05-23T02:40:06.911+0000][77][info ][gc,heap     ] GC(2) Eden regions: 45->0(44)
[2025-05-23T02:40:06.912+0000][77][info ][gc,heap     ] GC(2) Survivor regions: 3->4(6)
[2025-05-23T02:40:06.912+0000][77][info ][gc,heap     ] GC(2) Old regions: 1->1
[2025-05-23T02:40:06.913+0000][77][info ][gc,heap     ] GC(2) Humongous regions: 0->0
[2025-05-23T02:40:06.913+0000][77][info ][gc,metaspace] GC(2) Metaspace: 27565K(28224K)->27565K(28224K) NonClass: 24450K(24832K)->24450K(24832K) Class: 3115K(3392K)->3115K(3392K)
[2025-05-23T02:40:06.913+0000][77][info ][gc          ] GC(2) Pause Young (Prepare Mixed) (G1 Evacuation Pause) 191M->17M(3880M) 41.016ms
[2025-05-23T02:40:06.914+0000][77][info ][gc,cpu      ] GC(2) User=0.14s Sys=0.02s Real=0.04s
[2025-05-23T02:40:06.914+0000][77][info ][safepoint   ] Safepoint "G1CollectForAllocation", Time since last: 966436717 ns, Reaching safepoint: 5793 ns, Cleanup: 71988 ns, At safepoint: 42022517 ns, Total: 42100298 ns
[2025-05-23T02:40:08.216+0000][77][info ][safepoint   ] Safepoint "ICBufferFull", Time since last: 1301159773 ns, Reaching safepoint: 143433 ns, Cleanup: 108147 ns, At safepoint: 68443 ns, Total: 320023 ns
[2025-05-23T02:40:08.744+0000][77][info ][gc,start    ] GC(3) Pause Young (Mixed) (G1 Evacuation Pause)
[2025-05-23T02:40:08.745+0000][77][info ][gc,task     ] GC(3) Using 10 workers of 10 for evacuation
[2025-05-23T02:40:08.745+0000][77][debug][gc,age      ] GC(3) Desired survivor size 12582912 bytes, new threshold 2 (max threshold 15)
[2025-05-23T02:40:08.772+0000][77][info ][gc,phases   ] GC(3)   Pre Evacuate Collection Set: 0.64ms
[2025-05-23T02:40:08.773+0000][77][info ][gc,phases   ] GC(3)   Merge Heap Roots: 0.13ms
[2025-05-23T02:40:08.776+0000][77][info ][gc,phases   ] GC(3)   Evacuate Collection Set: 23.04ms
[2025-05-23T02:40:08.778+0000][77][info ][gc,phases   ] GC(3)   Post Evacuate Collection Set: 1.62ms
[2025-05-23T02:40:08.779+0000][77][info ][gc,phases   ] GC(3)   Other: 1.27ms
[2025-05-23T02:40:08.779+0000][77][trace][gc,age      ] GC(3) Age table with threshold 2 (max threshold 15)
[2025-05-23T02:40:08.780+0000][77][trace][gc,age      ] GC(3) - age   1:    6052112 bytes,    6052112 total
[2025-05-23T02:40:08.780+0000][77][trace][gc,age      ] GC(3) - age   2:    4248776 bytes,   10300888 total
[2025-05-23T02:40:08.781+0000][77][info ][gc,heap     ] GC(3) Eden regions: 44->0(48)
[2025-05-23T02:40:08.781+0000][77][info ][gc,heap     ] GC(3) Survivor regions: 4->3(6)
[2025-05-23T02:40:08.781+0000][77][info ][gc,heap     ] GC(3) Old regions: 1->3
[2025-05-23T02:40:08.782+0000][77][info ][gc,heap     ] GC(3) Humongous regions: 0->0
[2025-05-23T02:40:08.782+0000][77][info ][gc,metaspace] GC(3) Metaspace: 29044K(29760K)->29044K(29760K) NonClass: 25649K(26048K)->25649K(26048K) Class: 3395K(3712K)->3395K(3712K)
[2025-05-23T02:40:08.783+0000][77][info ][gc          ] GC(3) Pause Young (Mixed) (G1 Evacuation Pause) 193M->21M(3880M) 38.629ms
[2025-05-23T02:40:08.784+0000][77][info ][gc,cpu      ] GC(3) User=0.20s Sys=0.00s Real=0.04s
[2025-05-23T02:40:08.785+0000][77][info ][safepoint   ] Safepoint "G1CollectForAllocation", Time since last: 528298828 ns, Reaching safepoint: 4953 ns, Cleanup: 39223 ns, At safepoint: 40207589 ns, Total: 40251765 ns
[2025-05-23T02:40:09.785+0000][77][info ][safepoint   ] Safepoint "Cleanup", Time since last: 1000735260 ns, Reaching safepoint: 5431 ns, Cleanup: 35514 ns, At safepoint: 7798 ns, Total: 48743 ns
[2025-05-23T02:40:10.813+0000][77][info ][safepoint   ] Safepoint "Cleanup", Time since last: 1027766840 ns, Reaching safepoint: 5351 ns, Cleanup: 29506 ns, At safepoint: 7188 ns, Total: 42045 ns
[2025-05-23T02:40:11.814+0000][77][info ][safepoint   ] Safepoint "Cleanup", Time since last: 1000774972 ns, Reaching safepoint: 5230 ns, Cleanup: 52488 ns, At safepoint: 6371 ns, Total: 64089 ns
[2025-05-23T02:40:11.937+0000][77][info ][gc,start    ] GC(4) Pause Young (Normal) (G1 Evacuation Pause)
[2025-05-23T02:40:11.937+0000][77][info ][gc,task     ] GC(4) Using 10 workers of 10 for evacuation
[2025-05-23T02:40:11.938+0000][77][debug][gc,age      ] GC(4) Desired survivor size 14680064 bytes, new threshold 15 (max threshold 15)
[2025-05-23T02:40:11.943+0000][77][info ][gc,phases   ] GC(4)   Pre Evacuate Collection Set: 0.48ms
[2025-05-23T02:40:11.944+0000][77][info ][gc,phases   ] GC(4)   Merge Heap Roots: 0.14ms
[2025-05-23T02:40:11.944+0000][77][info ][gc,phases   ] GC(4)   Evacuate Collection Set: 2.59ms
[2025-05-23T02:40:11.945+0000][77][info ][gc,phases   ] GC(4)   Post Evacuate Collection Set: 1.98ms
[2025-05-23T02:40:11.945+0000][77][info ][gc,phases   ] GC(4)   Other: 0.70ms
[2025-05-23T02:40:11.946+0000][77][trace][gc,age      ] GC(4) Age table with threshold 15 (max threshold 15)
[2025-05-23T02:40:11.946+0000][77][trace][gc,age      ] GC(4) - age   1:    3044424 bytes,    3044424 total
[2025-05-23T02:40:11.946+0000][77][trace][gc,age      ] GC(4) - age   2:    4113432 bytes,    7157856 total
[2025-05-23T02:40:11.947+0000][77][trace][gc,age      ] GC(4) - age   3:    4247768 bytes,   11405624 total
[2025-05-23T02:40:11.947+0000][77][info ][gc,heap     ] GC(4) Eden regions: 48->0(144)
[2025-05-23T02:40:11.948+0000][77][info ][gc,heap     ] GC(4) Survivor regions: 3->3(7)
[2025-05-23T02:40:11.948+0000][77][info ][gc,heap     ] GC(4) Old regions: 3->3
[2025-05-23T02:40:11.948+0000][77][info ][gc,heap     ] GC(4) Humongous regions: 0->0
[2025-05-23T02:40:11.949+0000][77][info ][gc,metaspace] GC(4) Metaspace: 29677K(30400K)->29677K(30400K) NonClass: 26215K(26624K)->26215K(26624K) Class: 3462K(3776K)->3462K(3776K)
[2025-05-23T02:40:11.949+0000][77][info ][gc          ] GC(4) Pause Young (Normal) (G1 Evacuation Pause) 213M->21M(3880M) 12.316ms
[2025-05-23T02:40:11.949+0000][77][info ][gc,cpu      ] GC(4) User=0.02s Sys=0.00s Real=0.02s
[2025-05-23T02:40:11.950+0000][77][info ][safepoint   ] Safepoint "G1CollectForAllocation", Time since last: 122711076 ns, Reaching safepoint: 6349 ns, Cleanup: 30363 ns, At safepoint: 13281609 ns, Total: 13318321 ns
[2025-05-23T02:40:12.951+0000][77][info ][safepoint   ] Safepoint "Cleanup", Time since last: 1000485027 ns, Reaching safepoint: 4939 ns, Cleanup: 54277 ns, At safepoint: 8700 ns, Total: 67916 ns
[2025-05-23T02:40:14.193+0000][77][info ][safepoint   ] Safepoint "Cleanup", Time since last: 1241953988 ns, Reaching safepoint: 2632 ns, Cleanup: 49471 ns, At safepoint: 12984 ns, Total: 65087 ns
[2025-05-23T02:40:14.968+0000][77][info ][gc,start    ] GC(5) Pause Young (Concurrent Start) (Metadata GC Threshold)
[2025-05-23T02:40:14.970+0000][77][info ][gc,task     ] GC(5) Using 10 workers of 10 for evacuation
[2025-05-23T02:40:14.970+0000][77][debug][gc,age      ] GC(5) Desired survivor size 39845888 bytes, new threshold 15 (max threshold 15)
[2025-05-23T02:40:14.982+0000][77][info ][gc,phases   ] GC(5)   Pre Evacuate Collection Set: 0.53ms
[2025-05-23T02:40:14.987+0000][77][info ][gc,phases   ] GC(5)   Merge Heap Roots: 0.20ms
[2025-05-23T02:40:14.989+0000][77][info ][gc,phases   ] GC(5)   Evacuate Collection Set: 9.35ms
[2025-05-23T02:40:14.990+0000][77][info ][gc,phases   ] GC(5)   Post Evacuate Collection Set: 0.80ms
[2025-05-23T02:40:14.992+0000][77][info ][gc,phases   ] GC(5)   Other: 1.41ms
[2025-05-23T02:40:14.993+0000][77][trace][gc,age      ] GC(5) Age table with threshold 15 (max threshold 15)
[2025-05-23T02:40:14.994+0000][77][trace][gc,age      ] GC(5) - age   1:    4326768 bytes,    4326768 total
[2025-05-23T02:40:14.994+0000][77][trace][gc,age      ] GC(5) - age   2:    2509960 bytes,    6836728 total
[2025-05-23T02:40:14.994+0000][77][trace][gc,age      ] GC(5) - age   3:    4109336 bytes,   10946064 total
[2025-05-23T02:40:14.995+0000][77][trace][gc,age      ] GC(5) - age   4:    4246616 bytes,   15192680 total
[2025-05-23T02:40:14.995+0000][77][info ][gc,heap     ] GC(5) Eden regions: 66->0(578)
[2025-05-23T02:40:14.998+0000][77][info ][gc,heap     ] GC(5) Survivor regions: 3->4(19)
[2025-05-23T02:40:14.998+0000][77][info ][gc,heap     ] GC(5) Old regions: 3->3
[2025-05-23T02:40:15.001+0000][77][info ][gc,heap     ] GC(5) Humongous regions: 0->0
[2025-05-23T02:40:15.002+0000][77][info ][gc,metaspace] GC(5) Metaspace: 35304K(36096K)->35304K(36096K) NonClass: 31201K(31680K)->31201K(31680K) Class: 4102K(4416K)->4102K(4416K)
[2025-05-23T02:40:15.003+0000][77][info ][gc          ] GC(5) Pause Young (Concurrent Start) (Metadata GC Threshold) 283M->26M(3880M) 34.848ms
[2025-05-23T02:40:15.005+0000][77][info ][gc,cpu      ] GC(5) User=0.04s Sys=0.04s Real=0.03s
[2025-05-23T02:40:15.005+0000][77][info ][gc          ] GC(6) Concurrent Mark Cycle
[2025-05-23T02:40:15.005+0000][77][info ][safepoint   ] Safepoint "CollectForMetadataAllocation", Time since last: 775864601 ns, Reaching safepoint: 3354 ns, Cleanup: 28388 ns, At safepoint: 36936437 ns, Total: 36968179 ns
[2025-05-23T02:40:15.006+0000][77][info ][gc,marking  ] GC(6) Concurrent Scan Root Regions
[2025-05-23T02:40:15.015+0000][77][info ][gc,marking  ] GC(6) Concurrent Scan Root Regions 8.919ms
[2025-05-23T02:40:15.017+0000][77][info ][gc,marking  ] GC(6) Concurrent Mark
[2025-05-23T02:40:15.017+0000][77][info ][gc,marking  ] GC(6) Concurrent Mark From Roots
[2025-05-23T02:40:15.021+0000][77][info ][gc,task     ] GC(6) Using 3 workers of 3 for marking
[2025-05-23T02:40:15.028+0000][77][info ][gc,marking  ] GC(6) Concurrent Mark From Roots 11.041ms
[2025-05-23T02:40:15.029+0000][77][info ][gc,marking  ] GC(6) Concurrent Preclean
[2025-05-23T02:40:15.029+0000][77][info ][gc,marking  ] GC(6) Concurrent Preclean 0.675ms
[2025-05-23T02:40:15.030+0000][77][info ][gc,start    ] GC(6) Pause Remark
[2025-05-23T02:40:15.037+0000][77][info ][gc          ] GC(6) Pause Remark 32M->32M(3880M) 7.334ms
[2025-05-23T02:40:15.040+0000][77][info ][gc,cpu      ] GC(6) User=0.01s Sys=0.02s Real=0.01s
[2025-05-23T02:40:15.041+0000][77][info ][safepoint   ] Safepoint "G1PauseRemark", Time since last: 24450625 ns, Reaching safepoint: 5379 ns, Cleanup: 13159 ns, At safepoint: 10868596 ns, Total: 10887134 ns
[2025-05-23T02:40:15.042+0000][77][info ][gc,marking  ] GC(6) Concurrent Mark 25.580ms
[2025-05-23T02:40:15.044+0000][77][info ][gc,marking  ] GC(6) Concurrent Rebuild Remembered Sets and Scrub Regions
[2025-05-23T02:40:15.050+0000][77][info ][gc,marking  ] GC(6) Concurrent Rebuild Remembered Sets and Scrub Regions 6.529ms
[2025-05-23T02:40:15.051+0000][77][info ][gc,start    ] GC(6) Pause Cleanup
[2025-05-23T02:40:15.052+0000][77][info ][gc          ] GC(6) Pause Cleanup 32M->32M(3880M) 1.157ms
[2025-05-23T02:40:15.053+0000][77][info ][gc,cpu      ] GC(6) User=0.00s Sys=0.00s Real=0.00s
[2025-05-23T02:40:15.054+0000][77][info ][safepoint   ] Safepoint "G1PauseCleanup", Time since last: 10065980 ns, Reaching safepoint: 5309 ns, Cleanup: 12289 ns, At safepoint: 2861810 ns, Total: 2879408 ns
[2025-05-23T02:40:15.055+0000][77][info ][gc,marking  ] GC(6) Concurrent Clear Claimed Marks
[2025-05-23T02:40:15.055+0000][77][info ][gc,marking  ] GC(6) Concurrent Clear Claimed Marks 0.566ms
[2025-05-23T02:40:15.056+0000][77][info ][gc,marking  ] GC(6) Concurrent Cleanup for Next Mark
[2025-05-23T02:40:15.059+0000][77][info ][gc,marking  ] GC(6) Concurrent Cleanup for Next Mark 2.838ms
[2025-05-23T02:40:15.060+0000][77][info ][gc          ] GC(6) Concurrent Mark Cycle 55.652ms
[2025-05-23T02:40:16.067+0000][77][info ][safepoint   ] Safepoint "Cleanup", Time since last: 1007399344 ns, Reaching safepoint: 5569762 ns, Cleanup: 112894 ns, At safepoint: 23456 ns, Total: 5706112 ns
[2025-05-23T02:40:17.089+0000][77][info ][safepoint   ] Safepoint "Cleanup", Time since last: 1021586785 ns, Reaching safepoint: 349354 ns, Cleanup: 56311 ns, At safepoint: 43920 ns, Total: 449585 ns
[2025-05-23T02:40:18.150+0000][77][info ][safepoint   ] Safepoint "Cleanup", Time since last: 1060922327 ns, Reaching safepoint: 6177 ns, Cleanup: 33834 ns, At safepoint: 7814 ns, Total: 47825 ns
[2025-05-23T02:40:19.153+0000][77][info ][safepoint   ] Safepoint "Cleanup", Time since last: 1001086214 ns, Reaching safepoint: 2156090 ns, Cleanup: 24955 ns, At safepoint: 35670 ns, Total: 2216715 ns
[2025-05-23T02:40:20.184+0000][77][info ][safepoint   ] Safepoint "Cleanup", Time since last: 1030805386 ns, Reaching safepoint: 86004 ns, Cleanup: 48788 ns, At safepoint: 25779 ns, Total: 160571 ns
[2025-05-23T02:40:21.188+0000][77][info ][safepoint   ] Safepoint "Cleanup", Time since last: 1001360203 ns, Reaching safepoint: 2196988 ns, Cleanup: 51220 ns, At safepoint: 28615 ns, Total: 2276823 ns
[2025-05-23T02:40:22.209+0000][77][info ][safepoint   ] Safepoint "Cleanup", Time since last: 1020723034 ns, Reaching safepoint: 10680 ns, Cleanup: 109214 ns, At safepoint: 24777 ns, Total: 144671 ns
[2025-05-23T02:40:23.212+0000][77][info ][safepoint   ] Safepoint "Cleanup", Time since last: 1002994448 ns, Reaching safepoint: 139582 ns, Cleanup: 98133 ns, At safepoint: 23907 ns, Total: 261622 ns
[2025-05-23T02:40:24.228+0000][77][info ][safepoint   ] Safepoint "Cleanup", Time since last: 1014736194 ns, Reaching safepoint: 1077987 ns, Cleanup: 123874 ns, At safepoint: 32709 ns, Total: 1234570 ns
[2025-05-23T02:40:25.299+0000][77][info ][safepoint   ] Safepoint "Cleanup", Time since last: 1071148375 ns, Reaching safepoint: 6463 ns, Cleanup: 77466 ns, At safepoint: 10752 ns, Total: 94681 ns
[2025-05-23T02:40:26.563+0000][77][info ][safepoint   ] Safepoint "Cleanup", Time since last: 1262010758 ns, Reaching safepoint: 135261 ns, Cleanup: 147657 ns, At safepoint: 34870 ns, Total: 317788 ns
[2025-05-23T02:40:27.564+0000][77][info ][safepoint   ] Safepoint "Cleanup", Time since last: 1001752247 ns, Reaching safepoint: 96312 ns, Cleanup: 50230 ns, At safepoint: 26631 ns, Total: 173173 ns
[2025-05-23T02:40:27.937+0000][77][info ][gc,start    ] GC(7) Pause Young (Concurrent Start) (Metadata GC Threshold)
[2025-05-23T02:40:27.937+0000][77][info ][gc,task     ] GC(7) Using 10 workers of 10 for evacuation
[2025-05-23T02:40:27.938+0000][77][debug][gc,age      ] GC(7) Desired survivor size 153092096 bytes, new threshold 15 (max threshold 15)
[2025-05-23T02:40:27.970+0000][77][info ][gc,phases   ] GC(7)   Pre Evacuate Collection Set: 0.62ms
[2025-05-23T02:40:27.970+0000][77][info ][gc,phases   ] GC(7)   Merge Heap Roots: 0.24ms
[2025-05-23T02:40:27.971+0000][77][info ][gc,phases   ] GC(7)   Evacuate Collection Set: 27.30ms
[2025-05-23T02:40:27.971+0000][77][info ][gc,phases   ] GC(7)   Post Evacuate Collection Set: 3.29ms
[2025-05-23T02:40:27.971+0000][77][info ][gc,phases   ] GC(7)   Other: 0.87ms
[2025-05-23T02:40:27.971+0000][77][trace][gc,age      ] GC(7) Age table with threshold 15 (max threshold 15)
[2025-05-23T02:40:27.972+0000][77][trace][gc,age      ] GC(7) - age   1:   15000224 bytes,   15000224 total
[2025-05-23T02:40:27.972+0000][77][trace][gc,age      ] GC(7) - age   2:    4295144 bytes,   19295368 total
[2025-05-23T02:40:27.972+0000][77][trace][gc,age      ] GC(7) - age   3:    2504480 bytes,   21799848 total
[2025-05-23T02:40:27.973+0000][77][trace][gc,age      ] GC(7) - age   4:    4093080 bytes,   25892928 total
[2025-05-23T02:40:27.974+0000][77][trace][gc,age      ] GC(7) - age   5:    4231360 bytes,   30124288 total
[2025-05-23T02:40:27.974+0000][77][info ][gc,heap     ] GC(7) Eden regions: 238->0(573)
[2025-05-23T02:40:27.975+0000][77][info ][gc,heap     ] GC(7) Survivor regions: 4->9(73)
[2025-05-23T02:40:27.975+0000][77][info ][gc,heap     ] GC(7) Old regions: 3->3
[2025-05-23T02:40:27.976+0000][77][info ][gc,heap     ] GC(7) Humongous regions: 0->0
[2025-05-23T02:40:27.976+0000][77][info ][gc,metaspace] GC(7) Metaspace: 58980K(60288K)->58980K(60288K) NonClass: 51472K(52224K)->51472K(52224K) Class: 7507K(8064K)->7507K(8064K)
[2025-05-23T02:40:27.978+0000][77][info ][gc          ] GC(7) Pause Young (Concurrent Start) (Metadata GC Threshold) 978M->42M(3880M) 40.961ms
[2025-05-23T02:40:27.979+0000][77][info ][gc          ] GC(8) Concurrent Mark Cycle
[2025-05-23T02:40:27.979+0000][77][info ][gc,cpu      ] GC(7) User=0.18s Sys=0.00s Real=0.04s
[2025-05-23T02:40:27.979+0000][77][info ][gc,marking  ] GC(8) Concurrent Scan Root Regions
[2025-05-23T02:40:27.980+0000][77][info ][safepoint   ] Safepoint "CollectForMetadataAllocation", Time since last: 368779737 ns, Reaching safepoint: 3396479 ns, Cleanup: 19285 ns, At safepoint: 43529650 ns, Total: 46945414 ns
[2025-05-23T02:40:27.987+0000][77][info ][gc,marking  ] GC(8) Concurrent Scan Root Regions 7.912ms
[2025-05-23T02:40:27.988+0000][77][info ][gc,marking  ] GC(8) Concurrent Mark
[2025-05-23T02:40:27.988+0000][77][info ][gc,marking  ] GC(8) Concurrent Mark From Roots
[2025-05-23T02:40:27.989+0000][77][info ][gc,task     ] GC(8) Using 3 workers of 3 for marking
[2025-05-23T02:40:28.000+0000][77][info ][gc,marking  ] GC(8) Concurrent Mark From Roots 11.789ms
[2025-05-23T02:40:28.001+0000][77][info ][gc,marking  ] GC(8) Concurrent Preclean
[2025-05-23T02:40:28.001+0000][77][info ][gc,marking  ] GC(8) Concurrent Preclean 0.759ms
[2025-05-23T02:40:28.002+0000][77][info ][gc,start    ] GC(8) Pause Remark
[2025-05-23T02:40:28.009+0000][77][info ][gc          ] GC(8) Pause Remark 48M->48M(3880M) 6.352ms
[2025-05-23T02:40:28.009+0000][77][info ][gc,cpu      ] GC(8) User=0.02s Sys=0.01s Real=0.00s
[2025-05-23T02:40:28.012+0000][77][info ][safepoint   ] Safepoint "G1PauseRemark", Time since last: 21817514 ns, Reaching safepoint: 137268 ns, Cleanup: 6389 ns, At safepoint: 9482574 ns, Total: 9626231 ns
[2025-05-23T02:40:28.014+0000][77][info ][gc,marking  ] GC(8) Concurrent Mark 26.036ms
[2025-05-23T02:40:28.014+0000][77][info ][gc,marking  ] GC(8) Concurrent Rebuild Remembered Sets and Scrub Regions
[2025-05-23T02:40:28.021+0000][77][info ][gc,marking  ] GC(8) Concurrent Rebuild Remembered Sets and Scrub Regions 6.483ms
[2025-05-23T02:40:28.021+0000][77][info ][gc,start    ] GC(8) Pause Cleanup
[2025-05-23T02:40:28.022+0000][77][info ][gc          ] GC(8) Pause Cleanup 48M->48M(3880M) 0.617ms
[2025-05-23T02:40:28.022+0000][77][info ][gc,cpu      ] GC(8) User=0.00s Sys=0.00s Real=0.00s
[2025-05-23T02:40:28.023+0000][77][info ][safepoint   ] Safepoint "G1PauseCleanup", Time since last: 9475966 ns, Reaching safepoint: 89439 ns, Cleanup: 16616 ns, At safepoint: 1656089 ns, Total: 1762144 ns
[2025-05-23T02:40:28.023+0000][77][info ][gc,marking  ] GC(8) Concurrent Clear Claimed Marks
[2025-05-23T02:40:28.024+0000][77][info ][gc,marking  ] GC(8) Concurrent Clear Claimed Marks 0.522ms
[2025-05-23T02:40:28.024+0000][77][info ][gc,marking  ] GC(8) Concurrent Cleanup for Next Mark
[2025-05-23T02:40:28.031+0000][77][info ][gc,marking  ] GC(8) Concurrent Cleanup for Next Mark 6.501ms
[2025-05-23T02:40:28.031+0000][77][info ][gc          ] GC(8) Concurrent Mark Cycle 52.755ms
[2025-05-23T02:40:29.610+0000][77][info ][safepoint   ] Safepoint "ICBufferFull", Time since last: 1581745721 ns, Reaching safepoint: 4889974 ns, Cleanup: 182263 ns, At safepoint: 35667 ns, Total: 5107904 ns
[2025-05-23T02:40:30.620+0000][77][info ][safepoint   ] Safepoint "Cleanup", Time since last: 1010173480 ns, Reaching safepoint: 99130 ns, Cleanup: 43340 ns, At safepoint: 27969 ns, Total: 170439 ns
[2025-05-23T02:40:31.656+0000][77][info ][safepoint   ] Safepoint "ICBufferFull", Time since last: 1036015490 ns, Reaching safepoint: 128701 ns, Cleanup: 132478 ns, At safepoint: 19685 ns, Total: 280864 ns
[2025-05-23T02:40:33.060+0000][77][info ][safepoint   ] Safepoint "Cleanup", Time since last: 1403786346 ns, Reaching safepoint: 2422 ns, Cleanup: 82722 ns, At safepoint: 11645 ns, Total: 96789 ns
[2025-05-23T02:40:34.271+0000][77][info ][safepoint   ] Safepoint "ICBufferFull", Time since last: 1210888102 ns, Reaching safepoint: 7266 ns, Cleanup: 158706 ns, At safepoint: 12792 ns, Total: 178764 ns
[2025-05-23T02:40:35.384+0000][77][info ][gc,start    ] GC(9) Pause Young (Concurrent Start) (Metadata GC Threshold)
[2025-05-23T02:40:35.385+0000][77][info ][gc,task     ] GC(9) Using 10 workers of 10 for evacuation
[2025-05-23T02:40:35.385+0000][77][debug][gc,age      ] GC(9) Desired survivor size 153092096 bytes, new threshold 15 (max threshold 15)
[2025-05-23T02:40:35.403+0000][77][info ][gc,phases   ] GC(9)   Pre Evacuate Collection Set: 0.37ms
[2025-05-23T02:40:35.403+0000][77][info ][gc,phases   ] GC(9)   Merge Heap Roots: 0.11ms
[2025-05-23T02:40:35.404+0000][77][info ][gc,phases   ] GC(9)   Evacuate Collection Set: 13.71ms
[2025-05-23T02:40:35.404+0000][77][info ][gc,phases   ] GC(9)   Post Evacuate Collection Set: 3.26ms
[2025-05-23T02:40:35.404+0000][77][info ][gc,phases   ] GC(9)   Other: 0.73ms
[2025-05-23T02:40:35.405+0000][77][trace][gc,age      ] GC(9) Age table with threshold 15 (max threshold 15)
[2025-05-23T02:40:35.405+0000][77][trace][gc,age      ] GC(9) - age   1:   21180536 bytes,   21180536 total
[2025-05-23T02:40:35.405+0000][77][trace][gc,age      ] GC(9) - age   2:   14359568 bytes,   35540104 total
[2025-05-23T02:40:35.406+0000][77][trace][gc,age      ] GC(9) - age   3:    4257008 bytes,   39797112 total
[2025-05-23T02:40:35.406+0000][77][trace][gc,age      ] GC(9) - age   4:    2491200 bytes,   42288312 total
[2025-05-23T02:40:35.407+0000][77][trace][gc,age      ] GC(9) - age   5:    4075680 bytes,   46363992 total
[2025-05-23T02:40:35.407+0000][77][trace][gc,age      ] GC(9) - age   6:    4202056 bytes,   50566048 total
[2025-05-23T02:40:35.407+0000][77][info ][gc,heap     ] GC(9) Eden regions: 207->0(268)
[2025-05-23T02:40:35.407+0000][77][info ][gc,heap     ] GC(9) Survivor regions: 9->13(73)
[2025-05-23T02:40:35.408+0000][77][info ][gc,heap     ] GC(9) Old regions: 3->3
[2025-05-23T02:40:35.408+0000][77][info ][gc,heap     ] GC(9) Humongous regions: 0->0
[2025-05-23T02:40:35.409+0000][77][info ][gc,metaspace] GC(9) Metaspace: 98751K(100608K)->98751K(100608K) NonClass: 85661K(86720K)->85661K(86720K) Class: 13089K(13888K)->13089K(13888K)
[2025-05-23T02:40:35.409+0000][77][info ][gc          ] GC(9) Pause Young (Concurrent Start) (Metadata GC Threshold) 868M->62M(3880M) 24.857ms
[2025-05-23T02:40:35.409+0000][77][info ][gc,cpu      ] GC(9) User=0.12s Sys=0.00s Real=0.02s
[2025-05-23T02:40:35.409+0000][77][info ][gc          ] GC(10) Concurrent Mark Cycle
[2025-05-23T02:40:35.410+0000][77][info ][gc,marking  ] GC(10) Concurrent Scan Root Regions
[2025-05-23T02:40:35.410+0000][77][info ][safepoint   ] Safepoint "CollectForMetadataAllocation", Time since last: 1112145279 ns, Reaching safepoint: 451598 ns, Cleanup: 130979 ns, At safepoint: 25644678 ns, Total: 26227255 ns
[2025-05-23T02:40:35.412+0000][77][info ][safepoint   ] Safepoint "CollectForMetadataAllocation", Time since last: 1286009 ns, Reaching safepoint: 190074 ns, Cleanup: 7276 ns, At safepoint: 387330 ns, Total: 584680 ns
[2025-05-23T02:40:35.421+0000][77][info ][gc,marking  ] GC(10) Concurrent Scan Root Regions 10.831ms
[2025-05-23T02:40:35.421+0000][77][info ][gc,marking  ] GC(10) Concurrent Mark
[2025-05-23T02:40:35.422+0000][77][info ][gc,marking  ] GC(10) Concurrent Mark From Roots
[2025-05-23T02:40:35.422+0000][77][info ][gc,task     ] GC(10) Using 3 workers of 3 for marking
[2025-05-23T02:40:35.427+0000][77][info ][gc,marking  ] GC(10) Concurrent Mark From Roots 5.327ms
[2025-05-23T02:40:35.427+0000][77][info ][gc,marking  ] GC(10) Concurrent Preclean
[2025-05-23T02:40:35.428+0000][77][info ][gc,marking  ] GC(10) Concurrent Preclean 0.591ms
[2025-05-23T02:40:35.429+0000][77][info ][gc,start    ] GC(10) Pause Remark
[2025-05-23T02:40:35.433+0000][77][info ][gc          ] GC(10) Pause Remark 68M->68M(3880M) 4.372ms
[2025-05-23T02:40:35.434+0000][77][info ][gc,cpu      ] GC(10) User=0.02s Sys=0.01s Real=0.01s
[2025-05-23T02:40:35.434+0000][77][info ][safepoint   ] Safepoint "G1PauseRemark", Time since last: 17242294 ns, Reaching safepoint: 7763 ns, Cleanup: 26008 ns, At safepoint: 5161019 ns, Total: 5194790 ns
[2025-05-23T02:40:35.435+0000][77][info ][gc,marking  ] GC(10) Concurrent Mark 13.200ms
[2025-05-23T02:40:35.435+0000][77][info ][gc,marking  ] GC(10) Concurrent Rebuild Remembered Sets and Scrub Regions
[2025-05-23T02:40:35.437+0000][77][info ][gc,marking  ] GC(10) Concurrent Rebuild Remembered Sets and Scrub Regions 2.303ms
[2025-05-23T02:40:35.438+0000][77][info ][gc,start    ] GC(10) Pause Cleanup
[2025-05-23T02:40:35.438+0000][77][info ][gc          ] GC(10) Pause Cleanup 68M->68M(3880M) 0.524ms
[2025-05-23T02:40:35.439+0000][77][info ][gc,cpu      ] GC(10) User=0.00s Sys=0.00s Real=0.00s
[2025-05-23T02:40:35.439+0000][77][info ][safepoint   ] Safepoint "G1PauseCleanup", Time since last: 3859165 ns, Reaching safepoint: 79060 ns, Cleanup: 14647 ns, At safepoint: 1110853 ns, Total: 1204560 ns
[2025-05-23T02:40:35.439+0000][77][info ][gc,marking  ] GC(10) Concurrent Clear Claimed Marks
[2025-05-23T02:40:35.440+0000][77][info ][gc,marking  ] GC(10) Concurrent Clear Claimed Marks 0.517ms
[2025-05-23T02:40:35.440+0000][77][info ][gc,marking  ] GC(10) Concurrent Cleanup for Next Mark
[2025-05-23T02:40:35.443+0000][77][info ][gc,marking  ] GC(10) Concurrent Cleanup for Next Mark 3.133ms
[2025-05-23T02:40:35.444+0000][77][info ][gc          ] GC(10) Concurrent Mark Cycle 34.871ms
[2025-05-23T02:40:36.441+0000][77][info ][safepoint   ] Safepoint "Cleanup", Time since last: 1001410609 ns, Reaching safepoint: 2546 ns, Cleanup: 95766 ns, At safepoint: 11002 ns, Total: 109314 ns
[2025-05-23T02:40:36.921+0000][77][info ][safepoint   ] Safepoint "ICBufferFull", Time since last: 479576344 ns, Reaching safepoint: 489724 ns, Cleanup: 102872 ns, At safepoint: 57356 ns, Total: 649952 ns
[2025-05-23T02:40:37.010+0000][77][info ][safepoint   ] Safepoint "ICBufferFull", Time since last: 88562331 ns, Reaching safepoint: 181719 ns, Cleanup: 64766 ns, At safepoint: 39563 ns, Total: 286048 ns
[2025-05-23T02:40:37.115+0000][77][info ][safepoint   ] Safepoint "ICBufferFull", Time since last: 105565893 ns, Reaching safepoint: 9014 ns, Cleanup: 85040 ns, At safepoint: 23871 ns, Total: 117925 ns
[2025-05-23T02:40:37.275+0000][77][info ][safepoint   ] Safepoint "ICBufferFull", Time since last: 159723048 ns, Reaching safepoint: 11043 ns, Cleanup: 140021 ns, At safepoint: 68982 ns, Total: 220046 ns
[2025-05-23T02:40:37.426+0000][77][info ][safepoint   ] Safepoint "ICBufferFull", Time since last: 150274733 ns, Reaching safepoint: 10401 ns, Cleanup: 208139 ns, At safepoint: 188645 ns, Total: 407185 ns
[2025-05-23T02:40:37.653+0000][77][info ][safepoint   ] Safepoint "ICBufferFull", Time since last: 227180237 ns, Reaching safepoint: 5924 ns, Cleanup: 77029 ns, At safepoint: 5689 ns, Total: 88642 ns
[2025-05-23T02:40:37.948+0000][77][info ][safepoint   ] Safepoint "ICBufferFull", Time since last: 295108517 ns, Reaching safepoint: 7498 ns, Cleanup: 78186 ns, At safepoint: 15775 ns, Total: 101459 ns
[2025-05-23T02:40:38.340+0000][77][info ][safepoint   ] Safepoint "ICBufferFull", Time since last: 391371982 ns, Reaching safepoint: 6096 ns, Cleanup: 78793 ns, At safepoint: 5585 ns, Total: 90474 ns
[2025-05-23T02:40:39.341+0000][77][info ][safepoint   ] Safepoint "Cleanup", Time since last: 1000739285 ns, Reaching safepoint: 6975 ns, Cleanup: 64414 ns, At safepoint: 7183 ns, Total: 78572 ns
[2025-05-23T02:40:41.318+0000][77][info ][safepoint   ] Safepoint "Cleanup", Time since last: 1977108400 ns, Reaching safepoint: 8133 ns, Cleanup: 29727 ns, At safepoint: 7720 ns, Total: 45580 ns
[2025-05-23T02:40:42.333+0000][77][info ][safepoint   ] Safepoint "Cleanup", Time since last: 1015579113 ns, Reaching safepoint: 7447 ns, Cleanup: 13106 ns, At safepoint: 6251 ns, Total: 26804 ns
[2025-05-23T02:40:44.518+0000][77][info ][safepoint   ] Safepoint "Cleanup", Time since last: 2184150126 ns, Reaching safepoint: 9285 ns, Cleanup: 92513 ns, At safepoint: 7993 ns, Total: 109791 ns
[2025-05-23T02:40:45.518+0000][77][info ][safepoint   ] Safepoint "Cleanup", Time since last: 1000742749 ns, Reaching safepoint: 10292 ns, Cleanup: 14021 ns, At safepoint: 7194 ns, Total: 31507 ns
[2025-05-23T02:40:46.519+0000][77][info ][safepoint   ] Safepoint "Cleanup", Time since last: 1000725256 ns, Reaching safepoint: 7717 ns, Cleanup: 13489 ns, At safepoint: 6722 ns, Total: 27928 ns
[2025-05-23T02:40:47.523+0000][77][info ][safepoint   ] Safepoint "Cleanup", Time since last: 1003408002 ns, Reaching safepoint: 9783 ns, Cleanup: 14314 ns, At safepoint: 6933 ns, Total: 31030 ns
[2025-05-23T02:40:51.524+0000][77][info ][safepoint   ] Safepoint "Cleanup", Time since last: 4000806239 ns, Reaching safepoint: 14627 ns, Cleanup: 11366 ns, At safepoint: 6212 ns, Total: 32205 ns
[2025-05-23T02:40:53.524+0000][77][info ][safepoint   ] Safepoint "Cleanup", Time since last: 2000733565 ns, Reaching safepoint: 26423 ns, Cleanup: 15804 ns, At safepoint: 7393 ns, Total: 49620 ns
[2025-05-23T02:40:55.683+0000][77][info ][safepoint   ] Safepoint "Cleanup", Time since last: 2158605021 ns, Reaching safepoint: 3073 ns, Cleanup: 8864 ns, At safepoint: 11923 ns, Total: 23860 ns
[2025-05-23T02:40:56.216+0000][77][info ][safepoint   ] Safepoint "ICBufferFull", Time since last: 531955931 ns, Reaching safepoint: 12145 ns, Cleanup: 148473 ns, At safepoint: 11245 ns, Total: 171863 ns
[2025-05-23T02:40:57.508+0000][77][info ][safepoint   ] Safepoint "Cleanup", Time since last: 1291465350 ns, Reaching safepoint: 20452 ns, Cleanup: 208446 ns, At safepoint: 99390 ns, Total: 328288 ns
[2025-05-23T02:40:58.745+0000][77][info ][safepoint   ] Safepoint "Cleanup", Time since last: 1237178465 ns, Reaching safepoint: 14027 ns, Cleanup: 52873 ns, At safepoint: 14579 ns, Total: 81479 ns
[2025-05-23T02:41:00.250+0000][77][info ][safepoint   ] Safepoint "ICBufferFull", Time since last: 1503879847 ns, Reaching safepoint: 234170 ns, Cleanup: 89024 ns, At safepoint: 48115 ns, Total: 371309 ns
[2025-05-23T02:41:01.250+0000][77][info ][safepoint   ] Safepoint "Cleanup", Time since last: 1000545632 ns, Reaching safepoint: 8123 ns, Cleanup: 69209 ns, At safepoint: 7305 ns, Total: 84637 ns
[2025-05-23T02:41:02.846+0000][77][info ][safepoint   ] Safepoint "Cleanup", Time since last: 1595808309 ns, Reaching safepoint: 9812 ns, Cleanup: 82464 ns, At safepoint: 7994 ns, Total: 100270 ns
[2025-05-23T02:41:04.021+0000][77][info ][safepoint   ] Safepoint "Cleanup", Time since last: 1173778620 ns, Reaching safepoint: 821483 ns, Cleanup: 29613 ns, At safepoint: 86019 ns, Total: 937115 ns
[2025-05-23T02:41:04.130+0000][77][info ][safepoint   ] Safepoint "ICBufferFull", Time since last: 108202681 ns, Reaching safepoint: 156076 ns, Cleanup: 164147 ns, At safepoint: 175202 ns, Total: 495425 ns
[2025-05-23T02:41:04.441+0000][77][info ][safepoint   ] Safepoint "ICBufferFull", Time since last: 311206617 ns, Reaching safepoint: 214453 ns, Cleanup: 127930 ns, At safepoint: 113798 ns, Total: 456181 ns
[2025-05-23T02:41:04.527+0000][77][info ][safepoint   ] Safepoint "ICBufferFull", Time since last: 85219818 ns, Reaching safepoint: 114704 ns, Cleanup: 90243 ns, At safepoint: 56327 ns, Total: 261274 ns
[2025-05-23T02:41:04.625+0000][77][info ][safepoint   ] Safepoint "ICBufferFull", Time since last: 98269016 ns, Reaching safepoint: 13024 ns, Cleanup: 75098 ns, At safepoint: 6670 ns, Total: 94792 ns
[2025-05-23T02:41:05.490+0000][77][info ][safepoint   ] Safepoint "ICBufferFull", Time since last: 864599380 ns, Reaching safepoint: 26938 ns, Cleanup: 378009 ns, At safepoint: 100047 ns, Total: 504994 ns
[2025-05-23T02:41:06.354+0000][77][info ][safepoint   ] Safepoint "ICBufferFull", Time since last: 864098885 ns, Reaching safepoint: 7554 ns, Cleanup: 132353 ns, At safepoint: 15208 ns, Total: 155115 ns
[2025-05-23T02:41:07.282+0000][77][info ][safepoint   ] Safepoint "ICBufferFull", Time since last: 927044260 ns, Reaching safepoint: 23765 ns, Cleanup: 215323 ns, At safepoint: 89775 ns, Total: 328863 ns
[2025-05-23T02:41:07.558+0000][77][info ][safepoint   ] Safepoint "ICBufferFull", Time since last: 275423649 ns, Reaching safepoint: 120167 ns, Cleanup: 118648 ns, At safepoint: 143994 ns, Total: 382809 ns
[2025-05-23T02:41:07.624+0000][77][info ][safepoint   ] Safepoint "ICBufferFull", Time since last: 8840781 ns, Reaching safepoint: 57333428 ns, Cleanup: 25507 ns, At safepoint: 372839 ns, Total: 57731774 ns
[2025-05-23T02:41:08.628+0000][77][info ][safepoint   ] Safepoint "Cleanup", Time since last: 1002992494 ns, Reaching safepoint: 505569 ns, Cleanup: 170181 ns, At safepoint: 69355 ns, Total: 745105 ns
[2025-05-23T02:41:09.910+0000][77][info ][safepoint   ] Safepoint "Cleanup", Time since last: 1282459629 ns, Reaching safepoint: 16899 ns, Cleanup: 67555 ns, At safepoint: 7729 ns, Total: 92183 ns
[2025-05-23T02:41:10.955+0000][77][info ][safepoint   ] Safepoint "Cleanup", Time since last: 1044220281 ns, Reaching safepoint: 15327 ns, Cleanup: 88725 ns, At safepoint: 76152 ns, Total: 180204 ns
[2025-05-23T02:41:11.466+0000][77][info ][safepoint   ] Safepoint "ICBufferFull", Time since last: 510451922 ns, Reaching safepoint: 21237 ns, Cleanup: 277280 ns, At safepoint: 90186 ns, Total: 388703 ns
[2025-05-23T02:41:13.070+0000][77][info ][safepoint   ] Safepoint "Cleanup", Time since last: 1604091358 ns, Reaching safepoint: 21859 ns, Cleanup: 149073 ns, At safepoint: 14428 ns, Total: 185360 ns
[2025-05-23T02:41:14.129+0000][77][info ][safepoint   ] Safepoint "Cleanup", Time since last: 1001508655 ns, Reaching safepoint: 57098985 ns, Cleanup: 264173 ns, At safepoint: 207590 ns, Total: 57570748 ns
[2025-05-23T02:41:15.304+0000][77][info ][safepoint   ] Safepoint "Cleanup", Time since last: 1175217238 ns, Reaching safepoint: 50661 ns, Cleanup: 119198 ns, At safepoint: 26142 ns, Total: 196001 ns
[2025-05-23T02:41:16.313+0000][77][info ][safepoint   ] Safepoint "Cleanup", Time since last: 1008444599 ns, Reaching safepoint: 13170 ns, Cleanup: 92274 ns, At safepoint: 42779 ns, Total: 148223 ns
[2025-05-23T02:41:17.618+0000][77][info ][safepoint   ] Safepoint "Cleanup", Time since last: 1304516682 ns, Reaching safepoint: 13034 ns, Cleanup: 69591 ns, At safepoint: 30763 ns, Total: 113388 ns
[2025-05-23T02:41:18.921+0000][77][info ][safepoint   ] Safepoint "Cleanup", Time since last: 1303192946 ns, Reaching safepoint: 26966 ns, Cleanup: 212198 ns, At safepoint: 18451 ns, Total: 257615 ns
[2025-05-23T02:41:19.950+0000][77][info ][safepoint   ] Safepoint "Cleanup", Time since last: 1028433480 ns, Reaching safepoint: 26303 ns, Cleanup: 61608 ns, At safepoint: 15551 ns, Total: 103462 ns
[2025-05-23T02:41:20.951+0000][77][info ][safepoint   ] Safepoint "Cleanup", Time since last: 1001552612 ns, Reaching safepoint: 25287 ns, Cleanup: 22013 ns, At safepoint: 15854 ns, Total: 63154 ns
[2025-05-23T02:41:22.953+0000][77][info ][safepoint   ] Safepoint "Cleanup", Time since last: 2001958514 ns, Reaching safepoint: 20624 ns, Cleanup: 25456 ns, At safepoint: 9524 ns, Total: 55604 ns
[2025-05-23T02:41:24.158+0000][77][info ][safepoint   ] Safepoint "Cleanup", Time since last: 1204059039 ns, Reaching safepoint: 12275 ns, Cleanup: 151407 ns, At safepoint: 164200 ns, Total: 327882 ns
[2025-05-23T02:41:25.745+0000][77][info ][safepoint   ] Safepoint "Cleanup", Time since last: 1587188380 ns, Reaching safepoint: 140510 ns, Cleanup: 80132 ns, At safepoint: 125572 ns, Total: 346214 ns
[2025-05-23T02:41:27.394+0000][77][info ][safepoint   ] Safepoint "Cleanup", Time since last: 1648968406 ns, Reaching safepoint: 24583 ns, Cleanup: 191317 ns, At safepoint: 16319 ns, Total: 232219 ns
[2025-05-23T02:41:28.395+0000][77][info ][safepoint   ] Safepoint "Cleanup", Time since last: 1001082335 ns, Reaching safepoint: 14136 ns, Cleanup: 42694 ns, At safepoint: 7572 ns, Total: 64402 ns
[2025-05-23T02:41:30.021+0000][77][info ][safepoint   ] Safepoint "Cleanup", Time since last: 1625919462 ns, Reaching safepoint: 32817 ns, Cleanup: 198848 ns, At safepoint: 26213 ns, Total: 257878 ns
[2025-05-23T02:41:31.427+0000][77][info ][safepoint   ] Safepoint "Cleanup", Time since last: 1405963488 ns, Reaching safepoint: 10651 ns, Cleanup: 60275 ns, At safepoint: 35287 ns, Total: 106213 ns
[2025-05-23T02:41:32.440+0000][77][info ][safepoint   ] Safepoint "Cleanup", Time since last: 1013114462 ns, Reaching safepoint: 14133 ns, Cleanup: 62834 ns, At safepoint: 9784 ns, Total: 86751 ns
[2025-05-23T02:41:34.442+0000][77][info ][safepoint   ] Safepoint "Cleanup", Time since last: 2001622405 ns, Reaching safepoint: 26895 ns, Cleanup: 51734 ns, At safepoint: 18223 ns, Total: 96852 ns
[2025-05-23T02:41:35.443+0000][77][info ][safepoint   ] Safepoint "Cleanup", Time since last: 1001153663 ns, Reaching safepoint: 28894 ns, Cleanup: 21568 ns, At safepoint: 16262 ns, Total: 66724 ns
[2025-05-23T02:41:36.444+0000][77][info ][safepoint   ] Safepoint "Cleanup", Time since last: 1000970577 ns, Reaching safepoint: 23168 ns, Cleanup: 21712 ns, At safepoint: 15768 ns, Total: 60648 ns
[2025-05-23T02:41:37.445+0000][77][info ][safepoint   ] Safepoint "Cleanup", Time since last: 1001217238 ns, Reaching safepoint: 32625 ns, Cleanup: 42558 ns, At safepoint: 18707 ns, Total: 93890 ns
[2025-05-23T02:41:38.447+0000][77][info ][safepoint   ] Safepoint "Cleanup", Time since last: 1001356292 ns, Reaching safepoint: 79030 ns, Cleanup: 21122 ns, At safepoint: 35262 ns, Total: 135414 ns
[2025-05-23T02:41:40.263+0000][77][info ][safepoint   ] Safepoint "Cleanup", Time since last: 1816474270 ns, Reaching safepoint: 9415 ns, Cleanup: 49433 ns, At safepoint: 14355 ns, Total: 73203 ns
[2025-05-23T02:41:41.178+0000][77][info ][safepoint   ] Safepoint "ICBufferFull", Time since last: 913789315 ns, Reaching safepoint: 27227 ns, Cleanup: 211539 ns, At safepoint: 162705 ns, Total: 401471 ns
[2025-05-23T02:41:41.436+0000][77][info ][gc,start    ] GC(11) Pause Young (Normal) (G1 Evacuation Pause)
[2025-05-23T02:41:41.437+0000][77][info ][gc,task     ] GC(11) Using 10 workers of 10 for evacuation
[2025-05-23T02:41:41.437+0000][77][debug][gc,age      ] GC(11) Desired survivor size 75497472 bytes, new threshold 15 (max threshold 15)
[2025-05-23T02:41:41.523+0000][77][info ][gc,phases   ] GC(11)   Pre Evacuate Collection Set: 2.30ms
[2025-05-23T02:41:41.524+0000][77][info ][gc,phases   ] GC(11)   Merge Heap Roots: 19.73ms
[2025-05-23T02:41:41.524+0000][77][info ][gc,phases   ] GC(11)   Evacuate Collection Set: 58.43ms
[2025-05-23T02:41:41.524+0000][77][info ][gc,phases   ] GC(11)   Post Evacuate Collection Set: 4.69ms
[2025-05-23T02:41:41.524+0000][77][info ][gc,phases   ] GC(11)   Other: 1.40ms
[2025-05-23T02:41:41.524+0000][77][trace][gc,age      ] GC(11) Age table with threshold 15 (max threshold 15)
[2025-05-23T02:41:41.525+0000][77][trace][gc,age      ] GC(11) - age   1:   50386352 bytes,   50386352 total
[2025-05-23T02:41:41.525+0000][77][trace][gc,age      ] GC(11) - age   2:   20115712 bytes,   70502064 total
[2025-05-23T02:41:41.525+0000][77][trace][gc,age      ] GC(11) - age   3:   14329296 bytes,   84831360 total
[2025-05-23T02:41:41.525+0000][77][trace][gc,age      ] GC(11) - age   4:    4254064 bytes,   89085424 total
[2025-05-23T02:41:41.525+0000][77][trace][gc,age      ] GC(11) - age   5:    2489024 bytes,   91574448 total
[2025-05-23T02:41:41.525+0000][77][trace][gc,age      ] GC(11) - age   6:    4074184 bytes,   95648632 total
[2025-05-23T02:41:41.526+0000][77][trace][gc,age      ] GC(11) - age   7:    4193560 bytes,   99842192 total
[2025-05-23T02:41:41.526+0000][77][info ][gc,heap     ] GC(11) Eden regions: 268->0(181)
[2025-05-23T02:41:41.526+0000][77][info ][gc,heap     ] GC(11) Survivor regions: 13->28(36)
[2025-05-23T02:41:41.526+0000][77][info ][gc,heap     ] GC(11) Old regions: 3->3
[2025-05-23T02:41:41.526+0000][77][info ][gc,heap     ] GC(11) Humongous regions: 0->0
[2025-05-23T02:41:41.526+0000][77][info ][gc,metaspace] GC(11) Metaspace: 139720K(143744K)->139720K(143744K) NonClass: 120250K(122432K)->120250K(122432K) Class: 19469K(21312K)->19469K(21312K)
[2025-05-23T02:41:41.527+0000][77][info ][gc          ] GC(11) Pause Young (Normal) (G1 Evacuation Pause) 1134M->119M(3880M) 90.686ms
[2025-05-23T02:41:41.527+0000][77][info ][gc,cpu      ] GC(11) User=0.57s Sys=0.04s Real=0.09s
[2025-05-23T02:41:41.527+0000][77][info ][safepoint   ] Safepoint "G1CollectForAllocation", Time since last: 258019722 ns, Reaching safepoint: 13406 ns, Cleanup: 97306 ns, At safepoint: 91119135 ns, Total: 91229847 ns
[2025-05-23T02:41:42.475+0000][77][info ][safepoint   ] Safepoint "ICBufferFull", Time since last: 948087319 ns, Reaching safepoint: 33323 ns, Cleanup: 136563 ns, At safepoint: 10113 ns, Total: 179999 ns
[2025-05-23T02:41:43.178+0000][77][info ][safepoint   ] Safepoint "ICBufferFull", Time since last: 702562405 ns, Reaching safepoint: 19620 ns, Cleanup: 131411 ns, At safepoint: 20471 ns, Total: 171502 ns
[2025-05-23T02:41:44.563+0000][77][info ][safepoint   ] Safepoint "Cleanup", Time since last: 1384685438 ns, Reaching safepoint: 60555 ns, Cleanup: 240529 ns, At safepoint: 31581 ns, Total: 332665 ns
[2025-05-23T02:41:46.565+0000][77][info ][safepoint   ] Safepoint "Cleanup", Time since last: 2001484261 ns, Reaching safepoint: 62413 ns, Cleanup: 70165 ns, At safepoint: 55886 ns, Total: 188464 ns
[2025-05-23T02:41:47.566+0000][77][info ][safepoint   ] Safepoint "Cleanup", Time since last: 1000874521 ns, Reaching safepoint: 19007 ns, Cleanup: 31358 ns, At safepoint: 8623 ns, Total: 58988 ns
[2025-05-23T02:41:48.566+0000][77][info ][safepoint   ] Safepoint "Cleanup", Time since last: 1000667606 ns, Reaching safepoint: 143738 ns, Cleanup: 33439 ns, At safepoint: 50652 ns, Total: 227829 ns
[2025-05-23T02:41:48.681+0000][77][info ][gc,start    ] GC(12) Pause Young (Concurrent Start) (CodeCache GC Threshold)
[2025-05-23T02:41:48.681+0000][77][info ][gc,task     ] GC(12) Using 10 workers of 10 for evacuation
[2025-05-23T02:41:48.682+0000][77][debug][gc,age      ] GC(12) Desired survivor size 56623104 bytes, new threshold 2 (max threshold 15)
[2025-05-23T02:41:48.965+0000][77][info ][gc,mmu      ] GC(12) MMU target violated: 201.0ms (200.0ms/201.0ms)
[2025-05-23T02:41:48.965+0000][77][info ][gc,phases   ] GC(12)   Pre Evacuate Collection Set: 3.38ms
[2025-05-23T02:41:48.965+0000][77][info ][gc,phases   ] GC(12)   Merge Heap Roots: 0.15ms
[2025-05-23T02:41:48.965+0000][77][info ][gc,phases   ] GC(12)   Evacuate Collection Set: 275.52ms
[2025-05-23T02:41:48.966+0000][77][info ][gc,phases   ] GC(12)   Post Evacuate Collection Set: 3.30ms
[2025-05-23T02:41:48.966+0000][77][info ][gc,phases   ] GC(12)   Other: 1.63ms
[2025-05-23T02:41:48.966+0000][77][trace][gc,age      ] GC(12) Age table with threshold 2 (max threshold 15)
[2025-05-23T02:41:48.966+0000][77][trace][gc,age      ] GC(12) - age   1:    5640792 bytes,    5640792 total
[2025-05-23T02:41:48.966+0000][77][trace][gc,age      ] GC(12) - age   2:   45797576 bytes,   51438368 total
[2025-05-23T02:41:48.967+0000][77][info ][gc,heap     ] GC(12) Eden regions: 75->0(88)
[2025-05-23T02:41:48.967+0000][77][info ][gc,heap     ] GC(12) Survivor regions: 28->15(27)
[2025-05-23T02:41:48.967+0000][77][info ][gc,heap     ] GC(12) Old regions: 3->16
[2025-05-23T02:41:48.967+0000][77][info ][gc,heap     ] GC(12) Humongous regions: 0->0
[2025-05-23T02:41:48.967+0000][77][info ][gc,metaspace] GC(12) Metaspace: 141183K(145216K)->141183K(145216K) NonClass: 121585K(123776K)->121585K(123776K) Class: 19597K(21440K)->19597K(21440K)
[2025-05-23T02:41:48.968+0000][77][info ][gc          ] GC(12) Pause Young (Concurrent Start) (CodeCache GC Threshold) 419M->120M(3880M) 287.057ms
[2025-05-23T02:41:48.968+0000][77][info ][gc,cpu      ] GC(12) User=0.52s Sys=0.16s Real=0.28s
[2025-05-23T02:41:48.968+0000][77][info ][gc          ] GC(13) Concurrent Mark Cycle
[2025-05-23T02:41:48.968+0000][77][info ][gc,marking  ] GC(13) Concurrent Scan Root Regions
[2025-05-23T02:41:48.968+0000][77][info ][safepoint   ] Safepoint "G1TryInitiateConcMark", Time since last: 114016759 ns, Reaching safepoint: 13565 ns, Cleanup: 23148 ns, At safepoint: 287642667 ns, Total: 287679380 ns
[2025-05-23T02:41:48.985+0000][77][info ][gc,marking  ] GC(13) Concurrent Scan Root Regions 17.084ms
[2025-05-23T02:41:48.986+0000][77][info ][gc,marking  ] GC(13) Concurrent Mark
[2025-05-23T02:41:48.986+0000][77][info ][gc,marking  ] GC(13) Concurrent Mark From Roots
[2025-05-23T02:41:48.987+0000][77][info ][gc,task     ] GC(13) Using 3 workers of 3 for marking
[2025-05-23T02:41:48.993+0000][77][info ][gc,marking  ] GC(13) Concurrent Mark From Roots 6.888ms
[2025-05-23T02:41:48.994+0000][77][info ][gc,marking  ] GC(13) Concurrent Preclean
[2025-05-23T02:41:48.994+0000][77][info ][gc,marking  ] GC(13) Concurrent Preclean 0.372ms
[2025-05-23T02:41:48.995+0000][77][info ][gc,start    ] GC(13) Pause Remark
[2025-05-23T02:41:49.024+0000][77][info ][gc          ] GC(13) Pause Remark 128M->128M(3880M) 28.844ms
[2025-05-23T02:41:49.024+0000][77][info ][gc,cpu      ] GC(13) User=0.06s Sys=0.00s Real=0.03s
[2025-05-23T02:41:49.025+0000][77][info ][safepoint   ] Safepoint "G1PauseRemark", Time since last: 26663104 ns, Reaching safepoint: 141702 ns, Cleanup: 17857 ns, At safepoint: 29683889 ns, Total: 29843448 ns
[2025-05-23T02:41:49.025+0000][77][info ][gc,marking  ] GC(13) Concurrent Mark 39.203ms
[2025-05-23T02:41:49.025+0000][77][info ][gc,marking  ] GC(13) Concurrent Rebuild Remembered Sets and Scrub Regions
[2025-05-23T02:41:49.036+0000][77][info ][gc,marking  ] GC(13) Concurrent Rebuild Remembered Sets and Scrub Regions 10.409ms
[2025-05-23T02:41:49.036+0000][77][info ][gc,start    ] GC(13) Pause Cleanup
[2025-05-23T02:41:49.037+0000][77][info ][gc          ] GC(13) Pause Cleanup 128M->128M(3880M) 0.543ms
[2025-05-23T02:41:49.037+0000][77][info ][gc,cpu      ] GC(13) User=0.00s Sys=0.00s Real=0.00s
[2025-05-23T02:41:49.037+0000][77][info ][safepoint   ] Safepoint "G1PauseCleanup", Time since last: 11630663 ns, Reaching safepoint: 20561 ns, Cleanup: 25674 ns, At safepoint: 1147103 ns, Total: 1193338 ns
[2025-05-23T02:41:49.038+0000][77][info ][gc,marking  ] GC(13) Concurrent Clear Claimed Marks
[2025-05-23T02:41:49.038+0000][77][info ][gc,marking  ] GC(13) Concurrent Clear Claimed Marks 0.695ms
[2025-05-23T02:41:49.039+0000][77][info ][gc,marking  ] GC(13) Concurrent Cleanup for Next Mark
[2025-05-23T02:41:49.043+0000][77][info ][gc,marking  ] GC(13) Concurrent Cleanup for Next Mark 4.572ms
[2025-05-23T02:41:49.044+0000][77][info ][gc          ] GC(13) Concurrent Mark Cycle 75.850ms
[2025-05-23T02:41:50.569+0000][77][info ][safepoint   ] Safepoint "Cleanup", Time since last: 1531791815 ns, Reaching safepoint: 32265 ns, Cleanup: 37664 ns, At safepoint: 29869 ns, Total: 99798 ns
[2025-05-23T02:41:52.039+0000][77][info ][safepoint   ] Safepoint "Cleanup", Time since last: 1469825717 ns, Reaching safepoint: 13215 ns, Cleanup: 26735 ns, At safepoint: 6396 ns, Total: 46346 ns
[2025-05-23T02:41:53.056+0000][77][info ][safepoint   ] Safepoint "Cleanup", Time since last: 1017066496 ns, Reaching safepoint: 25650 ns, Cleanup: 30387 ns, At safepoint: 17648 ns, Total: 73685 ns
[2025-05-23T02:41:56.055+0000][77][info ][safepoint   ] Safepoint "Cleanup", Time since last: 3001261494 ns, Reaching safepoint: 69296 ns, Cleanup: 34819 ns, At safepoint: 21083 ns, Total: 125198 ns
[2025-05-23T02:41:57.056+0000][77][info ][safepoint   ] Safepoint "Cleanup", Time since last: 1001012049 ns, Reaching safepoint: 19014 ns, Cleanup: 33356 ns, At safepoint: 13152 ns, Total: 65522 ns
[2025-05-23T02:41:59.058+0000][77][info ][safepoint   ] Safepoint "Cleanup", Time since last: 2001533847 ns, Reaching safepoint: 21215 ns, Cleanup: 31442 ns, At safepoint: 14418 ns, Total: 67075 ns
[2025-05-23T02:42:00.059+0000][77][info ][safepoint   ] Safepoint "Cleanup", Time since last: 1001239529 ns, Reaching safepoint: 25206 ns, Cleanup: 19466 ns, At safepoint: 17036 ns, Total: 61708 ns
[2025-05-23T02:42:01.060+0000][77][info ][safepoint   ] Safepoint "Cleanup", Time since last: 1000934423 ns, Reaching safepoint: 15999 ns, Cleanup: 20756 ns, At safepoint: 8332 ns, Total: 45087 ns
[2025-05-23T02:42:02.195+0000][77][info ][safepoint   ] Safepoint "Cleanup", Time since last: 1134785386 ns, Reaching safepoint: 97623 ns, Cleanup: 144693 ns, At safepoint: 16420 ns, Total: 258736 ns
[2025-05-23T02:42:04.197+0000][77][info ][safepoint   ] Safepoint "Cleanup", Time since last: 2001468523 ns, Reaching safepoint: 33447 ns, Cleanup: 80024 ns, At safepoint: 16742 ns, Total: 130213 ns
[2025-05-23T02:42:05.198+0000][77][info ][safepoint   ] Safepoint "Cleanup", Time since last: 1001255867 ns, Reaching safepoint: 35817 ns, Cleanup: 165050 ns, At safepoint: 26657 ns, Total: 227524 ns
[2025-05-23T02:42:06.200+0000][77][info ][safepoint   ] Safepoint "Cleanup", Time since last: 1001269130 ns, Reaching safepoint: 19536 ns, Cleanup: 15764 ns, At safepoint: 10454 ns, Total: 45754 ns
[2025-05-23T02:42:07.201+0000][77][info ][safepoint   ] Safepoint "Cleanup", Time since last: 1000866903 ns, Reaching safepoint: 15193 ns, Cleanup: 37143 ns, At safepoint: 7668 ns, Total: 60004 ns
[2025-05-23T02:42:08.201+0000][77][info ][safepoint   ] Safepoint "Cleanup", Time since last: 1000788774 ns, Reaching safepoint: 39629 ns, Cleanup: 14761 ns, At safepoint: 22966 ns, Total: 77356 ns
[2025-05-23T02:42:10.202+0000][77][info ][safepoint   ] Safepoint "Cleanup", Time since last: 2000814823 ns, Reaching safepoint: 27465 ns, Cleanup: 45209 ns, At safepoint: 16372 ns, Total: 89046 ns
[2025-05-23T02:42:11.620+0000][77][info ][safepoint   ] Safepoint "Cleanup", Time since last: 1417867524 ns, Reaching safepoint: 25238 ns, Cleanup: 205848 ns, At safepoint: 17102 ns, Total: 248188 ns
[2025-05-23T02:42:12.622+0000][77][info ][safepoint   ] Safepoint "Cleanup", Time since last: 1001184703 ns, Reaching safepoint: 17616 ns, Cleanup: 33081 ns, At safepoint: 10158 ns, Total: 60855 ns
[2025-05-23T02:42:13.623+0000][77][info ][safepoint   ] Safepoint "Cleanup", Time since last: 1000848576 ns, Reaching safepoint: 24813 ns, Cleanup: 31696 ns, At safepoint: 15570 ns, Total: 72079 ns
[2025-05-23T02:42:14.624+0000][77][info ][safepoint   ] Safepoint "Cleanup", Time since last: 1001031968 ns, Reaching safepoint: 14715 ns, Cleanup: 12026 ns, At safepoint: 8002 ns, Total: 34743 ns
[2025-05-23T02:42:16.625+0000][77][info ][safepoint   ] Safepoint "Cleanup", Time since last: 2001045896 ns, Reaching safepoint: 24646 ns, Cleanup: 20545 ns, At safepoint: 15968 ns, Total: 61159 ns
[2025-05-23T02:42:17.626+0000][77][info ][safepoint   ] Safepoint "Cleanup", Time since last: 1000917960 ns, Reaching safepoint: 23635 ns, Cleanup: 31709 ns, At safepoint: 16887 ns, Total: 72231 ns
[2025-05-23T02:42:19.627+0000][77][info ][safepoint   ] Safepoint "Cleanup", Time since last: 2001133911 ns, Reaching safepoint: 18105 ns, Cleanup: 24332 ns, At safepoint: 12115 ns, Total: 54552 ns
[2025-05-23T02:42:20.628+0000][77][info ][safepoint   ] Safepoint "Cleanup", Time since last: 1000531251 ns, Reaching safepoint: 45349 ns, Cleanup: 19209 ns, At safepoint: 10120 ns, Total: 74678 ns
[2025-05-23T02:42:22.629+0000][77][info ][safepoint   ] Safepoint "Cleanup", Time since last: 2000966116 ns, Reaching safepoint: 39123 ns, Cleanup: 48445 ns, At safepoint: 21610 ns, Total: 109178 ns
[2025-05-23T02:42:24.630+0000][77][info ][safepoint   ] Safepoint "Cleanup", Time since last: 2001070491 ns, Reaching safepoint: 33984 ns, Cleanup: 46991 ns, At safepoint: 19800 ns, Total: 100775 ns
[2025-05-23T02:42:25.631+0000][77][info ][safepoint   ] Safepoint "Cleanup", Time since last: 1001451570 ns, Reaching safepoint: 18856 ns, Cleanup: 17598 ns, At safepoint: 11945 ns, Total: 48399 ns
[2025-05-23T02:42:27.629+0000][77][info ][safepoint   ] Safepoint "Cleanup", Time since last: 2000760464 ns, Reaching safepoint: 18270 ns, Cleanup: 31887 ns, At safepoint: 8134 ns, Total: 58291 ns
[2025-05-23T02:42:28.630+0000][77][info ][safepoint   ] Safepoint "Cleanup", Time since last: 1000876426 ns, Reaching safepoint: 43693 ns, Cleanup: 19993 ns, At safepoint: 14695 ns, Total: 78381 ns
[2025-05-23T02:42:29.632+0000][77][info ][safepoint   ] Safepoint "Cleanup", Time since last: 1001089187 ns, Reaching safepoint: 15726 ns, Cleanup: 14965 ns, At safepoint: 8613 ns, Total: 39304 ns
[2025-05-23T02:42:30.633+0000][77][info ][safepoint   ] Safepoint "Cleanup", Time since last: 1000872287 ns, Reaching safepoint: 297458 ns, Cleanup: 98047 ns, At safepoint: 111625 ns, Total: 507130 ns
[2025-05-23T02:42:31.634+0000][77][info ][safepoint   ] Safepoint "Cleanup", Time since last: 1000908624 ns, Reaching safepoint: 22748 ns, Cleanup: 99985 ns, At safepoint: 16079 ns, Total: 138812 ns
[2025-05-23T02:42:32.635+0000][77][info ][safepoint   ] Safepoint "Cleanup", Time since last: 1001009517 ns, Reaching safepoint: 29192 ns, Cleanup: 33312 ns, At safepoint: 18330 ns, Total: 80834 ns
[2025-05-23T02:42:34.637+0000][77][info ][safepoint   ] Safepoint "Cleanup", Time since last: 2001393943 ns, Reaching safepoint: 49759 ns, Cleanup: 26704 ns, At safepoint: 14912 ns, Total: 91375 ns
[2025-05-23T02:42:36.638+0000][77][info ][safepoint   ] Safepoint "Cleanup", Time since last: 2001247704 ns, Reaching safepoint: 50327 ns, Cleanup: 27026 ns, At safepoint: 19339 ns, Total: 96692 ns
[2025-05-23T02:42:37.639+0000][77][info ][safepoint   ] Safepoint "Cleanup", Time since last: 1001319405 ns, Reaching safepoint: 37846 ns, Cleanup: 54608 ns, At safepoint: 19647 ns, Total: 112101 ns
[2025-05-23T02:42:38.642+0000][77][info ][safepoint   ] Safepoint "Cleanup", Time since last: 1002519915 ns, Reaching safepoint: 29199 ns, Cleanup: 24139 ns, At safepoint: 17467 ns, Total: 70805 ns
[2025-05-23T02:42:40.643+0000][77][info ][safepoint   ] Safepoint "Cleanup", Time since last: 2001420485 ns, Reaching safepoint: 31018 ns, Cleanup: 33526 ns, At safepoint: 15236 ns, Total: 79780 ns
[2025-05-23T02:42:42.645+0000][77][info ][safepoint   ] Safepoint "Cleanup", Time since last: 2001190257 ns, Reaching safepoint: 33581 ns, Cleanup: 25468 ns, At safepoint: 13029 ns, Total: 72078 ns
[2025-05-23T02:42:43.701+0000][77][info ][safepoint   ] Safepoint "Cleanup", Time since last: 1056618941 ns, Reaching safepoint: 28038 ns, Cleanup: 97871 ns, At safepoint: 19481 ns, Total: 145390 ns
[2025-05-23T02:42:44.703+0000][77][info ][safepoint   ] Safepoint "Cleanup", Time since last: 1001435493 ns, Reaching safepoint: 24524 ns, Cleanup: 23249 ns, At safepoint: 16885 ns, Total: 64658 ns
[2025-05-23T02:42:45.704+0000][77][info ][safepoint   ] Safepoint "Cleanup", Time since last: 1001403992 ns, Reaching safepoint: 24561 ns, Cleanup: 82835 ns, At safepoint: 17581 ns, Total: 124977 ns
[2025-05-23T02:42:46.706+0000][77][info ][safepoint   ] Safepoint "Cleanup", Time since last: 1001127943 ns, Reaching safepoint: 20102 ns, Cleanup: 16043 ns, At safepoint: 11542 ns, Total: 47687 ns
[2025-05-23T02:42:47.706+0000][77][info ][safepoint   ] Safepoint "Cleanup", Time since last: 1000616963 ns, Reaching safepoint: 20454 ns, Cleanup: 27943 ns, At safepoint: 12637 ns, Total: 61034 ns
[2025-05-23T02:42:48.707+0000][77][info ][safepoint   ] Safepoint "Cleanup", Time since last: 1000861360 ns, Reaching safepoint: 21226 ns, Cleanup: 15818 ns, At safepoint: 11819 ns, Total: 48863 ns
[2025-05-23T02:42:49.708+0000][77][info ][safepoint   ] Safepoint "Cleanup", Time since last: 1000564972 ns, Reaching safepoint: 16810 ns, Cleanup: 21332 ns, At safepoint: 7535 ns, Total: 45677 ns
[2025-05-23T02:42:50.709+0000][77][info ][safepoint   ] Safepoint "Cleanup", Time since last: 1000726655 ns, Reaching safepoint: 15795 ns, Cleanup: 16600 ns, At safepoint: 9270 ns, Total: 41665 ns
[2025-05-23T02:42:52.710+0000][77][info ][safepoint   ] Safepoint "Cleanup", Time since last: 2000870122 ns, Reaching safepoint: 146830 ns, Cleanup: 26443 ns, At safepoint: 21637 ns, Total: 194910 ns
[2025-05-23T02:42:54.711+0000][77][info ][safepoint   ] Safepoint "Cleanup", Time since last: 2000929405 ns, Reaching safepoint: 92648 ns, Cleanup: 24431 ns, At safepoint: 16143 ns, Total: 133222 ns
[2025-05-23T02:42:57.709+0000][77][info ][safepoint   ] Safepoint "Cleanup", Time since last: 3001119077 ns, Reaching safepoint: 131289 ns, Cleanup: 29241 ns, At safepoint: 31266 ns, Total: 191796 ns
[2025-05-23T02:42:58.710+0000][77][info ][safepoint   ] Safepoint "Cleanup", Time since last: 1000667587 ns, Reaching safepoint: 149333 ns, Cleanup: 27368 ns, At safepoint: 20775 ns, Total: 197476 ns
[2025-05-23T02:42:59.710+0000][77][info ][safepoint   ] Safepoint "Cleanup", Time since last: 1000650553 ns, Reaching safepoint: 15883 ns, Cleanup: 12600 ns, At safepoint: 14520 ns, Total: 43003 ns
[2025-05-23T02:43:00.711+0000][77][info ][safepoint   ] Safepoint "Cleanup", Time since last: 1000692139 ns, Reaching safepoint: 33909 ns, Cleanup: 26451 ns, At safepoint: 15287 ns, Total: 75647 ns
[2025-05-23T02:43:01.712+0000][77][info ][safepoint   ] Safepoint "Cleanup", Time since last: 1001088300 ns, Reaching safepoint: 32714 ns, Cleanup: 47309 ns, At safepoint: 20136 ns, Total: 100159 ns
[2025-05-23T02:43:02.713+0000][77][info ][safepoint   ] Safepoint "Cleanup", Time since last: 1001133227 ns, Reaching safepoint: 46261 ns, Cleanup: 25119 ns, At safepoint: 15822 ns, Total: 87202 ns
[2025-05-23T02:43:03.714+0000][77][info ][safepoint   ] Safepoint "Cleanup", Time since last: 1001016087 ns, Reaching safepoint: 15399 ns, Cleanup: 14713 ns, At safepoint: 8174 ns, Total: 38286 ns
[2025-05-23T02:43:04.715+0000][77][info ][safepoint   ] Safepoint "Cleanup", Time since last: 1000698550 ns, Reaching safepoint: 114662 ns, Cleanup: 70063 ns, At safepoint: 18085 ns, Total: 202810 ns
[2025-05-23T02:43:07.717+0000][77][info ][safepoint   ] Safepoint "Cleanup", Time since last: 3001480388 ns, Reaching safepoint: 25811 ns, Cleanup: 48471 ns, At safepoint: 15269 ns, Total: 89551 ns
[2025-05-23T02:43:10.720+0000][77][info ][safepoint   ] Safepoint "Cleanup", Time since last: 3001591407 ns, Reaching safepoint: 144940 ns, Cleanup: 1073657 ns, At safepoint: 44153 ns, Total: 1262750 ns
[2025-05-23T02:43:11.721+0000][77][info ][safepoint   ] Safepoint "Cleanup", Time since last: 1001158540 ns, Reaching safepoint: 130587 ns, Cleanup: 24491 ns, At safepoint: 17329 ns, Total: 172407 ns
[2025-05-23T02:43:12.722+0000][77][info ][safepoint   ] Safepoint "Cleanup", Time since last: 1000971519 ns, Reaching safepoint: 24786 ns, Cleanup: 32962 ns, At safepoint: 15920 ns, Total: 73668 ns
[2025-05-23T02:43:14.663+0000][77][info ][safepoint   ] Safepoint "Cleanup", Time since last: 1941158425 ns, Reaching safepoint: 20349 ns, Cleanup: 64544 ns, At safepoint: 11782 ns, Total: 96675 ns
[2025-05-23T02:43:16.664+0000][77][info ][safepoint   ] Safepoint "Cleanup", Time since last: 2000902908 ns, Reaching safepoint: 15886 ns, Cleanup: 15918 ns, At safepoint: 9167 ns, Total: 40971 ns
[2025-05-23T02:43:17.665+0000][77][info ][safepoint   ] Safepoint "Cleanup", Time since last: 1000680613 ns, Reaching safepoint: 18412 ns, Cleanup: 20495 ns, At safepoint: 10451 ns, Total: 49358 ns
[2025-05-23T02:43:19.667+0000][77][info ][safepoint   ] Safepoint "Cleanup", Time since last: 2002035406 ns, Reaching safepoint: 16277 ns, Cleanup: 19243 ns, At safepoint: 8339 ns, Total: 43859 ns
[2025-05-23T02:43:22.684+0000][77][info ][safepoint   ] Safepoint "Cleanup", Time since last: 3016355704 ns, Reaching safepoint: 429795 ns, Cleanup: 35325 ns, At safepoint: 28088 ns, Total: 493208 ns
[2025-05-23T02:43:25.686+0000][77][info ][safepoint   ] Safepoint "Cleanup", Time since last: 3002234508 ns, Reaching safepoint: 16592 ns, Cleanup: 14918 ns, At safepoint: 9325 ns, Total: 40835 ns
[2025-05-23T02:43:27.685+0000][77][info ][safepoint   ] Safepoint "Cleanup", Time since last: 2000979291 ns, Reaching safepoint: 100533 ns, Cleanup: 21122 ns, At safepoint: 13691 ns, Total: 135346 ns
[2025-05-23T02:43:28.686+0000][77][info ][safepoint   ] Safepoint "Cleanup", Time since last: 1000879415 ns, Reaching safepoint: 59324 ns, Cleanup: 17219 ns, At safepoint: 10592 ns, Total: 87135 ns
[2025-05-23T02:43:29.687+0000][77][info ][safepoint   ] Safepoint "Cleanup", Time since last: 1000916564 ns, Reaching safepoint: 125143 ns, Cleanup: 17531 ns, At safepoint: 13124 ns, Total: 155798 ns
[2025-05-23T02:43:31.688+0000][77][info ][safepoint   ] Safepoint "Cleanup", Time since last: 2001110555 ns, Reaching safepoint: 176224 ns, Cleanup: 31810 ns, At safepoint: 25440 ns, Total: 233474 ns
[2025-05-23T02:43:32.690+0000][77][info ][safepoint   ] Safepoint "Cleanup", Time since last: 1002307003 ns, Reaching safepoint: 25176 ns, Cleanup: 25840 ns, At safepoint: 16855 ns, Total: 67871 ns
[2025-05-23T02:43:34.698+0000][77][info ][safepoint   ] Safepoint "Cleanup", Time since last: 2007209059 ns, Reaching safepoint: 83274 ns, Cleanup: 28680 ns, At safepoint: 14763 ns, Total: 126717 ns
[2025-05-23T02:43:37.699+0000][77][info ][safepoint   ] Safepoint "Cleanup", Time since last: 3001177611 ns, Reaching safepoint: 31317 ns, Cleanup: 43384 ns, At safepoint: 17465 ns, Total: 92166 ns
[2025-05-23T02:43:38.700+0000][77][info ][safepoint   ] Safepoint "Cleanup", Time since last: 1001292490 ns, Reaching safepoint: 58818 ns, Cleanup: 13170 ns, At safepoint: 10338 ns, Total: 82326 ns
[2025-05-23T02:43:39.701+0000][77][info ][safepoint   ] Safepoint "Cleanup", Time since last: 1000591076 ns, Reaching safepoint: 23713 ns, Cleanup: 19988 ns, At safepoint: 46649 ns, Total: 90350 ns
[2025-05-23T02:43:40.702+0000][77][info ][safepoint   ] Safepoint "Cleanup", Time since last: 1000938674 ns, Reaching safepoint: 35068 ns, Cleanup: 26956 ns, At safepoint: 19140 ns, Total: 81164 ns
[2025-05-23T02:43:42.704+0000][77][info ][safepoint   ] Safepoint "Cleanup", Time since last: 2001423777 ns, Reaching safepoint: 32954 ns, Cleanup: 31305 ns, At safepoint: 22281 ns, Total: 86540 ns
[2025-05-23T02:43:43.752+0000][77][info ][safepoint   ] Safepoint "Cleanup", Time since last: 1048149110 ns, Reaching safepoint: 39925 ns, Cleanup: 154159 ns, At safepoint: 29279 ns, Total: 223363 ns
[2025-05-23T02:43:44.753+0000][77][info ][safepoint   ] Safepoint "Cleanup", Time since last: 1001024137 ns, Reaching safepoint: 28156 ns, Cleanup: 23561 ns, At safepoint: 17952 ns, Total: 69669 ns
[2025-05-23T02:43:46.754+0000][77][info ][safepoint   ] Safepoint "Cleanup", Time since last: 2001247367 ns, Reaching safepoint: 25353 ns, Cleanup: 20960 ns, At safepoint: 15248 ns, Total: 61561 ns
[2025-05-23T02:43:48.756+0000][77][info ][safepoint   ] Safepoint "Cleanup", Time since last: 2001189501 ns, Reaching safepoint: 19955 ns, Cleanup: 15559 ns, At safepoint: 11478 ns, Total: 46992 ns
[2025-05-23T02:43:52.757+0000][77][info ][safepoint   ] Safepoint "Cleanup", Time since last: 4001325558 ns, Reaching safepoint: 174984 ns, Cleanup: 29348 ns, At safepoint: 16887 ns, Total: 221219 ns
[2025-05-23T02:43:53.758+0000][77][info ][safepoint   ] Safepoint "Cleanup", Time since last: 1001192580 ns, Reaching safepoint: 96017 ns, Cleanup: 20187 ns, At safepoint: 9883 ns, Total: 126087 ns
[2025-05-23T02:43:54.759+0000][77][info ][safepoint   ] Safepoint "Cleanup", Time since last: 1000988804 ns, Reaching safepoint: 34097 ns, Cleanup: 22849 ns, At safepoint: 16899 ns, Total: 73845 ns
[2025-05-23T02:43:55.761+0000][77][info ][safepoint   ] Safepoint "Cleanup", Time since last: 1001080197 ns, Reaching safepoint: 23859 ns, Cleanup: 18715 ns, At safepoint: 11591 ns, Total: 54165 ns
[2025-05-23T02:43:57.759+0000][77][info ][safepoint   ] Safepoint "Cleanup", Time since last: 2001154519 ns, Reaching safepoint: 298964 ns, Cleanup: 19893 ns, At safepoint: 14382 ns, Total: 333239 ns
[2025-05-23T02:43:58.760+0000][77][info ][safepoint   ] Safepoint "Cleanup", Time since last: 1000550829 ns, Reaching safepoint: 21101 ns, Cleanup: 16700 ns, At safepoint: 9821 ns, Total: 47622 ns
[2025-05-23T02:44:01.116+0000][77][info ][safepoint   ] Safepoint "Cleanup", Time since last: 2356319222 ns, Reaching safepoint: 95145 ns, Cleanup: 15261 ns, At safepoint: 8029 ns, Total: 118435 ns
[2025-05-23T02:44:02.117+0000][77][info ][safepoint   ] Safepoint "Cleanup", Time since last: 1000885828 ns, Reaching safepoint: 42237 ns, Cleanup: 39535 ns, At safepoint: 12741 ns, Total: 94513 ns
[2025-05-23T02:44:03.118+0000][77][info ][safepoint   ] Safepoint "Cleanup", Time since last: 1000924181 ns, Reaching safepoint: 16123 ns, Cleanup: 15531 ns, At safepoint: 6761 ns, Total: 38415 ns
[2025-05-23T02:44:04.119+0000][77][info ][safepoint   ] Safepoint "Cleanup", Time since last: 1000597491 ns, Reaching safepoint: 15309 ns, Cleanup: 22004 ns, At safepoint: 5779 ns, Total: 43092 ns
[2025-05-23T02:44:05.120+0000][77][info ][safepoint   ] Safepoint "Cleanup", Time since last: 1000865890 ns, Reaching safepoint: 28383 ns, Cleanup: 29463 ns, At safepoint: 16468 ns, Total: 74314 ns
[2025-05-23T02:44:06.121+0000][77][info ][safepoint   ] Safepoint "Cleanup", Time since last: 1000705969 ns, Reaching safepoint: 33891 ns, Cleanup: 21951 ns, At safepoint: 15522 ns, Total: 71364 ns
[2025-05-23T02:44:07.122+0000][77][info ][safepoint   ] Safepoint "Cleanup", Time since last: 1001200163 ns, Reaching safepoint: 31017 ns, Cleanup: 41691 ns, At safepoint: 17160 ns, Total: 89868 ns
[2025-05-23T02:44:11.124+0000][77][info ][safepoint   ] Safepoint "Cleanup", Time since last: 4001421266 ns, Reaching safepoint: 43365 ns, Cleanup: 14577 ns, At safepoint: 9584 ns, Total: 67526 ns
[2025-05-23T02:44:12.124+0000][77][info ][safepoint   ] Safepoint "Cleanup", Time since last: 1000831849 ns, Reaching safepoint: 40066 ns, Cleanup: 28128 ns, At safepoint: 19888 ns, Total: 88082 ns
[2025-05-23T02:44:13.125+0000][77][info ][safepoint   ] Safepoint "Cleanup", Time since last: 1000929279 ns, Reaching safepoint: 31537 ns, Cleanup: 15414 ns, At safepoint: 10054 ns, Total: 57005 ns
[2025-05-23T02:44:16.697+0000][77][info ][safepoint   ] Safepoint "Cleanup", Time since last: 3571032346 ns, Reaching safepoint: 30954 ns, Cleanup: 39947 ns, At safepoint: 24458 ns, Total: 95359 ns
[2025-05-23T02:44:17.731+0000][77][info ][safepoint   ] Safepoint "Cleanup", Time since last: 1034533808 ns, Reaching safepoint: 5909 ns, Cleanup: 29014 ns, At safepoint: 3528 ns, Total: 38451 ns
[2025-05-23T02:44:18.756+0000][77][info ][safepoint   ] Safepoint "Cleanup", Time since last: 1024334379 ns, Reaching safepoint: 43801 ns, Cleanup: 29397 ns, At safepoint: 19024 ns, Total: 92222 ns
[2025-05-23T02:44:19.756+0000][77][info ][safepoint   ] Safepoint "Cleanup", Time since last: 1000783344 ns, Reaching safepoint: 24099 ns, Cleanup: 17349 ns, At safepoint: 30025 ns, Total: 71473 ns
[2025-05-23T02:44:22.758+0000][77][info ][safepoint   ] Safepoint "Cleanup", Time since last: 3001672063 ns, Reaching safepoint: 147301 ns, Cleanup: 47044 ns, At safepoint: 69581 ns, Total: 263926 ns
[2025-05-23T02:44:25.760+0000][77][info ][safepoint   ] Safepoint "Cleanup", Time since last: 3001376298 ns, Reaching safepoint: 30600 ns, Cleanup: 23781 ns, At safepoint: 10713 ns, Total: 65094 ns
[2025-05-23T02:44:26.760+0000][77][info ][safepoint   ] Safepoint "Cleanup", Time since last: 1002973743 ns, Reaching safepoint: 103527 ns, Cleanup: 19103 ns, At safepoint: 17822 ns, Total: 140452 ns
[2025-05-23T02:44:27.761+0000][77][info ][safepoint   ] Safepoint "Cleanup", Time since last: 1000828306 ns, Reaching safepoint: 38801 ns, Cleanup: 33061 ns, At safepoint: 19416 ns, Total: 91278 ns
[2025-05-23T02:44:28.763+0000][77][info ][safepoint   ] Safepoint "Cleanup", Time since last: 1001384408 ns, Reaching safepoint: 30733 ns, Cleanup: 143309 ns, At safepoint: 21169 ns, Total: 195211 ns
[2025-05-23T02:44:29.764+0000][77][info ][safepoint   ] Safepoint "Cleanup", Time since last: 1001253463 ns, Reaching safepoint: 28709 ns, Cleanup: 26754 ns, At safepoint: 17637 ns, Total: 73100 ns
[2025-05-23T02:44:31.766+0000][77][info ][safepoint   ] Safepoint "Cleanup", Time since last: 2001561168 ns, Reaching safepoint: 68722 ns, Cleanup: 24329 ns, At safepoint: 17668 ns, Total: 110719 ns
[2025-05-23T02:44:32.768+0000][77][info ][safepoint   ] Safepoint "Cleanup", Time since last: 1001579419 ns, Reaching safepoint: 23800 ns, Cleanup: 32623 ns, At safepoint: 14985 ns, Total: 71408 ns
[2025-05-23T02:44:34.769+0000][77][info ][safepoint   ] Safepoint "Cleanup", Time since last: 2001281922 ns, Reaching safepoint: 16557 ns, Cleanup: 26657 ns, At safepoint: 8852 ns, Total: 52066 ns
[2025-05-23T02:44:35.770+0000][77][info ][safepoint   ] Safepoint "Cleanup", Time since last: 1000674179 ns, Reaching safepoint: 20179 ns, Cleanup: 19124 ns, At safepoint: 12089 ns, Total: 51392 ns
[2025-05-23T02:44:37.771+0000][77][info ][safepoint   ] Safepoint "Cleanup", Time since last: 2001113349 ns, Reaching safepoint: 24032 ns, Cleanup: 21980 ns, At safepoint: 10608 ns, Total: 56620 ns
[2025-05-23T02:44:42.772+0000][77][info ][safepoint   ] Safepoint "Cleanup", Time since last: 5001350455 ns, Reaching safepoint: 25795 ns, Cleanup: 21235 ns, At safepoint: 16459 ns, Total: 63489 ns
[2025-05-23T02:44:43.856+0000][77][info ][safepoint   ] Safepoint "Cleanup", Time since last: 1083936156 ns, Reaching safepoint: 28398 ns, Cleanup: 124979 ns, At safepoint: 26954 ns, Total: 180331 ns
[2025-05-23T02:44:46.857+0000][77][info ][safepoint   ] Safepoint "Cleanup", Time since last: 3000978864 ns, Reaching safepoint: 18474 ns, Cleanup: 12610 ns, At safepoint: 9115 ns, Total: 40199 ns
[2025-05-23T02:44:47.858+0000][77][info ][safepoint   ] Safepoint "Cleanup", Time since last: 1000586323 ns, Reaching safepoint: 17105 ns, Cleanup: 12769 ns, At safepoint: 8616 ns, Total: 38490 ns
[2025-05-23T02:44:49.859+0000][77][info ][safepoint   ] Safepoint "Cleanup", Time since last: 2001012603 ns, Reaching safepoint: 30720 ns, Cleanup: 21326 ns, At safepoint: 15815 ns, Total: 67861 ns
[2025-05-23T02:44:52.861+0000][77][info ][safepoint   ] Safepoint "Cleanup", Time since last: 3001678284 ns, Reaching safepoint: 138715 ns, Cleanup: 29455 ns, At safepoint: 22807 ns, Total: 190977 ns
[2025-05-23T02:44:55.863+0000][77][info ][safepoint   ] Safepoint "Cleanup", Time since last: 3001798981 ns, Reaching safepoint: 23150 ns, Cleanup: 23727 ns, At safepoint: 16751 ns, Total: 63628 ns
[2025-05-23T02:44:56.862+0000][77][info ][safepoint   ] Safepoint "Cleanup", Time since last: 1002900054 ns, Reaching safepoint: 24440 ns, Cleanup: 18811 ns, At safepoint: 13889 ns, Total: 57140 ns
[2025-05-23T02:44:57.863+0000][77][info ][safepoint   ] Safepoint "Cleanup", Time since last: 1001043497 ns, Reaching safepoint: 35431 ns, Cleanup: 25694 ns, At safepoint: 21015 ns, Total: 82140 ns
[2025-05-23T02:44:58.865+0000][77][info ][safepoint   ] Safepoint "Cleanup", Time since last: 1001186370 ns, Reaching safepoint: 51317 ns, Cleanup: 19053 ns, At safepoint: 8472 ns, Total: 78842 ns
[2025-05-23T02:44:59.866+0000][77][info ][safepoint   ] Safepoint "Cleanup", Time since last: 1000818941 ns, Reaching safepoint: 25607 ns, Cleanup: 27731 ns, At safepoint: 15873 ns, Total: 69211 ns
[2025-05-23T02:45:01.868+0000][77][info ][safepoint   ] Safepoint "Cleanup", Time since last: 2002265453 ns, Reaching safepoint: 59867 ns, Cleanup: 21495 ns, At safepoint: 17195 ns, Total: 98557 ns
[2025-05-23T02:45:02.869+0000][77][info ][safepoint   ] Safepoint "Cleanup", Time since last: 1001141540 ns, Reaching safepoint: 22732 ns, Cleanup: 23382 ns, At safepoint: 14385 ns, Total: 60499 ns
[2025-05-23T02:45:03.871+0000][77][info ][safepoint   ] Safepoint "Cleanup", Time since last: 1001363510 ns, Reaching safepoint: 348449 ns, Cleanup: 35727 ns, At safepoint: 125024 ns, Total: 509200 ns
[2025-05-23T02:45:04.872+0000][77][info ][safepoint   ] Safepoint "Cleanup", Time since last: 1000917649 ns, Reaching safepoint: 36528 ns, Cleanup: 86406 ns, At safepoint: 24214 ns, Total: 147148 ns
[2025-05-23T02:45:05.873+0000][77][info ][safepoint   ] Safepoint "Cleanup", Time since last: 1001003460 ns, Reaching safepoint: 16430 ns, Cleanup: 12821 ns, At safepoint: 9194 ns, Total: 38445 ns
[2025-05-23T02:45:07.875+0000][77][info ][safepoint   ] Safepoint "Cleanup", Time since last: 2001363204 ns, Reaching safepoint: 54602 ns, Cleanup: 22121 ns, At safepoint: 17222 ns, Total: 93945 ns
[2025-05-23T02:45:09.876+0000][77][info ][safepoint   ] Safepoint "Cleanup", Time since last: 2001699537 ns, Reaching safepoint: 25195 ns, Cleanup: 22627 ns, At safepoint: 15733 ns, Total: 63555 ns
[2025-05-23T02:45:10.877+0000][77][info ][safepoint   ] Safepoint "Cleanup", Time since last: 1001003894 ns, Reaching safepoint: 26747 ns, Cleanup: 28027 ns, At safepoint: 16136 ns, Total: 70910 ns
[2025-05-23T02:45:11.879+0000][77][info ][safepoint   ] Safepoint "Cleanup", Time since last: 1001956649 ns, Reaching safepoint: 28123 ns, Cleanup: 23974 ns, At safepoint: 17835 ns, Total: 69932 ns
[2025-05-23T02:45:12.881+0000][77][info ][safepoint   ] Safepoint "Cleanup", Time since last: 1001106025 ns, Reaching safepoint: 15046 ns, Cleanup: 13880 ns, At safepoint: 7931 ns, Total: 36857 ns
[2025-05-23T02:45:13.881+0000][77][info ][safepoint   ] Safepoint "Cleanup", Time since last: 1000883545 ns, Reaching safepoint: 27296 ns, Cleanup: 24444 ns, At safepoint: 16398 ns, Total: 68138 ns
[2025-05-23T02:45:16.883+0000][77][info ][safepoint   ] Safepoint "Cleanup", Time since last: 3001505281 ns, Reaching safepoint: 20557 ns, Cleanup: 17898 ns, At safepoint: 10666 ns, Total: 49121 ns
[2025-05-23T02:45:17.885+0000][77][info ][safepoint   ] Safepoint "Cleanup", Time since last: 1001466217 ns, Reaching safepoint: 27551 ns, Cleanup: 26410 ns, At safepoint: 17748 ns, Total: 71709 ns
[2025-05-23T02:45:18.885+0000][77][info ][safepoint   ] Safepoint "Cleanup", Time since last: 1000832665 ns, Reaching safepoint: 16964 ns, Cleanup: 13753 ns, At safepoint: 9557 ns, Total: 40274 ns
[2025-05-23T02:45:20.808+0000][77][info ][safepoint   ] Safepoint "Cleanup", Time since last: 1922144363 ns, Reaching safepoint: 24810 ns, Cleanup: 50828 ns, At safepoint: 14158 ns, Total: 89796 ns
[2025-05-23T02:45:22.809+0000][77][info ][safepoint   ] Safepoint "Cleanup", Time since last: 2000904299 ns, Reaching safepoint: 80200 ns, Cleanup: 26177 ns, At safepoint: 12007 ns, Total: 118384 ns
[2025-05-23T02:45:27.807+0000][77][info ][safepoint   ] Safepoint "Cleanup", Time since last: 5001707000 ns, Reaching safepoint: 184938 ns, Cleanup: 29366 ns, At safepoint: 18878 ns, Total: 233182 ns
[2025-05-23T02:45:31.810+0000][77][info ][safepoint   ] Safepoint "Cleanup", Time since last: 4002094737 ns, Reaching safepoint: 34114 ns, Cleanup: 27599 ns, At safepoint: 18297 ns, Total: 80010 ns
[2025-05-23T02:45:32.811+0000][77][info ][safepoint   ] Safepoint "Cleanup", Time since last: 1000903695 ns, Reaching safepoint: 71854 ns, Cleanup: 23888 ns, At safepoint: 19630 ns, Total: 115372 ns
[2025-05-23T02:45:34.812+0000][77][info ][safepoint   ] Safepoint "Cleanup", Time since last: 2000976663 ns, Reaching safepoint: 34553 ns, Cleanup: 22221 ns, At safepoint: 20468 ns, Total: 77242 ns
[2025-05-23T02:45:35.813+0000][77][info ][safepoint   ] Safepoint "Cleanup", Time since last: 1000819017 ns, Reaching safepoint: 21764 ns, Cleanup: 20370 ns, At safepoint: 13660 ns, Total: 55794 ns
[2025-05-23T02:45:36.814+0000][77][info ][safepoint   ] Safepoint "Cleanup", Time since last: 1000926921 ns, Reaching safepoint: 333520 ns, Cleanup: 20608 ns, At safepoint: 136635 ns, Total: 490763 ns
[2025-05-23T02:45:37.816+0000][77][info ][safepoint   ] Safepoint "Cleanup", Time since last: 1001746119 ns, Reaching safepoint: 32631 ns, Cleanup: 69242 ns, At safepoint: 11255 ns, Total: 113128 ns
[2025-05-23T02:45:42.818+0000][77][info ][safepoint   ] Safepoint "Cleanup", Time since last: 5001703629 ns, Reaching safepoint: 30390 ns, Cleanup: 15849 ns, At safepoint: 8460 ns, Total: 54699 ns
[2025-05-23T02:45:43.899+0000][77][info ][safepoint   ] Safepoint "Cleanup", Time since last: 1081397179 ns, Reaching safepoint: 24138 ns, Cleanup: 76358 ns, At safepoint: 17337 ns, Total: 117833 ns
[2025-05-23T02:45:49.902+0000][77][info ][safepoint   ] Safepoint "Cleanup", Time since last: 6002642036 ns, Reaching safepoint: 70859 ns, Cleanup: 32280 ns, At safepoint: 17773 ns, Total: 120912 ns
[2025-05-23T02:45:52.904+0000][77][info ][safepoint   ] Safepoint "Cleanup", Time since last: 3002024549 ns, Reaching safepoint: 22608 ns, Cleanup: 12953 ns, At safepoint: 8351 ns, Total: 43912 ns
[2025-05-23T02:45:58.903+0000][77][info ][safepoint   ] Safepoint "Cleanup", Time since last: 6002346459 ns, Reaching safepoint: 83066 ns, Cleanup: 26744 ns, At safepoint: 10016 ns, Total: 119826 ns
[2025-05-23T02:46:02.906+0000][77][info ][safepoint   ] Safepoint "Cleanup", Time since last: 4002138874 ns, Reaching safepoint: 85105 ns, Cleanup: 36445 ns, At safepoint: 17708 ns, Total: 139258 ns
[2025-05-23T02:46:03.775+0000][77][info ][safepoint   ] Safepoint "ICBufferFull", Time since last: 865638538 ns, Reaching safepoint: 3499889 ns, Cleanup: 120769 ns, At safepoint: 158867 ns, Total: 3779525 ns
[2025-05-23T02:46:03.781+0000][77][info ][safepoint   ] Safepoint "ICBufferFull", Time since last: 5442487 ns, Reaching safepoint: 196520 ns, Cleanup: 27865 ns, At safepoint: 146092 ns, Total: 370477 ns
[2025-05-23T02:46:03.784+0000][77][info ][safepoint   ] Safepoint "ICBufferFull", Time since last: 2304214 ns, Reaching safepoint: 658654 ns, Cleanup: 11781 ns, At safepoint: 132029 ns, Total: 802464 ns
[2025-05-23T02:46:03.805+0000][77][info ][safepoint   ] Safepoint "ICBufferFull", Time since last: 21029561 ns, Reaching safepoint: 122169 ns, Cleanup: 31870 ns, At safepoint: 133233 ns, Total: 287272 ns
[2025-05-23T02:46:03.949+0000][77][info ][safepoint   ] Safepoint "ICBufferFull", Time since last: 143660308 ns, Reaching safepoint: 146073 ns, Cleanup: 106369 ns, At safepoint: 128869 ns, Total: 381311 ns
[2025-05-23T02:46:05.757+0000][77][info ][safepoint   ] Safepoint "Cleanup", Time since last: 1807367974 ns, Reaching safepoint: 21609 ns, Cleanup: 100176 ns, At safepoint: 11356 ns, Total: 133141 ns
[2025-05-23T02:46:06.764+0000][77][info ][safepoint   ] Safepoint "Cleanup", Time since last: 1007226167 ns, Reaching safepoint: 6209 ns, Cleanup: 13130 ns, At safepoint: 12744 ns, Total: 32083 ns
[2025-05-23T02:46:07.787+0000][77][info ][safepoint   ] Safepoint "Cleanup", Time since last: 1022244013 ns, Reaching safepoint: 19300 ns, Cleanup: 170868 ns, At safepoint: 44093 ns, Total: 234261 ns
[2025-05-23T02:46:08.803+0000][77][info ][safepoint   ] Safepoint "Cleanup", Time since last: 1016015428 ns, Reaching safepoint: 21692 ns, Cleanup: 17994 ns, At safepoint: 8202 ns, Total: 47888 ns
[2025-05-23T02:46:09.804+0000][77][info ][safepoint   ] Safepoint "Cleanup", Time since last: 1000757711 ns, Reaching safepoint: 33982 ns, Cleanup: 61698 ns, At safepoint: 16371 ns, Total: 112051 ns
[2025-05-23T02:46:10.845+0000][77][info ][safepoint   ] Safepoint "Cleanup", Time since last: 1041459945 ns, Reaching safepoint: 6859 ns, Cleanup: 23239 ns, At safepoint: 4185 ns, Total: 34283 ns
[2025-05-23T02:46:11.871+0000][77][info ][safepoint   ] Safepoint "Cleanup", Time since last: 1025937483 ns, Reaching safepoint: 55812 ns, Cleanup: 32142 ns, At safepoint: 24482 ns, Total: 112436 ns
[2025-05-23T02:46:12.873+0000][77][info ][safepoint   ] Safepoint "Cleanup", Time since last: 1001416637 ns, Reaching safepoint: 44827 ns, Cleanup: 42620 ns, At safepoint: 26212 ns, Total: 113659 ns
[2025-05-23T02:46:13.905+0000][77][info ][safepoint   ] Safepoint "Cleanup", Time since last: 1031692699 ns, Reaching safepoint: 623257 ns, Cleanup: 39792 ns, At safepoint: 155051 ns, Total: 818100 ns
[2025-05-23T02:46:14.923+0000][77][info ][safepoint   ] Safepoint "Cleanup", Time since last: 1017376596 ns, Reaching safepoint: 35949 ns, Cleanup: 24657 ns, At safepoint: 18304 ns, Total: 78910 ns
[2025-05-23T02:46:15.927+0000][77][info ][safepoint   ] Safepoint "Cleanup", Time since last: 1004681723 ns, Reaching safepoint: 20039 ns, Cleanup: 14470 ns, At safepoint: 9120 ns, Total: 43629 ns
[2025-05-23T02:46:16.928+0000][77][info ][safepoint   ] Safepoint "Cleanup", Time since last: 1000826504 ns, Reaching safepoint: 37468 ns, Cleanup: 35927 ns, At safepoint: 17901 ns, Total: 91296 ns
[2025-05-23T02:46:17.930+0000][77][info ][safepoint   ] Safepoint "Cleanup", Time since last: 1001350471 ns, Reaching safepoint: 33133 ns, Cleanup: 46874 ns, At safepoint: 18257 ns, Total: 98264 ns
[2025-05-23T02:46:22.186+0000][77][info ][safepoint   ] Safepoint "Cleanup", Time since last: 4256025629 ns, Reaching safepoint: 90467 ns, Cleanup: 18999 ns, At safepoint: 41692 ns, Total: 151158 ns
[2025-05-23T02:46:22.965+0000][77][info ][gc,start    ] GC(14) Pause Young (Normal) (G1 Evacuation Pause)
[2025-05-23T02:46:22.967+0000][77][info ][gc,task     ] GC(14) Using 10 workers of 10 for evacuation
[2025-05-23T02:46:22.968+0000][77][debug][gc,age      ] GC(14) Desired survivor size 27262976 bytes, new threshold 2 (max threshold 15)
[2025-05-23T02:46:23.100+0000][77][info ][gc,phases   ] GC(14)   Pre Evacuate Collection Set: 9.42ms
[2025-05-23T02:46:23.100+0000][77][info ][gc,phases   ] GC(14)   Merge Heap Roots: 1.89ms
[2025-05-23T02:46:23.100+0000][77][info ][gc,phases   ] GC(14)   Evacuate Collection Set: 116.45ms
[2025-05-23T02:46:23.101+0000][77][info ][gc,phases   ] GC(14)   Post Evacuate Collection Set: 2.85ms
[2025-05-23T02:46:23.101+0000][77][info ][gc,phases   ] GC(14)   Other: 2.27ms
[2025-05-23T02:46:23.101+0000][77][trace][gc,age      ] GC(14) Age table with threshold 2 (max threshold 15)
[2025-05-23T02:46:23.101+0000][77][trace][gc,age      ] GC(14) - age   1:    3679592 bytes,    3679592 total
[2025-05-23T02:46:23.101+0000][77][trace][gc,age      ] GC(14) - age   2:    4641920 bytes,    8321512 total
[2025-05-23T02:46:23.102+0000][77][info ][gc,heap     ] GC(14) Eden regions: 88->0(393)
[2025-05-23T02:46:23.102+0000][77][info ][gc,heap     ] GC(14) Survivor regions: 15->3(13)
[2025-05-23T02:46:23.102+0000][77][info ][gc,heap     ] GC(14) Old regions: 16->28
[2025-05-23T02:46:23.102+0000][77][info ][gc,heap     ] GC(14) Humongous regions: 0->0
[2025-05-23T02:46:23.102+0000][77][info ][gc,metaspace] GC(14) Metaspace: 144627K(148608K)->144627K(148608K) NonClass: 124636K(126784K)->124636K(126784K) Class: 19990K(21824K)->19990K(21824K)
[2025-05-23T02:46:23.102+0000][77][info ][gc          ] GC(14) Pause Young (Normal) (G1 Evacuation Pause) 472M->124M(3880M) 137.192ms
[2025-05-23T02:46:23.103+0000][77][info ][gc,cpu      ] GC(14) User=0.50s Sys=0.26s Real=0.13s
[2025-05-23T02:46:23.103+0000][77][info ][safepoint   ] Safepoint "G1CollectForAllocation", Time since last: 779083045 ns, Reaching safepoint: 12581 ns, Cleanup: 30679 ns, At safepoint: 137785788 ns, Total: 137829048 ns
[2025-05-23T02:46:25.104+0000][77][info ][safepoint   ] Safepoint "Cleanup", Time since last: 2000765256 ns, Reaching safepoint: 21276 ns, Cleanup: 12947 ns, At safepoint: 7877 ns, Total: 42100 ns
[2025-05-23T02:46:26.102+0000][77][info ][safepoint   ] Safepoint "Cleanup", Time since last: 1000536596 ns, Reaching safepoint: 32370 ns, Cleanup: 16394 ns, At safepoint: 7458 ns, Total: 56222 ns
[2025-05-23T02:46:27.103+0000][77][info ][safepoint   ] Safepoint "Cleanup", Time since last: 1000631720 ns, Reaching safepoint: 36407 ns, Cleanup: 29844 ns, At safepoint: 18582 ns, Total: 84833 ns
[2025-05-23T02:46:29.103+0000][77][info ][safepoint   ] Safepoint "Cleanup", Time since last: 2000934045 ns, Reaching safepoint: 16147 ns, Cleanup: 25070 ns, At safepoint: 7439 ns, Total: 48656 ns
[2025-05-23T02:46:30.104+0000][77][info ][safepoint   ] Safepoint "Cleanup", Time since last: 1000745444 ns, Reaching safepoint: 15774 ns, Cleanup: 14816 ns, At safepoint: 7366 ns, Total: 37956 ns
[2025-05-23T02:46:31.105+0000][77][info ][safepoint   ] Safepoint "Cleanup", Time since last: 1000661989 ns, Reaching safepoint: 27353 ns, Cleanup: 21874 ns, At safepoint: 16043 ns, Total: 65270 ns
[2025-05-23T02:46:32.106+0000][77][info ][safepoint   ] Safepoint "Cleanup", Time since last: 1001413572 ns, Reaching safepoint: 18911 ns, Cleanup: 23297 ns, At safepoint: 10425 ns, Total: 52633 ns
[2025-05-23T02:46:35.108+0000][77][info ][safepoint   ] Safepoint "Cleanup", Time since last: 3001398282 ns, Reaching safepoint: 29841 ns, Cleanup: 24820 ns, At safepoint: 39827 ns, Total: 94488 ns
[2025-05-23T02:46:37.109+0000][77][info ][safepoint   ] Safepoint "Cleanup", Time since last: 2001303170 ns, Reaching safepoint: 30515 ns, Cleanup: 33649 ns, At safepoint: 16321 ns, Total: 80485 ns
[2025-05-23T02:46:38.111+0000][77][info ][safepoint   ] Safepoint "Cleanup", Time since last: 1001250179 ns, Reaching safepoint: 25130 ns, Cleanup: 21884 ns, At safepoint: 14384 ns, Total: 61398 ns
[2025-05-23T02:46:40.112+0000][77][info ][safepoint   ] Safepoint "Cleanup", Time since last: 2001627698 ns, Reaching safepoint: 30791 ns, Cleanup: 21933 ns, At safepoint: 16775 ns, Total: 69499 ns
[2025-05-23T02:46:41.114+0000][77][info ][safepoint   ] Safepoint "Cleanup", Time since last: 1001343054 ns, Reaching safepoint: 29351 ns, Cleanup: 23695 ns, At safepoint: 17795 ns, Total: 70841 ns
[2025-05-23T02:46:42.115+0000][77][info ][safepoint   ] Safepoint "Cleanup", Time since last: 1000892980 ns, Reaching safepoint: 29802 ns, Cleanup: 24724 ns, At safepoint: 18161 ns, Total: 72687 ns
[2025-05-23T02:46:44.029+0000][77][info ][safepoint   ] Safepoint "Cleanup", Time since last: 1914559844 ns, Reaching safepoint: 32094 ns, Cleanup: 26695 ns, At safepoint: 17055 ns, Total: 75844 ns
[2025-05-23T02:46:47.031+0000][77][info ][safepoint   ] Safepoint "Cleanup", Time since last: 3001842790 ns, Reaching safepoint: 45732 ns, Cleanup: 43481 ns, At safepoint: 18298 ns, Total: 107511 ns
[2025-05-23T02:46:50.033+0000][77][info ][safepoint   ] Safepoint "Cleanup", Time since last: 3001473271 ns, Reaching safepoint: 80283 ns, Cleanup: 21544 ns, At safepoint: 8995 ns, Total: 110822 ns
[2025-05-23T02:46:52.034+0000][77][info ][safepoint   ] Safepoint "Cleanup", Time since last: 2001139754 ns, Reaching safepoint: 290783 ns, Cleanup: 28162 ns, At safepoint: 20059 ns, Total: 339004 ns
[2025-05-23T02:46:53.036+0000][77][info ][safepoint   ] Safepoint "Cleanup", Time since last: 1001300485 ns, Reaching safepoint: 103118 ns, Cleanup: 31236 ns, At safepoint: 27199 ns, Total: 161553 ns
[2025-05-23T02:46:54.038+0000][77][info ][safepoint   ] Safepoint "Cleanup", Time since last: 1001772815 ns, Reaching safepoint: 46530 ns, Cleanup: 23371 ns, At safepoint: 17052 ns, Total: 86953 ns
[2025-05-23T02:46:55.039+0000][77][info ][safepoint   ] Safepoint "Cleanup", Time since last: 1001200301 ns, Reaching safepoint: 33627 ns, Cleanup: 18948 ns, At safepoint: 18859 ns, Total: 71434 ns
[2025-05-23T02:46:56.037+0000][77][info ][safepoint   ] Safepoint "Cleanup", Time since last: 1000983021 ns, Reaching safepoint: 24203 ns, Cleanup: 51527 ns, At safepoint: 13117 ns, Total: 88847 ns
[2025-05-23T02:47:02.039+0000][77][info ][safepoint   ] Safepoint "Cleanup", Time since last: 6001947143 ns, Reaching safepoint: 34133 ns, Cleanup: 20978 ns, At safepoint: 15890 ns, Total: 71001 ns
[2025-05-23T02:47:04.048+0000][77][info ][safepoint   ] Safepoint "Cleanup", Time since last: 2009404677 ns, Reaching safepoint: 31801 ns, Cleanup: 64601 ns, At safepoint: 16657 ns, Total: 113059 ns
[2025-05-23T02:47:05.050+0000][77][info ][safepoint   ] Safepoint "Cleanup", Time since last: 1001809358 ns, Reaching safepoint: 19616 ns, Cleanup: 13354 ns, At safepoint: 8630 ns, Total: 41600 ns
[2025-05-23T02:47:06.051+0000][77][info ][safepoint   ] Safepoint "Cleanup", Time since last: 1000586482 ns, Reaching safepoint: 67530 ns, Cleanup: 20714 ns, At safepoint: 19097 ns, Total: 107341 ns
[2025-05-23T02:47:07.052+0000][77][info ][safepoint   ] Safepoint "Cleanup", Time since last: 1001132427 ns, Reaching safepoint: 38168 ns, Cleanup: 33805 ns, At safepoint: 24810 ns, Total: 96783 ns
[2025-05-23T02:47:08.054+0000][77][info ][safepoint   ] Safepoint "Cleanup", Time since last: 1001409738 ns, Reaching safepoint: 28417 ns, Cleanup: 20589 ns, At safepoint: 15198 ns, Total: 64204 ns
[2025-05-23T02:47:11.056+0000][77][info ][safepoint   ] Safepoint "Cleanup", Time since last: 3001777137 ns, Reaching safepoint: 41363 ns, Cleanup: 26013 ns, At safepoint: 17336 ns, Total: 84712 ns
[2025-05-23T02:47:13.058+0000][77][info ][safepoint   ] Safepoint "Cleanup", Time since last: 2002532014 ns, Reaching safepoint: 28898 ns, Cleanup: 41603 ns, At safepoint: 17510 ns, Total: 88011 ns
[2025-05-23T02:47:14.059+0000][77][info ][safepoint   ] Safepoint "Cleanup", Time since last: 1001190169 ns, Reaching safepoint: 26817 ns, Cleanup: 21319 ns, At safepoint: 12387 ns, Total: 60523 ns
[2025-05-23T02:47:15.060+0000][77][info ][safepoint   ] Safepoint "Cleanup", Time since last: 1000651638 ns, Reaching safepoint: 28220 ns, Cleanup: 11476 ns, At safepoint: 7146 ns, Total: 46842 ns
[2025-05-23T02:47:16.061+0000][77][info ][safepoint   ] Safepoint "Cleanup", Time since last: 1000661384 ns, Reaching safepoint: 32357 ns, Cleanup: 23343 ns, At safepoint: 17241 ns, Total: 72941 ns
[2025-05-23T02:47:17.062+0000][77][info ][safepoint   ] Safepoint "Cleanup", Time since last: 1000731096 ns, Reaching safepoint: 26847 ns, Cleanup: 35289 ns, At safepoint: 12236 ns, Total: 74372 ns
[2025-05-23T02:47:25.064+0000][77][info ][safepoint   ] Safepoint "Cleanup", Time since last: 8002639678 ns, Reaching safepoint: 78595 ns, Cleanup: 16028 ns, At safepoint: 9104 ns, Total: 103727 ns
[2025-05-23T02:47:26.154+0000][77][info ][safepoint   ] Safepoint "Cleanup", Time since last: 1092572213 ns, Reaching safepoint: 10770 ns, Cleanup: 63023 ns, At safepoint: 7622 ns, Total: 81415 ns
[2025-05-23T02:47:27.213+0000][77][info ][safepoint   ] Safepoint "Cleanup", Time since last: 1058462809 ns, Reaching safepoint: 26640 ns, Cleanup: 57476 ns, At safepoint: 17406 ns, Total: 101522 ns
[2025-05-23T02:47:28.218+0000][77][info ][safepoint   ] Safepoint "Cleanup", Time since last: 1005305236 ns, Reaching safepoint: 25344 ns, Cleanup: 28661 ns, At safepoint: 17217 ns, Total: 71222 ns
[2025-05-23T02:47:31.220+0000][77][info ][safepoint   ] Safepoint "Cleanup", Time since last: 3001719987 ns, Reaching safepoint: 129170 ns, Cleanup: 32824 ns, At safepoint: 16797 ns, Total: 178791 ns
[2025-05-23T02:47:32.222+0000][77][info ][safepoint   ] Safepoint "Cleanup", Time since last: 1001492763 ns, Reaching safepoint: 38712 ns, Cleanup: 51555 ns, At safepoint: 21196 ns, Total: 111463 ns
[2025-05-23T02:47:34.236+0000][77][info ][safepoint   ] Safepoint "Cleanup", Time since last: 2001367414 ns, Reaching safepoint: 12386370 ns, Cleanup: 17564 ns, At safepoint: 95106 ns, Total: 12499040 ns
[2025-05-23T02:47:35.237+0000][77][info ][safepoint   ] Safepoint "Cleanup", Time since last: 1001533682 ns, Reaching safepoint: 117705 ns, Cleanup: 26305 ns, At safepoint: 18981 ns, Total: 162991 ns
[2025-05-23T02:47:37.239+0000][77][info ][safepoint   ] Safepoint "Cleanup", Time since last: 2001533297 ns, Reaching safepoint: 139328 ns, Cleanup: 21071 ns, At safepoint: 11533 ns, Total: 171932 ns
[2025-05-23T02:47:40.241+0000][77][info ][safepoint   ] Safepoint "Cleanup", Time since last: 3001515730 ns, Reaching safepoint: 170322 ns, Cleanup: 26285 ns, At safepoint: 20381 ns, Total: 216988 ns
[2025-05-23T02:47:42.243+0000][77][info ][safepoint   ] Safepoint "Cleanup", Time since last: 2001673007 ns, Reaching safepoint: 475455 ns, Cleanup: 41170 ns, At safepoint: 22018 ns, Total: 538643 ns
[2025-05-23T02:47:44.078+0000][77][info ][safepoint   ] Safepoint "Cleanup", Time since last: 1835468152 ns, Reaching safepoint: 112363 ns, Cleanup: 22307 ns, At safepoint: 19694 ns, Total: 154364 ns
[2025-05-23T02:47:47.080+0000][77][info ][safepoint   ] Safepoint "Cleanup", Time since last: 3001346565 ns, Reaching safepoint: 161649 ns, Cleanup: 29555 ns, At safepoint: 18704 ns, Total: 209908 ns
[2025-05-23T02:47:49.082+0000][77][info ][safepoint   ] Safepoint "Cleanup", Time since last: 2001926883 ns, Reaching safepoint: 98704 ns, Cleanup: 20233 ns, At safepoint: 16361 ns, Total: 135298 ns
[2025-05-23T02:47:50.084+0000][77][info ][safepoint   ] Safepoint "Cleanup", Time since last: 1001295068 ns, Reaching safepoint: 152674 ns, Cleanup: 22900 ns, At safepoint: 84776 ns, Total: 260350 ns
[2025-05-23T02:47:52.085+0000][77][info ][safepoint   ] Safepoint "Cleanup", Time since last: 2001347142 ns, Reaching safepoint: 53613 ns, Cleanup: 21002 ns, At safepoint: 12934 ns, Total: 87549 ns
[2025-05-23T02:47:55.087+0000][77][info ][safepoint   ] Safepoint "Cleanup", Time since last: 3001537575 ns, Reaching safepoint: 33312 ns, Cleanup: 18287 ns, At safepoint: 18776 ns, Total: 70375 ns
[2025-05-23T02:47:56.085+0000][77][info ][safepoint   ] Safepoint "Cleanup", Time since last: 1000789521 ns, Reaching safepoint: 21611 ns, Cleanup: 17209 ns, At safepoint: 15665 ns, Total: 54485 ns
[2025-05-23T02:47:57.086+0000][77][info ][safepoint   ] Safepoint "Cleanup", Time since last: 1001040511 ns, Reaching safepoint: 23234 ns, Cleanup: 34580 ns, At safepoint: 13828 ns, Total: 71642 ns
[2025-05-23T02:47:59.087+0000][77][info ][safepoint   ] Safepoint "Cleanup", Time since last: 2000915557 ns, Reaching safepoint: 17447 ns, Cleanup: 12649 ns, At safepoint: 8453 ns, Total: 38549 ns
[2025-05-23T02:48:00.088+0000][77][info ][safepoint   ] Safepoint "Cleanup", Time since last: 1000791524 ns, Reaching safepoint: 17352 ns, Cleanup: 12829 ns, At safepoint: 8284 ns, Total: 38465 ns
[2025-05-23T02:48:03.089+0000][77][info ][safepoint   ] Safepoint "Cleanup", Time since last: 3001033796 ns, Reaching safepoint: 33343 ns, Cleanup: 18682 ns, At safepoint: 19509 ns, Total: 71534 ns
[2025-05-23T02:48:04.090+0000][77][info ][safepoint   ] Safepoint "Cleanup", Time since last: 1000664635 ns, Reaching safepoint: 32373 ns, Cleanup: 36611 ns, At safepoint: 19797 ns, Total: 88781 ns
[2025-05-23T02:48:07.091+0000][77][info ][safepoint   ] Safepoint "Cleanup", Time since last: 3001182444 ns, Reaching safepoint: 237513 ns, Cleanup: 18630 ns, At safepoint: 23710 ns, Total: 279853 ns
[2025-05-23T02:48:14.093+0000][77][info ][safepoint   ] Safepoint "Cleanup", Time since last: 7001682669 ns, Reaching safepoint: 71931 ns, Cleanup: 19001 ns, At safepoint: 16618 ns, Total: 107550 ns
[2025-05-23T02:48:17.094+0000][77][info ][safepoint   ] Safepoint "Cleanup", Time since last: 3001206676 ns, Reaching safepoint: 19210 ns, Cleanup: 16665 ns, At safepoint: 8567 ns, Total: 44442 ns
[2025-05-23T02:48:27.093+0000][77][info ][safepoint   ] Safepoint "Cleanup", Time since last: 10002665001 ns, Reaching safepoint: 77744 ns, Cleanup: 24272 ns, At safepoint: 19723 ns, Total: 121739 ns
[2025-05-23T02:48:28.277+0000][77][info ][safepoint   ] Safepoint "Cleanup", Time since last: 1184072348 ns, Reaching safepoint: 147236 ns, Cleanup: 20429 ns, At safepoint: 187363 ns, Total: 355028 ns
[2025-05-23T02:48:30.262+0000][77][info ][safepoint   ] Safepoint "Cleanup", Time since last: 1985073625 ns, Reaching safepoint: 32309 ns, Cleanup: 54491 ns, At safepoint: 17025 ns, Total: 103825 ns
[2025-05-23T02:48:32.263+0000][77][info ][safepoint   ] Safepoint "Cleanup", Time since last: 2000814281 ns, Reaching safepoint: 34317 ns, Cleanup: 25263 ns, At safepoint: 18284 ns, Total: 77864 ns
[2025-05-23T02:48:37.265+0000][77][info ][safepoint   ] Safepoint "Cleanup", Time since last: 5001394740 ns, Reaching safepoint: 17912 ns, Cleanup: 13948 ns, At safepoint: 9152 ns, Total: 41012 ns
[2025-05-23T02:48:40.266+0000][77][info ][safepoint   ] Safepoint "Cleanup", Time since last: 3001011243 ns, Reaching safepoint: 53715 ns, Cleanup: 20081 ns, At safepoint: 10317 ns, Total: 84113 ns
[2025-05-23T02:48:42.267+0000][77][info ][safepoint   ] Safepoint "Cleanup", Time since last: 2000896323 ns, Reaching safepoint: 33413 ns, Cleanup: 17642 ns, At safepoint: 17542 ns, Total: 68597 ns
[2025-05-23T02:48:49.137+0000][77][info ][safepoint   ] Safepoint "Cleanup", Time since last: 6870129972 ns, Reaching safepoint: 253456 ns, Cleanup: 25451 ns, At safepoint: 92446 ns, Total: 371353 ns
[2025-05-23T02:48:52.139+0000][77][info ][safepoint   ] Safepoint "Cleanup", Time since last: 3001290557 ns, Reaching safepoint: 99285 ns, Cleanup: 11377 ns, At safepoint: 37883 ns, Total: 148545 ns
[2025-05-23T02:48:56.138+0000][77][info ][safepoint   ] Safepoint "Cleanup", Time since last: 4001227958 ns, Reaching safepoint: 53184 ns, Cleanup: 15520 ns, At safepoint: 11074 ns, Total: 79778 ns
[2025-05-23T02:48:57.139+0000][77][info ][safepoint   ] Safepoint "Cleanup", Time since last: 1000630000 ns, Reaching safepoint: 27564 ns, Cleanup: 15862 ns, At safepoint: 10123 ns, Total: 53549 ns
[2025-05-23T02:48:58.145+0000][77][info ][safepoint   ] Safepoint "Cleanup", Time since last: 1005783451 ns, Reaching safepoint: 16179 ns, Cleanup: 11214 ns, At safepoint: 18673 ns, Total: 46066 ns
[2025-05-23T02:48:59.146+0000][77][info ][safepoint   ] Safepoint "Cleanup", Time since last: 1000847875 ns, Reaching safepoint: 38463 ns, Cleanup: 19225 ns, At safepoint: 18725 ns, Total: 76413 ns
[2025-05-23T02:49:00.147+0000][77][info ][safepoint   ] Safepoint "Cleanup", Time since last: 1000733058 ns, Reaching safepoint: 18378 ns, Cleanup: 14129 ns, At safepoint: 8475 ns, Total: 40982 ns
[2025-05-23T02:49:01.147+0000][77][info ][safepoint   ] Safepoint "Cleanup", Time since last: 1000625553 ns, Reaching safepoint: 18040 ns, Cleanup: 14087 ns, At safepoint: 8212 ns, Total: 40339 ns
[2025-05-23T02:49:03.148+0000][77][info ][safepoint   ] Safepoint "Cleanup", Time since last: 2000993187 ns, Reaching safepoint: 32512 ns, Cleanup: 18678 ns, At safepoint: 17323 ns, Total: 68513 ns
[2025-05-23T02:49:04.149+0000][77][info ][safepoint   ] Safepoint "Cleanup", Time since last: 1000748410 ns, Reaching safepoint: 29367 ns, Cleanup: 26962 ns, At safepoint: 15302 ns, Total: 71631 ns
[2025-05-23T02:49:06.150+0000][77][info ][safepoint   ] Safepoint "Cleanup", Time since last: 2000996850 ns, Reaching safepoint: 31457 ns, Cleanup: 16708 ns, At safepoint: 16084 ns, Total: 64249 ns
[2025-05-23T02:49:07.151+0000][77][info ][safepoint   ] Safepoint "Cleanup", Time since last: 1000716862 ns, Reaching safepoint: 18408 ns, Cleanup: 12756 ns, At safepoint: 7660 ns, Total: 38824 ns
[2025-05-23T02:49:11.154+0000][77][info ][safepoint   ] Safepoint "Cleanup", Time since last: 4002809073 ns, Reaching safepoint: 45508 ns, Cleanup: 13682 ns, At safepoint: 9962 ns, Total: 69152 ns
[2025-05-23T02:49:12.155+0000][77][info ][safepoint   ] Safepoint "Cleanup", Time since last: 1000803511 ns, Reaching safepoint: 30218 ns, Cleanup: 16660 ns, At safepoint: 15685 ns, Total: 62563 ns
[2025-05-23T02:49:13.155+0000][77][info ][safepoint   ] Safepoint "Cleanup", Time since last: 1000731628 ns, Reaching safepoint: 18403 ns, Cleanup: 14705 ns, At safepoint: 9386 ns, Total: 42494 ns
[2025-05-23T02:49:16.157+0000][77][info ][safepoint   ] Safepoint "Cleanup", Time since last: 3001115235 ns, Reaching safepoint: 226776 ns, Cleanup: 20785 ns, At safepoint: 75554 ns, Total: 323115 ns
[2025-05-23T02:49:19.158+0000][77][info ][safepoint   ] Safepoint "Cleanup", Time since last: 3000825573 ns, Reaching safepoint: 20324 ns, Cleanup: 12799 ns, At safepoint: 8148 ns, Total: 41271 ns
[2025-05-23T02:49:22.159+0000][77][info ][safepoint   ] Safepoint "Cleanup", Time since last: 3001131605 ns, Reaching safepoint: 36893 ns, Cleanup: 31233 ns, At safepoint: 22315 ns, Total: 90441 ns
[2025-05-23T02:49:24.160+0000][77][info ][safepoint   ] Safepoint "Cleanup", Time since last: 2001163451 ns, Reaching safepoint: 203214 ns, Cleanup: 16608 ns, At safepoint: 154978 ns, Total: 374800 ns
[2025-05-23T02:49:27.159+0000][77][info ][safepoint   ] Safepoint "Cleanup", Time since last: 3000898025 ns, Reaching safepoint: 17935 ns, Cleanup: 13378 ns, At safepoint: 28252 ns, Total: 59565 ns
[2025-05-23T02:49:29.165+0000][77][info ][safepoint   ] Safepoint "Cleanup", Time since last: 2006449423 ns, Reaching safepoint: 30605 ns, Cleanup: 22216 ns, At safepoint: 16921 ns, Total: 69742 ns
[2025-05-23T02:49:30.166+0000][77][info ][safepoint   ] Safepoint "Cleanup", Time since last: 1000615749 ns, Reaching safepoint: 18221 ns, Cleanup: 13855 ns, At safepoint: 8114 ns, Total: 40190 ns
[2025-05-23T02:49:31.167+0000][77][info ][safepoint   ] Safepoint "Cleanup", Time since last: 1000656106 ns, Reaching safepoint: 35466 ns, Cleanup: 29725 ns, At safepoint: 83020 ns, Total: 148211 ns
[2025-05-23T02:49:32.210+0000][77][info ][safepoint   ] Safepoint "Cleanup", Time since last: 1042967535 ns, Reaching safepoint: 31296 ns, Cleanup: 26232 ns, At safepoint: 17709 ns, Total: 75237 ns
[2025-05-23T02:49:33.332+0000][77][info ][safepoint   ] Safepoint "Cleanup", Time since last: 1122277974 ns, Reaching safepoint: 30831 ns, Cleanup: 21977 ns, At safepoint: 16773 ns, Total: 69581 ns
[2025-05-23T02:49:34.333+0000][77][info ][safepoint   ] Safepoint "Cleanup", Time since last: 1000877028 ns, Reaching safepoint: 26013 ns, Cleanup: 19002 ns, At safepoint: 10899 ns, Total: 55914 ns
[2025-05-23T02:49:35.334+0000][77][info ][safepoint   ] Safepoint "Cleanup", Time since last: 1000798450 ns, Reaching safepoint: 34210 ns, Cleanup: 20803 ns, At safepoint: 61675 ns, Total: 116688 ns
[2025-05-23T02:49:37.335+0000][77][info ][safepoint   ] Safepoint "Cleanup", Time since last: 2000748067 ns, Reaching safepoint: 18535 ns, Cleanup: 16027 ns, At safepoint: 7863 ns, Total: 42425 ns
[2025-05-23T02:49:40.336+0000][77][info ][safepoint   ] Safepoint "Cleanup", Time since last: 3000955076 ns, Reaching safepoint: 43703 ns, Cleanup: 12659 ns, At safepoint: 8772 ns, Total: 65134 ns
[2025-05-23T02:49:42.337+0000][77][info ][safepoint   ] Safepoint "Cleanup", Time since last: 2001284705 ns, Reaching safepoint: 119707 ns, Cleanup: 18270 ns, At safepoint: 46543 ns, Total: 184520 ns
[2025-05-23T02:49:44.176+0000][77][info ][safepoint   ] Safepoint "Cleanup", Time since last: 1838752688 ns, Reaching safepoint: 24362 ns, Cleanup: 13970 ns, At safepoint: 10882 ns, Total: 49214 ns
[2025-05-23T02:49:47.177+0000][77][info ][safepoint   ] Safepoint "Cleanup", Time since last: 3001125353 ns, Reaching safepoint: 32743 ns, Cleanup: 16743 ns, At safepoint: 18971 ns, Total: 68457 ns
[2025-05-23T02:49:52.178+0000][77][info ][safepoint   ] Safepoint "Cleanup", Time since last: 5001237208 ns, Reaching safepoint: 33726 ns, Cleanup: 27023 ns, At safepoint: 19160 ns, Total: 79909 ns
[2025-05-23T02:49:55.179+0000][77][info ][safepoint   ] Safepoint "Cleanup", Time since last: 3000892122 ns, Reaching safepoint: 54421 ns, Cleanup: 17759 ns, At safepoint: 11228 ns, Total: 83408 ns
[2025-05-23T02:49:58.177+0000][77][info ][safepoint   ] Safepoint "Cleanup", Time since last: 3000798840 ns, Reaching safepoint: 32034 ns, Cleanup: 16934 ns, At safepoint: 17389 ns, Total: 66357 ns
[2025-05-23T02:50:01.178+0000][77][info ][safepoint   ] Safepoint "Cleanup", Time since last: 3001214338 ns, Reaching safepoint: 18380 ns, Cleanup: 17955 ns, At safepoint: 8753 ns, Total: 45088 ns
[2025-05-23T02:50:02.179+0000][77][info ][safepoint   ] Safepoint "Cleanup", Time since last: 1000819268 ns, Reaching safepoint: 21611 ns, Cleanup: 18840 ns, At safepoint: 10025 ns, Total: 50476 ns
[2025-05-23T02:50:04.180+0000][77][info ][safepoint   ] Safepoint "Cleanup", Time since last: 2001027452 ns, Reaching safepoint: 20446 ns, Cleanup: 34992 ns, At safepoint: 9553 ns, Total: 64991 ns
[2025-05-23T02:50:05.181+0000][77][info ][safepoint   ] Safepoint "Cleanup", Time since last: 1000740579 ns, Reaching safepoint: 24439 ns, Cleanup: 17237 ns, At safepoint: 9613 ns, Total: 51289 ns
[2025-05-23T02:50:06.182+0000][77][info ][safepoint   ] Safepoint "Cleanup", Time since last: 1000959303 ns, Reaching safepoint: 34918 ns, Cleanup: 20233 ns, At safepoint: 19163 ns, Total: 74314 ns
[2025-05-23T02:50:07.182+0000][77][info ][safepoint   ] Safepoint "Cleanup", Time since last: 1000583972 ns, Reaching safepoint: 33671 ns, Cleanup: 29822 ns, At safepoint: 19128 ns, Total: 82621 ns
[2025-05-23T02:50:16.185+0000][77][info ][safepoint   ] Safepoint "Cleanup", Time since last: 9002642446 ns, Reaching safepoint: 73162 ns, Cleanup: 19734 ns, At safepoint: 17312 ns, Total: 110208 ns
[2025-05-23T02:50:17.186+0000][77][info ][safepoint   ] Safepoint "Cleanup", Time since last: 1000836887 ns, Reaching safepoint: 24490 ns, Cleanup: 20526 ns, At safepoint: 15496 ns, Total: 60512 ns
[2025-05-23T02:50:19.187+0000][77][info ][safepoint   ] Safepoint "Cleanup", Time since last: 2000940412 ns, Reaching safepoint: 17998 ns, Cleanup: 16106 ns, At safepoint: 8190 ns, Total: 42294 ns
[2025-05-23T02:50:25.189+0000][77][info ][safepoint   ] Safepoint "Cleanup", Time since last: 6001786322 ns, Reaching safepoint: 35005 ns, Cleanup: 17826 ns, At safepoint: 18575 ns, Total: 71406 ns
[2025-05-23T02:50:29.188+0000][77][info ][safepoint   ] Safepoint "Cleanup", Time since last: 4001196448 ns, Reaching safepoint: 46270 ns, Cleanup: 13901 ns, At safepoint: 9021 ns, Total: 69192 ns
[2025-05-23T02:50:31.189+0000][77][info ][safepoint   ] Safepoint "Cleanup", Time since last: 2001181727 ns, Reaching safepoint: 31171 ns, Cleanup: 17599 ns, At safepoint: 16212 ns, Total: 64982 ns
[2025-05-23T02:50:34.177+0000][77][info ][safepoint   ] Safepoint "Cleanup", Time since last: 2987822445 ns, Reaching safepoint: 20167 ns, Cleanup: 25068 ns, At safepoint: 88671 ns, Total: 133906 ns
[2025-05-23T02:50:35.369+0000][77][info ][safepoint   ] Safepoint "Cleanup", Time since last: 1191816616 ns, Reaching safepoint: 31545 ns, Cleanup: 24947 ns, At safepoint: 18329 ns, Total: 74821 ns
[2025-05-23T02:50:36.385+0000][77][info ][safepoint   ] Safepoint "Cleanup", Time since last: 1015809435 ns, Reaching safepoint: 18168 ns, Cleanup: 13273 ns, At safepoint: 9440 ns, Total: 40881 ns
[2025-05-23T02:50:37.386+0000][77][info ][safepoint   ] Safepoint "Cleanup", Time since last: 1000740954 ns, Reaching safepoint: 30320 ns, Cleanup: 104387 ns, At safepoint: 17238 ns, Total: 151945 ns
[2025-05-23T02:50:39.387+0000][77][info ][safepoint   ] Safepoint "Cleanup", Time since last: 2001187652 ns, Reaching safepoint: 30880 ns, Cleanup: 17315 ns, At safepoint: 15629 ns, Total: 63824 ns
[2025-05-23T02:50:40.388+0000][77][info ][safepoint   ] Safepoint "Cleanup", Time since last: 1001038212 ns, Reaching safepoint: 35096 ns, Cleanup: 17765 ns, At safepoint: 16383 ns, Total: 69244 ns
[2025-05-23T02:50:42.389+0000][77][info ][safepoint   ] Safepoint "Cleanup", Time since last: 2000979411 ns, Reaching safepoint: 136171 ns, Cleanup: 16921 ns, At safepoint: 18473 ns, Total: 171565 ns
[2025-05-23T02:50:44.214+0000][77][info ][safepoint   ] Safepoint "Cleanup", Time since last: 1824490066 ns, Reaching safepoint: 30131 ns, Cleanup: 21390 ns, At safepoint: 17199 ns, Total: 68720 ns
[2025-05-23T02:50:45.215+0000][77][info ][safepoint   ] Safepoint "Cleanup", Time since last: 1000737382 ns, Reaching safepoint: 19209 ns, Cleanup: 17182 ns, At safepoint: 8031 ns, Total: 44422 ns
[2025-05-23T02:50:46.215+0000][77][info ][safepoint   ] Safepoint "Cleanup", Time since last: 1000662169 ns, Reaching safepoint: 30444 ns, Cleanup: 25652 ns, At safepoint: 16693 ns, Total: 72789 ns
[2025-05-23T02:50:47.216+0000][77][info ][safepoint   ] Safepoint "Cleanup", Time since last: 1000814626 ns, Reaching safepoint: 34224 ns, Cleanup: 23244 ns, At safepoint: 18905 ns, Total: 76373 ns
[2025-05-23T02:50:48.217+0000][77][info ][safepoint   ] Safepoint "Cleanup", Time since last: 1000707000 ns, Reaching safepoint: 23954 ns, Cleanup: 16005 ns, At safepoint: 9877 ns, Total: 49836 ns
[2025-05-23T02:50:49.218+0000][77][info ][safepoint   ] Safepoint "Cleanup", Time since last: 1000835349 ns, Reaching safepoint: 31354 ns, Cleanup: 24234 ns, At safepoint: 17987 ns, Total: 73575 ns
[2025-05-23T02:50:52.219+0000][77][info ][safepoint   ] Safepoint "Cleanup", Time since last: 3001362631 ns, Reaching safepoint: 21395 ns, Cleanup: 14157 ns, At safepoint: 8941 ns, Total: 44493 ns
[2025-05-23T02:50:55.221+0000][77][info ][safepoint   ] Safepoint "Cleanup", Time since last: 3001977839 ns, Reaching safepoint: 31073 ns, Cleanup: 24023 ns, At safepoint: 16251 ns, Total: 71347 ns
[2025-05-23T02:51:00.219+0000][77][info ][safepoint   ] Safepoint "Cleanup", Time since last: 5001337742 ns, Reaching safepoint: 44135 ns, Cleanup: 13321 ns, At safepoint: 9791 ns, Total: 67247 ns
[2025-05-23T02:51:04.220+0000][77][info ][safepoint   ] Safepoint "Cleanup", Time since last: 4001299563 ns, Reaching safepoint: 34451 ns, Cleanup: 17533 ns, At safepoint: 19230 ns, Total: 71214 ns
[2025-05-23T02:51:06.221+0000][77][info ][safepoint   ] Safepoint "Cleanup", Time since last: 2001096777 ns, Reaching safepoint: 29348 ns, Cleanup: 23324 ns, At safepoint: 17238 ns, Total: 69910 ns
[2025-05-23T02:51:07.222+0000][77][info ][safepoint   ] Safepoint "Cleanup", Time since last: 1000787136 ns, Reaching safepoint: 30907 ns, Cleanup: 19815 ns, At safepoint: 17731 ns, Total: 68453 ns
[2025-05-23T02:51:12.224+0000][77][info ][safepoint   ] Safepoint "Cleanup", Time since last: 5001565916 ns, Reaching safepoint: 76357 ns, Cleanup: 26436 ns, At safepoint: 19720 ns, Total: 122513 ns
[2025-05-23T02:51:13.419+0000][77][info ][safepoint   ] Safepoint "Cleanup", Time since last: 1195734164 ns, Reaching safepoint: 6195 ns, Cleanup: 36439 ns, At safepoint: 13255 ns, Total: 55889 ns
[2025-05-23T02:51:16.163+0000][77][info ][safepoint   ] Safepoint "Cleanup", Time since last: 2743771082 ns, Reaching safepoint: 6631 ns, Cleanup: 8445 ns, At safepoint: 13284 ns, Total: 28360 ns
[2025-05-23T02:51:17.446+0000][77][info ][safepoint   ] Safepoint "Cleanup", Time since last: 1283083701 ns, Reaching safepoint: 19445 ns, Cleanup: 29916 ns, At safepoint: 9477 ns, Total: 58838 ns
[2025-05-23T02:51:18.468+0000][77][info ][safepoint   ] Safepoint "Cleanup", Time since last: 1021719205 ns, Reaching safepoint: 33488 ns, Cleanup: 25188 ns, At safepoint: 20666 ns, Total: 79342 ns
[2025-05-23T02:51:19.470+0000][77][info ][safepoint   ] Safepoint "Cleanup", Time since last: 1001417001 ns, Reaching safepoint: 35172 ns, Cleanup: 22507 ns, At safepoint: 21086 ns, Total: 78765 ns
[2025-05-23T02:51:22.023+0000][77][info ][safepoint   ] Safepoint "Cleanup", Time since last: 2553309689 ns, Reaching safepoint: 302425 ns, Cleanup: 25138 ns, At safepoint: 151315 ns, Total: 478878 ns
[2025-05-23T02:51:24.032+0000][77][info ][safepoint   ] Safepoint "Cleanup", Time since last: 2008917491 ns, Reaching safepoint: 26293 ns, Cleanup: 18177 ns, At safepoint: 10065 ns, Total: 54535 ns
[2025-05-23T02:51:26.034+0000][77][info ][safepoint   ] Safepoint "Cleanup", Time since last: 2001132640 ns, Reaching safepoint: 25716 ns, Cleanup: 16012 ns, At safepoint: 11359 ns, Total: 53087 ns
[2025-05-23T02:51:27.033+0000][77][info ][safepoint   ] Safepoint "Cleanup", Time since last: 1001063208 ns, Reaching safepoint: 38418 ns, Cleanup: 13499 ns, At safepoint: 8389 ns, Total: 60306 ns
[2025-05-23T02:51:30.034+0000][77][info ][safepoint   ] Safepoint "Cleanup", Time since last: 3001244161 ns, Reaching safepoint: 32910 ns, Cleanup: 17072 ns, At safepoint: 17995 ns, Total: 67977 ns
[2025-05-23T02:51:32.036+0000][77][info ][safepoint   ] Safepoint "Cleanup", Time since last: 2000965892 ns, Reaching safepoint: 31879 ns, Cleanup: 25772 ns, At safepoint: 18156 ns, Total: 75807 ns
[2025-05-23T02:51:36.037+0000][77][info ][safepoint   ] Safepoint "Cleanup", Time since last: 4001241750 ns, Reaching safepoint: 32951 ns, Cleanup: 21604 ns, At safepoint: 20148 ns, Total: 74703 ns
[2025-05-23T02:51:37.038+0000][77][info ][safepoint   ] Safepoint "Cleanup", Time since last: 1001072392 ns, Reaching safepoint: 30137 ns, Cleanup: 31507 ns, At safepoint: 17131 ns, Total: 78775 ns
[2025-05-23T02:51:38.516+0000][77][info ][safepoint   ] Safepoint "Cleanup", Time since last: 1477991196 ns, Reaching safepoint: 31721 ns, Cleanup: 35106 ns, At safepoint: 18215 ns, Total: 85042 ns
[2025-05-23T02:51:40.517+0000][77][info ][safepoint   ] Safepoint "Cleanup", Time since last: 2001004003 ns, Reaching safepoint: 34462 ns, Cleanup: 17800 ns, At safepoint: 19808 ns, Total: 72070 ns
[2025-05-23T02:51:42.518+0000][77][info ][safepoint   ] Safepoint "Cleanup", Time since last: 2000722599 ns, Reaching safepoint: 45074 ns, Cleanup: 12104 ns, At safepoint: 21390 ns, Total: 78568 ns
[2025-05-23T02:51:44.251+0000][77][info ][safepoint   ] Safepoint "Cleanup", Time since last: 1733138400 ns, Reaching safepoint: 35457 ns, Cleanup: 26792 ns, At safepoint: 21026 ns, Total: 83275 ns
[2025-05-23T02:51:46.252+0000][77][info ][safepoint   ] Safepoint "Cleanup", Time since last: 2000980429 ns, Reaching safepoint: 31952 ns, Cleanup: 175570 ns, At safepoint: 24195 ns, Total: 231717 ns
[2025-05-23T02:51:47.253+0000][77][info ][safepoint   ] Safepoint "Cleanup", Time since last: 1000753062 ns, Reaching safepoint: 32853 ns, Cleanup: 21448 ns, At safepoint: 18401 ns, Total: 72702 ns
[2025-05-23T02:51:49.254+0000][77][info ][safepoint   ] Safepoint "Cleanup", Time since last: 2000994343 ns, Reaching safepoint: 32624 ns, Cleanup: 16705 ns, At safepoint: 17890 ns, Total: 67219 ns
[2025-05-23T02:51:52.256+0000][77][info ][safepoint   ] Safepoint "Cleanup", Time since last: 3001305966 ns, Reaching safepoint: 30795 ns, Cleanup: 16541 ns, At safepoint: 17428 ns, Total: 64764 ns
[2025-05-23T02:51:54.257+0000][77][info ][safepoint   ] Safepoint "Cleanup", Time since last: 2001099412 ns, Reaching safepoint: 31939 ns, Cleanup: 16168 ns, At safepoint: 18284 ns, Total: 66391 ns
[2025-05-23T02:51:58.255+0000][77][info ][safepoint   ] Safepoint "Cleanup", Time since last: 4001298584 ns, Reaching safepoint: 78905 ns, Cleanup: 18811 ns, At safepoint: 21036 ns, Total: 118752 ns
[2025-05-23T02:52:00.257+0000][77][info ][safepoint   ] Safepoint "Cleanup", Time since last: 2001132892 ns, Reaching safepoint: 33268 ns, Cleanup: 21544 ns, At safepoint: 18979 ns, Total: 73791 ns
[2025-05-23T02:52:04.258+0000][77][info ][safepoint   ] Safepoint "Cleanup", Time since last: 4001185097 ns, Reaching safepoint: 33009 ns, Cleanup: 33112 ns, At safepoint: 19575 ns, Total: 85696 ns
[2025-05-23T02:52:05.259+0000][77][info ][safepoint   ] Safepoint "Cleanup", Time since last: 1000679382 ns, Reaching safepoint: 30505 ns, Cleanup: 18904 ns, At safepoint: 10847 ns, Total: 60256 ns
[2025-05-23T02:52:07.259+0000][77][info ][safepoint   ] Safepoint "Cleanup", Time since last: 2000834072 ns, Reaching safepoint: 34965 ns, Cleanup: 18865 ns, At safepoint: 19202 ns, Total: 73032 ns
[2025-05-23T02:52:13.261+0000][77][info ][safepoint   ] Safepoint "Cleanup", Time since last: 6001469392 ns, Reaching safepoint: 45920 ns, Cleanup: 14756 ns, At safepoint: 10234 ns, Total: 70910 ns
[2025-05-23T02:52:14.262+0000][77][info ][safepoint   ] Safepoint "Cleanup", Time since last: 1001053826 ns, Reaching safepoint: 33849 ns, Cleanup: 24966 ns, At safepoint: 20777 ns, Total: 79592 ns
[2025-05-23T02:52:27.262+0000][77][info ][safepoint   ] Safepoint "Cleanup", Time since last: 13003045024 ns, Reaching safepoint: 31253 ns, Cleanup: 22573 ns, At safepoint: 18606 ns, Total: 72432 ns
[2025-05-23T02:52:28.263+0000][77][info ][safepoint   ] Safepoint "Cleanup", Time since last: 1000777888 ns, Reaching safepoint: 76802 ns, Cleanup: 19669 ns, At safepoint: 32143 ns, Total: 128614 ns
[2025-05-23T02:52:31.265+0000][77][info ][safepoint   ] Safepoint "Cleanup", Time since last: 3001277794 ns, Reaching safepoint: 34351 ns, Cleanup: 21850 ns, At safepoint: 19739 ns, Total: 75940 ns
[2025-05-23T02:52:36.266+0000][77][info ][safepoint   ] Safepoint "Cleanup", Time since last: 5001490401 ns, Reaching safepoint: 34327 ns, Cleanup: 17540 ns, At safepoint: 20045 ns, Total: 71912 ns
[2025-05-23T02:52:37.267+0000][77][info ][safepoint   ] Safepoint "Cleanup", Time since last: 1000877882 ns, Reaching safepoint: 19602 ns, Cleanup: 57993 ns, At safepoint: 13196 ns, Total: 90791 ns
[2025-05-23T02:52:40.168+0000][77][info ][safepoint   ] Safepoint "Cleanup", Time since last: 2900928909 ns, Reaching safepoint: 16018 ns, Cleanup: 20761 ns, At safepoint: 134435 ns, Total: 171214 ns
[2025-05-23T02:52:41.567+0000][77][info ][safepoint   ] Safepoint "Cleanup", Time since last: 1398685179 ns, Reaching safepoint: 31379 ns, Cleanup: 40410 ns, At safepoint: 18292 ns, Total: 90081 ns
[2025-05-23T02:52:42.568+0000][77][info ][safepoint   ] Safepoint "Cleanup", Time since last: 1000679021 ns, Reaching safepoint: 172880 ns, Cleanup: 16414 ns, At safepoint: 83340 ns, Total: 272634 ns
[2025-05-23T02:52:44.289+0000][77][info ][safepoint   ] Safepoint "Cleanup", Time since last: 1720585927 ns, Reaching safepoint: 74250 ns, Cleanup: 22942 ns, At safepoint: 36250 ns, Total: 133442 ns
[2025-05-23T02:52:47.289+0000][77][info ][safepoint   ] Safepoint "Cleanup", Time since last: 3000783981 ns, Reaching safepoint: 18277 ns, Cleanup: 16948 ns, At safepoint: 17291 ns, Total: 52516 ns
[2025-05-23T02:53:01.295+0000][77][info ][safepoint   ] Safepoint "Cleanup", Time since last: 14009002330 ns, Reaching safepoint: 90283 ns, Cleanup: 22883 ns, At safepoint: 25007 ns, Total: 138173 ns
[2025-05-23T02:53:02.296+0000][77][info ][safepoint   ] Safepoint "Cleanup", Time since last: 1000723835 ns, Reaching safepoint: 78970 ns, Cleanup: 15719 ns, At safepoint: 13482 ns, Total: 108171 ns
[2025-05-23T02:53:04.297+0000][77][info ][safepoint   ] Safepoint "Cleanup", Time since last: 2000774724 ns, Reaching safepoint: 31145 ns, Cleanup: 32781 ns, At safepoint: 76921 ns, Total: 140847 ns
[2025-05-23T02:53:05.298+0000][77][info ][safepoint   ] Safepoint "Cleanup", Time since last: 1000871679 ns, Reaching safepoint: 37790 ns, Cleanup: 19142 ns, At safepoint: 20539 ns, Total: 77471 ns
[2025-05-23T02:53:07.299+0000][77][info ][safepoint   ] Safepoint "Cleanup", Time since last: 2000832983 ns, Reaching safepoint: 26289 ns, Cleanup: 17580 ns, At safepoint: 9373 ns, Total: 53242 ns
[2025-05-23T02:53:10.300+0000][77][info ][safepoint   ] Safepoint "Cleanup", Time since last: 3000959213 ns, Reaching safepoint: 35032 ns, Cleanup: 21737 ns, At safepoint: 22674 ns, Total: 79443 ns
[2025-05-23T02:53:16.301+0000][77][info ][safepoint   ] Safepoint "Cleanup", Time since last: 6001191400 ns, Reaching safepoint: 51789 ns, Cleanup: 14528 ns, At safepoint: 9298 ns, Total: 75615 ns
[2025-05-23T02:53:19.302+0000][77][info ][safepoint   ] Safepoint "Cleanup", Time since last: 3001100351 ns, Reaching safepoint: 29608 ns, Cleanup: 17070 ns, At safepoint: 14316 ns, Total: 60994 ns
[2025-05-23T02:53:27.302+0000][77][info ][safepoint   ] Safepoint "Cleanup", Time since last: 8001938457 ns, Reaching safepoint: 240619 ns, Cleanup: 29413 ns, At safepoint: 25577 ns, Total: 295609 ns
[2025-05-23T02:53:28.303+0000][77][info ][safepoint   ] Safepoint "Cleanup", Time since last: 1000645920 ns, Reaching safepoint: 27436 ns, Cleanup: 15691 ns, At safepoint: 13129 ns, Total: 56256 ns
[2025-05-23T02:53:37.305+0000][77][info ][safepoint   ] Safepoint "Cleanup", Time since last: 9001984472 ns, Reaching safepoint: 105202 ns, Cleanup: 16452 ns, At safepoint: 11532 ns, Total: 133186 ns
[2025-05-23T02:53:42.335+0000][77][info ][safepoint   ] Safepoint "Cleanup", Time since last: 5030170525 ns, Reaching safepoint: 59855 ns, Cleanup: 16258 ns, At safepoint: 14075 ns, Total: 90188 ns
[2025-05-23T02:53:43.593+0000][77][info ][safepoint   ] Safepoint "Cleanup", Time since last: 1257462730 ns, Reaching safepoint: 35365 ns, Cleanup: 25156 ns, At safepoint: 85865 ns, Total: 146386 ns
[2025-05-23T02:53:47.620+0000][77][info ][safepoint   ] Safepoint "Cleanup", Time since last: 4026990341 ns, Reaching safepoint: 59222 ns, Cleanup: 17141 ns, At safepoint: 12292 ns, Total: 88655 ns
[2025-05-23T02:53:49.621+0000][77][info ][safepoint   ] Safepoint "Cleanup", Time since last: 2000950343 ns, Reaching safepoint: 30698 ns, Cleanup: 16474 ns, At safepoint: 17477 ns, Total: 64649 ns
[2025-05-23T02:53:52.622+0000][77][info ][safepoint   ] Safepoint "Cleanup", Time since last: 3001227432 ns, Reaching safepoint: 30391 ns, Cleanup: 17198 ns, At safepoint: 17589 ns, Total: 65178 ns
[2025-05-23T02:53:55.624+0000][77][info ][safepoint   ] Safepoint "Cleanup", Time since last: 3001099111 ns, Reaching safepoint: 34057 ns, Cleanup: 19043 ns, At safepoint: 20900 ns, Total: 74000 ns
[2025-05-23T02:53:59.622+0000][77][info ][safepoint   ] Safepoint "Cleanup", Time since last: 4001694281 ns, Reaching safepoint: 38692 ns, Cleanup: 18471 ns, At safepoint: 21050 ns, Total: 78213 ns
[2025-05-23T02:54:01.623+0000][77][info ][safepoint   ] Safepoint "Cleanup", Time since last: 2000927596 ns, Reaching safepoint: 102054 ns, Cleanup: 14617 ns, At safepoint: 9089 ns, Total: 125760 ns
[2025-05-23T02:54:02.624+0000][77][info ][safepoint   ] Safepoint "Cleanup", Time since last: 1000758095 ns, Reaching safepoint: 33183 ns, Cleanup: 18354 ns, At safepoint: 20288 ns, Total: 71825 ns
[2025-05-23T02:54:04.626+0000][77][info ][safepoint   ] Safepoint "Cleanup", Time since last: 2002063724 ns, Reaching safepoint: 76608 ns, Cleanup: 22002 ns, At safepoint: 9401 ns, Total: 108011 ns
[2025-05-23T02:54:12.628+0000][77][info ][safepoint   ] Safepoint "Cleanup", Time since last: 8001930220 ns, Reaching safepoint: 140396 ns, Cleanup: 27376 ns, At safepoint: 18341 ns, Total: 186113 ns
[2025-05-23T02:54:14.630+0000][77][info ][safepoint   ] Safepoint "Cleanup", Time since last: 2001734189 ns, Reaching safepoint: 29905 ns, Cleanup: 29471 ns, At safepoint: 18035 ns, Total: 77411 ns
[2025-05-23T02:54:16.631+0000][77][info ][safepoint   ] Safepoint "Cleanup", Time since last: 2001007403 ns, Reaching safepoint: 86654 ns, Cleanup: 29232 ns, At safepoint: 19066 ns, Total: 134952 ns
[2025-05-23T02:54:22.634+0000][77][info ][safepoint   ] Safepoint "Cleanup", Time since last: 6002432190 ns, Reaching safepoint: 25793 ns, Cleanup: 23098 ns, At safepoint: 14804 ns, Total: 63695 ns
[2025-05-23T02:54:23.635+0000][77][info ][safepoint   ] Safepoint "Cleanup", Time since last: 1000863582 ns, Reaching safepoint: 40224 ns, Cleanup: 29346 ns, At safepoint: 23642 ns, Total: 93212 ns
[2025-05-23T02:54:26.633+0000][77][info ][safepoint   ] Safepoint "Cleanup", Time since last: 3001447427 ns, Reaching safepoint: 25956 ns, Cleanup: 21359 ns, At safepoint: 15041 ns, Total: 62356 ns
[2025-05-23T02:54:31.636+0000][77][info ][safepoint   ] Safepoint "Cleanup", Time since last: 5002268042 ns, Reaching safepoint: 60450 ns, Cleanup: 23044 ns, At safepoint: 13962 ns, Total: 97456 ns
[2025-05-23T02:54:33.637+0000][77][info ][safepoint   ] Safepoint "Cleanup", Time since last: 2000925116 ns, Reaching safepoint: 26759 ns, Cleanup: 22910 ns, At safepoint: 16574 ns, Total: 66243 ns
[2025-05-23T02:54:37.639+0000][77][info ][safepoint   ] Safepoint "Cleanup", Time since last: 4002153419 ns, Reaching safepoint: 30904 ns, Cleanup: 27572 ns, At safepoint: 16934 ns, Total: 75410 ns
[2025-05-23T02:54:46.205+0000][77][info ][safepoint   ] Safepoint "Cleanup", Time since last: 8565475246 ns, Reaching safepoint: 117385 ns, Cleanup: 12013 ns, At safepoint: 71583 ns, Total: 200981 ns
[2025-05-23T02:54:47.678+0000][77][info ][safepoint   ] Safepoint "Cleanup", Time since last: 1472980722 ns, Reaching safepoint: 149708 ns, Cleanup: 32116 ns, At safepoint: 85169 ns, Total: 266993 ns
[2025-05-23T02:54:49.679+0000][77][info ][safepoint   ] Safepoint "Cleanup", Time since last: 2000876739 ns, Reaching safepoint: 384036 ns, Cleanup: 14307 ns, At safepoint: 85687 ns, Total: 484030 ns
[2025-05-23T02:54:57.684+0000][77][info ][safepoint   ] Safepoint "Cleanup", Time since last: 8007229603 ns, Reaching safepoint: 125125 ns, Cleanup: 18598 ns, At safepoint: 21032 ns, Total: 164755 ns
[2025-05-23T02:54:59.685+0000][77][info ][safepoint   ] Safepoint "Cleanup", Time since last: 2000889508 ns, Reaching safepoint: 21000 ns, Cleanup: 15509 ns, At safepoint: 9304 ns, Total: 45813 ns
[2025-05-23T02:55:02.686+0000][77][info ][safepoint   ] Safepoint "Cleanup", Time since last: 3001175123 ns, Reaching safepoint: 76514 ns, Cleanup: 21695 ns, At safepoint: 19973 ns, Total: 118182 ns
[2025-05-23T02:55:03.687+0000][77][info ][safepoint   ] Safepoint "Cleanup", Time since last: 1000828169 ns, Reaching safepoint: 33856 ns, Cleanup: 24853 ns, At safepoint: 18930 ns, Total: 77639 ns
[2025-05-23T02:55:04.688+0000][77][info ][safepoint   ] Safepoint "Cleanup", Time since last: 1000768861 ns, Reaching safepoint: 32817 ns, Cleanup: 39648 ns, At safepoint: 17714 ns, Total: 90179 ns
[2025-05-23T02:55:07.689+0000][77][info ][safepoint   ] Safepoint "Cleanup", Time since last: 3001217403 ns, Reaching safepoint: 24812 ns, Cleanup: 19960 ns, At safepoint: 11135 ns, Total: 55907 ns
[2025-05-23T02:55:12.691+0000][77][info ][safepoint   ] Safepoint "Cleanup", Time since last: 5001431480 ns, Reaching safepoint: 33355 ns, Cleanup: 17609 ns, At safepoint: 17732 ns, Total: 68696 ns
[2025-05-23T02:55:19.692+0000][77][info ][safepoint   ] Safepoint "Cleanup", Time since last: 7001707863 ns, Reaching safepoint: 73613 ns, Cleanup: 18532 ns, At safepoint: 19525 ns, Total: 111670 ns
[2025-05-23T02:55:22.693+0000][77][info ][safepoint   ] Safepoint "Cleanup", Time since last: 3000921849 ns, Reaching safepoint: 36279 ns, Cleanup: 22999 ns, At safepoint: 19527 ns, Total: 78805 ns
[2025-05-23T02:55:27.685+0000][77][info ][safepoint   ] Safepoint "Cleanup", Time since last: 5001403911 ns, Reaching safepoint: 33149 ns, Cleanup: 17116 ns, At safepoint: 18757 ns, Total: 69022 ns
[2025-05-23T02:55:28.687+0000][77][info ][safepoint   ] Safepoint "Cleanup", Time since last: 1001272719 ns, Reaching safepoint: 31994 ns, Cleanup: 16929 ns, At safepoint: 17835 ns, Total: 66758 ns
[2025-05-23T02:55:33.688+0000][77][info ][safepoint   ] Safepoint "Cleanup", Time since last: 5001149253 ns, Reaching safepoint: 119320 ns, Cleanup: 32207 ns, At safepoint: 65962 ns, Total: 217489 ns
[2025-05-23T02:55:37.689+0000][77][info ][safepoint   ] Safepoint "Cleanup", Time since last: 4000926080 ns, Reaching safepoint: 18710 ns, Cleanup: 88331 ns, At safepoint: 41460 ns, Total: 148501 ns
[2025-05-23T02:55:40.690+0000][77][info ][safepoint   ] Safepoint "Cleanup", Time since last: 3001087289 ns, Reaching safepoint: 17217 ns, Cleanup: 11559 ns, At safepoint: 29681 ns, Total: 58457 ns
[2025-05-23T02:55:45.394+0000][77][info ][safepoint   ] Safepoint "Cleanup", Time since last: 4703639051 ns, Reaching safepoint: 27830 ns, Cleanup: 19002 ns, At safepoint: 12029 ns, Total: 58861 ns
[2025-05-23T02:55:47.395+0000][77][info ][safepoint   ] Safepoint "Cleanup", Time since last: 2001016593 ns, Reaching safepoint: 30523 ns, Cleanup: 17787 ns, At safepoint: 17239 ns, Total: 65549 ns
[2025-05-23T02:55:49.300+0000][77][info ][safepoint   ] Safepoint "Cleanup", Time since last: 1904345617 ns, Reaching safepoint: 149724 ns, Cleanup: 12174 ns, At safepoint: 59925 ns, Total: 221823 ns
[2025-05-23T02:55:50.439+0000][77][info ][safepoint   ] Safepoint "Cleanup", Time since last: 1107763828 ns, Reaching safepoint: 31448387 ns, Cleanup: 20761 ns, At safepoint: 287983 ns, Total: 31757131 ns
[2025-05-23T02:55:54.529+0000][77][info ][safepoint   ] Safepoint "Cleanup", Time since last: 4089490903 ns, Reaching safepoint: 34964 ns, Cleanup: 31218 ns, At safepoint: 18705 ns, Total: 84887 ns
[2025-05-23T02:55:58.534+0000][77][info ][safepoint   ] Safepoint "Cleanup", Time since last: 4001663662 ns, Reaching safepoint: 35004 ns, Cleanup: 17925 ns, At safepoint: 18136 ns, Total: 71065 ns
[2025-05-23T02:56:00.535+0000][77][info ][safepoint   ] Safepoint "Cleanup", Time since last: 2001095336 ns, Reaching safepoint: 31425 ns, Cleanup: 17282 ns, At safepoint: 17858 ns, Total: 66565 ns
[2025-05-23T02:56:04.537+0000][77][info ][safepoint   ] Safepoint "Cleanup", Time since last: 4001512170 ns, Reaching safepoint: 33499 ns, Cleanup: 28062 ns, At safepoint: 19871 ns, Total: 81432 ns
[2025-05-23T02:56:07.538+0000][77][info ][safepoint   ] Safepoint "Cleanup", Time since last: 3001371703 ns, Reaching safepoint: 31979 ns, Cleanup: 19370 ns, At safepoint: 17955 ns, Total: 69304 ns
[2025-05-23T02:56:09.539+0000][77][info ][safepoint   ] Safepoint "Cleanup", Time since last: 2000993265 ns, Reaching safepoint: 17435 ns, Cleanup: 14047 ns, At safepoint: 8556 ns, Total: 40038 ns
[2025-05-23T02:56:10.540+0000][77][info ][safepoint   ] Safepoint "Cleanup", Time since last: 1000784987 ns, Reaching safepoint: 31049 ns, Cleanup: 19470 ns, At safepoint: 50316 ns, Total: 100835 ns
[2025-05-23T02:56:16.170+0000][77][info ][safepoint   ] Safepoint "Cleanup", Time since last: 5630009633 ns, Reaching safepoint: 6504 ns, Cleanup: 10161 ns, At safepoint: 12675 ns, Total: 29340 ns
[2025-05-23T02:56:17.570+0000][77][info ][safepoint   ] Safepoint "Cleanup", Time since last: 1399258979 ns, Reaching safepoint: 30939 ns, Cleanup: 18516 ns, At safepoint: 18794 ns, Total: 68249 ns
[2025-05-23T02:56:19.166+0000][77][info ][safepoint   ] Safepoint "Cleanup", Time since last: 1595785867 ns, Reaching safepoint: 21799 ns, Cleanup: 8732 ns, At safepoint: 24912 ns, Total: 55443 ns
[2025-05-23T02:56:20.600+0000][77][info ][safepoint   ] Safepoint "Cleanup", Time since last: 1434553291 ns, Reaching safepoint: 34617 ns, Cleanup: 21782 ns, At safepoint: 21999 ns, Total: 78398 ns
[2025-05-23T02:56:21.626+0000][77][info ][safepoint   ] Safepoint "Cleanup", Time since last: 1026011354 ns, Reaching safepoint: 37376 ns, Cleanup: 19638 ns, At safepoint: 18624 ns, Total: 75638 ns
[2025-05-23T02:56:22.628+0000][77][info ][safepoint   ] Safepoint "Cleanup", Time since last: 1001447525 ns, Reaching safepoint: 30897 ns, Cleanup: 17472 ns, At safepoint: 18026 ns, Total: 66395 ns
[2025-05-23T02:56:25.146+0000][77][info ][safepoint   ] Safepoint "Cleanup", Time since last: 2517780491 ns, Reaching safepoint: 17450 ns, Cleanup: 19020 ns, At safepoint: 26653 ns, Total: 63123 ns
[2025-05-23T02:56:26.663+0000][77][info ][safepoint   ] Safepoint "Cleanup", Time since last: 1519285257 ns, Reaching safepoint: 17650 ns, Cleanup: 22508 ns, At safepoint: 9152 ns, Total: 49310 ns
[2025-05-23T02:56:27.663+0000][77][info ][safepoint   ] Safepoint "Cleanup", Time since last: 1000688952 ns, Reaching safepoint: 31566 ns, Cleanup: 19251 ns, At safepoint: 18163 ns, Total: 68980 ns
[2025-05-23T02:56:32.665+0000][77][info ][safepoint   ] Safepoint "Cleanup", Time since last: 5001358303 ns, Reaching safepoint: 35549 ns, Cleanup: 19371 ns, At safepoint: 21979 ns, Total: 76899 ns
[2025-05-23T02:56:43.449+0000][77][info ][safepoint   ] Safepoint "Cleanup", Time since last: 10784629747 ns, Reaching safepoint: 7647 ns, Cleanup: 19053 ns, At safepoint: 2858 ns, Total: 29558 ns
[2025-05-23T02:56:44.451+0000][77][info ][safepoint   ] Safepoint "Cleanup", Time since last: 1001151807 ns, Reaching safepoint: 17920 ns, Cleanup: 15521 ns, At safepoint: 9410 ns, Total: 42851 ns
[2025-05-23T02:56:46.452+0000][77][info ][safepoint   ] Safepoint "Cleanup", Time since last: 2000937001 ns, Reaching safepoint: 32187 ns, Cleanup: 20898 ns, At safepoint: 18410 ns, Total: 71495 ns
[2025-05-23T02:56:47.454+0000][77][info ][safepoint   ] Safepoint "Cleanup", Time since last: 1001863246 ns, Reaching safepoint: 32976 ns, Cleanup: 23444 ns, At safepoint: 18853 ns, Total: 75273 ns
[2025-05-23T02:56:52.191+0000][77][info ][safepoint   ] Safepoint "Cleanup", Time since last: 4736847487 ns, Reaching safepoint: 508492 ns, Cleanup: 18207 ns, At safepoint: 51138 ns, Total: 577837 ns
[2025-05-23T02:56:53.733+0000][77][info ][safepoint   ] Safepoint "Cleanup", Time since last: 1541895337 ns, Reaching safepoint: 22374 ns, Cleanup: 77585 ns, At safepoint: 9940 ns, Total: 109899 ns
[2025-05-23T02:56:54.734+0000][77][info ][safepoint   ] Safepoint "Cleanup", Time since last: 1000692995 ns, Reaching safepoint: 45903 ns, Cleanup: 62569 ns, At safepoint: 16447 ns, Total: 124919 ns
[2025-05-23T02:56:55.735+0000][77][info ][safepoint   ] Safepoint "Cleanup", Time since last: 1000824472 ns, Reaching safepoint: 30191 ns, Cleanup: 41947 ns, At safepoint: 80182 ns, Total: 152320 ns
[2025-05-23T02:56:58.732+0000][77][info ][safepoint   ] Safepoint "Cleanup", Time since last: 3000928545 ns, Reaching safepoint: 26248 ns, Cleanup: 14993 ns, At safepoint: 28793 ns, Total: 70034 ns
[2025-05-23T02:56:59.734+0000][77][info ][safepoint   ] Safepoint "Cleanup", Time since last: 1000656225 ns, Reaching safepoint: 247868 ns, Cleanup: 16440 ns, At safepoint: 309950 ns, Total: 574258 ns
[2025-05-23T02:57:04.735+0000][77][info ][safepoint   ] Safepoint "Cleanup", Time since last: 5001512199 ns, Reaching safepoint: 28032 ns, Cleanup: 22820 ns, At safepoint: 17154 ns, Total: 68006 ns
[2025-05-23T02:57:07.736+0000][77][info ][safepoint   ] Safepoint "Cleanup", Time since last: 3001023885 ns, Reaching safepoint: 19789 ns, Cleanup: 23973 ns, At safepoint: 7843 ns, Total: 51605 ns
[2025-05-23T02:57:10.738+0000][77][info ][safepoint   ] Safepoint "Cleanup", Time since last: 3001194944 ns, Reaching safepoint: 33467 ns, Cleanup: 18003 ns, At safepoint: 19332 ns, Total: 70802 ns
[2025-05-23T02:57:12.739+0000][77][info ][safepoint   ] Safepoint "Cleanup", Time since last: 2000753422 ns, Reaching safepoint: 249605 ns, Cleanup: 38623 ns, At safepoint: 36445 ns, Total: 324673 ns
[2025-05-23T02:57:19.740+0000][77][info ][safepoint   ] Safepoint "Cleanup", Time since last: 7001527519 ns, Reaching safepoint: 33887 ns, Cleanup: 21683 ns, At safepoint: 10637 ns, Total: 66207 ns
[2025-05-23T02:57:22.742+0000][77][info ][safepoint   ] Safepoint "Cleanup", Time since last: 3001152665 ns, Reaching safepoint: 163610 ns, Cleanup: 16485 ns, At safepoint: 127542 ns, Total: 307637 ns
[2025-05-23T02:57:24.743+0000][77][info ][safepoint   ] Safepoint "Cleanup", Time since last: 2000998823 ns, Reaching safepoint: 33675 ns, Cleanup: 21812 ns, At safepoint: 18080 ns, Total: 73567 ns
[2025-05-23T02:57:28.741+0000][77][info ][safepoint   ] Safepoint "Cleanup", Time since last: 4001120277 ns, Reaching safepoint: 36121 ns, Cleanup: 17448 ns, At safepoint: 123328 ns, Total: 176897 ns
[2025-05-23T02:57:29.742+0000][77][info ][safepoint   ] Safepoint "Cleanup", Time since last: 1000725008 ns, Reaching safepoint: 30623 ns, Cleanup: 16275 ns, At safepoint: 16419 ns, Total: 63317 ns
[2025-05-23T02:57:31.743+0000][77][info ][safepoint   ] Safepoint "Cleanup", Time since last: 2000794987 ns, Reaching safepoint: 31978 ns, Cleanup: 18383 ns, At safepoint: 18511 ns, Total: 68872 ns
[2025-05-23T02:57:35.744+0000][77][info ][safepoint   ] Safepoint "Cleanup", Time since last: 4000982616 ns, Reaching safepoint: 36724 ns, Cleanup: 12994 ns, At safepoint: 31943 ns, Total: 81661 ns
[2025-05-23T02:57:37.745+0000][77][info ][safepoint   ] Safepoint "Cleanup", Time since last: 2000837602 ns, Reaching safepoint: 30940 ns, Cleanup: 16740 ns, At safepoint: 17512 ns, Total: 65192 ns
[2025-05-23T02:57:39.746+0000][77][info ][safepoint   ] Safepoint "Cleanup", Time since last: 2000764354 ns, Reaching safepoint: 32209 ns, Cleanup: 18702 ns, At safepoint: 17451 ns, Total: 68362 ns
[2025-05-23T02:57:46.487+0000][77][info ][safepoint   ] Safepoint "Cleanup", Time since last: 6740943636 ns, Reaching safepoint: 221539 ns, Cleanup: 15955 ns, At safepoint: 11276 ns, Total: 248770 ns
[2025-05-23T02:57:47.488+0000][77][info ][safepoint   ] Safepoint "Cleanup", Time since last: 1000753515 ns, Reaching safepoint: 40076 ns, Cleanup: 24312 ns, At safepoint: 22872 ns, Total: 87260 ns
[2025-05-23T02:57:49.489+0000][77][info ][safepoint   ] Safepoint "Cleanup", Time since last: 2000821328 ns, Reaching safepoint: 163342 ns, Cleanup: 26517 ns, At safepoint: 38247 ns, Total: 228106 ns
[2025-05-23T02:57:52.491+0000][77][info ][safepoint   ] Safepoint "Cleanup", Time since last: 3001672706 ns, Reaching safepoint: 76352 ns, Cleanup: 19004 ns, At safepoint: 12653 ns, Total: 108009 ns
[2025-05-23T02:57:55.148+0000][77][info ][safepoint   ] Safepoint "Cleanup", Time since last: 2657297639 ns, Reaching safepoint: 26855 ns, Cleanup: 16324 ns, At safepoint: 75367 ns, Total: 118546 ns
[2025-05-23T02:57:56.776+0000][77][info ][safepoint   ] Safepoint "Cleanup", Time since last: 1631059577 ns, Reaching safepoint: 31598 ns, Cleanup: 44733 ns, At safepoint: 17878 ns, Total: 94209 ns
[2025-05-23T02:57:57.777+0000][77][info ][safepoint   ] Safepoint "Cleanup", Time since last: 1000599180 ns, Reaching safepoint: 187795 ns, Cleanup: 18601 ns, At safepoint: 134267 ns, Total: 340663 ns
[2025-05-23T02:57:59.778+0000][77][info ][safepoint   ] Safepoint "Cleanup", Time since last: 2000952224 ns, Reaching safepoint: 31164 ns, Cleanup: 22033 ns, At safepoint: 16272 ns, Total: 69469 ns
[2025-05-23T02:58:01.779+0000][77][info ][safepoint   ] Safepoint "Cleanup", Time since last: 2001010102 ns, Reaching safepoint: 29804 ns, Cleanup: 16344 ns, At safepoint: 17301 ns, Total: 63449 ns
[2025-05-23T02:58:04.780+0000][77][info ][safepoint   ] Safepoint "Cleanup", Time since last: 3000949570 ns, Reaching safepoint: 28902 ns, Cleanup: 25004 ns, At safepoint: 16687 ns, Total: 70593 ns
[2025-05-23T02:58:07.782+0000][77][info ][safepoint   ] Safepoint "Cleanup", Time since last: 3001106401 ns, Reaching safepoint: 43276 ns, Cleanup: 12587 ns, At safepoint: 7954 ns, Total: 63817 ns
[2025-05-23T02:58:09.783+0000][77][info ][safepoint   ] Safepoint "Cleanup", Time since last: 2001008993 ns, Reaching safepoint: 32569 ns, Cleanup: 18896 ns, At safepoint: 18093 ns, Total: 69558 ns
[2025-05-23T02:58:13.784+0000][77][info ][safepoint   ] Safepoint "Cleanup", Time since last: 4001351988 ns, Reaching safepoint: 20799 ns, Cleanup: 13758 ns, At safepoint: 8204 ns, Total: 42761 ns
[2025-05-23T02:58:16.785+0000][77][info ][safepoint   ] Safepoint "Cleanup", Time since last: 3000999161 ns, Reaching safepoint: 21363 ns, Cleanup: 13686 ns, At safepoint: 8974 ns, Total: 44023 ns
[2025-05-23T02:58:18.786+0000][77][info ][safepoint   ] Safepoint "Cleanup", Time since last: 2000683883 ns, Reaching safepoint: 22394 ns, Cleanup: 14050 ns, At safepoint: 9632 ns, Total: 46076 ns
[2025-05-23T02:58:19.787+0000][77][info ][safepoint   ] Safepoint "Cleanup", Time since last: 1000622464 ns, Reaching safepoint: 32408 ns, Cleanup: 16799 ns, At safepoint: 18185 ns, Total: 67392 ns
[2025-05-23T02:58:29.786+0000][77][info ][safepoint   ] Safepoint "Cleanup", Time since last: 10002314392 ns, Reaching safepoint: 108598 ns, Cleanup: 19240 ns, At safepoint: 19621 ns, Total: 147459 ns
[2025-05-23T02:58:31.787+0000][77][info ][safepoint   ] Safepoint "Cleanup", Time since last: 2001023912 ns, Reaching safepoint: 35850 ns, Cleanup: 18241 ns, At safepoint: 19853 ns, Total: 73944 ns
[2025-05-23T02:58:32.789+0000][77][info ][safepoint   ] Safepoint "Cleanup", Time since last: 1001122607 ns, Reaching safepoint: 20613 ns, Cleanup: 13144 ns, At safepoint: 9522 ns, Total: 43279 ns
[2025-05-23T02:58:34.789+0000][77][info ][safepoint   ] Safepoint "Cleanup", Time since last: 2000784444 ns, Reaching safepoint: 33848 ns, Cleanup: 17945 ns, At safepoint: 19194 ns, Total: 70987 ns
[2025-05-23T02:58:35.790+0000][77][info ][safepoint   ] Safepoint "Cleanup", Time since last: 1000538730 ns, Reaching safepoint: 19126 ns, Cleanup: 13497 ns, At safepoint: 8205 ns, Total: 40828 ns
[2025-05-23T02:58:46.524+0000][77][info ][safepoint   ] Safepoint "Cleanup", Time since last: 10733580251 ns, Reaching safepoint: 20968 ns, Cleanup: 13323 ns, At safepoint: 9463 ns, Total: 43754 ns
[2025-05-23T02:58:47.524+0000][77][info ][safepoint   ] Safepoint "Cleanup", Time since last: 1000532110 ns, Reaching safepoint: 21588 ns, Cleanup: 15615 ns, At safepoint: 10676 ns, Total: 47879 ns
[2025-05-23T02:58:54.526+0000][77][info ][safepoint   ] Safepoint "Cleanup", Time since last: 7001716324 ns, Reaching safepoint: 70546 ns, Cleanup: 19404 ns, At safepoint: 19504 ns, Total: 109454 ns
[2025-05-23T02:58:57.524+0000][77][info ][safepoint   ] Safepoint "Cleanup", Time since last: 3000859207 ns, Reaching safepoint: 32153 ns, Cleanup: 23755 ns, At safepoint: 17427 ns, Total: 73335 ns
[2025-05-23T02:58:58.798+0000][77][info ][safepoint   ] Safepoint "Cleanup", Time since last: 1273922920 ns, Reaching safepoint: 6387 ns, Cleanup: 21273 ns, At safepoint: 14251 ns, Total: 41911 ns
[2025-05-23T02:58:59.821+0000][77][info ][safepoint   ] Safepoint "Cleanup", Time since last: 1023104900 ns, Reaching safepoint: 32072 ns, Cleanup: 18894 ns, At safepoint: 17926 ns, Total: 68892 ns
[2025-05-23T02:59:01.822+0000][77][info ][safepoint   ] Safepoint "Cleanup", Time since last: 2000881175 ns, Reaching safepoint: 32952 ns, Cleanup: 18000 ns, At safepoint: 18385 ns, Total: 69337 ns
[2025-05-23T02:59:07.824+0000][77][info ][safepoint   ] Safepoint "Cleanup", Time since last: 6001387715 ns, Reaching safepoint: 95154 ns, Cleanup: 26931 ns, At safepoint: 18175 ns, Total: 140260 ns
[2025-05-23T02:59:12.825+0000][77][info ][safepoint   ] Safepoint "Cleanup", Time since last: 5001269019 ns, Reaching safepoint: 28605 ns, Cleanup: 18761 ns, At safepoint: 13254 ns, Total: 60620 ns
[2025-05-23T02:59:14.826+0000][77][info ][safepoint   ] Safepoint "Cleanup", Time since last: 2001249440 ns, Reaching safepoint: 32786 ns, Cleanup: 17365 ns, At safepoint: 19675 ns, Total: 69826 ns
[2025-05-23T02:59:19.828+0000][77][info ][safepoint   ] Safepoint "Cleanup", Time since last: 5001434062 ns, Reaching safepoint: 18879 ns, Cleanup: 14140 ns, At safepoint: 8991 ns, Total: 42010 ns
[2025-05-23T02:59:28.825+0000][77][info ][safepoint   ] Safepoint "Cleanup", Time since last: 9001952353 ns, Reaching safepoint: 71433 ns, Cleanup: 17513 ns, At safepoint: 16556 ns, Total: 105502 ns
[2025-05-23T02:59:35.827+0000][77][info ][safepoint   ] Safepoint "Cleanup", Time since last: 7002020603 ns, Reaching safepoint: 31705 ns, Cleanup: 16717 ns, At safepoint: 17024 ns, Total: 65446 ns
[2025-05-23T02:59:37.828+0000][77][info ][safepoint   ] Safepoint "Cleanup", Time since last: 2001043543 ns, Reaching safepoint: 27026 ns, Cleanup: 15922 ns, At safepoint: 12064 ns, Total: 55012 ns
[2025-05-23T02:59:40.829+0000][77][info ][safepoint   ] Safepoint "Cleanup", Time since last: 3001067913 ns, Reaching safepoint: 122699 ns, Cleanup: 18408 ns, At safepoint: 12259 ns, Total: 153366 ns
[2025-05-23T02:59:42.830+0000][77][info ][safepoint   ] Safepoint "Cleanup", Time since last: 2001022646 ns, Reaching safepoint: 22845 ns, Cleanup: 15137 ns, At safepoint: 9531 ns, Total: 47513 ns
[2025-05-23T02:59:44.561+0000][77][info ][safepoint   ] Safepoint "Cleanup", Time since last: 1730527557 ns, Reaching safepoint: 210551 ns, Cleanup: 21206 ns, At safepoint: 28964 ns, Total: 260721 ns
[2025-05-23T02:59:46.563+0000][77][info ][safepoint   ] Safepoint "Cleanup", Time since last: 2001951513 ns, Reaching safepoint: 26591 ns, Cleanup: 20927 ns, At safepoint: 12176 ns, Total: 59694 ns
[2025-05-23T02:59:54.565+0000][77][info ][safepoint   ] Safepoint "Cleanup", Time since last: 8001912079 ns, Reaching safepoint: 79351 ns, Cleanup: 12482 ns, At safepoint: 9224 ns, Total: 101057 ns
[2025-05-23T02:59:57.565+0000][77][info ][safepoint   ] Safepoint "Cleanup", Time since last: 3001021140 ns, Reaching safepoint: 30449 ns, Cleanup: 17492 ns, At safepoint: 17207 ns, Total: 65148 ns
[2025-05-23T03:00:01.144+0000][77][info ][safepoint   ] Safepoint "Cleanup", Time since last: 3578638467 ns, Reaching safepoint: 7764 ns, Cleanup: 10006 ns, At safepoint: 13781 ns, Total: 31551 ns
[2025-05-23T03:00:02.866+0000][77][info ][safepoint   ] Safepoint "Cleanup", Time since last: 1722054113 ns, Reaching safepoint: 25217 ns, Cleanup: 36265 ns, At safepoint: 11442 ns, Total: 72924 ns
[2025-05-23T03:00:03.867+0000][77][info ][safepoint   ] Safepoint "Cleanup", Time since last: 1000670448 ns, Reaching safepoint: 174299 ns, Cleanup: 27840 ns, At safepoint: 125159 ns, Total: 327298 ns
[2025-05-23T03:00:04.868+0000][77][info ][safepoint   ] Safepoint "Cleanup", Time since last: 1000655238 ns, Reaching safepoint: 25856 ns, Cleanup: 16253 ns, At safepoint: 11687 ns, Total: 53796 ns
[2025-05-23T03:00:07.869+0000][77][info ][safepoint   ] Safepoint "Cleanup", Time since last: 3001270307 ns, Reaching safepoint: 29734 ns, Cleanup: 21553 ns, At safepoint: 16666 ns, Total: 67953 ns
[2025-05-23T03:00:11.871+0000][77][info ][safepoint   ] Safepoint "Cleanup", Time since last: 4001228457 ns, Reaching safepoint: 67232 ns, Cleanup: 16240 ns, At safepoint: 16472 ns, Total: 99944 ns
[2025-05-23T03:00:12.871+0000][77][info ][safepoint   ] Safepoint "Cleanup", Time since last: 1000678668 ns, Reaching safepoint: 20617 ns, Cleanup: 16882 ns, At safepoint: 8177 ns, Total: 45676 ns
[2025-05-23T03:00:24.874+0000][77][info ][safepoint   ] Safepoint "Cleanup", Time since last: 12002276705 ns, Reaching safepoint: 242601 ns, Cleanup: 31074 ns, At safepoint: 27823 ns, Total: 301498 ns
[2025-05-23T03:00:27.872+0000][77][info ][safepoint   ] Safepoint "Cleanup", Time since last: 3001060678 ns, Reaching safepoint: 37670 ns, Cleanup: 18280 ns, At safepoint: 18011 ns, Total: 73961 ns
[2025-05-23T03:00:28.873+0000][77][info ][safepoint   ] Safepoint "Cleanup", Time since last: 1000590685 ns, Reaching safepoint: 25950 ns, Cleanup: 14994 ns, At safepoint: 10891 ns, Total: 51835 ns
[2025-05-23T03:00:32.875+0000][77][info ][safepoint   ] Safepoint "Cleanup", Time since last: 4001389140 ns, Reaching safepoint: 236169 ns, Cleanup: 18446 ns, At safepoint: 22316 ns, Total: 276931 ns
[2025-05-23T03:00:36.876+0000][77][info ][safepoint   ] Safepoint "Cleanup", Time since last: 4001344733 ns, Reaching safepoint: 89760 ns, Cleanup: 28917 ns, At safepoint: 12824 ns, Total: 131501 ns
[2025-05-23T03:00:37.878+0000][77][info ][safepoint   ] Safepoint "Cleanup", Time since last: 1001477680 ns, Reaching safepoint: 17891 ns, Cleanup: 14937 ns, At safepoint: 8452 ns, Total: 41280 ns
[2025-05-23T03:00:38.878+0000][77][info ][safepoint   ] Safepoint "Cleanup", Time since last: 1000581047 ns, Reaching safepoint: 38697 ns, Cleanup: 24700 ns, At safepoint: 16912 ns, Total: 80309 ns
[2025-05-23T03:00:46.598+0000][77][info ][safepoint   ] Safepoint "Cleanup", Time since last: 7719733920 ns, Reaching safepoint: 58822 ns, Cleanup: 16442 ns, At safepoint: 9280 ns, Total: 84544 ns
[2025-05-23T03:00:47.599+0000][77][info ][safepoint   ] Safepoint "Cleanup", Time since last: 1000690070 ns, Reaching safepoint: 28705 ns, Cleanup: 26223 ns, At safepoint: 17613 ns, Total: 72541 ns
[2025-05-23T03:00:49.600+0000][77][info ][safepoint   ] Safepoint "Cleanup", Time since last: 2001352663 ns, Reaching safepoint: 27179 ns, Cleanup: 25108 ns, At safepoint: 16827 ns, Total: 69114 ns
[2025-05-23T03:01:01.601+0000][77][info ][safepoint   ] Safepoint "Cleanup", Time since last: 12003170942 ns, Reaching safepoint: 106652 ns, Cleanup: 26187 ns, At safepoint: 18492 ns, Total: 151331 ns
[2025-05-23T03:01:04.173+0000][77][info ][safepoint   ] Safepoint "Cleanup", Time since last: 2572086223 ns, Reaching safepoint: 171007 ns, Cleanup: 17404 ns, At safepoint: 49335 ns, Total: 237746 ns
[2025-05-23T03:01:05.927+0000][77][info ][safepoint   ] Safepoint "Cleanup", Time since last: 1753506473 ns, Reaching safepoint: 28960 ns, Cleanup: 26950 ns, At safepoint: 16938 ns, Total: 72848 ns
[2025-05-23T03:01:06.928+0000][77][info ][safepoint   ] Safepoint "Cleanup", Time since last: 1001059348 ns, Reaching safepoint: 24593 ns, Cleanup: 16405 ns, At safepoint: 57698 ns, Total: 98696 ns
[2025-05-23T03:01:16.932+0000][77][info ][safepoint   ] Safepoint "Cleanup", Time since last: 10004420207 ns, Reaching safepoint: 72845 ns, Cleanup: 19724 ns, At safepoint: 16708 ns, Total: 109277 ns
[2025-05-23T03:01:18.962+0000][77][info ][safepoint   ] Safepoint "Cleanup", Time since last: 2029262931 ns, Reaching safepoint: 29526 ns, Cleanup: 22223 ns, At safepoint: 15785 ns, Total: 67534 ns
[2025-05-23T03:01:20.951+0000][77][info ][safepoint   ] Safepoint "Cleanup", Time since last: 1989495381 ns, Reaching safepoint: 21536 ns, Cleanup: 32720 ns, At safepoint: 12516 ns, Total: 66772 ns
[2025-05-23T03:01:21.952+0000][77][info ][safepoint   ] Safepoint "Cleanup", Time since last: 1001160120 ns, Reaching safepoint: 29511 ns, Cleanup: 21923 ns, At safepoint: 18294 ns, Total: 69728 ns
[2025-05-23T03:01:22.973+0000][77][info ][safepoint   ] Safepoint "Cleanup", Time since last: 1020362429 ns, Reaching safepoint: 8411 ns, Cleanup: 13139 ns, At safepoint: 19382 ns, Total: 40932 ns
[2025-05-23T03:01:23.985+0000][77][info ][safepoint   ] Safepoint "Cleanup", Time since last: 1012511083 ns, Reaching safepoint: 20853 ns, Cleanup: 16057 ns, At safepoint: 10096 ns, Total: 47006 ns
[2025-05-23T03:01:25.016+0000][77][info ][safepoint   ] Safepoint "Cleanup", Time since last: 1030498198 ns, Reaching safepoint: 24537 ns, Cleanup: 19309 ns, At safepoint: 14423 ns, Total: 58269 ns
[2025-05-23T03:01:27.014+0000][77][info ][safepoint   ] Safepoint "Cleanup", Time since last: 2001030001 ns, Reaching safepoint: 22723 ns, Cleanup: 21873 ns, At safepoint: 13132 ns, Total: 57728 ns
[2025-05-23T03:01:32.016+0000][77][info ][safepoint   ] Safepoint "Cleanup", Time since last: 5001877155 ns, Reaching safepoint: 19376 ns, Cleanup: 14592 ns, At safepoint: 10061 ns, Total: 44029 ns
[2025-05-23T03:01:37.018+0000][77][info ][safepoint   ] Safepoint "Cleanup", Time since last: 5002367494 ns, Reaching safepoint: 23399 ns, Cleanup: 15270 ns, At safepoint: 13641 ns, Total: 52310 ns
[2025-05-23T03:01:42.020+0000][77][info ][safepoint   ] Safepoint "Cleanup", Time since last: 5002256528 ns, Reaching safepoint: 82319 ns, Cleanup: 15845 ns, At safepoint: 12586 ns, Total: 110750 ns
[2025-05-23T03:01:46.647+0000][77][info ][safepoint   ] Safepoint "Cleanup", Time since last: 4626417384 ns, Reaching safepoint: 26805 ns, Cleanup: 19815 ns, At safepoint: 19111 ns, Total: 65731 ns
[2025-05-23T03:01:53.025+0000][77][info ][safepoint   ] Safepoint "Cleanup", Time since last: 6377785369 ns, Reaching safepoint: 23343 ns, Cleanup: 16517 ns, At safepoint: 11575 ns, Total: 51435 ns
[2025-05-23T03:01:59.094+0000][77][info ][safepoint   ] Safepoint "Cleanup", Time since last: 6002505336 ns, Reaching safepoint: 68405527 ns, Cleanup: 42715 ns, At safepoint: 345561 ns, Total: 68793803 ns
[2025-05-23T03:02:00.138+0000][77][info ][safepoint   ] Safepoint "Cleanup", Time since last: 1043819846 ns, Reaching safepoint: 71236 ns, Cleanup: 18181 ns, At safepoint: 87275 ns, Total: 176692 ns
[2025-05-23T03:02:04.896+0000][77][info ][safepoint   ] Safepoint "Cleanup", Time since last: 4757386420 ns, Reaching safepoint: 725622 ns, Cleanup: 41162 ns, At safepoint: 106345 ns, Total: 873129 ns
[2025-05-23T03:02:06.294+0000][77][info ][safepoint   ] Safepoint "Cleanup", Time since last: 1398246280 ns, Reaching safepoint: 50364 ns, Cleanup: 46315 ns, At safepoint: 9457 ns, Total: 106136 ns
[2025-05-23T03:02:10.295+0000][77][info ][safepoint   ] Safepoint "Cleanup", Time since last: 4000959096 ns, Reaching safepoint: 62778 ns, Cleanup: 15532 ns, At safepoint: 9207 ns, Total: 87517 ns
[2025-05-23T03:02:16.297+0000][77][info ][safepoint   ] Safepoint "Cleanup", Time since last: 6001887920 ns, Reaching safepoint: 84154 ns, Cleanup: 17137 ns, At safepoint: 18374 ns, Total: 119665 ns
[2025-05-23T03:02:27.298+0000][77][info ][safepoint   ] Safepoint "Cleanup", Time since last: 11002832651 ns, Reaching safepoint: 75125 ns, Cleanup: 18195 ns, At safepoint: 104010 ns, Total: 197330 ns
[2025-05-23T03:02:35.300+0000][77][info ][safepoint   ] Safepoint "Cleanup", Time since last: 8001935347 ns, Reaching safepoint: 166987 ns, Cleanup: 15067 ns, At safepoint: 12902 ns, Total: 194956 ns
[2025-05-23T03:02:36.301+0000][77][info ][safepoint   ] Safepoint "Cleanup", Time since last: 1000783017 ns, Reaching safepoint: 31196 ns, Cleanup: 16716 ns, At safepoint: 18913 ns, Total: 66825 ns
[2025-05-23T03:02:43.303+0000][77][info ][safepoint   ] Safepoint "Cleanup", Time since last: 7001953292 ns, Reaching safepoint: 65803 ns, Cleanup: 17000 ns, At safepoint: 18367 ns, Total: 101170 ns
[2025-05-23T03:02:47.643+0000][77][info ][safepoint   ] Safepoint "Cleanup", Time since last: 4340540445 ns, Reaching safepoint: 33325 ns, Cleanup: 19153 ns, At safepoint: 20566 ns, Total: 73044 ns
[2025-05-23T03:02:49.644+0000][77][info ][safepoint   ] Safepoint "Cleanup", Time since last: 2000855075 ns, Reaching safepoint: 31036 ns, Cleanup: 16390 ns, At safepoint: 16948 ns, Total: 64374 ns
[2025-05-23T03:02:58.644+0000][77][info ][safepoint   ] Safepoint "Cleanup", Time since last: 9002285563 ns, Reaching safepoint: 58819 ns, Cleanup: 19775 ns, At safepoint: 10796 ns, Total: 89390 ns
[2025-05-23T03:03:02.645+0000][77][info ][safepoint   ] Safepoint "Cleanup", Time since last: 4001344558 ns, Reaching safepoint: 33801 ns, Cleanup: 20429 ns, At safepoint: 19779 ns, Total: 74009 ns
[2025-05-23T03:03:04.646+0000][77][info ][safepoint   ] Safepoint "Cleanup", Time since last: 2000907859 ns, Reaching safepoint: 31976 ns, Cleanup: 20802 ns, At safepoint: 18657 ns, Total: 71435 ns
[2025-05-23T03:03:07.149+0000][77][info ][safepoint   ] Safepoint "Cleanup", Time since last: 2502548771 ns, Reaching safepoint: 200859 ns, Cleanup: 20350 ns, At safepoint: 45369 ns, Total: 266578 ns
[2025-05-23T03:03:08.431+0000][77][info ][safepoint   ] Safepoint "Cleanup", Time since last: 1282036861 ns, Reaching safepoint: 29958 ns, Cleanup: 23721 ns, At safepoint: 17632 ns, Total: 71311 ns
[2025-05-23T03:03:22.434+0000][77][info ][safepoint   ] Safepoint "Cleanup", Time since last: 14003298796 ns, Reaching safepoint: 33782 ns, Cleanup: 18401 ns, At safepoint: 20490 ns, Total: 72673 ns
[2025-05-23T03:03:37.435+0000][77][info ][safepoint   ] Safepoint "Cleanup", Time since last: 15003184924 ns, Reaching safepoint: 156389 ns, Cleanup: 15868 ns, At safepoint: 11370 ns, Total: 183627 ns
[2025-05-23T03:03:40.437+0000][77][info ][safepoint   ] Safepoint "Cleanup", Time since last: 3001591987 ns, Reaching safepoint: 108999 ns, Cleanup: 34107 ns, At safepoint: 20508 ns, Total: 163614 ns
[2025-05-23T03:03:49.677+0000][77][info ][safepoint   ] Safepoint "Cleanup", Time since last: 9239882156 ns, Reaching safepoint: 93316 ns, Cleanup: 13672 ns, At safepoint: 9186 ns, Total: 116174 ns
[2025-05-23T03:03:53.678+0000][77][info ][safepoint   ] Safepoint "Cleanup", Time since last: 4001291496 ns, Reaching safepoint: 31241 ns, Cleanup: 17319 ns, At safepoint: 17600 ns, Total: 66160 ns
[2025-05-23T03:04:02.678+0000][77][info ][safepoint   ] Safepoint "Cleanup", Time since last: 9002149636 ns, Reaching safepoint: 94509 ns, Cleanup: 17166 ns, At safepoint: 11209 ns, Total: 122884 ns
[2025-05-23T03:04:04.679+0000][77][info ][safepoint   ] Safepoint "Cleanup", Time since last: 2000867473 ns, Reaching safepoint: 20785 ns, Cleanup: 17523 ns, At safepoint: 9868 ns, Total: 48176 ns
[2025-05-23T03:04:07.680+0000][77][info ][safepoint   ] Safepoint "Cleanup", Time since last: 3001293485 ns, Reaching safepoint: 30403 ns, Cleanup: 21284 ns, At safepoint: 16465 ns, Total: 68152 ns
[2025-05-23T03:04:10.175+0000][77][info ][safepoint   ] Safepoint "Cleanup", Time since last: 2494470597 ns, Reaching safepoint: 16490 ns, Cleanup: 28861 ns, At safepoint: 18235 ns, Total: 63586 ns
[2025-05-23T03:04:11.493+0000][77][info ][safepoint   ] Safepoint "Cleanup", Time since last: 1317949711 ns, Reaching safepoint: 31665 ns, Cleanup: 18239 ns, At safepoint: 18473 ns, Total: 68377 ns
[2025-05-23T03:04:22.496+0000][77][info ][safepoint   ] Safepoint "Cleanup", Time since last: 11002604036 ns, Reaching safepoint: 45721 ns, Cleanup: 20986 ns, At safepoint: 21633 ns, Total: 88340 ns
[2025-05-23T03:04:30.495+0000][77][info ][safepoint   ] Safepoint "Cleanup", Time since last: 8002629045 ns, Reaching safepoint: 44933 ns, Cleanup: 15478 ns, At safepoint: 11410 ns, Total: 71821 ns
[2025-05-23T03:04:36.497+0000][77][info ][safepoint   ] Safepoint "Cleanup", Time since last: 6001771531 ns, Reaching safepoint: 159016 ns, Cleanup: 17340 ns, At safepoint: 20043 ns, Total: 196399 ns
[2025-05-23T03:04:55.712+0000][77][info ][safepoint   ] Safepoint "Cleanup", Time since last: 19215081913 ns, Reaching safepoint: 80318 ns, Cleanup: 17818 ns, At safepoint: 18928 ns, Total: 117064 ns
[2025-05-23T03:04:58.712+0000][77][info ][safepoint   ] Safepoint "Cleanup", Time since last: 3001742588 ns, Reaching safepoint: 32351 ns, Cleanup: 18986 ns, At safepoint: 18780 ns, Total: 70117 ns
[2025-05-23T03:05:02.713+0000][77][info ][safepoint   ] Safepoint "Cleanup", Time since last: 4001337664 ns, Reaching safepoint: 26571 ns, Cleanup: 13038 ns, At safepoint: 9906 ns, Total: 49515 ns
[2025-05-23T03:05:04.714+0000][77][info ][safepoint   ] Safepoint "Cleanup", Time since last: 2000947564 ns, Reaching safepoint: 27544 ns, Cleanup: 17787 ns, At safepoint: 10442 ns, Total: 55773 ns
[2025-05-23T03:05:05.715+0000][77][info ][safepoint   ] Safepoint "Cleanup", Time since last: 1000618044 ns, Reaching safepoint: 20542 ns, Cleanup: 14017 ns, At safepoint: 10331 ns, Total: 44890 ns
[2025-05-23T03:05:07.716+0000][77][info ][safepoint   ] Safepoint "Cleanup", Time since last: 2000838562 ns, Reaching safepoint: 30630 ns, Cleanup: 18475 ns, At safepoint: 20462 ns, Total: 69567 ns
[2025-05-23T03:05:13.144+0000][77][info ][safepoint   ] Safepoint "Cleanup", Time since last: 5428843768 ns, Reaching safepoint: 12826 ns, Cleanup: 9730 ns, At safepoint: 17861 ns, Total: 40417 ns
[2025-05-23T03:05:14.598+0000][77][info ][safepoint   ] Safepoint "Cleanup", Time since last: 1453609184 ns, Reaching safepoint: 23443 ns, Cleanup: 22521 ns, At safepoint: 10131 ns, Total: 56095 ns
[2025-05-23T03:05:24.618+0000][77][info ][safepoint   ] Safepoint "Cleanup", Time since last: 10020261890 ns, Reaching safepoint: 85923 ns, Cleanup: 20843 ns, At safepoint: 18633 ns, Total: 125399 ns
[2025-05-23T03:05:34.619+0000][77][info ][safepoint   ] Safepoint "Cleanup", Time since last: 10003102653 ns, Reaching safepoint: 31620 ns, Cleanup: 17491 ns, At safepoint: 18209 ns, Total: 67320 ns
[2025-05-23T03:05:37.620+0000][77][info ][safepoint   ] Safepoint "Cleanup", Time since last: 3001331516 ns, Reaching safepoint: 32099 ns, Cleanup: 19199 ns, At safepoint: 18993 ns, Total: 70291 ns
[2025-05-23T03:05:43.622+0000][77][info ][safepoint   ] Safepoint "Cleanup", Time since last: 6001773998 ns, Reaching safepoint: 31822 ns, Cleanup: 18107 ns, At safepoint: 17224 ns, Total: 67153 ns
[2025-05-23T03:05:44.748+0000][77][info ][safepoint   ] Safepoint "Cleanup", Time since last: 1125410571 ns, Reaching safepoint: 19481 ns, Cleanup: 13441 ns, At safepoint: 9711 ns, Total: 42633 ns
[2025-05-23T03:05:45.749+0000][77][info ][safepoint   ] Safepoint "Cleanup", Time since last: 1000873930 ns, Reaching safepoint: 19062 ns, Cleanup: 24095 ns, At safepoint: 9094 ns, Total: 52251 ns
[2025-05-23T03:05:46.749+0000][77][info ][safepoint   ] Safepoint "Cleanup", Time since last: 1000791983 ns, Reaching safepoint: 30707 ns, Cleanup: 16746 ns, At safepoint: 16441 ns, Total: 63894 ns
[2025-05-23T03:05:52.751+0000][77][info ][safepoint   ] Safepoint "Cleanup", Time since last: 6001498984 ns, Reaching safepoint: 107641 ns, Cleanup: 15639 ns, At safepoint: 10068 ns, Total: 133348 ns
[2025-05-23T03:06:04.752+0000][77][info ][safepoint   ] Safepoint "Cleanup", Time since last: 12002696852 ns, Reaching safepoint: 385611 ns, Cleanup: 23473 ns, At safepoint: 25349 ns, Total: 434433 ns
[2025-05-23T03:06:05.753+0000][77][info ][safepoint   ] Safepoint "Cleanup", Time since last: 1000882083 ns, Reaching safepoint: 30310 ns, Cleanup: 19404 ns, At safepoint: 17345 ns, Total: 67059 ns
[2025-05-23T03:06:07.754+0000][77][info ][safepoint   ] Safepoint "Cleanup", Time since last: 2000973170 ns, Reaching safepoint: 32261 ns, Cleanup: 74271 ns, At safepoint: 20114 ns, Total: 126646 ns
[2025-05-23T03:06:12.755+0000][77][info ][safepoint   ] Safepoint "Cleanup", Time since last: 5001764116 ns, Reaching safepoint: 32038 ns, Cleanup: 17778 ns, At safepoint: 18168 ns, Total: 67984 ns
[2025-05-23T03:06:16.168+0000][77][info ][safepoint   ] Safepoint "Cleanup", Time since last: 3412847228 ns, Reaching safepoint: 11774 ns, Cleanup: 8704 ns, At safepoint: 30941 ns, Total: 51419 ns
[2025-05-23T03:06:17.643+0000][77][info ][safepoint   ] Safepoint "Cleanup", Time since last: 1474574231 ns, Reaching safepoint: 72875 ns, Cleanup: 30132 ns, At safepoint: 31773 ns, Total: 134780 ns
[2025-05-23T03:06:22.154+0000][77][info ][safepoint   ] Safepoint "Cleanup", Time since last: 4510503429 ns, Reaching safepoint: 8496 ns, Cleanup: 11695 ns, At safepoint: 14210 ns, Total: 34401 ns
[2025-05-23T03:06:23.660+0000][77][info ][safepoint   ] Safepoint "Cleanup", Time since last: 1506630101 ns, Reaching safepoint: 19134 ns, Cleanup: 15029 ns, At safepoint: 9664 ns, Total: 43827 ns
[2025-05-23T03:06:24.670+0000][77][info ][safepoint   ] Safepoint "Cleanup", Time since last: 1009642408 ns, Reaching safepoint: 19923 ns, Cleanup: 16327 ns, At safepoint: 8612 ns, Total: 44862 ns
[2025-05-23T03:06:25.678+0000][77][info ][safepoint   ] Safepoint "Cleanup", Time since last: 1008365735 ns, Reaching safepoint: 15825 ns, Cleanup: 20174 ns, At safepoint: 22405 ns, Total: 58404 ns
[2025-05-23T03:06:26.686+0000][77][info ][safepoint   ] Safepoint "Cleanup", Time since last: 1010117861 ns, Reaching safepoint: 25738 ns, Cleanup: 24154 ns, At safepoint: 13287 ns, Total: 63179 ns
[2025-05-23T03:06:27.724+0000][77][info ][safepoint   ] Safepoint "Cleanup", Time since last: 1037868071 ns, Reaching safepoint: 28919 ns, Cleanup: 16321 ns, At safepoint: 12358 ns, Total: 57598 ns
[2025-05-23T03:06:32.751+0000][77][info ][safepoint   ] Safepoint "Cleanup", Time since last: 5027479729 ns, Reaching safepoint: 201480 ns, Cleanup: 24213 ns, At safepoint: 31952 ns, Total: 257645 ns
[2025-05-23T03:06:37.753+0000][77][info ][safepoint   ] Safepoint "Cleanup", Time since last: 5001413161 ns, Reaching safepoint: 123501 ns, Cleanup: 18814 ns, At safepoint: 22841 ns, Total: 165156 ns
[2025-05-23T03:06:52.016+0000][77][info ][safepoint   ] Safepoint "Cleanup", Time since last: 14262885212 ns, Reaching safepoint: 6848 ns, Cleanup: 9066 ns, At safepoint: 14909 ns, Total: 30823 ns
[2025-05-23T03:06:53.644+0000][77][info ][safepoint   ] Safepoint "Cleanup", Time since last: 1628632422 ns, Reaching safepoint: 18311 ns, Cleanup: 16013 ns, At safepoint: 9222 ns, Total: 43546 ns
[2025-05-23T03:06:57.643+0000][77][info ][safepoint   ] Safepoint "Cleanup", Time since last: 4001125095 ns, Reaching safepoint: 31256 ns, Cleanup: 17770 ns, At safepoint: 16656 ns, Total: 65682 ns
[2025-05-23T03:06:58.644+0000][77][info ][safepoint   ] Safepoint "Cleanup", Time since last: 1000915089 ns, Reaching safepoint: 31512 ns, Cleanup: 19239 ns, At safepoint: 16692 ns, Total: 67443 ns
[2025-05-23T03:07:02.645+0000][77][info ][safepoint   ] Safepoint "Cleanup", Time since last: 4001287144 ns, Reaching safepoint: 160051 ns, Cleanup: 187437 ns, At safepoint: 133643 ns, Total: 481131 ns
[2025-05-23T03:07:04.646+0000][77][info ][safepoint   ] Safepoint "Cleanup", Time since last: 2001039751 ns, Reaching safepoint: 24071 ns, Cleanup: 20221 ns, At safepoint: 11193 ns, Total: 55485 ns
[2025-05-23T03:07:05.647+0000][77][info ][safepoint   ] Safepoint "Cleanup", Time since last: 1000561417 ns, Reaching safepoint: 28676 ns, Cleanup: 18112 ns, At safepoint: 12305 ns, Total: 59093 ns
[2025-05-23T03:07:07.648+0000][77][info ][safepoint   ] Safepoint "Cleanup", Time since last: 2000955717 ns, Reaching safepoint: 32919 ns, Cleanup: 19381 ns, At safepoint: 140554 ns, Total: 192854 ns
[2025-05-23T03:07:12.650+0000][77][info ][safepoint   ] Safepoint "Cleanup", Time since last: 5001538433 ns, Reaching safepoint: 34049 ns, Cleanup: 18534 ns, At safepoint: 20977 ns, Total: 73560 ns
[2025-05-23T03:07:19.145+0000][77][info ][safepoint   ] Safepoint "Cleanup", Time since last: 6494085941 ns, Reaching safepoint: 375240 ns, Cleanup: 25728 ns, At safepoint: 245008 ns, Total: 645976 ns
[2025-05-23T03:07:20.790+0000][77][info ][safepoint   ] Safepoint "Cleanup", Time since last: 1645382145 ns, Reaching safepoint: 18203 ns, Cleanup: 17636 ns, At safepoint: 9581 ns, Total: 45420 ns
[2025-05-23T03:07:22.791+0000][77][info ][safepoint   ] Safepoint "Cleanup", Time since last: 2001103054 ns, Reaching safepoint: 59858 ns, Cleanup: 37643 ns, At safepoint: 21220 ns, Total: 118721 ns
[2025-05-23T03:07:35.792+0000][77][info ][safepoint   ] Safepoint "Cleanup", Time since last: 13002668198 ns, Reaching safepoint: 108816 ns, Cleanup: 15169 ns, At safepoint: 10591 ns, Total: 134576 ns
[2025-05-23T03:07:37.793+0000][77][info ][safepoint   ] Safepoint "Cleanup", Time since last: 2000809709 ns, Reaching safepoint: 34276 ns, Cleanup: 17027 ns, At safepoint: 19378 ns, Total: 70681 ns
[2025-05-23T03:07:44.824+0000][77][info ][safepoint   ] Safepoint "Cleanup", Time since last: 7031152678 ns, Reaching safepoint: 20276 ns, Cleanup: 16870 ns, At safepoint: 10207 ns, Total: 47353 ns
[2025-05-23T03:07:52.826+0000][77][info ][safepoint   ] Safepoint "Cleanup", Time since last: 8001687122 ns, Reaching safepoint: 44269 ns, Cleanup: 16396 ns, At safepoint: 8532 ns, Total: 69197 ns
[2025-05-23T03:07:54.827+0000][77][info ][safepoint   ] Safepoint "Cleanup", Time since last: 2000887878 ns, Reaching safepoint: 31630 ns, Cleanup: 16283 ns, At safepoint: 16904 ns, Total: 64817 ns
[2025-05-23T03:07:57.825+0000][77][info ][safepoint   ] Safepoint "Cleanup", Time since last: 3001157369 ns, Reaching safepoint: 32243 ns, Cleanup: 25861 ns, At safepoint: 17974 ns, Total: 76078 ns
[2025-05-23T03:08:03.827+0000][77][info ][safepoint   ] Safepoint "Cleanup", Time since last: 6001503506 ns, Reaching safepoint: 21879 ns, Cleanup: 12904 ns, At safepoint: 9177 ns, Total: 43960 ns
[2025-05-23T03:08:22.159+0000][77][info ][safepoint   ] Safepoint "Cleanup", Time since last: 18331404384 ns, Reaching safepoint: 290075 ns, Cleanup: 22543 ns, At safepoint: 176300 ns, Total: 488918 ns
[2025-05-23T03:08:23.857+0000][77][info ][safepoint   ] Safepoint "Cleanup", Time since last: 1698306375 ns, Reaching safepoint: 35012 ns, Cleanup: 28514 ns, At safepoint: 19493 ns, Total: 83019 ns
[2025-05-23T03:08:25.858+0000][77][info ][safepoint   ] Safepoint "Cleanup", Time since last: 2000832898 ns, Reaching safepoint: 31588 ns, Cleanup: 18150 ns, At safepoint: 18521 ns, Total: 68259 ns
[2025-05-23T03:08:27.856+0000][77][info ][safepoint   ] Safepoint "Cleanup", Time since last: 2001066210 ns, Reaching safepoint: 43272 ns, Cleanup: 17939 ns, At safepoint: 77286 ns, Total: 138497 ns
[2025-05-23T03:08:54.864+0000][77][info ][safepoint   ] Safepoint "Cleanup", Time since last: 27007198567 ns, Reaching safepoint: 69368 ns, Cleanup: 18629 ns, At safepoint: 17880 ns, Total: 105877 ns
[2025-05-23T03:09:03.863+0000][77][info ][safepoint   ] Safepoint "Cleanup", Time since last: 9002452734 ns, Reaching safepoint: 30684 ns, Cleanup: 17026 ns, At safepoint: 18213 ns, Total: 65923 ns
[2025-05-23T03:09:19.866+0000][77][info ][safepoint   ] Safepoint "Cleanup", Time since last: 16003152718 ns, Reaching safepoint: 94363 ns, Cleanup: 16967 ns, At safepoint: 14021 ns, Total: 125351 ns
[2025-05-23T03:09:22.868+0000][77][info ][safepoint   ] Safepoint "Cleanup", Time since last: 3001377863 ns, Reaching safepoint: 70578 ns, Cleanup: 17175 ns, At safepoint: 33885 ns, Total: 121638 ns
[2025-05-23T03:09:25.145+0000][77][info ][safepoint   ] Safepoint "Cleanup", Time since last: 2277195276 ns, Reaching safepoint: 18062 ns, Cleanup: 22283 ns, At safepoint: 89397 ns, Total: 129742 ns
[2025-05-23T03:09:26.934+0000][77][info ][safepoint   ] Safepoint "Cleanup", Time since last: 1790850423 ns, Reaching safepoint: 195799 ns, Cleanup: 92065 ns, At safepoint: 28695 ns, Total: 316559 ns
[2025-05-23T03:09:34.937+0000][77][info ][safepoint   ] Safepoint "Cleanup", Time since last: 8002543966 ns, Reaching safepoint: 118258 ns, Cleanup: 21624 ns, At safepoint: 21387 ns, Total: 161269 ns
[2025-05-23T03:09:36.938+0000][77][info ][safepoint   ] Safepoint "Cleanup", Time since last: 2000948220 ns, Reaching safepoint: 30583 ns, Cleanup: 17175 ns, At safepoint: 17897 ns, Total: 65655 ns
[2025-05-23T03:09:42.940+0000][77][info ][safepoint   ] Safepoint "Cleanup", Time since last: 6001821160 ns, Reaching safepoint: 21288 ns, Cleanup: 14163 ns, At safepoint: 10402 ns, Total: 45853 ns
[2025-05-23T03:09:49.899+0000][77][info ][safepoint   ] Safepoint "Cleanup", Time since last: 6959628731 ns, Reaching safepoint: 32668 ns, Cleanup: 17066 ns, At safepoint: 16394 ns, Total: 66128 ns
[2025-05-23T03:10:01.899+0000][77][info ][safepoint   ] Safepoint "Cleanup", Time since last: 12002660140 ns, Reaching safepoint: 48296 ns, Cleanup: 11422 ns, At safepoint: 9092 ns, Total: 68810 ns
[2025-05-23T03:10:03.900+0000][77][info ][safepoint   ] Safepoint "Cleanup", Time since last: 2000947611 ns, Reaching safepoint: 28960 ns, Cleanup: 19558 ns, At safepoint: 13407 ns, Total: 61925 ns
[2025-05-23T03:10:04.901+0000][77][info ][safepoint   ] Safepoint "Cleanup", Time since last: 1000631861 ns, Reaching safepoint: 21607 ns, Cleanup: 13677 ns, At safepoint: 9720 ns, Total: 45004 ns
[2025-05-23T03:10:06.902+0000][77][info ][safepoint   ] Safepoint "Cleanup", Time since last: 2000929116 ns, Reaching safepoint: 33974 ns, Cleanup: 17851 ns, At safepoint: 19029 ns, Total: 70854 ns
[2025-05-23T03:10:17.055+0000][77][info ][safepoint   ] Safepoint "Cleanup", Time since last: 10152946949 ns, Reaching safepoint: 104229 ns, Cleanup: 23067 ns, At safepoint: 20924 ns, Total: 148220 ns
[2025-05-23T03:10:26.058+0000][77][info ][safepoint   ] Safepoint "Cleanup", Time since last: 9002323003 ns, Reaching safepoint: 231578 ns, Cleanup: 19779 ns, At safepoint: 24182 ns, Total: 275539 ns
[2025-05-23T03:10:27.056+0000][77][info ][safepoint   ] Safepoint "Cleanup", Time since last: 1000794975 ns, Reaching safepoint: 30105 ns, Cleanup: 19680 ns, At safepoint: 17611 ns, Total: 67396 ns
[2025-05-23T03:10:28.174+0000][77][info ][safepoint   ] Safepoint "Cleanup", Time since last: 1117650784 ns, Reaching safepoint: 20634 ns, Cleanup: 14806 ns, At safepoint: 20606 ns, Total: 56046 ns
[2025-05-23T03:10:29.994+0000][77][info ][safepoint   ] Safepoint "Cleanup", Time since last: 1820607190 ns, Reaching safepoint: 36153 ns, Cleanup: 26096 ns, At safepoint: 20373 ns, Total: 82622 ns
[2025-05-23T03:10:43.955+0000][77][info ][safepoint   ] Safepoint "Cleanup", Time since last: 13960862857 ns, Reaching safepoint: 14212 ns, Cleanup: 14588 ns, At safepoint: 11144 ns, Total: 39944 ns
[2025-05-23T03:11:03.957+0000][77][info ][safepoint   ] Safepoint "Cleanup", Time since last: 20005088512 ns, Reaching safepoint: 227532 ns, Cleanup: 19024 ns, At safepoint: 26258 ns, Total: 272814 ns
[2025-05-23T03:11:14.961+0000][77][info ][safepoint   ] Safepoint "Cleanup", Time since last: 11003058734 ns, Reaching safepoint: 46759 ns, Cleanup: 19563 ns, At safepoint: 18865 ns, Total: 85187 ns
[2025-05-23T03:11:16.962+0000][77][info ][safepoint   ] Safepoint "Cleanup", Time since last: 2000881433 ns, Reaching safepoint: 22544 ns, Cleanup: 15200 ns, At safepoint: 10750 ns, Total: 48494 ns
[2025-05-23T03:11:26.017+0000][77][info ][safepoint   ] Safepoint "Cleanup", Time since last: 9055596542 ns, Reaching safepoint: 47789 ns, Cleanup: 14851 ns, At safepoint: 26469 ns, Total: 89109 ns
[2025-05-23T03:11:28.136+0000][77][info ][safepoint   ] Safepoint "Cleanup", Time since last: 2121163496 ns, Reaching safepoint: 14182 ns, Cleanup: 12890 ns, At safepoint: 18678 ns, Total: 45750 ns
[2025-05-23T03:11:30.048+0000][77][info ][safepoint   ] Safepoint "Cleanup", Time since last: 1911972976 ns, Reaching safepoint: 73411 ns, Cleanup: 57578 ns, At safepoint: 16562 ns, Total: 147551 ns
[2025-05-23T03:11:31.056+0000][77][info ][safepoint   ] Safepoint "Cleanup", Time since last: 1007551822 ns, Reaching safepoint: 251340 ns, Cleanup: 24341 ns, At safepoint: 25420 ns, Total: 301101 ns
[2025-05-23T03:11:32.117+0000][77][info ][safepoint   ] Safepoint "Cleanup", Time since last: 1060141241 ns, Reaching safepoint: 297036 ns, Cleanup: 20806 ns, At safepoint: 46202 ns, Total: 364044 ns
[2025-05-23T03:11:35.132+0000][77][info ][safepoint   ] Safepoint "Cleanup", Time since last: 3015417967 ns, Reaching safepoint: 22852 ns, Cleanup: 14493 ns, At safepoint: 10402 ns, Total: 47747 ns
[2025-05-23T03:11:36.133+0000][77][info ][safepoint   ] Safepoint "Cleanup", Time since last: 1000740966 ns, Reaching safepoint: 34155 ns, Cleanup: 17840 ns, At safepoint: 19964 ns, Total: 71959 ns
[2025-05-23T03:11:44.994+0000][77][info ][safepoint   ] Safepoint "Cleanup", Time since last: 8860725428 ns, Reaching safepoint: 21254 ns, Cleanup: 13006 ns, At safepoint: 10440 ns, Total: 44700 ns
[2025-05-23T03:11:46.995+0000][77][info ][safepoint   ] Safepoint "Cleanup", Time since last: 2000883625 ns, Reaching safepoint: 20765 ns, Cleanup: 14642 ns, At safepoint: 21464 ns, Total: 56871 ns
[2025-05-23T03:11:52.037+0000][77][info ][safepoint   ] Safepoint "Cleanup", Time since last: 5041937310 ns, Reaching safepoint: 28562 ns, Cleanup: 17320 ns, At safepoint: 85168 ns, Total: 131050 ns
[2025-05-23T03:12:27.050+0000][77][info ][safepoint   ] Safepoint "Cleanup", Time since last: 35019210356 ns, Reaching safepoint: 67171 ns, Cleanup: 73439 ns, At safepoint: 13783 ns, Total: 154393 ns
[2025-05-23T03:12:35.143+0000][77][info ][safepoint   ] Safepoint "Cleanup", Time since last: 8092859034 ns, Reaching safepoint: 47164 ns, Cleanup: 15970 ns, At safepoint: 10378 ns, Total: 73512 ns
[2025-05-23T03:12:39.191+0000][77][info ][safepoint   ] Safepoint "Cleanup", Time since last: 4047743066 ns, Reaching safepoint: 31013 ns, Cleanup: 16977 ns, At safepoint: 17421 ns, Total: 65411 ns
[2025-05-23T03:12:59.027+0000][77][info ][safepoint   ] Safepoint "Cleanup", Time since last: 19838410992 ns, Reaching safepoint: 76893 ns, Cleanup: 18575 ns, At safepoint: 19847 ns, Total: 115315 ns
[2025-05-23T03:13:04.028+0000][77][info ][safepoint   ] Safepoint "Cleanup", Time since last: 5001314986 ns, Reaching safepoint: 72428 ns, Cleanup: 26783 ns, At safepoint: 12720 ns, Total: 111931 ns
[2025-05-23T03:13:07.029+0000][77][info ][safepoint   ] Safepoint "Cleanup", Time since last: 3000885229 ns, Reaching safepoint: 194496 ns, Cleanup: 75697 ns, At safepoint: 24224 ns, Total: 294417 ns
[2025-05-23T03:13:08.030+0000][77][info ][safepoint   ] Safepoint "Cleanup", Time since last: 1000574021 ns, Reaching safepoint: 24918 ns, Cleanup: 16464 ns, At safepoint: 9059 ns, Total: 50441 ns
[2025-05-23T03:13:10.031+0000][77][info ][safepoint   ] Safepoint "Cleanup", Time since last: 2000851440 ns, Reaching safepoint: 34222 ns, Cleanup: 17578 ns, At safepoint: 18446 ns, Total: 70246 ns
[2025-05-23T03:13:11.032+0000][77][info ][safepoint   ] Safepoint "Cleanup", Time since last: 1000663053 ns, Reaching safepoint: 18941 ns, Cleanup: 18315 ns, At safepoint: 8543 ns, Total: 45799 ns
[2025-05-23T03:13:37.114+0000][77][info ][safepoint   ] Safepoint "Cleanup", Time since last: 26085473625 ns, Reaching safepoint: 17562 ns, Cleanup: 8537 ns, At safepoint: 13831 ns, Total: 39930 ns
[2025-05-23T03:13:50.065+0000][77][info ][safepoint   ] Safepoint "Cleanup", Time since last: 12950313005 ns, Reaching safepoint: 34566 ns, Cleanup: 16803 ns, At safepoint: 17815 ns, Total: 69184 ns
[2025-05-23T03:13:58.064+0000][77][info ][safepoint   ] Safepoint "Cleanup", Time since last: 8002056383 ns, Reaching safepoint: 36400 ns, Cleanup: 17920 ns, At safepoint: 17562 ns, Total: 71882 ns
[2025-05-23T03:14:02.066+0000][77][info ][safepoint   ] Safepoint "Cleanup", Time since last: 4001348178 ns, Reaching safepoint: 70203 ns, Cleanup: 17951 ns, At safepoint: 31416 ns, Total: 119570 ns
[2025-05-23T03:14:07.067+0000][77][info ][safepoint   ] Safepoint "Cleanup", Time since last: 5001654047 ns, Reaching safepoint: 19842 ns, Cleanup: 16764 ns, At safepoint: 8017 ns, Total: 44623 ns
[2025-05-23T03:14:11.069+0000][77][info ][safepoint   ] Safepoint "Cleanup", Time since last: 4001273879 ns, Reaching safepoint: 34673 ns, Cleanup: 18393 ns, At safepoint: 17568 ns, Total: 70634 ns
[2025-05-23T03:14:17.070+0000][77][info ][safepoint   ] Safepoint "Cleanup", Time since last: 6001512163 ns, Reaching safepoint: 19443 ns, Cleanup: 12556 ns, At safepoint: 8762 ns, Total: 40761 ns
[2025-05-23T03:14:29.070+0000][77][info ][safepoint   ] Safepoint "Cleanup", Time since last: 12002603322 ns, Reaching safepoint: 47796 ns, Cleanup: 18202 ns, At safepoint: 13522 ns, Total: 79520 ns
[2025-05-23T03:14:35.093+0000][77][info ][safepoint   ] Safepoint "Cleanup", Time since last: 6022391852 ns, Reaching safepoint: 66791 ns, Cleanup: 18206 ns, At safepoint: 13796 ns, Total: 98793 ns
[2025-05-23T03:14:40.151+0000][77][info ][safepoint   ] Safepoint "Cleanup", Time since last: 5058578876 ns, Reaching safepoint: 15948 ns, Cleanup: 19134 ns, At safepoint: 34545 ns, Total: 69627 ns
[2025-05-23T03:14:41.273+0000][77][info ][safepoint   ] Safepoint "Cleanup", Time since last: 1121493714 ns, Reaching safepoint: 29102 ns, Cleanup: 19612 ns, At safepoint: 11440 ns, Total: 60154 ns
[2025-05-23T03:14:47.102+0000][77][info ][safepoint   ] Safepoint "Cleanup", Time since last: 5828205552 ns, Reaching safepoint: 295737 ns, Cleanup: 19337 ns, At safepoint: 40881 ns, Total: 355955 ns
[2025-05-23T03:14:52.103+0000][77][info ][safepoint   ] Safepoint "Cleanup", Time since last: 5001540429 ns, Reaching safepoint: 56059 ns, Cleanup: 13001 ns, At safepoint: 8921 ns, Total: 77981 ns
[2025-05-23T03:15:04.103+0000][77][info ][safepoint   ] Safepoint "Cleanup", Time since last: 12002617406 ns, Reaching safepoint: 31649 ns, Cleanup: 20951 ns, At safepoint: 17414 ns, Total: 70014 ns
[2025-05-23T03:15:22.107+0000][77][info ][safepoint   ] Safepoint "Cleanup", Time since last: 18003758170 ns, Reaching safepoint: 62304 ns, Cleanup: 15527 ns, At safepoint: 9133 ns, Total: 86964 ns
[2025-05-23T03:15:27.106+0000][77][info ][safepoint   ] Safepoint "Cleanup", Time since last: 5001621640 ns, Reaching safepoint: 34713 ns, Cleanup: 19097 ns, At safepoint: 20475 ns, Total: 74285 ns
[2025-05-23T03:15:29.107+0000][77][info ][safepoint   ] Safepoint "Cleanup", Time since last: 2000982990 ns, Reaching safepoint: 20575 ns, Cleanup: 16422 ns, At safepoint: 9365 ns, Total: 46362 ns
[2025-05-23T03:15:31.108+0000][77][info ][safepoint   ] Safepoint "Cleanup", Time since last: 2000876655 ns, Reaching safepoint: 45620 ns, Cleanup: 13018 ns, At safepoint: 10726 ns, Total: 69364 ns
[2025-05-23T03:15:35.110+0000][77][info ][safepoint   ] Safepoint "Cleanup", Time since last: 4001575001 ns, Reaching safepoint: 34965 ns, Cleanup: 17649 ns, At safepoint: 19415 ns, Total: 72029 ns
[2025-05-23T03:15:37.111+0000][77][info ][safepoint   ] Safepoint "Cleanup", Time since last: 2001007748 ns, Reaching safepoint: 19116 ns, Cleanup: 14141 ns, At safepoint: 8671 ns, Total: 41928 ns
[2025-05-23T03:15:42.113+0000][77][info ][safepoint   ] Safepoint "Cleanup", Time since last: 5001725706 ns, Reaching safepoint: 19487 ns, Cleanup: 13364 ns, At safepoint: 10821 ns, Total: 43672 ns
[2025-05-23T03:15:43.113+0000][77][info ][safepoint   ] Safepoint "Cleanup", Time since last: 1000009328 ns, Reaching safepoint: 5614 ns, Cleanup: 10149 ns, At safepoint: 14022 ns, Total: 29785 ns
[2025-05-23T03:15:44.137+0000][77][info ][safepoint   ] Safepoint "Cleanup", Time since last: 1024124398 ns, Reaching safepoint: 12461 ns, Cleanup: 15513 ns, At safepoint: 5211 ns, Total: 33185 ns
[2025-05-23T03:15:45.138+0000][77][info ][safepoint   ] Safepoint "Cleanup", Time since last: 1000941511 ns, Reaching safepoint: 35001 ns, Cleanup: 17924 ns, At safepoint: 19165 ns, Total: 72090 ns
[2025-05-23T03:15:47.139+0000][77][info ][safepoint   ] Safepoint "Cleanup", Time since last: 2001273750 ns, Reaching safepoint: 158115 ns, Cleanup: 17747 ns, At safepoint: 29970 ns, Total: 205832 ns
[2025-05-23T03:16:02.140+0000][77][info ][safepoint   ] Safepoint "Cleanup", Time since last: 15003036740 ns, Reaching safepoint: 50416 ns, Cleanup: 15483 ns, At safepoint: 10369 ns, Total: 76268 ns
[2025-05-23T03:16:04.140+0000][77][info ][safepoint   ] Safepoint "Cleanup", Time since last: 2000781914 ns, Reaching safepoint: 20289 ns, Cleanup: 19032 ns, At safepoint: 9694 ns, Total: 49015 ns
[2025-05-23T03:16:26.146+0000][77][info ][safepoint   ] Safepoint "Cleanup", Time since last: 22004060116 ns, Reaching safepoint: 929428 ns, Cleanup: 21992 ns, At safepoint: 77491 ns, Total: 1028911 ns
[2025-05-23T03:16:29.368+0000][77][info ][safepoint   ] Safepoint "Cleanup", Time since last: 3226058426 ns, Reaching safepoint: 30987 ns, Cleanup: 14176 ns, At safepoint: 8549 ns, Total: 53712 ns
[2025-05-23T03:16:35.433+0000][77][info ][safepoint   ] Safepoint "Cleanup", Time since last: 6064895301 ns, Reaching safepoint: 28624 ns, Cleanup: 17923 ns, At safepoint: 11999 ns, Total: 58546 ns
[2025-05-23T03:16:37.434+0000][77][info ][safepoint   ] Safepoint "Cleanup", Time since last: 2000957013 ns, Reaching safepoint: 44659 ns, Cleanup: 15397 ns, At safepoint: 9231 ns, Total: 69287 ns
[2025-05-23T03:16:46.115+0000][77][info ][safepoint   ] Safepoint "Cleanup", Time since last: 8680317342 ns, Reaching safepoint: 327595 ns, Cleanup: 11248 ns, At safepoint: 48040 ns, Total: 386883 ns
[2025-05-23T03:16:47.474+0000][77][info ][safepoint   ] Safepoint "Cleanup", Time since last: 1358524744 ns, Reaching safepoint: 33317 ns, Cleanup: 23804 ns, At safepoint: 18926 ns, Total: 76047 ns
[2025-05-23T03:16:52.056+0000][77][info ][safepoint   ] Safepoint "Cleanup", Time since last: 4582363247 ns, Reaching safepoint: 6591 ns, Cleanup: 8295 ns, At safepoint: 2961 ns, Total: 17847 ns
[2025-05-23T03:16:53.218+0000][77][info ][safepoint   ] Safepoint "Cleanup", Time since last: 1161866844 ns, Reaching safepoint: 20363 ns, Cleanup: 12952 ns, At safepoint: 10026 ns, Total: 43341 ns
[2025-05-23T03:17:05.217+0000][77][info ][safepoint   ] Safepoint "Cleanup", Time since last: 12002556963 ns, Reaching safepoint: 32703 ns, Cleanup: 17627 ns, At safepoint: 82121 ns, Total: 132451 ns
[2025-05-23T03:17:07.218+0000][77][info ][safepoint   ] Safepoint "Cleanup", Time since last: 2000774112 ns, Reaching safepoint: 173016 ns, Cleanup: 19053 ns, At safepoint: 46850 ns, Total: 238919 ns
[2025-05-23T03:17:12.220+0000][77][info ][safepoint   ] Safepoint "Cleanup", Time since last: 5001405264 ns, Reaching safepoint: 154302 ns, Cleanup: 19958 ns, At safepoint: 22165 ns, Total: 196425 ns
[2025-05-23T03:17:17.222+0000][77][info ][safepoint   ] Safepoint "Cleanup", Time since last: 5001477602 ns, Reaching safepoint: 18763 ns, Cleanup: 13767 ns, At safepoint: 9769 ns, Total: 42299 ns
[2025-05-23T03:17:19.222+0000][77][info ][safepoint   ] Safepoint "Cleanup", Time since last: 2000668352 ns, Reaching safepoint: 27032 ns, Cleanup: 17404 ns, At safepoint: 11248 ns, Total: 55684 ns
[2025-05-23T03:17:29.223+0000][77][info ][safepoint   ] Safepoint "Cleanup", Time since last: 10002318675 ns, Reaching safepoint: 79705 ns, Cleanup: 17727 ns, At safepoint: 19323 ns, Total: 116755 ns
[2025-05-23T03:17:32.224+0000][77][info ][safepoint   ] Safepoint "Cleanup", Time since last: 3000983141 ns, Reaching safepoint: 27503 ns, Cleanup: 14817 ns, At safepoint: 12470 ns, Total: 54790 ns
[2025-05-23T03:17:40.226+0000][77][info ][safepoint   ] Safepoint "Cleanup", Time since last: 8001908085 ns, Reaching safepoint: 79703 ns, Cleanup: 23124 ns, At safepoint: 21050 ns, Total: 123877 ns
[2025-05-23T03:17:49.099+0000][77][info ][safepoint   ] Safepoint "Cleanup", Time since last: 8873200077 ns, Reaching safepoint: 28359 ns, Cleanup: 17656 ns, At safepoint: 150020 ns, Total: 196035 ns
[2025-05-23T03:17:50.515+0000][77][info ][safepoint   ] Safepoint "Cleanup", Time since last: 1416032900 ns, Reaching safepoint: 18372 ns, Cleanup: 17152 ns, At safepoint: 9227 ns, Total: 44751 ns
[2025-05-23T03:18:05.516+0000][77][info ][safepoint   ] Safepoint "Cleanup", Time since last: 15003281109 ns, Reaching safepoint: 96560 ns, Cleanup: 14291 ns, At safepoint: 11012 ns, Total: 121863 ns
[2025-05-23T03:18:14.518+0000][77][info ][safepoint   ] Safepoint "Cleanup", Time since last: 9001908049 ns, Reaching safepoint: 18423 ns, Cleanup: 12416 ns, At safepoint: 8635 ns, Total: 39474 ns
[2025-05-23T03:18:52.102+0000][77][info ][safepoint   ] Safepoint "Cleanup", Time since last: 37587022182 ns, Reaching safepoint: 23109 ns, Cleanup: 30448 ns, At safepoint: 46822 ns, Total: 100379 ns
[2025-05-23T03:18:53.556+0000][77][info ][safepoint   ] Safepoint "Cleanup", Time since last: 1453617472 ns, Reaching safepoint: 37074 ns, Cleanup: 29502 ns, At safepoint: 22598 ns, Total: 89174 ns
[2025-05-23T03:19:31.558+0000][77][info ][safepoint   ] Safepoint "Cleanup", Time since last: 38007180278 ns, Reaching safepoint: 30173 ns, Cleanup: 14026 ns, At safepoint: 10296 ns, Total: 54495 ns
[2025-05-23T03:19:35.560+0000][77][info ][safepoint   ] Safepoint "Cleanup", Time since last: 4001291695 ns, Reaching safepoint: 76651 ns, Cleanup: 23300 ns, At safepoint: 20225 ns, Total: 120176 ns
[2025-05-23T03:19:55.100+0000][77][info ][safepoint   ] Safepoint "Cleanup", Time since last: 19540264429 ns, Reaching safepoint: 141064 ns, Cleanup: 13964 ns, At safepoint: 50649 ns, Total: 205677 ns
[2025-05-23T03:19:56.596+0000][77][info ][safepoint   ] Safepoint "Cleanup", Time since last: 1498552352 ns, Reaching safepoint: 26097 ns, Cleanup: 31336 ns, At safepoint: 12006 ns, Total: 69439 ns
[2025-05-23T03:19:58.600+0000][77][info ][safepoint   ] Safepoint "Cleanup", Time since last: 2004358836 ns, Reaching safepoint: 35175 ns, Cleanup: 18336 ns, At safepoint: 19591 ns, Total: 73102 ns
[2025-05-23T03:19:59.601+0000][77][info ][safepoint   ] Safepoint "Cleanup", Time since last: 1000905728 ns, Reaching safepoint: 31696 ns, Cleanup: 17440 ns, At safepoint: 17531 ns, Total: 66667 ns
[2025-05-23T03:20:01.603+0000][77][info ][safepoint   ] Safepoint "Cleanup", Time since last: 2001308653 ns, Reaching safepoint: 32417 ns, Cleanup: 18267 ns, At safepoint: 17708 ns, Total: 68392 ns
[2025-05-23T03:20:04.604+0000][77][info ][safepoint   ] Safepoint "Cleanup", Time since last: 3001154595 ns, Reaching safepoint: 138029 ns, Cleanup: 17370 ns, At safepoint: 35493 ns, Total: 190892 ns
[2025-05-23T03:20:05.605+0000][77][info ][safepoint   ] Safepoint "Cleanup", Time since last: 1000959187 ns, Reaching safepoint: 30724 ns, Cleanup: 23700 ns, At safepoint: 16843 ns, Total: 71267 ns
[2025-05-23T03:20:15.607+0000][77][info ][safepoint   ] Safepoint "Cleanup", Time since last: 10002290653 ns, Reaching safepoint: 34248 ns, Cleanup: 28137 ns, At safepoint: 20763 ns, Total: 83148 ns
[2025-05-23T03:20:33.608+0000][77][info ][safepoint   ] Safepoint "Cleanup", Time since last: 18003746811 ns, Reaching safepoint: 37988 ns, Cleanup: 15183 ns, At safepoint: 10534 ns, Total: 63705 ns
[2025-05-23T03:20:36.884+0000][77][info ][gc,start    ] GC(15) Pause Young (Normal) (G1 Evacuation Pause)
[2025-05-23T03:20:36.891+0000][77][info ][gc,task     ] GC(15) Using 10 workers of 10 for evacuation
[2025-05-23T03:20:36.893+0000][77][debug][gc,age      ] GC(15) Desired survivor size 117440512 bytes, new threshold 15 (max threshold 15)
[2025-05-23T03:20:37.062+0000][77][info ][gc,phases   ] GC(15)   Pre Evacuate Collection Set: 20.47ms
[2025-05-23T03:20:37.062+0000][77][info ][gc,phases   ] GC(15)   Merge Heap Roots: 3.26ms
[2025-05-23T03:20:37.063+0000][77][info ][gc,phases   ] GC(15)   Evacuate Collection Set: 97.62ms
[2025-05-23T03:20:37.063+0000][77][info ][gc,phases   ] GC(15)   Post Evacuate Collection Set: 14.01ms
[2025-05-23T03:20:37.063+0000][77][info ][gc,phases   ] GC(15)   Other: 38.11ms
[2025-05-23T03:20:37.064+0000][77][trace][gc,age      ] GC(15) Age table with threshold 15 (max threshold 15)
[2025-05-23T03:20:37.064+0000][77][trace][gc,age      ] GC(15) - age   1:    1553024 bytes,    1553024 total
[2025-05-23T03:20:37.065+0000][77][trace][gc,age      ] GC(15) - age   2:    2072776 bytes,    3625800 total
[2025-05-23T03:20:37.065+0000][77][trace][gc,age      ] GC(15) - age   3:    4458192 bytes,    8083992 total
[2025-05-23T03:20:37.066+0000][77][info ][gc,heap     ] GC(15) Eden regions: 445->0(229)
[2025-05-23T03:20:37.066+0000][77][info ][gc,heap     ] GC(15) Survivor regions: 3->3(56)
[2025-05-23T03:20:37.067+0000][77][info ][gc,heap     ] GC(15) Old regions: 28->28
[2025-05-23T03:20:37.067+0000][77][info ][gc,heap     ] GC(15) Humongous regions: 0->0
[2025-05-23T03:20:37.068+0000][77][info ][gc,metaspace] GC(15) Metaspace: 146785K(150784K)->146785K(150784K) NonClass: 126773K(128960K)->126773K(128960K) Class: 20011K(21824K)->20011K(21824K)
[2025-05-23T03:20:37.069+0000][77][info ][gc          ] GC(15) Pause Young (Normal) (G1 Evacuation Pause) 1904M->121M(3880M) 184.820ms
[2025-05-23T03:20:37.070+0000][77][info ][gc,cpu      ] GC(15) User=1.05s Sys=0.00s Real=0.18s
[2025-05-23T03:20:37.070+0000][77][info ][safepoint   ] Safepoint "G1CollectForAllocation", Time since last: 3272314267 ns, Reaching safepoint: 31443 ns, Cleanup: 6951 ns, At safepoint: 190179119 ns, Total: 190217513 ns
[2025-05-23T03:20:38.072+0000][77][info ][safepoint   ] Safepoint "Cleanup", Time since last: 1001142765 ns, Reaching safepoint: 31868 ns, Cleanup: 15869 ns, At safepoint: 18068 ns, Total: 65805 ns
[2025-05-23T03:20:57.386+0000][77][info ][safepoint   ] Safepoint "Cleanup", Time since last: 19316339882 ns, Reaching safepoint: 26890 ns, Cleanup: 17832 ns, At safepoint: 10484 ns, Total: 55206 ns
[2025-05-23T03:20:58.618+0000][77][info ][safepoint   ] Safepoint "Cleanup", Time since last: 1231675221 ns, Reaching safepoint: 6384 ns, Cleanup: 11883 ns, At safepoint: 14654 ns, Total: 32921 ns
[2025-05-23T03:20:59.645+0000][77][info ][safepoint   ] Safepoint "Cleanup", Time since last: 1026721905 ns, Reaching safepoint: 88218 ns, Cleanup: 17554 ns, At safepoint: 13107 ns, Total: 118879 ns
[2025-05-23T03:21:02.646+0000][77][info ][safepoint   ] Safepoint "Cleanup", Time since last: 3000970685 ns, Reaching safepoint: 32415 ns, Cleanup: 17514 ns, At safepoint: 17711 ns, Total: 67640 ns
[2025-05-23T03:21:04.647+0000][77][info ][safepoint   ] Safepoint "Cleanup", Time since last: 2001133647 ns, Reaching safepoint: 32039 ns, Cleanup: 22833 ns, At safepoint: 16804 ns, Total: 71676 ns
[2025-05-23T03:21:15.650+0000][77][info ][safepoint   ] Safepoint "Cleanup", Time since last: 11002741442 ns, Reaching safepoint: 67312 ns, Cleanup: 16486 ns, At safepoint: 12483 ns, Total: 96281 ns
[2025-05-23T03:21:16.651+0000][77][info ][safepoint   ] Safepoint "Cleanup", Time since last: 1000699066 ns, Reaching safepoint: 31513 ns, Cleanup: 18337 ns, At safepoint: 12536 ns, Total: 62386 ns
[2025-05-23T03:21:17.653+0000][77][info ][safepoint   ] Safepoint "Cleanup", Time since last: 1000665538 ns, Reaching safepoint: 920631 ns, Cleanup: 18934 ns, At safepoint: 72125 ns, Total: 1011690 ns
[2025-05-23T03:21:19.654+0000][77][info ][safepoint   ] Safepoint "Cleanup", Time since last: 2001888544 ns, Reaching safepoint: 33982 ns, Cleanup: 30038 ns, At safepoint: 18105 ns, Total: 82125 ns
[2025-05-23T03:21:22.656+0000][77][info ][safepoint   ] Safepoint "Cleanup", Time since last: 3001214248 ns, Reaching safepoint: 79883 ns, Cleanup: 18873 ns, At safepoint: 11059 ns, Total: 109815 ns
[2025-05-23T03:21:27.655+0000][77][info ][safepoint   ] Safepoint "Cleanup", Time since last: 5002992002 ns, Reaching safepoint: 33773 ns, Cleanup: 17968 ns, At safepoint: 17588 ns, Total: 69329 ns
[2025-05-23T03:21:31.082+0000][77][info ][safepoint   ] Safepoint "Cleanup", Time since last: 3426944091 ns, Reaching safepoint: 6113 ns, Cleanup: 9032 ns, At safepoint: 3129 ns, Total: 18274 ns
[2025-05-23T03:21:36.706+0000][77][info ][safepoint   ] Safepoint "Cleanup", Time since last: 5623250448 ns, Reaching safepoint: 43416 ns, Cleanup: 14111 ns, At safepoint: 11000 ns, Total: 68527 ns
[2025-05-23T03:21:37.737+0000][77][info ][safepoint   ] Safepoint "Cleanup", Time since last: 1031469553 ns, Reaching safepoint: 33545 ns, Cleanup: 17160 ns, At safepoint: 20076 ns, Total: 70781 ns
[2025-05-23T03:21:42.739+0000][77][info ][safepoint   ] Safepoint "Cleanup", Time since last: 5001654479 ns, Reaching safepoint: 32459 ns, Cleanup: 21242 ns, At safepoint: 19206 ns, Total: 72907 ns
[2025-05-23T03:21:52.044+0000][77][info ][safepoint   ] Safepoint "Cleanup", Time since last: 9304705208 ns, Reaching safepoint: 17914 ns, Cleanup: 15832 ns, At safepoint: 70479 ns, Total: 104225 ns
[2025-05-23T03:21:53.075+0000][77][info ][safepoint   ] Safepoint "Cleanup", Time since last: 1031522782 ns, Reaching safepoint: 21349 ns, Cleanup: 19024 ns, At safepoint: 9372 ns, Total: 49745 ns
[2025-05-23T03:22:01.770+0000][77][info ][safepoint   ] Safepoint "Cleanup", Time since last: 8697360219 ns, Reaching safepoint: 24021 ns, Cleanup: 16280 ns, At safepoint: 93696 ns, Total: 133997 ns
[2025-05-23T03:22:02.799+0000][77][info ][safepoint   ] Safepoint "Cleanup", Time since last: 1028696269 ns, Reaching safepoint: 31463 ns, Cleanup: 17074 ns, At safepoint: 17682 ns, Total: 66219 ns
[2025-05-23T03:22:03.800+0000][77][info ][safepoint   ] Safepoint "Cleanup", Time since last: 1000695321 ns, Reaching safepoint: 20601 ns, Cleanup: 18311 ns, At safepoint: 9503 ns, Total: 48415 ns
[2025-05-23T03:22:07.801+0000][77][info ][safepoint   ] Safepoint "Cleanup", Time since last: 4001485508 ns, Reaching safepoint: 74629 ns, Cleanup: 19794 ns, At safepoint: 41232 ns, Total: 135655 ns
[2025-05-23T03:22:10.803+0000][77][info ][safepoint   ] Safepoint "Cleanup", Time since last: 3001260568 ns, Reaching safepoint: 20176 ns, Cleanup: 13478 ns, At safepoint: 9647 ns, Total: 43301 ns
[2025-05-23T03:22:13.805+0000][77][info ][safepoint   ] Safepoint "Cleanup", Time since last: 3002065904 ns, Reaching safepoint: 18685 ns, Cleanup: 13101 ns, At safepoint: 27131 ns, Total: 58917 ns
[2025-05-23T03:22:14.806+0000][77][info ][safepoint   ] Safepoint "Cleanup", Time since last: 1000901437 ns, Reaching safepoint: 19220 ns, Cleanup: 14393 ns, At safepoint: 8222 ns, Total: 41835 ns
[2025-05-23T03:22:17.806+0000][77][info ][safepoint   ] Safepoint "Cleanup", Time since last: 3000669006 ns, Reaching safepoint: 19786 ns, Cleanup: 19387 ns, At safepoint: 8632 ns, Total: 47805 ns
[2025-05-23T03:22:25.808+0000][77][info ][safepoint   ] Safepoint "Cleanup", Time since last: 8001826721 ns, Reaching safepoint: 67974 ns, Cleanup: 17496 ns, At safepoint: 31727 ns, Total: 117197 ns
[2025-05-23T03:22:58.464+0000][77][info ][safepoint   ] Safepoint "Cleanup", Time since last: 32659703076 ns, Reaching safepoint: 162319 ns, Cleanup: 19259 ns, At safepoint: 49800 ns, Total: 231378 ns
[2025-05-23T03:23:02.465+0000][77][info ][safepoint   ] Safepoint "Cleanup", Time since last: 4001227709 ns, Reaching safepoint: 34949 ns, Cleanup: 26194 ns, At safepoint: 20889 ns, Total: 82032 ns
[2025-05-23T03:23:04.134+0000][77][info ][safepoint   ] Safepoint "Cleanup", Time since last: 1667551847 ns, Reaching safepoint: 943015 ns, Cleanup: 13274 ns, At safepoint: 88591 ns, Total: 1044880 ns
[2025-05-23T03:23:05.853+0000][77][info ][safepoint   ] Safepoint "Cleanup", Time since last: 1719693772 ns, Reaching safepoint: 33839 ns, Cleanup: 19936 ns, At safepoint: 18226 ns, Total: 72001 ns
[2025-05-23T03:23:25.858+0000][77][info ][safepoint   ] Safepoint "Cleanup", Time since last: 20004149352 ns, Reaching safepoint: 189231 ns, Cleanup: 24392 ns, At safepoint: 24595 ns, Total: 238218 ns
[2025-05-23T03:23:28.856+0000][77][info ][safepoint   ] Safepoint "Cleanup", Time since last: 3001121552 ns, Reaching safepoint: 38166 ns, Cleanup: 100533 ns, At safepoint: 27073 ns, Total: 165772 ns
[2025-05-23T03:23:53.564+0000][77][info ][safepoint   ] Safepoint "Cleanup", Time since last: 24708437337 ns, Reaching safepoint: 26134 ns, Cleanup: 14111 ns, At safepoint: 9188 ns, Total: 49433 ns
[2025-05-23T03:24:04.361+0000][77][info ][safepoint   ] Safepoint "Cleanup", Time since last: 10798786223 ns, Reaching safepoint: 15456 ns, Cleanup: 13661 ns, At safepoint: 19451 ns, Total: 48568 ns
[2025-05-23T03:24:05.969+0000][77][info ][safepoint   ] Safepoint "Cleanup", Time since last: 1608706369 ns, Reaching safepoint: 37669 ns, Cleanup: 22867 ns, At safepoint: 20422 ns, Total: 80958 ns
[2025-05-23T03:24:27.085+0000][77][info ][safepoint   ] Safepoint "Cleanup", Time since last: 21004043522 ns, Reaching safepoint: 114294110 ns, Cleanup: 29319 ns, At safepoint: 507133 ns, Total: 114830562 ns
[2025-05-23T03:24:46.628+0000][77][info ][safepoint   ] Safepoint "Cleanup", Time since last: 19543748973 ns, Reaching safepoint: 24003 ns, Cleanup: 16756 ns, At safepoint: 9754 ns, Total: 50513 ns
[2025-05-23T03:24:54.630+0000][77][info ][safepoint   ] Safepoint "Cleanup", Time since last: 8001507631 ns, Reaching safepoint: 28390 ns, Cleanup: 16675 ns, At safepoint: 13925 ns, Total: 58990 ns
[2025-05-23T03:25:04.630+0000][77][info ][safepoint   ] Safepoint "Cleanup", Time since last: 10002363421 ns, Reaching safepoint: 72655 ns, Cleanup: 23336 ns, At safepoint: 19346 ns, Total: 115337 ns
[2025-05-23T03:25:05.631+0000][77][info ][safepoint   ] Safepoint "Cleanup", Time since last: 1000637534 ns, Reaching safepoint: 32026 ns, Cleanup: 16599 ns, At safepoint: 18606 ns, Total: 67231 ns
[2025-05-23T03:25:06.632+0000][77][info ][safepoint   ] Safepoint "Cleanup", Time since last: 1000685813 ns, Reaching safepoint: 20061 ns, Cleanup: 15374 ns, At safepoint: 9342 ns, Total: 44777 ns
[2025-05-23T03:25:08.583+0000][77][info ][safepoint   ] Safepoint "Cleanup", Time since last: 1950779691 ns, Reaching safepoint: 31281 ns, Cleanup: 22308 ns, At safepoint: 17319 ns, Total: 70908 ns
[2025-05-23T03:25:22.586+0000][77][info ][safepoint   ] Safepoint "Cleanup", Time since last: 14002833303 ns, Reaching safepoint: 68217 ns, Cleanup: 18324 ns, At safepoint: 10165 ns, Total: 96706 ns
[2025-05-23T03:25:25.587+0000][77][info ][safepoint   ] Safepoint "Cleanup", Time since last: 3000876098 ns, Reaching safepoint: 135359 ns, Cleanup: 21277 ns, At safepoint: 34134 ns, Total: 190770 ns
[2025-05-23T03:25:33.586+0000][77][info ][safepoint   ] Safepoint "Cleanup", Time since last: 8001830731 ns, Reaching safepoint: 24311 ns, Cleanup: 15422 ns, At safepoint: 9800 ns, Total: 49533 ns
[2025-05-23T03:25:35.587+0000][77][info ][safepoint   ] Safepoint "Cleanup", Time since last: 2000724130 ns, Reaching safepoint: 40740 ns, Cleanup: 19817 ns, At safepoint: 21675 ns, Total: 82232 ns
[2025-05-23T03:25:37.588+0000][77][info ][safepoint   ] Safepoint "Cleanup", Time since last: 2000925145 ns, Reaching safepoint: 20104 ns, Cleanup: 12782 ns, At safepoint: 9783 ns, Total: 42669 ns
[2025-05-23T03:25:40.589+0000][77][info ][safepoint   ] Safepoint "Cleanup", Time since last: 3001125057 ns, Reaching safepoint: 30255 ns, Cleanup: 17924 ns, At safepoint: 18559 ns, Total: 66738 ns
[2025-05-23T03:26:03.669+0000][77][info ][safepoint   ] Safepoint "Cleanup", Time since last: 23082884837 ns, Reaching safepoint: 78947 ns, Cleanup: 20712 ns, At safepoint: 23514 ns, Total: 123173 ns
[2025-05-23T03:26:07.670+0000][77][info ][safepoint   ] Safepoint "Cleanup", Time since last: 4001089390 ns, Reaching safepoint: 35006 ns, Cleanup: 29288 ns, At safepoint: 20705 ns, Total: 84999 ns
[2025-05-23T03:26:10.319+0000][77][info ][safepoint   ] Safepoint "Cleanup", Time since last: 2648302807 ns, Reaching safepoint: 131177 ns, Cleanup: 70298 ns, At safepoint: 180871 ns, Total: 382346 ns
[2025-05-23T03:26:11.625+0000][77][info ][safepoint   ] Safepoint "Cleanup", Time since last: 1305632377 ns, Reaching safepoint: 36389 ns, Cleanup: 21215 ns, At safepoint: 20924 ns, Total: 78528 ns
[2025-05-23T03:26:12.625+0000][77][info ][safepoint   ] Safepoint "Cleanup", Time since last: 1000634152 ns, Reaching safepoint: 27643 ns, Cleanup: 17256 ns, At safepoint: 12197 ns, Total: 57096 ns
[2025-05-23T03:26:13.635+0000][77][info ][safepoint   ] Safepoint "Cleanup", Time since last: 1009067130 ns, Reaching safepoint: 21174 ns, Cleanup: 21981 ns, At safepoint: 130550 ns, Total: 173705 ns
[2025-05-23T03:26:16.676+0000][77][info ][safepoint   ] Safepoint "Cleanup", Time since last: 3040808311 ns, Reaching safepoint: 31637 ns, Cleanup: 19656 ns, At safepoint: 17688 ns, Total: 68981 ns
[2025-05-23T03:26:19.677+0000][77][info ][safepoint   ] Safepoint "Cleanup", Time since last: 3001084105 ns, Reaching safepoint: 35063 ns, Cleanup: 18247 ns, At safepoint: 29613 ns, Total: 82923 ns
[2025-05-23T03:26:22.337+0000][77][info ][safepoint   ] Safepoint "Cleanup", Time since last: 2660031020 ns, Reaching safepoint: 8242 ns, Cleanup: 13498 ns, At safepoint: 4790 ns, Total: 26530 ns
[2025-05-23T03:26:23.611+0000][77][info ][safepoint   ] Safepoint "Cleanup", Time since last: 1274638542 ns, Reaching safepoint: 17588 ns, Cleanup: 11795 ns, At safepoint: 9060 ns, Total: 38443 ns
[2025-05-23T03:26:28.308+0000][77][info ][safepoint   ] Safepoint "Cleanup", Time since last: 4698926171 ns, Reaching safepoint: 20283 ns, Cleanup: 15618 ns, At safepoint: 4162 ns, Total: 40063 ns
[2025-05-23T03:26:29.706+0000][77][info ][safepoint   ] Safepoint "Cleanup", Time since last: 1397682266 ns, Reaching safepoint: 16644 ns, Cleanup: 16473 ns, At safepoint: 8624 ns, Total: 41741 ns
[2025-05-23T03:26:34.806+0000][77][info ][safepoint   ] Safepoint "Cleanup", Time since last: 5099708654 ns, Reaching safepoint: 13926 ns, Cleanup: 29713 ns, At safepoint: 21688 ns, Total: 65327 ns
[2025-05-23T03:26:36.802+0000][77][info ][safepoint   ] Safepoint "Cleanup", Time since last: 1996282743 ns, Reaching safepoint: 61689 ns, Cleanup: 85407 ns, At safepoint: 12818 ns, Total: 159914 ns
[2025-05-23T03:26:37.823+0000][77][info ][safepoint   ] Safepoint "Cleanup", Time since last: 1021198330 ns, Reaching safepoint: 30163 ns, Cleanup: 20538 ns, At safepoint: 13218 ns, Total: 63919 ns
[2025-05-23T03:26:39.825+0000][77][info ][safepoint   ] Safepoint "Cleanup", Time since last: 2001633851 ns, Reaching safepoint: 19716 ns, Cleanup: 12383 ns, At safepoint: 10135 ns, Total: 42234 ns
[2025-05-23T03:26:44.706+0000][77][info ][safepoint   ] Safepoint "Cleanup", Time since last: 4881067954 ns, Reaching safepoint: 43456 ns, Cleanup: 12582 ns, At safepoint: 3398 ns, Total: 59436 ns
[2025-05-23T03:26:48.716+0000][77][info ][safepoint   ] Safepoint "Cleanup", Time since last: 4009895548 ns, Reaching safepoint: 20868 ns, Cleanup: 14482 ns, At safepoint: 9817 ns, Total: 45167 ns
[2025-05-23T03:27:03.680+0000][77][info ][safepoint   ] Safepoint "Cleanup", Time since last: 14966723817 ns, Reaching safepoint: 83338 ns, Cleanup: 22043 ns, At safepoint: 22163 ns, Total: 127544 ns
[2025-05-23T03:27:07.682+0000][77][info ][safepoint   ] Safepoint "Cleanup", Time since last: 4001568245 ns, Reaching safepoint: 31736 ns, Cleanup: 17408 ns, At safepoint: 17141 ns, Total: 66285 ns
[2025-05-23T03:27:12.684+0000][77][info ][safepoint   ] Safepoint "Cleanup", Time since last: 5001715971 ns, Reaching safepoint: 32281 ns, Cleanup: 16078 ns, At safepoint: 17996 ns, Total: 66355 ns
[2025-05-23T03:27:13.856+0000][77][info ][safepoint   ] Safepoint "Cleanup", Time since last: 1171979894 ns, Reaching safepoint: 174555 ns, Cleanup: 16745 ns, At safepoint: 49052 ns, Total: 240352 ns
[2025-05-23T03:27:14.888+0000][77][info ][safepoint   ] Safepoint "Cleanup", Time since last: 1032140779 ns, Reaching safepoint: 18508 ns, Cleanup: 45963 ns, At safepoint: 96821 ns, Total: 161292 ns
[2025-05-23T03:27:17.892+0000][77][info ][safepoint   ] Safepoint "Cleanup", Time since last: 3003536065 ns, Reaching safepoint: 32156 ns, Cleanup: 19405 ns, At safepoint: 17367 ns, Total: 68928 ns
[2025-05-23T03:27:34.272+0000][77][info ][gc,start    ] GC(16) Pause Young (Concurrent Start) (CodeCache GC Threshold)
[2025-05-23T03:27:34.273+0000][77][info ][gc,task     ] GC(16) Using 10 workers of 10 for evacuation
[2025-05-23T03:27:34.274+0000][77][debug][gc,age      ] GC(16) Desired survivor size 79691776 bytes, new threshold 15 (max threshold 15)
[2025-05-23T03:27:34.393+0000][77][info ][gc,phases   ] GC(16)   Pre Evacuate Collection Set: 13.43ms
[2025-05-23T03:27:34.393+0000][77][info ][gc,phases   ] GC(16)   Merge Heap Roots: 0.71ms
[2025-05-23T03:27:34.394+0000][77][info ][gc,phases   ] GC(16)   Evacuate Collection Set: 99.84ms
[2025-05-23T03:27:34.394+0000][77][info ][gc,phases   ] GC(16)   Post Evacuate Collection Set: 4.65ms
[2025-05-23T03:27:34.395+0000][77][info ][gc,phases   ] GC(16)   Other: 1.33ms
[2025-05-23T03:27:34.395+0000][77][trace][gc,age      ] GC(16) Age table with threshold 15 (max threshold 15)
[2025-05-23T03:27:34.396+0000][77][trace][gc,age      ] GC(16) - age   1:     471128 bytes,     471128 total
[2025-05-23T03:27:34.396+0000][77][trace][gc,age      ] GC(16) - age   2:     546440 bytes,    1017568 total
[2025-05-23T03:27:34.397+0000][77][trace][gc,age      ] GC(16) - age   3:    2072360 bytes,    3089928 total
[2025-05-23T03:27:34.397+0000][77][trace][gc,age      ] GC(16) - age   4:    4458192 bytes,    7548120 total
[2025-05-23T03:27:34.397+0000][77][info ][gc,heap     ] GC(16) Eden regions: 113->0(579)
[2025-05-23T03:27:34.398+0000][77][info ][gc,heap     ] GC(16) Survivor regions: 3->3(38)
[2025-05-23T03:27:34.398+0000][77][info ][gc,heap     ] GC(16) Old regions: 28->28
[2025-05-23T03:27:34.399+0000][77][info ][gc,heap     ] GC(16) Humongous regions: 0->0
[2025-05-23T03:27:34.399+0000][77][info ][gc,metaspace] GC(16) Metaspace: 147001K(150976K)->147001K(150976K) NonClass: 126990K(129152K)->126990K(129152K) Class: 20011K(21824K)->20011K(21824K)
[2025-05-23T03:27:34.400+0000][77][info ][gc          ] GC(16) Pause Young (Concurrent Start) (CodeCache GC Threshold) 570M->120M(3880M) 127.535ms
[2025-05-23T03:27:34.401+0000][77][info ][gc,cpu      ] GC(16) User=0.43s Sys=0.01s Real=0.13s
[2025-05-23T03:27:34.401+0000][77][info ][safepoint   ] Safepoint "G1TryInitiateConcMark", Time since last: 16383039841 ns, Reaching safepoint: 45766 ns, Cleanup: 4852 ns, At safepoint: 129408670 ns, Total: 129459288 ns
[2025-05-23T03:27:34.402+0000][77][info ][gc          ] GC(17) Concurrent Mark Cycle
[2025-05-23T03:27:34.403+0000][77][info ][gc,marking  ] GC(17) Concurrent Scan Root Regions
[2025-05-23T03:27:34.505+0000][77][info ][gc,marking  ] GC(17) Concurrent Scan Root Regions 102.358ms
[2025-05-23T03:27:34.506+0000][77][info ][gc,marking  ] GC(17) Concurrent Mark
[2025-05-23T03:27:34.507+0000][77][info ][gc,marking  ] GC(17) Concurrent Mark From Roots
[2025-05-23T03:27:34.507+0000][77][info ][gc,task     ] GC(17) Using 3 workers of 3 for marking
[2025-05-23T03:27:34.857+0000][77][info ][gc,marking  ] GC(17) Concurrent Mark From Roots 350.886ms
[2025-05-23T03:27:34.858+0000][77][info ][gc,marking  ] GC(17) Concurrent Preclean
[2025-05-23T03:27:34.859+0000][77][info ][gc,marking  ] GC(17) Concurrent Preclean 1.251ms
[2025-05-23T03:27:34.860+0000][77][info ][gc,start    ] GC(17) Pause Remark
[2025-05-23T03:27:35.471+0000][77][info ][gc,mmu      ] GC(17) MMU target violated: 201.0ms (200.0ms/201.0ms)
[2025-05-23T03:27:35.472+0000][77][info ][gc          ] GC(17) Pause Remark 131M->131M(3880M) 611.619ms
[2025-05-23T03:27:35.472+0000][77][info ][gc,cpu      ] GC(17) User=5.18s Sys=0.00s Real=0.61s
[2025-05-23T03:27:35.474+0000][77][info ][safepoint   ] Safepoint "G1PauseRemark", Time since last: 458601768 ns, Reaching safepoint: 34004 ns, Cleanup: 6376 ns, At safepoint: 613768206 ns, Total: 613808586 ns
[2025-05-23T03:27:35.475+0000][77][info ][gc,marking  ] GC(17) Concurrent Mark 968.739ms
[2025-05-23T03:27:35.476+0000][77][info ][gc,marking  ] GC(17) Concurrent Rebuild Remembered Sets and Scrub Regions
[2025-05-23T03:27:35.502+0000][77][info ][gc,marking  ] GC(17) Concurrent Rebuild Remembered Sets and Scrub Regions 25.958ms
[2025-05-23T03:27:35.503+0000][77][info ][gc,start    ] GC(17) Pause Cleanup
[2025-05-23T03:27:35.503+0000][77][info ][gc          ] GC(17) Pause Cleanup 137M->137M(3880M) 0.773ms
[2025-05-23T03:27:35.504+0000][77][info ][gc,cpu      ] GC(17) User=0.00s Sys=0.00s Real=0.01s
[2025-05-23T03:27:35.504+0000][77][info ][safepoint   ] Safepoint "G1PauseCleanup", Time since last: 28342719 ns, Reaching safepoint: 330659 ns, Cleanup: 166406 ns, At safepoint: 1769730 ns, Total: 2266795 ns
[2025-05-23T03:27:35.505+0000][77][info ][gc,marking  ] GC(17) Concurrent Clear Claimed Marks
[2025-05-23T03:27:35.506+0000][77][info ][gc,marking  ] GC(17) Concurrent Clear Claimed Marks 0.888ms
[2025-05-23T03:27:35.506+0000][77][info ][gc,marking  ] GC(17) Concurrent Cleanup for Next Mark
[2025-05-23T03:27:35.577+0000][77][info ][gc,marking  ] GC(17) Concurrent Cleanup for Next Mark 70.796ms
[2025-05-23T03:27:35.578+0000][77][info ][gc          ] GC(17) Concurrent Mark Cycle 1175.655ms
[2025-05-23T03:27:43.506+0000][77][info ][safepoint   ] Safepoint "Cleanup", Time since last: 8001883407 ns, Reaching safepoint: 25088 ns, Cleanup: 13613 ns, At safepoint: 9529 ns, Total: 48230 ns
[2025-05-23T03:28:03.754+0000][77][info ][safepoint   ] Safepoint "Cleanup", Time since last: 20250664040 ns, Reaching safepoint: 69340 ns, Cleanup: 18471 ns, At safepoint: 18778 ns, Total: 106589 ns
[2025-05-23T03:28:05.755+0000][77][info ][safepoint   ] Safepoint "Cleanup", Time since last: 2000854050 ns, Reaching safepoint: 32223 ns, Cleanup: 22064 ns, At safepoint: 20816 ns, Total: 75103 ns
[2025-05-23T03:28:07.756+0000][77][info ][safepoint   ] Safepoint "Cleanup", Time since last: 2000998052 ns, Reaching safepoint: 20596 ns, Cleanup: 14260 ns, At safepoint: 8381 ns, Total: 43237 ns
[2025-05-23T03:28:16.307+0000][77][info ][safepoint   ] Safepoint "Cleanup", Time since last: 8550493043 ns, Reaching safepoint: 16943 ns, Cleanup: 41872 ns, At safepoint: 91079 ns, Total: 149894 ns
[2025-05-23T03:28:17.502+0000][77][info ][safepoint   ] Safepoint "Cleanup", Time since last: 1194391894 ns, Reaching safepoint: 33133 ns, Cleanup: 40475 ns, At safepoint: 18420 ns, Total: 92028 ns
[2025-05-23T03:28:26.501+0000][77][info ][safepoint   ] Safepoint "Cleanup", Time since last: 9002020251 ns, Reaching safepoint: 43842 ns, Cleanup: 28899 ns, At safepoint: 22246 ns, Total: 94987 ns
[2025-05-23T03:28:35.503+0000][77][info ][safepoint   ] Safepoint "Cleanup", Time since last: 9001893106 ns, Reaching safepoint: 92858 ns, Cleanup: 19086 ns, At safepoint: 19453 ns, Total: 131397 ns
[2025-05-23T03:28:37.504+0000][77][info ][safepoint   ] Safepoint "Cleanup", Time since last: 2001114296 ns, Reaching safepoint: 60951 ns, Cleanup: 24879 ns, At safepoint: 23997 ns, Total: 109827 ns
[2025-05-23T03:28:55.791+0000][77][info ][safepoint   ] Safepoint "Cleanup", Time since last: 18287060481 ns, Reaching safepoint: 47948 ns, Cleanup: 19553 ns, At safepoint: 14703 ns, Total: 82204 ns
[2025-05-23T03:29:12.792+0000][77][info ][safepoint   ] Safepoint "Cleanup", Time since last: 17002987738 ns, Reaching safepoint: 266026 ns, Cleanup: 21919 ns, At safepoint: 88412 ns, Total: 376357 ns
[2025-05-23T03:29:17.794+0000][77][info ][safepoint   ] Safepoint "Cleanup", Time since last: 5001533359 ns, Reaching safepoint: 32471 ns, Cleanup: 18220 ns, At safepoint: 17699 ns, Total: 68390 ns
[2025-05-23T03:29:21.589+0000][77][info ][safepoint   ] Safepoint "Cleanup", Time since last: 3794487686 ns, Reaching safepoint: 26264 ns, Cleanup: 19172 ns, At safepoint: 12144 ns, Total: 57580 ns
[2025-05-23T03:29:40.590+0000][77][info ][safepoint   ] Safepoint "Cleanup", Time since last: 19004663428 ns, Reaching safepoint: 25728 ns, Cleanup: 15305 ns, At safepoint: 10059 ns, Total: 51092 ns
[2025-05-23T03:30:03.825+0000][77][info ][safepoint   ] Safepoint "Cleanup", Time since last: 23238133514 ns, Reaching safepoint: 37123 ns, Cleanup: 18827 ns, At safepoint: 18654 ns, Total: 74604 ns
[2025-05-23T03:30:22.299+0000][77][info ][safepoint   ] Safepoint "Cleanup", Time since last: 18473741932 ns, Reaching safepoint: 19368 ns, Cleanup: 10242 ns, At safepoint: 3548 ns, Total: 33158 ns
[2025-05-23T03:30:23.647+0000][77][info ][safepoint   ] Safepoint "Cleanup", Time since last: 1348149181 ns, Reaching safepoint: 72435 ns, Cleanup: 122841 ns, At safepoint: 47405 ns, Total: 242681 ns
[2025-05-23T03:30:37.648+0000][77][info ][safepoint   ] Safepoint "Cleanup", Time since last: 14002531977 ns, Reaching safepoint: 20758 ns, Cleanup: 17430 ns, At safepoint: 8461 ns, Total: 46649 ns
[2025-05-23T03:30:44.651+0000][77][info ][safepoint   ] Safepoint "Cleanup", Time since last: 7002555125 ns, Reaching safepoint: 289217 ns, Cleanup: 18686 ns, At safepoint: 11424 ns, Total: 319327 ns
[2025-05-23T03:31:05.864+0000][77][info ][safepoint   ] Safepoint "Cleanup", Time since last: 21215867584 ns, Reaching safepoint: 55640 ns, Cleanup: 16093 ns, At safepoint: 11447 ns, Total: 83180 ns
[2025-05-23T03:31:25.645+0000][77][info ][safepoint   ] Safepoint "Cleanup", Time since last: 19780762874 ns, Reaching safepoint: 6542 ns, Cleanup: 7795 ns, At safepoint: 3015 ns, Total: 17352 ns
[2025-05-23T03:31:28.694+0000][77][info ][safepoint   ] Safepoint "Cleanup", Time since last: 3051892490 ns, Reaching safepoint: 29791 ns, Cleanup: 15998 ns, At safepoint: 12486 ns, Total: 58275 ns
[2025-05-23T03:31:34.333+0000][77][info ][safepoint   ] Safepoint "Cleanup", Time since last: 5639180276 ns, Reaching safepoint: 16167 ns, Cleanup: 13339 ns, At safepoint: 19568 ns, Total: 49074 ns
[2025-05-23T03:31:35.728+0000][77][info ][safepoint   ] Safepoint "Cleanup", Time since last: 1394865628 ns, Reaching safepoint: 36047 ns, Cleanup: 19631 ns, At safepoint: 19670 ns, Total: 75348 ns
[2025-05-23T03:31:37.301+0000][77][info ][safepoint   ] Safepoint "Cleanup", Time since last: 1572368793 ns, Reaching safepoint: 207633 ns, Cleanup: 11122 ns, At safepoint: 68481 ns, Total: 287236 ns
[2025-05-23T03:31:38.755+0000][77][info ][safepoint   ] Safepoint "Cleanup", Time since last: 1453960214 ns, Reaching safepoint: 30979 ns, Cleanup: 20269 ns, At safepoint: 17262 ns, Total: 68510 ns
[2025-05-23T03:31:39.776+0000][77][info ][safepoint   ] Safepoint "Cleanup", Time since last: 1020824415 ns, Reaching safepoint: 33344 ns, Cleanup: 19793 ns, At safepoint: 19310 ns, Total: 72447 ns
[2025-05-23T03:31:53.357+0000][77][info ][safepoint   ] Safepoint "Cleanup", Time since last: 13581297007 ns, Reaching safepoint: 32929 ns, Cleanup: 19856 ns, At safepoint: 17625 ns, Total: 70410 ns
[2025-05-23T03:31:59.356+0000][77][info ][safepoint   ] Safepoint "Cleanup", Time since last: 6001573997 ns, Reaching safepoint: 74369 ns, Cleanup: 23058 ns, At safepoint: 22611 ns, Total: 120038 ns
[2025-05-23T03:32:16.360+0000][77][info ][safepoint   ] Safepoint "Cleanup", Time since last: 17004183414 ns, Reaching safepoint: 76164 ns, Cleanup: 19398 ns, At safepoint: 20585 ns, Total: 116147 ns
[2025-05-23T03:32:17.362+0000][77][info ][safepoint   ] Safepoint "Cleanup", Time since last: 1001198878 ns, Reaching safepoint: 18451 ns, Cleanup: 12953 ns, At safepoint: 9353 ns, Total: 40757 ns
[2025-05-23T03:32:22.363+0000][77][info ][safepoint   ] Safepoint "Cleanup", Time since last: 5001622967 ns, Reaching safepoint: 36944 ns, Cleanup: 18852 ns, At safepoint: 22826 ns, Total: 78622 ns
[2025-05-23T03:32:28.295+0000][77][info ][safepoint   ] Safepoint "Cleanup", Time since last: 5933749006 ns, Reaching safepoint: 15153 ns, Cleanup: 13828 ns, At safepoint: 20257 ns, Total: 49238 ns
[2025-05-23T03:32:56.972+0000][77][info ][safepoint   ] Safepoint "Cleanup", Time since last: 28679795340 ns, Reaching safepoint: 48598 ns, Cleanup: 13986 ns, At safepoint: 10540 ns, Total: 73124 ns
[2025-05-23T03:33:02.973+0000][77][info ][safepoint   ] Safepoint "Cleanup", Time since last: 6001329569 ns, Reaching safepoint: 27137 ns, Cleanup: 15496 ns, At safepoint: 12501 ns, Total: 55134 ns
[2025-05-23T03:33:03.974+0000][77][info ][safepoint   ] Safepoint "Cleanup", Time since last: 1000775030 ns, Reaching safepoint: 28781 ns, Cleanup: 15107 ns, At safepoint: 12396 ns, Total: 56284 ns
[2025-05-23T03:33:05.975+0000][77][info ][safepoint   ] Safepoint "Cleanup", Time since last: 2001120571 ns, Reaching safepoint: 20156 ns, Cleanup: 14137 ns, At safepoint: 8941 ns, Total: 43234 ns
[2025-05-23T03:33:16.978+0000][77][info ][safepoint   ] Safepoint "Cleanup", Time since last: 11001991327 ns, Reaching safepoint: 46054 ns, Cleanup: 16703 ns, At safepoint: 9171 ns, Total: 71928 ns
[2025-05-23T03:33:31.858+0000][77][info ][safepoint   ] Safepoint "Cleanup", Time since last: 14883685376 ns, Reaching safepoint: 16232 ns, Cleanup: 22475 ns, At safepoint: 91288 ns, Total: 129995 ns
[2025-05-23T03:33:35.880+0000][77][info ][safepoint   ] Safepoint "Cleanup", Time since last: 4021518097 ns, Reaching safepoint: 25361 ns, Cleanup: 16879 ns, At safepoint: 12148 ns, Total: 54388 ns
[2025-05-23T03:33:46.008+0000][77][info ][safepoint   ] Safepoint "Cleanup", Time since last: 10128630156 ns, Reaching safepoint: 37570 ns, Cleanup: 19495 ns, At safepoint: 20907 ns, Total: 77972 ns
[2025-05-23T03:34:02.010+0000][77][info ][safepoint   ] Safepoint "Cleanup", Time since last: 16003716056 ns, Reaching safepoint: 73618 ns, Cleanup: 17733 ns, At safepoint: 20883 ns, Total: 112234 ns
[2025-05-23T03:34:04.011+0000][77][info ][safepoint   ] Safepoint "Cleanup", Time since last: 2000987809 ns, Reaching safepoint: 31946 ns, Cleanup: 17594 ns, At safepoint: 18138 ns, Total: 67678 ns
[2025-05-23T03:34:08.012+0000][77][info ][safepoint   ] Safepoint "Cleanup", Time since last: 4001199166 ns, Reaching safepoint: 30726 ns, Cleanup: 16686 ns, At safepoint: 17003 ns, Total: 64415 ns
[2025-05-23T03:34:23.015+0000][77][info ][safepoint   ] Safepoint "Cleanup", Time since last: 15003225500 ns, Reaching safepoint: 175988 ns, Cleanup: 18777 ns, At safepoint: 23662 ns, Total: 218427 ns
[2025-05-23T03:34:34.903+0000][77][info ][safepoint   ] Safepoint "Cleanup", Time since last: 11890201250 ns, Reaching safepoint: 9934 ns, Cleanup: 17455 ns, At safepoint: 16150 ns, Total: 43539 ns
[2025-05-23T03:34:35.933+0000][77][info ][safepoint   ] Safepoint "Cleanup", Time since last: 1030369727 ns, Reaching safepoint: 26031 ns, Cleanup: 19373 ns, At safepoint: 11515 ns, Total: 56919 ns
[2025-05-23T03:34:47.041+0000][77][info ][safepoint   ] Safepoint "Cleanup", Time since last: 11107778491 ns, Reaching safepoint: 27471 ns, Cleanup: 15267 ns, At safepoint: 12561 ns, Total: 55299 ns
[2025-05-23T03:35:02.045+0000][77][info ][safepoint   ] Safepoint "Cleanup", Time since last: 15005741181 ns, Reaching safepoint: 75922 ns, Cleanup: 26504 ns, At safepoint: 39006 ns, Total: 141432 ns
[2025-05-23T03:35:04.046+0000][77][info ][safepoint   ] Safepoint "Cleanup", Time since last: 2001174703 ns, Reaching safepoint: 38037 ns, Cleanup: 29805 ns, At safepoint: 14199 ns, Total: 82041 ns
[2025-05-23T03:35:37.050+0000][77][info ][safepoint   ] Safepoint "Cleanup", Time since last: 33006594910 ns, Reaching safepoint: 33509 ns, Cleanup: 23454 ns, At safepoint: 18163 ns, Total: 75126 ns
[2025-05-23T03:35:38.984+0000][77][info ][safepoint   ] Safepoint "Cleanup", Time since last: 1933142375 ns, Reaching safepoint: 32030 ns, Cleanup: 20492 ns, At safepoint: 17448 ns, Total: 69970 ns
[2025-05-23T03:35:53.080+0000][77][info ][safepoint   ] Safepoint "Cleanup", Time since last: 14095802229 ns, Reaching safepoint: 162971 ns, Cleanup: 18507 ns, At safepoint: 22641 ns, Total: 204119 ns
[2025-05-23T03:36:37.435+0000][77][info ][safepoint   ] Safepoint "Cleanup", Time since last: 44361097606 ns, Reaching safepoint: 161758 ns, Cleanup: 7268 ns, At safepoint: 32353 ns, Total: 201379 ns
[2025-05-23T03:36:39.038+0000][77][info ][safepoint   ] Safepoint "Cleanup", Time since last: 1603348693 ns, Reaching safepoint: 29521 ns, Cleanup: 30371 ns, At safepoint: 18083 ns, Total: 77975 ns
[2025-05-23T03:36:40.292+0000][77][info ][safepoint   ] Safepoint "Cleanup", Time since last: 1253944995 ns, Reaching safepoint: 8911 ns, Cleanup: 8265 ns, At safepoint: 47907 ns, Total: 65083 ns
[2025-05-23T03:36:42.081+0000][77][info ][safepoint   ] Safepoint "Cleanup", Time since last: 1788341799 ns, Reaching safepoint: 32499 ns, Cleanup: 42968 ns, At safepoint: 19133 ns, Total: 94600 ns
[2025-05-23T03:36:44.126+0000][77][info ][safepoint   ] Safepoint "Cleanup", Time since last: 2044762694 ns, Reaching safepoint: 22669 ns, Cleanup: 17314 ns, At safepoint: 51055 ns, Total: 91038 ns
[2025-05-23T03:36:47.126+0000][77][info ][safepoint   ] Safepoint "Cleanup", Time since last: 2999863651 ns, Reaching safepoint: 18619 ns, Cleanup: 13223 ns, At safepoint: 10739 ns, Total: 42581 ns
[2025-05-23T03:36:52.338+0000][77][info ][safepoint   ] Safepoint "Cleanup", Time since last: 5212396265 ns, Reaching safepoint: 104150 ns, Cleanup: 17341 ns, At safepoint: 36214 ns, Total: 157705 ns
[2025-05-23T03:36:57.137+0000][77][info ][safepoint   ] Safepoint "Cleanup", Time since last: 4800083096 ns, Reaching safepoint: 19059 ns, Cleanup: 13887 ns, At safepoint: 9557 ns, Total: 42503 ns
[2025-05-23T03:36:59.138+0000][77][info ][safepoint   ] Safepoint "Cleanup", Time since last: 2001051075 ns, Reaching safepoint: 182258 ns, Cleanup: 24539 ns, At safepoint: 213756 ns, Total: 420553 ns
[2025-05-23T03:37:09.141+0000][77][info ][safepoint   ] Safepoint "Cleanup", Time since last: 10003150141 ns, Reaching safepoint: 98070 ns, Cleanup: 22275 ns, At safepoint: 20736 ns, Total: 141081 ns
[2025-05-23T03:37:19.145+0000][77][info ][safepoint   ] Safepoint "Cleanup", Time since last: 10003080821 ns, Reaching safepoint: 64762 ns, Cleanup: 16683 ns, At safepoint: 16051 ns, Total: 97496 ns
[2025-05-23T03:37:27.376+0000][77][info ][safepoint   ] Safepoint "Cleanup", Time since last: 8121515760 ns, Reaching safepoint: 112593759 ns, Cleanup: 29833 ns, At safepoint: 146971 ns, Total: 112770563 ns
[2025-05-23T03:37:29.447+0000][77][info ][safepoint   ] Safepoint "Cleanup", Time since last: 2071024260 ns, Reaching safepoint: 260680 ns, Cleanup: 25312 ns, At safepoint: 199811 ns, Total: 485803 ns
[2025-05-23T03:37:33.864+0000][77][info ][safepoint   ] Safepoint "Cleanup", Time since last: 4108073103 ns, Reaching safepoint: 308441017 ns, Cleanup: 26847 ns, At safepoint: 47717 ns, Total: 308515581 ns
[2025-05-23T03:37:36.096+0000][77][info ][safepoint   ] Safepoint "Cleanup", Time since last: 2088427221 ns, Reaching safepoint: 143765926 ns, Cleanup: 27603 ns, At safepoint: 386419 ns, Total: 144179948 ns
[2025-05-23T03:37:43.099+0000][77][info ][safepoint   ] Safepoint "Cleanup", Time since last: 7002124603 ns, Reaching safepoint: 690055 ns, Cleanup: 27359 ns, At safepoint: 170926 ns, Total: 888340 ns
[2025-05-23T03:37:45.084+0000][77][info ][safepoint   ] Safepoint "Cleanup", Time since last: 1985132574 ns, Reaching safepoint: 30382 ns, Cleanup: 19960 ns, At safepoint: 15396 ns, Total: 65738 ns
[2025-05-23T03:37:47.350+0000][77][info ][safepoint   ] Safepoint "Cleanup", Time since last: 2265374019 ns, Reaching safepoint: 29858 ns, Cleanup: 20484 ns, At safepoint: 17381 ns, Total: 67723 ns
[2025-05-23T03:37:50.352+0000][77][info ][safepoint   ] Safepoint "Cleanup", Time since last: 3001584871 ns, Reaching safepoint: 81478 ns, Cleanup: 18921 ns, At safepoint: 19232 ns, Total: 119631 ns
[2025-05-23T03:38:07.354+0000][77][info ][safepoint   ] Safepoint "Cleanup", Time since last: 17004782656 ns, Reaching safepoint: 251639 ns, Cleanup: 21721 ns, At safepoint: 99716 ns, Total: 373076 ns
[2025-05-23T03:38:23.617+0000][77][info ][safepoint   ] Safepoint "Cleanup", Time since last: 16170124789 ns, Reaching safepoint: 92350634 ns, Cleanup: 15843 ns, At safepoint: 112931 ns, Total: 92479408 ns
[2025-05-23T03:39:07.463+0000][77][info ][safepoint   ] Safepoint "Cleanup", Time since last: 43851380050 ns, Reaching safepoint: 95019 ns, Cleanup: 21940 ns, At safepoint: 20106 ns, Total: 137065 ns
[2025-05-23T03:39:13.469+0000][77][info ][safepoint   ] Safepoint "Cleanup", Time since last: 6005952185 ns, Reaching safepoint: 36032 ns, Cleanup: 24470 ns, At safepoint: 16736 ns, Total: 77238 ns
[2025-05-23T03:39:41.474+0000][77][info ][safepoint   ] Safepoint "Cleanup", Time since last: 28007177440 ns, Reaching safepoint: 153106 ns, Cleanup: 18682 ns, At safepoint: 22254 ns, Total: 194042 ns
[2025-05-23T03:39:44.355+0000][77][info ][safepoint   ] Safepoint "Cleanup", Time since last: 2881607743 ns, Reaching safepoint: 6221 ns, Cleanup: 8115 ns, At safepoint: 2840 ns, Total: 17176 ns
[2025-05-23T03:39:45.392+0000][77][info ][safepoint   ] Safepoint "Cleanup", Time since last: 1036303560 ns, Reaching safepoint: 36320 ns, Cleanup: 22499 ns, At safepoint: 11797 ns, Total: 70616 ns
[2025-05-23T03:40:04.506+0000][77][info ][safepoint   ] Safepoint "Cleanup", Time since last: 19116895190 ns, Reaching safepoint: 74691 ns, Cleanup: 20910 ns, At safepoint: 18686 ns, Total: 114287 ns
[2025-05-23T03:40:06.507+0000][77][info ][safepoint   ] Safepoint "Cleanup", Time since last: 2000881560 ns, Reaching safepoint: 31144 ns, Cleanup: 16991 ns, At safepoint: 18465 ns, Total: 66600 ns
[2025-05-23T03:40:18.509+0000][77][info ][safepoint   ] Safepoint "Cleanup", Time since last: 12002571364 ns, Reaching safepoint: 121168 ns, Cleanup: 19680 ns, At safepoint: 20290 ns, Total: 161138 ns
[2025-05-23T03:40:36.511+0000][77][info ][safepoint   ] Safepoint "Cleanup", Time since last: 18003352322 ns, Reaching safepoint: 21382 ns, Cleanup: 16285 ns, At safepoint: 10425 ns, Total: 48092 ns
[2025-05-23T03:40:37.511+0000][77][info ][safepoint   ] Safepoint "Cleanup", Time since last: 1000695187 ns, Reaching safepoint: 33533 ns, Cleanup: 21221 ns, At safepoint: 19724 ns, Total: 74478 ns
[2025-05-23T03:40:47.331+0000][77][info ][safepoint   ] Safepoint "Cleanup", Time since last: 9820141113 ns, Reaching safepoint: 6638 ns, Cleanup: 13158 ns, At safepoint: 14810 ns, Total: 34606 ns
[2025-05-23T03:40:48.483+0000][77][info ][safepoint   ] Safepoint "Cleanup", Time since last: 1150960147 ns, Reaching safepoint: 32402 ns, Cleanup: 25970 ns, At safepoint: 19831 ns, Total: 78203 ns
[2025-05-23T03:41:08.355+0000][77][info ][safepoint   ] Safepoint "Cleanup", Time since last: 19874806951 ns, Reaching safepoint: 54537 ns, Cleanup: 23929 ns, At safepoint: 23671 ns, Total: 102137 ns
[2025-05-23T03:41:09.553+0000][77][info ][safepoint   ] Safepoint "Cleanup", Time since last: 1197779064 ns, Reaching safepoint: 20898 ns, Cleanup: 153139 ns, At safepoint: 13115 ns, Total: 187152 ns
[2025-05-23T03:41:10.577+0000][77][info ][safepoint   ] Safepoint "Cleanup", Time since last: 1023852508 ns, Reaching safepoint: 32951 ns, Cleanup: 19835 ns, At safepoint: 17622 ns, Total: 70408 ns
[2025-05-23T03:41:11.593+0000][77][info ][safepoint   ] Safepoint "Cleanup", Time since last: 1016252394 ns, Reaching safepoint: 6351 ns, Cleanup: 14483 ns, At safepoint: 13047 ns, Total: 33881 ns
[2025-05-23T03:41:12.603+0000][77][info ][safepoint   ] Safepoint "Cleanup", Time since last: 1009420000 ns, Reaching safepoint: 27898 ns, Cleanup: 44059 ns, At safepoint: 12041 ns, Total: 83998 ns
[2025-05-23T03:41:13.644+0000][77][info ][safepoint   ] Safepoint "Cleanup", Time since last: 1041445218 ns, Reaching safepoint: 19579 ns, Cleanup: 19716 ns, At safepoint: 31115 ns, Total: 70410 ns
[2025-05-23T03:41:23.490+0000][77][info ][safepoint   ] Safepoint "Cleanup", Time since last: 9845396391 ns, Reaching safepoint: 63686 ns, Cleanup: 18833 ns, At safepoint: 47969 ns, Total: 130488 ns
[2025-05-23T03:41:24.592+0000][77][info ][safepoint   ] Safepoint "Cleanup", Time since last: 1102515736 ns, Reaching safepoint: 119747 ns, Cleanup: 20855 ns, At safepoint: 11715 ns, Total: 152317 ns
[2025-05-23T03:41:29.686+0000][77][info ][safepoint   ] Safepoint "Cleanup", Time since last: 5097205618 ns, Reaching safepoint: 17141 ns, Cleanup: 11023 ns, At safepoint: 3926 ns, Total: 32090 ns
[2025-05-23T03:41:30.697+0000][77][info ][safepoint   ] Safepoint "Cleanup", Time since last: 1010652419 ns, Reaching safepoint: 94669 ns, Cleanup: 19658 ns, At safepoint: 17805 ns, Total: 132132 ns
[2025-05-23T03:41:38.345+0000][77][info ][safepoint   ] Safepoint "Cleanup", Time since last: 7647341505 ns, Reaching safepoint: 8235 ns, Cleanup: 9181 ns, At safepoint: 13242 ns, Total: 30658 ns
[2025-05-23T03:41:39.751+0000][77][info ][safepoint   ] Safepoint "Cleanup", Time since last: 1406593963 ns, Reaching safepoint: 12338 ns, Cleanup: 28433 ns, At safepoint: 13387 ns, Total: 54158 ns
[2025-05-23T03:41:40.760+0000][77][info ][safepoint   ] Safepoint "Cleanup", Time since last: 1008891166 ns, Reaching safepoint: 31789 ns, Cleanup: 17369 ns, At safepoint: 17523 ns, Total: 66681 ns
[2025-05-23T03:41:41.776+0000][77][info ][safepoint   ] Safepoint "Cleanup", Time since last: 1016145514 ns, Reaching safepoint: 33879 ns, Cleanup: 20403 ns, At safepoint: 74341 ns, Total: 128623 ns
[2025-05-23T03:41:44.333+0000][77][info ][safepoint   ] Safepoint "Cleanup", Time since last: 2556281797 ns, Reaching safepoint: 23269 ns, Cleanup: 19625 ns, At safepoint: 22655 ns, Total: 65549 ns
[2025-05-23T03:41:45.573+0000][77][info ][safepoint   ] Safepoint "Cleanup", Time since last: 1240079928 ns, Reaching safepoint: 11506 ns, Cleanup: 16065 ns, At safepoint: 18455 ns, Total: 46026 ns
[2025-05-23T03:41:50.373+0000][77][info ][safepoint   ] Safepoint "Cleanup", Time since last: 4800296441 ns, Reaching safepoint: 20588 ns, Cleanup: 9709 ns, At safepoint: 15849 ns, Total: 46146 ns
[2025-05-23T03:41:51.931+0000][77][info ][safepoint   ] Safepoint "Cleanup", Time since last: 1557329898 ns, Reaching safepoint: 33055 ns, Cleanup: 93523 ns, At safepoint: 20254 ns, Total: 146832 ns
[2025-05-23T03:41:53.609+0000][77][info ][safepoint   ] Safepoint "Cleanup", Time since last: 1678458049 ns, Reaching safepoint: 108233 ns, Cleanup: 23717 ns, At safepoint: 52364 ns, Total: 184314 ns
[2025-05-23T03:42:14.709+0000][77][info ][safepoint   ] Safepoint "Cleanup", Time since last: 21103024106 ns, Reaching safepoint: 198071 ns, Cleanup: 25290 ns, At safepoint: 27448 ns, Total: 250809 ns
[2025-05-23T03:42:53.325+0000][77][info ][safepoint   ] Safepoint "Cleanup", Time since last: 38617827475 ns, Reaching safepoint: 38766 ns, Cleanup: 23187 ns, At safepoint: 30427 ns, Total: 92380 ns
[2025-05-23T03:42:54.975+0000][77][info ][safepoint   ] Safepoint "Cleanup", Time since last: 1650435679 ns, Reaching safepoint: 36811 ns, Cleanup: 20459 ns, At safepoint: 18716 ns, Total: 75986 ns
[2025-05-23T03:43:03.974+0000][77][info ][safepoint   ] Safepoint "Cleanup", Time since last: 9002110592 ns, Reaching safepoint: 50869 ns, Cleanup: 14656 ns, At safepoint: 9917 ns, Total: 75442 ns
[2025-05-23T03:43:07.976+0000][77][info ][safepoint   ] Safepoint "Cleanup", Time since last: 4001307804 ns, Reaching safepoint: 326797 ns, Cleanup: 19113 ns, At safepoint: 122963 ns, Total: 468873 ns
[2025-05-23T03:43:08.977+0000][77][info ][safepoint   ] Safepoint "Cleanup", Time since last: 1000729754 ns, Reaching safepoint: 33327 ns, Cleanup: 21249 ns, At safepoint: 19851 ns, Total: 74427 ns
[2025-05-23T03:43:28.979+0000][77][info ][safepoint   ] Safepoint "Cleanup", Time since last: 20004211047 ns, Reaching safepoint: 212740 ns, Cleanup: 17871 ns, At safepoint: 21844 ns, Total: 252455 ns
[2025-05-23T03:43:37.981+0000][77][info ][safepoint   ] Safepoint "Cleanup", Time since last: 9002507112 ns, Reaching safepoint: 36180 ns, Cleanup: 17921 ns, At safepoint: 18637 ns, Total: 72738 ns
[2025-05-23T03:43:48.646+0000][77][info ][safepoint   ] Safepoint "Cleanup", Time since last: 10664359433 ns, Reaching safepoint: 75117 ns, Cleanup: 16971 ns, At safepoint: 10103 ns, Total: 102191 ns
[2025-05-23T03:43:50.647+0000][77][info ][safepoint   ] Safepoint "Cleanup", Time since last: 2000846244 ns, Reaching safepoint: 74587 ns, Cleanup: 15094 ns, At safepoint: 9180 ns, Total: 98861 ns
[2025-05-23T03:43:55.648+0000][77][info ][safepoint   ] Safepoint "Cleanup", Time since last: 5001316566 ns, Reaching safepoint: 24481 ns, Cleanup: 13213 ns, At safepoint: 8792 ns, Total: 46486 ns
[2025-05-23T03:43:57.000+0000][77][info ][safepoint   ] Safepoint "Cleanup", Time since last: 1355253075 ns, Reaching safepoint: 28974 ns, Cleanup: 17445 ns, At safepoint: 45979 ns, Total: 92398 ns
[2025-05-23T03:43:58.058+0000][77][info ][safepoint   ] Safepoint "Cleanup", Time since last: 1057627142 ns, Reaching safepoint: 35318 ns, Cleanup: 15531 ns, At safepoint: 11578 ns, Total: 62427 ns
[2025-05-23T03:44:04.060+0000][77][info ][safepoint   ] Safepoint "Cleanup", Time since last: 6001864205 ns, Reaching safepoint: 163105 ns, Cleanup: 30416 ns, At safepoint: 21083 ns, Total: 214604 ns
[2025-05-23T03:44:08.062+0000][77][info ][safepoint   ] Safepoint "Cleanup", Time since last: 4001890667 ns, Reaching safepoint: 31971 ns, Cleanup: 22491 ns, At safepoint: 19344 ns, Total: 73806 ns
[2025-05-23T03:44:18.066+0000][77][info ][safepoint   ] Safepoint "Cleanup", Time since last: 10003849214 ns, Reaching safepoint: 74784 ns, Cleanup: 23279 ns, At safepoint: 18083 ns, Total: 116146 ns
[2025-05-23T03:44:21.073+0000][77][info ][safepoint   ] Safepoint "Cleanup", Time since last: 3007085050 ns, Reaching safepoint: 24663 ns, Cleanup: 21685 ns, At safepoint: 14565 ns, Total: 60913 ns
[2025-05-23T03:44:38.086+0000][77][info ][safepoint   ] Safepoint "Cleanup", Time since last: 17004231490 ns, Reaching safepoint: 11887962 ns, Cleanup: 19001 ns, At safepoint: 79557 ns, Total: 11986520 ns
[2025-05-23T03:44:59.429+0000][77][info ][safepoint   ] Safepoint "Cleanup", Time since last: 21344463245 ns, Reaching safepoint: 22683 ns, Cleanup: 16843 ns, At safepoint: 8065 ns, Total: 47591 ns
[2025-05-23T03:45:04.130+0000][77][info ][safepoint   ] Safepoint "Cleanup", Time since last: 4700795289 ns, Reaching safepoint: 297142 ns, Cleanup: 73317 ns, At safepoint: 22531 ns, Total: 392990 ns
[2025-05-23T03:45:15.139+0000][77][info ][safepoint   ] Safepoint "Cleanup", Time since last: 11008914547 ns, Reaching safepoint: 189116 ns, Cleanup: 26521 ns, At safepoint: 24283 ns, Total: 239920 ns
[2025-05-23T03:45:57.759+0000][77][info ][safepoint   ] Safepoint "Cleanup", Time since last: 42625290422 ns, Reaching safepoint: 33117 ns, Cleanup: 21219 ns, At safepoint: 16885 ns, Total: 71221 ns
[2025-05-23T03:46:03.171+0000][77][info ][safepoint   ] Safepoint "Cleanup", Time since last: 5412414488 ns, Reaching safepoint: 131271 ns, Cleanup: 19108 ns, At safepoint: 80717 ns, Total: 231096 ns
[2025-05-23T03:46:08.211+0000][77][info ][safepoint   ] Safepoint "Cleanup", Time since last: 5039989761 ns, Reaching safepoint: 30289 ns, Cleanup: 22199 ns, At safepoint: 15009 ns, Total: 67497 ns
[2025-05-23T03:46:15.215+0000][77][info ][safepoint   ] Safepoint "Cleanup", Time since last: 7003473202 ns, Reaching safepoint: 37560 ns, Cleanup: 25790 ns, At safepoint: 25121 ns, Total: 88471 ns
[2025-05-23T03:46:38.219+0000][77][info ][safepoint   ] Safepoint "Cleanup", Time since last: 23006671916 ns, Reaching safepoint: 27446 ns, Cleanup: 19526 ns, At safepoint: 16635 ns, Total: 63607 ns
[2025-05-23T03:46:41.383+0000][77][info ][safepoint   ] Safepoint "Cleanup", Time since last: 3159575617 ns, Reaching safepoint: 3505304 ns, Cleanup: 37578 ns, At safepoint: 208195 ns, Total: 3751077 ns
[2025-05-23T03:46:43.264+0000][77][info ][safepoint   ] Safepoint "Cleanup", Time since last: 1881528909 ns, Reaching safepoint: 31936 ns, Cleanup: 38362 ns, At safepoint: 17387 ns, Total: 87685 ns
[2025-05-23T03:46:44.370+0000][77][info ][safepoint   ] Safepoint "Cleanup", Time since last: 1105809637 ns, Reaching safepoint: 11871 ns, Cleanup: 9821 ns, At safepoint: 4833 ns, Total: 26525 ns
[2025-05-23T03:46:47.813+0000][77][info ][safepoint   ] Safepoint "Cleanup", Time since last: 3443318305 ns, Reaching safepoint: 87680 ns, Cleanup: 27761 ns, At safepoint: 23418 ns, Total: 138859 ns
[2025-05-23T03:46:48.946+0000][77][info ][safepoint   ] Safepoint "Cleanup", Time since last: 1132164364 ns, Reaching safepoint: 6885 ns, Cleanup: 24259 ns, At safepoint: 16656 ns, Total: 47800 ns
[2025-05-23T03:46:55.973+0000][77][info ][safepoint   ] Safepoint "Cleanup", Time since last: 7027095090 ns, Reaching safepoint: 28139 ns, Cleanup: 15763 ns, At safepoint: 11452 ns, Total: 55354 ns
[2025-05-23T03:47:04.094+0000][77][info ][safepoint   ] Safepoint "Cleanup", Time since last: 8123677274 ns, Reaching safepoint: 177965 ns, Cleanup: 19186 ns, At safepoint: 78657 ns, Total: 275808 ns
[2025-05-23T03:47:05.350+0000][77][info ][safepoint   ] Safepoint "Cleanup", Time since last: 1255672239 ns, Reaching safepoint: 15822 ns, Cleanup: 42411 ns, At safepoint: 93849 ns, Total: 152082 ns
[2025-05-23T03:47:08.433+0000][77][info ][safepoint   ] Safepoint "Cleanup", Time since last: 3083146475 ns, Reaching safepoint: 18419 ns, Cleanup: 16326 ns, At safepoint: 9488 ns, Total: 44233 ns
[2025-05-23T03:47:23.437+0000][77][info ][safepoint   ] Safepoint "Cleanup", Time since last: 15003086533 ns, Reaching safepoint: 76077 ns, Cleanup: 29000 ns, At safepoint: 28269 ns, Total: 133346 ns
[2025-05-23T03:47:45.438+0000][77][info ][safepoint   ] Safepoint "Cleanup", Time since last: 22004256169 ns, Reaching safepoint: 63449 ns, Cleanup: 19078 ns, At safepoint: 12825 ns, Total: 95352 ns
[2025-05-23T03:47:48.059+0000][77][info ][safepoint   ] Safepoint "Cleanup", Time since last: 2621280448 ns, Reaching safepoint: 56242 ns, Cleanup: 19715 ns, At safepoint: 15787 ns, Total: 91744 ns
[2025-05-23T03:47:57.059+0000][77][info ][safepoint   ] Safepoint "Cleanup", Time since last: 9002435044 ns, Reaching safepoint: 30636 ns, Cleanup: 18589 ns, At safepoint: 16911 ns, Total: 66136 ns
[2025-05-23T03:48:04.060+0000][77][info ][safepoint   ] Safepoint "Cleanup", Time since last: 7001536590 ns, Reaching safepoint: 70170 ns, Cleanup: 17804 ns, At safepoint: 18409 ns, Total: 106383 ns
[2025-05-23T03:48:05.476+0000][77][info ][safepoint   ] Safepoint "Cleanup", Time since last: 1415886745 ns, Reaching safepoint: 15969 ns, Cleanup: 11854 ns, At safepoint: 31820 ns, Total: 59643 ns
[2025-05-23T03:48:06.495+0000][77][info ][safepoint   ] Safepoint "Cleanup", Time since last: 1018389183 ns, Reaching safepoint: 30211 ns, Cleanup: 17985 ns, At safepoint: 16760 ns, Total: 64956 ns
[2025-05-23T03:48:07.589+0000][77][info ][safepoint   ] Safepoint "Cleanup", Time since last: 1094082923 ns, Reaching safepoint: 32763 ns, Cleanup: 18537 ns, At safepoint: 19416 ns, Total: 70716 ns
[2025-05-23T03:48:23.593+0000][77][info ][safepoint   ] Safepoint "Cleanup", Time since last: 16003537801 ns, Reaching safepoint: 51738 ns, Cleanup: 13445 ns, At safepoint: 9329 ns, Total: 74512 ns
[2025-05-23T03:49:04.106+0000][77][info ][safepoint   ] Safepoint "Cleanup", Time since last: 40517870260 ns, Reaching safepoint: 73083 ns, Cleanup: 24652 ns, At safepoint: 18190 ns, Total: 115925 ns
[2025-05-23T03:49:08.424+0000][77][info ][safepoint   ] Safepoint "Cleanup", Time since last: 4315713655 ns, Reaching safepoint: 2364816 ns, Cleanup: 18711 ns, At safepoint: 183833 ns, Total: 2567360 ns
[2025-05-23T03:49:32.649+0000][77][info ][safepoint   ] Safepoint "Cleanup", Time since last: 24228125115 ns, Reaching safepoint: 48631 ns, Cleanup: 13712 ns, At safepoint: 9224 ns, Total: 71567 ns
[2025-05-23T03:50:04.138+0000][77][info ][safepoint   ] Safepoint "Cleanup", Time since last: 31491072864 ns, Reaching safepoint: 69235 ns, Cleanup: 20603 ns, At safepoint: 47229 ns, Total: 137067 ns
[2025-05-23T03:50:08.139+0000][77][info ][safepoint   ] Safepoint "Cleanup", Time since last: 4001214183 ns, Reaching safepoint: 41720 ns, Cleanup: 16724 ns, At safepoint: 10325 ns, Total: 68769 ns
[2025-05-23T03:50:29.710+0000][77][info ][safepoint   ] Safepoint "Cleanup", Time since last: 21573519007 ns, Reaching safepoint: 83503 ns, Cleanup: 22484 ns, At safepoint: 37354 ns, Total: 143341 ns
[2025-05-23T03:50:48.173+0000][77][info ][safepoint   ] Safepoint "Cleanup", Time since last: 18462464611 ns, Reaching safepoint: 22001 ns, Cleanup: 14393 ns, At safepoint: 10353 ns, Total: 46747 ns
[2025-05-23T03:50:56.175+0000][77][info ][safepoint   ] Safepoint "Cleanup", Time since last: 8001974917 ns, Reaching safepoint: 66797 ns, Cleanup: 46274 ns, At safepoint: 20886 ns, Total: 133957 ns
[2025-05-23T03:50:59.173+0000][77][info ][safepoint   ] Safepoint "Cleanup", Time since last: 3001085003 ns, Reaching safepoint: 33117 ns, Cleanup: 19690 ns, At safepoint: 18203 ns, Total: 71010 ns
[2025-05-23T03:51:04.175+0000][77][info ][safepoint   ] Safepoint "Cleanup", Time since last: 5001680233 ns, Reaching safepoint: 37700 ns, Cleanup: 33060 ns, At safepoint: 20165 ns, Total: 90925 ns
[2025-05-23T03:51:13.177+0000][77][info ][safepoint   ] Safepoint "Cleanup", Time since last: 9002107790 ns, Reaching safepoint: 27228 ns, Cleanup: 14810 ns, At safepoint: 9608 ns, Total: 51646 ns
[2025-05-23T03:51:28.761+0000][77][info ][safepoint   ] Safepoint "Cleanup", Time since last: 15586848112 ns, Reaching safepoint: 75940 ns, Cleanup: 16774 ns, At safepoint: 17767 ns, Total: 110481 ns
[2025-05-23T03:51:44.407+0000][77][info ][safepoint   ] Safepoint "Cleanup", Time since last: 15645392249 ns, Reaching safepoint: 6964 ns, Cleanup: 15410 ns, At safepoint: 5529 ns, Total: 27903 ns
[2025-05-23T03:51:45.788+0000][77][info ][safepoint   ] Safepoint "Cleanup", Time since last: 1381196149 ns, Reaching safepoint: 25372 ns, Cleanup: 15890 ns, At safepoint: 11516 ns, Total: 52778 ns
[2025-05-23T03:51:47.808+0000][77][info ][safepoint   ] Safepoint "Cleanup", Time since last: 2020321942 ns, Reaching safepoint: 6649 ns, Cleanup: 9248 ns, At safepoint: 14904 ns, Total: 30801 ns
[2025-05-23T03:51:48.818+0000][77][info ][safepoint   ] Safepoint "Cleanup", Time since last: 1009663782 ns, Reaching safepoint: 19796 ns, Cleanup: 15936 ns, At safepoint: 9879 ns, Total: 45611 ns
[2025-05-23T03:51:50.854+0000][77][info ][safepoint   ] Safepoint "Cleanup", Time since last: 2035967158 ns, Reaching safepoint: 19500 ns, Cleanup: 12752 ns, At safepoint: 9517 ns, Total: 41769 ns
[2025-05-23T03:52:03.854+0000][77][info ][safepoint   ] Safepoint "Cleanup", Time since last: 13003088495 ns, Reaching safepoint: 30782 ns, Cleanup: 16534 ns, At safepoint: 17898 ns, Total: 65214 ns
[2025-05-23T03:52:08.855+0000][77][info ][safepoint   ] Safepoint "Cleanup", Time since last: 5001349293 ns, Reaching safepoint: 73509 ns, Cleanup: 17625 ns, At safepoint: 37037 ns, Total: 128171 ns
[2025-05-23T03:52:17.411+0000][77][info ][safepoint   ] Safepoint "Cleanup", Time since last: 8555035098 ns, Reaching safepoint: 347489 ns, Cleanup: 14048 ns, At safepoint: 243574 ns, Total: 605111 ns
[2025-05-23T03:52:18.907+0000][77][info ][safepoint   ] Safepoint "Cleanup", Time since last: 1496173294 ns, Reaching safepoint: 19869 ns, Cleanup: 16869 ns, At safepoint: 9518 ns, Total: 46256 ns
[2025-05-23T03:52:20.908+0000][77][info ][safepoint   ] Safepoint "Cleanup", Time since last: 2001117477 ns, Reaching safepoint: 25504 ns, Cleanup: 27977 ns, At safepoint: 8825 ns, Total: 62306 ns
[2025-05-23T03:53:04.248+0000][77][info ][safepoint   ] Safepoint "Cleanup", Time since last: 43343646046 ns, Reaching safepoint: 59642 ns, Cleanup: 17352 ns, At safepoint: 12546 ns, Total: 89540 ns
[2025-05-23T03:53:11.250+0000][77][info ][safepoint   ] Safepoint "Cleanup", Time since last: 7002076715 ns, Reaching safepoint: 64236 ns, Cleanup: 17106 ns, At safepoint: 17603 ns, Total: 98945 ns
[2025-05-23T03:53:18.253+0000][77][info ][safepoint   ] Safepoint "Cleanup", Time since last: 7002745950 ns, Reaching safepoint: 33914 ns, Cleanup: 16418 ns, At safepoint: 18319 ns, Total: 68651 ns
[2025-05-23T03:53:20.421+0000][77][info ][safepoint   ] Safepoint "Cleanup", Time since last: 2168528738 ns, Reaching safepoint: 141385 ns, Cleanup: 15426 ns, At safepoint: 46237 ns, Total: 203048 ns
[2025-05-23T03:53:37.961+0000][77][info ][safepoint   ] Safepoint "Cleanup", Time since last: 17542074590 ns, Reaching safepoint: 71927 ns, Cleanup: 19096 ns, At safepoint: 17623 ns, Total: 108646 ns
[2025-05-23T03:54:04.289+0000][77][info ][safepoint   ] Safepoint "Cleanup", Time since last: 26330489386 ns, Reaching safepoint: 18636 ns, Cleanup: 15799 ns, At safepoint: 8884 ns, Total: 43319 ns
[2025-05-23T03:54:08.290+0000][77][info ][safepoint   ] Safepoint "Cleanup", Time since last: 4001529612 ns, Reaching safepoint: 18348 ns, Cleanup: 12970 ns, At safepoint: 9108 ns, Total: 40426 ns
[2025-05-23T03:54:16.292+0000][77][info ][safepoint   ] Safepoint "Cleanup", Time since last: 8001741531 ns, Reaching safepoint: 46244 ns, Cleanup: 13698 ns, At safepoint: 9762 ns, Total: 69704 ns
[2025-05-23T03:54:23.403+0000][77][info ][safepoint   ] Safepoint "Cleanup", Time since last: 7111063912 ns, Reaching safepoint: 14829 ns, Cleanup: 22171 ns, At safepoint: 82834 ns, Total: 119834 ns
[2025-05-23T03:54:25.005+0000][77][info ][safepoint   ] Safepoint "Cleanup", Time since last: 1601743567 ns, Reaching safepoint: 31912 ns, Cleanup: 20905 ns, At safepoint: 18699 ns, Total: 71516 ns
[2025-05-23T03:55:27.051+0000][77][info ][safepoint   ] Safepoint "Cleanup", Time since last: 62054602599 ns, Reaching safepoint: 17165 ns, Cleanup: 19298 ns, At safepoint: 85622 ns, Total: 122085 ns
[2025-05-23T03:55:28.052+0000][77][info ][safepoint   ] Safepoint "Cleanup", Time since last: 1000883311 ns, Reaching safepoint: 26866 ns, Cleanup: 16322 ns, At safepoint: 12380 ns, Total: 55568 ns
[2025-05-23T03:55:37.055+0000][77][info ][safepoint   ] Safepoint "Cleanup", Time since last: 9002231938 ns, Reaching safepoint: 40764 ns, Cleanup: 15007 ns, At safepoint: 8917 ns, Total: 64688 ns
[2025-05-23T03:56:10.367+0000][77][info ][safepoint   ] Safepoint "Cleanup", Time since last: 33314517867 ns, Reaching safepoint: 51297 ns, Cleanup: 18039 ns, At safepoint: 11144 ns, Total: 80480 ns
[2025-05-23T03:56:30.108+0000][77][info ][safepoint   ] Safepoint "Cleanup", Time since last: 19744023908 ns, Reaching safepoint: 237678 ns, Cleanup: 24155 ns, At safepoint: 65503 ns, Total: 327336 ns
[2025-05-23T03:56:47.385+0000][77][info ][safepoint   ] Safepoint "Cleanup", Time since last: 17276949503 ns, Reaching safepoint: 21097 ns, Cleanup: 11500 ns, At safepoint: 15636 ns, Total: 48233 ns
[2025-05-23T03:56:50.433+0000][77][info ][safepoint   ] Safepoint "Cleanup", Time since last: 3048660268 ns, Reaching safepoint: 16336 ns, Cleanup: 13934 ns, At safepoint: 19396 ns, Total: 49666 ns
[2025-05-23T03:57:16.254+0000][77][info ][safepoint   ] Safepoint "Cleanup", Time since last: 25823023830 ns, Reaching safepoint: 71815 ns, Cleanup: 17371 ns, At safepoint: 13960 ns, Total: 103146 ns
[2025-05-23T03:57:18.133+0000][77][info ][safepoint   ] Safepoint "Cleanup", Time since last: 1879193486 ns, Reaching safepoint: 17161 ns, Cleanup: 15301 ns, At safepoint: 39655 ns, Total: 72117 ns
[2025-05-23T03:57:32.414+0000][77][info ][safepoint   ] Safepoint "Cleanup", Time since last: 14282319096 ns, Reaching safepoint: 20095 ns, Cleanup: 13438 ns, At safepoint: 23349 ns, Total: 56882 ns
[2025-05-23T03:57:34.314+0000][77][info ][safepoint   ] Safepoint "Cleanup", Time since last: 1899723198 ns, Reaching safepoint: 15453 ns, Cleanup: 23251 ns, At safepoint: 21111 ns, Total: 59815 ns
[2025-05-23T03:58:04.426+0000][77][info ][safepoint   ] Safepoint "Cleanup", Time since last: 30115581625 ns, Reaching safepoint: 61908 ns, Cleanup: 20170 ns, At safepoint: 12075 ns, Total: 94153 ns
[2025-05-23T03:58:33.428+0000][77][info ][safepoint   ] Safepoint "Cleanup", Time since last: 29004127601 ns, Reaching safepoint: 61910 ns, Cleanup: 15594 ns, At safepoint: 13192 ns, Total: 90696 ns
[2025-05-23T03:58:38.355+0000][77][info ][safepoint   ] Safepoint "Cleanup", Time since last: 4927343939 ns, Reaching safepoint: 28123 ns, Cleanup: 15581 ns, At safepoint: 12166 ns, Total: 55870 ns
[2025-05-23T03:58:56.451+0000][77][info ][safepoint   ] Safepoint "Cleanup", Time since last: 18098296557 ns, Reaching safepoint: 61795 ns, Cleanup: 19219 ns, At safepoint: 13060 ns, Total: 94074 ns
[2025-05-23T03:59:38.405+0000][77][info ][safepoint   ] Safepoint "Cleanup", Time since last: 41957103368 ns, Reaching safepoint: 6330 ns, Cleanup: 13668 ns, At safepoint: 3016 ns, Total: 23014 ns
[2025-05-23T04:00:41.389+0000][77][info ][safepoint   ] Safepoint "Cleanup", Time since last: 62986901613 ns, Reaching safepoint: 2172627 ns, Cleanup: 19768 ns, At safepoint: 90408 ns, Total: 2282803 ns
[2025-05-23T04:00:49.506+0000][77][info ][safepoint   ] Safepoint "Cleanup", Time since last: 8116502611 ns, Reaching safepoint: 21538 ns, Cleanup: 13627 ns, At safepoint: 10795 ns, Total: 45960 ns
[2025-05-23T04:01:31.507+0000][77][info ][safepoint   ] Safepoint "Cleanup", Time since last: 42005910504 ns, Reaching safepoint: 67167 ns, Cleanup: 16973 ns, At safepoint: 13672 ns, Total: 97812 ns
[2025-05-23T04:01:33.508+0000][77][info ][safepoint   ] Safepoint "Cleanup", Time since last: 2001070159 ns, Reaching safepoint: 28914 ns, Cleanup: 15218 ns, At safepoint: 11627 ns, Total: 55759 ns
[2025-05-23T04:01:44.407+0000][77][info ][safepoint   ] Safepoint "Cleanup", Time since last: 10897487249 ns, Reaching safepoint: 855230 ns, Cleanup: 14718 ns, At safepoint: 75352 ns, Total: 945300 ns
[2025-05-23T04:01:45.439+0000][77][info ][safepoint   ] Safepoint "Cleanup", Time since last: 1031961814 ns, Reaching safepoint: 30185 ns, Cleanup: 17314 ns, At safepoint: 14016 ns, Total: 61515 ns
[2025-05-23T04:01:54.588+0000][77][info ][safepoint   ] Safepoint "Cleanup", Time since last: 9148645438 ns, Reaching safepoint: 55253 ns, Cleanup: 16718 ns, At safepoint: 12318 ns, Total: 84289 ns
[2025-05-23T04:02:03.614+0000][77][info ][safepoint   ] Safepoint "Cleanup", Time since last: 9029121626 ns, Reaching safepoint: 29371 ns, Cleanup: 17020 ns, At safepoint: 12894 ns, Total: 59285 ns
[2025-05-23T04:02:14.616+0000][77][info ][safepoint   ] Safepoint "Cleanup", Time since last: 11001823049 ns, Reaching safepoint: 62403 ns, Cleanup: 15362 ns, At safepoint: 12160 ns, Total: 89925 ns
[2025-05-23T04:02:23.902+0000][77][info ][safepoint   ] Safepoint "Cleanup", Time since last: 9286029658 ns, Reaching safepoint: 77939 ns, Cleanup: 15106 ns, At safepoint: 13191 ns, Total: 106236 ns
[2025-05-23T04:02:47.425+0000][77][info ][safepoint   ] Safepoint "Cleanup", Time since last: 23524951942 ns, Reaching safepoint: 8275 ns, Cleanup: 10023 ns, At safepoint: 14205 ns, Total: 32503 ns
[2025-05-23T04:03:07.670+0000][77][info ][safepoint   ] Safepoint "Cleanup", Time since last: 20247734918 ns, Reaching safepoint: 65168 ns, Cleanup: 15839 ns, At safepoint: 17580 ns, Total: 98587 ns
[2025-05-23T04:03:23.672+0000][77][info ][safepoint   ] Safepoint "Cleanup", Time since last: 16002475804 ns, Reaching safepoint: 62101 ns, Cleanup: 16201 ns, At safepoint: 11800 ns, Total: 90102 ns
[2025-05-23T04:03:32.672+0000][77][info ][safepoint   ] Safepoint "Cleanup", Time since last: 9002211859 ns, Reaching safepoint: 47916 ns, Cleanup: 15748 ns, At safepoint: 10969 ns, Total: 74633 ns
[2025-05-23T04:03:38.675+0000][77][info ][safepoint   ] Safepoint "Cleanup", Time since last: 6002927652 ns, Reaching safepoint: 24079 ns, Cleanup: 16124 ns, At safepoint: 9732 ns, Total: 49935 ns
[2025-05-23T04:03:50.404+0000][77][info ][safepoint   ] Safepoint "Cleanup", Time since last: 11728562866 ns, Reaching safepoint: 276217 ns, Cleanup: 11792 ns, At safepoint: 66863 ns, Total: 354872 ns
[2025-05-23T04:03:51.706+0000][77][info ][safepoint   ] Safepoint "Cleanup", Time since last: 1301104728 ns, Reaching safepoint: 20505 ns, Cleanup: 13845 ns, At safepoint: 8805 ns, Total: 43155 ns
[2025-05-23T04:03:59.704+0000][77][info ][safepoint   ] Safepoint "Cleanup", Time since last: 8001323193 ns, Reaching safepoint: 63509 ns, Cleanup: 21397 ns, At safepoint: 11843 ns, Total: 96749 ns
[2025-05-23T04:04:22.708+0000][77][info ][safepoint   ] Safepoint "Cleanup", Time since last: 23003377456 ns, Reaching safepoint: 51528 ns, Cleanup: 15022 ns, At safepoint: 10186 ns, Total: 76736 ns
[2025-05-23T04:04:28.707+0000][77][info ][safepoint   ] Safepoint "Cleanup", Time since last: 6001772635 ns, Reaching safepoint: 61952 ns, Cleanup: 16341 ns, At safepoint: 14024 ns, Total: 92317 ns
[2025-05-23T04:04:36.709+0000][77][info ][safepoint   ] Safepoint "Cleanup", Time since last: 8001431407 ns, Reaching safepoint: 48929 ns, Cleanup: 16373 ns, At safepoint: 15004 ns, Total: 80306 ns
[2025-05-23T04:04:37.709+0000][77][info ][safepoint   ] Safepoint "Cleanup", Time since last: 1000594904 ns, Reaching safepoint: 23839 ns, Cleanup: 14529 ns, At safepoint: 9974 ns, Total: 48342 ns
[2025-05-23T04:04:53.418+0000][77][info ][safepoint   ] Safepoint "Cleanup", Time since last: 15708179125 ns, Reaching safepoint: 14461 ns, Cleanup: 10928 ns, At safepoint: 33803 ns, Total: 59192 ns
[2025-05-23T04:05:48.646+0000][77][info ][safepoint   ] Safepoint "Cleanup", Time since last: 55233310355 ns, Reaching safepoint: 30447 ns, Cleanup: 16825 ns, At safepoint: 13973 ns, Total: 61245 ns
[2025-05-23T04:05:49.647+0000][77][info ][safepoint   ] Safepoint "Cleanup", Time since last: 1000909913 ns, Reaching safepoint: 25544 ns, Cleanup: 18650 ns, At safepoint: 12040 ns, Total: 56234 ns
[2025-05-23T04:06:38.784+0000][77][info ][safepoint   ] Safepoint "Cleanup", Time since last: 49142315996 ns, Reaching safepoint: 25742 ns, Cleanup: 19215 ns, At safepoint: 13011 ns, Total: 57968 ns
[2025-05-23T04:06:53.809+0000][77][info ][safepoint   ] Safepoint "Cleanup", Time since last: 15017638482 ns, Reaching safepoint: 6735711 ns, Cleanup: 21428 ns, At safepoint: 109115 ns, Total: 6866254 ns
[2025-05-23T04:06:54.824+0000][77][info ][safepoint   ] Safepoint "Cleanup", Time since last: 1014951098 ns, Reaching safepoint: 29926 ns, Cleanup: 22373 ns, At safepoint: 18890 ns, Total: 71189 ns
[2025-05-23T04:06:56.422+0000][77][info ][safepoint   ] Safepoint "Cleanup", Time since last: 1600918633 ns, Reaching safepoint: 8100 ns, Cleanup: 9654 ns, At safepoint: 4060 ns, Total: 21814 ns
[2025-05-23T04:07:09.944+0000][77][info ][safepoint   ] Safepoint "Cleanup", Time since last: 13522212864 ns, Reaching safepoint: 33467 ns, Cleanup: 18075 ns, At safepoint: 18334 ns, Total: 69876 ns
[2025-05-23T04:07:18.120+0000][77][info ][safepoint   ] Safepoint "Cleanup", Time since last: 8176120961 ns, Reaching safepoint: 14339 ns, Cleanup: 20912 ns, At safepoint: 87223 ns, Total: 122474 ns
[2025-05-23T04:07:43.131+0000][77][info ][safepoint   ] Safepoint "Cleanup", Time since last: 25012291554 ns, Reaching safepoint: 207139 ns, Cleanup: 15994 ns, At safepoint: 99476 ns, Total: 322609 ns
[2025-05-23T04:07:53.711+0000][77][info ][safepoint   ] Safepoint "Cleanup", Time since last: 10580913371 ns, Reaching safepoint: 19189 ns, Cleanup: 12998 ns, At safepoint: 9120 ns, Total: 41307 ns
[2025-05-23T04:08:02.439+0000][77][info ][safepoint   ] Safepoint "Cleanup", Time since last: 8728474670 ns, Reaching safepoint: 15619 ns, Cleanup: 22977 ns, At safepoint: 79303 ns, Total: 117899 ns
[2025-05-23T04:08:03.999+0000][77][info ][safepoint   ] Safepoint "Cleanup", Time since last: 1560857832 ns, Reaching safepoint: 62791 ns, Cleanup: 20987 ns, At safepoint: 16532 ns, Total: 100310 ns
[2025-05-23T04:08:06.001+0000][77][info ][safepoint   ] Safepoint "Cleanup", Time since last: 2001144049 ns, Reaching safepoint: 32230 ns, Cleanup: 16868 ns, At safepoint: 17857 ns, Total: 66955 ns
[2025-05-23T04:08:08.002+0000][77][info ][safepoint   ] Safepoint "Cleanup", Time since last: 2000921403 ns, Reaching safepoint: 33603 ns, Cleanup: 19203 ns, At safepoint: 19433 ns, Total: 72239 ns
[2025-05-23T04:09:03.748+0000][77][info ][safepoint   ] Safepoint "Cleanup", Time since last: 55751505438 ns, Reaching safepoint: 45033 ns, Cleanup: 14508 ns, At safepoint: 9895 ns, Total: 69436 ns
[2025-05-23T04:09:05.407+0000][77][info ][safepoint   ] Safepoint "Cleanup", Time since last: 1659318214 ns, Reaching safepoint: 6654 ns, Cleanup: 11486 ns, At safepoint: 13677 ns, Total: 31817 ns
[2025-05-23T04:09:07.039+0000][77][info ][safepoint   ] Safepoint "Cleanup", Time since last: 1631710247 ns, Reaching safepoint: 34875 ns, Cleanup: 17982 ns, At safepoint: 20555 ns, Total: 73412 ns
[2025-05-23T04:09:08.040+0000][77][info ][safepoint   ] Safepoint "Cleanup", Time since last: 1000737285 ns, Reaching safepoint: 20986 ns, Cleanup: 13951 ns, At safepoint: 11025 ns, Total: 45962 ns
[2025-05-23T04:09:33.043+0000][77][info ][safepoint   ] Safepoint "Cleanup", Time since last: 25004981009 ns, Reaching safepoint: 78131 ns, Cleanup: 18897 ns, At safepoint: 20217 ns, Total: 117245 ns
[2025-05-23T04:10:08.437+0000][77][info ][safepoint   ] Safepoint "Cleanup", Time since last: 35396299006 ns, Reaching safepoint: 14093 ns, Cleanup: 10666 ns, At safepoint: 19002 ns, Total: 43761 ns
[2025-05-23T04:10:37.077+0000][77][info ][safepoint   ] Safepoint "Cleanup", Time since last: 28643403903 ns, Reaching safepoint: 34948 ns, Cleanup: 21995 ns, At safepoint: 19550 ns, Total: 76493 ns
[2025-05-23T04:10:48.826+0000][77][info ][safepoint   ] Safepoint "Cleanup", Time since last: 11748929214 ns, Reaching safepoint: 20218 ns, Cleanup: 12914 ns, At safepoint: 9495 ns, Total: 42627 ns
[2025-05-23T04:11:03.828+0000][77][info ][safepoint   ] Safepoint "Cleanup", Time since last: 15003610708 ns, Reaching safepoint: 22501 ns, Cleanup: 14176 ns, At safepoint: 9989 ns, Total: 46666 ns
[2025-05-23T04:11:14.425+0000][77][info ][safepoint   ] Safepoint "Cleanup", Time since last: 10597295413 ns, Reaching safepoint: 14534 ns, Cleanup: 12067 ns, At safepoint: 4437 ns, Total: 31038 ns
[2025-05-23T04:11:16.167+0000][77][info ][safepoint   ] Safepoint "Cleanup", Time since last: 1742069207 ns, Reaching safepoint: 30613 ns, Cleanup: 32826 ns, At safepoint: 17822 ns, Total: 81261 ns
[2025-05-23T04:11:18.108+0000][77][info ][safepoint   ] Safepoint "Cleanup", Time since last: 1940200324 ns, Reaching safepoint: 17773 ns, Cleanup: 23873 ns, At safepoint: 93900 ns, Total: 135546 ns
[2025-05-23T04:11:32.421+0000][77][info ][safepoint   ] Safepoint "Cleanup", Time since last: 14316534822 ns, Reaching safepoint: 36156 ns, Cleanup: 20201 ns, At safepoint: 87250 ns, Total: 143607 ns
[2025-05-23T04:11:36.212+0000][77][info ][safepoint   ] Safepoint "Cleanup", Time since last: 3790419602 ns, Reaching safepoint: 68933 ns, Cleanup: 17210 ns, At safepoint: 32621 ns, Total: 118764 ns
[2025-05-23T04:11:42.214+0000][77][info ][safepoint   ] Safepoint "Cleanup", Time since last: 6001887067 ns, Reaching safepoint: 31464 ns, Cleanup: 21403 ns, At safepoint: 17165 ns, Total: 70032 ns
[2025-05-23T04:12:00.256+0000][77][info ][safepoint   ] Safepoint "Cleanup", Time since last: 18043782645 ns, Reaching safepoint: 18576 ns, Cleanup: 384806 ns, At safepoint: 41865 ns, Total: 445247 ns
[2025-05-23T04:12:04.265+0000][77][info ][safepoint   ] Safepoint "Cleanup", Time since last: 4008578517 ns, Reaching safepoint: 22191 ns, Cleanup: 15512 ns, At safepoint: 10218 ns, Total: 47921 ns
[2025-05-23T04:12:13.267+0000][77][info ][safepoint   ] Safepoint "Cleanup", Time since last: 9002453523 ns, Reaching safepoint: 71763 ns, Cleanup: 17088 ns, At safepoint: 18087 ns, Total: 106938 ns
[2025-05-23T04:12:14.645+0000][77][info ][safepoint   ] Safepoint "Cleanup", Time since last: 1377452292 ns, Reaching safepoint: 24272 ns, Cleanup: 31517 ns, At safepoint: 89248 ns, Total: 145037 ns
[2025-05-23T04:12:16.314+0000][77][info ][safepoint   ] Safepoint "Cleanup", Time since last: 1669267860 ns, Reaching safepoint: 34861 ns, Cleanup: 19927 ns, At safepoint: 20355 ns, Total: 75143 ns
[2025-05-23T04:12:52.905+0000][77][info ][safepoint   ] Safepoint "Cleanup", Time since last: 36593930687 ns, Reaching safepoint: 25152 ns, Cleanup: 17069 ns, At safepoint: 23131 ns, Total: 65352 ns
[2025-05-23T04:13:02.906+0000][77][info ][safepoint   ] Safepoint "Cleanup", Time since last: 10002823639 ns, Reaching safepoint: 32174 ns, Cleanup: 22013 ns, At safepoint: 17153 ns, Total: 71340 ns
[2025-05-23T04:13:03.907+0000][77][info ][safepoint   ] Safepoint "Cleanup", Time since last: 1000877387 ns, Reaching safepoint: 18119 ns, Cleanup: 14792 ns, At safepoint: 8728 ns, Total: 41639 ns
[2025-05-23T04:13:52.945+0000][77][info ][safepoint   ] Safepoint "Cleanup", Time since last: 49040985949 ns, Reaching safepoint: 33576 ns, Cleanup: 18499 ns, At safepoint: 14211 ns, Total: 66286 ns
[2025-05-23T04:14:07.945+0000][77][info ][safepoint   ] Safepoint "Cleanup", Time since last: 15002461576 ns, Reaching safepoint: 60469 ns, Cleanup: 14612 ns, At safepoint: 9572 ns, Total: 84653 ns
[2025-05-23T04:14:14.471+0000][77][info ][gc,start    ] GC(18) Pause Young (Prepare Mixed) (G1 Evacuation Pause)
[2025-05-23T04:14:14.478+0000][77][info ][gc,task     ] GC(18) Using 10 workers of 10 for evacuation
[2025-05-23T04:14:14.480+0000][77][debug][gc,age      ] GC(18) Desired survivor size 153092096 bytes, new threshold 15 (max threshold 15)
[2025-05-23T04:14:14.659+0000][77][info ][gc,phases   ] GC(18)   Pre Evacuate Collection Set: 17.18ms
[2025-05-23T04:14:14.659+0000][77][info ][gc,phases   ] GC(18)   Merge Heap Roots: 5.41ms
[2025-05-23T04:14:14.659+0000][77][info ][gc,phases   ] GC(18)   Evacuate Collection Set: 132.04ms
[2025-05-23T04:14:14.660+0000][77][info ][gc,phases   ] GC(18)   Post Evacuate Collection Set: 17.98ms
[2025-05-23T04:14:14.661+0000][77][info ][gc,phases   ] GC(18)   Other: 10.11ms
[2025-05-23T04:14:14.661+0000][77][trace][gc,age      ] GC(18) Age table with threshold 15 (max threshold 15)
[2025-05-23T04:14:14.662+0000][77][trace][gc,age      ] GC(18) - age   1:    1253920 bytes,    1253920 total
[2025-05-23T04:14:14.662+0000][77][trace][gc,age      ] GC(18) - age   2:      34904 bytes,    1288824 total
[2025-05-23T04:14:14.663+0000][77][trace][gc,age      ] GC(18) - age   3:     534440 bytes,    1823264 total
[2025-05-23T04:14:14.663+0000][77][trace][gc,age      ] GC(18) - age   4:    1959096 bytes,    3782360 total
[2025-05-23T04:14:14.663+0000][77][trace][gc,age      ] GC(18) - age   5:    4427936 bytes,    8210296 total
[2025-05-23T04:14:14.664+0000][77][info ][gc,heap     ] GC(18) Eden regions: 579->0(579)
[2025-05-23T04:14:14.664+0000][77][info ][gc,heap     ] GC(18) Survivor regions: 3->3(73)
[2025-05-23T04:14:14.665+0000][77][info ][gc,heap     ] GC(18) Old regions: 28->28
[2025-05-23T04:14:14.665+0000][77][info ][gc,heap     ] GC(18) Humongous regions: 0->0
[2025-05-23T04:14:14.666+0000][77][info ][gc,metaspace] GC(18) Metaspace: 147833K(151808K)->147833K(151808K) NonClass: 127795K(129984K)->127795K(129984K) Class: 20038K(21824K)->20038K(21824K)
[2025-05-23T04:14:14.668+0000][77][info ][gc          ] GC(18) Pause Young (Prepare Mixed) (G1 Evacuation Pause) 2436M->120M(3880M) 197.305ms
[2025-05-23T04:14:14.668+0000][77][info ][gc,cpu      ] GC(18) User=1.24s Sys=0.00s Real=0.19s
[2025-05-23T04:14:14.669+0000][77][info ][safepoint   ] Safepoint "G1CollectForAllocation", Time since last: 6522010390 ns, Reaching safepoint: 76066 ns, Cleanup: 8094 ns, At safepoint: 201350902 ns, Total: 201435062 ns
[2025-05-23T04:14:20.563+0000][77][info ][safepoint   ] Safepoint "Cleanup", Time since last: 5894022708 ns, Reaching safepoint: 16844 ns, Cleanup: 15763 ns, At safepoint: 69514 ns, Total: 102121 ns
[2025-05-23T04:14:38.413+0000][77][info ][safepoint   ] Safepoint "Cleanup", Time since last: 17852388929 ns, Reaching safepoint: 33056 ns, Cleanup: 15041 ns, At safepoint: 13627 ns, Total: 61724 ns
[2025-05-23T04:15:23.543+0000][77][info ][safepoint   ] Safepoint "Cleanup", Time since last: 45132251417 ns, Reaching safepoint: 15853 ns, Cleanup: 20206 ns, At safepoint: 88170 ns, Total: 124229 ns
[2025-05-23T04:15:36.472+0000][77][info ][safepoint   ] Safepoint "Cleanup", Time since last: 12931423036 ns, Reaching safepoint: 26279 ns, Cleanup: 14523 ns, At safepoint: 11483 ns, Total: 52285 ns
[2025-05-23T04:15:37.473+0000][77][info ][safepoint   ] Safepoint "Cleanup", Time since last: 1000855773 ns, Reaching safepoint: 33721 ns, Cleanup: 17379 ns, At safepoint: 16738 ns, Total: 67838 ns
[2025-05-23T04:15:40.475+0000][77][info ][safepoint   ] Safepoint "Cleanup", Time since last: 3001469862 ns, Reaching safepoint: 33044 ns, Cleanup: 17906 ns, At safepoint: 17375 ns, Total: 68325 ns
[2025-05-23T04:15:46.476+0000][77][info ][safepoint   ] Safepoint "Cleanup", Time since last: 6001624798 ns, Reaching safepoint: 76391 ns, Cleanup: 26202 ns, At safepoint: 33482 ns, Total: 136075 ns
[2025-05-23T04:16:08.021+0000][77][info ][safepoint   ] Safepoint "Cleanup", Time since last: 21547558828 ns, Reaching safepoint: 68821 ns, Cleanup: 21114 ns, At safepoint: 17889 ns, Total: 107824 ns
[2025-05-23T04:16:26.515+0000][77][info ][safepoint   ] Safepoint "Cleanup", Time since last: 18496306568 ns, Reaching safepoint: 18254 ns, Cleanup: 11537 ns, At safepoint: 8389 ns, Total: 38180 ns
[2025-05-23T04:16:27.525+0000][77][info ][safepoint   ] Safepoint "Cleanup", Time since last: 1009991373 ns, Reaching safepoint: 14123 ns, Cleanup: 30787 ns, At safepoint: 89865 ns, Total: 134775 ns
[2025-05-23T04:16:40.528+0000][77][info ][safepoint   ] Safepoint "Cleanup", Time since last: 13003141040 ns, Reaching safepoint: 23644 ns, Cleanup: 16411 ns, At safepoint: 9629 ns, Total: 49684 ns
[2025-05-23T04:16:56.518+0000][77][info ][safepoint   ] Safepoint "Cleanup", Time since last: 15991941281 ns, Reaching safepoint: 15841 ns, Cleanup: 14887 ns, At safepoint: 5062 ns, Total: 35790 ns
[2025-05-23T04:16:57.540+0000][77][info ][safepoint   ] Safepoint "Cleanup", Time since last: 1021968074 ns, Reaching safepoint: 18155 ns, Cleanup: 33873 ns, At safepoint: 96824 ns, Total: 148852 ns
[2025-05-23T04:16:59.498+0000][77][info ][safepoint   ] Safepoint "Cleanup", Time since last: 1957911633 ns, Reaching safepoint: 135556 ns, Cleanup: 19467 ns, At safepoint: 77739 ns, Total: 232762 ns
[2025-05-23T04:17:00.526+0000][77][info ][safepoint   ] Safepoint "Cleanup", Time since last: 1027242344 ns, Reaching safepoint: 35219 ns, Cleanup: 23280 ns, At safepoint: 19986 ns, Total: 78485 ns
[2025-05-23T04:17:09.589+0000][77][info ][safepoint   ] Safepoint "Cleanup", Time since last: 9063419513 ns, Reaching safepoint: 34964 ns, Cleanup: 17396 ns, At safepoint: 18460 ns, Total: 70820 ns
[2025-05-23T04:17:28.501+0000][77][info ][safepoint   ] Safepoint "Cleanup", Time since last: 18913857530 ns, Reaching safepoint: 512841 ns, Cleanup: 15790 ns, At safepoint: 177886 ns, Total: 706517 ns
[2025-05-23T04:17:29.671+0000][77][info ][safepoint   ] Safepoint "Cleanup", Time since last: 1169512141 ns, Reaching safepoint: 150151 ns, Cleanup: 24116 ns, At safepoint: 58907 ns, Total: 233174 ns
[2025-05-23T04:17:38.675+0000][77][info ][safepoint   ] Safepoint "Cleanup", Time since last: 9004426257 ns, Reaching safepoint: 32022 ns, Cleanup: 18660 ns, At safepoint: 17926 ns, Total: 68608 ns
[2025-05-23T04:18:04.093+0000][77][info ][safepoint   ] Safepoint "Cleanup", Time since last: 25420797477 ns, Reaching safepoint: 45101 ns, Cleanup: 13643 ns, At safepoint: 9901 ns, Total: 68645 ns
[2025-05-23T04:18:17.097+0000][77][info ][safepoint   ] Safepoint "Cleanup", Time since last: 13003165766 ns, Reaching safepoint: 60912 ns, Cleanup: 15462 ns, At safepoint: 14188 ns, Total: 90562 ns
[2025-05-23T04:18:23.099+0000][77][info ][safepoint   ] Safepoint "Cleanup", Time since last: 6001865477 ns, Reaching safepoint: 33992 ns, Cleanup: 20037 ns, At safepoint: 20188 ns, Total: 74217 ns
[2025-05-23T04:18:32.516+0000][77][info ][safepoint   ] Safepoint "Cleanup", Time since last: 9420073487 ns, Reaching safepoint: 6374 ns, Cleanup: 11038 ns, At safepoint: 12812 ns, Total: 30224 ns
[2025-05-23T04:18:33.726+0000][77][info ][safepoint   ] Safepoint "Cleanup", Time since last: 1209474983 ns, Reaching safepoint: 31573 ns, Cleanup: 20193 ns, At safepoint: 16598 ns, Total: 68364 ns
[2025-05-23T04:19:00.130+0000][77][info ][safepoint   ] Safepoint "Cleanup", Time since last: 26406186659 ns, Reaching safepoint: 31807 ns, Cleanup: 16900 ns, At safepoint: 17571 ns, Total: 66278 ns
[2025-05-23T04:19:35.523+0000][77][info ][safepoint   ] Safepoint "Cleanup", Time since last: 35395240413 ns, Reaching safepoint: 31706 ns, Cleanup: 15173 ns, At safepoint: 68173 ns, Total: 115052 ns
[2025-05-23T04:19:37.801+0000][77][info ][safepoint   ] Safepoint "Cleanup", Time since last: 2278835217 ns, Reaching safepoint: 31733 ns, Cleanup: 16094 ns, At safepoint: 16482 ns, Total: 64309 ns
[2025-05-23T04:20:37.174+0000][77][info ][safepoint   ] Safepoint "Cleanup", Time since last: 59377497694 ns, Reaching safepoint: 24508 ns, Cleanup: 14102 ns, At safepoint: 10329 ns, Total: 48939 ns
[2025-05-23T04:20:38.174+0000][77][info ][safepoint   ] Safepoint "Cleanup", Time since last: 1000580364 ns, Reaching safepoint: 26614 ns, Cleanup: 18530 ns, At safepoint: 13411 ns, Total: 58555 ns
[2025-05-23T04:21:00.211+0000][77][info ][safepoint   ] Safepoint "Cleanup", Time since last: 22038658265 ns, Reaching safepoint: 71412 ns, Cleanup: 16905 ns, At safepoint: 18660 ns, Total: 106977 ns
[2025-05-23T04:21:41.888+0000][77][info ][safepoint   ] Safepoint "Cleanup", Time since last: 41679794820 ns, Reaching safepoint: 14820 ns, Cleanup: 13922 ns, At safepoint: 20428 ns, Total: 49170 ns
[2025-05-23T04:21:58.246+0000][77][info ][safepoint   ] Safepoint "Cleanup", Time since last: 16359912759 ns, Reaching safepoint: 40966 ns, Cleanup: 17710 ns, At safepoint: 9002 ns, Total: 67678 ns
[2025-05-23T04:22:03.986+0000][77][info ][safepoint   ] Safepoint "Cleanup", Time since last: 5740316818 ns, Reaching safepoint: 27638 ns, Cleanup: 15652 ns, At safepoint: 10408 ns, Total: 53698 ns
[2025-05-23T04:22:44.520+0000][77][info ][safepoint   ] Safepoint "Cleanup", Time since last: 40535766363 ns, Reaching safepoint: 227741 ns, Cleanup: 9568 ns, At safepoint: 53902 ns, Total: 291211 ns
[2025-05-23T04:23:56.131+0000][77][info ][safepoint   ] Safepoint "Cleanup", Time since last: 71615759573 ns, Reaching safepoint: 45573 ns, Cleanup: 13990 ns, At safepoint: 10498 ns, Total: 70061 ns
[2025-05-23T04:24:08.130+0000][77][info ][safepoint   ] Safepoint "Cleanup", Time since last: 12002322050 ns, Reaching safepoint: 20719 ns, Cleanup: 13874 ns, At safepoint: 10367 ns, Total: 44960 ns
[2025-05-23T04:25:04.185+0000][77][info ][safepoint   ] Safepoint "Cleanup", Time since last: 56059756367 ns, Reaching safepoint: 85802 ns, Cleanup: 20258 ns, At safepoint: 23600 ns, Total: 129660 ns
[2025-05-23T04:25:37.191+0000][77][info ][safepoint   ] Safepoint "Cleanup", Time since last: 33007795377 ns, Reaching safepoint: 31218 ns, Cleanup: 16995 ns, At safepoint: 17719 ns, Total: 65932 ns
[2025-05-23T04:25:53.400+0000][77][info ][safepoint   ] Safepoint "Cleanup", Time since last: 16209711956 ns, Reaching safepoint: 33270 ns, Cleanup: 16609 ns, At safepoint: 19107 ns, Total: 68986 ns
[2025-05-23T04:26:04.241+0000][77][info ][safepoint   ] Safepoint "Cleanup", Time since last: 10842305699 ns, Reaching safepoint: 83832 ns, Cleanup: 23281 ns, At safepoint: 21073 ns, Total: 128186 ns
[2025-05-23T04:26:33.260+0000][77][info ][safepoint   ] Safepoint "Cleanup", Time since last: 29022288273 ns, Reaching safepoint: 200887 ns, Cleanup: 14768 ns, At safepoint: 44228 ns, Total: 259883 ns
[2025-05-23T04:26:56.517+0000][77][info ][safepoint   ] Safepoint "Cleanup", Time since last: 23258228016 ns, Reaching safepoint: 8272 ns, Cleanup: 11401 ns, At safepoint: 13447 ns, Total: 33120 ns
[2025-05-23T04:27:35.123+0000][77][info ][safepoint   ] Safepoint "Cleanup", Time since last: 38609287975 ns, Reaching safepoint: 46757 ns, Cleanup: 17863 ns, At safepoint: 17156 ns, Total: 81776 ns
[2025-05-23T04:28:00.485+0000][77][info ][safepoint   ] Safepoint "Cleanup", Time since last: 25364094396 ns, Reaching safepoint: 23725 ns, Cleanup: 24763 ns, At safepoint: 67293 ns, Total: 115781 ns
[2025-05-23T04:28:03.458+0000][77][info ][safepoint   ] Safepoint "Cleanup", Time since last: 2973791844 ns, Reaching safepoint: 31277 ns, Cleanup: 17261 ns, At safepoint: 18264 ns, Total: 66802 ns
[2025-05-23T04:28:08.460+0000][77][info ][safepoint   ] Safepoint "Cleanup", Time since last: 5001422426 ns, Reaching safepoint: 177059 ns, Cleanup: 20813 ns, At safepoint: 89267 ns, Total: 287139 ns
[2025-05-23T04:28:48.520+0000][77][info ][safepoint   ] Safepoint "Cleanup", Time since last: 40061969937 ns, Reaching safepoint: 34605 ns, Cleanup: 19384 ns, At safepoint: 19031 ns, Total: 73020 ns
[2025-05-23T04:29:03.486+0000][77][info ][safepoint   ] Safepoint "Cleanup", Time since last: 14968740447 ns, Reaching safepoint: 6294 ns, Cleanup: 10000 ns, At safepoint: 12570 ns, Total: 28864 ns
[2025-05-23T04:30:03.559+0000][77][info ][safepoint   ] Safepoint "Cleanup", Time since last: 60078002340 ns, Reaching safepoint: 74306 ns, Cleanup: 22437 ns, At safepoint: 19068 ns, Total: 115811 ns
[2025-05-23T04:30:05.482+0000][77][info ][safepoint   ] Safepoint "Cleanup", Time since last: 1922650193 ns, Reaching safepoint: 156208 ns, Cleanup: 11159 ns, At safepoint: 42012 ns, Total: 209379 ns
[2025-05-23T04:31:03.599+0000][77][info ][safepoint   ] Safepoint "Cleanup", Time since last: 58122449426 ns, Reaching safepoint: 74951 ns, Cleanup: 17519 ns, At safepoint: 20140 ns, Total: 112610 ns
[2025-05-23T04:31:06.600+0000][77][info ][safepoint   ] Safepoint "Cleanup", Time since last: 3000863193 ns, Reaching safepoint: 33286 ns, Cleanup: 20627 ns, At safepoint: 19030 ns, Total: 72943 ns
[2025-05-23T04:31:17.597+0000][77][info ][safepoint   ] Safepoint "Cleanup", Time since last: 10996997546 ns, Reaching safepoint: 35095 ns, Cleanup: 18204 ns, At safepoint: 19875 ns, Total: 73174 ns
[2025-05-23T04:31:18.598+0000][77][info ][safepoint   ] Safepoint "Cleanup", Time since last: 1000697172 ns, Reaching safepoint: 34518 ns, Cleanup: 20283 ns, At safepoint: 20296 ns, Total: 75097 ns
[2025-05-23T04:31:36.599+0000][77][info ][safepoint   ] Safepoint "Cleanup", Time since last: 18003427122 ns, Reaching safepoint: 73999 ns, Cleanup: 18760 ns, At safepoint: 19646 ns, Total: 112405 ns
[2025-05-23T04:32:03.636+0000][77][info ][safepoint   ] Safepoint "Cleanup", Time since last: 27038894300 ns, Reaching safepoint: 93018 ns, Cleanup: 24698 ns, At safepoint: 21963 ns, Total: 139679 ns
[2025-05-23T04:32:05.495+0000][77][info ][safepoint   ] Safepoint "Cleanup", Time since last: 1859249042 ns, Reaching safepoint: 12603 ns, Cleanup: 9249 ns, At safepoint: 13740 ns, Total: 35592 ns
[2025-05-23T04:32:06.622+0000][77][info ][safepoint   ] Safepoint "Cleanup", Time since last: 1126694963 ns, Reaching safepoint: 30230 ns, Cleanup: 25527 ns, At safepoint: 16868 ns, Total: 72625 ns
[2025-05-23T04:32:09.676+0000][77][info ][safepoint   ] Safepoint "Cleanup", Time since last: 3053692151 ns, Reaching safepoint: 17526 ns, Cleanup: 15223 ns, At safepoint: 9325 ns, Total: 42074 ns
[2025-05-23T04:32:11.497+0000][77][info ][safepoint   ] Safepoint "Cleanup", Time since last: 1821227952 ns, Reaching safepoint: 5879 ns, Cleanup: 9110 ns, At safepoint: 3012 ns, Total: 18001 ns
[2025-05-23T04:32:52.674+0000][77][info ][safepoint   ] Safepoint "Cleanup", Time since last: 41179277069 ns, Reaching safepoint: 155855 ns, Cleanup: 19861 ns, At safepoint: 38220 ns, Total: 213936 ns
[2025-05-23T04:33:03.674+0000][77][info ][safepoint   ] Safepoint "Cleanup", Time since last: 11002503059 ns, Reaching safepoint: 36066 ns, Cleanup: 21545 ns, At safepoint: 21134 ns, Total: 78745 ns
[2025-05-23T04:33:23.811+0000][77][info ][safepoint   ] Safepoint "Cleanup", Time since last: 20136935624 ns, Reaching safepoint: 69846 ns, Cleanup: 18033 ns, At safepoint: 14162 ns, Total: 102041 ns
[2025-05-23T04:33:40.812+0000][77][info ][safepoint   ] Safepoint "Cleanup", Time since last: 17003753529 ns, Reaching safepoint: 69176 ns, Cleanup: 22438 ns, At safepoint: 33391 ns, Total: 125005 ns
[2025-05-23T04:33:42.814+0000][77][info ][safepoint   ] Safepoint "Cleanup", Time since last: 2001133861 ns, Reaching safepoint: 30681 ns, Cleanup: 28016 ns, At safepoint: 18005 ns, Total: 76702 ns
[2025-05-23T04:34:00.713+0000][77][info ][safepoint   ] Safepoint "Cleanup", Time since last: 17902176329 ns, Reaching safepoint: 76588 ns, Cleanup: 16206 ns, At safepoint: 11354 ns, Total: 104148 ns
[2025-05-23T04:34:02.715+0000][77][info ][safepoint   ] Safepoint "Cleanup", Time since last: 2001306306 ns, Reaching safepoint: 34944 ns, Cleanup: 23986 ns, At safepoint: 19751 ns, Total: 78681 ns
[2025-05-23T04:34:17.833+0000][77][info ][safepoint   ] Safepoint "Cleanup", Time since last: 15117785622 ns, Reaching safepoint: 24744 ns, Cleanup: 21397 ns, At safepoint: 77860 ns, Total: 124001 ns
[2025-05-23T04:34:18.855+0000][77][info ][safepoint   ] Safepoint "Cleanup", Time since last: 1022373297 ns, Reaching safepoint: 35701 ns, Cleanup: 24694 ns, At safepoint: 21177 ns, Total: 81572 ns
[2025-05-23T04:35:03.753+0000][77][info ][safepoint   ] Safepoint "Cleanup", Time since last: 44902864673 ns, Reaching safepoint: 46715 ns, Cleanup: 19123 ns, At safepoint: 10944 ns, Total: 76782 ns
[2025-05-23T04:35:35.906+0000][77][info ][safepoint   ] Safepoint "Cleanup", Time since last: 32154841032 ns, Reaching safepoint: 29106 ns, Cleanup: 13523 ns, At safepoint: 9172 ns, Total: 51801 ns
[2025-05-23T04:35:36.907+0000][77][info ][safepoint   ] Safepoint "Cleanup", Time since last: 1000842430 ns, Reaching safepoint: 29642 ns, Cleanup: 16056 ns, At safepoint: 17301 ns, Total: 62999 ns
[2025-05-23T04:35:40.908+0000][77][info ][safepoint   ] Safepoint "Cleanup", Time since last: 4001394360 ns, Reaching safepoint: 75973 ns, Cleanup: 20971 ns, At safepoint: 34984 ns, Total: 131928 ns
[2025-05-23T04:36:18.794+0000][77][info ][safepoint   ] Safepoint "Cleanup", Time since last: 37888604267 ns, Reaching safepoint: 119082 ns, Cleanup: 20811 ns, At safepoint: 45697 ns, Total: 185590 ns
[2025-05-23T04:36:23.508+0000][77][info ][safepoint   ] Safepoint "Cleanup", Time since last: 4713809012 ns, Reaching safepoint: 239732 ns, Cleanup: 10301 ns, At safepoint: 46918 ns, Total: 296951 ns
[2025-05-23T04:36:37.953+0000][77][info ][safepoint   ] Safepoint "Cleanup", Time since last: 14447573633 ns, Reaching safepoint: 34322 ns, Cleanup: 109390 ns, At safepoint: 24018 ns, Total: 167730 ns
[2025-05-23T04:37:07.830+0000][77][info ][safepoint   ] Safepoint "Cleanup", Time since last: 29878731394 ns, Reaching safepoint: 86235 ns, Cleanup: 21822 ns, At safepoint: 22374 ns, Total: 130431 ns
[2025-05-23T04:37:08.971+0000][77][info ][safepoint   ] Safepoint "Cleanup", Time since last: 1141185463 ns, Reaching safepoint: 18306 ns, Cleanup: 15719 ns, At safepoint: 76705 ns, Total: 110730 ns
[2025-05-23T04:37:11.507+0000][77][info ][safepoint   ] Safepoint "Cleanup", Time since last: 2536215900 ns, Reaching safepoint: 36239 ns, Cleanup: 18415 ns, At safepoint: 85194 ns, Total: 139848 ns
[2025-05-23T04:37:23.582+0000][77][info ][safepoint   ] Safepoint "Cleanup", Time since last: 12074144639 ns, Reaching safepoint: 15287 ns, Cleanup: 23713 ns, At safepoint: 78464 ns, Total: 117464 ns
[2025-05-23T04:38:12.866+0000][77][info ][safepoint   ] Safepoint "Cleanup", Time since last: 49289833153 ns, Reaching safepoint: 74514 ns, Cleanup: 16590 ns, At safepoint: 18395 ns, Total: 109499 ns
[2025-05-23T04:38:30.092+0000][77][info ][safepoint   ] Safepoint "Cleanup", Time since last: 17228040856 ns, Reaching safepoint: 30702 ns, Cleanup: 18877 ns, At safepoint: 72847 ns, Total: 122426 ns
[2025-05-23T04:38:37.113+0000][77][info ][safepoint   ] Safepoint "Cleanup", Time since last: 7020557822 ns, Reaching safepoint: 30723 ns, Cleanup: 16785 ns, At safepoint: 17569 ns, Total: 65077 ns
[2025-05-23T04:38:43.115+0000][77][info ][safepoint   ] Safepoint "Cleanup", Time since last: 6001511719 ns, Reaching safepoint: 32714 ns, Cleanup: 19005 ns, At safepoint: 18332 ns, Total: 70051 ns
[2025-05-23T04:39:32.552+0000][77][info ][safepoint   ] Safepoint "Cleanup", Time since last: 49442749036 ns, Reaching safepoint: 25715 ns, Cleanup: 13942 ns, At safepoint: 127679 ns, Total: 167336 ns
[2025-05-23T04:39:34.160+0000][77][info ][safepoint   ] Safepoint "Cleanup", Time since last: 1607119753 ns, Reaching safepoint: 20431 ns, Cleanup: 13219 ns, At safepoint: 9340 ns, Total: 42990 ns
[2025-05-23T04:40:12.939+0000][77][info ][safepoint   ] Safepoint "Cleanup", Time since last: 38781202258 ns, Reaching safepoint: 162038 ns, Cleanup: 25643 ns, At safepoint: 21878 ns, Total: 209559 ns
[2025-05-23T04:40:22.942+0000][77][info ][safepoint   ] Safepoint "Cleanup", Time since last: 10002794296 ns, Reaching safepoint: 44727 ns, Cleanup: 13727 ns, At safepoint: 8768 ns, Total: 67222 ns
[2025-05-23T04:40:36.184+0000][77][info ][safepoint   ] Safepoint "Cleanup", Time since last: 13245392665 ns, Reaching safepoint: 9494 ns, Cleanup: 7555 ns, At safepoint: 4621 ns, Total: 21670 ns
[2025-05-23T04:40:37.211+0000][77][info ][safepoint   ] Safepoint "Cleanup", Time since last: 1027749215 ns, Reaching safepoint: 29279 ns, Cleanup: 17446 ns, At safepoint: 10648 ns, Total: 57373 ns
[2025-05-23T04:41:03.976+0000][77][info ][safepoint   ] Safepoint "Cleanup", Time since last: 26765495939 ns, Reaching safepoint: 31607 ns, Cleanup: 16906 ns, At safepoint: 18436 ns, Total: 66949 ns
[2025-05-23T04:41:08.540+0000][77][info ][safepoint   ] Safepoint "Cleanup", Time since last: 4563873031 ns, Reaching safepoint: 143861 ns, Cleanup: 14259 ns, At safepoint: 48884 ns, Total: 207004 ns
[2025-05-23T04:41:10.264+0000][77][info ][safepoint   ] Safepoint "Cleanup", Time since last: 1724648014 ns, Reaching safepoint: 27309 ns, Cleanup: 51347 ns, At safepoint: 61032 ns, Total: 139688 ns
[2025-05-23T04:41:12.270+0000][77][info ][safepoint   ] Safepoint "Cleanup", Time since last: 2005327830 ns, Reaching safepoint: 13753 ns, Cleanup: 50541 ns, At safepoint: 131018 ns, Total: 195312 ns
[2025-05-23T04:41:13.746+0000][77][info ][safepoint   ] Safepoint "Cleanup", Time since last: 1475501940 ns, Reaching safepoint: 194681 ns, Cleanup: 22151 ns, At safepoint: 51846 ns, Total: 268678 ns
[2025-05-23T04:41:19.787+0000][77][info ][safepoint   ] Safepoint "Cleanup", Time since last: 6041089350 ns, Reaching safepoint: 60283 ns, Cleanup: 15120 ns, At safepoint: 12630 ns, Total: 88033 ns
[2025-05-23T04:41:23.788+0000][77][info ][safepoint   ] Safepoint "Cleanup", Time since last: 4001078109 ns, Reaching safepoint: 20012 ns, Cleanup: 14282 ns, At safepoint: 11203 ns, Total: 45497 ns
[2025-05-23T04:41:35.627+0000][77][info ][safepoint   ] Safepoint "Cleanup", Time since last: 11841715019 ns, Reaching safepoint: 35121 ns, Cleanup: 21259 ns, At safepoint: 90375 ns, Total: 146755 ns
[2025-05-23T04:41:37.345+0000][77][info ][safepoint   ] Safepoint "Cleanup", Time since last: 1717889365 ns, Reaching safepoint: 35886 ns, Cleanup: 33992 ns, At safepoint: 20507 ns, Total: 90385 ns
[2025-05-23T04:41:38.346+0000][77][info ][safepoint   ] Safepoint "Cleanup", Time since last: 1000636525 ns, Reaching safepoint: 22302 ns, Cleanup: 17477 ns, At safepoint: 34522 ns, Total: 74301 ns
[2025-05-23T04:41:39.360+0000][77][info ][safepoint   ] Safepoint "Cleanup", Time since last: 1014303715 ns, Reaching safepoint: 8376 ns, Cleanup: 10121 ns, At safepoint: 13687 ns, Total: 32184 ns
[2025-05-23T04:41:44.519+0000][77][info ][safepoint   ] Safepoint "Cleanup", Time since last: 5159216716 ns, Reaching safepoint: 29927 ns, Cleanup: 15738 ns, At safepoint: 86705 ns, Total: 132370 ns
[2025-05-23T04:41:46.386+0000][77][info ][safepoint   ] Safepoint "Cleanup", Time since last: 1866258186 ns, Reaching safepoint: 20678 ns, Cleanup: 14482 ns, At safepoint: 9005 ns, Total: 44165 ns
[2025-05-23T04:42:03.828+0000][77][info ][safepoint   ] Safepoint "Cleanup", Time since last: 17444217479 ns, Reaching safepoint: 46652 ns, Cleanup: 13326 ns, At safepoint: 9063 ns, Total: 69041 ns
[2025-05-23T04:42:12.406+0000][77][info ][safepoint   ] Safepoint "Cleanup", Time since last: 8578486012 ns, Reaching safepoint: 24677 ns, Cleanup: 14875 ns, At safepoint: 79664 ns, Total: 119216 ns
[2025-05-23T04:42:14.532+0000][77][info ][safepoint   ] Safepoint "Cleanup", Time since last: 2125629373 ns, Reaching safepoint: 14632 ns, Cleanup: 20485 ns, At safepoint: 82738 ns, Total: 117855 ns
[2025-05-23T04:42:41.593+0000][77][info ][safepoint   ] Safepoint "Cleanup", Time since last: 27063484163 ns, Reaching safepoint: 14685 ns, Cleanup: 17787 ns, At safepoint: 4503 ns, Total: 36975 ns
[2025-05-23T04:42:43.488+0000][77][info ][safepoint   ] Safepoint "Cleanup", Time since last: 1894819296 ns, Reaching safepoint: 20409 ns, Cleanup: 18037 ns, At safepoint: 8669 ns, Total: 47115 ns
[2025-05-23T04:43:04.049+0000][77][info ][safepoint   ] Safepoint "Cleanup", Time since last: 20563779335 ns, Reaching safepoint: 70447 ns, Cleanup: 15882 ns, At safepoint: 13159 ns, Total: 99488 ns
[2025-05-23T04:43:11.051+0000][77][info ][safepoint   ] Safepoint "Cleanup", Time since last: 7002033669 ns, Reaching safepoint: 73275 ns, Cleanup: 41387 ns, At safepoint: 17901 ns, Total: 132563 ns
[2025-05-23T04:43:37.055+0000][77][info ][safepoint   ] Safepoint "Cleanup", Time since last: 26005724732 ns, Reaching safepoint: 68022 ns, Cleanup: 17427 ns, At safepoint: 16604 ns, Total: 102053 ns
[2025-05-23T04:43:44.509+0000][77][info ][safepoint   ] Safepoint "Cleanup", Time since last: 7453974671 ns, Reaching safepoint: 7496 ns, Cleanup: 6864 ns, At safepoint: 14428 ns, Total: 28788 ns
[2025-05-23T04:43:45.532+0000][77][info ][safepoint   ] Safepoint "Cleanup", Time since last: 1023424708 ns, Reaching safepoint: 17550 ns, Cleanup: 14980 ns, At safepoint: 68825 ns, Total: 101355 ns
[2025-05-23T04:43:46.551+0000][77][info ][safepoint   ] Safepoint "Cleanup", Time since last: 1018457757 ns, Reaching safepoint: 33685 ns, Cleanup: 19995 ns, At safepoint: 19484 ns, Total: 73164 ns
[2025-05-23T04:44:06.087+0000][77][info ][safepoint   ] Safepoint "Cleanup", Time since last: 19539234502 ns, Reaching safepoint: 32295 ns, Cleanup: 16349 ns, At safepoint: 17105 ns, Total: 65749 ns
[2025-05-23T04:44:48.125+0000][77][info ][safepoint   ] Safepoint "Cleanup", Time since last: 42039683997 ns, Reaching safepoint: 16273 ns, Cleanup: 17646 ns, At safepoint: 13036 ns, Total: 46955 ns
[2025-05-23T04:44:55.597+0000][77][info ][safepoint   ] Safepoint "Cleanup", Time since last: 7472251317 ns, Reaching safepoint: 67551 ns, Cleanup: 18772 ns, At safepoint: 11297 ns, Total: 97620 ns
[2025-05-23T04:45:37.600+0000][77][info ][safepoint   ] Safepoint "Cleanup", Time since last: 42008112146 ns, Reaching safepoint: 33230 ns, Cleanup: 17676 ns, At safepoint: 18762 ns, Total: 69668 ns
[2025-05-23T04:45:50.533+0000][77][info ][safepoint   ] Safepoint "Cleanup", Time since last: 12932625171 ns, Reaching safepoint: 7331 ns, Cleanup: 9116 ns, At safepoint: 23933 ns, Total: 40380 ns
[2025-05-23T04:45:51.558+0000][77][info ][safepoint   ] Safepoint "Cleanup", Time since last: 1025181927 ns, Reaching safepoint: 35895 ns, Cleanup: 28447 ns, At safepoint: 20444 ns, Total: 84786 ns
[2025-05-23T04:46:51.205+0000][77][info ][safepoint   ] Safepoint "Cleanup", Time since last: 59652029735 ns, Reaching safepoint: 18831 ns, Cleanup: 14829 ns, At safepoint: 9125 ns, Total: 42785 ns
[2025-05-23T04:46:54.665+0000][77][info ][safepoint   ] Safepoint "Cleanup", Time since last: 3459361985 ns, Reaching safepoint: 35908 ns, Cleanup: 20160 ns, At safepoint: 18907 ns, Total: 74975 ns
[2025-05-23T04:47:39.999+0000][77][info ][safepoint   ] Safepoint "Cleanup", Time since last: 45338937453 ns, Reaching safepoint: 81310 ns, Cleanup: 18147 ns, At safepoint: 21598 ns, Total: 121055 ns
[2025-05-23T04:47:51.243+0000][77][info ][safepoint   ] Safepoint "Cleanup", Time since last: 11243955897 ns, Reaching safepoint: 32607 ns, Cleanup: 16586 ns, At safepoint: 18838 ns, Total: 68031 ns
[2025-05-23T04:48:07.848+0000][77][info ][safepoint   ] Safepoint "Cleanup", Time since last: 16606923034 ns, Reaching safepoint: 79087 ns, Cleanup: 18589 ns, At safepoint: 19049 ns, Total: 116725 ns
[2025-05-23T04:48:08.848+0000][77][info ][safepoint   ] Safepoint "Cleanup", Time since last: 1000708467 ns, Reaching safepoint: 33271 ns, Cleanup: 17167 ns, At safepoint: 17660 ns, Total: 68098 ns
[2025-05-23T04:48:12.851+0000][77][info ][safepoint   ] Safepoint "Cleanup", Time since last: 4002279244 ns, Reaching safepoint: 138539 ns, Cleanup: 20856 ns, At safepoint: 34706 ns, Total: 194101 ns
[2025-05-23T04:49:03.894+0000][77][info ][safepoint   ] Safepoint "Cleanup", Time since last: 51048352051 ns, Reaching safepoint: 36554 ns, Cleanup: 24461 ns, At safepoint: 22506 ns, Total: 83521 ns
[2025-05-23T04:49:07.895+0000][77][info ][safepoint   ] Safepoint "Cleanup", Time since last: 4001231590 ns, Reaching safepoint: 33417 ns, Cleanup: 17126 ns, At safepoint: 19866 ns, Total: 70409 ns
[2025-05-23T04:49:09.896+0000][77][info ][safepoint   ] Safepoint "Cleanup", Time since last: 2000879507 ns, Reaching safepoint: 23174 ns, Cleanup: 15545 ns, At safepoint: 10619 ns, Total: 49338 ns
[2025-05-23T04:49:22.899+0000][77][info ][safepoint   ] Safepoint "Cleanup", Time since last: 13003185174 ns, Reaching safepoint: 49105 ns, Cleanup: 14564 ns, At safepoint: 9547 ns, Total: 73216 ns
[2025-05-23T04:49:26.898+0000][77][info ][safepoint   ] Safepoint "Cleanup", Time since last: 4001146999 ns, Reaching safepoint: 32520 ns, Cleanup: 17107 ns, At safepoint: 17661 ns, Total: 67288 ns
[2025-05-23T04:49:29.899+0000][77][info ][safepoint   ] Safepoint "Cleanup", Time since last: 3001035308 ns, Reaching safepoint: 69554 ns, Cleanup: 17047 ns, At safepoint: 31519 ns, Total: 118120 ns
[2025-05-23T04:49:58.325+0000][77][info ][safepoint   ] Safepoint "Cleanup", Time since last: 28427661000 ns, Reaching safepoint: 31730 ns, Cleanup: 18330 ns, At safepoint: 18481 ns, Total: 68541 ns
[2025-05-23T04:50:02.533+0000][77][info ][safepoint   ] Safepoint "Cleanup", Time since last: 4207701672 ns, Reaching safepoint: 13875 ns, Cleanup: 22536 ns, At safepoint: 126863 ns, Total: 163274 ns
[2025-05-23T04:50:03.942+0000][77][info ][safepoint   ] Safepoint "Cleanup", Time since last: 1409153346 ns, Reaching safepoint: 112719 ns, Cleanup: 17622 ns, At safepoint: 20274 ns, Total: 150615 ns
[2025-05-23T04:50:54.365+0000][77][info ][safepoint   ] Safepoint "Cleanup", Time since last: 50425494254 ns, Reaching safepoint: 21885 ns, Cleanup: 14168 ns, At safepoint: 9592 ns, Total: 45645 ns
[2025-05-23T04:51:03.365+0000][77][info ][safepoint   ] Safepoint "Cleanup", Time since last: 9002163043 ns, Reaching safepoint: 216655 ns, Cleanup: 22699 ns, At safepoint: 20576 ns, Total: 259930 ns
[2025-05-23T04:51:05.517+0000][77][info ][safepoint   ] Safepoint "Cleanup", Time since last: 2151318939 ns, Reaching safepoint: 150926 ns, Cleanup: 12346 ns, At safepoint: 57635 ns, Total: 220907 ns
[2025-05-23T04:51:06.987+0000][77][info ][safepoint   ] Safepoint "Cleanup", Time since last: 1470027551 ns, Reaching safepoint: 36685 ns, Cleanup: 18886 ns, At safepoint: 21592 ns, Total: 77163 ns
[2025-05-23T04:51:12.989+0000][77][info ][safepoint   ] Safepoint "Cleanup", Time since last: 6001878114 ns, Reaching safepoint: 30884 ns, Cleanup: 15742 ns, At safepoint: 17862 ns, Total: 64488 ns
[2025-05-23T04:51:32.991+0000][77][info ][safepoint   ] Safepoint "Cleanup", Time since last: 20004409925 ns, Reaching safepoint: 76159 ns, Cleanup: 16590 ns, At safepoint: 36044 ns, Total: 128793 ns
[2025-05-23T04:52:03.403+0000][77][info ][safepoint   ] Safepoint "Cleanup", Time since last: 30415022246 ns, Reaching safepoint: 75212 ns, Cleanup: 19492 ns, At safepoint: 18520 ns, Total: 113224 ns
[2025-05-23T04:52:16.031+0000][77][info ][safepoint   ] Safepoint "Cleanup", Time since last: 12627788213 ns, Reaching safepoint: 31005 ns, Cleanup: 15997 ns, At safepoint: 17837 ns, Total: 64839 ns
[2025-05-23T04:52:17.504+0000][77][info ][safepoint   ] Safepoint "Cleanup", Time since last: 1472265522 ns, Reaching safepoint: 6410 ns, Cleanup: 7423 ns, At safepoint: 31741 ns, Total: 45574 ns
[2025-05-23T04:53:12.120+0000][77][info ][safepoint   ] Safepoint "Cleanup", Time since last: 54620984288 ns, Reaching safepoint: 15075 ns, Cleanup: 13654 ns, At safepoint: 66165 ns, Total: 94894 ns
[2025-05-23T04:53:53.490+0000][77][info ][safepoint   ] Safepoint "Cleanup", Time since last: 41372103136 ns, Reaching safepoint: 217075 ns, Cleanup: 15528 ns, At safepoint: 103547 ns, Total: 336150 ns
[2025-05-23T04:54:14.545+0000][77][info ][safepoint   ] Safepoint "Cleanup", Time since last: 21056730095 ns, Reaching safepoint: 315342 ns, Cleanup: 16412 ns, At safepoint: 147352 ns, Total: 479106 ns
[2025-05-23T04:55:17.508+0000][77][info ][safepoint   ] Safepoint "Cleanup", Time since last: 62967899744 ns, Reaching safepoint: 20965 ns, Cleanup: 33504 ns, At safepoint: 86734 ns, Total: 141203 ns
[2025-05-23T04:55:19.231+0000][77][info ][safepoint   ] Safepoint "Cleanup", Time since last: 1723671305 ns, Reaching safepoint: 37244 ns, Cleanup: 46010 ns, At safepoint: 21332 ns, Total: 104586 ns
[2025-05-23T04:55:23.234+0000][77][info ][safepoint   ] Safepoint "Cleanup", Time since last: 4002415115 ns, Reaching safepoint: 21974 ns, Cleanup: 15083 ns, At safepoint: 10491 ns, Total: 47548 ns
[2025-05-23T04:55:26.235+0000][77][info ][safepoint   ] Safepoint "Cleanup", Time since last: 3001066013 ns, Reaching safepoint: 64435 ns, Cleanup: 17969 ns, At safepoint: 16103 ns, Total: 98507 ns
[2025-05-23T04:56:03.569+0000][77][info ][safepoint   ] Safepoint "Cleanup", Time since last: 37339008125 ns, Reaching safepoint: 19835 ns, Cleanup: 12958 ns, At safepoint: 8183 ns, Total: 40976 ns
[2025-05-23T04:56:14.516+0000][77][info ][safepoint   ] Safepoint "Cleanup", Time since last: 10946967458 ns, Reaching safepoint: 18512 ns, Cleanup: 38523 ns, At safepoint: 17154 ns, Total: 74189 ns
[2025-05-23T04:56:18.026+0000][77][info ][safepoint   ] Safepoint "Cleanup", Time since last: 3509713068 ns, Reaching safepoint: 7142 ns, Cleanup: 9386 ns, At safepoint: 3466 ns, Total: 19994 ns
[2025-05-23T04:56:19.397+0000][77][info ][safepoint   ] Safepoint "Cleanup", Time since last: 1371378165 ns, Reaching safepoint: 19287 ns, Cleanup: 12138 ns, At safepoint: 8649 ns, Total: 40074 ns
[2025-05-23T04:56:38.553+0000][77][info ][safepoint   ] Safepoint "Cleanup", Time since last: 19157433073 ns, Reaching safepoint: 6240 ns, Cleanup: 18209 ns, At safepoint: 13493 ns, Total: 37942 ns
[2025-05-23T04:56:40.361+0000][77][info ][safepoint   ] Safepoint "Cleanup", Time since last: 1807817998 ns, Reaching safepoint: 70885 ns, Cleanup: 17367 ns, At safepoint: 20101 ns, Total: 108353 ns
[2025-05-23T04:57:03.605+0000][77][info ][safepoint   ] Safepoint "Cleanup", Time since last: 23246990026 ns, Reaching safepoint: 36967 ns, Cleanup: 18980 ns, At safepoint: 19816 ns, Total: 75763 ns
[2025-05-23T04:57:23.503+0000][77][info ][safepoint   ] Safepoint "Cleanup", Time since last: 19897796050 ns, Reaching safepoint: 6498 ns, Cleanup: 10435 ns, At safepoint: 14295 ns, Total: 31228 ns
[2025-05-23T04:57:28.390+0000][77][info ][safepoint   ] Safepoint "Cleanup", Time since last: 4889353752 ns, Reaching safepoint: 30675 ns, Cleanup: 15888 ns, At safepoint: 17803 ns, Total: 64366 ns
[2025-05-23T04:57:56.641+0000][77][info ][safepoint   ] Safepoint "Cleanup", Time since last: 28253699482 ns, Reaching safepoint: 77454 ns, Cleanup: 21127 ns, At safepoint: 34382 ns, Total: 132963 ns
[2025-05-23T04:58:03.643+0000][77][info ][safepoint   ] Safepoint "Cleanup", Time since last: 7001950975 ns, Reaching safepoint: 19592 ns, Cleanup: 14270 ns, At safepoint: 8343 ns, Total: 42205 ns
[2025-05-23T04:58:08.645+0000][77][info ][safepoint   ] Safepoint "Cleanup", Time since last: 5001554586 ns, Reaching safepoint: 33895 ns, Cleanup: 17889 ns, At safepoint: 18230 ns, Total: 70014 ns
[2025-05-23T04:58:27.422+0000][77][info ][safepoint   ] Safepoint "Cleanup", Time since last: 18778911610 ns, Reaching safepoint: 35510 ns, Cleanup: 18246 ns, At safepoint: 130349 ns, Total: 184105 ns
[2025-05-23T04:58:28.450+0000][77][info ][safepoint   ] Safepoint "Cleanup", Time since last: 1028669791 ns, Reaching safepoint: 22742 ns, Cleanup: 21556 ns, At safepoint: 78183 ns, Total: 122481 ns
[2025-05-23T04:58:50.684+0000][77][info ][safepoint   ] Safepoint "Cleanup", Time since last: 22233451279 ns, Reaching safepoint: 36823 ns, Cleanup: 20113 ns, At safepoint: 23550 ns, Total: 80486 ns
[2025-05-23T04:59:23.091+0000][77][info ][gc,start    ] GC(19) Pause Young (Mixed) (G1 Evacuation Pause)
[2025-05-23T04:59:23.093+0000][77][info ][gc,task     ] GC(19) Using 10 workers of 10 for evacuation
[2025-05-23T04:59:23.094+0000][77][debug][gc,age      ] GC(19) Desired survivor size 153092096 bytes, new threshold 15 (max threshold 15)
[2025-05-23T04:59:23.151+0000][77][info ][gc,phases   ] GC(19)   Pre Evacuate Collection Set: 7.13ms
[2025-05-23T04:59:23.152+0000][77][info ][gc,phases   ] GC(19)   Merge Heap Roots: 0.95ms
[2025-05-23T04:59:23.152+0000][77][info ][gc,phases   ] GC(19)   Evacuate Collection Set: 35.35ms
[2025-05-23T04:59:23.153+0000][77][info ][gc,phases   ] GC(19)   Post Evacuate Collection Set: 12.55ms
[2025-05-23T04:59:23.154+0000][77][info ][gc,phases   ] GC(19)   Other: 2.08ms
[2025-05-23T04:59:23.155+0000][77][trace][gc,age      ] GC(19) Age table with threshold 15 (max threshold 15)
[2025-05-23T04:59:23.155+0000][77][trace][gc,age      ] GC(19) - age   1:    1957504 bytes,    1957504 total
[2025-05-23T04:59:23.156+0000][77][trace][gc,age      ] GC(19) - age   2:     284600 bytes,    2242104 total
[2025-05-23T04:59:23.156+0000][77][trace][gc,age      ] GC(19) - age   3:      34320 bytes,    2276424 total
[2025-05-23T04:59:23.157+0000][77][trace][gc,age      ] GC(19) - age   4:     524168 bytes,    2800592 total
[2025-05-23T04:59:23.158+0000][77][trace][gc,age      ] GC(19) - age   5:    1931800 bytes,    4732392 total
[2025-05-23T04:59:23.158+0000][77][trace][gc,age      ] GC(19) - age   6:    4322672 bytes,    9055064 total
[2025-05-23T04:59:23.159+0000][77][info ][gc,heap     ] GC(19) Eden regions: 579->0(579)
[2025-05-23T04:59:23.159+0000][77][info ][gc,heap     ] GC(19) Survivor regions: 3->3(73)
[2025-05-23T04:59:23.160+0000][77][info ][gc,heap     ] GC(19) Old regions: 28->28
[2025-05-23T04:59:23.160+0000][77][info ][gc,heap     ] GC(19) Humongous regions: 0->0
[2025-05-23T04:59:23.161+0000][77][info ][gc,metaspace] GC(19) Metaspace: 148389K(152384K)->148389K(152384K) NonClass: 128307K(130496K)->128307K(130496K) Class: 20082K(21888K)->20082K(21888K)
[2025-05-23T04:59:23.162+0000][77][info ][gc          ] GC(19) Pause Young (Mixed) (G1 Evacuation Pause) 2436M->118M(3880M) 71.094ms
[2025-05-23T04:59:23.162+0000][77][info ][gc,cpu      ] GC(19) User=0.35s Sys=0.01s Real=0.07s
[2025-05-23T04:59:23.162+0000][77][info ][safepoint   ] Safepoint "G1CollectForAllocation", Time since last: 32407059578 ns, Reaching safepoint: 135203 ns, Cleanup: 7640 ns, At safepoint: 73901470 ns, Total: 74044313 ns
[2025-05-23T04:59:28.162+0000][77][info ][safepoint   ] Safepoint "Cleanup", Time since last: 5001408455 ns, Reaching safepoint: 32085 ns, Cleanup: 16853 ns, At safepoint: 18010 ns, Total: 66948 ns
[2025-05-23T04:59:29.520+0000][77][info ][safepoint   ] Safepoint "Cleanup", Time since last: 1358010990 ns, Reaching safepoint: 17682 ns, Cleanup: 18923 ns, At safepoint: 76462 ns, Total: 113067 ns
[2025-05-23T04:59:31.487+0000][77][info ][safepoint   ] Safepoint "Cleanup", Time since last: 1967080488 ns, Reaching safepoint: 35289 ns, Cleanup: 21486 ns, At safepoint: 19060 ns, Total: 75835 ns
[2025-05-23T05:00:36.573+0000][77][info ][safepoint   ] Safepoint "Cleanup", Time since last: 65091224210 ns, Reaching safepoint: 32162 ns, Cleanup: 17473 ns, At safepoint: 18084 ns, Total: 67719 ns
[2025-05-23T05:00:37.574+0000][77][info ][safepoint   ] Safepoint "Cleanup", Time since last: 1000767175 ns, Reaching safepoint: 30772 ns, Cleanup: 16869 ns, At safepoint: 19073 ns, Total: 66714 ns
[2025-05-23T05:00:59.759+0000][77][info ][safepoint   ] Safepoint "Cleanup", Time since last: 22187996465 ns, Reaching safepoint: 18185 ns, Cleanup: 13480 ns, At safepoint: 9321 ns, Total: 40986 ns
[2025-05-23T05:01:33.764+0000][77][info ][safepoint   ] Safepoint "Cleanup", Time since last: 34007130069 ns, Reaching safepoint: 78831 ns, Cleanup: 17246 ns, At safepoint: 35244 ns, Total: 131321 ns
[2025-05-23T05:01:42.614+0000][77][info ][safepoint   ] Safepoint "Cleanup", Time since last: 8849296522 ns, Reaching safepoint: 32718 ns, Cleanup: 19133 ns, At safepoint: 19691 ns, Total: 71542 ns
[2025-05-23T05:02:02.797+0000][77][info ][safepoint   ] Safepoint "Cleanup", Time since last: 20185811384 ns, Reaching safepoint: 74075 ns, Cleanup: 17982 ns, At safepoint: 35669 ns, Total: 127726 ns
[2025-05-23T05:02:38.742+0000][77][info ][safepoint   ] Safepoint "Cleanup", Time since last: 35947153005 ns, Reaching safepoint: 19933 ns, Cleanup: 14534 ns, At safepoint: 13552 ns, Total: 48019 ns
[2025-05-23T05:04:03.873+0000][77][info ][safepoint   ] Safepoint "Cleanup", Time since last: 85138426359 ns, Reaching safepoint: 128738 ns, Cleanup: 20264 ns, At safepoint: 28134 ns, Total: 177136 ns
[2025-05-23T05:05:37.916+0000][77][info ][safepoint   ] Safepoint "Cleanup", Time since last: 94050766131 ns, Reaching safepoint: 82469 ns, Cleanup: 16339 ns, At safepoint: 12730 ns, Total: 111538 ns
[2025-05-23T05:05:47.503+0000][77][info ][safepoint   ] Safepoint "Cleanup", Time since last: 9586980787 ns, Reaching safepoint: 28275 ns, Cleanup: 25107 ns, At safepoint: 81945 ns, Total: 135327 ns
[2025-05-23T05:06:02.952+0000][77][info ][safepoint   ] Safepoint "Cleanup", Time since last: 15451737917 ns, Reaching safepoint: 32331 ns, Cleanup: 16624 ns, At safepoint: 18509 ns, Total: 67464 ns
[2025-05-23T05:06:03.953+0000][77][info ][safepoint   ] Safepoint "Cleanup", Time since last: 1000808589 ns, Reaching safepoint: 25682 ns, Cleanup: 15537 ns, At safepoint: 12228 ns, Total: 53447 ns
[2025-05-23T05:06:50.539+0000][77][info ][safepoint   ] Safepoint "Cleanup", Time since last: 46588662700 ns, Reaching safepoint: 9616 ns, Cleanup: 12770 ns, At safepoint: 4867 ns, Total: 27253 ns
[2025-05-23T05:06:59.952+0000][77][info ][safepoint   ] Safepoint "Cleanup", Time since last: 9414590554 ns, Reaching safepoint: 33146 ns, Cleanup: 16710 ns, At safepoint: 17852 ns, Total: 67708 ns
[2025-05-23T05:07:24.957+0000][77][info ][safepoint   ] Safepoint "Cleanup", Time since last: 25005004867 ns, Reaching safepoint: 70172 ns, Cleanup: 15726 ns, At safepoint: 17000 ns, Total: 102898 ns
[2025-05-23T05:07:26.517+0000][77][info ][safepoint   ] Safepoint "Cleanup", Time since last: 1559610870 ns, Reaching safepoint: 17094 ns, Cleanup: 23012 ns, At safepoint: 96260 ns, Total: 136366 ns
[2025-05-23T05:07:27.972+0000][77][info ][safepoint   ] Safepoint "Cleanup", Time since last: 1458540152 ns, Reaching safepoint: 35015 ns, Cleanup: 18283 ns, At safepoint: 19279 ns, Total: 72577 ns
[2025-05-23T05:07:29.503+0000][77][info ][safepoint   ] Safepoint "Cleanup", Time since last: 1530608153 ns, Reaching safepoint: 5965 ns, Cleanup: 9077 ns, At safepoint: 12799 ns, Total: 27841 ns
[2025-05-23T05:07:47.012+0000][77][info ][safepoint   ] Safepoint "Cleanup", Time since last: 17509373313 ns, Reaching safepoint: 56557 ns, Cleanup: 15079 ns, At safepoint: 13521 ns, Total: 85157 ns
[2025-05-23T05:07:48.014+0000][77][info ][safepoint   ] Safepoint "Cleanup", Time since last: 1000848284 ns, Reaching safepoint: 30678 ns, Cleanup: 59317 ns, At safepoint: 78649 ns, Total: 168644 ns
[2025-05-23T05:07:49.030+0000][77][info ][safepoint   ] Safepoint "Cleanup", Time since last: 1016277387 ns, Reaching safepoint: 12967 ns, Cleanup: 25619 ns, At safepoint: 12322 ns, Total: 50908 ns
[2025-05-23T05:07:53.513+0000][77][info ][safepoint   ] Safepoint "Cleanup", Time since last: 4483330265 ns, Reaching safepoint: 17272 ns, Cleanup: 22803 ns, At safepoint: 94316 ns, Total: 134391 ns
[2025-05-23T05:07:55.058+0000][77][info ][safepoint   ] Safepoint "Cleanup", Time since last: 1544055960 ns, Reaching safepoint: 30279 ns, Cleanup: 23158 ns, At safepoint: 101987 ns, Total: 155424 ns
[2025-05-23T05:08:57.098+0000][77][info ][safepoint   ] Safepoint "Cleanup", Time since last: 62047391605 ns, Reaching safepoint: 19797 ns, Cleanup: 24455 ns, At safepoint: 149252 ns, Total: 193504 ns
[2025-05-23T05:09:05.101+0000][77][info ][safepoint   ] Safepoint "Cleanup", Time since last: 8003061353 ns, Reaching safepoint: 33893 ns, Cleanup: 17629 ns, At safepoint: 17401 ns, Total: 68923 ns
[2025-05-23T05:09:48.108+0000][77][info ][safepoint   ] Safepoint "Cleanup", Time since last: 43009012118 ns, Reaching safepoint: 155091 ns, Cleanup: 22640 ns, At safepoint: 21719 ns, Total: 199450 ns
[2025-05-23T05:10:36.140+0000][77][info ][safepoint   ] Safepoint "Cleanup", Time since last: 48036687289 ns, Reaching safepoint: 35466 ns, Cleanup: 18475 ns, At safepoint: 18304 ns, Total: 72245 ns
[2025-05-23T05:10:42.141+0000][77][info ][safepoint   ] Safepoint "Cleanup", Time since last: 6001665286 ns, Reaching safepoint: 33827 ns, Cleanup: 17461 ns, At safepoint: 18768 ns, Total: 70056 ns
[2025-05-23T05:11:06.172+0000][77][info ][safepoint   ] Safepoint "Cleanup", Time since last: 24032738226 ns, Reaching safepoint: 22784 ns, Cleanup: 15213 ns, At safepoint: 11390 ns, Total: 49387 ns
[2025-05-23T05:11:22.176+0000][77][info ][safepoint   ] Safepoint "Cleanup", Time since last: 16003558815 ns, Reaching safepoint: 46918 ns, Cleanup: 15717 ns, At safepoint: 9983 ns, Total: 72618 ns
[2025-05-23T05:11:41.520+0000][77][info ][safepoint   ] Safepoint "Cleanup", Time since last: 19346688930 ns, Reaching safepoint: 100735 ns, Cleanup: 10751 ns, At safepoint: 38946 ns, Total: 150432 ns
[2025-05-23T05:11:43.208+0000][77][info ][safepoint   ] Safepoint "Cleanup", Time since last: 1687886124 ns, Reaching safepoint: 33219 ns, Cleanup: 21289 ns, At safepoint: 18727 ns, Total: 73235 ns
[2025-05-23T05:12:06.216+0000][77][info ][safepoint   ] Safepoint "Cleanup", Time since last: 23011421287 ns, Reaching safepoint: 16246 ns, Cleanup: 11212 ns, At safepoint: 18786 ns, Total: 46244 ns
[2025-05-23T05:12:33.275+0000][77][info ][safepoint   ] Safepoint "Cleanup", Time since last: 27059973107 ns, Reaching safepoint: 203697 ns, Cleanup: 11817 ns, At safepoint: 44767 ns, Total: 260281 ns
[2025-05-23T05:12:47.313+0000][77][info ][safepoint   ] Safepoint "Cleanup", Time since last: 14037852089 ns, Reaching safepoint: 73446 ns, Cleanup: 19009 ns, At safepoint: 39969 ns, Total: 132424 ns
[2025-05-23T05:12:49.175+0000][77][info ][safepoint   ] Safepoint "Cleanup", Time since last: 1862647855 ns, Reaching safepoint: 35902 ns, Cleanup: 20277 ns, At safepoint: 20598 ns, Total: 76777 ns
[2025-05-23T05:13:03.225+0000][77][info ][safepoint   ] Safepoint "Cleanup", Time since last: 14052131045 ns, Reaching safepoint: 67679 ns, Cleanup: 16601 ns, At safepoint: 17841 ns, Total: 102121 ns
[2025-05-23T05:13:08.550+0000][77][info ][safepoint   ] Safepoint "Cleanup", Time since last: 5324684143 ns, Reaching safepoint: 5979 ns, Cleanup: 8899 ns, At safepoint: 3313 ns, Total: 18191 ns
[2025-05-23T05:13:13.370+0000][77][info ][safepoint   ] Safepoint "Cleanup", Time since last: 4820251246 ns, Reaching safepoint: 30639 ns, Cleanup: 21157 ns, At safepoint: 17333 ns, Total: 69129 ns
[2025-05-23T05:14:22.404+0000][77][info ][safepoint   ] Safepoint "Cleanup", Time since last: 69038917114 ns, Reaching safepoint: 108586 ns, Cleanup: 18648 ns, At safepoint: 62108 ns, Total: 189342 ns
[2025-05-23T05:17:32.515+0000][77][info ][safepoint   ] Safepoint "Cleanup", Time since last: 190126943377 ns, Reaching safepoint: 178495 ns, Cleanup: 10392 ns, At safepoint: 36554 ns, Total: 225441 ns
[2025-05-23T05:17:33.516+0000][77][info ][safepoint   ] Safepoint "Cleanup", Time since last: 1001569537 ns, Reaching safepoint: 30153 ns, Cleanup: 16439 ns, At safepoint: 17156 ns, Total: 63748 ns
[2025-05-23T05:18:24.676+0000][77][info ][safepoint   ] Safepoint "Cleanup", Time since last: 51162534317 ns, Reaching safepoint: 51880 ns, Cleanup: 18769 ns, At safepoint: 14196 ns, Total: 84845 ns
[2025-05-23T05:18:47.726+0000][77][info ][safepoint   ] Safepoint "Cleanup", Time since last: 23052782091 ns, Reaching safepoint: 120498 ns, Cleanup: 16199 ns, At safepoint: 14302 ns, Total: 150999 ns
[2025-05-23T05:19:03.456+0000][77][info ][safepoint   ] Safepoint "Cleanup", Time since last: 15731285048 ns, Reaching safepoint: 54687 ns, Cleanup: 14130 ns, At safepoint: 10702 ns, Total: 79519 ns
[2025-05-23T05:20:37.802+0000][77][info ][safepoint   ] Safepoint "Cleanup", Time since last: 94353772329 ns, Reaching safepoint: 27045 ns, Cleanup: 17546 ns, At safepoint: 14239 ns, Total: 58830 ns
[2025-05-23T05:21:38.836+0000][77][info ][safepoint   ] Safepoint "Cleanup", Time since last: 61038942728 ns, Reaching safepoint: 30163 ns, Cleanup: 16364 ns, At safepoint: 11379 ns, Total: 57906 ns
[2025-05-23T05:22:35.491+0000][77][info ][safepoint   ] Safepoint "Cleanup", Time since last: 56659602455 ns, Reaching safepoint: 17754 ns, Cleanup: 13614 ns, At safepoint: 33178 ns, Total: 64546 ns
[2025-05-23T05:22:36.868+0000][77][info ][safepoint   ] Safepoint "Cleanup", Time since last: 1377245898 ns, Reaching safepoint: 28028 ns, Cleanup: 19630 ns, At safepoint: 11956 ns, Total: 59614 ns
[2025-05-23T05:22:52.568+0000][77][info ][safepoint   ] Safepoint "Cleanup", Time since last: 15699881063 ns, Reaching safepoint: 20943 ns, Cleanup: 14351 ns, At safepoint: 10539 ns, Total: 45833 ns
[2025-05-23T05:23:42.330+0000][77][info ][safepoint   ] Safepoint "Cleanup", Time since last: 49766974947 ns, Reaching safepoint: 97781 ns, Cleanup: 9291 ns, At safepoint: 28888 ns, Total: 135960 ns
[2025-05-23T05:24:23.614+0000][77][info ][safepoint   ] Safepoint "Cleanup", Time since last: 41286381473 ns, Reaching safepoint: 194009 ns, Cleanup: 20348 ns, At safepoint: 16040 ns, Total: 230397 ns
[2025-05-23T05:25:36.647+0000][77][info ][safepoint   ] Safepoint "Cleanup", Time since last: 73040647437 ns, Reaching safepoint: 30432 ns, Cleanup: 18148 ns, At safepoint: 62544 ns, Total: 111124 ns
[2025-05-23T05:25:37.648+0000][77][info ][safepoint   ] Safepoint "Cleanup", Time since last: 1000888232 ns, Reaching safepoint: 30876 ns, Cleanup: 19780 ns, At safepoint: 17089 ns, Total: 67745 ns
[2025-05-23T05:25:45.385+0000][77][info ][safepoint   ] Safepoint "Cleanup", Time since last: 7737146058 ns, Reaching safepoint: 14826 ns, Cleanup: 10035 ns, At safepoint: 21015 ns, Total: 45876 ns
[2025-05-23T05:27:48.044+0000][77][info ][safepoint   ] Safepoint "Cleanup", Time since last: 122670629109 ns, Reaching safepoint: 189539 ns, Cleanup: 12545 ns, At safepoint: 30300 ns, Total: 232384 ns
[2025-05-23T05:27:49.763+0000][77][info ][safepoint   ] Safepoint "Cleanup", Time since last: 1718150605 ns, Reaching safepoint: 11244 ns, Cleanup: 13812 ns, At safepoint: 18144 ns, Total: 43200 ns
[2025-05-23T05:27:51.674+0000][77][info ][safepoint   ] Safepoint "Cleanup", Time since last: 1910734680 ns, Reaching safepoint: 22963 ns, Cleanup: 15430 ns, At safepoint: 68807 ns, Total: 107200 ns
[2025-05-23T05:28:03.696+0000][77][info ][safepoint   ] Safepoint "Cleanup", Time since last: 12025029271 ns, Reaching safepoint: 128267 ns, Cleanup: 13881 ns, At safepoint: 11983 ns, Total: 154131 ns
[2025-05-23T05:28:32.699+0000][77][info ][safepoint   ] Safepoint "Cleanup", Time since last: 29005385252 ns, Reaching safepoint: 55612 ns, Cleanup: 67375 ns, At safepoint: 12834 ns, Total: 135821 ns
[2025-05-23T05:28:53.537+0000][77][info ][safepoint   ] Safepoint "Cleanup", Time since last: 20837026950 ns, Reaching safepoint: 929821 ns, Cleanup: 19632 ns, At safepoint: 82897 ns, Total: 1032350 ns
[2025-05-23T05:28:54.741+0000][77][info ][safepoint   ] Safepoint "Cleanup", Time since last: 1204322840 ns, Reaching safepoint: 49970 ns, Cleanup: 13872 ns, At safepoint: 10989 ns, Total: 74831 ns
[2025-05-23T05:29:12.742+0000][77][info ][safepoint   ] Safepoint "Cleanup", Time since last: 18003003869 ns, Reaching safepoint: 70964 ns, Cleanup: 15348 ns, At safepoint: 9894 ns, Total: 96206 ns
[2025-05-23T05:29:56.763+0000][77][info ][safepoint   ] Safepoint "Cleanup", Time since last: 44026788801 ns, Reaching safepoint: 19629 ns, Cleanup: 13813 ns, At safepoint: 76677 ns, Total: 110119 ns
[2025-05-23T05:30:59.803+0000][77][info ][safepoint   ] Safepoint "Cleanup", Time since last: 63044635820 ns, Reaching safepoint: 15577 ns, Cleanup: 47417 ns, At safepoint: 23689 ns, Total: 86683 ns
[2025-05-23T05:32:12.867+0000][77][info ][safepoint   ] Safepoint "Cleanup", Time since last: 73070247707 ns, Reaching safepoint: 71396 ns, Cleanup: 123367 ns, At safepoint: 37429 ns, Total: 232192 ns
[2025-05-23T05:32:41.578+0000][77][info ][safepoint   ] Safepoint "Cleanup", Time since last: 28712084940 ns, Reaching safepoint: 38467 ns, Cleanup: 10647 ns, At safepoint: 23676 ns, Total: 72790 ns
[2025-05-23T05:33:05.981+0000][77][info ][safepoint   ] Safepoint "Cleanup", Time since last: 24406034822 ns, Reaching safepoint: 17185 ns, Cleanup: 11753 ns, At safepoint: 4965 ns, Total: 33903 ns
[2025-05-23T05:33:09.006+0000][77][info ][safepoint   ] Safepoint "Cleanup", Time since last: 3025476198 ns, Reaching safepoint: 118469 ns, Cleanup: 17557 ns, At safepoint: 27201 ns, Total: 163227 ns
[2025-05-23T05:34:08.487+0000][77][info ][safepoint   ] Safepoint "Cleanup", Time since last: 59485698949 ns, Reaching safepoint: 26018 ns, Cleanup: 9726 ns, At safepoint: 13577 ns, Total: 49321 ns
[2025-05-23T05:36:15.127+0000][77][info ][safepoint   ] Safepoint "Cleanup", Time since last: 126650854691 ns, Reaching safepoint: 66484 ns, Cleanup: 14107 ns, At safepoint: 24173 ns, Total: 104764 ns
[2025-05-23T05:37:56.126+0000][77][info ][safepoint   ] Safepoint "Cleanup", Time since last: 101006634484 ns, Reaching safepoint: 32296 ns, Cleanup: 17609 ns, At safepoint: 16354 ns, Total: 66259 ns
[2025-05-23T05:38:35.318+0000][77][info ][safepoint   ] Safepoint "Cleanup", Time since last: 39196818279 ns, Reaching safepoint: 57548 ns, Cleanup: 13979 ns, At safepoint: 12133 ns, Total: 83660 ns
[2025-05-23T05:39:23.454+0000][77][info ][safepoint   ] Safepoint "Cleanup", Time since last: 48139434874 ns, Reaching safepoint: 17010 ns, Cleanup: 21065 ns, At safepoint: 87110 ns, Total: 125185 ns
[2025-05-23T05:40:03.198+0000][77][info ][safepoint   ] Safepoint "Cleanup", Time since last: 39748733198 ns, Reaching safepoint: 30748 ns, Cleanup: 16514 ns, At safepoint: 17595 ns, Total: 64857 ns
[2025-05-23T05:40:37.394+0000][77][info ][safepoint   ] Safepoint "Cleanup", Time since last: 34198639231 ns, Reaching safepoint: 31527 ns, Cleanup: 16367 ns, At safepoint: 16522 ns, Total: 64416 ns
[2025-05-23T05:40:43.396+0000][77][info ][safepoint   ] Safepoint "Cleanup", Time since last: 6001842888 ns, Reaching safepoint: 29937 ns, Cleanup: 17940 ns, At safepoint: 17398 ns, Total: 65275 ns
[2025-05-23T05:41:03.236+0000][77][info ][safepoint   ] Safepoint "Cleanup", Time since last: 19842794274 ns, Reaching safepoint: 389166 ns, Cleanup: 96488 ns, At safepoint: 27992 ns, Total: 513646 ns
[2025-05-23T05:41:11.477+0000][77][info ][safepoint   ] Safepoint "Cleanup", Time since last: 8240660447 ns, Reaching safepoint: 27805 ns, Cleanup: 12146 ns, At safepoint: 23304 ns, Total: 63255 ns
[2025-05-23T05:41:12.975+0000][77][info ][safepoint   ] Safepoint "Cleanup", Time since last: 1497659256 ns, Reaching safepoint: 19785 ns, Cleanup: 27934 ns, At safepoint: 11251 ns, Total: 58970 ns
[2025-05-23T05:41:14.508+0000][77][info ][safepoint   ] Safepoint "Cleanup", Time since last: 1532903621 ns, Reaching safepoint: 12679 ns, Cleanup: 14771 ns, At safepoint: 19534 ns, Total: 46984 ns
[2025-05-23T05:41:15.511+0000][77][info ][safepoint   ] Safepoint "Cleanup", Time since last: 1002924765 ns, Reaching safepoint: 10956 ns, Cleanup: 15003 ns, At safepoint: 116483 ns, Total: 142442 ns
[2025-05-23T05:41:16.544+0000][77][info ][safepoint   ] Safepoint "Cleanup", Time since last: 1032811392 ns, Reaching safepoint: 10276 ns, Cleanup: 14619 ns, At safepoint: 3015 ns, Total: 27910 ns
[2025-05-23T05:41:28.566+0000][77][info ][safepoint   ] Safepoint "Cleanup", Time since last: 12024951331 ns, Reaching safepoint: 271709 ns, Cleanup: 31382 ns, At safepoint: 28116 ns, Total: 331207 ns
[2025-05-23T05:41:29.751+0000][77][info ][safepoint   ] Safepoint "Cleanup", Time since last: 1183275917 ns, Reaching safepoint: 869010 ns, Cleanup: 11640 ns, At safepoint: 70296 ns, Total: 950946 ns
[2025-05-23T05:41:31.692+0000][77][info ][safepoint   ] Safepoint "Cleanup", Time since last: 1940830138 ns, Reaching safepoint: 31479 ns, Cleanup: 34162 ns, At safepoint: 18524 ns, Total: 84165 ns
[2025-05-23T05:41:47.708+0000][77][info ][safepoint   ] Safepoint "Cleanup", Time since last: 16016186376 ns, Reaching safepoint: 276220 ns, Cleanup: 14420 ns, At safepoint: 39711 ns, Total: 330351 ns
[2025-05-23T05:41:49.539+0000][77][info ][safepoint   ] Safepoint "Cleanup", Time since last: 1831249415 ns, Reaching safepoint: 31822 ns, Cleanup: 24595 ns, At safepoint: 18259 ns, Total: 74676 ns
[2025-05-23T05:42:32.748+0000][77][info ][safepoint   ] Safepoint "Cleanup", Time since last: 43213455778 ns, Reaching safepoint: 35405 ns, Cleanup: 11076 ns, At safepoint: 19411 ns, Total: 65892 ns
[2025-05-23T05:42:47.466+0000][77][info ][safepoint   ] Safepoint "Cleanup", Time since last: 14718288248 ns, Reaching safepoint: 84754 ns, Cleanup: 7141 ns, At safepoint: 25105 ns, Total: 117000 ns
[2025-05-23T05:42:48.795+0000][77][info ][safepoint   ] Safepoint "Cleanup", Time since last: 1329075296 ns, Reaching safepoint: 26449 ns, Cleanup: 19898 ns, At safepoint: 12010 ns, Total: 58357 ns
[2025-05-23T05:42:57.834+0000][77][info ][safepoint   ] Safepoint "Cleanup", Time since last: 9041078789 ns, Reaching safepoint: 51238 ns, Cleanup: 16010 ns, At safepoint: 11109 ns, Total: 78357 ns
[2025-05-23T05:43:18.063+0000][77][info ][safepoint   ] Safepoint "Cleanup", Time since last: 20229322390 ns, Reaching safepoint: 7087 ns, Cleanup: 7630 ns, At safepoint: 16265 ns, Total: 30982 ns
[2025-05-23T05:43:19.672+0000][77][info ][safepoint   ] Safepoint "Cleanup", Time since last: 1608478107 ns, Reaching safepoint: 17764 ns, Cleanup: 12943 ns, At safepoint: 9079 ns, Total: 39786 ns
[2025-05-23T05:43:35.455+0000][77][info ][safepoint   ] Safepoint "Cleanup", Time since last: 15785299954 ns, Reaching safepoint: 392556 ns, Cleanup: 15597 ns, At safepoint: 70418 ns, Total: 478571 ns
[2025-05-23T05:43:36.894+0000][77][info ][safepoint   ] Safepoint "Cleanup", Time since last: 1438779752 ns, Reaching safepoint: 31489 ns, Cleanup: 17693 ns, At safepoint: 16617 ns, Total: 65799 ns
[2025-05-23T05:45:25.390+0000][77][info ][safepoint   ] Safepoint "Cleanup", Time since last: 108503452985 ns, Reaching safepoint: 53205 ns, Cleanup: 14159 ns, At safepoint: 9209 ns, Total: 76573 ns
[2025-05-23T05:45:41.963+0000][77][info ][safepoint   ] Safepoint "Cleanup", Time since last: 16576517435 ns, Reaching safepoint: 167825 ns, Cleanup: 11772 ns, At safepoint: 43413 ns, Total: 223010 ns
[2025-05-23T05:46:11.425+0000][77][info ][gc,start    ] GC(20) Pause Young (Normal) (G1 Evacuation Pause)
[2025-05-23T05:46:11.430+0000][77][info ][gc,task     ] GC(20) Using 10 workers of 10 for evacuation
[2025-05-23T05:46:11.431+0000][77][debug][gc,age      ] GC(20) Desired survivor size 153092096 bytes, new threshold 15 (max threshold 15)
[2025-05-23T05:46:11.591+0000][77][info ][gc,phases   ] GC(20)   Pre Evacuate Collection Set: 16.34ms
[2025-05-23T05:46:11.592+0000][77][info ][gc,phases   ] GC(20)   Merge Heap Roots: 2.86ms
[2025-05-23T05:46:11.592+0000][77][info ][gc,phases   ] GC(20)   Evacuate Collection Set: 121.93ms
[2025-05-23T05:46:11.592+0000][77][info ][gc,phases   ] GC(20)   Post Evacuate Collection Set: 15.85ms
[2025-05-23T05:46:11.593+0000][77][info ][gc,phases   ] GC(20)   Other: 5.56ms
[2025-05-23T05:46:11.594+0000][77][trace][gc,age      ] GC(20) Age table with threshold 15 (max threshold 15)
[2025-05-23T05:46:11.594+0000][77][trace][gc,age      ] GC(20) - age   1:    1270792 bytes,    1270792 total
[2025-05-23T05:46:11.594+0000][77][trace][gc,age      ] GC(20) - age   2:    1297712 bytes,    2568504 total
[2025-05-23T05:46:11.595+0000][77][trace][gc,age      ] GC(20) - age   3:     233832 bytes,    2802336 total
[2025-05-23T05:46:11.595+0000][77][trace][gc,age      ] GC(20) - age   4:      34256 bytes,    2836592 total
[2025-05-23T05:46:11.596+0000][77][trace][gc,age      ] GC(20) - age   5:     524088 bytes,    3360680 total
[2025-05-23T05:46:11.596+0000][77][trace][gc,age      ] GC(20) - age   6:    1931520 bytes,    5292200 total
[2025-05-23T05:46:11.596+0000][77][trace][gc,age      ] GC(20) - age   7:    4322592 bytes,    9614792 total
[2025-05-23T05:46:11.597+0000][77][info ][gc,heap     ] GC(20) Eden regions: 579->0(579)
[2025-05-23T05:46:11.597+0000][77][info ][gc,heap     ] GC(20) Survivor regions: 3->3(73)
[2025-05-23T05:46:11.597+0000][77][info ][gc,heap     ] GC(20) Old regions: 28->28
[2025-05-23T05:46:11.598+0000][77][info ][gc,heap     ] GC(20) Humongous regions: 0->0
[2025-05-23T05:46:11.598+0000][77][info ][gc,metaspace] GC(20) Metaspace: 148557K(152576K)->148557K(152576K) NonClass: 128474K(130688K)->128474K(130688K) Class: 20083K(21888K)->20083K(21888K)
[2025-05-23T05:46:11.599+0000][77][info ][gc          ] GC(20) Pause Young (Normal) (G1 Evacuation Pause) 2434M->119M(3880M) 174.378ms
[2025-05-23T05:46:11.599+0000][77][info ][gc,cpu      ] GC(20) User=1.03s Sys=0.03s Real=0.18s
[2025-05-23T05:46:11.600+0000][77][info ][safepoint   ] Safepoint "G1CollectForAllocation", Time since last: 29460864921 ns, Reaching safepoint: 70075 ns, Cleanup: 7357 ns, At safepoint: 177723256 ns, Total: 177800688 ns
[2025-05-23T05:46:45.005+0000][77][info ][safepoint   ] Safepoint "Cleanup", Time since last: 33407951632 ns, Reaching safepoint: 14446 ns, Cleanup: 21967 ns, At safepoint: 84314 ns, Total: 120727 ns
[2025-05-23T05:47:03.463+0000][77][info ][safepoint   ] Safepoint "Cleanup", Time since last: 18459942120 ns, Reaching safepoint: 67476 ns, Cleanup: 17026 ns, At safepoint: 18678 ns, Total: 103180 ns
[2025-05-23T05:47:35.467+0000][77][info ][safepoint   ] Safepoint "Cleanup", Time since last: 32006502651 ns, Reaching safepoint: 30603 ns, Cleanup: 16778 ns, At safepoint: 105730 ns, Total: 153111 ns
[2025-05-23T05:47:48.047+0000][77][info ][safepoint   ] Safepoint "Cleanup", Time since last: 12580160687 ns, Reaching safepoint: 35141 ns, Cleanup: 14580 ns, At safepoint: 134202 ns, Total: 183923 ns
[2025-05-23T05:47:50.462+0000][77][info ][safepoint   ] Safepoint "Cleanup", Time since last: 2414588499 ns, Reaching safepoint: 6144 ns, Cleanup: 8196 ns, At safepoint: 13270 ns, Total: 27610 ns
[2025-05-23T05:48:04.138+0000][77][info ][safepoint   ] Safepoint "Cleanup", Time since last: 13679054346 ns, Reaching safepoint: 142804 ns, Cleanup: 19951 ns, At safepoint: 19301 ns, Total: 182056 ns
[2025-05-23T05:48:17.947+0000][77][info ][safepoint   ] Safepoint "Cleanup", Time since last: 13808141780 ns, Reaching safepoint: 18535 ns, Cleanup: 18401 ns, At safepoint: 76766 ns, Total: 113702 ns
[2025-05-23T05:48:18.971+0000][77][info ][safepoint   ] Safepoint "Cleanup", Time since last: 1024223488 ns, Reaching safepoint: 31515 ns, Cleanup: 22606 ns, At safepoint: 17002 ns, Total: 71123 ns
[2025-05-23T05:48:50.457+0000][77][info ][safepoint   ] Safepoint "Cleanup", Time since last: 31489045676 ns, Reaching safepoint: 19041 ns, Cleanup: 19157 ns, At safepoint: 105308 ns, Total: 143506 ns
[2025-05-23T05:48:52.194+0000][77][info ][safepoint   ] Safepoint "Cleanup", Time since last: 1736460156 ns, Reaching safepoint: 31873 ns, Cleanup: 19984 ns, At safepoint: 18807 ns, Total: 70664 ns
[2025-05-23T05:50:37.239+0000][77][info ][safepoint   ] Safepoint "Cleanup", Time since last: 105055380214 ns, Reaching safepoint: 32983 ns, Cleanup: 17120 ns, At safepoint: 11909 ns, Total: 62012 ns
[2025-05-23T05:51:53.641+0000][77][info ][safepoint   ] Safepoint "Cleanup", Time since last: 76407671898 ns, Reaching safepoint: 69163 ns, Cleanup: 16328 ns, At safepoint: 15618 ns, Total: 101109 ns
[2025-05-23T05:52:38.309+0000][77][info ][safepoint   ] Safepoint "Cleanup", Time since last: 44671964380 ns, Reaching safepoint: 55610 ns, Cleanup: 14708 ns, At safepoint: 10721 ns, Total: 81039 ns
[2025-05-23T05:52:45.310+0000][77][info ][safepoint   ] Safepoint "Cleanup", Time since last: 7001329329 ns, Reaching safepoint: 29374 ns, Cleanup: 15267 ns, At safepoint: 12257 ns, Total: 56898 ns
[2025-05-23T05:52:52.666+0000][77][info ][safepoint   ] Safepoint "Cleanup", Time since last: 7356124863 ns, Reaching safepoint: 28269 ns, Cleanup: 14557 ns, At safepoint: 12617 ns, Total: 55443 ns
[2025-05-23T05:52:57.351+0000][77][info ][safepoint   ] Safepoint "Cleanup", Time since last: 4686612476 ns, Reaching safepoint: 37117 ns, Cleanup: 13116 ns, At safepoint: 6189 ns, Total: 56422 ns
[2025-05-23T05:53:02.440+0000][77][info ][safepoint   ] Safepoint "Cleanup", Time since last: 5089228652 ns, Reaching safepoint: 16750 ns, Cleanup: 21248 ns, At safepoint: 90620 ns, Total: 128618 ns
[2025-05-23T05:53:04.439+0000][77][info ][safepoint   ] Safepoint "Cleanup", Time since last: 1999197932 ns, Reaching safepoint: 32243 ns, Cleanup: 20239 ns, At safepoint: 13698 ns, Total: 66180 ns
[2025-05-23T05:53:37.019+0000][77][info ][safepoint   ] Safepoint "Cleanup", Time since last: 32582191661 ns, Reaching safepoint: 58774 ns, Cleanup: 15173 ns, At safepoint: 17509 ns, Total: 91456 ns
[2025-05-23T05:54:05.419+0000][77][info ][safepoint   ] Safepoint "Cleanup", Time since last: 28402974247 ns, Reaching safepoint: 6578 ns, Cleanup: 9157 ns, At safepoint: 2898 ns, Total: 18633 ns
[2025-05-23T05:56:43.580+0000][77][info ][safepoint   ] Safepoint "Cleanup", Time since last: 158172654233 ns, Reaching safepoint: 60263 ns, Cleanup: 16888 ns, At safepoint: 14940 ns, Total: 92091 ns
[2025-05-23T05:56:50.443+0000][77][info ][safepoint   ] Safepoint "Cleanup", Time since last: 6862528438 ns, Reaching safepoint: 15017 ns, Cleanup: 9449 ns, At safepoint: 30845 ns, Total: 55311 ns
[2025-05-23T05:56:51.635+0000][77][info ][safepoint   ] Safepoint "Cleanup", Time since last: 1192694939 ns, Reaching safepoint: 16156 ns, Cleanup: 28772 ns, At safepoint: 22093 ns, Total: 67021 ns
[2025-05-23T05:57:14.431+0000][77][info ][safepoint   ] Safepoint "Cleanup", Time since last: 22798256156 ns, Reaching safepoint: 29221 ns, Cleanup: 11729 ns, At safepoint: 4523 ns, Total: 45473 ns
[2025-05-23T05:57:15.684+0000][77][info ][safepoint   ] Safepoint "Cleanup", Time since last: 1253139561 ns, Reaching safepoint: 23365 ns, Cleanup: 73008 ns, At safepoint: 9765 ns, Total: 106138 ns
[2025-05-23T05:57:27.684+0000][77][info ][safepoint   ] Safepoint "Cleanup", Time since last: 12001792947 ns, Reaching safepoint: 29984 ns, Cleanup: 16340 ns, At safepoint: 13425 ns, Total: 59749 ns
[2025-05-23T05:58:03.760+0000][77][info ][safepoint   ] Safepoint "Cleanup", Time since last: 36078547387 ns, Reaching safepoint: 32204 ns, Cleanup: 19800 ns, At safepoint: 17520 ns, Total: 69524 ns
[2025-05-23T05:58:17.784+0000][77][info ][safepoint   ] Safepoint "Cleanup", Time since last: 14024193851 ns, Reaching safepoint: 16654 ns, Cleanup: 13741 ns, At safepoint: 4149 ns, Total: 34544 ns
[2025-05-23T06:00:23.424+0000][77][info ][safepoint   ] Safepoint "Cleanup", Time since last: 125649065353 ns, Reaching safepoint: 20228 ns, Cleanup: 18816 ns, At safepoint: 77356 ns, Total: 116400 ns
[2025-05-23T06:00:24.994+0000][77][info ][safepoint   ] Safepoint "Cleanup", Time since last: 1569930815 ns, Reaching safepoint: 30241 ns, Cleanup: 17713 ns, At safepoint: 18708 ns, Total: 66662 ns
[2025-05-23T06:00:38.995+0000][77][info ][safepoint   ] Safepoint "Cleanup", Time since last: 14003476340 ns, Reaching safepoint: 30729 ns, Cleanup: 16665 ns, At safepoint: 18208 ns, Total: 65602 ns
[2025-05-23T06:03:03.121+0000][77][info ][safepoint   ] Safepoint "Cleanup", Time since last: 144136972864 ns, Reaching safepoint: 608917 ns, Cleanup: 19359 ns, At safepoint: 160438 ns, Total: 788714 ns
[2025-05-23T06:05:03.183+0000][77][info ][safepoint   ] Safepoint "Cleanup", Time since last: 120071880002 ns, Reaching safepoint: 24131 ns, Cleanup: 16371 ns, At safepoint: 39052 ns, Total: 79554 ns
[2025-05-23T06:05:38.423+0000][77][info ][safepoint   ] Safepoint "Cleanup", Time since last: 35242284359 ns, Reaching safepoint: 7087 ns, Cleanup: 8852 ns, At safepoint: 12177 ns, Total: 28116 ns
[2025-05-23T06:07:03.267+0000][77][info ][safepoint   ] Safepoint "Cleanup", Time since last: 84851791122 ns, Reaching safepoint: 159351 ns, Cleanup: 16630 ns, At safepoint: 19232 ns, Total: 195213 ns
[2025-05-23T06:07:45.382+0000][77][info ][safepoint   ] Safepoint "Cleanup", Time since last: 42116636880 ns, Reaching safepoint: 8236 ns, Cleanup: 8381 ns, At safepoint: 13145 ns, Total: 29762 ns
[2025-05-23T06:08:02.409+0000][77][info ][safepoint   ] Safepoint "Cleanup", Time since last: 17028734235 ns, Reaching safepoint: 494507 ns, Cleanup: 10064 ns, At safepoint: 43218 ns, Total: 547789 ns
[2025-05-23T06:09:03.354+0000][77][info ][safepoint   ] Safepoint "Cleanup", Time since last: 60950193587 ns, Reaching safepoint: 182873 ns, Cleanup: 75489 ns, At safepoint: 27254 ns, Total: 285616 ns
[2025-05-23T06:09:50.574+0000][77][info ][safepoint   ] Safepoint "Cleanup", Time since last: 47222346569 ns, Reaching safepoint: 7553 ns, Cleanup: 8890 ns, At safepoint: 14116 ns, Total: 30559 ns
[2025-05-23T06:10:53.411+0000][77][info ][safepoint   ] Safepoint "Cleanup", Time since last: 62841509630 ns, Reaching safepoint: 24836 ns, Cleanup: 15850 ns, At safepoint: 67307 ns, Total: 107993 ns
[2025-05-23T06:11:03.666+0000][77][info ][safepoint   ] Safepoint "Cleanup", Time since last: 10257423107 ns, Reaching safepoint: 66471 ns, Cleanup: 155994 ns, At safepoint: 46757 ns, Total: 269222 ns
[2025-05-23T06:11:53.411+0000][77][info ][safepoint   ] Safepoint "Cleanup", Time since last: 49747072948 ns, Reaching safepoint: 60198 ns, Cleanup: 12381 ns, At safepoint: 14317 ns, Total: 86896 ns
[2025-05-23T06:11:54.696+0000][77][info ][safepoint   ] Safepoint "Cleanup", Time since last: 1285271927 ns, Reaching safepoint: 6467 ns, Cleanup: 61791 ns, At safepoint: 15876 ns, Total: 84134 ns
[2025-05-23T06:11:56.723+0000][77][info ][safepoint   ] Safepoint "Cleanup", Time since last: 2027020020 ns, Reaching safepoint: 6732 ns, Cleanup: 7521 ns, At safepoint: 13096 ns, Total: 27349 ns
[2025-05-23T06:13:18.281+0000][77][info ][safepoint   ] Safepoint "Cleanup", Time since last: 81565478590 ns, Reaching safepoint: 10107 ns, Cleanup: 8688 ns, At safepoint: 12533 ns, Total: 31328 ns
[2025-05-23T06:15:05.427+0000][77][info ][safepoint   ] Safepoint "Cleanup", Time since last: 107160567684 ns, Reaching safepoint: 30150 ns, Cleanup: 16165 ns, At safepoint: 83470 ns, Total: 129785 ns
[2025-05-23T06:15:06.935+0000][77][info ][safepoint   ] Safepoint "Cleanup", Time since last: 1508127700 ns, Reaching safepoint: 30304 ns, Cleanup: 17250 ns, At safepoint: 17893 ns, Total: 65447 ns
[2025-05-23T06:16:03.608+0000][77][info ][safepoint   ] Safepoint "Cleanup", Time since last: 56678514709 ns, Reaching safepoint: 72594 ns, Cleanup: 19149 ns, At safepoint: 20192 ns, Total: 111935 ns
[2025-05-23T06:16:07.609+0000][77][info ][safepoint   ] Safepoint "Cleanup", Time since last: 4001286858 ns, Reaching safepoint: 84561 ns, Cleanup: 21080 ns, At safepoint: 15051 ns, Total: 120692 ns
[2025-05-23T06:16:08.960+0000][77][info ][safepoint   ] Safepoint "Cleanup", Time since last: 1350699384 ns, Reaching safepoint: 18955 ns, Cleanup: 16728 ns, At safepoint: 66101 ns, Total: 101784 ns
[2025-05-23T06:16:34.990+0000][77][info ][safepoint   ] Safepoint "Cleanup", Time since last: 26033239900 ns, Reaching safepoint: 81757 ns, Cleanup: 17784 ns, At safepoint: 21401 ns, Total: 120942 ns
[2025-05-23T06:18:07.670+0000][77][info ][safepoint   ] Safepoint "Cleanup", Time since last: 92689121282 ns, Reaching safepoint: 151192 ns, Cleanup: 18108 ns, At safepoint: 19020 ns, Total: 188320 ns
[2025-05-23T06:22:02.822+0000][77][info ][safepoint   ] Safepoint "Cleanup", Time since last: 235178481585 ns, Reaching safepoint: 69482 ns, Cleanup: 17360 ns, At safepoint: 18359 ns, Total: 105201 ns
[2025-05-23T06:23:13.348+0000][77][info ][safepoint   ] Safepoint "Cleanup", Time since last: 70532330292 ns, Reaching safepoint: 64562 ns, Cleanup: 16267 ns, At safepoint: 12928 ns, Total: 93757 ns
[2025-05-23T06:23:14.387+0000][77][info ][safepoint   ] Safepoint "Cleanup", Time since last: 1039133591 ns, Reaching safepoint: 5792 ns, Cleanup: 11551 ns, At safepoint: 13575 ns, Total: 30918 ns
[2025-05-23T06:23:17.426+0000][77][info ][safepoint   ] Safepoint "Cleanup", Time since last: 3038288881 ns, Reaching safepoint: 30749 ns, Cleanup: 20960 ns, At safepoint: 19604 ns, Total: 71313 ns
[2025-05-23T06:23:18.814+0000][77][info ][safepoint   ] Safepoint "Cleanup", Time since last: 1388135543 ns, Reaching safepoint: 5579 ns, Cleanup: 8176 ns, At safepoint: 12891 ns, Total: 26646 ns
[2025-05-23T06:23:54.896+0000][77][info ][safepoint   ] Safepoint "Cleanup", Time since last: 36085322445 ns, Reaching safepoint: 19494 ns, Cleanup: 12544 ns, At safepoint: 10029 ns, Total: 42067 ns
[2025-05-23T06:24:02.895+0000][77][info ][safepoint   ] Safepoint "Cleanup", Time since last: 8001880896 ns, Reaching safepoint: 64846 ns, Cleanup: 16745 ns, At safepoint: 13721 ns, Total: 95312 ns
[2025-05-23T06:24:04.895+0000][77][info ][safepoint   ] Safepoint "Cleanup", Time since last: 2000833558 ns, Reaching safepoint: 25957 ns, Cleanup: 20582 ns, At safepoint: 12062 ns, Total: 58601 ns
[2025-05-23T06:24:22.899+0000][77][info ][safepoint   ] Safepoint "Cleanup", Time since last: 18003352155 ns, Reaching safepoint: 29367 ns, Cleanup: 17119 ns, At safepoint: 18432 ns, Total: 64918 ns
[2025-05-23T06:25:35.544+0000][77][info ][safepoint   ] Safepoint "Cleanup", Time since last: 72652811175 ns, Reaching safepoint: 1060872 ns, Cleanup: 17874 ns, At safepoint: 214672 ns, Total: 1293418 ns
[2025-05-23T06:26:20.431+0000][77][info ][safepoint   ] Safepoint "Cleanup", Time since last: 44890932122 ns, Reaching safepoint: 31418 ns, Cleanup: 33758 ns, At safepoint: 78181 ns, Total: 143357 ns
[2025-05-23T06:26:23.675+0000][77][info ][safepoint   ] Safepoint "Cleanup", Time since last: 3243833518 ns, Reaching safepoint: 30179 ns, Cleanup: 113504 ns, At safepoint: 19427 ns, Total: 163110 ns
[2025-05-23T06:27:41.756+0000][77][info ][safepoint   ] Safepoint "Cleanup", Time since last: 78089710487 ns, Reaching safepoint: 17818 ns, Cleanup: 21047 ns, At safepoint: 83284 ns, Total: 122149 ns
[2025-05-23T06:28:17.817+0000][77][info ][safepoint   ] Safepoint "Cleanup", Time since last: 36064611630 ns, Reaching safepoint: 12197 ns, Cleanup: 18477 ns, At safepoint: 74828 ns, Total: 105502 ns
[2025-05-23T06:28:38.020+0000][77][info ][gc,start    ] GC(21) Pause Young (Normal) (G1 Evacuation Pause)
[2025-05-23T06:28:38.022+0000][77][info ][gc,task     ] GC(21) Using 10 workers of 10 for evacuation
[2025-05-23T06:28:38.022+0000][77][debug][gc,age      ] GC(21) Desired survivor size 153092096 bytes, new threshold 15 (max threshold 15)
[2025-05-23T06:28:38.132+0000][77][info ][gc,phases   ] GC(21)   Pre Evacuate Collection Set: 5.91ms
[2025-05-23T06:28:38.132+0000][77][info ][gc,phases   ] GC(21)   Merge Heap Roots: 4.45ms
[2025-05-23T06:28:38.133+0000][77][info ][gc,phases   ] GC(21)   Evacuate Collection Set: 83.19ms
[2025-05-23T06:28:38.133+0000][77][info ][gc,phases   ] GC(21)   Post Evacuate Collection Set: 13.03ms
[2025-05-23T06:28:38.133+0000][77][info ][gc,phases   ] GC(21)   Other: 4.30ms
[2025-05-23T06:28:38.134+0000][77][trace][gc,age      ] GC(21) Age table with threshold 15 (max threshold 15)
[2025-05-23T06:28:38.134+0000][77][trace][gc,age      ] GC(21) - age   1:    1534552 bytes,    1534552 total
[2025-05-23T06:28:38.134+0000][77][trace][gc,age      ] GC(21) - age   2:     367736 bytes,    1902288 total
[2025-05-23T06:28:38.135+0000][77][trace][gc,age      ] GC(21) - age   3:    1243736 bytes,    3146024 total
[2025-05-23T06:28:38.135+0000][77][trace][gc,age      ] GC(21) - age   4:     232920 bytes,    3378944 total
[2025-05-23T06:28:38.136+0000][77][trace][gc,age      ] GC(21) - age   5:      34256 bytes,    3413200 total
[2025-05-23T06:28:38.136+0000][77][trace][gc,age      ] GC(21) - age   6:     524088 bytes,    3937288 total
[2025-05-23T06:28:38.136+0000][77][trace][gc,age      ] GC(21) - age   7:    1899160 bytes,    5836448 total
[2025-05-23T06:28:38.137+0000][77][trace][gc,age      ] GC(21) - age   8:    4322552 bytes,   10159000 total
[2025-05-23T06:28:38.137+0000][77][info ][gc,heap     ] GC(21) Eden regions: 579->0(579)
[2025-05-23T06:28:38.139+0000][77][info ][gc,heap     ] GC(21) Survivor regions: 3->3(73)
[2025-05-23T06:28:38.140+0000][77][info ][gc,heap     ] GC(21) Old regions: 28->28
[2025-05-23T06:28:38.140+0000][77][info ][gc,heap     ] GC(21) Humongous regions: 0->0
[2025-05-23T06:28:38.141+0000][77][info ][gc,metaspace] GC(21) Metaspace: 148748K(152768K)->148748K(152768K) NonClass: 128665K(130880K)->128665K(130880K) Class: 20083K(21888K)->20083K(21888K)
[2025-05-23T06:28:38.142+0000][77][info ][gc          ] GC(21) Pause Young (Normal) (G1 Evacuation Pause) 2435M->118M(3880M) 121.856ms
[2025-05-23T06:28:38.142+0000][77][info ][gc,cpu      ] GC(21) User=0.82s Sys=0.00s Real=0.13s
[2025-05-23T06:28:38.143+0000][77][info ][safepoint   ] Safepoint "G1CollectForAllocation", Time since last: 20203708388 ns, Reaching safepoint: 52207 ns, Cleanup: 7104 ns, At safepoint: 123821979 ns, Total: 123881290 ns
[2025-05-23T06:28:44.541+0000][77][info ][safepoint   ] Safepoint "Cleanup", Time since last: 6398338214 ns, Reaching safepoint: 19491 ns, Cleanup: 14711 ns, At safepoint: 79248 ns, Total: 113450 ns
[2025-05-23T06:30:37.121+0000][77][info ][safepoint   ] Safepoint "Cleanup", Time since last: 112591361295 ns, Reaching safepoint: 225095 ns, Cleanup: 396177 ns, At safepoint: 135366 ns, Total: 756638 ns
[2025-05-23T06:30:50.968+0000][77][info ][safepoint   ] Safepoint "Cleanup", Time since last: 13847666651 ns, Reaching safepoint: 7392 ns, Cleanup: 63805 ns, At safepoint: 15263 ns, Total: 86460 ns
[2025-05-23T06:32:36.040+0000][77][info ][safepoint   ] Safepoint "Cleanup", Time since last: 105083582219 ns, Reaching safepoint: 113064 ns, Cleanup: 176326 ns, At safepoint: 36146 ns, Total: 325536 ns
[2025-05-23T06:32:46.042+0000][77][info ][safepoint   ] Safepoint "Cleanup", Time since last: 10002015442 ns, Reaching safepoint: 74090 ns, Cleanup: 22778 ns, At safepoint: 36616 ns, Total: 133484 ns
[2025-05-23T06:32:56.362+0000][77][info ][safepoint   ] Safepoint "Cleanup", Time since last: 10319595237 ns, Reaching safepoint: 12375 ns, Cleanup: 12283 ns, At safepoint: 31286 ns, Total: 55944 ns
[2025-05-23T06:32:58.078+0000][77][info ][safepoint   ] Safepoint "Cleanup", Time since last: 1718273340 ns, Reaching safepoint: 32335 ns, Cleanup: 82800 ns, At safepoint: 25586 ns, Total: 140721 ns
[2025-05-23T06:35:03.213+0000][77][info ][safepoint   ] Safepoint "Cleanup", Time since last: 125146922400 ns, Reaching safepoint: 18834 ns, Cleanup: 19528 ns, At safepoint: 82118 ns, Total: 120480 ns
[2025-05-23T06:37:03.470+0000][77][info ][safepoint   ] Safepoint "Cleanup", Time since last: 120268068259 ns, Reaching safepoint: 41793 ns, Cleanup: 437237 ns, At safepoint: 47309 ns, Total: 526339 ns
[2025-05-23T06:38:03.507+0000][77][info ][safepoint   ] Safepoint "Cleanup", Time since last: 60043203262 ns, Reaching safepoint: 36053 ns, Cleanup: 19425 ns, At safepoint: 18623 ns, Total: 74101 ns
[2025-05-23T06:41:14.323+0000][77][info ][safepoint   ] Safepoint "Cleanup", Time since last: 190832123853 ns, Reaching safepoint: 23663 ns, Cleanup: 56284 ns, At safepoint: 24441 ns, Total: 104388 ns
[2025-05-23T06:41:15.671+0000][77][info ][safepoint   ] Safepoint "Cleanup", Time since last: 1347959733 ns, Reaching safepoint: 18977 ns, Cleanup: 22880 ns, At safepoint: 12838 ns, Total: 54695 ns
[2025-05-23T06:41:17.855+0000][77][info ][safepoint   ] Safepoint "Cleanup", Time since last: 2184269868 ns, Reaching safepoint: 21728 ns, Cleanup: 13412 ns, At safepoint: 65840 ns, Total: 100980 ns
[2025-05-23T06:41:18.966+0000][77][info ][safepoint   ] Safepoint "Cleanup", Time since last: 1111108722 ns, Reaching safepoint: 12478 ns, Cleanup: 32715 ns, At safepoint: 75002 ns, Total: 120195 ns
[2025-05-23T06:41:20.317+0000][77][info ][safepoint   ] Safepoint "Cleanup", Time since last: 1351004958 ns, Reaching safepoint: 6422 ns, Cleanup: 8314 ns, At safepoint: 13613 ns, Total: 28349 ns
[2025-05-23T06:41:50.361+0000][77][info ][safepoint   ] Safepoint "Cleanup", Time since last: 30045115863 ns, Reaching safepoint: 11039 ns, Cleanup: 7827 ns, At safepoint: 34026 ns, Total: 52892 ns
[2025-05-23T06:41:51.827+0000][77][info ][safepoint   ] Safepoint "Cleanup", Time since last: 1466656476 ns, Reaching safepoint: 94356 ns, Cleanup: 30196 ns, At safepoint: 21605 ns, Total: 146157 ns
[2025-05-23T06:42:03.019+0000][77][info ][safepoint   ] Safepoint "Cleanup", Time since last: 11194655067 ns, Reaching safepoint: 32665 ns, Cleanup: 17433 ns, At safepoint: 17975 ns, Total: 68073 ns
[2025-05-23T06:43:23.506+0000][77][info ][safepoint   ] Safepoint "Cleanup", Time since last: 80492121725 ns, Reaching safepoint: 18721 ns, Cleanup: 22138 ns, At safepoint: 70034 ns, Total: 110893 ns
[2025-05-23T06:43:27.956+0000][77][info ][safepoint   ] Safepoint "Cleanup", Time since last: 4453449030 ns, Reaching safepoint: 31723 ns, Cleanup: 21379 ns, At safepoint: 18435 ns, Total: 71537 ns
[2025-05-23T06:44:02.735+0000][77][info ][safepoint   ] Safepoint "Cleanup", Time since last: 34782113400 ns, Reaching safepoint: 81252 ns, Cleanup: 18252 ns, At safepoint: 21657 ns, Total: 121161 ns
[2025-05-23T06:44:26.740+0000][77][info ][safepoint   ] Safepoint "Cleanup", Time since last: 24005039939 ns, Reaching safepoint: 42416 ns, Cleanup: 26463 ns, At safepoint: 20220 ns, Total: 89099 ns
[2025-05-23T06:44:44.048+0000][77][info ][safepoint   ] Safepoint "Cleanup", Time since last: 17309652724 ns, Reaching safepoint: 67105 ns, Cleanup: 13987 ns, At safepoint: 7782 ns, Total: 88874 ns
[2025-05-23T06:45:02.773+0000][77][info ][safepoint   ] Safepoint "Cleanup", Time since last: 18729482863 ns, Reaching safepoint: 63671 ns, Cleanup: 16599 ns, At safepoint: 16592 ns, Total: 96862 ns
[2025-05-23T06:45:33.127+0000][77][info ][safepoint   ] Safepoint "Cleanup", Time since last: 30355068324 ns, Reaching safepoint: 61427 ns, Cleanup: 39835 ns, At safepoint: 25168 ns, Total: 126430 ns
[2025-05-23T06:46:35.390+0000][77][info ][safepoint   ] Safepoint "Cleanup", Time since last: 62269613006 ns, Reaching safepoint: 21256 ns, Cleanup: 15685 ns, At safepoint: 122590 ns, Total: 159531 ns
[2025-05-23T06:48:35.273+0000][77][info ][safepoint   ] Safepoint "Cleanup", Time since last: 119893702223 ns, Reaching safepoint: 136883 ns, Cleanup: 19423 ns, At safepoint: 19036 ns, Total: 175342 ns
[2025-05-23T06:49:45.347+0000][77][info ][safepoint   ] Safepoint "Cleanup", Time since last: 70079221119 ns, Reaching safepoint: 37866 ns, Cleanup: 289604 ns, At safepoint: 35459 ns, Total: 362929 ns
[2025-05-23T06:50:02.967+0000][77][info ][safepoint   ] Safepoint "Cleanup", Time since last: 17618972993 ns, Reaching safepoint: 3523127 ns, Cleanup: 104708 ns, At safepoint: 145633 ns, Total: 3773468 ns
[2025-05-23T06:50:36.971+0000][77][info ][safepoint   ] Safepoint "Cleanup", Time since last: 34007289506 ns, Reaching safepoint: 21572 ns, Cleanup: 13512 ns, At safepoint: 9952 ns, Total: 45036 ns
[2025-05-23T06:51:38.006+0000][77][info ][safepoint   ] Safepoint "Cleanup", Time since last: 61040295374 ns, Reaching safepoint: 46140 ns, Cleanup: 18060 ns, At safepoint: 11484 ns, Total: 75684 ns
[2025-05-23T06:51:40.019+0000][77][info ][safepoint   ] Safepoint "Cleanup", Time since last: 2012467941 ns, Reaching safepoint: 40775 ns, Cleanup: 14443 ns, At safepoint: 13453 ns, Total: 68671 ns
[2025-05-23T06:51:50.314+0000][77][info ][safepoint   ] Safepoint "Cleanup", Time since last: 10295128220 ns, Reaching safepoint: 37587 ns, Cleanup: 14732 ns, At safepoint: 33239 ns, Total: 85558 ns
[2025-05-23T06:55:27.760+0000][77][info ][safepoint   ] Safepoint "Cleanup", Time since last: 217469459307 ns, Reaching safepoint: 148158 ns, Cleanup: 18353 ns, At safepoint: 19696 ns, Total: 186207 ns
[2025-05-23T06:56:02.304+0000][77][info ][safepoint   ] Safepoint "Cleanup", Time since last: 34545589709 ns, Reaching safepoint: 560720 ns, Cleanup: 17408 ns, At safepoint: 146878 ns, Total: 725006 ns
[2025-05-23T06:56:03.800+0000][77][info ][safepoint   ] Safepoint "Cleanup", Time since last: 1496231099 ns, Reaching safepoint: 18700 ns, Cleanup: 16146 ns, At safepoint: 9583 ns, Total: 44429 ns
[2025-05-23T06:56:09.802+0000][77][info ][safepoint   ] Safepoint "Cleanup", Time since last: 6001612302 ns, Reaching safepoint: 31453 ns, Cleanup: 16650 ns, At safepoint: 17040 ns, Total: 65143 ns
[2025-05-23T06:56:10.803+0000][77][info ][safepoint   ] Safepoint "Cleanup", Time since last: 1000831341 ns, Reaching safepoint: 226519 ns, Cleanup: 15786 ns, At safepoint: 128389 ns, Total: 370694 ns
[2025-05-23T06:57:02.563+0000][77][info ][safepoint   ] Safepoint "Cleanup", Time since last: 51763182371 ns, Reaching safepoint: 2170722 ns, Cleanup: 20465 ns, At safepoint: 99681 ns, Total: 2290868 ns
[2025-05-23T06:58:08.906+0000][77][info ][safepoint   ] Safepoint "Cleanup", Time since last: 66348247138 ns, Reaching safepoint: 8602 ns, Cleanup: 9332 ns, At safepoint: 13686 ns, Total: 31620 ns
[2025-05-23T06:58:17.925+0000][77][info ][safepoint   ] Safepoint "Cleanup", Time since last: 9019820186 ns, Reaching safepoint: 19710 ns, Cleanup: 12824 ns, At safepoint: 9849 ns, Total: 42383 ns
[2025-05-23T06:58:46.978+0000][77][info ][safepoint   ] Safepoint "Cleanup", Time since last: 29056138145 ns, Reaching safepoint: 32787 ns, Cleanup: 17982 ns, At safepoint: 18554 ns, Total: 69323 ns
[2025-05-23T06:59:03.296+0000][77][info ][safepoint   ] Safepoint "Cleanup", Time since last: 16320738928 ns, Reaching safepoint: 30167 ns, Cleanup: 17824 ns, At safepoint: 16698 ns, Total: 64689 ns
[2025-05-23T06:59:12.037+0000][77][info ][safepoint   ] Safepoint "Cleanup", Time since last: 8740147403 ns, Reaching safepoint: 153054 ns, Cleanup: 10401 ns, At safepoint: 63043 ns, Total: 226498 ns
[2025-05-23T06:59:13.049+0000][77][info ][safepoint   ] Safepoint "Cleanup", Time since last: 1011768467 ns, Reaching safepoint: 7242 ns, Cleanup: 11692 ns, At safepoint: 4253 ns, Total: 23187 ns
[2025-05-23T07:00:36.095+0000][77][info ][safepoint   ] Safepoint "Cleanup", Time since last: 83054931041 ns, Reaching safepoint: 25872 ns, Cleanup: 13403 ns, At safepoint: 10051 ns, Total: 49326 ns
[2025-05-23T07:01:18.133+0000][77][info ][safepoint   ] Safepoint "Cleanup", Time since last: 42040070392 ns, Reaching safepoint: 14087 ns, Cleanup: 14583 ns, At safepoint: 18864 ns, Total: 47534 ns
[2025-05-23T07:02:03.409+0000][77][info ][safepoint   ] Safepoint "Cleanup", Time since last: 45281665851 ns, Reaching safepoint: 100488 ns, Cleanup: 21769 ns, At safepoint: 11319 ns, Total: 133576 ns
[2025-05-23T07:02:51.216+0000][77][info ][safepoint   ] Safepoint "Cleanup", Time since last: 47810402286 ns, Reaching safepoint: 77398 ns, Cleanup: 17683 ns, At safepoint: 20476 ns, Total: 115557 ns
[2025-05-23T07:02:53.218+0000][77][info ][safepoint   ] Safepoint "Cleanup", Time since last: 2001108271 ns, Reaching safepoint: 17953 ns, Cleanup: 12918 ns, At safepoint: 8744 ns, Total: 39615 ns
[2025-05-23T07:03:33.264+0000][77][info ][safepoint   ] Safepoint "Cleanup", Time since last: 40051254459 ns, Reaching safepoint: 84678 ns, Cleanup: 21885 ns, At safepoint: 42769 ns, Total: 149332 ns
[2025-05-23T07:03:35.260+0000][77][info ][safepoint   ] Safepoint "Cleanup", Time since last: 1996251078 ns, Reaching safepoint: 15145 ns, Cleanup: 11317 ns, At safepoint: 18153 ns, Total: 44615 ns
[2025-05-23T07:04:27.378+0000][77][info ][safepoint   ] Safepoint "Cleanup", Time since last: 52123953456 ns, Reaching safepoint: 31142 ns, Cleanup: 14830 ns, At safepoint: 67267 ns, Total: 113239 ns
[2025-05-23T07:06:32.280+0000][77][info ][safepoint   ] Safepoint "Cleanup", Time since last: 124912388128 ns, Reaching safepoint: 172461 ns, Cleanup: 51787 ns, At safepoint: 34469 ns, Total: 258717 ns
[2025-05-23T07:07:35.522+0000][77][info ][safepoint   ] Safepoint "Cleanup", Time since last: 63248262367 ns, Reaching safepoint: 17021 ns, Cleanup: 17444 ns, At safepoint: 13306 ns, Total: 47771 ns
[2025-05-23T07:07:42.541+0000][77][info ][safepoint   ] Safepoint "Cleanup", Time since last: 7018524904 ns, Reaching safepoint: 33685 ns, Cleanup: 18086 ns, At safepoint: 19327 ns, Total: 71098 ns
[2025-05-23T07:08:38.567+0000][77][info ][safepoint   ] Safepoint "Cleanup", Time since last: 56031691921 ns, Reaching safepoint: 32508 ns, Cleanup: 15947 ns, At safepoint: 79533 ns, Total: 127988 ns
[2025-05-23T07:09:12.787+0000][77][info ][safepoint   ] Safepoint "Cleanup", Time since last: 34222250815 ns, Reaching safepoint: 103492 ns, Cleanup: 15511 ns, At safepoint: 9686 ns, Total: 128689 ns
[2025-05-23T07:09:14.789+0000][77][info ][safepoint   ] Safepoint "Cleanup", Time since last: 2001604114 ns, Reaching safepoint: 29579 ns, Cleanup: 16216 ns, At safepoint: 14267 ns, Total: 60062 ns
[2025-05-23T07:09:41.257+0000][77][info ][safepoint   ] Safepoint "Cleanup", Time since last: 26470714776 ns, Reaching safepoint: 392992 ns, Cleanup: 19148 ns, At safepoint: 72380 ns, Total: 484520 ns
[2025-05-23T07:09:42.712+0000][77][info ][safepoint   ] Safepoint "Cleanup", Time since last: 1454479465 ns, Reaching safepoint: 6303 ns, Cleanup: 13254 ns, At safepoint: 13054 ns, Total: 32611 ns
[2025-05-23T07:10:38.826+0000][77][info ][safepoint   ] Safepoint "Cleanup", Time since last: 56119950484 ns, Reaching safepoint: 18577 ns, Cleanup: 12343 ns, At safepoint: 34495 ns, Total: 65415 ns
[2025-05-23T07:10:42.828+0000][77][info ][safepoint   ] Safepoint "Cleanup", Time since last: 4001273627 ns, Reaching safepoint: 18334 ns, Cleanup: 14067 ns, At safepoint: 9118 ns, Total: 41519 ns
[2025-05-23T07:10:54.863+0000][77][info ][safepoint   ] Safepoint "Cleanup", Time since last: 12035785794 ns, Reaching safepoint: 42987 ns, Cleanup: 19347 ns, At safepoint: 16509 ns, Total: 78843 ns
[2025-05-23T07:13:41.301+0000][77][info ][gc,start    ] GC(22) Pause Young (Normal) (G1 Evacuation Pause)
[2025-05-23T07:13:41.306+0000][77][info ][gc,task     ] GC(22) Using 10 workers of 10 for evacuation
[2025-05-23T07:13:41.307+0000][77][debug][gc,age      ] GC(22) Desired survivor size 153092096 bytes, new threshold 15 (max threshold 15)
[2025-05-23T07:13:41.456+0000][77][info ][gc,phases   ] GC(22)   Pre Evacuate Collection Set: 14.86ms
[2025-05-23T07:13:41.456+0000][77][info ][gc,phases   ] GC(22)   Merge Heap Roots: 3.08ms
[2025-05-23T07:13:41.457+0000][77][info ][gc,phases   ] GC(22)   Evacuate Collection Set: 114.13ms
[2025-05-23T07:13:41.457+0000][77][info ][gc,phases   ] GC(22)   Post Evacuate Collection Set: 13.18ms
[2025-05-23T07:13:41.458+0000][77][info ][gc,phases   ] GC(22)   Other: 6.98ms
[2025-05-23T07:13:41.458+0000][77][trace][gc,age      ] GC(22) Age table with threshold 15 (max threshold 15)
[2025-05-23T07:13:41.459+0000][77][trace][gc,age      ] GC(22) - age   1:    1669528 bytes,    1669528 total
[2025-05-23T07:13:41.459+0000][77][trace][gc,age      ] GC(22) - age   2:     110344 bytes,    1779872 total
[2025-05-23T07:13:41.460+0000][77][trace][gc,age      ] GC(22) - age   3:     134616 bytes,    1914488 total
[2025-05-23T07:13:41.460+0000][77][trace][gc,age      ] GC(22) - age   4:    1242176 bytes,    3156664 total
[2025-05-23T07:13:41.461+0000][77][trace][gc,age      ] GC(22) - age   5:     232704 bytes,    3389368 total
[2025-05-23T07:13:41.461+0000][77][trace][gc,age      ] GC(22) - age   6:      34256 bytes,    3423624 total
[2025-05-23T07:13:41.461+0000][77][trace][gc,age      ] GC(22) - age   7:     523288 bytes,    3946912 total
[2025-05-23T07:13:41.462+0000][77][trace][gc,age      ] GC(22) - age   8:    1898920 bytes,    5845832 total
[2025-05-23T07:13:41.462+0000][77][trace][gc,age      ] GC(22) - age   9:    4306360 bytes,   10152192 total
[2025-05-23T07:13:41.463+0000][77][info ][gc,heap     ] GC(22) Eden regions: 579->0(579)
[2025-05-23T07:13:41.463+0000][77][info ][gc,heap     ] GC(22) Survivor regions: 3->3(73)
[2025-05-23T07:13:41.464+0000][77][info ][gc,heap     ] GC(22) Old regions: 28->28
[2025-05-23T07:13:41.464+0000][77][info ][gc,heap     ] GC(22) Humongous regions: 0->0
[2025-05-23T07:13:41.465+0000][77][info ][gc,metaspace] GC(22) Metaspace: 148925K(152896K)->148925K(152896K) NonClass: 128842K(131008K)->128842K(131008K) Class: 20083K(21888K)->20083K(21888K)
[2025-05-23T07:13:41.466+0000][77][info ][gc          ] GC(22) Pause Young (Normal) (G1 Evacuation Pause) 2434M->118M(3880M) 164.813ms
[2025-05-23T07:13:41.466+0000][77][info ][gc,cpu      ] GC(22) User=1.03s Sys=0.00s Real=0.17s
[2025-05-23T07:13:41.467+0000][77][info ][safepoint   ] Safepoint "G1CollectForAllocation", Time since last: 166449655046 ns, Reaching safepoint: 211900 ns, Cleanup: 9049 ns, At safepoint: 168955775 ns, Total: 169176724 ns
[2025-05-23T07:13:53.289+0000][77][info ][safepoint   ] Safepoint "Cleanup", Time since last: 11822529560 ns, Reaching safepoint: 151338 ns, Cleanup: 13956 ns, At safepoint: 32485 ns, Total: 197779 ns
[2025-05-23T07:16:00.143+0000][77][info ][safepoint   ] Safepoint "Cleanup", Time since last: 126866862504 ns, Reaching safepoint: 21926 ns, Cleanup: 15806 ns, At safepoint: 12904 ns, Total: 50636 ns
[2025-05-23T07:17:02.260+0000][77][info ][safepoint   ] Safepoint "Cleanup", Time since last: 62122589461 ns, Reaching safepoint: 7971 ns, Cleanup: 10524 ns, At safepoint: 14320 ns, Total: 32815 ns
[2025-05-23T07:18:44.282+0000][77][info ][safepoint   ] Safepoint "Cleanup", Time since last: 102030325464 ns, Reaching safepoint: 76559 ns, Cleanup: 13992 ns, At safepoint: 25562 ns, Total: 116113 ns
[2025-05-23T07:19:18.015+0000][77][info ][safepoint   ] Safepoint "Cleanup", Time since last: 33735247129 ns, Reaching safepoint: 7373 ns, Cleanup: 10872 ns, At safepoint: 12630 ns, Total: 30875 ns
[2025-05-23T07:20:11.479+0000][77][info ][safepoint   ] Safepoint "Cleanup", Time since last: 53468818605 ns, Reaching safepoint: 115521 ns, Cleanup: 12338 ns, At safepoint: 39904 ns, Total: 167763 ns
[2025-05-23T07:22:00.265+0000][77][info ][safepoint   ] Safepoint "Cleanup", Time since last: 108796917048 ns, Reaching safepoint: 48216 ns, Cleanup: 18154 ns, At safepoint: 18125 ns, Total: 84495 ns
[2025-05-23T07:22:58.302+0000][77][info ][safepoint   ] Safepoint "Cleanup", Time since last: 58042024212 ns, Reaching safepoint: 43985 ns, Cleanup: 13833 ns, At safepoint: 10825 ns, Total: 68643 ns
[2025-05-23T07:24:02.318+0000][77][info ][safepoint   ] Safepoint "Cleanup", Time since last: 64182577545 ns, Reaching safepoint: 134265 ns, Cleanup: 40231 ns, At safepoint: 16170 ns, Total: 190666 ns
[2025-05-23T07:24:09.320+0000][77][info ][safepoint   ] Safepoint "Cleanup", Time since last: 7001778516 ns, Reaching safepoint: 29513 ns, Cleanup: 65191 ns, At safepoint: 11538 ns, Total: 106242 ns
[2025-05-23T07:24:24.478+0000][77][info ][safepoint   ] Safepoint "Cleanup", Time since last: 15157312977 ns, Reaching safepoint: 15536 ns, Cleanup: 13731 ns, At safepoint: 5052 ns, Total: 34319 ns
[2025-05-23T07:25:02.482+0000][77][info ][safepoint   ] Safepoint "Cleanup", Time since last: 37969180903 ns, Reaching safepoint: 31288 ns, Cleanup: 107078 ns, At safepoint: 26856 ns, Total: 165222 ns
[2025-05-23T07:28:35.757+0000][77][info ][safepoint   ] Safepoint "Cleanup", Time since last: 213294559910 ns, Reaching safepoint: 525499 ns, Cleanup: 144085 ns, At safepoint: 64220 ns, Total: 733804 ns
[2025-05-23T07:28:51.831+0000][77][info ][safepoint   ] Safepoint "Cleanup", Time since last: 16073251367 ns, Reaching safepoint: 33019 ns, Cleanup: 16053 ns, At safepoint: 17020 ns, Total: 66092 ns
[2025-05-23T07:29:38.884+0000][77][info ][safepoint   ] Safepoint "Cleanup", Time since last: 47059104532 ns, Reaching safepoint: 22446 ns, Cleanup: 16719 ns, At safepoint: 79593 ns, Total: 118758 ns
[2025-05-23T07:30:02.651+0000][77][info ][safepoint   ] Safepoint "Cleanup", Time since last: 23769165797 ns, Reaching safepoint: 34800 ns, Cleanup: 18692 ns, At safepoint: 21593 ns, Total: 75085 ns
[2025-05-23T07:33:10.846+0000][77][info ][safepoint   ] Safepoint "Cleanup", Time since last: 188212645409 ns, Reaching safepoint: 217512 ns, Cleanup: 77237 ns, At safepoint: 39749 ns, Total: 334498 ns
[2025-05-23T07:33:40.851+0000][77][info ][safepoint   ] Safepoint "Cleanup", Time since last: 30006997898 ns, Reaching safepoint: 48926 ns, Cleanup: 23127 ns, At safepoint: 20004 ns, Total: 92057 ns
[2025-05-23T07:34:18.274+0000][77][info ][safepoint   ] Safepoint "Cleanup", Time since last: 37426644966 ns, Reaching safepoint: 21815 ns, Cleanup: 14735 ns, At safepoint: 161226 ns, Total: 197776 ns
[2025-05-23T07:34:19.576+0000][77][info ][safepoint   ] Safepoint "Cleanup", Time since last: 1291089557 ns, Reaching safepoint: 10335024 ns, Cleanup: 21572 ns, At safepoint: 200558 ns, Total: 10557154 ns
[2025-05-23T07:34:40.579+0000][77][info ][safepoint   ] Safepoint "Cleanup", Time since last: 21004872781 ns, Reaching safepoint: 35843 ns, Cleanup: 17524 ns, At safepoint: 19029 ns, Total: 72396 ns
[2025-05-23T07:34:51.252+0000][77][info ][safepoint   ] Safepoint "Cleanup", Time since last: 10673444661 ns, Reaching safepoint: 75525 ns, Cleanup: 200706 ns, At safepoint: 84984 ns, Total: 361215 ns
[2025-05-23T07:35:37.004+0000][77][info ][safepoint   ] Safepoint "Cleanup", Time since last: 45756822208 ns, Reaching safepoint: 129063 ns, Cleanup: 218806 ns, At safepoint: 89828 ns, Total: 437697 ns
[2025-05-23T07:39:03.630+0000][77][info ][safepoint   ] Safepoint "Cleanup", Time since last: 206645752428 ns, Reaching safepoint: 144531 ns, Cleanup: 11291 ns, At safepoint: 49738 ns, Total: 205560 ns
[2025-05-23T07:40:03.180+0000][77][info ][safepoint   ] Safepoint "Cleanup", Time since last: 59550677352 ns, Reaching safepoint: 5811087 ns, Cleanup: 215678 ns, At safepoint: 125109 ns, Total: 6151874 ns
[2025-05-23T07:40:37.081+0000][77][info ][safepoint   ] Safepoint "Cleanup", Time since last: 33902777860 ns, Reaching safepoint: 37158 ns, Cleanup: 22027 ns, At safepoint: 21500 ns, Total: 80685 ns
[2025-05-23T07:41:16.147+0000][77][info ][safepoint   ] Safepoint "Cleanup", Time since last: 39068832351 ns, Reaching safepoint: 142883 ns, Cleanup: 59636 ns, At safepoint: 40994 ns, Total: 243513 ns
[2025-05-23T07:41:18.306+0000][77][info ][safepoint   ] Safepoint "Cleanup", Time since last: 2157692589 ns, Reaching safepoint: 346962 ns, Cleanup: 13235 ns, At safepoint: 330761 ns, Total: 690958 ns
[2025-05-23T07:41:20.208+0000][77][info ][safepoint   ] Safepoint "Cleanup", Time since last: 1902385341 ns, Reaching safepoint: 30962 ns, Cleanup: 19285 ns, At safepoint: 18624 ns, Total: 68871 ns
[2025-05-23T07:41:52.254+0000][77][info ][safepoint   ] Safepoint "Cleanup", Time since last: 32048437727 ns, Reaching safepoint: 15230 ns, Cleanup: 19547 ns, At safepoint: 23567 ns, Total: 58344 ns
[2025-05-23T07:41:53.264+0000][77][info ][safepoint   ] Safepoint "Cleanup", Time since last: 1010505586 ns, Reaching safepoint: 58306 ns, Cleanup: 15087 ns, At safepoint: 12445 ns, Total: 85838 ns
[2025-05-23T07:42:03.034+0000][77][info ][safepoint   ] Safepoint "Cleanup", Time since last: 9772482426 ns, Reaching safepoint: 21862 ns, Cleanup: 17621 ns, At safepoint: 10408 ns, Total: 49891 ns
[2025-05-23T07:42:14.369+0000][77][info ][safepoint   ] Safepoint "Cleanup", Time since last: 11334894416 ns, Reaching safepoint: 171109 ns, Cleanup: 15761 ns, At safepoint: 77815 ns, Total: 264685 ns
[2025-05-23T07:43:15.241+0000][77][info ][safepoint   ] Safepoint "Cleanup", Time since last: 60877931292 ns, Reaching safepoint: 21636 ns, Cleanup: 9773 ns, At safepoint: 15278 ns, Total: 46687 ns
[2025-05-23T07:43:16.415+0000][77][info ][safepoint   ] Safepoint "Cleanup", Time since last: 1173327716 ns, Reaching safepoint: 24123 ns, Cleanup: 14296 ns, At safepoint: 10209 ns, Total: 48628 ns
[2025-05-23T07:44:18.570+0000][77][info ][safepoint   ] Safepoint "Cleanup", Time since last: 62160888218 ns, Reaching safepoint: 14258 ns, Cleanup: 8363 ns, At safepoint: 13247 ns, Total: 35868 ns
[2025-05-23T07:44:19.601+0000][77][info ][safepoint   ] Safepoint "Cleanup", Time since last: 1030567880 ns, Reaching safepoint: 477132 ns, Cleanup: 14058 ns, At safepoint: 42671 ns, Total: 533861 ns
[2025-05-23T07:45:13.366+0000][77][info ][safepoint   ] Safepoint "Cleanup", Time since last: 53770942564 ns, Reaching safepoint: 69328 ns, Cleanup: 17100 ns, At safepoint: 33142 ns, Total: 119570 ns
[2025-05-23T07:46:38.696+0000][77][info ][safepoint   ] Safepoint "Cleanup", Time since last: 85337819816 ns, Reaching safepoint: 35585 ns, Cleanup: 19531 ns, At safepoint: 16751 ns, Total: 71867 ns
[2025-05-23T07:47:27.716+0000][77][info ][safepoint   ] Safepoint "Cleanup", Time since last: 49024570274 ns, Reaching safepoint: 147157 ns, Cleanup: 197531 ns, At safepoint: 105605 ns, Total: 450293 ns
[2025-05-23T07:48:30.228+0000][77][info ][safepoint   ] Safepoint "Cleanup", Time since last: 62517607675 ns, Reaching safepoint: 20507 ns, Cleanup: 15188 ns, At safepoint: 74988 ns, Total: 110683 ns
[2025-05-23T07:48:36.787+0000][77][info ][safepoint   ] Safepoint "Cleanup", Time since last: 6558674729 ns, Reaching safepoint: 36794 ns, Cleanup: 19307 ns, At safepoint: 19331 ns, Total: 75432 ns
[2025-05-23T07:48:40.788+0000][77][info ][safepoint   ] Safepoint "Cleanup", Time since last: 4001407383 ns, Reaching safepoint: 18691 ns, Cleanup: 13671 ns, At safepoint: 9297 ns, Total: 41659 ns
[2025-05-23T07:48:58.809+0000][77][info ][safepoint   ] Safepoint "Cleanup", Time since last: 18023894076 ns, Reaching safepoint: 29595 ns, Cleanup: 15869 ns, At safepoint: 16281 ns, Total: 61745 ns
[2025-05-23T07:50:02.552+0000][77][info ][safepoint   ] Safepoint "Cleanup", Time since last: 63748759101 ns, Reaching safepoint: 31547 ns, Cleanup: 31885 ns, At safepoint: 10941 ns, Total: 74373 ns
[2025-05-23T07:53:02.844+0000][77][info ][safepoint   ] Safepoint "Cleanup", Time since last: 180307654754 ns, Reaching safepoint: 128202 ns, Cleanup: 107210 ns, At safepoint: 57630 ns, Total: 293042 ns
[2025-05-23T07:54:02.256+0000][77][info ][safepoint   ] Safepoint "Cleanup", Time since last: 59418142249 ns, Reaching safepoint: 21227 ns, Cleanup: 83434 ns, At safepoint: 9841 ns, Total: 114502 ns
[2025-05-23T07:54:18.312+0000][77][info ][safepoint   ] Safepoint "Cleanup", Time since last: 16055515317 ns, Reaching safepoint: 22768 ns, Cleanup: 10925 ns, At safepoint: 14010 ns, Total: 47703 ns
[2025-05-23T07:54:46.416+0000][77][info ][safepoint   ] Safepoint "Cleanup", Time since last: 28104375758 ns, Reaching safepoint: 2274862 ns, Cleanup: 154451 ns, At safepoint: 173396 ns, Total: 2602709 ns
[2025-05-23T07:55:35.919+0000][77][info ][safepoint   ] Safepoint "Cleanup", Time since last: 49507928150 ns, Reaching safepoint: 37954 ns, Cleanup: 193751 ns, At safepoint: 38954 ns, Total: 270659 ns
[2025-05-23T07:55:48.286+0000][77][info ][safepoint   ] Safepoint "Cleanup", Time since last: 12367048860 ns, Reaching safepoint: 244701 ns, Cleanup: 31593 ns, At safepoint: 62912 ns, Total: 339206 ns
[2025-05-23T07:55:50.466+0000][77][info ][safepoint   ] Safepoint "Cleanup", Time since last: 2179224601 ns, Reaching safepoint: 97677 ns, Cleanup: 18793 ns, At safepoint: 11399 ns, Total: 127869 ns
[2025-05-23T08:00:00.532+0000][77][info ][gc,start    ] GC(23) Pause Young (Normal) (G1 Evacuation Pause)
[2025-05-23T08:00:00.540+0000][77][info ][gc,task     ] GC(23) Using 10 workers of 10 for evacuation
[2025-05-23T08:00:00.541+0000][77][debug][gc,age      ] GC(23) Desired survivor size 153092096 bytes, new threshold 15 (max threshold 15)
[2025-05-23T08:00:00.796+0000][77][info ][gc,mmu      ] GC(23) MMU target violated: 201.0ms (200.0ms/201.0ms)
[2025-05-23T08:00:00.797+0000][77][info ][gc,phases   ] GC(23)   Pre Evacuate Collection Set: 27.09ms
[2025-05-23T08:00:00.798+0000][77][info ][gc,phases   ] GC(23)   Merge Heap Roots: 6.23ms
[2025-05-23T08:00:00.798+0000][77][info ][gc,phases   ] GC(23)   Evacuate Collection Set: 198.50ms
[2025-05-23T08:00:00.798+0000][77][info ][gc,phases   ] GC(23)   Post Evacuate Collection Set: 18.79ms
[2025-05-23T08:00:00.799+0000][77][info ][gc,phases   ] GC(23)   Other: 9.43ms
[2025-05-23T08:00:00.799+0000][77][trace][gc,age      ] GC(23) Age table with threshold 15 (max threshold 15)
[2025-05-23T08:00:00.800+0000][77][trace][gc,age      ] GC(23) - age   1:    2228720 bytes,    2228720 total
[2025-05-23T08:00:00.800+0000][77][trace][gc,age      ] GC(23) - age   2:     280528 bytes,    2509248 total
[2025-05-23T08:00:00.801+0000][77][trace][gc,age      ] GC(23) - age   3:     107624 bytes,    2616872 total
[2025-05-23T08:00:00.801+0000][77][trace][gc,age      ] GC(23) - age   4:     133376 bytes,    2750248 total
[2025-05-23T08:00:00.802+0000][77][trace][gc,age      ] GC(23) - age   5:    1241560 bytes,    3991808 total
[2025-05-23T08:00:00.802+0000][77][trace][gc,age      ] GC(23) - age   6:     232664 bytes,    4224472 total
[2025-05-23T08:00:00.803+0000][77][trace][gc,age      ] GC(23) - age   7:      34256 bytes,    4258728 total
[2025-05-23T08:00:00.803+0000][77][trace][gc,age      ] GC(23) - age   8:     523128 bytes,    4781856 total
[2025-05-23T08:00:00.804+0000][77][trace][gc,age      ] GC(23) - age   9:    1898824 bytes,    6680680 total
[2025-05-23T08:00:00.805+0000][77][trace][gc,age      ] GC(23) - age  10:    4306240 bytes,   10986920 total
[2025-05-23T08:00:00.805+0000][77][info ][gc,heap     ] GC(23) Eden regions: 579->0(579)
[2025-05-23T08:00:00.806+0000][77][info ][gc,heap     ] GC(23) Survivor regions: 3->3(73)
[2025-05-23T08:00:00.807+0000][77][info ][gc,heap     ] GC(23) Old regions: 28->28
[2025-05-23T08:00:00.808+0000][77][info ][gc,heap     ] GC(23) Humongous regions: 0->0
[2025-05-23T08:00:00.809+0000][77][info ][gc,metaspace] GC(23) Metaspace: 148971K(152960K)->148971K(152960K) NonClass: 128887K(131072K)->128887K(131072K) Class: 20083K(21888K)->20083K(21888K)
[2025-05-23T08:00:00.810+0000][77][info ][gc          ] GC(23) Pause Young (Normal) (G1 Evacuation Pause) 2434M->119M(3880M) 277.667ms
[2025-05-23T08:00:00.810+0000][77][info ][gc,cpu      ] GC(23) User=1.77s Sys=0.00s Real=0.28s
[2025-05-23T08:00:00.811+0000][77][info ][safepoint   ] Safepoint "G1CollectForAllocation", Time since last: 250084371859 ns, Reaching safepoint: 69765 ns, Cleanup: 45044 ns, At safepoint: 286968328 ns, Total: 287083137 ns
[2025-05-23T08:00:01.874+0000][77][info ][safepoint   ] Safepoint "Cleanup", Time since last: 1062204521 ns, Reaching safepoint: 355215 ns, Cleanup: 20851 ns, At safepoint: 121865 ns, Total: 497931 ns
[2025-05-23T08:00:02.892+0000][77][info ][safepoint   ] Safepoint "Cleanup", Time since last: 1018516354 ns, Reaching safepoint: 24169 ns, Cleanup: 14826 ns, At safepoint: 42255 ns, Total: 81250 ns
[2025-05-23T08:01:03.329+0000][77][info ][safepoint   ] Safepoint "Cleanup", Time since last: 60442025874 ns, Reaching safepoint: 443065 ns, Cleanup: 30016 ns, At safepoint: 60103 ns, Total: 533184 ns
[2025-05-23T08:02:06.405+0000][77][info ][safepoint   ] Safepoint "Cleanup", Time since last: 63080420142 ns, Reaching safepoint: 113416 ns, Cleanup: 9761 ns, At safepoint: 27844 ns, Total: 151021 ns
[2025-05-23T08:03:09.360+0000][77][info ][safepoint   ] Safepoint "Cleanup", Time since last: 62961810092 ns, Reaching safepoint: 317873 ns, Cleanup: 18566 ns, At safepoint: 91819 ns, Total: 428258 ns
[2025-05-23T08:03:11.072+0000][77][info ][safepoint   ] Safepoint "Cleanup", Time since last: 1711284488 ns, Reaching safepoint: 28848 ns, Cleanup: 22223 ns, At safepoint: 14089 ns, Total: 65160 ns
[2025-05-23T08:04:13.096+0000][77][info ][safepoint   ] Safepoint "Cleanup", Time since last: 62030092374 ns, Reaching safepoint: 374127 ns, Cleanup: 76850 ns, At safepoint: 55655 ns, Total: 506632 ns
[2025-05-23T08:04:18.395+0000][77][info ][safepoint   ] Safepoint "Cleanup", Time since last: 5298663722 ns, Reaching safepoint: 209485 ns, Cleanup: 19758 ns, At safepoint: 139370 ns, Total: 368613 ns
[2025-05-23T08:04:54.149+0000][77][info ][safepoint   ] Safepoint "Cleanup", Time since last: 35753429113 ns, Reaching safepoint: 1829417 ns, Cleanup: 305329 ns, At safepoint: 120181 ns, Total: 2254927 ns
[2025-05-23T08:05:37.168+0000][77][info ][safepoint   ] Safepoint "Cleanup", Time since last: 43025829203 ns, Reaching safepoint: 41095 ns, Cleanup: 112038 ns, At safepoint: 35942 ns, Total: 189075 ns
[2025-05-23T08:06:02.510+0000][77][info ][safepoint   ] Safepoint "Cleanup", Time since last: 25344171497 ns, Reaching safepoint: 266878 ns, Cleanup: 38196 ns, At safepoint: 26798 ns, Total: 331872 ns
[2025-05-23T08:06:19.189+0000][77][info ][safepoint   ] Safepoint "Cleanup", Time since last: 16678663415 ns, Reaching safepoint: 124659 ns, Cleanup: 12365 ns, At safepoint: 30288 ns, Total: 167312 ns
[2025-05-23T08:06:29.214+0000][77][info ][safepoint   ] Safepoint "Cleanup", Time since last: 10027933073 ns, Reaching safepoint: 62355 ns, Cleanup: 22880 ns, At safepoint: 21339 ns, Total: 106574 ns
[2025-05-23T08:07:04.537+0000][77][info ][safepoint   ] Safepoint "Cleanup", Time since last: 35325081164 ns, Reaching safepoint: 169849 ns, Cleanup: 19453 ns, At safepoint: 41937 ns, Total: 231239 ns
[2025-05-23T08:08:24.874+0000][77][info ][safepoint   ] Safepoint "Cleanup", Time since last: 80345771527 ns, Reaching safepoint: 25594 ns, Cleanup: 21996 ns, At safepoint: 3944 ns, Total: 51534 ns
[2025-05-23T08:09:27.323+0000][77][info ][safepoint   ] Safepoint "Cleanup", Time since last: 62452181255 ns, Reaching safepoint: 20871 ns, Cleanup: 13853 ns, At safepoint: 15584 ns, Total: 50308 ns
[2025-05-23T08:10:37.119+0000][77][info ][safepoint   ] Safepoint "Cleanup", Time since last: 69803170938 ns, Reaching safepoint: 776354 ns, Cleanup: 382473 ns, At safepoint: 213182 ns, Total: 1372009 ns
[2025-05-23T08:11:13.852+0000][77][info ][safepoint   ] Safepoint "Cleanup", Time since last: 36736469230 ns, Reaching safepoint: 172636 ns, Cleanup: 18143 ns, At safepoint: 19972 ns, Total: 210751 ns
[2025-05-23T08:11:36.175+0000][77][info ][safepoint   ] Safepoint "Cleanup", Time since last: 22325416852 ns, Reaching safepoint: 29827 ns, Cleanup: 15600 ns, At safepoint: 17659 ns, Total: 63086 ns
[2025-05-23T08:11:44.178+0000][77][info ][safepoint   ] Safepoint "Cleanup", Time since last: 8002333106 ns, Reaching safepoint: 71378 ns, Cleanup: 16586 ns, At safepoint: 31477 ns, Total: 119441 ns
[2025-05-23T08:13:02.929+0000][77][info ][safepoint   ] Safepoint "Cleanup", Time since last: 78760353697 ns, Reaching safepoint: 36110 ns, Cleanup: 252998 ns, At safepoint: 36106 ns, Total: 325214 ns
[2025-05-23T08:14:16.442+0000][77][info ][safepoint   ] Safepoint "Cleanup", Time since last: 73519249514 ns, Reaching safepoint: 31316 ns, Cleanup: 9876 ns, At safepoint: 13344 ns, Total: 54536 ns
[2025-05-23T08:14:20.453+0000][77][info ][safepoint   ] Safepoint "Cleanup", Time since last: 4010853941 ns, Reaching safepoint: 35655 ns, Cleanup: 17048 ns, At safepoint: 17927 ns, Total: 70630 ns
[2025-05-23T08:15:03.002+0000][77][info ][safepoint   ] Safepoint "Cleanup", Time since last: 42556703368 ns, Reaching safepoint: 78101 ns, Cleanup: 19309 ns, At safepoint: 14803 ns, Total: 112213 ns
[2025-05-23T08:16:12.063+0000][77][info ][safepoint   ] Safepoint "Cleanup", Time since last: 69068965395 ns, Reaching safepoint: 29004 ns, Cleanup: 14100 ns, At safepoint: 8687 ns, Total: 51791 ns
[2025-05-23T08:19:49.331+0000][77][info ][safepoint   ] Safepoint "Cleanup", Time since last: 217294529854 ns, Reaching safepoint: 297158 ns, Cleanup: 123647 ns, At safepoint: 56844 ns, Total: 477649 ns
[2025-05-23T08:20:04.263+0000][77][info ][safepoint   ] Safepoint "Cleanup", Time since last: 14935115747 ns, Reaching safepoint: 111885 ns, Cleanup: 17926 ns, At safepoint: 20124 ns, Total: 149935 ns
[2025-05-23T08:20:06.264+0000][77][info ][safepoint   ] Safepoint "Cleanup", Time since last: 2001324761 ns, Reaching safepoint: 34055 ns, Cleanup: 19557 ns, At safepoint: 22571 ns, Total: 76183 ns
[2025-05-23T08:27:15.509+0000][77][info ][safepoint   ] Safepoint "Cleanup", Time since last: 429293944802 ns, Reaching safepoint: 2300289 ns, Cleanup: 442533 ns, At safepoint: 419888 ns, Total: 3162710 ns
[2025-05-23T08:27:16.713+0000][77][info ][safepoint   ] Safepoint "Cleanup", Time since last: 1203770240 ns, Reaching safepoint: 63902 ns, Cleanup: 19454 ns, At safepoint: 136877 ns, Total: 220233 ns
[2025-05-23T08:28:21.770+0000][77][info ][safepoint   ] Safepoint "Cleanup", Time since last: 65063807711 ns, Reaching safepoint: 25387 ns, Cleanup: 16417 ns, At safepoint: 70404 ns, Total: 112208 ns
[2025-05-23T08:29:02.723+0000][77][info ][safepoint   ] Safepoint "Cleanup", Time since last: 40959998219 ns, Reaching safepoint: 32959 ns, Cleanup: 25959 ns, At safepoint: 17652 ns, Total: 76570 ns
[2025-05-23T08:32:33.279+0000][77][info ][safepoint   ] Safepoint "Cleanup", Time since last: 210577111396 ns, Reaching safepoint: 805718 ns, Cleanup: 48399 ns, At safepoint: 121725 ns, Total: 975842 ns
[2025-05-23T08:32:34.989+0000][77][info ][safepoint   ] Safepoint "Cleanup", Time since last: 1710351844 ns, Reaching safepoint: 26525 ns, Cleanup: 14926 ns, At safepoint: 12938 ns, Total: 54389 ns
[2025-05-23T08:34:28.072+0000][77][info ][safepoint   ] Safepoint "Cleanup", Time since last: 113095152590 ns, Reaching safepoint: 66269 ns, Cleanup: 15838 ns, At safepoint: 25247 ns, Total: 107354 ns
[2025-05-23T08:34:49.708+0000][77][info ][safepoint   ] Safepoint "Cleanup", Time since last: 21636258187 ns, Reaching safepoint: 26533 ns, Cleanup: 14961 ns, At safepoint: 12128 ns, Total: 53622 ns
[2025-05-23T08:37:01.927+0000][77][info ][safepoint   ] Safepoint "Cleanup", Time since last: 132233152489 ns, Reaching safepoint: 62432 ns, Cleanup: 15358 ns, At safepoint: 15040 ns, Total: 92830 ns
[2025-05-23T08:37:36.929+0000][77][info ][safepoint   ] Safepoint "Cleanup", Time since last: 35005013241 ns, Reaching safepoint: 62392 ns, Cleanup: 16755 ns, At safepoint: 14262 ns, Total: 93409 ns
[2025-05-23T08:37:38.930+0000][77][info ][safepoint   ] Safepoint "Cleanup", Time since last: 2000815948 ns, Reaching safepoint: 28303 ns, Cleanup: 15713 ns, At safepoint: 12915 ns, Total: 56931 ns
[2025-05-23T08:39:01.979+0000][77][info ][safepoint   ] Safepoint "Cleanup", Time since last: 83057403400 ns, Reaching safepoint: 27864 ns, Cleanup: 14996 ns, At safepoint: 12936 ns, Total: 55796 ns
[2025-05-23T08:40:02.003+0000][77][info ][safepoint   ] Safepoint "Cleanup", Time since last: 60030470002 ns, Reaching safepoint: 34198 ns, Cleanup: 19703 ns, At safepoint: 20070 ns, Total: 73971 ns
[2025-05-23T08:41:18.334+0000][77][info ][safepoint   ] Safepoint "Cleanup", Time since last: 76335639244 ns, Reaching safepoint: 14358 ns, Cleanup: 12955 ns, At safepoint: 5958 ns, Total: 33271 ns
[2025-05-23T08:41:19.586+0000][77][info ][safepoint   ] Safepoint "Cleanup", Time since last: 1252088821 ns, Reaching safepoint: 19354 ns, Cleanup: 17159 ns, At safepoint: 9133 ns, Total: 45646 ns
[2025-05-23T08:41:24.973+0000][77][info ][safepoint   ] Safepoint "Cleanup", Time since last: 5387731968 ns, Reaching safepoint: 28365 ns, Cleanup: 16365 ns, At safepoint: 12275 ns, Total: 57005 ns
[2025-05-23T08:41:28.726+0000][77][info ][safepoint   ] Safepoint "Cleanup", Time since last: 3754877953 ns, Reaching safepoint: 102835 ns, Cleanup: 9610 ns, At safepoint: 37462 ns, Total: 149907 ns
[2025-05-23T08:41:54.760+0000][77][info ][safepoint   ] Safepoint "Cleanup", Time since last: 26034302701 ns, Reaching safepoint: 29595 ns, Cleanup: 13777 ns, At safepoint: 21967 ns, Total: 65339 ns
[2025-05-23T08:41:55.795+0000][77][info ][safepoint   ] Safepoint "Cleanup", Time since last: 1035322635 ns, Reaching safepoint: 19111 ns, Cleanup: 13770 ns, At safepoint: 20792 ns, Total: 53673 ns
[2025-05-23T08:42:00.241+0000][77][info ][safepoint   ] Safepoint "Cleanup", Time since last: 4448780913 ns, Reaching safepoint: 17490 ns, Cleanup: 13299 ns, At safepoint: 4951 ns, Total: 35740 ns
[2025-05-23T08:42:01.843+0000][77][info ][safepoint   ] Safepoint "Cleanup", Time since last: 1602254599 ns, Reaching safepoint: 15728 ns, Cleanup: 19091 ns, At safepoint: 5815 ns, Total: 40634 ns
[2025-05-23T08:44:57.219+0000][77][info ][gc,start    ] GC(24) Pause Young (Normal) (G1 Evacuation Pause)
[2025-05-23T08:44:57.223+0000][77][info ][gc,task     ] GC(24) Using 10 workers of 10 for evacuation
[2025-05-23T08:44:57.224+0000][77][debug][gc,age      ] GC(24) Desired survivor size 153092096 bytes, new threshold 15 (max threshold 15)
[2025-05-23T08:44:57.334+0000][77][info ][gc,phases   ] GC(24)   Pre Evacuate Collection Set: 7.20ms
[2025-05-23T08:44:57.335+0000][77][info ][gc,phases   ] GC(24)   Merge Heap Roots: 2.66ms
[2025-05-23T08:44:57.335+0000][77][info ][gc,phases   ] GC(24)   Evacuate Collection Set: 85.53ms
[2025-05-23T08:44:57.336+0000][77][info ][gc,phases   ] GC(24)   Post Evacuate Collection Set: 12.09ms
[2025-05-23T08:44:57.336+0000][77][info ][gc,phases   ] GC(24)   Other: 5.41ms
[2025-05-23T08:44:57.337+0000][77][trace][gc,age      ] GC(24) Age table with threshold 15 (max threshold 15)
[2025-05-23T08:44:57.337+0000][77][trace][gc,age      ] GC(24) - age   1:    1870528 bytes,    1870528 total
[2025-05-23T08:44:57.337+0000][77][trace][gc,age      ] GC(24) - age   2:     225256 bytes,    2095784 total
[2025-05-23T08:44:57.338+0000][77][trace][gc,age      ] GC(24) - age   3:     214080 bytes,    2309864 total
[2025-05-23T08:44:57.338+0000][77][trace][gc,age      ] GC(24) - age   4:     107008 bytes,    2416872 total
[2025-05-23T08:44:57.338+0000][77][trace][gc,age      ] GC(24) - age   5:     133336 bytes,    2550208 total
[2025-05-23T08:44:57.338+0000][77][trace][gc,age      ] GC(24) - age   6:    1241344 bytes,    3791552 total
[2025-05-23T08:44:57.339+0000][77][trace][gc,age      ] GC(24) - age   7:     232624 bytes,    4024176 total
[2025-05-23T08:44:57.339+0000][77][trace][gc,age      ] GC(24) - age   8:      34256 bytes,    4058432 total
[2025-05-23T08:44:57.339+0000][77][trace][gc,age      ] GC(24) - age   9:     523128 bytes,    4581560 total
[2025-05-23T08:44:57.339+0000][77][trace][gc,age      ] GC(24) - age  10:    1898232 bytes,    6479792 total
[2025-05-23T08:44:57.340+0000][77][trace][gc,age      ] GC(24) - age  11:    4303992 bytes,   10783784 total
[2025-05-23T08:44:57.340+0000][77][info ][gc,heap     ] GC(24) Eden regions: 579->0(579)
[2025-05-23T08:44:57.340+0000][77][info ][gc,heap     ] GC(24) Survivor regions: 3->3(73)
[2025-05-23T08:44:57.341+0000][77][info ][gc,heap     ] GC(24) Old regions: 28->28
[2025-05-23T08:44:57.341+0000][77][info ][gc,heap     ] GC(24) Humongous regions: 0->0
[2025-05-23T08:44:57.341+0000][77][info ][gc,metaspace] GC(24) Metaspace: 149078K(153024K)->149078K(153024K) NonClass: 128995K(131136K)->128995K(131136K) Class: 20083K(21888K)->20083K(21888K)
[2025-05-23T08:44:57.342+0000][77][info ][gc          ] GC(24) Pause Young (Normal) (G1 Evacuation Pause) 2435M->119M(3880M) 123.315ms
[2025-05-23T08:44:57.342+0000][77][info ][gc,cpu      ] GC(24) User=0.73s Sys=0.00s Real=0.13s
[2025-05-23T08:44:57.343+0000][77][info ][safepoint   ] Safepoint "G1CollectForAllocation", Time since last: 175386798281 ns, Reaching safepoint: 26843 ns, Cleanup: 7956 ns, At safepoint: 125706832 ns, Total: 125741631 ns
[2025-05-23T08:45:09.424+0000][77][info ][safepoint   ] Safepoint "Cleanup", Time since last: 12084608672 ns, Reaching safepoint: 13717 ns, Cleanup: 11743 ns, At safepoint: 19324 ns, Total: 44784 ns
[2025-05-23T08:51:32.826+0000][77][info ][safepoint   ] Safepoint "Cleanup", Time since last: 383435211532 ns, Reaching safepoint: 176171 ns, Cleanup: 21234 ns, At safepoint: 21590 ns, Total: 218995 ns
[2025-05-23T08:53:04.432+0000][77][info ][safepoint   ] Safepoint "Cleanup", Time since last: 91613074118 ns, Reaching safepoint: 32317 ns, Cleanup: 16774 ns, At safepoint: 17786 ns, Total: 66877 ns
[2025-05-23T08:54:02.472+0000][77][info ][safepoint   ] Safepoint "Cleanup", Time since last: 58044730088 ns, Reaching safepoint: 32467 ns, Cleanup: 313654 ns, At safepoint: 48031 ns, Total: 394152 ns
[2025-05-23T08:54:30.935+0000][77][info ][safepoint   ] Safepoint "Cleanup", Time since last: 28465276488 ns, Reaching safepoint: 106076 ns, Cleanup: 13659 ns, At safepoint: 64878 ns, Total: 184613 ns
[2025-05-23T08:57:02.590+0000][77][info ][safepoint   ] Safepoint "Cleanup", Time since last: 151668278199 ns, Reaching safepoint: 34351 ns, Cleanup: 17197 ns, At safepoint: 18044 ns, Total: 69592 ns
[2025-05-23T08:57:45.278+0000][77][info ][safepoint   ] Safepoint "Cleanup", Time since last: 42690679198 ns, Reaching safepoint: 20192 ns, Cleanup: 36831 ns, At safepoint: 20636 ns, Total: 77659 ns
[2025-05-23T08:57:47.183+0000][77][info ][safepoint   ] Safepoint "Cleanup", Time since last: 1905054769 ns, Reaching safepoint: 19838 ns, Cleanup: 18000 ns, At safepoint: 13028 ns, Total: 50866 ns
[2025-05-23T08:58:02.631+0000][77][info ][safepoint   ] Safepoint "Cleanup", Time since last: 15449999929 ns, Reaching safepoint: 64088 ns, Cleanup: 17700 ns, At safepoint: 14103 ns, Total: 95891 ns
[2025-05-23T09:03:03.511+0000][77][info ][safepoint   ] Safepoint "Cleanup", Time since last: 300904982091 ns, Reaching safepoint: 33864 ns, Cleanup: 18143 ns, At safepoint: 18044 ns, Total: 70051 ns
[2025-05-23T09:04:42.193+0000][77][info ][safepoint   ] Safepoint "Cleanup", Time since last: 98689446581 ns, Reaching safepoint: 9274 ns, Cleanup: 9391 ns, At safepoint: 13561 ns, Total: 32226 ns
[2025-05-23T09:05:01.932+0000][77][info ][safepoint   ] Safepoint "Cleanup", Time since last: 19741023120 ns, Reaching safepoint: 33883 ns, Cleanup: 17910 ns, At safepoint: 12397 ns, Total: 64190 ns
[2025-05-23T09:06:07.974+0000][77][info ][safepoint   ] Safepoint "Cleanup", Time since last: 66046951560 ns, Reaching safepoint: 37349 ns, Cleanup: 19234 ns, At safepoint: 20306 ns, Total: 76889 ns
[2025-05-23T09:07:44.789+0000][77][info ][safepoint   ] Safepoint "Cleanup", Time since last: 96822820975 ns, Reaching safepoint: 76265 ns, Cleanup: 18126 ns, At safepoint: 32607 ns, Total: 126998 ns
[2025-05-23T09:07:53.794+0000][77][info ][safepoint   ] Safepoint "Cleanup", Time since last: 9004530289 ns, Reaching safepoint: 29951 ns, Cleanup: 16127 ns, At safepoint: 16233 ns, Total: 62311 ns
[2025-05-23T09:12:24.383+0000][77][info ][safepoint   ] Safepoint "Cleanup", Time since last: 270611136495 ns, Reaching safepoint: 102914 ns, Cleanup: 349860 ns, At safepoint: 117416 ns, Total: 570190 ns
[2025-05-23T09:15:49.123+0000][77][info ][safepoint   ] Safepoint "Cleanup", Time since last: 204758765606 ns, Reaching safepoint: 101318 ns, Cleanup: 328584 ns, At safepoint: 39223 ns, Total: 469125 ns
[2025-05-23T09:17:37.694+0000][77][info ][safepoint   ] Safepoint "Cleanup", Time since last: 108575776599 ns, Reaching safepoint: 5627680 ns, Cleanup: 27029 ns, At safepoint: 255260 ns, Total: 5909969 ns
[2025-05-23T09:19:44.266+0000][77][info ][safepoint   ] Safepoint "Cleanup", Time since last: 126582107351 ns, Reaching safepoint: 16399 ns, Cleanup: 11054 ns, At safepoint: 17134 ns, Total: 44587 ns
[2025-05-23T09:20:19.721+0000][77][info ][safepoint   ] Safepoint "Cleanup", Time since last: 35458135889 ns, Reaching safepoint: 81568 ns, Cleanup: 19206 ns, At safepoint: 19288 ns, Total: 120062 ns
[2025-05-23T09:20:20.723+0000][77][info ][safepoint   ] Safepoint "Cleanup", Time since last: 1001476244 ns, Reaching safepoint: 36276 ns, Cleanup: 21023 ns, At safepoint: 13739 ns, Total: 71038 ns
[2025-05-23T09:20:24.165+0000][77][info ][safepoint   ] Safepoint "Cleanup", Time since last: 3442243032 ns, Reaching safepoint: 39489 ns, Cleanup: 23165 ns, At safepoint: 21899 ns, Total: 84553 ns
[2025-05-23T09:20:37.259+0000][77][info ][safepoint   ] Safepoint "Cleanup", Time since last: 13096458794 ns, Reaching safepoint: 36480 ns, Cleanup: 19975 ns, At safepoint: 23408 ns, Total: 79863 ns
[2025-05-23T09:20:46.675+0000][77][info ][safepoint   ] Safepoint "Cleanup", Time since last: 9415689418 ns, Reaching safepoint: 20680 ns, Cleanup: 13542 ns, At safepoint: 22472 ns, Total: 56694 ns
[2025-05-23T09:20:48.488+0000][77][info ][safepoint   ] Safepoint "Cleanup", Time since last: 1813284687 ns, Reaching safepoint: 172492 ns, Cleanup: 22929 ns, At safepoint: 56700 ns, Total: 252121 ns
[2025-05-23T09:22:01.789+0000][77][info ][safepoint   ] Safepoint "Cleanup", Time since last: 73308679777 ns, Reaching safepoint: 38751 ns, Cleanup: 20424 ns, At safepoint: 19513 ns, Total: 78688 ns
[2025-05-23T09:22:14.792+0000][77][info ][safepoint   ] Safepoint "Cleanup", Time since last: 13002812009 ns, Reaching safepoint: 62640 ns, Cleanup: 217961 ns, At safepoint: 62359 ns, Total: 342960 ns
[2025-05-23T09:22:59.612+0000][77][info ][safepoint   ] Safepoint "Cleanup", Time since last: 44824252010 ns, Reaching safepoint: 32564 ns, Cleanup: 16337 ns, At safepoint: 12816 ns, Total: 61717 ns
[2025-05-23T09:23:56.635+0000][77][info ][safepoint   ] Safepoint "Cleanup", Time since last: 57025719808 ns, Reaching safepoint: 8910 ns, Cleanup: 12174 ns, At safepoint: 4691 ns, Total: 25775 ns
[2025-05-23T09:24:01.858+0000][77][info ][safepoint   ] Safepoint "Cleanup", Time since last: 5225358596 ns, Reaching safepoint: 38119 ns, Cleanup: 20420 ns, At safepoint: 19660 ns, Total: 78199 ns
[2025-05-23T09:24:58.956+0000][77][info ][safepoint   ] Safepoint "Cleanup", Time since last: 57103507301 ns, Reaching safepoint: 19191 ns, Cleanup: 22200 ns, At safepoint: 73096 ns, Total: 114487 ns
[2025-05-23T09:25:37.063+0000][77][info ][safepoint   ] Safepoint "Cleanup", Time since last: 38109711361 ns, Reaching safepoint: 37714 ns, Cleanup: 18900 ns, At safepoint: 20391 ns, Total: 77005 ns
[2025-05-23T09:25:59.924+0000][77][info ][safepoint   ] Safepoint "Cleanup", Time since last: 22863181196 ns, Reaching safepoint: 40201 ns, Cleanup: 12434 ns, At safepoint: 3934 ns, Total: 56569 ns
[2025-05-23T09:26:53.998+0000][77][info ][safepoint   ] Safepoint "Cleanup", Time since last: 54076258786 ns, Reaching safepoint: 620419 ns, Cleanup: 20224 ns, At safepoint: 111635 ns, Total: 752278 ns
[2025-05-23T09:27:04.672+0000][77][info ][safepoint   ] Safepoint "Cleanup", Time since last: 10675858867 ns, Reaching safepoint: 206903 ns, Cleanup: 20562 ns, At safepoint: 171861 ns, Total: 399326 ns
[2025-05-23T09:30:13.988+0000][77][info ][safepoint   ] Safepoint "Cleanup", Time since last: 189332241667 ns, Reaching safepoint: 18951 ns, Cleanup: 15768 ns, At safepoint: 73219 ns, Total: 107938 ns
[2025-05-23T09:30:37.775+0000][77][info ][safepoint   ] Safepoint "Cleanup", Time since last: 23788678661 ns, Reaching safepoint: 39964 ns, Cleanup: 19129 ns, At safepoint: 22148 ns, Total: 81241 ns
[2025-05-23T09:31:00.096+0000][77][info ][safepoint   ] Safepoint "Cleanup", Time since last: 22323693922 ns, Reaching safepoint: 52213 ns, Cleanup: 16509 ns, At safepoint: 7675 ns, Total: 76397 ns
[2025-05-23T09:32:38.233+0000][77][info ][gc,start    ] GC(25) Pause Young (Normal) (G1 Evacuation Pause)
[2025-05-23T09:32:38.237+0000][77][info ][gc,task     ] GC(25) Using 10 workers of 10 for evacuation
[2025-05-23T09:32:38.238+0000][77][debug][gc,age      ] GC(25) Desired survivor size 153092096 bytes, new threshold 15 (max threshold 15)
[2025-05-23T09:32:38.468+0000][77][info ][gc,mmu      ] GC(25) MMU target violated: 201.0ms (200.0ms/201.0ms)
[2025-05-23T09:32:38.469+0000][77][info ][gc,phases   ] GC(25)   Pre Evacuate Collection Set: 18.61ms
[2025-05-23T09:32:38.469+0000][77][info ][gc,phases   ] GC(25)   Merge Heap Roots: 5.22ms
[2025-05-23T09:32:38.470+0000][77][info ][gc,phases   ] GC(25)   Evacuate Collection Set: 178.31ms
[2025-05-23T09:32:38.471+0000][77][info ][gc,phases   ] GC(25)   Post Evacuate Collection Set: 23.31ms
[2025-05-23T09:32:38.472+0000][77][info ][gc,phases   ] GC(25)   Other: 7.52ms
[2025-05-23T09:32:38.473+0000][77][trace][gc,age      ] GC(25) Age table with threshold 15 (max threshold 15)
[2025-05-23T09:32:38.474+0000][77][trace][gc,age      ] GC(25) - age   1:     877808 bytes,     877808 total
[2025-05-23T09:32:38.475+0000][77][trace][gc,age      ] GC(25) - age   2:     507624 bytes,    1385432 total
[2025-05-23T09:32:38.481+0000][77][trace][gc,age      ] GC(25) - age   3:     141792 bytes,    1527224 total
[2025-05-23T09:32:38.483+0000][77][trace][gc,age      ] GC(25) - age   4:     213904 bytes,    1741128 total
[2025-05-23T09:32:38.484+0000][77][trace][gc,age      ] GC(25) - age   5:     106528 bytes,    1847656 total
[2025-05-23T09:32:38.484+0000][77][trace][gc,age      ] GC(25) - age   6:     133336 bytes,    1980992 total
[2025-05-23T09:32:38.485+0000][77][trace][gc,age      ] GC(25) - age   7:    1241168 bytes,    3222160 total
[2025-05-23T09:32:38.485+0000][77][trace][gc,age      ] GC(25) - age   8:     232624 bytes,    3454784 total
[2025-05-23T09:32:38.486+0000][77][trace][gc,age      ] GC(25) - age   9:      34256 bytes,    3489040 total
[2025-05-23T09:32:38.486+0000][77][trace][gc,age      ] GC(25) - age  10:     522928 bytes,    4011968 total
[2025-05-23T09:32:38.487+0000][77][trace][gc,age      ] GC(25) - age  11:    1898232 bytes,    5910200 total
[2025-05-23T09:32:38.487+0000][77][trace][gc,age      ] GC(25) - age  12:    4303992 bytes,   10214192 total
[2025-05-23T09:32:38.488+0000][77][info ][gc,heap     ] GC(25) Eden regions: 579->0(579)
[2025-05-23T09:32:38.488+0000][77][info ][gc,heap     ] GC(25) Survivor regions: 3->3(73)
[2025-05-23T09:32:38.489+0000][77][info ][gc,heap     ] GC(25) Old regions: 28->28
[2025-05-23T09:32:38.489+0000][77][info ][gc,heap     ] GC(25) Humongous regions: 0->0
[2025-05-23T09:32:38.490+0000][77][info ][gc,metaspace] GC(25) Metaspace: 149131K(153088K)->149131K(153088K) NonClass: 129048K(131200K)->129048K(131200K) Class: 20083K(21888K)->20083K(21888K)
[2025-05-23T09:32:38.490+0000][77][info ][gc          ] GC(25) Pause Young (Normal) (G1 Evacuation Pause) 2435M->119M(3880M) 257.446ms
[2025-05-23T09:32:38.491+0000][77][info ][gc,cpu      ] GC(25) User=1.55s Sys=0.00s Real=0.26s
[2025-05-23T09:32:38.492+0000][77][info ][safepoint   ] Safepoint "G1CollectForAllocation", Time since last: 98140883405 ns, Reaching safepoint: 84250 ns, Cleanup: 8090 ns, At safepoint: 262834447 ns, Total: 262926787 ns
[2025-05-23T09:32:40.492+0000][77][info ][safepoint   ] Safepoint "Cleanup", Time since last: 2000734560 ns, Reaching safepoint: 39396 ns, Cleanup: 21412 ns, At safepoint: 99550 ns, Total: 160358 ns
[2025-05-23T09:34:53.714+0000][77][info ][safepoint   ] Safepoint "Cleanup", Time since last: 133231464521 ns, Reaching safepoint: 74176 ns, Cleanup: 21621 ns, At safepoint: 11951 ns, Total: 107748 ns
[2025-05-23T09:35:10.236+0000][77][info ][safepoint   ] Safepoint "Cleanup", Time since last: 16524871561 ns, Reaching safepoint: 51858 ns, Cleanup: 17041 ns, At safepoint: 12980 ns, Total: 81879 ns
[2025-05-23T09:35:30.933+0000][77][info ][safepoint   ] Safepoint "Cleanup", Time since last: 20699319753 ns, Reaching safepoint: 46285 ns, Cleanup: 29311 ns, At safepoint: 24924 ns, Total: 100520 ns
[2025-05-23T09:38:02.337+0000][77][info ][safepoint   ] Safepoint "Cleanup", Time since last: 151417020258 ns, Reaching safepoint: 37374 ns, Cleanup: 21962 ns, At safepoint: 12078 ns, Total: 71414 ns
[2025-05-23T09:39:02.370+0000][77][info ][safepoint   ] Safepoint "Cleanup", Time since last: 60038470060 ns, Reaching safepoint: 37549 ns, Cleanup: 18728 ns, At safepoint: 19470 ns, Total: 75747 ns
[2025-05-23T09:39:30.373+0000][77][info ][safepoint   ] Safepoint "Cleanup", Time since last: 28004943711 ns, Reaching safepoint: 146290 ns, Cleanup: 19292 ns, At safepoint: 38066 ns, Total: 203648 ns
[2025-05-23T09:39:40.666+0000][77][info ][safepoint   ] Safepoint "Cleanup", Time since last: 10293260210 ns, Reaching safepoint: 18742 ns, Cleanup: 120255 ns, At safepoint: 101631 ns, Total: 240628 ns
[2025-05-23T09:39:55.686+0000][77][info ][safepoint   ] Safepoint "Cleanup", Time since last: 15018970723 ns, Reaching safepoint: 134470 ns, Cleanup: 19493 ns, At safepoint: 86836 ns, Total: 240799 ns
[2025-05-23T09:39:57.262+0000][77][info ][safepoint   ] Safepoint "Cleanup", Time since last: 1576159808 ns, Reaching safepoint: 28583 ns, Cleanup: 16958 ns, At safepoint: 13214 ns, Total: 58755 ns
[2025-05-23T09:40:15.343+0000][77][info ][safepoint   ] Safepoint "Cleanup", Time since last: 18083748325 ns, Reaching safepoint: 116051 ns, Cleanup: 23288 ns, At safepoint: 19702 ns, Total: 159041 ns
[2025-05-23T09:41:19.697+0000][77][info ][safepoint   ] Safepoint "Cleanup", Time since last: 64359760620 ns, Reaching safepoint: 178035 ns, Cleanup: 16257 ns, At safepoint: 53815 ns, Total: 248107 ns
[2025-05-23T09:41:21.492+0000][77][info ][safepoint   ] Safepoint "Cleanup", Time since last: 1794693108 ns, Reaching safepoint: 28269 ns, Cleanup: 30975 ns, At safepoint: 13034 ns, Total: 72278 ns
[2025-05-23T09:41:24.559+0000][77][info ][safepoint   ] Safepoint "Cleanup", Time since last: 3066446139 ns, Reaching safepoint: 91472 ns, Cleanup: 8965 ns, At safepoint: 49376 ns, Total: 149813 ns
[2025-05-23T09:41:25.655+0000][77][info ][safepoint   ] Safepoint "Cleanup", Time since last: 1096591124 ns, Reaching safepoint: 33932 ns, Cleanup: 20846 ns, At safepoint: 18468 ns, Total: 73246 ns
[2025-05-23T09:41:34.656+0000][77][info ][safepoint   ] Safepoint "Cleanup", Time since last: 9002223946 ns, Reaching safepoint: 54804 ns, Cleanup: 14626 ns, At safepoint: 12615 ns, Total: 82045 ns
[2025-05-23T09:41:47.641+0000][77][info ][safepoint   ] Safepoint "Cleanup", Time since last: 12985124299 ns, Reaching safepoint: 18668 ns, Cleanup: 13600 ns, At safepoint: 25594 ns, Total: 57862 ns
[2025-05-23T09:41:48.681+0000][77][info ][safepoint   ] Safepoint "Cleanup", Time since last: 1039700893 ns, Reaching safepoint: 294210 ns, Cleanup: 15589 ns, At safepoint: 43179 ns, Total: 352978 ns
[2025-05-23T09:41:55.671+0000][77][info ][safepoint   ] Safepoint "Cleanup", Time since last: 6989710930 ns, Reaching safepoint: 17333 ns, Cleanup: 16308 ns, At safepoint: 67440 ns, Total: 101081 ns
[2025-05-23T09:41:59.681+0000][77][info ][safepoint   ] Safepoint "Cleanup", Time since last: 4012513639 ns, Reaching safepoint: 14555 ns, Cleanup: 14015 ns, At safepoint: 28197 ns, Total: 56767 ns
[2025-05-23T09:42:28.701+0000][77][info ][safepoint   ] Safepoint "Cleanup", Time since last: 29024331072 ns, Reaching safepoint: 63009 ns, Cleanup: 15926 ns, At safepoint: 31725 ns, Total: 110660 ns
[2025-05-23T09:43:52.889+0000][77][info ][safepoint   ] Safepoint "Cleanup", Time since last: 84193762763 ns, Reaching safepoint: 23627 ns, Cleanup: 16840 ns, At safepoint: 10543 ns, Total: 51010 ns
[2025-05-23T09:45:04.660+0000][77][info ][safepoint   ] Safepoint "Cleanup", Time since last: 71778610973 ns, Reaching safepoint: 155375 ns, Cleanup: 16692 ns, At safepoint: 52954 ns, Total: 225021 ns
[2025-05-23T09:45:44.775+0000][77][info ][safepoint   ] Safepoint "Cleanup", Time since last: 40116868557 ns, Reaching safepoint: 84159 ns, Cleanup: 20492 ns, At safepoint: 22459 ns, Total: 127110 ns
[2025-05-23T09:47:02.243+0000][77][info ][safepoint   ] Safepoint "Cleanup", Time since last: 77477042041 ns, Reaching safepoint: 18960 ns, Cleanup: 31070 ns, At safepoint: 43721 ns, Total: 93751 ns
[2025-05-23T09:51:24.604+0000][77][info ][safepoint   ] Safepoint "Cleanup", Time since last: 262385100775 ns, Reaching safepoint: 76694 ns, Cleanup: 16312 ns, At safepoint: 40604 ns, Total: 133610 ns
[2025-05-23T09:54:49.832+0000][77][info ][safepoint   ] Safepoint "Cleanup", Time since last: 205247932480 ns, Reaching safepoint: 87167 ns, Cleanup: 20608 ns, At safepoint: 22176 ns, Total: 129951 ns
[2025-05-23T09:57:01.990+0000][77][info ][safepoint   ] Safepoint "Cleanup", Time since last: 132173171993 ns, Reaching safepoint: 48535 ns, Cleanup: 22290 ns, At safepoint: 14991 ns, Total: 85816 ns
[2025-05-23T09:58:02.023+0000][77][info ][safepoint   ] Safepoint "Cleanup", Time since last: 60038272261 ns, Reaching safepoint: 35035 ns, Cleanup: 21977 ns, At safepoint: 19010 ns, Total: 76022 ns
[2025-05-23T10:00:07.644+0000][77][info ][safepoint   ] Safepoint "Cleanup", Time since last: 125632917065 ns, Reaching safepoint: 20934 ns, Cleanup: 82248 ns, At safepoint: 19576 ns, Total: 122758 ns
[2025-05-23T10:00:24.674+0000][77][info ][safepoint   ] Safepoint "Cleanup", Time since last: 17030198644 ns, Reaching safepoint: 17228 ns, Cleanup: 21104 ns, At safepoint: 76756 ns, Total: 115088 ns
[2025-05-23T10:00:37.675+0000][77][info ][safepoint   ] Safepoint "Cleanup", Time since last: 13003004616 ns, Reaching safepoint: 52305 ns, Cleanup: 431377 ns, At safepoint: 29145 ns, Total: 512827 ns
[2025-05-23T10:00:40.627+0000][77][info ][safepoint   ] Safepoint "Cleanup", Time since last: 2951618409 ns, Reaching safepoint: 6979 ns, Cleanup: 10267 ns, At safepoint: 3275 ns, Total: 20521 ns
[2025-05-23T10:03:50.600+0000][77][info ][safepoint   ] Safepoint "Cleanup", Time since last: 189991261203 ns, Reaching safepoint: 17746 ns, Cleanup: 22702 ns, At safepoint: 87611 ns, Total: 128059 ns
[2025-05-23T10:05:17.641+0000][77][info ][safepoint   ] Safepoint "Cleanup", Time since last: 87048912854 ns, Reaching safepoint: 49027 ns, Cleanup: 50633 ns, At safepoint: 9391 ns, Total: 109051 ns
[2025-05-23T10:06:02.296+0000][77][info ][safepoint   ] Safepoint "Cleanup", Time since last: 44660211457 ns, Reaching safepoint: 32178 ns, Cleanup: 18566 ns, At safepoint: 18313 ns, Total: 69057 ns
[2025-05-23T10:08:01.614+0000][77][info ][safepoint   ] Safepoint "Cleanup", Time since last: 119332935935 ns, Reaching safepoint: 8611 ns, Cleanup: 57182 ns, At safepoint: 14555 ns, Total: 80348 ns
[2025-05-23T10:09:04.891+0000][77][info ][safepoint   ] Safepoint "Cleanup", Time since last: 63284794046 ns, Reaching safepoint: 17395 ns, Cleanup: 14112 ns, At safepoint: 21628 ns, Total: 53135 ns
[2025-05-23T10:12:34.613+0000][77][info ][safepoint   ] Safepoint "Cleanup", Time since last: 209748658992 ns, Reaching safepoint: 641056 ns, Cleanup: 15435 ns, At safepoint: 78179 ns, Total: 734670 ns
[2025-05-23T10:12:36.189+0000][77][info ][safepoint   ] Safepoint "Cleanup", Time since last: 1575306282 ns, Reaching safepoint: 31426 ns, Cleanup: 20110 ns, At safepoint: 16918 ns, Total: 68454 ns
[2025-05-23T10:18:18.249+0000][77][info ][gc,start    ] GC(26) Pause Young (Normal) (G1 Evacuation Pause)
[2025-05-23T10:18:18.250+0000][77][info ][gc,task     ] GC(26) Using 10 workers of 10 for evacuation
[2025-05-23T10:18:18.251+0000][77][debug][gc,age      ] GC(26) Desired survivor size 153092096 bytes, new threshold 15 (max threshold 15)
[2025-05-23T10:18:18.326+0000][77][info ][gc,phases   ] GC(26)   Pre Evacuate Collection Set: 5.41ms
[2025-05-23T10:18:18.326+0000][77][info ][gc,phases   ] GC(26)   Merge Heap Roots: 1.84ms
[2025-05-23T10:18:18.326+0000][77][info ][gc,phases   ] GC(26)   Evacuate Collection Set: 57.07ms
[2025-05-23T10:18:18.327+0000][77][info ][gc,phases   ] GC(26)   Post Evacuate Collection Set: 9.52ms
[2025-05-23T10:18:18.327+0000][77][info ][gc,phases   ] GC(26)   Other: 1.63ms
[2025-05-23T10:18:18.327+0000][77][trace][gc,age      ] GC(26) Age table with threshold 15 (max threshold 15)
[2025-05-23T10:18:18.328+0000][77][trace][gc,age      ] GC(26) - age   1:    1204264 bytes,    1204264 total
[2025-05-23T10:18:18.328+0000][77][trace][gc,age      ] GC(26) - age   2:     110592 bytes,    1314856 total
[2025-05-23T10:18:18.328+0000][77][trace][gc,age      ] GC(26) - age   3:     127136 bytes,    1441992 total
[2025-05-23T10:18:18.329+0000][77][trace][gc,age      ] GC(26) - age   4:     140216 bytes,    1582208 total
[2025-05-23T10:18:18.329+0000][77][trace][gc,age      ] GC(26) - age   5:     213672 bytes,    1795880 total
[2025-05-23T10:18:18.329+0000][77][trace][gc,age      ] GC(26) - age   6:     105944 bytes,    1901824 total
[2025-05-23T10:18:18.330+0000][77][trace][gc,age      ] GC(26) - age   7:     133336 bytes,    2035160 total
[2025-05-23T10:18:18.330+0000][77][trace][gc,age      ] GC(26) - age   8:    1241032 bytes,    3276192 total
[2025-05-23T10:18:18.330+0000][77][trace][gc,age      ] GC(26) - age   9:     232528 bytes,    3508720 total
[2025-05-23T10:18:18.331+0000][77][trace][gc,age      ] GC(26) - age  10:      34256 bytes,    3542976 total
[2025-05-23T10:18:18.331+0000][77][trace][gc,age      ] GC(26) - age  11:     522896 bytes,    4065872 total
[2025-05-23T10:18:18.331+0000][77][trace][gc,age      ] GC(26) - age  12:    1898112 bytes,    5963984 total
[2025-05-23T10:18:18.332+0000][77][trace][gc,age      ] GC(26) - age  13:    4303952 bytes,   10267936 total
[2025-05-23T10:18:18.332+0000][77][info ][gc,heap     ] GC(26) Eden regions: 579->0(579)
[2025-05-23T10:18:18.333+0000][77][info ][gc,heap     ] GC(26) Survivor regions: 3->3(73)
[2025-05-23T10:18:18.333+0000][77][info ][gc,heap     ] GC(26) Old regions: 28->28
[2025-05-23T10:18:18.333+0000][77][info ][gc,heap     ] GC(26) Humongous regions: 0->0
[2025-05-23T10:18:18.334+0000][77][info ][gc,metaspace] GC(26) Metaspace: 149168K(153152K)->149168K(153152K) NonClass: 129085K(131264K)->129085K(131264K) Class: 20083K(21888K)->20083K(21888K)
[2025-05-23T10:18:18.335+0000][77][info ][gc          ] GC(26) Pause Young (Normal) (G1 Evacuation Pause) 2435M->119M(3880M) 85.696ms
[2025-05-23T10:18:18.335+0000][77][info ][gc,cpu      ] GC(26) User=0.54s Sys=0.00s Real=0.09s
[2025-05-23T10:18:18.335+0000][77][info ][safepoint   ] Safepoint "G1CollectForAllocation", Time since last: 342099105746 ns, Reaching safepoint: 49679 ns, Cleanup: 5742 ns, At safepoint: 88784663 ns, Total: 88840084 ns
[2025-05-23T10:18:31.578+0000][77][info ][safepoint   ] Safepoint "Cleanup", Time since last: 13246502514 ns, Reaching safepoint: 18130 ns, Cleanup: 11716 ns, At safepoint: 18860 ns, Total: 48706 ns
[2025-05-23T10:19:04.717+0000][77][info ][safepoint   ] Safepoint "Cleanup", Time since last: 33141926854 ns, Reaching safepoint: 22512 ns, Cleanup: 12880 ns, At safepoint: 9533 ns, Total: 44925 ns
[2025-05-23T10:24:40.884+0000][77][info ][safepoint   ] Safepoint "Cleanup", Time since last: 336206121074 ns, Reaching safepoint: 138065 ns, Cleanup: 25804 ns, At safepoint: 35301 ns, Total: 199170 ns
[2025-05-23T10:24:49.595+0000][77][info ][safepoint   ] Safepoint "Cleanup", Time since last: 8709943252 ns, Reaching safepoint: 525563 ns, Cleanup: 18512 ns, At safepoint: 98008 ns, Total: 642083 ns
[2025-05-23T10:25:22.555+0000][77][info ][safepoint   ] Safepoint "Cleanup", Time since last: 32963251925 ns, Reaching safepoint: 18249 ns, Cleanup: 26408 ns, At safepoint: 14197 ns, Total: 58854 ns
[2025-05-23T10:25:54.415+0000][77][info ][safepoint   ] Safepoint "Cleanup", Time since last: 31863796148 ns, Reaching safepoint: 378736 ns, Cleanup: 15594 ns, At safepoint: 148027 ns, Total: 542357 ns
[2025-05-23T10:27:38.241+0000][77][info ][safepoint   ] Safepoint "Cleanup", Time since last: 103838967249 ns, Reaching safepoint: 20830 ns, Cleanup: 8830 ns, At safepoint: 13934 ns, Total: 43594 ns
[2025-05-23T10:27:58.729+0000][77][info ][safepoint   ] Safepoint "Cleanup", Time since last: 20490963064 ns, Reaching safepoint: 10017 ns, Cleanup: 10186 ns, At safepoint: 3866 ns, Total: 24069 ns
[2025-05-23T10:28:00.296+0000][77][info ][safepoint   ] Safepoint "Cleanup", Time since last: 1567236219 ns, Reaching safepoint: 30655 ns, Cleanup: 16882 ns, At safepoint: 18048 ns, Total: 65585 ns
[2025-05-23T10:30:53.957+0000][77][info ][safepoint   ] Safepoint "Cleanup", Time since last: 173677469222 ns, Reaching safepoint: 22781 ns, Cleanup: 20788 ns, At safepoint: 7154 ns, Total: 50723 ns
[2025-05-23T10:32:11.486+0000][77][info ][safepoint   ] Safepoint "Cleanup", Time since last: 77539172634 ns, Reaching safepoint: 23751 ns, Cleanup: 20108 ns, At safepoint: 119420 ns, Total: 163279 ns
[2025-05-23T10:35:20.551+0000][77][info ][safepoint   ] Safepoint "Cleanup", Time since last: 189083301925 ns, Reaching safepoint: 31392 ns, Cleanup: 18741 ns, At safepoint: 17244 ns, Total: 67377 ns
[2025-05-23T10:35:34.509+0000][77][info ][safepoint   ] Safepoint "Cleanup", Time since last: 13960612196 ns, Reaching safepoint: 93824 ns, Cleanup: 11743 ns, At safepoint: 37914 ns, Total: 143481 ns
[2025-05-23T10:39:31.542+0000][77][info ][safepoint   ] Safepoint "Cleanup", Time since last: 237056628699 ns, Reaching safepoint: 17694 ns, Cleanup: 12967 ns, At safepoint: 19909 ns, Total: 50570 ns
[2025-05-23T10:40:37.918+0000][77][info ][safepoint   ] Safepoint "Cleanup", Time since last: 66382066779 ns, Reaching safepoint: 8749 ns, Cleanup: 6418 ns, At safepoint: 2974 ns, Total: 18141 ns
[2025-05-23T10:41:22.996+0000][77][info ][safepoint   ] Safepoint "Cleanup", Time since last: 45080767713 ns, Reaching safepoint: 131806 ns, Cleanup: 16474 ns, At safepoint: 71763 ns, Total: 220043 ns
[2025-05-23T10:41:25.554+0000][77][info ][safepoint   ] Safepoint "Cleanup", Time since last: 2555151361 ns, Reaching safepoint: 2309501 ns, Cleanup: 18263 ns, At safepoint: 225202 ns, Total: 2552966 ns
[2025-05-23T10:41:27.048+0000][77][info ][safepoint   ] Safepoint "Cleanup", Time since last: 1494314110 ns, Reaching safepoint: 31662 ns, Cleanup: 23551 ns, At safepoint: 18196 ns, Total: 73409 ns
[2025-05-23T10:41:38.117+0000][77][info ][safepoint   ] Safepoint "Cleanup", Time since last: 11071244124 ns, Reaching safepoint: 241283 ns, Cleanup: 13828 ns, At safepoint: 46480 ns, Total: 301591 ns
[2025-05-23T10:41:40.111+0000][77][info ][safepoint   ] Safepoint "Cleanup", Time since last: 1993822627 ns, Reaching safepoint: 74187 ns, Cleanup: 19009 ns, At safepoint: 33216 ns, Total: 126412 ns
[2025-05-23T10:42:41.164+0000][77][info ][safepoint   ] Safepoint "Cleanup", Time since last: 61059084284 ns, Reaching safepoint: 32176 ns, Cleanup: 23533 ns, At safepoint: 93603 ns, Total: 149312 ns
[2025-05-23T10:43:44.286+0000][77][info ][safepoint   ] Safepoint "Cleanup", Time since last: 63127899173 ns, Reaching safepoint: 17050 ns, Cleanup: 14807 ns, At safepoint: 14661 ns, Total: 46518 ns
[2025-05-23T10:45:37.299+0000][77][info ][safepoint   ] Safepoint "Cleanup", Time since last: 113024435792 ns, Reaching safepoint: 32959 ns, Cleanup: 17435 ns, At safepoint: 18518 ns, Total: 68912 ns
[2025-05-23T10:46:52.487+0000][77][info ][safepoint   ] Safepoint "Cleanup", Time since last: 75192997626 ns, Reaching safepoint: 28462 ns, Cleanup: 17982 ns, At safepoint: 78004 ns, Total: 124448 ns
[2025-05-23T10:47:59.486+0000][77][info ][safepoint   ] Safepoint "Cleanup", Time since last: 67008577132 ns, Reaching safepoint: 34013 ns, Cleanup: 17189 ns, At safepoint: 19799 ns, Total: 71001 ns
[2025-05-23T10:48:01.487+0000][77][info ][safepoint   ] Safepoint "Cleanup", Time since last: 2000838930 ns, Reaching safepoint: 31788 ns, Cleanup: 17815 ns, At safepoint: 16824 ns, Total: 66427 ns
[2025-05-23T10:49:32.875+0000][77][info ][safepoint   ] Safepoint "Cleanup", Time since last: 91395591555 ns, Reaching safepoint: 110812 ns, Cleanup: 14424 ns, At safepoint: 10095 ns, Total: 135331 ns
[2025-05-23T10:50:37.509+0000][77][info ][safepoint   ] Safepoint "Cleanup", Time since last: 64639519255 ns, Reaching safepoint: 17048 ns, Cleanup: 23002 ns, At safepoint: 101213 ns, Total: 141263 ns
[2025-05-23T10:50:38.638+0000][77][info ][safepoint   ] Safepoint "Cleanup", Time since last: 1129827701 ns, Reaching safepoint: 21802 ns, Cleanup: 17480 ns, At safepoint: 9942 ns, Total: 49224 ns
[2025-05-23T10:52:07.768+0000][77][info ][safepoint   ] Safepoint "Cleanup", Time since last: 89139178254 ns, Reaching safepoint: 16494 ns, Cleanup: 39929 ns, At safepoint: 25974 ns, Total: 82397 ns
[2025-05-23T11:00:29.352+0000][77][info ][safepoint   ] Safepoint "Cleanup", Time since last: 501632928633 ns, Reaching safepoint: 53770 ns, Cleanup: 13502 ns, At safepoint: 11140 ns, Total: 78412 ns
[2025-05-23T11:00:31.649+0000][77][info ][safepoint   ] Safepoint "Cleanup", Time since last: 2296893198 ns, Reaching safepoint: 6545 ns, Cleanup: 9354 ns, At safepoint: 2973 ns, Total: 18872 ns
[2025-05-23T11:01:23.820+0000][77][info ][safepoint   ] Safepoint "Cleanup", Time since last: 52173665873 ns, Reaching safepoint: 26531 ns, Cleanup: 14772 ns, At safepoint: 32030 ns, Total: 73333 ns
[2025-05-23T11:04:01.917+0000][77][info ][safepoint   ] Safepoint "Cleanup", Time since last: 158114498404 ns, Reaching safepoint: 100385 ns, Cleanup: 19214 ns, At safepoint: 12213 ns, Total: 131812 ns
[2025-05-23T11:04:22.401+0000][77][info ][gc,start    ] GC(27) Pause Young (Normal) (G1 Evacuation Pause)
[2025-05-23T11:04:22.405+0000][77][info ][gc,task     ] GC(27) Using 10 workers of 10 for evacuation
[2025-05-23T11:04:22.407+0000][77][debug][gc,age      ] GC(27) Desired survivor size 153092096 bytes, new threshold 15 (max threshold 15)
[2025-05-23T11:04:22.538+0000][77][info ][gc,phases   ] GC(27)   Pre Evacuate Collection Set: 11.99ms
[2025-05-23T11:04:22.542+0000][77][info ][gc,phases   ] GC(27)   Merge Heap Roots: 1.93ms
[2025-05-23T11:04:22.542+0000][77][info ][gc,phases   ] GC(27)   Evacuate Collection Set: 96.67ms
[2025-05-23T11:04:22.543+0000][77][info ][gc,phases   ] GC(27)   Post Evacuate Collection Set: 18.66ms
[2025-05-23T11:04:22.543+0000][77][info ][gc,phases   ] GC(27)   Other: 4.50ms
[2025-05-23T11:04:22.543+0000][77][trace][gc,age      ] GC(27) Age table with threshold 15 (max threshold 15)
[2025-05-23T11:04:22.544+0000][77][trace][gc,age      ] GC(27) - age   1:    1611680 bytes,    1611680 total
[2025-05-23T11:04:22.544+0000][77][trace][gc,age      ] GC(27) - age   2:     204280 bytes,    1815960 total
[2025-05-23T11:04:22.545+0000][77][trace][gc,age      ] GC(27) - age   3:     108504 bytes,    1924464 total
[2025-05-23T11:04:22.545+0000][77][trace][gc,age      ] GC(27) - age   4:     126632 bytes,    2051096 total
[2025-05-23T11:04:22.546+0000][77][trace][gc,age      ] GC(27) - age   5:     128000 bytes,    2179096 total
[2025-05-23T11:04:22.546+0000][77][trace][gc,age      ] GC(27) - age   6:     124928 bytes,    2304024 total
[2025-05-23T11:04:22.547+0000][77][trace][gc,age      ] GC(27) - age   7:     105904 bytes,    2409928 total
[2025-05-23T11:04:22.547+0000][77][trace][gc,age      ] GC(27) - age   8:     133296 bytes,    2543224 total
[2025-05-23T11:04:22.547+0000][77][trace][gc,age      ] GC(27) - age   9:    1240864 bytes,    3784088 total
[2025-05-23T11:04:22.548+0000][77][trace][gc,age      ] GC(27) - age  10:     232528 bytes,    4016616 total
[2025-05-23T11:04:22.548+0000][77][trace][gc,age      ] GC(27) - age  11:      34256 bytes,    4050872 total
[2025-05-23T11:04:22.549+0000][77][trace][gc,age      ] GC(27) - age  12:     522896 bytes,    4573768 total
[2025-05-23T11:04:22.549+0000][77][trace][gc,age      ] GC(27) - age  13:    1898112 bytes,    6471880 total
[2025-05-23T11:04:22.549+0000][77][trace][gc,age      ] GC(27) - age  14:    4303952 bytes,   10775832 total
[2025-05-23T11:04:22.550+0000][77][info ][gc,heap     ] GC(27) Eden regions: 579->0(579)
[2025-05-23T11:04:22.550+0000][77][info ][gc,heap     ] GC(27) Survivor regions: 3->3(73)
[2025-05-23T11:04:22.551+0000][77][info ][gc,heap     ] GC(27) Old regions: 28->28
[2025-05-23T11:04:22.551+0000][77][info ][gc,heap     ] GC(27) Humongous regions: 0->0
[2025-05-23T11:04:22.552+0000][77][info ][gc,metaspace] GC(27) Metaspace: 149239K(153216K)->149239K(153216K) NonClass: 129154K(131328K)->129154K(131328K) Class: 20084K(21888K)->20084K(21888K)
[2025-05-23T11:04:22.553+0000][77][info ][gc          ] GC(27) Pause Young (Normal) (G1 Evacuation Pause) 2435M->119M(3880M) 151.274ms
[2025-05-23T11:04:22.553+0000][77][info ][gc,cpu      ] GC(27) User=0.85s Sys=0.00s Real=0.15s
[2025-05-23T11:04:22.554+0000][77][info ][safepoint   ] Safepoint "G1CollectForAllocation", Time since last: 20482830040 ns, Reaching safepoint: 75826 ns, Cleanup: 5699 ns, At safepoint: 154164826 ns, Total: 154246351 ns
[2025-05-23T11:06:49.437+0000][77][info ][safepoint   ] Safepoint "Cleanup", Time since last: 146897347222 ns, Reaching safepoint: 152656 ns, Cleanup: 11235 ns, At safepoint: 38750 ns, Total: 202641 ns
[2025-05-23T11:06:51.130+0000][77][info ][safepoint   ] Safepoint "Cleanup", Time since last: 1692514431 ns, Reaching safepoint: 16172 ns, Cleanup: 23854 ns, At safepoint: 93044 ns, Total: 133070 ns
[2025-05-23T11:07:52.421+0000][77][info ][safepoint   ] Safepoint "Cleanup", Time since last: 61297853743 ns, Reaching safepoint: 22738 ns, Cleanup: 12799 ns, At safepoint: 22485 ns, Total: 58022 ns
[2025-05-23T11:13:01.620+0000][77][info ][safepoint   ] Safepoint "Cleanup", Time since last: 309107323254 ns, Reaching safepoint: 122842311 ns, Cleanup: 17852 ns, At safepoint: 82824 ns, Total: 122942987 ns
[2025-05-23T11:15:59.834+0000][77][info ][safepoint   ] Safepoint "Cleanup", Time since last: 178232218167 ns, Reaching safepoint: 83160 ns, Cleanup: 18997 ns, At safepoint: 20768 ns, Total: 122925 ns
[2025-05-23T11:20:56.133+0000][77][info ][safepoint   ] Safepoint "Cleanup", Time since last: 296323558878 ns, Reaching safepoint: 139773 ns, Cleanup: 13135 ns, At safepoint: 44917 ns, Total: 197825 ns
[2025-05-23T11:21:01.411+0000][77][info ][safepoint   ] Safepoint "Cleanup", Time since last: 5280619616 ns, Reaching safepoint: 6659 ns, Cleanup: 6531 ns, At safepoint: 2746 ns, Total: 15936 ns
[2025-05-23T11:23:01.279+0000][77][info ][safepoint   ] Safepoint "Cleanup", Time since last: 119880450523 ns, Reaching safepoint: 60750 ns, Cleanup: 94485 ns, At safepoint: 15310 ns, Total: 170545 ns
[2025-05-23T11:25:43.400+0000][77][info ][safepoint   ] Safepoint "Cleanup", Time since last: 162132861128 ns, Reaching safepoint: 910843 ns, Cleanup: 14580 ns, At safepoint: 79219 ns, Total: 1004642 ns
[2025-05-23T11:25:44.410+0000][77][info ][safepoint   ] Safepoint "Cleanup", Time since last: 1010014526 ns, Reaching safepoint: 40110 ns, Cleanup: 20234 ns, At safepoint: 102138 ns, Total: 162482 ns
[2025-05-23T11:25:59.380+0000][77][info ][safepoint   ] Safepoint "Cleanup", Time since last: 14972424587 ns, Reaching safepoint: 26782 ns, Cleanup: 15845 ns, At safepoint: 11220 ns, Total: 53847 ns
[2025-05-23T11:26:46.399+0000][77][info ][safepoint   ] Safepoint "Cleanup", Time since last: 47021425814 ns, Reaching safepoint: 101349 ns, Cleanup: 18544 ns, At safepoint: 62636 ns, Total: 182529 ns
[2025-05-23T11:27:01.549+0000][77][info ][safepoint   ] Safepoint "Cleanup", Time since last: 15153478364 ns, Reaching safepoint: 33881 ns, Cleanup: 22278 ns, At safepoint: 21491 ns, Total: 77650 ns
[2025-05-23T11:27:49.595+0000][77][info ][safepoint   ] Safepoint "Cleanup", Time since last: 48048599093 ns, Reaching safepoint: 16833 ns, Cleanup: 10157 ns, At safepoint: 37475 ns, Total: 64465 ns
[2025-05-23T11:28:35.312+0000][77][info ][safepoint   ] Safepoint "Cleanup", Time since last: 45721679893 ns, Reaching safepoint: 229487 ns, Cleanup: 18866 ns, At safepoint: 22220 ns, Total: 270573 ns
[2025-05-23T11:29:11.346+0000][77][info ][safepoint   ] Safepoint "Cleanup", Time since last: 36036870115 ns, Reaching safepoint: 30965 ns, Cleanup: 16205 ns, At safepoint: 13199 ns, Total: 60369 ns
[2025-05-23T11:30:01.720+0000][77][info ][safepoint   ] Safepoint "Cleanup", Time since last: 50380069863 ns, Reaching safepoint: 28886 ns, Cleanup: 102281 ns, At safepoint: 25563 ns, Total: 156730 ns
[2025-05-23T11:32:01.922+0000][77][info ][safepoint   ] Safepoint "Cleanup", Time since last: 120212573083 ns, Reaching safepoint: 146632 ns, Cleanup: 13280 ns, At safepoint: 41637 ns, Total: 201549 ns
[2025-05-23T11:32:37.445+0000][77][info ][safepoint   ] Safepoint "Cleanup", Time since last: 35526552535 ns, Reaching safepoint: 114507 ns, Cleanup: 17675 ns, At safepoint: 21613 ns, Total: 153795 ns
[2025-05-23T11:41:25.419+0000][77][info ][safepoint   ] Safepoint "Cleanup", Time since last: 528018865717 ns, Reaching safepoint: 672870 ns, Cleanup: 169830 ns, At safepoint: 150633 ns, Total: 993333 ns
[2025-05-23T11:41:26.499+0000][77][info ][safepoint   ] Safepoint "Cleanup", Time since last: 1080444025 ns, Reaching safepoint: 19049 ns, Cleanup: 19963 ns, At safepoint: 36556 ns, Total: 75568 ns
[2025-05-23T11:42:25.980+0000][77][info ][safepoint   ] Safepoint "Cleanup", Time since last: 59485420082 ns, Reaching safepoint: 71179 ns, Cleanup: 17346 ns, At safepoint: 10248 ns, Total: 98773 ns
[2025-05-23T11:44:24.107+0000][77][info ][safepoint   ] Safepoint "Cleanup", Time since last: 118137479486 ns, Reaching safepoint: 66131 ns, Cleanup: 72326 ns, At safepoint: 25938 ns, Total: 164395 ns
[2025-05-23T11:44:36.107+0000][77][info ][safepoint   ] Safepoint "Cleanup", Time since last: 12002510979 ns, Reaching safepoint: 119106 ns, Cleanup: 17608 ns, At safepoint: 21236 ns, Total: 157950 ns
[2025-05-23T11:46:23.736+0000][77][info ][safepoint   ] Safepoint "Cleanup", Time since last: 107637048206 ns, Reaching safepoint: 229759 ns, Cleanup: 10717 ns, At safepoint: 40361 ns, Total: 280837 ns
[2025-05-23T11:46:33.754+0000][77][info ][safepoint   ] Safepoint "Cleanup", Time since last: 10019394899 ns, Reaching safepoint: 101288 ns, Cleanup: 17931 ns, At safepoint: 20771 ns, Total: 139990 ns
[2025-05-23T11:47:47.424+0000][77][info ][safepoint   ] Safepoint "Cleanup", Time since last: 73675363648 ns, Reaching safepoint: 23639 ns, Cleanup: 14729 ns, At safepoint: 125674 ns, Total: 164042 ns
[2025-05-23T11:51:19.090+0000][77][info ][gc,start    ] GC(28) Pause Young (Normal) (G1 Evacuation Pause)
[2025-05-23T11:51:19.098+0000][77][info ][gc,task     ] GC(28) Using 10 workers of 10 for evacuation
[2025-05-23T11:51:19.099+0000][77][debug][gc,age      ] GC(28) Desired survivor size 153092096 bytes, new threshold 15 (max threshold 15)
[2025-05-23T11:51:19.339+0000][77][info ][gc,mmu      ] GC(28) MMU target violated: 201.0ms (200.0ms/201.0ms)
[2025-05-23T11:51:19.340+0000][77][info ][gc,phases   ] GC(28)   Pre Evacuate Collection Set: 20.73ms
[2025-05-23T11:51:19.340+0000][77][info ][gc,phases   ] GC(28)   Merge Heap Roots: 4.36ms
[2025-05-23T11:51:19.341+0000][77][info ][gc,phases   ] GC(28)   Evacuate Collection Set: 174.73ms
[2025-05-23T11:51:19.341+0000][77][info ][gc,phases   ] GC(28)   Post Evacuate Collection Set: 35.46ms
[2025-05-23T11:51:19.342+0000][77][info ][gc,phases   ] GC(28)   Other: 10.49ms
[2025-05-23T11:51:19.343+0000][77][trace][gc,age      ] GC(28) Age table with threshold 15 (max threshold 15)
[2025-05-23T11:51:19.343+0000][77][trace][gc,age      ] GC(28) - age   1:    1975704 bytes,    1975704 total
[2025-05-23T11:51:19.343+0000][77][trace][gc,age      ] GC(28) - age   2:     301472 bytes,    2277176 total
[2025-05-23T11:51:19.344+0000][77][trace][gc,age      ] GC(28) - age   3:     137984 bytes,    2415160 total
[2025-05-23T11:51:19.344+0000][77][trace][gc,age      ] GC(28) - age   4:     108000 bytes,    2523160 total
[2025-05-23T11:51:19.345+0000][77][trace][gc,age      ] GC(28) - age   5:     126552 bytes,    2649712 total
[2025-05-23T11:51:19.345+0000][77][trace][gc,age      ] GC(28) - age   6:     128000 bytes,    2777712 total
[2025-05-23T11:51:19.345+0000][77][trace][gc,age      ] GC(28) - age   7:     124888 bytes,    2902600 total
[2025-05-23T11:51:19.346+0000][77][trace][gc,age      ] GC(28) - age   8:     105792 bytes,    3008392 total
[2025-05-23T11:51:19.346+0000][77][trace][gc,age      ] GC(28) - age   9:     133256 bytes,    3141648 total
[2025-05-23T11:51:19.347+0000][77][trace][gc,age      ] GC(28) - age  10:    1240864 bytes,    4382512 total
[2025-05-23T11:51:19.347+0000][77][trace][gc,age      ] GC(28) - age  11:     232392 bytes,    4614904 total
[2025-05-23T11:51:19.347+0000][77][trace][gc,age      ] GC(28) - age  12:      34256 bytes,    4649160 total
[2025-05-23T11:51:19.348+0000][77][trace][gc,age      ] GC(28) - age  13:     522896 bytes,    5172056 total
[2025-05-23T11:51:19.348+0000][77][trace][gc,age      ] GC(28) - age  14:    1898112 bytes,    7070168 total
[2025-05-23T11:51:19.349+0000][77][trace][gc,age      ] GC(28) - age  15:    4303952 bytes,   11374120 total
[2025-05-23T11:51:19.349+0000][77][info ][gc,heap     ] GC(28) Eden regions: 579->0(578)
[2025-05-23T11:51:19.349+0000][77][info ][gc,heap     ] GC(28) Survivor regions: 3->4(73)
[2025-05-23T11:51:19.350+0000][77][info ][gc,heap     ] GC(28) Old regions: 28->28
[2025-05-23T11:51:19.350+0000][77][info ][gc,heap     ] GC(28) Humongous regions: 0->0
[2025-05-23T11:51:19.351+0000][77][info ][gc,metaspace] GC(28) Metaspace: 149300K(153280K)->149300K(153280K) NonClass: 129216K(131392K)->129216K(131392K) Class: 20084K(21888K)->20084K(21888K)
[2025-05-23T11:51:19.352+0000][77][info ][gc          ] GC(28) Pause Young (Normal) (G1 Evacuation Pause) 2435M->120M(3880M) 262.799ms
[2025-05-23T11:51:19.353+0000][77][info ][gc,cpu      ] GC(28) User=1.68s Sys=0.00s Real=0.26s
[2025-05-23T11:51:19.353+0000][77][info ][safepoint   ] Safepoint "G1CollectForAllocation", Time since last: 211682097522 ns, Reaching safepoint: 69238 ns, Cleanup: 7761 ns, At safepoint: 265746581 ns, Total: 265823580 ns
[2025-05-23T11:53:01.886+0000][77][info ][safepoint   ] Safepoint "Cleanup", Time since last: 102544622205 ns, Reaching safepoint: 24064 ns, Cleanup: 22379 ns, At safepoint: 93263 ns, Total: 139706 ns
[2025-05-23T11:56:10.988+0000][77][info ][safepoint   ] Safepoint "Cleanup", Time since last: 189117429607 ns, Reaching safepoint: 23981 ns, Cleanup: 17630 ns, At safepoint: 27319 ns, Total: 68930 ns
[2025-05-23T11:56:12.013+0000][77][info ][safepoint   ] Safepoint "Cleanup", Time since last: 1024459183 ns, Reaching safepoint: 37890 ns, Cleanup: 22047 ns, At safepoint: 20870 ns, Total: 80807 ns
[2025-05-23T11:56:20.107+0000][77][info ][safepoint   ] Safepoint "Cleanup", Time since last: 8093978015 ns, Reaching safepoint: 7652 ns, Cleanup: 11770 ns, At safepoint: 3387 ns, Total: 22809 ns
[2025-05-23T11:58:16.985+0000][77][info ][safepoint   ] Safepoint "Cleanup", Time since last: 116888785663 ns, Reaching safepoint: 30480 ns, Cleanup: 15866 ns, At safepoint: 80143 ns, Total: 126489 ns
[2025-05-23T11:59:19.611+0000][77][info ][safepoint   ] Safepoint "Cleanup", Time since last: 62630725522 ns, Reaching safepoint: 70251 ns, Cleanup: 17627 ns, At safepoint: 31687 ns, Total: 119565 ns
[2025-05-23T11:59:21.343+0000][77][info ][safepoint   ] Safepoint "Cleanup", Time since last: 1732468376 ns, Reaching safepoint: 20169 ns, Cleanup: 15097 ns, At safepoint: 9249 ns, Total: 44515 ns
[2025-05-23T12:00:33.382+0000][77][info ][safepoint   ] Safepoint "Cleanup", Time since last: 72046750577 ns, Reaching safepoint: 33926 ns, Cleanup: 13796 ns, At safepoint: 11295 ns, Total: 59017 ns
[2025-05-23T12:03:01.534+0000][77][info ][safepoint   ] Safepoint "Cleanup", Time since last: 148166218109 ns, Reaching safepoint: 93810 ns, Cleanup: 22759 ns, At safepoint: 38587 ns, Total: 155156 ns
[2025-05-23T12:03:41.585+0000][77][info ][safepoint   ] Safepoint "Cleanup", Time since last: 40052638951 ns, Reaching safepoint: 33973 ns, Cleanup: 16761 ns, At safepoint: 18942 ns, Total: 69676 ns
[2025-05-23T12:03:55.589+0000][77][info ][safepoint   ] Safepoint "Cleanup", Time since last: 14003149642 ns, Reaching safepoint: 146902 ns, Cleanup: 18389 ns, At safepoint: 37428 ns, Total: 202719 ns
[2025-05-23T12:04:06.775+0000][77][info ][safepoint   ] Safepoint "Cleanup", Time since last: 11188777852 ns, Reaching safepoint: 28544 ns, Cleanup: 17271 ns, At safepoint: 13978 ns, Total: 59793 ns
[2025-05-23T12:06:25.839+0000][77][info ][safepoint   ] Safepoint "Cleanup", Time since last: 139074165435 ns, Reaching safepoint: 19532 ns, Cleanup: 42166 ns, At safepoint: 16875 ns, Total: 78573 ns
[2025-05-23T12:07:44.830+0000][77][info ][safepoint   ] Safepoint "Cleanup", Time since last: 78999949754 ns, Reaching safepoint: 12317 ns, Cleanup: 9543 ns, At safepoint: 14611 ns, Total: 36471 ns
[2025-05-23T12:10:33.982+0000][77][info ][safepoint   ] Safepoint "Cleanup", Time since last: 169162941155 ns, Reaching safepoint: 36457 ns, Cleanup: 22471 ns, At safepoint: 21389 ns, Total: 80317 ns
[2025-05-23T12:10:36.984+0000][77][info ][safepoint   ] Safepoint "Cleanup", Time since last: 3000984365 ns, Reaching safepoint: 32086 ns, Cleanup: 24230 ns, At safepoint: 17736 ns, Total: 74052 ns
[2025-05-23T12:12:56.091+0000][77][info ][safepoint   ] Safepoint "Cleanup", Time since last: 139114176446 ns, Reaching safepoint: 670464 ns, Cleanup: 15804 ns, At safepoint: 61913 ns, Total: 748181 ns
[2025-05-23T12:14:02.299+0000][77][info ][safepoint   ] Safepoint "Cleanup", Time since last: 66213139799 ns, Reaching safepoint: 39944 ns, Cleanup: 21039 ns, At safepoint: 97464 ns, Total: 158447 ns
[2025-05-23T12:16:47.518+0000][77][info ][safepoint   ] Safepoint "Cleanup", Time since last: 165229796567 ns, Reaching safepoint: 41478 ns, Cleanup: 18105 ns, At safepoint: 13869 ns, Total: 73452 ns
[2025-05-23T12:17:01.298+0000][77][info ][safepoint   ] Safepoint "Cleanup", Time since last: 13781393536 ns, Reaching safepoint: 188367 ns, Cleanup: 16490 ns, At safepoint: 82847 ns, Total: 287704 ns
[2025-05-23T12:20:34.730+0000][77][info ][safepoint   ] Safepoint "Cleanup", Time since last: 213448504680 ns, Reaching safepoint: 34823 ns, Cleanup: 18718 ns, At safepoint: 66432 ns, Total: 119973 ns
[2025-05-23T12:24:29.498+0000][77][info ][safepoint   ] Safepoint "Cleanup", Time since last: 234786765788 ns, Reaching safepoint: 43534 ns, Cleanup: 18123 ns, At safepoint: 20532 ns, Total: 82189 ns
[2025-05-23T12:26:30.418+0000][77][info ][safepoint   ] Safepoint "Cleanup", Time since last: 121064766842 ns, Reaching safepoint: 88246 ns, Cleanup: 229028 ns, At safepoint: 37675 ns, Total: 354949 ns
[2025-05-23T12:27:41.227+0000][77][info ][safepoint   ] Safepoint "Cleanup", Time since last: 70815310350 ns, Reaching safepoint: 19450 ns, Cleanup: 146793 ns, At safepoint: 99230 ns, Total: 265473 ns
[2025-05-23T12:31:53.612+0000][77][info ][safepoint   ] Safepoint "Cleanup", Time since last: 252403178152 ns, Reaching safepoint: 26098 ns, Cleanup: 15921 ns, At safepoint: 17191 ns, Total: 59210 ns
[2025-05-23T12:33:58.690+0000][77][info ][safepoint   ] Safepoint "Cleanup", Time since last: 125096312819 ns, Reaching safepoint: 177073 ns, Cleanup: 40937 ns, At safepoint: 43072 ns, Total: 261082 ns
[2025-05-23T12:34:58.929+0000][77][info ][safepoint   ] Safepoint "Cleanup", Time since last: 60247177841 ns, Reaching safepoint: 58215 ns, Cleanup: 14762 ns, At safepoint: 14125 ns, Total: 87102 ns
[2025-05-23T12:36:51.182+0000][77][info ][gc,start    ] GC(29) Pause Young (Normal) (G1 Evacuation Pause)
[2025-05-23T12:36:51.184+0000][77][info ][gc,task     ] GC(29) Using 10 workers of 10 for evacuation
[2025-05-23T12:36:51.185+0000][77][debug][gc,age      ] GC(29) Desired survivor size 153092096 bytes, new threshold 15 (max threshold 15)
[2025-05-23T12:36:51.402+0000][77][info ][gc,mmu      ] GC(29) MMU target violated: 201.0ms (200.0ms/201.0ms)
[2025-05-23T12:36:51.403+0000][77][info ][gc,phases   ] GC(29)   Pre Evacuate Collection Set: 15.00ms
[2025-05-23T12:36:51.403+0000][77][info ][gc,phases   ] GC(29)   Merge Heap Roots: 3.99ms
[2025-05-23T12:36:51.404+0000][77][info ][gc,phases   ] GC(29)   Evacuate Collection Set: 177.11ms
[2025-05-23T12:36:51.404+0000][77][info ][gc,phases   ] GC(29)   Post Evacuate Collection Set: 17.44ms
[2025-05-23T12:36:51.404+0000][77][info ][gc,phases   ] GC(29)   Other: 6.18ms
[2025-05-23T12:36:51.405+0000][77][trace][gc,age      ] GC(29) Age table with threshold 15 (max threshold 15)
[2025-05-23T12:36:51.405+0000][77][trace][gc,age      ] GC(29) - age   1:    1320808 bytes,    1320808 total
[2025-05-23T12:36:51.406+0000][77][trace][gc,age      ] GC(29) - age   2:     482712 bytes,    1803520 total
[2025-05-23T12:36:51.406+0000][77][trace][gc,age      ] GC(29) - age   3:     219016 bytes,    2022536 total
[2025-05-23T12:36:51.406+0000][77][trace][gc,age      ] GC(29) - age   4:     137280 bytes,    2159816 total
[2025-05-23T12:36:51.407+0000][77][trace][gc,age      ] GC(29) - age   5:     107968 bytes,    2267784 total
[2025-05-23T12:36:51.407+0000][77][trace][gc,age      ] GC(29) - age   6:     126552 bytes,    2394336 total
[2025-05-23T12:36:51.408+0000][77][trace][gc,age      ] GC(29) - age   7:     127904 bytes,    2522240 total
[2025-05-23T12:36:51.408+0000][77][trace][gc,age      ] GC(29) - age   8:     124888 bytes,    2647128 total
[2025-05-23T12:36:51.409+0000][77][trace][gc,age      ] GC(29) - age   9:     105792 bytes,    2752920 total
[2025-05-23T12:36:51.409+0000][77][trace][gc,age      ] GC(29) - age  10:     133256 bytes,    2886176 total
[2025-05-23T12:36:51.409+0000][77][trace][gc,age      ] GC(29) - age  11:    1240728 bytes,    4126904 total
[2025-05-23T12:36:51.410+0000][77][trace][gc,age      ] GC(29) - age  12:     232392 bytes,    4359296 total
[2025-05-23T12:36:51.410+0000][77][trace][gc,age      ] GC(29) - age  13:      34256 bytes,    4393552 total
[2025-05-23T12:36:51.411+0000][77][trace][gc,age      ] GC(29) - age  14:     522896 bytes,    4916448 total
[2025-05-23T12:36:51.411+0000][77][trace][gc,age      ] GC(29) - age  15:    1898112 bytes,    6814560 total
[2025-05-23T12:36:51.412+0000][77][info ][gc,heap     ] GC(29) Eden regions: 578->0(579)
[2025-05-23T12:36:51.412+0000][77][info ][gc,heap     ] GC(29) Survivor regions: 4->3(73)
[2025-05-23T12:36:51.413+0000][77][info ][gc,heap     ] GC(29) Old regions: 28->29
[2025-05-23T12:36:51.413+0000][77][info ][gc,heap     ] GC(29) Humongous regions: 0->0
[2025-05-23T12:36:51.414+0000][77][info ][gc,metaspace] GC(29) Metaspace: 149343K(153280K)->149343K(153280K) NonClass: 129259K(131392K)->129259K(131392K) Class: 20084K(21888K)->20084K(21888K)
[2025-05-23T12:36:51.415+0000][77][info ][gc          ] GC(29) Pause Young (Normal) (G1 Evacuation Pause) 2432M->120M(3880M) 233.472ms
[2025-05-23T12:36:51.415+0000][77][info ][gc,cpu      ] GC(29) User=1.29s Sys=0.07s Real=0.23s
[2025-05-23T12:36:51.416+0000][77][info ][safepoint   ] Safepoint "G1CollectForAllocation", Time since last: 112259224590 ns, Reaching safepoint: 65791 ns, Cleanup: 7226 ns, At safepoint: 238156555 ns, Total: 238229572 ns
[2025-05-23T12:38:11.085+0000][77][info ][safepoint   ] Safepoint "Cleanup", Time since last: 79679575077 ns, Reaching safepoint: 14393 ns, Cleanup: 19892 ns, At safepoint: 77568 ns, Total: 111853 ns
[2025-05-23T12:41:27.313+0000][77][info ][safepoint   ] Safepoint "Cleanup", Time since last: 196249046285 ns, Reaching safepoint: 40365 ns, Cleanup: 20059 ns, At safepoint: 22128 ns, Total: 82552 ns
[2025-05-23T12:42:13.386+0000][77][info ][safepoint   ] Safepoint "Cleanup", Time since last: 46080587817 ns, Reaching safepoint: 34549 ns, Cleanup: 18487 ns, At safepoint: 20218 ns, Total: 73254 ns
[2025-05-23T12:42:19.837+0000][77][info ][safepoint   ] Safepoint "Cleanup", Time since last: 6450574718 ns, Reaching safepoint: 25326 ns, Cleanup: 18354 ns, At safepoint: 11984 ns, Total: 55664 ns
[2025-05-23T12:42:23.577+0000][77][info ][safepoint   ] Safepoint "Cleanup", Time since last: 3740282571 ns, Reaching safepoint: 27762 ns, Cleanup: 100938 ns, At safepoint: 34540 ns, Total: 163240 ns
[2025-05-23T12:43:01.676+0000][77][info ][safepoint   ] Safepoint "Cleanup", Time since last: 38105558878 ns, Reaching safepoint: 12131 ns, Cleanup: 11284 ns, At safepoint: 14944 ns, Total: 38359 ns
[2025-05-23T12:53:26.739+0000][77][info ][safepoint   ] Safepoint "Cleanup", Time since last: 625130081455 ns, Reaching safepoint: 75407 ns, Cleanup: 14581 ns, At safepoint: 16959 ns, Total: 106947 ns
[2025-05-23T12:53:55.680+0000][77][info ][safepoint   ] Safepoint "Cleanup", Time since last: 28943663281 ns, Reaching safepoint: 6414 ns, Cleanup: 9591 ns, At safepoint: 12897 ns, Total: 28902 ns
[2025-05-23T12:53:57.415+0000][77][info ][safepoint   ] Safepoint "Cleanup", Time since last: 1734959956 ns, Reaching safepoint: 26162 ns, Cleanup: 16287 ns, At safepoint: 12832 ns, Total: 55281 ns
[2025-05-23T12:56:02.513+0000][77][info ][safepoint   ] Safepoint "Cleanup", Time since last: 125113763765 ns, Reaching safepoint: 24918 ns, Cleanup: 16405 ns, At safepoint: 20846 ns, Total: 62169 ns
[2025-05-23T12:57:23.537+0000][77][info ][safepoint   ] Safepoint "Cleanup", Time since last: 81029890763 ns, Reaching safepoint: 15017 ns, Cleanup: 19259 ns, At safepoint: 79870 ns, Total: 114146 ns
[2025-05-23T13:01:16.714+0000][77][info ][safepoint   ] Safepoint "Cleanup", Time since last: 233202246631 ns, Reaching safepoint: 16255 ns, Cleanup: 7463 ns, At safepoint: 17546 ns, Total: 41264 ns
[2025-05-23T13:03:22.776+0000][77][info ][safepoint   ] Safepoint "Cleanup", Time since last: 126073467856 ns, Reaching safepoint: 584434 ns, Cleanup: 20393 ns, At safepoint: 91208 ns, Total: 696035 ns
[2025-05-23T13:04:43.133+0000][77][info ][safepoint   ] Safepoint "Cleanup", Time since last: 80366515874 ns, Reaching safepoint: 69846 ns, Cleanup: 18746 ns, At safepoint: 15517 ns, Total: 104109 ns
[2025-05-23T13:16:33.505+0000][77][info ][safepoint   ] Safepoint "Cleanup", Time since last: 710441906518 ns, Reaching safepoint: 34817 ns, Cleanup: 18796 ns, At safepoint: 65394 ns, Total: 119007 ns
[2025-05-23T13:20:34.325+0000][77][info ][safepoint   ] Safepoint "Cleanup", Time since last: 240840685396 ns, Reaching safepoint: 33660 ns, Cleanup: 18935 ns, At safepoint: 17999 ns, Total: 70594 ns
[2025-05-23T13:21:00.335+0000][77][info ][safepoint   ] Safepoint "Cleanup", Time since last: 26005356877 ns, Reaching safepoint: 8058600 ns, Cleanup: 18485 ns, At safepoint: 212460 ns, Total: 8289545 ns
[2025-05-23T13:22:00.370+0000][77][info ][safepoint   ] Safepoint "Cleanup", Time since last: 60039870504 ns, Reaching safepoint: 90528 ns, Cleanup: 16780 ns, At safepoint: 13434 ns, Total: 120742 ns
[2025-05-23T13:22:02.407+0000][77][info ][gc,start    ] GC(30) Pause Young (Normal) (G1 Evacuation Pause)
[2025-05-23T13:22:02.408+0000][77][info ][gc,task     ] GC(30) Using 10 workers of 10 for evacuation
[2025-05-23T13:22:02.409+0000][77][debug][gc,age      ] GC(30) Desired survivor size 153092096 bytes, new threshold 15 (max threshold 15)
[2025-05-23T13:22:02.499+0000][77][info ][gc,phases   ] GC(30)   Pre Evacuate Collection Set: 3.82ms
[2025-05-23T13:22:02.499+0000][77][info ][gc,phases   ] GC(30)   Merge Heap Roots: 0.76ms
[2025-05-23T13:22:02.500+0000][77][info ][gc,phases   ] GC(30)   Evacuate Collection Set: 72.55ms
[2025-05-23T13:22:02.501+0000][77][info ][gc,phases   ] GC(30)   Post Evacuate Collection Set: 11.54ms
[2025-05-23T13:22:02.501+0000][77][info ][gc,phases   ] GC(30)   Other: 2.26ms
[2025-05-23T13:22:02.502+0000][77][trace][gc,age      ] GC(30) Age table with threshold 15 (max threshold 15)
[2025-05-23T13:22:02.502+0000][77][trace][gc,age      ] GC(30) - age   1:    1896016 bytes,    1896016 total
[2025-05-23T13:22:02.503+0000][77][trace][gc,age      ] GC(30) - age   2:     102208 bytes,    1998224 total
[2025-05-23T13:22:02.503+0000][77][trace][gc,age      ] GC(30) - age   3:     119352 bytes,    2117576 total
[2025-05-23T13:22:02.503+0000][77][trace][gc,age      ] GC(30) - age   4:     217992 bytes,    2335568 total
[2025-05-23T13:22:02.504+0000][77][trace][gc,age      ] GC(30) - age   5:     119696 bytes,    2455264 total
[2025-05-23T13:22:02.504+0000][77][trace][gc,age      ] GC(30) - age   6:     107776 bytes,    2563040 total
[2025-05-23T13:22:02.505+0000][77][trace][gc,age      ] GC(30) - age   7:     126512 bytes,    2689552 total
[2025-05-23T13:22:02.505+0000][77][trace][gc,age      ] GC(30) - age   8:     127672 bytes,    2817224 total
[2025-05-23T13:22:02.506+0000][77][trace][gc,age      ] GC(30) - age   9:     124712 bytes,    2941936 total
[2025-05-23T13:22:02.506+0000][77][trace][gc,age      ] GC(30) - age  10:     105600 bytes,    3047536 total
[2025-05-23T13:22:02.507+0000][77][trace][gc,age      ] GC(30) - age  11:     133256 bytes,    3180792 total
[2025-05-23T13:22:02.507+0000][77][trace][gc,age      ] GC(30) - age  12:    1240536 bytes,    4421328 total
[2025-05-23T13:22:02.508+0000][77][trace][gc,age      ] GC(30) - age  13:     232392 bytes,    4653720 total
[2025-05-23T13:22:02.508+0000][77][trace][gc,age      ] GC(30) - age  14:      34256 bytes,    4687976 total
[2025-05-23T13:22:02.509+0000][77][trace][gc,age      ] GC(30) - age  15:     522896 bytes,    5210872 total
[2025-05-23T13:22:02.509+0000][77][info ][gc,heap     ] GC(30) Eden regions: 579->0(580)
[2025-05-23T13:22:02.509+0000][77][info ][gc,heap     ] GC(30) Survivor regions: 3->2(73)
[2025-05-23T13:22:02.510+0000][77][info ][gc,heap     ] GC(30) Old regions: 29->29
[2025-05-23T13:22:02.510+0000][77][info ][gc,heap     ] GC(30) Humongous regions: 0->0
[2025-05-23T13:22:02.511+0000][77][info ][gc,metaspace] GC(30) Metaspace: 149365K(153344K)->149365K(153344K) NonClass: 129281K(131456K)->129281K(131456K) Class: 20084K(21888K)->20084K(21888K)
[2025-05-23T13:22:02.512+0000][77][info ][gc          ] GC(30) Pause Young (Normal) (G1 Evacuation Pause) 2436M->120M(3880M) 105.012ms
[2025-05-23T13:22:02.512+0000][77][info ][gc,cpu      ] GC(30) User=0.65s Sys=0.00s Real=0.11s
[2025-05-23T13:22:02.513+0000][77][info ][safepoint   ] Safepoint "G1CollectForAllocation", Time since last: 2034676084 ns, Reaching safepoint: 30930 ns, Cleanup: 6590 ns, At safepoint: 107898116 ns, Total: 107935636 ns
[2025-05-23T13:22:38.847+0000][77][info ][gc,start    ] GC(31) Pause Young (Concurrent Start) (CodeCache GC Threshold)
[2025-05-23T13:22:38.849+0000][77][info ][gc,task     ] GC(31) Using 10 workers of 10 for evacuation
[2025-05-23T13:22:38.849+0000][77][debug][gc,age      ] GC(31) Desired survivor size 153092096 bytes, new threshold 15 (max threshold 15)
[2025-05-23T13:22:38.975+0000][77][info ][gc,phases   ] GC(31)   Pre Evacuate Collection Set: 1.86ms
[2025-05-23T13:22:38.975+0000][77][info ][gc,phases   ] GC(31)   Merge Heap Roots: 0.23ms
[2025-05-23T13:22:38.976+0000][77][info ][gc,phases   ] GC(31)   Evacuate Collection Set: 119.98ms
[2025-05-23T13:22:38.976+0000][77][info ][gc,phases   ] GC(31)   Post Evacuate Collection Set: 1.76ms
[2025-05-23T13:22:38.977+0000][77][info ][gc,phases   ] GC(31)   Other: 2.05ms
[2025-05-23T13:22:38.977+0000][77][trace][gc,age      ] GC(31) Age table with threshold 15 (max threshold 15)
[2025-05-23T13:22:38.978+0000][77][trace][gc,age      ] GC(31) - age   1:    1085680 bytes,    1085680 total
[2025-05-23T13:22:38.978+0000][77][trace][gc,age      ] GC(31) - age   2:     886528 bytes,    1972208 total
[2025-05-23T13:22:38.979+0000][77][trace][gc,age      ] GC(31) - age   3:     102104 bytes,    2074312 total
[2025-05-23T13:22:38.979+0000][77][trace][gc,age      ] GC(31) - age   4:     118928 bytes,    2193240 total
[2025-05-23T13:22:38.980+0000][77][trace][gc,age      ] GC(31) - age   5:     217992 bytes,    2411232 total
[2025-05-23T13:22:38.981+0000][77][trace][gc,age      ] GC(31) - age   6:     119696 bytes,    2530928 total
[2025-05-23T13:22:38.981+0000][77][trace][gc,age      ] GC(31) - age   7:     107776 bytes,    2638704 total
[2025-05-23T13:22:38.981+0000][77][trace][gc,age      ] GC(31) - age   8:     126512 bytes,    2765216 total
[2025-05-23T13:22:38.982+0000][77][trace][gc,age      ] GC(31) - age   9:     127672 bytes,    2892888 total
[2025-05-23T13:22:38.982+0000][77][trace][gc,age      ] GC(31) - age  10:     124712 bytes,    3017600 total
[2025-05-23T13:22:38.983+0000][77][trace][gc,age      ] GC(31) - age  11:     105600 bytes,    3123200 total
[2025-05-23T13:22:38.983+0000][77][trace][gc,age      ] GC(31) - age  12:     133256 bytes,    3256456 total
[2025-05-23T13:22:38.984+0000][77][trace][gc,age      ] GC(31) - age  13:    1240536 bytes,    4496992 total
[2025-05-23T13:22:38.984+0000][77][trace][gc,age      ] GC(31) - age  14:     232392 bytes,    4729384 total
[2025-05-23T13:22:38.984+0000][77][trace][gc,age      ] GC(31) - age  15:      34256 bytes,    4763640 total
[2025-05-23T13:22:38.985+0000][77][info ][gc,heap     ] GC(31) Eden regions: 18->0(174)
[2025-05-23T13:22:38.986+0000][77][info ][gc,heap     ] GC(31) Survivor regions: 2->2(73)
[2025-05-23T13:22:38.986+0000][77][info ][gc,heap     ] GC(31) Old regions: 29->29
[2025-05-23T13:22:38.986+0000][77][info ][gc,heap     ] GC(31) Humongous regions: 0->0
[2025-05-23T13:22:38.987+0000][77][info ][gc,metaspace] GC(31) Metaspace: 149365K(153344K)->149365K(153344K) NonClass: 129281K(131456K)->129281K(131456K) Class: 20084K(21888K)->20084K(21888K)
[2025-05-23T13:22:38.987+0000][77][info ][gc          ] GC(31) Pause Young (Concurrent Start) (CodeCache GC Threshold) 188M->120M(3880M) 139.773ms
[2025-05-23T13:22:38.988+0000][77][info ][gc,cpu      ] GC(31) User=0.37s Sys=0.04s Real=0.14s
[2025-05-23T13:22:38.989+0000][77][info ][safepoint   ] Safepoint "G1TryInitiateConcMark", Time since last: 36337320674 ns, Reaching safepoint: 53768 ns, Cleanup: 5590 ns, At safepoint: 141624711 ns, Total: 141684069 ns
[2025-05-23T13:22:38.990+0000][77][info ][gc          ] GC(32) Concurrent Mark Cycle
[2025-05-23T13:22:38.990+0000][77][info ][gc,marking  ] GC(32) Concurrent Scan Root Regions
[2025-05-23T13:22:39.097+0000][77][info ][gc,marking  ] GC(32) Concurrent Scan Root Regions 107.059ms
[2025-05-23T13:22:39.098+0000][77][info ][gc,marking  ] GC(32) Concurrent Mark
[2025-05-23T13:22:39.098+0000][77][info ][gc,marking  ] GC(32) Concurrent Mark From Roots
[2025-05-23T13:22:39.099+0000][77][info ][gc,task     ] GC(32) Using 3 workers of 3 for marking
[2025-05-23T13:22:39.618+0000][77][info ][gc,marking  ] GC(32) Concurrent Mark From Roots 519.361ms
[2025-05-23T13:22:39.618+0000][77][info ][gc,marking  ] GC(32) Concurrent Preclean
[2025-05-23T13:22:39.619+0000][77][info ][gc,marking  ] GC(32) Concurrent Preclean 1.185ms
[2025-05-23T13:22:39.620+0000][77][info ][gc,start    ] GC(32) Pause Remark
[2025-05-23T13:22:41.298+0000][77][info ][gc,mmu      ] GC(32) MMU target violated: 201.0ms (200.0ms/201.0ms)
[2025-05-23T13:22:41.299+0000][77][info ][gc          ] GC(32) Pause Remark 129M->129M(3880M) 1679.003ms
[2025-05-23T13:22:41.299+0000][77][info ][gc,cpu      ] GC(32) User=13.47s Sys=0.00s Real=1.67s
[2025-05-23T13:22:41.300+0000][77][info ][safepoint   ] Safepoint "G1PauseRemark", Time since last: 630592054 ns, Reaching safepoint: 29916 ns, Cleanup: 7015 ns, At safepoint: 1680523618 ns, Total: 1680560549 ns
[2025-05-23T13:22:41.303+0000][77][info ][gc,marking  ] GC(32) Concurrent Mark 2204.616ms
[2025-05-23T13:22:41.304+0000][77][info ][gc,marking  ] GC(32) Concurrent Rebuild Remembered Sets and Scrub Regions
[2025-05-23T13:22:41.448+0000][77][info ][gc,marking  ] GC(32) Concurrent Rebuild Remembered Sets and Scrub Regions 144.471ms
[2025-05-23T13:22:41.453+0000][77][info ][gc,start    ] GC(32) Pause Cleanup
[2025-05-23T13:22:41.454+0000][77][info ][gc          ] GC(32) Pause Cleanup 136M->136M(3880M) 0.712ms
[2025-05-23T13:22:41.454+0000][77][info ][gc,cpu      ] GC(32) User=0.00s Sys=0.00s Real=0.00s
[2025-05-23T13:22:41.455+0000][77][info ][safepoint   ] Safepoint "G1PauseCleanup", Time since last: 148407949 ns, Reaching safepoint: 4518309 ns, Cleanup: 201706 ns, At safepoint: 1511483 ns, Total: 6231498 ns
[2025-05-23T13:22:41.455+0000][77][info ][gc,marking  ] GC(32) Concurrent Clear Claimed Marks
[2025-05-23T13:22:41.456+0000][77][info ][gc,marking  ] GC(32) Concurrent Clear Claimed Marks 0.581ms
[2025-05-23T13:22:41.456+0000][77][info ][gc,marking  ] GC(32) Concurrent Cleanup for Next Mark
[2025-05-23T13:22:41.573+0000][77][info ][gc,marking  ] GC(32) Concurrent Cleanup for Next Mark 116.110ms
[2025-05-23T13:22:41.573+0000][77][info ][gc          ] GC(32) Concurrent Mark Cycle 2583.387ms
[2025-05-23T13:24:23.385+0000][77][info ][safepoint   ] Safepoint "Cleanup", Time since last: 101938556813 ns, Reaching safepoint: 22298 ns, Cleanup: 11085 ns, At safepoint: 25000 ns, Total: 58383 ns
[2025-05-23T13:24:24.403+0000][77][info ][safepoint   ] Safepoint "Cleanup", Time since last: 1017871769 ns, Reaching safepoint: 100289 ns, Cleanup: 103909 ns, At safepoint: 25288 ns, Total: 229486 ns
[2025-05-23T13:25:25.746+0000][77][info ][safepoint   ] Safepoint "Cleanup", Time since last: 61348309616 ns, Reaching safepoint: 9115 ns, Cleanup: 12286 ns, At safepoint: 3468 ns, Total: 24869 ns
[2025-05-23T13:26:28.772+0000][77][info ][safepoint   ] Safepoint "Cleanup", Time since last: 63033187397 ns, Reaching safepoint: 10283 ns, Cleanup: 7790 ns, At safepoint: 18757 ns, Total: 36830 ns
[2025-05-23T13:26:30.523+0000][77][info ][safepoint   ] Safepoint "Cleanup", Time since last: 1750848576 ns, Reaching safepoint: 31825 ns, Cleanup: 15393 ns, At safepoint: 13017 ns, Total: 60235 ns
[2025-05-23T13:30:38.046+0000][77][info ][safepoint   ] Safepoint "Cleanup", Time since last: 247544621017 ns, Reaching safepoint: 34252 ns, Cleanup: 104514 ns, At safepoint: 28395 ns, Total: 167161 ns
[2025-05-23T13:34:40.752+0000][77][info ][gc,start    ] GC(33) Pause Young (Prepare Mixed) (G1 Evacuation Pause)
[2025-05-23T13:34:40.754+0000][77][info ][gc,task     ] GC(33) Using 10 workers of 10 for evacuation
[2025-05-23T13:34:40.755+0000][77][debug][gc,age      ] GC(33) Desired survivor size 39845888 bytes, new threshold 15 (max threshold 15)
[2025-05-23T13:34:40.821+0000][77][info ][gc,phases   ] GC(33)   Pre Evacuate Collection Set: 6.77ms
[2025-05-23T13:34:40.822+0000][77][info ][gc,phases   ] GC(33)   Merge Heap Roots: 2.35ms
[2025-05-23T13:34:40.822+0000][77][info ][gc,phases   ] GC(33)   Evacuate Collection Set: 46.17ms
[2025-05-23T13:34:40.822+0000][77][info ][gc,phases   ] GC(33)   Post Evacuate Collection Set: 10.15ms
[2025-05-23T13:34:40.823+0000][77][info ][gc,phases   ] GC(33)   Other: 2.22ms
[2025-05-23T13:34:40.823+0000][77][trace][gc,age      ] GC(33) Age table with threshold 15 (max threshold 15)
[2025-05-23T13:34:40.823+0000][77][trace][gc,age      ] GC(33) - age   1:     797624 bytes,     797624 total
[2025-05-23T13:34:40.824+0000][77][trace][gc,age      ] GC(33) - age   2:       3440 bytes,     801064 total
[2025-05-23T13:34:40.824+0000][77][trace][gc,age      ] GC(33) - age   3:     515024 bytes,    1316088 total
[2025-05-23T13:34:40.825+0000][77][trace][gc,age      ] GC(33) - age   4:     101784 bytes,    1417872 total
[2025-05-23T13:34:40.825+0000][77][trace][gc,age      ] GC(33) - age   5:     118488 bytes,    1536360 total
[2025-05-23T13:34:40.826+0000][77][trace][gc,age      ] GC(33) - age   6:     217952 bytes,    1754312 total
[2025-05-23T13:34:40.826+0000][77][trace][gc,age      ] GC(33) - age   7:     119560 bytes,    1873872 total
[2025-05-23T13:34:40.826+0000][77][trace][gc,age      ] GC(33) - age   8:     107776 bytes,    1981648 total
[2025-05-23T13:34:40.827+0000][77][trace][gc,age      ] GC(33) - age   9:     126512 bytes,    2108160 total
[2025-05-23T13:34:40.827+0000][77][trace][gc,age      ] GC(33) - age  10:     127672 bytes,    2235832 total
[2025-05-23T13:34:40.827+0000][77][trace][gc,age      ] GC(33) - age  11:     124712 bytes,    2360544 total
[2025-05-23T13:34:40.828+0000][77][trace][gc,age      ] GC(33) - age  12:     105600 bytes,    2466144 total
[2025-05-23T13:34:40.828+0000][77][trace][gc,age      ] GC(33) - age  13:     133256 bytes,    2599400 total
[2025-05-23T13:34:40.829+0000][77][trace][gc,age      ] GC(33) - age  14:    1240536 bytes,    3839936 total
[2025-05-23T13:34:40.829+0000][77][trace][gc,age      ] GC(33) - age  15:     229848 bytes,    4069784 total
[2025-05-23T13:34:40.829+0000][77][info ][gc,heap     ] GC(33) Eden regions: 146->0(222)
[2025-05-23T13:34:40.830+0000][77][info ][gc,heap     ] GC(33) Survivor regions: 2->2(19)
[2025-05-23T13:34:40.830+0000][77][info ][gc,heap     ] GC(33) Old regions: 29->29
[2025-05-23T13:34:40.831+0000][77][info ][gc,heap     ] GC(33) Humongous regions: 0->0
[2025-05-23T13:34:40.831+0000][77][info ][gc,metaspace] GC(33) Metaspace: 146869K(153344K)->146869K(153344K) NonClass: 127428K(131456K)->127428K(131456K) Class: 19441K(21888K)->19441K(21888K)
[2025-05-23T13:34:40.832+0000][77][info ][gc          ] GC(33) Pause Young (Prepare Mixed) (G1 Evacuation Pause) 704M->119M(3880M) 80.363ms
[2025-05-23T13:34:40.833+0000][77][info ][gc,cpu      ] GC(33) User=0.45s Sys=0.02s Real=0.08s
[2025-05-23T13:34:40.834+0000][77][info ][safepoint   ] Safepoint "G1CollectForAllocation", Time since last: 242725445452 ns, Reaching safepoint: 88068 ns, Cleanup: 9514 ns, At safepoint: 83031243 ns, Total: 83128825 ns
[2025-05-23T13:36:02.388+0000][77][info ][safepoint   ] Safepoint "Cleanup", Time since last: 81561770072 ns, Reaching safepoint: 31321 ns, Cleanup: 15036 ns, At safepoint: 126111 ns, Total: 172468 ns
[2025-05-23T13:37:20.446+0000][77][info ][safepoint   ] Safepoint "Cleanup", Time since last: 78063825657 ns, Reaching safepoint: 124031 ns, Cleanup: 149204 ns, At safepoint: 93556 ns, Total: 366791 ns
[2025-05-23T13:41:26.629+0000][77][info ][safepoint   ] Safepoint "Cleanup", Time since last: 246203441104 ns, Reaching safepoint: 27533 ns, Cleanup: 14545 ns, At safepoint: 68264 ns, Total: 110342 ns
[2025-05-23T13:41:54.476+0000][77][info ][safepoint   ] Safepoint "Cleanup", Time since last: 27850281408 ns, Reaching safepoint: 36862 ns, Cleanup: 19538 ns, At safepoint: 20727 ns, Total: 77127 ns
[2025-05-23T13:42:14.783+0000][77][info ][safepoint   ] Safepoint "Cleanup", Time since last: 20309202308 ns, Reaching safepoint: 16305 ns, Cleanup: 132314 ns, At safepoint: 52778 ns, Total: 201397 ns
[2025-05-23T13:48:32.152+0000][77][info ][safepoint   ] Safepoint "Cleanup", Time since last: 377403167593 ns, Reaching safepoint: 30241 ns, Cleanup: 15461 ns, At safepoint: 79631 ns, Total: 125333 ns
[2025-05-23T13:48:33.178+0000][77][info ][safepoint   ] Safepoint "Cleanup", Time since last: 1026115872 ns, Reaching safepoint: 33378 ns, Cleanup: 18006 ns, At safepoint: 19126 ns, Total: 70510 ns
[2025-05-23T13:49:35.203+0000][77][info ][safepoint   ] Safepoint "Cleanup", Time since last: 62030722974 ns, Reaching safepoint: 16910 ns, Cleanup: 21138 ns, At safepoint: 77530 ns, Total: 115578 ns
[2025-05-23T13:52:53.999+0000][77][info ][safepoint   ] Safepoint "Cleanup", Time since last: 198811739058 ns, Reaching safepoint: 75377 ns, Cleanup: 17058 ns, At safepoint: 25414 ns, Total: 117849 ns
[2025-05-23T13:54:25.796+0000][77][info ][gc,start    ] GC(34) Pause Young (Mixed) (G1 Evacuation Pause)
[2025-05-23T13:54:25.798+0000][77][info ][gc,task     ] GC(34) Using 10 workers of 10 for evacuation
[2025-05-23T13:54:25.798+0000][77][debug][gc,age      ] GC(34) Desired survivor size 69206016 bytes, new threshold 15 (max threshold 15)
[2025-05-23T13:54:25.909+0000][77][info ][gc,phases   ] GC(34)   Pre Evacuate Collection Set: 1.90ms
[2025-05-23T13:54:25.910+0000][77][info ][gc,phases   ] GC(34)   Merge Heap Roots: 0.91ms
[2025-05-23T13:54:25.910+0000][77][info ][gc,phases   ] GC(34)   Evacuate Collection Set: 99.74ms
[2025-05-23T13:54:25.911+0000][77][info ][gc,phases   ] GC(34)   Post Evacuate Collection Set: 7.96ms
[2025-05-23T13:54:25.912+0000][77][info ][gc,phases   ] GC(34)   Other: 2.25ms
[2025-05-23T13:54:25.912+0000][77][trace][gc,age      ] GC(34) Age table with threshold 15 (max threshold 15)
[2025-05-23T13:54:25.912+0000][77][trace][gc,age      ] GC(34) - age   1:    1560816 bytes,    1560816 total
[2025-05-23T13:54:25.913+0000][77][trace][gc,age      ] GC(34) - age   2:      27704 bytes,    1588520 total
[2025-05-23T13:54:25.913+0000][77][trace][gc,age      ] GC(34) - age   3:       1880 bytes,    1590400 total
[2025-05-23T13:54:25.914+0000][77][trace][gc,age      ] GC(34) - age   4:     191432 bytes,    1781832 total
[2025-05-23T13:54:25.914+0000][77][trace][gc,age      ] GC(34) - age   5:     101360 bytes,    1883192 total
[2025-05-23T13:54:25.914+0000][77][trace][gc,age      ] GC(34) - age   6:     118448 bytes,    2001640 total
[2025-05-23T13:54:25.915+0000][77][trace][gc,age      ] GC(34) - age   7:     217872 bytes,    2219512 total
[2025-05-23T13:54:25.915+0000][77][trace][gc,age      ] GC(34) - age   8:     119560 bytes,    2339072 total
[2025-05-23T13:54:25.916+0000][77][trace][gc,age      ] GC(34) - age   9:     107776 bytes,    2446848 total
[2025-05-23T13:54:25.916+0000][77][trace][gc,age      ] GC(34) - age  10:     126440 bytes,    2573288 total
[2025-05-23T13:54:25.916+0000][77][trace][gc,age      ] GC(34) - age  11:     127632 bytes,    2700920 total
[2025-05-23T13:54:25.917+0000][77][trace][gc,age      ] GC(34) - age  12:     124712 bytes,    2825632 total
[2025-05-23T13:54:25.917+0000][77][trace][gc,age      ] GC(34) - age  13:     105600 bytes,    2931232 total
[2025-05-23T13:54:25.918+0000][77][trace][gc,age      ] GC(34) - age  14:     133256 bytes,    3064488 total
[2025-05-23T13:54:25.918+0000][77][trace][gc,age      ] GC(34) - age  15:    1240536 bytes,    4305024 total
[2025-05-23T13:54:25.918+0000][77][info ][gc,heap     ] GC(34) Eden regions: 260->0(302)
[2025-05-23T13:54:25.919+0000][77][info ][gc,heap     ] GC(34) Survivor regions: 2->2(33)
[2025-05-23T13:54:25.919+0000][77][info ][gc,heap     ] GC(34) Old regions: 29->29
[2025-05-23T13:54:25.920+0000][77][info ][gc,heap     ] GC(34) Humongous regions: 0->0
[2025-05-23T13:54:25.920+0000][77][info ][gc,metaspace] GC(34) Metaspace: 146871K(153344K)->146871K(153344K) NonClass: 127429K(131456K)->127429K(131456K) Class: 19441K(21888K)->19441K(21888K)
[2025-05-23T13:54:25.921+0000][77][info ][gc          ] GC(34) Pause Young (Mixed) (G1 Evacuation Pause) 1159M->118M(3880M) 124.924ms
[2025-05-23T13:54:25.921+0000][77][info ][gc,cpu      ] GC(34) User=0.40s Sys=0.09s Real=0.13s
[2025-05-23T13:54:25.922+0000][77][info ][safepoint   ] Safepoint "G1CollectForAllocation", Time since last: 91804894692 ns, Reaching safepoint: 139813 ns, Cleanup: 5445 ns, At safepoint: 126128284 ns, Total: 126273542 ns
[2025-05-23T13:56:40.910+0000][77][info ][safepoint   ] Safepoint "Cleanup", Time since last: 135001780467 ns, Reaching safepoint: 146678 ns, Cleanup: 14657 ns, At safepoint: 58091 ns, Total: 219426 ns
[2025-05-23T13:58:13.867+0000][77][info ][safepoint   ] Safepoint "Cleanup", Time since last: 92964309293 ns, Reaching safepoint: 26792 ns, Cleanup: 15664 ns, At safepoint: 77112 ns, Total: 119568 ns
[2025-05-23T14:03:14.351+0000][77][info ][safepoint   ] Safepoint "Cleanup", Time since last: 300511147493 ns, Reaching safepoint: 21048 ns, Cleanup: 18574 ns, At safepoint: 71344 ns, Total: 110966 ns
[2025-05-23T14:05:33.411+0000][77][info ][safepoint   ] Safepoint "Cleanup", Time since last: 139072160455 ns, Reaching safepoint: 36399 ns, Cleanup: 22158 ns, At safepoint: 79317 ns, Total: 137874 ns
[2025-05-23T14:06:33.455+0000][77][info ][safepoint   ] Safepoint "Cleanup", Time since last: 60048995962 ns, Reaching safepoint: 30504 ns, Cleanup: 17746 ns, At safepoint: 128744 ns, Total: 176994 ns
[2025-05-23T14:09:31.897+0000][77][info ][safepoint   ] Safepoint "Cleanup", Time since last: 178457207297 ns, Reaching safepoint: 103978 ns, Cleanup: 13330 ns, At safepoint: 58079 ns, Total: 175387 ns
[2025-05-23T14:17:55.965+0000][77][info ][safepoint   ] Safepoint "Cleanup", Time since last: 504109919260 ns, Reaching safepoint: 16316 ns, Cleanup: 10101 ns, At safepoint: 3622 ns, Total: 30039 ns
[2025-05-23T14:18:58.937+0000][77][info ][safepoint   ] Safepoint "Cleanup", Time since last: 62981045543 ns, Reaching safepoint: 278961 ns, Cleanup: 178583 ns, At safepoint: 253068 ns, Total: 710612 ns
[2025-05-23T14:19:00.330+0000][77][info ][safepoint   ] Safepoint "Cleanup", Time since last: 1392409004 ns, Reaching safepoint: 45186 ns, Cleanup: 24505 ns, At safepoint: 21582 ns, Total: 91273 ns
[2025-05-23T14:22:08.059+0000][77][info ][gc,start    ] GC(35) Pause Young (Normal) (G1 Evacuation Pause)
[2025-05-23T14:22:08.061+0000][77][info ][gc,task     ] GC(35) Using 10 workers of 10 for evacuation
[2025-05-23T14:22:08.063+0000][77][debug][gc,age      ] GC(35) Desired survivor size 90177536 bytes, new threshold 15 (max threshold 15)
[2025-05-23T14:22:08.171+0000][77][info ][gc,phases   ] GC(35)   Pre Evacuate Collection Set: 13.92ms
[2025-05-23T14:22:08.171+0000][77][info ][gc,phases   ] GC(35)   Merge Heap Roots: 3.71ms
[2025-05-23T14:22:08.172+0000][77][info ][gc,phases   ] GC(35)   Evacuate Collection Set: 69.95ms
[2025-05-23T14:22:08.172+0000][77][info ][gc,phases   ] GC(35)   Post Evacuate Collection Set: 18.70ms
[2025-05-23T14:22:08.172+0000][77][info ][gc,phases   ] GC(35)   Other: 3.65ms
[2025-05-23T14:22:08.173+0000][77][trace][gc,age      ] GC(35) Age table with threshold 15 (max threshold 15)
[2025-05-23T14:22:08.173+0000][77][trace][gc,age      ] GC(35) - age   1:    1103872 bytes,    1103872 total
[2025-05-23T14:22:08.174+0000][77][trace][gc,age      ] GC(35) - age   2:     445256 bytes,    1549128 total
[2025-05-23T14:22:08.174+0000][77][trace][gc,age      ] GC(35) - age   3:      26232 bytes,    1575360 total
[2025-05-23T14:22:08.175+0000][77][trace][gc,age      ] GC(35) - age   4:       1656 bytes,    1577016 total
[2025-05-23T14:22:08.175+0000][77][trace][gc,age      ] GC(35) - age   5:     109176 bytes,    1686192 total
[2025-05-23T14:22:08.176+0000][77][trace][gc,age      ] GC(35) - age   6:     100928 bytes,    1787120 total
[2025-05-23T14:22:08.176+0000][77][trace][gc,age      ] GC(35) - age   7:     117888 bytes,    1905008 total
[2025-05-23T14:22:08.177+0000][77][trace][gc,age      ] GC(35) - age   8:     217568 bytes,    2122576 total
[2025-05-23T14:22:08.177+0000][77][trace][gc,age      ] GC(35) - age   9:     119560 bytes,    2242136 total
[2025-05-23T14:22:08.178+0000][77][trace][gc,age      ] GC(35) - age  10:     107776 bytes,    2349912 total
[2025-05-23T14:22:08.179+0000][77][trace][gc,age      ] GC(35) - age  11:     126168 bytes,    2476080 total
[2025-05-23T14:22:08.179+0000][77][trace][gc,age      ] GC(35) - age  12:     127632 bytes,    2603712 total
[2025-05-23T14:22:08.180+0000][77][trace][gc,age      ] GC(35) - age  13:     124712 bytes,    2728424 total
[2025-05-23T14:22:08.180+0000][77][trace][gc,age      ] GC(35) - age  14:     105600 bytes,    2834024 total
[2025-05-23T14:22:08.180+0000][77][trace][gc,age      ] GC(35) - age  15:     133256 bytes,    2967280 total
[2025-05-23T14:22:08.181+0000][77][info ][gc,heap     ] GC(35) Eden regions: 341->0(339)
[2025-05-23T14:22:08.181+0000][77][info ][gc,heap     ] GC(35) Survivor regions: 2->1(43)
[2025-05-23T14:22:08.181+0000][77][info ][gc,heap     ] GC(35) Old regions: 29->29
[2025-05-23T14:22:08.182+0000][77][info ][gc,heap     ] GC(35) Humongous regions: 0->0
[2025-05-23T14:22:08.182+0000][77][info ][gc,metaspace] GC(35) Metaspace: 146885K(153344K)->146885K(153344K) NonClass: 127443K(131456K)->127443K(131456K) Class: 19441K(21888K)->19441K(21888K)
[2025-05-23T14:22:08.183+0000][77][info ][gc          ] GC(35) Pause Young (Normal) (G1 Evacuation Pause) 1482M->118M(3880M) 123.519ms
[2025-05-23T14:22:08.183+0000][77][info ][gc,cpu      ] GC(35) User=0.69s Sys=0.02s Real=0.13s
[2025-05-23T14:22:08.184+0000][77][info ][safepoint   ] Safepoint "G1CollectForAllocation", Time since last: 187744039807 ns, Reaching safepoint: 31764 ns, Cleanup: 6784 ns, At safepoint: 125887673 ns, Total: 125926221 ns
[2025-05-23T14:33:40.968+0000][77][info ][safepoint   ] Safepoint "Cleanup", Time since last: 692841901556 ns, Reaching safepoint: 24978 ns, Cleanup: 18249 ns, At safepoint: 90833 ns, Total: 134060 ns
[2025-05-23T14:41:02.845+0000][77][info ][safepoint   ] Safepoint "Cleanup", Time since last: 441915599542 ns, Reaching safepoint: 20707 ns, Cleanup: 15945 ns, At safepoint: 73336 ns, Total: 109988 ns
[2025-05-23T14:41:08.393+0000][77][info ][safepoint   ] Safepoint "Cleanup", Time since last: 5547316412 ns, Reaching safepoint: 133332 ns, Cleanup: 308322 ns, At safepoint: 54136 ns, Total: 495790 ns
[2025-05-23T14:41:09.893+0000][77][info ][safepoint   ] Safepoint "Cleanup", Time since last: 1500583544 ns, Reaching safepoint: 16287 ns, Cleanup: 15994 ns, At safepoint: 22818 ns, Total: 55099 ns
[2025-05-23T14:41:24.370+0000][77][info ][safepoint   ] Safepoint "Cleanup", Time since last: 14476492925 ns, Reaching safepoint: 61036 ns, Cleanup: 18458 ns, At safepoint: 11043 ns, Total: 90537 ns
[2025-05-23T14:41:26.089+0000][77][info ][safepoint   ] Safepoint "Cleanup", Time since last: 1718801708 ns, Reaching safepoint: 16308 ns, Cleanup: 16539 ns, At safepoint: 116877 ns, Total: 149724 ns
[2025-05-23T14:41:27.968+0000][77][info ][safepoint   ] Safepoint "Cleanup", Time since last: 1878847215 ns, Reaching safepoint: 33857 ns, Cleanup: 55929 ns, At safepoint: 22241 ns, Total: 112027 ns
[2025-05-23T14:41:28.966+0000][77][info ][safepoint   ] Safepoint "Cleanup", Time since last: 1000778410 ns, Reaching safepoint: 508603 ns, Cleanup: 40278 ns, At safepoint: 144509 ns, Total: 693390 ns
[2025-05-23T14:41:31.990+0000][77][info ][safepoint   ] Safepoint "Cleanup", Time since last: 3024452154 ns, Reaching safepoint: 15629 ns, Cleanup: 12225 ns, At safepoint: 5167 ns, Total: 33021 ns
[2025-05-23T14:41:32.997+0000][77][info ][safepoint   ] Safepoint "Cleanup", Time since last: 1006577512 ns, Reaching safepoint: 19368 ns, Cleanup: 33024 ns, At safepoint: 73811 ns, Total: 126203 ns
[2025-05-23T14:41:34.006+0000][77][info ][safepoint   ] Safepoint "Cleanup", Time since last: 1008765409 ns, Reaching safepoint: 28261 ns, Cleanup: 17388 ns, At safepoint: 13136 ns, Total: 58785 ns
[2025-05-23T14:41:39.032+0000][77][info ][safepoint   ] Safepoint "Cleanup", Time since last: 5026073556 ns, Reaching safepoint: 18969 ns, Cleanup: 14246 ns, At safepoint: 10574 ns, Total: 43789 ns
[2025-05-23T14:41:49.024+0000][77][info ][safepoint   ] Safepoint "Cleanup", Time since last: 9991581316 ns, Reaching safepoint: 29855 ns, Cleanup: 15578 ns, At safepoint: 76259 ns, Total: 121692 ns
[2025-05-23T14:42:00.077+0000][77][info ][safepoint   ] Safepoint "Cleanup", Time since last: 11055048106 ns, Reaching safepoint: 22078 ns, Cleanup: 24643 ns, At safepoint: 12884 ns, Total: 59605 ns
[2025-05-23T14:42:04.075+0000][77][info ][safepoint   ] Safepoint "Cleanup", Time since last: 3998496302 ns, Reaching safepoint: 21648 ns, Cleanup: 15231 ns, At safepoint: 10708 ns, Total: 47587 ns
[2025-05-23T14:43:18.236+0000][77][info ][safepoint   ] Safepoint "Cleanup", Time since last: 74165255327 ns, Reaching safepoint: 29045 ns, Cleanup: 14457 ns, At safepoint: 71682 ns, Total: 115184 ns
[2025-05-23T14:43:23.312+0000][77][info ][safepoint   ] Safepoint "Cleanup", Time since last: 5075994439 ns, Reaching safepoint: 18527 ns, Cleanup: 33181 ns, At safepoint: 24638 ns, Total: 76346 ns
[2025-05-23T14:44:00.324+0000][77][info ][safepoint   ] Safepoint "Cleanup", Time since last: 37018230487 ns, Reaching safepoint: 88829 ns, Cleanup: 21412 ns, At safepoint: 22404 ns, Total: 132645 ns
[2025-05-23T14:44:11.021+0000][77][info ][safepoint   ] Safepoint "Cleanup", Time since last: 10696062063 ns, Reaching safepoint: 215511 ns, Cleanup: 13568 ns, At safepoint: 88954 ns, Total: 318033 ns
[2025-05-23T14:45:00.466+0000][77][info ][safepoint   ] Safepoint "Cleanup", Time since last: 49450003316 ns, Reaching safepoint: 34067 ns, Cleanup: 20611 ns, At safepoint: 14423 ns, Total: 69101 ns
[2025-05-23T14:46:17.427+0000][77][info ][safepoint   ] Safepoint "Cleanup", Time since last: 76966919687 ns, Reaching safepoint: 9392 ns, Cleanup: 10445 ns, At safepoint: 20825 ns, Total: 40662 ns
[2025-05-23T14:47:39.496+0000][77][info ][safepoint   ] Safepoint "Cleanup", Time since last: 82076140476 ns, Reaching safepoint: 70577 ns, Cleanup: 16467 ns, At safepoint: 16197 ns, Total: 103241 ns
[2025-05-23T14:48:19.172+0000][77][info ][safepoint   ] Safepoint "Cleanup", Time since last: 39679898850 ns, Reaching safepoint: 17936 ns, Cleanup: 21442 ns, At safepoint: 84144 ns, Total: 123522 ns
[2025-05-23T14:48:23.659+0000][77][info ][safepoint   ] Safepoint "Cleanup", Time since last: 4486843421 ns, Reaching safepoint: 140746 ns, Cleanup: 10544 ns, At safepoint: 57242 ns, Total: 208532 ns
[2025-05-23T14:49:00.668+0000][77][info ][safepoint   ] Safepoint "Cleanup", Time since last: 37012435608 ns, Reaching safepoint: 74045 ns, Cleanup: 15335 ns, At safepoint: 11195 ns, Total: 100575 ns
[2025-05-23T14:49:28.728+0000][77][info ][safepoint   ] Safepoint "Cleanup", Time since last: 28059592557 ns, Reaching safepoint: 40582 ns, Cleanup: 18676 ns, At safepoint: 12250 ns, Total: 71508 ns
[2025-05-23T14:50:29.023+0000][77][info ][safepoint   ] Safepoint "Cleanup", Time since last: 60303631061 ns, Reaching safepoint: 10538 ns, Cleanup: 10896 ns, At safepoint: 15036 ns, Total: 36470 ns
[2025-05-23T14:50:30.780+0000][77][info ][safepoint   ] Safepoint "Cleanup", Time since last: 1756373631 ns, Reaching safepoint: 19566 ns, Cleanup: 14898 ns, At safepoint: 9580 ns, Total: 44044 ns
[2025-05-23T14:50:32.781+0000][77][info ][safepoint   ] Safepoint "Cleanup", Time since last: 2000675692 ns, Reaching safepoint: 31827 ns, Cleanup: 17884 ns, At safepoint: 19959 ns, Total: 69670 ns
[2025-05-23T14:50:33.781+0000][77][info ][safepoint   ] Safepoint "Cleanup", Time since last: 1000521730 ns, Reaching safepoint: 16022 ns, Cleanup: 12176 ns, At safepoint: 8045 ns, Total: 36243 ns
[2025-05-23T14:52:23.006+0000][77][info ][gc,start    ] GC(36) Pause Young (Normal) (G1 Evacuation Pause)
[2025-05-23T14:52:23.008+0000][77][info ][gc,task     ] GC(36) Using 10 workers of 10 for evacuation
[2025-05-23T14:52:23.008+0000][77][debug][gc,age      ] GC(36) Desired survivor size 102760448 bytes, new threshold 15 (max threshold 15)
[2025-05-23T14:52:23.100+0000][77][info ][gc,phases   ] GC(36)   Pre Evacuate Collection Set: 7.45ms
[2025-05-23T14:52:23.101+0000][77][info ][gc,phases   ] GC(36)   Merge Heap Roots: 3.74ms
[2025-05-23T14:52:23.101+0000][77][info ][gc,phases   ] GC(36)   Evacuate Collection Set: 60.97ms
[2025-05-23T14:52:23.101+0000][77][info ][gc,phases   ] GC(36)   Post Evacuate Collection Set: 17.63ms
[2025-05-23T14:52:23.102+0000][77][info ][gc,phases   ] GC(36)   Other: 2.77ms
[2025-05-23T14:52:23.102+0000][77][trace][gc,age      ] GC(36) Age table with threshold 15 (max threshold 15)
[2025-05-23T14:52:23.103+0000][77][trace][gc,age      ] GC(36) - age   1:    1752360 bytes,    1752360 total
[2025-05-23T14:52:23.103+0000][77][trace][gc,age      ] GC(36) - age   2:      63232 bytes,    1815592 total
[2025-05-23T14:52:23.104+0000][77][trace][gc,age      ] GC(36) - age   3:     130200 bytes,    1945792 total
[2025-05-23T14:52:23.104+0000][77][trace][gc,age      ] GC(36) - age   4:      25528 bytes,    1971320 total
[2025-05-23T14:52:23.105+0000][77][trace][gc,age      ] GC(36) - age   5:       1592 bytes,    1972912 total
[2025-05-23T14:52:23.105+0000][77][trace][gc,age      ] GC(36) - age   6:     106808 bytes,    2079720 total
[2025-05-23T14:52:23.105+0000][77][trace][gc,age      ] GC(36) - age   7:     100928 bytes,    2180648 total
[2025-05-23T14:52:23.106+0000][77][trace][gc,age      ] GC(36) - age   8:     117288 bytes,    2297936 total
[2025-05-23T14:52:23.107+0000][77][trace][gc,age      ] GC(36) - age   9:     116760 bytes,    2414696 total
[2025-05-23T14:52:23.107+0000][77][trace][gc,age      ] GC(36) - age  10:     119440 bytes,    2534136 total
[2025-05-23T14:52:23.107+0000][77][trace][gc,age      ] GC(36) - age  11:     107576 bytes,    2641712 total
[2025-05-23T14:52:23.108+0000][77][trace][gc,age      ] GC(36) - age  12:     121128 bytes,    2762840 total
[2025-05-23T14:52:23.108+0000][77][trace][gc,age      ] GC(36) - age  13:     127496 bytes,    2890336 total
[2025-05-23T14:52:23.109+0000][77][trace][gc,age      ] GC(36) - age  14:     124440 bytes,    3014776 total
[2025-05-23T14:52:23.109+0000][77][trace][gc,age      ] GC(36) - age  15:     105600 bytes,    3120376 total
[2025-05-23T14:52:23.110+0000][77][info ][gc,heap     ] GC(36) Eden regions: 390->0(393)
[2025-05-23T14:52:23.110+0000][77][info ][gc,heap     ] GC(36) Survivor regions: 1->1(49)
[2025-05-23T14:52:23.111+0000][77][info ][gc,heap     ] GC(36) Old regions: 29->29
[2025-05-23T14:52:23.111+0000][77][info ][gc,heap     ] GC(36) Humongous regions: 0->0
[2025-05-23T14:52:23.111+0000][77][info ][gc,metaspace] GC(36) Metaspace: 146938K(153408K)->146938K(153408K) NonClass: 127497K(131520K)->127497K(131520K) Class: 19441K(21888K)->19441K(21888K)
[2025-05-23T14:52:23.112+0000][77][info ][gc          ] GC(36) Pause Young (Normal) (G1 Evacuation Pause) 1678M->118M(3880M) 106.408ms
[2025-05-23T14:52:23.113+0000][77][info ][gc,cpu      ] GC(36) User=0.42s Sys=0.05s Real=0.11s
[2025-05-23T14:52:23.114+0000][77][info ][safepoint   ] Safepoint "G1CollectForAllocation", Time since last: 109230015119 ns, Reaching safepoint: 149486 ns, Cleanup: 8584 ns, At safepoint: 110171945 ns, Total: 110330015 ns
[2025-05-23T14:52:35.841+0000][77][info ][safepoint   ] Safepoint "Cleanup", Time since last: 12729736707 ns, Reaching safepoint: 14998 ns, Cleanup: 21167 ns, At safepoint: 81104 ns, Total: 117269 ns
[2025-05-23T14:52:36.866+0000][77][info ][safepoint   ] Safepoint "Cleanup", Time since last: 1024505884 ns, Reaching safepoint: 30651 ns, Cleanup: 16809 ns, At safepoint: 15238 ns, Total: 62698 ns
[2025-05-23T14:53:38.987+0000][77][info ][safepoint   ] Safepoint "Cleanup", Time since last: 62126725901 ns, Reaching safepoint: 14402 ns, Cleanup: 20045 ns, At safepoint: 82938 ns, Total: 117385 ns
[2025-05-23T14:54:42.039+0000][77][info ][safepoint   ] Safepoint "Cleanup", Time since last: 63057506100 ns, Reaching safepoint: 20604 ns, Cleanup: 12076 ns, At safepoint: 20614 ns, Total: 53294 ns
[2025-05-23T14:55:33.827+0000][77][info ][safepoint   ] Safepoint "Cleanup", Time since last: 51792261364 ns, Reaching safepoint: 39300 ns, Cleanup: 22033 ns, At safepoint: 21048 ns, Total: 82381 ns
[2025-05-23T14:56:04.130+0000][77][info ][safepoint   ] Safepoint "Cleanup", Time since last: 30306389197 ns, Reaching safepoint: 80691 ns, Cleanup: 20177 ns, At safepoint: 22731 ns, Total: 123599 ns
[2025-05-23T14:57:00.174+0000][77][info ][safepoint   ] Safepoint "Cleanup", Time since last: 56049397580 ns, Reaching safepoint: 79682 ns, Cleanup: 19052 ns, At safepoint: 21368 ns, Total: 120102 ns
[2025-05-23T14:57:59.254+0000][77][info ][safepoint   ] Safepoint "Cleanup", Time since last: 59084944818 ns, Reaching safepoint: 32575 ns, Cleanup: 11208 ns, At safepoint: 9028 ns, Total: 52811 ns
[2025-05-23T14:58:00.277+0000][77][info ][safepoint   ] Safepoint "Cleanup", Time since last: 1022741561 ns, Reaching safepoint: 33272 ns, Cleanup: 20039 ns, At safepoint: 18215 ns, Total: 71526 ns
[2025-05-23T14:58:19.232+0000][77][info ][safepoint   ] Safepoint "Cleanup", Time since last: 18955052510 ns, Reaching safepoint: 32546 ns, Cleanup: 16650 ns, At safepoint: 13721 ns, Total: 62917 ns
[2025-05-23T14:58:53.057+0000][77][info ][safepoint   ] Safepoint "Cleanup", Time since last: 33826668605 ns, Reaching safepoint: 90035 ns, Cleanup: 11187 ns, At safepoint: 17528 ns, Total: 118750 ns
[2025-05-23T14:58:54.450+0000][77][info ][safepoint   ] Safepoint "Cleanup", Time since last: 1393215365 ns, Reaching safepoint: 24776 ns, Cleanup: 14813 ns, At safepoint: 10324 ns, Total: 49913 ns
[2025-05-23T14:59:04.449+0000][77][info ][safepoint   ] Safepoint "Cleanup", Time since last: 10001917522 ns, Reaching safepoint: 75643 ns, Cleanup: 20118 ns, At safepoint: 22119 ns, Total: 117880 ns
[2025-05-23T15:00:36.991+0000][77][info ][safepoint   ] Safepoint "Cleanup", Time since last: 92549540098 ns, Reaching safepoint: 38108 ns, Cleanup: 18664 ns, At safepoint: 19364 ns, Total: 76136 ns
[2025-05-23T15:03:11.064+0000][77][info ][safepoint   ] Safepoint "Cleanup", Time since last: 154085617342 ns, Reaching safepoint: 20697 ns, Cleanup: 15353 ns, At safepoint: 76054 ns, Total: 112104 ns
[2025-05-23T15:13:09.224+0000][77][info ][safepoint   ] Safepoint "Cleanup", Time since last: 598210939716 ns, Reaching safepoint: 219474 ns, Cleanup: 79449 ns, At safepoint: 32418 ns, Total: 331341 ns
[2025-05-23T15:13:32.319+0000][77][info ][safepoint   ] Safepoint "Cleanup", Time since last: 23097033237 ns, Reaching safepoint: 205446 ns, Cleanup: 22645 ns, At safepoint: 199137 ns, Total: 427228 ns
[2025-05-23T15:14:00.430+0000][77][info ][safepoint   ] Safepoint "Cleanup", Time since last: 28113190756 ns, Reaching safepoint: 78821 ns, Cleanup: 354488 ns, At safepoint: 36783 ns, Total: 470092 ns
[2025-05-23T15:19:23.616+0000][77][info ][safepoint   ] Safepoint "Cleanup", Time since last: 323211137174 ns, Reaching safepoint: 35620 ns, Cleanup: 21758 ns, At safepoint: 19938 ns, Total: 77316 ns
[2025-05-23T15:25:05.186+0000][77][info ][safepoint   ] Safepoint "Cleanup", Time since last: 341600931111 ns, Reaching safepoint: 16938 ns, Cleanup: 6852 ns, At safepoint: 3934 ns, Total: 27724 ns
[2025-05-23T15:26:41.194+0000][77][info ][safepoint   ] Safepoint "Cleanup", Time since last: 96015139287 ns, Reaching safepoint: 122702 ns, Cleanup: 11636 ns, At safepoint: 68252 ns, Total: 202590 ns
[2025-05-23T15:26:42.257+0000][77][info ][safepoint   ] Safepoint "Cleanup", Time since last: 1062873455 ns, Reaching safepoint: 16710 ns, Cleanup: 25601 ns, At safepoint: 67866 ns, Total: 110177 ns
[2025-05-23T15:27:23.121+0000][77][info ][gc,start    ] GC(37) Pause Young (Normal) (G1 Evacuation Pause)
[2025-05-23T15:27:23.123+0000][77][info ][gc,task     ] GC(37) Using 10 workers of 10 for evacuation
[2025-05-23T15:27:23.123+0000][77][debug][gc,age      ] GC(37) Desired survivor size 115343360 bytes, new threshold 15 (max threshold 15)
[2025-05-23T15:27:23.232+0000][77][info ][gc,phases   ] GC(37)   Pre Evacuate Collection Set: 14.00ms
[2025-05-23T15:27:23.233+0000][77][info ][gc,phases   ] GC(37)   Merge Heap Roots: 2.20ms
[2025-05-23T15:27:23.233+0000][77][info ][gc,phases   ] GC(37)   Evacuate Collection Set: 68.34ms
[2025-05-23T15:27:23.233+0000][77][info ][gc,phases   ] GC(37)   Post Evacuate Collection Set: 22.86ms
[2025-05-23T15:27:23.234+0000][77][info ][gc,phases   ] GC(37)   Other: 2.23ms
[2025-05-23T15:27:23.234+0000][77][trace][gc,age      ] GC(37) Age table with threshold 15 (max threshold 15)
[2025-05-23T15:27:23.235+0000][77][trace][gc,age      ] GC(37) - age   1:     926744 bytes,     926744 total
[2025-05-23T15:27:23.235+0000][77][trace][gc,age      ] GC(37) - age   2:     935856 bytes,    1862600 total
[2025-05-23T15:27:23.236+0000][77][trace][gc,age      ] GC(37) - age   3:      60968 bytes,    1923568 total
[2025-05-23T15:27:23.236+0000][77][trace][gc,age      ] GC(37) - age   4:      48896 bytes,    1972464 total
[2025-05-23T15:27:23.237+0000][77][trace][gc,age      ] GC(37) - age   5:      25528 bytes,    1997992 total
[2025-05-23T15:27:23.238+0000][77][trace][gc,age      ] GC(37) - age   6:       1592 bytes,    1999584 total
[2025-05-23T15:27:23.238+0000][77][trace][gc,age      ] GC(37) - age   7:     106368 bytes,    2105952 total
[2025-05-23T15:27:23.238+0000][77][trace][gc,age      ] GC(37) - age   8:     100928 bytes,    2206880 total
[2025-05-23T15:27:23.239+0000][77][trace][gc,age      ] GC(37) - age   9:     117024 bytes,    2323904 total
[2025-05-23T15:27:23.239+0000][77][trace][gc,age      ] GC(37) - age  10:     116760 bytes,    2440664 total
[2025-05-23T15:27:23.240+0000][77][trace][gc,age      ] GC(37) - age  11:     119040 bytes,    2559704 total
[2025-05-23T15:27:23.240+0000][77][trace][gc,age      ] GC(37) - age  12:     107576 bytes,    2667280 total
[2025-05-23T15:27:23.241+0000][77][trace][gc,age      ] GC(37) - age  13:     121128 bytes,    2788408 total
[2025-05-23T15:27:23.241+0000][77][trace][gc,age      ] GC(37) - age  14:     127496 bytes,    2915904 total
[2025-05-23T15:27:23.242+0000][77][trace][gc,age      ] GC(37) - age  15:     124440 bytes,    3040344 total
[2025-05-23T15:27:23.242+0000][77][info ][gc,heap     ] GC(37) Eden regions: 434->0(461)
[2025-05-23T15:27:23.243+0000][77][info ][gc,heap     ] GC(37) Survivor regions: 1->1(55)
[2025-05-23T15:27:23.243+0000][77][info ][gc,heap     ] GC(37) Old regions: 29->29
[2025-05-23T15:27:23.244+0000][77][info ][gc,heap     ] GC(37) Humongous regions: 0->0
[2025-05-23T15:27:23.244+0000][77][info ][gc,metaspace] GC(37) Metaspace: 146960K(153408K)->146960K(153408K) NonClass: 127519K(131520K)->127519K(131520K) Class: 19441K(21888K)->19441K(21888K)
[2025-05-23T15:27:23.246+0000][77][info ][gc          ] GC(37) Pause Young (Normal) (G1 Evacuation Pause) 1854M->118M(3880M) 124.949ms
[2025-05-23T15:27:23.247+0000][77][info ][gc,cpu      ] GC(37) User=0.50s Sys=0.05s Real=0.12s
[2025-05-23T15:27:23.247+0000][77][info ][safepoint   ] Safepoint "G1CollectForAllocation", Time since last: 40864418681 ns, Reaching safepoint: 334116 ns, Cleanup: 53637 ns, At safepoint: 127625338 ns, Total: 128013091 ns
[2025-05-23T15:28:59.993+0000][77][info ][safepoint   ] Safepoint "Cleanup", Time since last: 96757549396 ns, Reaching safepoint: 58171 ns, Cleanup: 100802 ns, At safepoint: 17310 ns, Total: 176283 ns
[2025-05-23T15:29:17.234+0000][77][info ][safepoint   ] Safepoint "Cleanup", Time since last: 17238981838 ns, Reaching safepoint: 1149954 ns, Cleanup: 223283 ns, At safepoint: 177013 ns, Total: 1550250 ns
[2025-05-23T15:29:18.657+0000][77][info ][safepoint   ] Safepoint "Cleanup", Time since last: 1423360867 ns, Reaching safepoint: 19189 ns, Cleanup: 17758 ns, At safepoint: 18207 ns, Total: 55154 ns
[2025-05-23T15:38:00.052+0000][77][info ][safepoint   ] Safepoint "Cleanup", Time since last: 521439069859 ns, Reaching safepoint: 83114 ns, Cleanup: 21157 ns, At safepoint: 40614 ns, Total: 144885 ns
[2025-05-23T15:41:26.119+0000][77][info ][safepoint   ] Safepoint "Cleanup", Time since last: 206081197365 ns, Reaching safepoint: 47401 ns, Cleanup: 13495 ns, At safepoint: 23423 ns, Total: 84319 ns
[2025-05-23T15:41:27.370+0000][77][info ][safepoint   ] Safepoint "Cleanup", Time since last: 1251247448 ns, Reaching safepoint: 29236 ns, Cleanup: 102492 ns, At safepoint: 50660 ns, Total: 182388 ns
[2025-05-23T15:41:53.525+0000][77][info ][safepoint   ] Safepoint "Cleanup", Time since last: 26157132954 ns, Reaching safepoint: 10581 ns, Cleanup: 10689 ns, At safepoint: 3465 ns, Total: 24735 ns
[2025-05-23T15:42:02.146+0000][77][info ][safepoint   ] Safepoint "Cleanup", Time since last: 8624131315 ns, Reaching safepoint: 15073 ns, Cleanup: 11822 ns, At safepoint: 6040 ns, Total: 32935 ns
[2025-05-23T15:43:59.684+0000][77][info ][safepoint   ] Safepoint "Cleanup", Time since last: 117547359118 ns, Reaching safepoint: 6551 ns, Cleanup: 20571 ns, At safepoint: 3375 ns, Total: 30497 ns
[2025-05-23T15:48:11.776+0000][77][info ][safepoint   ] Safepoint "Cleanup", Time since last: 252110797364 ns, Reaching safepoint: 15770 ns, Cleanup: 11965 ns, At safepoint: 19427 ns, Total: 47162 ns
[2025-05-23T15:50:59.926+0000][77][info ][safepoint   ] Safepoint "Cleanup", Time since last: 168164559289 ns, Reaching safepoint: 62794 ns, Cleanup: 18185 ns, At safepoint: 14528 ns, Total: 95507 ns
[2025-05-23T16:07:13.855+0000][77][info ][safepoint   ] Safepoint "Cleanup", Time since last: 974002943762 ns, Reaching safepoint: 35619 ns, Cleanup: 26326 ns, At safepoint: 14486 ns, Total: 76431 ns
[2025-05-23T16:08:05.105+0000][77][info ][safepoint   ] Safepoint "Cleanup", Time since last: 51254309366 ns, Reaching safepoint: 62786 ns, Cleanup: 15369 ns, At safepoint: 15691 ns, Total: 93846 ns
[2025-05-23T16:08:26.064+0000][77][info ][gc,start    ] GC(38) Pause Young (Normal) (G1 Evacuation Pause)
[2025-05-23T16:08:26.065+0000][77][info ][gc,task     ] GC(38) Using 10 workers of 10 for evacuation
[2025-05-23T16:08:26.065+0000][77][debug][gc,age      ] GC(38) Desired survivor size 132120576 bytes, new threshold 15 (max threshold 15)
[2025-05-23T16:08:26.095+0000][77][info ][gc,phases   ] GC(38)   Pre Evacuate Collection Set: 1.36ms
[2025-05-23T16:08:26.096+0000][77][info ][gc,phases   ] GC(38)   Merge Heap Roots: 1.02ms
[2025-05-23T16:08:26.097+0000][77][info ][gc,phases   ] GC(38)   Evacuate Collection Set: 23.04ms
[2025-05-23T16:08:26.098+0000][77][info ][gc,phases   ] GC(38)   Post Evacuate Collection Set: 3.17ms
[2025-05-23T16:08:26.098+0000][77][info ][gc,phases   ] GC(38)   Other: 1.03ms
[2025-05-23T16:08:26.099+0000][77][trace][gc,age      ] GC(38) Age table with threshold 15 (max threshold 15)
[2025-05-23T16:08:26.099+0000][77][trace][gc,age      ] GC(38) - age   1:    1306344 bytes,    1306344 total
[2025-05-23T16:08:26.099+0000][77][trace][gc,age      ] GC(38) - age   2:      82792 bytes,    1389136 total
[2025-05-23T16:08:26.100+0000][77][trace][gc,age      ] GC(38) - age   3:     525648 bytes,    1914784 total
[2025-05-23T16:08:26.100+0000][77][trace][gc,age      ] GC(38) - age   4:      60136 bytes,    1974920 total
[2025-05-23T16:08:26.100+0000][77][trace][gc,age      ] GC(38) - age   5:      48696 bytes,    2023616 total
[2025-05-23T16:08:26.101+0000][77][trace][gc,age      ] GC(38) - age   6:      25528 bytes,    2049144 total
[2025-05-23T16:08:26.101+0000][77][trace][gc,age      ] GC(38) - age   7:       1592 bytes,    2050736 total
[2025-05-23T16:08:26.101+0000][77][trace][gc,age      ] GC(38) - age   8:     106048 bytes,    2156784 total
[2025-05-23T16:08:26.101+0000][77][trace][gc,age      ] GC(38) - age   9:     100896 bytes,    2257680 total
[2025-05-23T16:08:26.102+0000][77][trace][gc,age      ] GC(38) - age  10:     116664 bytes,    2374344 total
[2025-05-23T16:08:26.102+0000][77][trace][gc,age      ] GC(38) - age  11:     116664 bytes,    2491008 total
[2025-05-23T16:08:26.102+0000][77][trace][gc,age      ] GC(38) - age  12:     119008 bytes,    2610016 total
[2025-05-23T16:08:26.103+0000][77][trace][gc,age      ] GC(38) - age  13:     107576 bytes,    2717592 total
[2025-05-23T16:08:26.103+0000][77][trace][gc,age      ] GC(38) - age  14:     121128 bytes,    2838720 total
[2025-05-23T16:08:26.103+0000][77][trace][gc,age      ] GC(38) - age  15:     127496 bytes,    2966216 total
[2025-05-23T16:08:26.103+0000][77][info ][gc,heap     ] GC(38) Eden regions: 502->0(581)
[2025-05-23T16:08:26.104+0000][77][info ][gc,heap     ] GC(38) Survivor regions: 1->1(63)
[2025-05-23T16:08:26.104+0000][77][info ][gc,heap     ] GC(38) Old regions: 29->29
[2025-05-23T16:08:26.104+0000][77][info ][gc,heap     ] GC(38) Humongous regions: 0->0
[2025-05-23T16:08:26.105+0000][77][info ][gc,metaspace] GC(38) Metaspace: 146975K(153408K)->146975K(153408K) NonClass: 127533K(131520K)->127533K(131520K) Class: 19441K(21888K)->19441K(21888K)
[2025-05-23T16:08:26.105+0000][77][info ][gc          ] GC(38) Pause Young (Normal) (G1 Evacuation Pause) 2126M->118M(3880M) 40.584ms
[2025-05-23T16:08:26.105+0000][77][info ][gc,cpu      ] GC(38) User=0.11s Sys=0.01s Real=0.04s
[2025-05-23T16:08:26.106+0000][77][info ][safepoint   ] Safepoint "G1CollectForAllocation", Time since last: 20959138205 ns, Reaching safepoint: 65149 ns, Cleanup: 6560 ns, At safepoint: 41684055 ns, Total: 41755764 ns
[2025-05-23T16:08:41.900+0000][77][info ][safepoint   ] Safepoint "Cleanup", Time since last: 15797249107 ns, Reaching safepoint: 14849 ns, Cleanup: 14630 ns, At safepoint: 19846 ns, Total: 49325 ns
[2025-05-23T16:09:59.389+0000][77][info ][safepoint   ] Safepoint "Cleanup", Time since last: 77496191004 ns, Reaching safepoint: 54131 ns, Cleanup: 16142 ns, At safepoint: 11097 ns, Total: 81370 ns
[2025-05-23T16:13:39.104+0000][77][info ][safepoint   ] Safepoint "Cleanup", Time since last: 219732773137 ns, Reaching safepoint: 27458 ns, Cleanup: 16023 ns, At safepoint: 12600 ns, Total: 56081 ns
[2025-05-23T16:16:32.263+0000][77][info ][safepoint   ] Safepoint "Cleanup", Time since last: 173172620128 ns, Reaching safepoint: 14108 ns, Cleanup: 11053 ns, At safepoint: 4998 ns, Total: 30159 ns
[2025-05-23T16:20:14.418+0000][77][info ][safepoint   ] Safepoint "Cleanup", Time since last: 222172788304 ns, Reaching safepoint: 61402 ns, Cleanup: 16418 ns, At safepoint: 15842 ns, Total: 93662 ns
[2025-05-23T16:21:59.471+0000][77][info ][safepoint   ] Safepoint "Cleanup", Time since last: 105064031106 ns, Reaching safepoint: 61404 ns, Cleanup: 15664 ns, At safepoint: 14090 ns, Total: 91158 ns
[2025-05-23T16:25:59.598+0000][77][info ][safepoint   ] Safepoint "Cleanup", Time since last: 240144909927 ns, Reaching safepoint: 7342 ns, Cleanup: 9462 ns, At safepoint: 3202 ns, Total: 20006 ns
[2025-05-23T16:28:10.667+0000][77][info ][safepoint   ] Safepoint "Cleanup", Time since last: 131077723149 ns, Reaching safepoint: 28964 ns, Cleanup: 16558 ns, At safepoint: 15796 ns, Total: 61318 ns
[2025-05-23T16:28:20.659+0000][77][info ][safepoint   ] Safepoint "Cleanup", Time since last: 9991672134 ns, Reaching safepoint: 66373 ns, Cleanup: 15626 ns, At safepoint: 15710 ns, Total: 97709 ns
[2025-05-23T16:30:11.051+0000][77][info ][safepoint   ] Safepoint "Cleanup", Time since last: 110402074340 ns, Reaching safepoint: 25305 ns, Cleanup: 12810 ns, At safepoint: 32555 ns, Total: 70670 ns
[2025-05-23T16:30:13.783+0000][77][info ][safepoint   ] Safepoint "Cleanup", Time since last: 2731843107 ns, Reaching safepoint: 26336 ns, Cleanup: 20288 ns, At safepoint: 13126 ns, Total: 59750 ns
[2025-05-23T16:31:59.807+0000][77][info ][safepoint   ] Safepoint "Cleanup", Time since last: 106033423529 ns, Reaching safepoint: 62763 ns, Cleanup: 17479 ns, At safepoint: 13941 ns, Total: 94183 ns
[2025-05-23T16:40:37.007+0000][77][info ][safepoint   ] Safepoint "Cleanup", Time since last: 517242247133 ns, Reaching safepoint: 36422 ns, Cleanup: 19428 ns, At safepoint: 57060 ns, Total: 112910 ns
[2025-05-23T16:41:29.049+0000][77][info ][safepoint   ] Safepoint "Cleanup", Time since last: 52042810217 ns, Reaching safepoint: 776534 ns, Cleanup: 15208 ns, At safepoint: 72927 ns, Total: 864669 ns
[2025-05-23T16:41:35.003+0000][77][info ][safepoint   ] Safepoint "Cleanup", Time since last: 5957080160 ns, Reaching safepoint: 14614 ns, Cleanup: 13203 ns, At safepoint: 5084 ns, Total: 32901 ns
[2025-05-23T16:41:36.253+0000][77][info ][safepoint   ] Safepoint "Cleanup", Time since last: 1250619322 ns, Reaching safepoint: 27437 ns, Cleanup: 14480 ns, At safepoint: 13769 ns, Total: 55686 ns
[2025-05-23T16:41:52.997+0000][77][info ][safepoint   ] Safepoint "Cleanup", Time since last: 16743219426 ns, Reaching safepoint: 107373 ns, Cleanup: 15080 ns, At safepoint: 33509 ns, Total: 155962 ns
[2025-05-23T16:42:00.015+0000][77][info ][safepoint   ] Safepoint "Cleanup", Time since last: 7019730776 ns, Reaching safepoint: 62024 ns, Cleanup: 14347 ns, At safepoint: 11052 ns, Total: 87423 ns
[2025-05-23T16:45:13.528+0000][77][info ][safepoint   ] Safepoint "Cleanup", Time since last: 193528036743 ns, Reaching safepoint: 73431 ns, Cleanup: 18798 ns, At safepoint: 21722 ns, Total: 113951 ns
[2025-05-23T16:45:59.555+0000][77][info ][safepoint   ] Safepoint "Cleanup", Time since last: 46031226650 ns, Reaching safepoint: 27979 ns, Cleanup: 15063 ns, At safepoint: 14324 ns, Total: 57366 ns
[2025-05-23T16:50:37.283+0000][77][info ][safepoint   ] Safepoint "Cleanup", Time since last: 277749920768 ns, Reaching safepoint: 27975 ns, Cleanup: 17604 ns, At safepoint: 15792 ns, Total: 61371 ns
[2025-05-23T16:54:20.071+0000][77][info ][gc,start    ] GC(39) Pause Young (Normal) (G1 Evacuation Pause)
[2025-05-23T16:54:20.072+0000][77][info ][gc,task     ] GC(39) Using 10 workers of 10 for evacuation
[2025-05-23T16:54:20.073+0000][77][debug][gc,age      ] GC(39) Desired survivor size 153092096 bytes, new threshold 15 (max threshold 15)
[2025-05-23T16:54:20.098+0000][77][info ][gc,phases   ] GC(39)   Pre Evacuate Collection Set: 1.30ms
[2025-05-23T16:54:20.100+0000][77][info ][gc,phases   ] GC(39)   Merge Heap Roots: 0.73ms
[2025-05-23T16:54:20.100+0000][77][info ][gc,phases   ] GC(39)   Evacuate Collection Set: 18.41ms
[2025-05-23T16:54:20.100+0000][77][info ][gc,phases   ] GC(39)   Post Evacuate Collection Set: 3.06ms
[2025-05-23T16:54:20.100+0000][77][info ][gc,phases   ] GC(39)   Other: 2.13ms
[2025-05-23T16:54:20.101+0000][77][trace][gc,age      ] GC(39) Age table with threshold 15 (max threshold 15)
[2025-05-23T16:54:20.101+0000][77][trace][gc,age      ] GC(39) - age   1:    1812872 bytes,    1812872 total
[2025-05-23T16:54:20.101+0000][77][trace][gc,age      ] GC(39) - age   2:     175416 bytes,    1988288 total
[2025-05-23T16:54:20.101+0000][77][trace][gc,age      ] GC(39) - age   3:      80304 bytes,    2068592 total
[2025-05-23T16:54:20.102+0000][77][trace][gc,age      ] GC(39) - age   4:     524328 bytes,    2592920 total
[2025-05-23T16:54:20.102+0000][77][trace][gc,age      ] GC(39) - age   5:      59872 bytes,    2652792 total
[2025-05-23T16:54:20.103+0000][77][trace][gc,age      ] GC(39) - age   6:      48616 bytes,    2701408 total
[2025-05-23T16:54:20.103+0000][77][trace][gc,age      ] GC(39) - age   7:      25528 bytes,    2726936 total
[2025-05-23T16:54:20.103+0000][77][trace][gc,age      ] GC(39) - age   8:       1592 bytes,    2728528 total
[2025-05-23T16:54:20.104+0000][77][trace][gc,age      ] GC(39) - age   9:     104832 bytes,    2833360 total
[2025-05-23T16:54:20.104+0000][77][trace][gc,age      ] GC(39) - age  10:     100520 bytes,    2933880 total
[2025-05-23T16:54:20.104+0000][77][trace][gc,age      ] GC(39) - age  11:     116528 bytes,    3050408 total
[2025-05-23T16:54:20.104+0000][77][trace][gc,age      ] GC(39) - age  12:     116568 bytes,    3166976 total
[2025-05-23T16:54:20.105+0000][77][trace][gc,age      ] GC(39) - age  13:     119008 bytes,    3285984 total
[2025-05-23T16:54:20.105+0000][77][trace][gc,age      ] GC(39) - age  14:     107576 bytes,    3393560 total
[2025-05-23T16:54:20.105+0000][77][trace][gc,age      ] GC(39) - age  15:     121128 bytes,    3514688 total
[2025-05-23T16:54:20.105+0000][77][info ][gc,heap     ] GC(39) Eden regions: 581->0(581)
[2025-05-23T16:54:20.106+0000][77][info ][gc,heap     ] GC(39) Survivor regions: 1->1(73)
[2025-05-23T16:54:20.106+0000][77][info ][gc,heap     ] GC(39) Old regions: 29->29
[2025-05-23T16:54:20.106+0000][77][info ][gc,heap     ] GC(39) Humongous regions: 0->0
[2025-05-23T16:54:20.106+0000][77][info ][gc,metaspace] GC(39) Metaspace: 146990K(153408K)->146990K(153408K) NonClass: 127548K(131520K)->127548K(131520K) Class: 19442K(21888K)->19442K(21888K)
[2025-05-23T16:54:20.107+0000][77][info ][gc          ] GC(39) Pause Young (Normal) (G1 Evacuation Pause) 2442M->119M(3880M) 35.610ms
[2025-05-23T16:54:20.107+0000][77][info ][gc,cpu      ] GC(39) User=0.10s Sys=0.02s Real=0.03s
[2025-05-23T16:54:20.107+0000][77][info ][safepoint   ] Safepoint "G1CollectForAllocation", Time since last: 222803703338 ns, Reaching safepoint: 29874 ns, Cleanup: 7082 ns, At safepoint: 36594467 ns, Total: 36631423 ns
[2025-05-23T16:59:28.219+0000][77][info ][safepoint   ] Safepoint "Cleanup", Time since last: 308135120855 ns, Reaching safepoint: 24322 ns, Cleanup: 16618 ns, At safepoint: 10482 ns, Total: 51422 ns
[2025-05-23T17:00:37.567+0000][77][info ][safepoint   ] Safepoint "Cleanup", Time since last: 69354326695 ns, Reaching safepoint: 24866 ns, Cleanup: 15240 ns, At safepoint: 47093 ns, Total: 87199 ns
[2025-05-23T17:02:44.307+0000][77][info ][safepoint   ] Safepoint "Cleanup", Time since last: 126749063163 ns, Reaching safepoint: 122787 ns, Cleanup: 22695 ns, At safepoint: 57216 ns, Total: 202698 ns
[2025-05-23T17:03:46.981+0000][77][info ][safepoint   ] Safepoint "Cleanup", Time since last: 62678847583 ns, Reaching safepoint: 6230 ns, Cleanup: 8513 ns, At safepoint: 3066 ns, Total: 17809 ns
[2025-05-23T17:06:08.444+0000][77][info ][safepoint   ] Safepoint "Cleanup", Time since last: 141473431488 ns, Reaching safepoint: 79598 ns, Cleanup: 16770 ns, At safepoint: 14869 ns, Total: 111237 ns
[2025-05-23T17:15:37.753+0000][77][info ][safepoint   ] Safepoint "Cleanup", Time since last: 569356890707 ns, Reaching safepoint: 26822 ns, Cleanup: 15815 ns, At safepoint: 14495 ns, Total: 57132 ns
[2025-05-23T17:17:26.791+0000][77][info ][safepoint   ] Safepoint "Cleanup", Time since last: 109045380582 ns, Reaching safepoint: 14548 ns, Cleanup: 13688 ns, At safepoint: 21010 ns, Total: 49246 ns
[2025-05-23T17:19:29.076+0000][77][info ][safepoint   ] Safepoint "Cleanup", Time since last: 122296113002 ns, Reaching safepoint: 6665 ns, Cleanup: 11456 ns, At safepoint: 15413 ns, Total: 33534 ns
[2025-05-23T17:34:51.395+0000][77][info ][safepoint   ] Safepoint "Cleanup", Time since last: 922394818023 ns, Reaching safepoint: 79516 ns, Cleanup: 15252 ns, At safepoint: 13399 ns, Total: 108167 ns
[2025-05-23T17:36:59.442+0000][77][info ][safepoint   ] Safepoint "Cleanup", Time since last: 128055849579 ns, Reaching safepoint: 68177 ns, Cleanup: 19934 ns, At safepoint: 12490 ns, Total: 100601 ns
[2025-05-23T17:40:37.594+0000][77][info ][safepoint   ] Safepoint "Cleanup", Time since last: 218171849088 ns, Reaching safepoint: 26950 ns, Cleanup: 15727 ns, At safepoint: 14371 ns, Total: 57048 ns
[2025-05-23T17:41:16.893+0000][77][info ][gc,start    ] GC(40) Pause Young (Normal) (G1 Evacuation Pause)
[2025-05-23T17:41:16.894+0000][77][info ][gc,task     ] GC(40) Using 10 workers of 10 for evacuation
[2025-05-23T17:41:16.894+0000][77][debug][gc,age      ] GC(40) Desired survivor size 153092096 bytes, new threshold 15 (max threshold 15)
[2025-05-23T17:41:16.918+0000][77][info ][gc,phases   ] GC(40)   Pre Evacuate Collection Set: 0.63ms
[2025-05-23T17:41:16.918+0000][77][info ][gc,phases   ] GC(40)   Merge Heap Roots: 0.58ms
[2025-05-23T17:41:16.919+0000][77][info ][gc,phases   ] GC(40)   Evacuate Collection Set: 20.49ms
[2025-05-23T17:41:16.919+0000][77][info ][gc,phases   ] GC(40)   Post Evacuate Collection Set: 1.85ms
[2025-05-23T17:41:16.919+0000][77][info ][gc,phases   ] GC(40)   Other: 0.90ms
[2025-05-23T17:41:16.920+0000][77][trace][gc,age      ] GC(40) Age table with threshold 15 (max threshold 15)
[2025-05-23T17:41:16.920+0000][77][trace][gc,age      ] GC(40) - age   1:    1269696 bytes,    1269696 total
[2025-05-23T17:41:16.920+0000][77][trace][gc,age      ] GC(40) - age   2:     487728 bytes,    1757424 total
[2025-05-23T17:41:16.921+0000][77][trace][gc,age      ] GC(40) - age   3:     109272 bytes,    1866696 total
[2025-05-23T17:41:16.921+0000][77][trace][gc,age      ] GC(40) - age   4:      79944 bytes,    1946640 total
[2025-05-23T17:41:16.921+0000][77][trace][gc,age      ] GC(40) - age   5:     523544 bytes,    2470184 total
[2025-05-23T17:41:16.922+0000][77][trace][gc,age      ] GC(40) - age   6:      59872 bytes,    2530056 total
[2025-05-23T17:41:16.922+0000][77][trace][gc,age      ] GC(40) - age   7:      48256 bytes,    2578312 total
[2025-05-23T17:41:16.922+0000][77][trace][gc,age      ] GC(40) - age   8:      25528 bytes,    2603840 total
[2025-05-23T17:41:16.922+0000][77][trace][gc,age      ] GC(40) - age   9:       1592 bytes,    2605432 total
[2025-05-23T17:41:16.923+0000][77][trace][gc,age      ] GC(40) - age  10:     104656 bytes,    2710088 total
[2025-05-23T17:41:16.923+0000][77][trace][gc,age      ] GC(40) - age  11:     100520 bytes,    2810608 total
[2025-05-23T17:41:16.923+0000][77][trace][gc,age      ] GC(40) - age  12:     116528 bytes,    2927136 total
[2025-05-23T17:41:16.923+0000][77][trace][gc,age      ] GC(40) - age  13:     116568 bytes,    3043704 total
[2025-05-23T17:41:16.924+0000][77][trace][gc,age      ] GC(40) - age  14:     119008 bytes,    3162712 total
[2025-05-23T17:41:16.924+0000][77][trace][gc,age      ] GC(40) - age  15:     107576 bytes,    3270288 total
[2025-05-23T17:41:16.924+0000][77][info ][gc,heap     ] GC(40) Eden regions: 581->0(581)
[2025-05-23T17:41:16.925+0000][77][info ][gc,heap     ] GC(40) Survivor regions: 1->1(73)
[2025-05-23T17:41:16.925+0000][77][info ][gc,heap     ] GC(40) Old regions: 29->29
[2025-05-23T17:41:16.925+0000][77][info ][gc,heap     ] GC(40) Humongous regions: 0->0
[2025-05-23T17:41:16.925+0000][77][info ][gc,metaspace] GC(40) Metaspace: 147008K(153408K)->147008K(153408K) NonClass: 127566K(131520K)->127566K(131520K) Class: 19442K(21888K)->19442K(21888K)
[2025-05-23T17:41:16.926+0000][77][info ][gc          ] GC(40) Pause Young (Normal) (G1 Evacuation Pause) 2443M->119M(3880M) 32.722ms
[2025-05-23T17:41:16.926+0000][77][info ][gc,cpu      ] GC(40) User=0.06s Sys=0.01s Real=0.03s
[2025-05-23T17:41:16.927+0000][77][info ][safepoint   ] Safepoint "G1CollectForAllocation", Time since last: 39300473698 ns, Reaching safepoint: 32576 ns, Cleanup: 6530 ns, At safepoint: 33773575 ns, Total: 33812681 ns
[2025-05-23T17:41:31.974+0000][77][info ][safepoint   ] Safepoint "Cleanup", Time since last: 15049325997 ns, Reaching safepoint: 593231 ns, Cleanup: 17446 ns, At safepoint: 76079 ns, Total: 686756 ns
[2025-05-23T17:41:59.103+0000][77][info ][safepoint   ] Safepoint "Cleanup", Time since last: 27128819522 ns, Reaching safepoint: 71442 ns, Cleanup: 16621 ns, At safepoint: 16048 ns, Total: 104111 ns
[2025-05-23T17:42:38.760+0000][77][info ][safepoint   ] Safepoint "Cleanup", Time since last: 39660569138 ns, Reaching safepoint: 103273 ns, Cleanup: 15173 ns, At safepoint: 57849 ns, Total: 176295 ns
[2025-05-23T17:43:56.789+0000][77][info ][safepoint   ] Safepoint "Cleanup", Time since last: 78034188425 ns, Reaching safepoint: 39718 ns, Cleanup: 12459 ns, At safepoint: 22090 ns, Total: 74267 ns
[2025-05-23T17:48:58.997+0000][77][info ][safepoint   ] Safepoint "Cleanup", Time since last: 302230608063 ns, Reaching safepoint: 19289 ns, Cleanup: 13542 ns, At safepoint: 10951 ns, Total: 43782 ns
[2025-05-23T18:08:53.643+0000][77][info ][safepoint   ] Safepoint "Cleanup", Time since last: 1194752763455 ns, Reaching safepoint: 20867 ns, Cleanup: 10691 ns, At safepoint: 18816 ns, Total: 50374 ns
[2025-05-23T18:08:58.657+0000][77][info ][safepoint   ] Safepoint "Cleanup", Time since last: 5013653094 ns, Reaching safepoint: 35273 ns, Cleanup: 19053 ns, At safepoint: 20274 ns, Total: 74600 ns
[2025-05-23T18:09:53.670+0000][77][info ][safepoint   ] Safepoint "Cleanup", Time since last: 55017766040 ns, Reaching safepoint: 14817 ns, Cleanup: 12096 ns, At safepoint: 20589 ns, Total: 47502 ns
[2025-05-23T18:20:59.073+0000][77][info ][safepoint   ] Safepoint "Cleanup", Time since last: 665460590092 ns, Reaching safepoint: 71012 ns, Cleanup: 22515 ns, At safepoint: 22124 ns, Total: 115651 ns
[2025-05-23T18:24:05.145+0000][77][info ][safepoint   ] Safepoint "Cleanup", Time since last: 186090001785 ns, Reaching safepoint: 62031 ns, Cleanup: 15307 ns, At safepoint: 15152 ns, Total: 92490 ns
[2025-05-23T18:24:37.825+0000][77][info ][safepoint   ] Safepoint "Cleanup", Time since last: 32682048398 ns, Reaching safepoint: 6374 ns, Cleanup: 9740 ns, At safepoint: 3475 ns, Total: 19589 ns
[2025-05-23T18:24:39.167+0000][77][info ][safepoint   ] Safepoint "Cleanup", Time since last: 1342573902 ns, Reaching safepoint: 21083 ns, Cleanup: 19584 ns, At safepoint: 10242 ns, Total: 50909 ns
[2025-05-23T18:24:43.169+0000][77][info ][safepoint   ] Safepoint "Cleanup", Time since last: 4001175946 ns, Reaching safepoint: 28028 ns, Cleanup: 15361 ns, At safepoint: 14666 ns, Total: 58055 ns
[2025-05-23T18:25:17.833+0000][77][info ][safepoint   ] Safepoint "Cleanup", Time since last: 34667349444 ns, Reaching safepoint: 17569 ns, Cleanup: 21916 ns, At safepoint: 90130 ns, Total: 129615 ns
[2025-05-23T18:25:19.635+0000][77][info ][safepoint   ] Safepoint "Cleanup", Time since last: 1802505434 ns, Reaching safepoint: 22913 ns, Cleanup: 14505 ns, At safepoint: 10868 ns, Total: 48286 ns
[2025-05-23T18:25:40.813+0000][77][info ][safepoint   ] Safepoint "Cleanup", Time since last: 21180500946 ns, Reaching safepoint: 9635 ns, Cleanup: 10480 ns, At safepoint: 14223 ns, Total: 34338 ns
[2025-05-23T18:26:53.259+0000][77][info ][safepoint   ] Safepoint "Cleanup", Time since last: 72450761753 ns, Reaching safepoint: 7042 ns, Cleanup: 9375 ns, At safepoint: 3493 ns, Total: 19910 ns
[2025-05-23T18:26:54.268+0000][77][info ][safepoint   ] Safepoint "Cleanup", Time since last: 1008781677 ns, Reaching safepoint: 19345 ns, Cleanup: 16635 ns, At safepoint: 9856 ns, Total: 45836 ns
[2025-05-23T18:26:57.287+0000][77][info ][safepoint   ] Safepoint "Cleanup", Time since last: 3018814921 ns, Reaching safepoint: 6414 ns, Cleanup: 6480 ns, At safepoint: 12736 ns, Total: 25630 ns
[2025-05-23T18:27:17.828+0000][77][info ][safepoint   ] Safepoint "Cleanup", Time since last: 20543823599 ns, Reaching safepoint: 13450 ns, Cleanup: 11337 ns, At safepoint: 5011 ns, Total: 29798 ns
[2025-05-23T18:27:19.663+0000][77][info ][safepoint   ] Safepoint "Cleanup", Time since last: 1834873649 ns, Reaching safepoint: 24122 ns, Cleanup: 13592 ns, At safepoint: 10668 ns, Total: 48382 ns
[2025-05-23T18:27:26.051+0000][77][info ][gc,start    ] GC(41) Pause Young (Normal) (G1 Evacuation Pause)
[2025-05-23T18:27:26.054+0000][77][info ][gc,task     ] GC(41) Using 10 workers of 10 for evacuation
[2025-05-23T18:27:26.054+0000][77][debug][gc,age      ] GC(41) Desired survivor size 153092096 bytes, new threshold 15 (max threshold 15)
[2025-05-23T18:27:26.076+0000][77][info ][gc,phases   ] GC(41)   Pre Evacuate Collection Set: 0.99ms
[2025-05-23T18:27:26.076+0000][77][info ][gc,phases   ] GC(41)   Merge Heap Roots: 2.46ms
[2025-05-23T18:27:26.076+0000][77][info ][gc,phases   ] GC(41)   Evacuate Collection Set: 15.19ms
[2025-05-23T18:27:26.077+0000][77][info ][gc,phases   ] GC(41)   Post Evacuate Collection Set: 2.08ms
[2025-05-23T18:27:26.077+0000][77][info ][gc,phases   ] GC(41)   Other: 0.99ms
[2025-05-23T18:27:26.077+0000][77][trace][gc,age      ] GC(41) Age table with threshold 15 (max threshold 15)
[2025-05-23T18:27:26.078+0000][77][trace][gc,age      ] GC(41) - age   1:    1555496 bytes,    1555496 total
[2025-05-23T18:27:26.078+0000][77][trace][gc,age      ] GC(41) - age   2:     114872 bytes,    1670368 total
[2025-05-23T18:27:26.078+0000][77][trace][gc,age      ] GC(41) - age   3:     125536 bytes,    1795904 total
[2025-05-23T18:27:26.078+0000][77][trace][gc,age      ] GC(41) - age   4:      93040 bytes,    1888944 total
[2025-05-23T18:27:26.079+0000][77][trace][gc,age      ] GC(41) - age   5:      79904 bytes,    1968848 total
[2025-05-23T18:27:26.079+0000][77][trace][gc,age      ] GC(41) - age   6:     523328 bytes,    2492176 total
[2025-05-23T18:27:26.079+0000][77][trace][gc,age      ] GC(41) - age   7:      59872 bytes,    2552048 total
[2025-05-23T18:27:26.079+0000][77][trace][gc,age      ] GC(41) - age   8:      48256 bytes,    2600304 total
[2025-05-23T18:27:26.080+0000][77][trace][gc,age      ] GC(41) - age   9:      25528 bytes,    2625832 total
[2025-05-23T18:27:26.080+0000][77][trace][gc,age      ] GC(41) - age  10:       1592 bytes,    2627424 total
[2025-05-23T18:27:26.080+0000][77][trace][gc,age      ] GC(41) - age  11:     104576 bytes,    2732000 total
[2025-05-23T18:27:26.080+0000][77][trace][gc,age      ] GC(41) - age  12:     100256 bytes,    2832256 total
[2025-05-23T18:27:26.081+0000][77][trace][gc,age      ] GC(41) - age  13:     116488 bytes,    2948744 total
[2025-05-23T18:27:26.081+0000][77][trace][gc,age      ] GC(41) - age  14:     116568 bytes,    3065312 total
[2025-05-23T18:27:26.081+0000][77][trace][gc,age      ] GC(41) - age  15:     118968 bytes,    3184280 total
[2025-05-23T18:27:26.082+0000][77][info ][gc,heap     ] GC(41) Eden regions: 581->0(581)
[2025-05-23T18:27:26.082+0000][77][info ][gc,heap     ] GC(41) Survivor regions: 1->1(73)
[2025-05-23T18:27:26.082+0000][77][info ][gc,heap     ] GC(41) Old regions: 29->29
[2025-05-23T18:27:26.082+0000][77][info ][gc,heap     ] GC(41) Humongous regions: 0->0
[2025-05-23T18:27:26.083+0000][77][info ][gc,metaspace] GC(41) Metaspace: 147014K(153408K)->147014K(153408K) NonClass: 127572K(131520K)->127572K(131520K) Class: 19442K(21888K)->19442K(21888K)
[2025-05-23T18:27:26.083+0000][77][info ][gc          ] GC(41) Pause Young (Normal) (G1 Evacuation Pause) 2443M->119M(3880M) 31.685ms
[2025-05-23T18:27:26.083+0000][77][info ][gc,cpu      ] GC(41) User=0.04s Sys=0.02s Real=0.03s
[2025-05-23T18:27:26.084+0000][77][info ][safepoint   ] Safepoint "G1CollectForAllocation", Time since last: 6387977294 ns, Reaching safepoint: 33191 ns, Cleanup: 7381 ns, At safepoint: 32461486 ns, Total: 32502058 ns
[2025-05-23T18:30:10.805+0000][77][info ][safepoint   ] Safepoint "Cleanup", Time since last: 164736583811 ns, Reaching safepoint: 13971 ns, Cleanup: 13437 ns, At safepoint: 19775 ns, Total: 47183 ns
[2025-05-23T18:35:26.150+0000][77][info ][safepoint   ] Safepoint "Cleanup", Time since last: 315369553893 ns, Reaching safepoint: 26971 ns, Cleanup: 15451 ns, At safepoint: 14656 ns, Total: 57078 ns
[2025-05-23T18:41:20.326+0000][77][info ][safepoint   ] Safepoint "Cleanup", Time since last: 354205293024 ns, Reaching safepoint: 29987 ns, Cleanup: 17550 ns, At safepoint: 13303 ns, Total: 60840 ns
[2025-05-23T18:41:35.740+0000][77][info ][safepoint   ] Safepoint "Cleanup", Time since last: 15416655091 ns, Reaching safepoint: 20268 ns, Cleanup: 12578 ns, At safepoint: 18392 ns, Total: 51238 ns
[2025-05-23T18:45:37.829+0000][77][info ][safepoint   ] Safepoint "Cleanup", Time since last: 242108068047 ns, Reaching safepoint: 119081 ns, Cleanup: 11989 ns, At safepoint: 36363 ns, Total: 167433 ns
[2025-05-23T18:57:11.296+0000][77][info ][safepoint   ] Safepoint "Cleanup", Time since last: 693521795558 ns, Reaching safepoint: 15940 ns, Cleanup: 12125 ns, At safepoint: 18600 ns, Total: 46665 ns
[2025-05-23T19:00:35.430+0000][77][info ][safepoint   ] Safepoint "Cleanup", Time since last: 204148885054 ns, Reaching safepoint: 61103 ns, Cleanup: 15443 ns, At safepoint: 15727 ns, Total: 92273 ns
[2025-05-23T19:00:47.795+0000][77][info ][safepoint   ] Safepoint "Cleanup", Time since last: 12364766131 ns, Reaching safepoint: 74289 ns, Cleanup: 17561 ns, At safepoint: 89158 ns, Total: 181008 ns
[2025-05-23T19:06:37.782+0000][77][info ][safepoint   ] Safepoint "Cleanup", Time since last: 350013518628 ns, Reaching safepoint: 8445 ns, Cleanup: 9661 ns, At safepoint: 13065 ns, Total: 31171 ns
[2025-05-23T19:14:13.770+0000][77][info ][gc,start    ] GC(42) Pause Young (Normal) (G1 Evacuation Pause)
[2025-05-23T19:14:13.770+0000][77][info ][gc,task     ] GC(42) Using 10 workers of 10 for evacuation
[2025-05-23T19:14:13.771+0000][77][debug][gc,age      ] GC(42) Desired survivor size 153092096 bytes, new threshold 15 (max threshold 15)
[2025-05-23T19:14:13.786+0000][77][info ][gc,phases   ] GC(42)   Pre Evacuate Collection Set: 0.49ms
[2025-05-23T19:14:13.787+0000][77][info ][gc,phases   ] GC(42)   Merge Heap Roots: 0.75ms
[2025-05-23T19:14:13.787+0000][77][info ][gc,phases   ] GC(42)   Evacuate Collection Set: 12.09ms
[2025-05-23T19:14:13.788+0000][77][info ][gc,phases   ] GC(42)   Post Evacuate Collection Set: 1.77ms
[2025-05-23T19:14:13.788+0000][77][info ][gc,phases   ] GC(42)   Other: 0.94ms
[2025-05-23T19:14:13.789+0000][77][trace][gc,age      ] GC(42) Age table with threshold 15 (max threshold 15)
[2025-05-23T19:14:13.789+0000][77][trace][gc,age      ] GC(42) - age   1:    1590888 bytes,    1590888 total
[2025-05-23T19:14:13.790+0000][77][trace][gc,age      ] GC(42) - age   2:     172640 bytes,    1763528 total
[2025-05-23T19:14:13.790+0000][77][trace][gc,age      ] GC(42) - age   3:     111568 bytes,    1875096 total
[2025-05-23T19:14:13.790+0000][77][trace][gc,age      ] GC(42) - age   4:     125008 bytes,    2000104 total
[2025-05-23T19:14:13.791+0000][77][trace][gc,age      ] GC(42) - age   5:      92880 bytes,    2092984 total
[2025-05-23T19:14:13.791+0000][77][trace][gc,age      ] GC(42) - age   6:      79904 bytes,    2172888 total
[2025-05-23T19:14:13.791+0000][77][trace][gc,age      ] GC(42) - age   7:     523248 bytes,    2696136 total
[2025-05-23T19:14:13.791+0000][77][trace][gc,age      ] GC(42) - age   8:      59872 bytes,    2756008 total
[2025-05-23T19:14:13.792+0000][77][trace][gc,age      ] GC(42) - age   9:      48160 bytes,    2804168 total
[2025-05-23T19:14:13.792+0000][77][trace][gc,age      ] GC(42) - age  10:      25528 bytes,    2829696 total
[2025-05-23T19:14:13.792+0000][77][trace][gc,age      ] GC(42) - age  11:       1592 bytes,    2831288 total
[2025-05-23T19:14:13.793+0000][77][trace][gc,age      ] GC(42) - age  12:     104576 bytes,    2935864 total
[2025-05-23T19:14:13.794+0000][77][trace][gc,age      ] GC(42) - age  13:     100256 bytes,    3036120 total
[2025-05-23T19:14:13.794+0000][77][trace][gc,age      ] GC(42) - age  14:     116160 bytes,    3152280 total
[2025-05-23T19:14:13.795+0000][77][trace][gc,age      ] GC(42) - age  15:     116568 bytes,    3268848 total
[2025-05-23T19:14:13.795+0000][77][info ][gc,heap     ] GC(42) Eden regions: 581->0(581)
[2025-05-23T19:14:13.795+0000][77][info ][gc,heap     ] GC(42) Survivor regions: 1->1(73)
[2025-05-23T19:14:13.796+0000][77][info ][gc,heap     ] GC(42) Old regions: 29->30
[2025-05-23T19:14:13.796+0000][77][info ][gc,heap     ] GC(42) Humongous regions: 0->0
[2025-05-23T19:14:13.796+0000][77][info ][gc,metaspace] GC(42) Metaspace: 147036K(153408K)->147036K(153408K) NonClass: 127593K(131520K)->127593K(131520K) Class: 19442K(21888K)->19442K(21888K)
[2025-05-23T19:14:13.797+0000][77][info ][gc          ] GC(42) Pause Young (Normal) (G1 Evacuation Pause) 2443M->119M(3880M) 26.872ms
[2025-05-23T19:14:13.797+0000][77][info ][gc,cpu      ] GC(42) User=0.07s Sys=0.00s Real=0.03s
[2025-05-23T19:14:13.798+0000][77][info ][safepoint   ] Safepoint "G1CollectForAllocation", Time since last: 456020073975 ns, Reaching safepoint: 27881 ns, Cleanup: 6095 ns, At safepoint: 27882265 ns, Total: 27916241 ns
[2025-05-23T19:15:47.779+0000][77][info ][safepoint   ] Safepoint "Cleanup", Time since last: 93988024256 ns, Reaching safepoint: 11540 ns, Cleanup: 10740 ns, At safepoint: 18606 ns, Total: 40886 ns
[2025-05-23T19:16:04.956+0000][77][info ][safepoint   ] Safepoint "Cleanup", Time since last: 17179033277 ns, Reaching safepoint: 15543 ns, Cleanup: 13301 ns, At safepoint: 19418 ns, Total: 48262 ns
[2025-05-23T19:23:26.161+0000][77][info ][safepoint   ] Safepoint "Cleanup", Time since last: 441234750055 ns, Reaching safepoint: 17118 ns, Cleanup: 17703 ns, At safepoint: 71012 ns, Total: 105833 ns
[2025-05-23T19:24:29.188+0000][77][info ][safepoint   ] Safepoint "Cleanup", Time since last: 63031114872 ns, Reaching safepoint: 11820 ns, Cleanup: 10999 ns, At safepoint: 25531 ns, Total: 48350 ns
[2025-05-23T19:40:52.731+0000][77][info ][safepoint   ] Safepoint "Cleanup", Time since last: 983611297092 ns, Reaching safepoint: 42907 ns, Cleanup: 7890 ns, At safepoint: 18264 ns, Total: 69061 ns
[2025-05-23T19:41:38.766+0000][77][info ][safepoint   ] Safepoint "Cleanup", Time since last: 46039549151 ns, Reaching safepoint: 11033 ns, Cleanup: 8388 ns, At safepoint: 13170 ns, Total: 32591 ns
[2025-05-23T19:41:42.772+0000][77][info ][safepoint   ] Safepoint "Cleanup", Time since last: 4006490568 ns, Reaching safepoint: 28671 ns, Cleanup: 16458 ns, At safepoint: 12792 ns, Total: 57921 ns
[2025-05-23T19:41:44.754+0000][77][info ][safepoint   ] Safepoint "Cleanup", Time since last: 1981745335 ns, Reaching safepoint: 23171 ns, Cleanup: 16304 ns, At safepoint: 30518 ns, Total: 69993 ns
[2025-05-23T19:43:22.865+0000][77][info ][safepoint   ] Safepoint "Cleanup", Time since last: 98117847177 ns, Reaching safepoint: 83244 ns, Cleanup: 6719 ns, At safepoint: 27470 ns, Total: 117433 ns
[2025-05-23T19:46:17.830+0000][77][info ][safepoint   ] Safepoint "Cleanup", Time since last: 174977338866 ns, Reaching safepoint: 109520 ns, Cleanup: 15024 ns, At safepoint: 32246 ns, Total: 156790 ns
[2025-05-23T19:59:37.687+0000][77][info ][gc,start    ] GC(43) Pause Young (Normal) (G1 Evacuation Pause)
[2025-05-23T19:59:37.688+0000][77][info ][gc,task     ] GC(43) Using 10 workers of 10 for evacuation
[2025-05-23T19:59:37.689+0000][77][debug][gc,age      ] GC(43) Desired survivor size 153092096 bytes, new threshold 15 (max threshold 15)
[2025-05-23T19:59:37.698+0000][77][info ][gc,phases   ] GC(43)   Pre Evacuate Collection Set: 0.52ms
[2025-05-23T19:59:37.698+0000][77][info ][gc,phases   ] GC(43)   Merge Heap Roots: 0.64ms
[2025-05-23T19:59:37.700+0000][77][info ][gc,phases   ] GC(43)   Evacuate Collection Set: 6.03ms
[2025-05-23T19:59:37.702+0000][77][info ][gc,phases   ] GC(43)   Post Evacuate Collection Set: 1.49ms
[2025-05-23T19:59:37.702+0000][77][info ][gc,phases   ] GC(43)   Other: 0.87ms
[2025-05-23T19:59:37.704+0000][77][trace][gc,age      ] GC(43) Age table with threshold 15 (max threshold 15)
[2025-05-23T19:59:37.704+0000][77][trace][gc,age      ] GC(43) - age   1:    1501728 bytes,    1501728 total
[2025-05-23T19:59:37.706+0000][77][trace][gc,age      ] GC(43) - age   2:     174440 bytes,    1676168 total
[2025-05-23T19:59:37.707+0000][77][trace][gc,age      ] GC(43) - age   3:     121728 bytes,    1797896 total
[2025-05-23T19:59:37.708+0000][77][trace][gc,age      ] GC(43) - age   4:     111144 bytes,    1909040 total
[2025-05-23T19:59:37.708+0000][77][trace][gc,age      ] GC(43) - age   5:     124768 bytes,    2033808 total
[2025-05-23T19:59:37.710+0000][77][trace][gc,age      ] GC(43) - age   6:      92880 bytes,    2126688 total
[2025-05-23T19:59:37.711+0000][77][trace][gc,age      ] GC(43) - age   7:      79848 bytes,    2206536 total
[2025-05-23T19:59:37.712+0000][77][trace][gc,age      ] GC(43) - age   8:     422360 bytes,    2628896 total
[2025-05-23T19:59:37.712+0000][77][trace][gc,age      ] GC(43) - age   9:      59872 bytes,    2688768 total
[2025-05-23T19:59:37.714+0000][77][trace][gc,age      ] GC(43) - age  10:      48120 bytes,    2736888 total
[2025-05-23T19:59:37.715+0000][77][trace][gc,age      ] GC(43) - age  11:      25528 bytes,    2762416 total
[2025-05-23T19:59:37.715+0000][77][trace][gc,age      ] GC(43) - age  12:       1592 bytes,    2764008 total
[2025-05-23T19:59:37.715+0000][77][trace][gc,age      ] GC(43) - age  13:     104520 bytes,    2868528 total
[2025-05-23T19:59:37.716+0000][77][trace][gc,age      ] GC(43) - age  14:     100256 bytes,    2968784 total
[2025-05-23T19:59:37.716+0000][77][trace][gc,age      ] GC(43) - age  15:     116160 bytes,    3084944 total
[2025-05-23T19:59:37.716+0000][77][info ][gc,heap     ] GC(43) Eden regions: 581->0(581)
[2025-05-23T19:59:37.716+0000][77][info ][gc,heap     ] GC(43) Survivor regions: 1->1(73)
[2025-05-23T19:59:37.717+0000][77][info ][gc,heap     ] GC(43) Old regions: 30->30
[2025-05-23T19:59:37.717+0000][77][info ][gc,heap     ] GC(43) Humongous regions: 0->0
[2025-05-23T19:59:37.717+0000][77][info ][gc,metaspace] GC(43) Metaspace: 147044K(153408K)->147044K(153408K) NonClass: 127602K(131520K)->127602K(131520K) Class: 19442K(21888K)->19442K(21888K)
[2025-05-23T19:59:37.718+0000][77][info ][gc          ] GC(43) Pause Young (Normal) (G1 Evacuation Pause) 2443M->119M(3880M) 30.574ms
[2025-05-23T19:59:37.718+0000][77][info ][gc,cpu      ] GC(43) User=0.04s Sys=0.01s Real=0.03s
[2025-05-23T19:59:37.718+0000][77][info ][safepoint   ] Safepoint "G1CollectForAllocation", Time since last: 799915874960 ns, Reaching safepoint: 45125 ns, Cleanup: 6337 ns, At safepoint: 31364082 ns, Total: 31415544 ns
[2025-05-23T19:59:58.722+0000][77][info ][safepoint   ] Safepoint "Cleanup", Time since last: 21003345698 ns, Reaching safepoint: 47957 ns, Cleanup: 13364 ns, At safepoint: 9835 ns, Total: 71156 ns
[2025-05-23T20:00:02.723+0000][77][info ][safepoint   ] Safepoint "Cleanup", Time since last: 4003116460 ns, Reaching safepoint: 26654 ns, Cleanup: 17150 ns, At safepoint: 10864 ns, Total: 54668 ns
[2025-05-23T20:01:14.507+0000][77][info ][safepoint   ] Safepoint "Cleanup", Time since last: 71788455049 ns, Reaching safepoint: 13925 ns, Cleanup: 11530 ns, At safepoint: 4987 ns, Total: 30442 ns
[2025-05-23T20:02:16.694+0000][77][info ][safepoint   ] Safepoint "Cleanup", Time since last: 62190855222 ns, Reaching safepoint: 14407 ns, Cleanup: 13981 ns, At safepoint: 32835 ns, Total: 61223 ns
[2025-05-23T20:04:23.571+0000][77][info ][safepoint   ] Safepoint "Cleanup", Time since last: 126886086197 ns, Reaching safepoint: 15509 ns, Cleanup: 11643 ns, At safepoint: 20293 ns, Total: 47445 ns
[2025-05-23T20:05:58.606+0000][77][info ][safepoint   ] Safepoint "Cleanup", Time since last: 95041625266 ns, Reaching safepoint: 61347 ns, Cleanup: 15147 ns, At safepoint: 15099 ns, Total: 91593 ns
[2025-05-23T20:14:25.888+0000][77][info ][safepoint   ] Safepoint "Cleanup", Time since last: 507329574763 ns, Reaching safepoint: 7059 ns, Cleanup: 9193 ns, At safepoint: 2781 ns, Total: 19033 ns
[2025-05-23T20:17:58.986+0000][77][info ][safepoint   ] Safepoint "Cleanup", Time since last: 213117434832 ns, Reaching safepoint: 82214 ns, Cleanup: 18560 ns, At safepoint: 38414 ns, Total: 139188 ns
[2025-05-23T20:27:23.252+0000][77][info ][safepoint   ] Safepoint "Cleanup", Time since last: 564313723859 ns, Reaching safepoint: 29830 ns, Cleanup: 18800 ns, At safepoint: 13387 ns, Total: 62017 ns
[2025-05-23T20:27:29.256+0000][77][info ][safepoint   ] Safepoint "Cleanup", Time since last: 6003716755 ns, Reaching safepoint: 14884 ns, Cleanup: 11097 ns, At safepoint: 5609 ns, Total: 31590 ns
[2025-05-23T20:32:43.651+0000][77][info ][safepoint   ] Safepoint "Cleanup", Time since last: 314419824695 ns, Reaching safepoint: 18192 ns, Cleanup: 13789 ns, At safepoint: 5688 ns, Total: 37669 ns
[2025-05-23T20:35:58.493+0000][77][info ][safepoint   ] Safepoint "Cleanup", Time since last: 194858909528 ns, Reaching safepoint: 28230 ns, Cleanup: 15240 ns, At safepoint: 14041 ns, Total: 57511 ns
[2025-05-23T20:36:58.551+0000][77][info ][safepoint   ] Safepoint "Cleanup", Time since last: 60060178226 ns, Reaching safepoint: 27804 ns, Cleanup: 16627 ns, At safepoint: 16432 ns, Total: 60863 ns
[2025-05-23T20:40:37.594+0000][77][info ][safepoint   ] Safepoint "Cleanup", Time since last: 219061240609 ns, Reaching safepoint: 29514 ns, Cleanup: 15393 ns, At safepoint: 10566 ns, Total: 55473 ns
[2025-05-23T20:41:41.629+0000][77][info ][safepoint   ] Safepoint "Cleanup", Time since last: 64039010273 ns, Reaching safepoint: 26796 ns, Cleanup: 16226 ns, At safepoint: 12586 ns, Total: 55608 ns
[2025-05-23T20:41:43.526+0000][77][info ][safepoint   ] Safepoint "Cleanup", Time since last: 1897267223 ns, Reaching safepoint: 13344 ns, Cleanup: 10263 ns, At safepoint: 19148 ns, Total: 42755 ns
[2025-05-23T20:43:58.678+0000][77][info ][safepoint   ] Safepoint "Cleanup", Time since last: 135161148340 ns, Reaching safepoint: 57429 ns, Cleanup: 16358 ns, At safepoint: 14683 ns, Total: 88470 ns
[2025-05-23T20:45:19.852+0000][77][info ][safepoint   ] Safepoint "Cleanup", Time since last: 81180661361 ns, Reaching safepoint: 13360 ns, Cleanup: 12456 ns, At safepoint: 16785 ns, Total: 42601 ns
[2025-05-23T20:45:49.610+0000][77][info ][gc,start    ] GC(44) Pause Young (Normal) (G1 Evacuation Pause)
[2025-05-23T20:45:49.610+0000][77][info ][gc,task     ] GC(44) Using 10 workers of 10 for evacuation
[2025-05-23T20:45:49.611+0000][77][debug][gc,age      ] GC(44) Desired survivor size 153092096 bytes, new threshold 15 (max threshold 15)
[2025-05-23T20:45:49.620+0000][77][info ][gc,phases   ] GC(44)   Pre Evacuate Collection Set: 0.55ms
[2025-05-23T20:45:49.621+0000][77][info ][gc,phases   ] GC(44)   Merge Heap Roots: 0.77ms
[2025-05-23T20:45:49.621+0000][77][info ][gc,phases   ] GC(44)   Evacuate Collection Set: 6.63ms
[2025-05-23T20:45:49.623+0000][77][info ][gc,phases   ] GC(44)   Post Evacuate Collection Set: 1.51ms
[2025-05-23T20:45:49.623+0000][77][info ][gc,phases   ] GC(44)   Other: 0.82ms
[2025-05-23T20:45:49.624+0000][77][trace][gc,age      ] GC(44) Age table with threshold 15 (max threshold 15)
[2025-05-23T20:45:49.624+0000][77][trace][gc,age      ] GC(44) - age   1:    1502160 bytes,    1502160 total
[2025-05-23T20:45:49.625+0000][77][trace][gc,age      ] GC(44) - age   2:     175504 bytes,    1677664 total
[2025-05-23T20:45:49.625+0000][77][trace][gc,age      ] GC(44) - age   3:     108360 bytes,    1786024 total
[2025-05-23T20:45:49.626+0000][77][trace][gc,age      ] GC(44) - age   4:     121608 bytes,    1907632 total
[2025-05-23T20:45:49.626+0000][77][trace][gc,age      ] GC(44) - age   5:     110952 bytes,    2018584 total
[2025-05-23T20:45:49.627+0000][77][trace][gc,age      ] GC(44) - age   6:     124208 bytes,    2142792 total
[2025-05-23T20:45:49.627+0000][77][trace][gc,age      ] GC(44) - age   7:      92840 bytes,    2235632 total
[2025-05-23T20:45:49.628+0000][77][trace][gc,age      ] GC(44) - age   8:      79848 bytes,    2315480 total
[2025-05-23T20:45:49.628+0000][77][trace][gc,age      ] GC(44) - age   9:     417056 bytes,    2732536 total
[2025-05-23T20:45:49.629+0000][77][trace][gc,age      ] GC(44) - age  10:      59872 bytes,    2792408 total
[2025-05-23T20:45:49.629+0000][77][trace][gc,age      ] GC(44) - age  11:      48120 bytes,    2840528 total
[2025-05-23T20:45:49.630+0000][77][trace][gc,age      ] GC(44) - age  12:      25528 bytes,    2866056 total
[2025-05-23T20:45:49.630+0000][77][trace][gc,age      ] GC(44) - age  13:       1592 bytes,    2867648 total
[2025-05-23T20:45:49.631+0000][77][trace][gc,age      ] GC(44) - age  14:     104480 bytes,    2972128 total
[2025-05-23T20:45:49.631+0000][77][trace][gc,age      ] GC(44) - age  15:     100256 bytes,    3072384 total
[2025-05-23T20:45:49.631+0000][77][info ][gc,heap     ] GC(44) Eden regions: 581->0(581)
[2025-05-23T20:45:49.632+0000][77][info ][gc,heap     ] GC(44) Survivor regions: 1->1(73)
[2025-05-23T20:45:49.633+0000][77][info ][gc,heap     ] GC(44) Old regions: 30->30
[2025-05-23T20:45:49.633+0000][77][info ][gc,heap     ] GC(44) Humongous regions: 0->0
[2025-05-23T20:45:49.634+0000][77][info ][gc,metaspace] GC(44) Metaspace: 147045K(153408K)->147045K(153408K) NonClass: 127603K(131520K)->127603K(131520K) Class: 19442K(21888K)->19442K(21888K)
[2025-05-23T20:45:49.634+0000][77][info ][gc          ] GC(44) Pause Young (Normal) (G1 Evacuation Pause) 2443M->119M(3880M) 24.270ms
[2025-05-23T20:45:49.634+0000][77][info ][gc,cpu      ] GC(44) User=0.06s Sys=0.00s Real=0.03s
[2025-05-23T20:45:49.635+0000][77][info ][safepoint   ] Safepoint "G1CollectForAllocation", Time since last: 29760084776 ns, Reaching safepoint: 24658 ns, Cleanup: 5925 ns, At safepoint: 25045721 ns, Total: 25076304 ns
[2025-05-23T20:51:34.608+0000][77][info ][safepoint   ] Safepoint "Cleanup", Time since last: 344999918473 ns, Reaching safepoint: 13017 ns, Cleanup: 9677 ns, At safepoint: 33801 ns, Total: 56495 ns
[2025-05-23T20:52:40.618+0000][77][info ][safepoint   ] Safepoint "Cleanup", Time since last: 66013975395 ns, Reaching safepoint: 16008 ns, Cleanup: 11461 ns, At safepoint: 19536 ns, Total: 47005 ns
[2025-05-23T20:58:08.230+0000][77][info ][safepoint   ] Safepoint "Cleanup", Time since last: 327635321257 ns, Reaching safepoint: 31275 ns, Cleanup: 17639 ns, At safepoint: 14180 ns, Total: 63094 ns
[2025-05-23T20:58:58.613+0000][77][info ][safepoint   ] Safepoint "Cleanup", Time since last: 50386157844 ns, Reaching safepoint: 31701 ns, Cleanup: 14407 ns, At safepoint: 74449 ns, Total: 120557 ns
[2025-05-23T20:59:00.249+0000][77][info ][safepoint   ] Safepoint "Cleanup", Time since last: 1636881285 ns, Reaching safepoint: 26239 ns, Cleanup: 15988 ns, At safepoint: 10791 ns, Total: 53018 ns
[2025-05-23T20:59:34.616+0000][77][info ][safepoint   ] Safepoint "Cleanup", Time since last: 34369479723 ns, Reaching safepoint: 95684 ns, Cleanup: 13053 ns, At safepoint: 57556 ns, Total: 166293 ns
[2025-05-23T21:03:43.219+0000][77][info ][safepoint   ] Safepoint "Cleanup", Time since last: 248619767550 ns, Reaching safepoint: 61743 ns, Cleanup: 15452 ns, At safepoint: 14786 ns, Total: 91981 ns
[2025-05-23T21:11:46.585+0000][77][info ][safepoint   ] Safepoint "Cleanup", Time since last: 483401440595 ns, Reaching safepoint: 5847 ns, Cleanup: 7941 ns, At safepoint: 2896 ns, Total: 16684 ns
[2025-05-23T21:17:52.586+0000][77][info ][safepoint   ] Safepoint "Cleanup", Time since last: 366027631356 ns, Reaching safepoint: 16616 ns, Cleanup: 12081 ns, At safepoint: 5254 ns, Total: 33951 ns
[2025-05-23T21:21:52.582+0000][77][info ][safepoint   ] Safepoint "Cleanup", Time since last: 240013369436 ns, Reaching safepoint: 56546 ns, Cleanup: 14049 ns, At safepoint: 122517 ns, Total: 193112 ns
[2025-05-23T21:27:08.145+0000][77][info ][safepoint   ] Safepoint "Cleanup", Time since last: 315586651014 ns, Reaching safepoint: 62522 ns, Cleanup: 17101 ns, At safepoint: 13721 ns, Total: 93344 ns
[2025-05-23T21:32:53.235+0000][77][info ][gc,start    ] GC(45) Pause Young (Normal) (G1 Evacuation Pause)
[2025-05-23T21:32:53.236+0000][77][info ][gc,task     ] GC(45) Using 10 workers of 10 for evacuation
[2025-05-23T21:32:53.236+0000][77][debug][gc,age      ] GC(45) Desired survivor size 153092096 bytes, new threshold 15 (max threshold 15)
[2025-05-23T21:32:53.247+0000][77][info ][gc,phases   ] GC(45)   Pre Evacuate Collection Set: 0.55ms
[2025-05-23T21:32:53.248+0000][77][info ][gc,phases   ] GC(45)   Merge Heap Roots: 0.66ms
[2025-05-23T21:32:53.248+0000][77][info ][gc,phases   ] GC(45)   Evacuate Collection Set: 8.09ms
[2025-05-23T21:32:53.248+0000][77][info ][gc,phases   ] GC(45)   Post Evacuate Collection Set: 1.32ms
[2025-05-23T21:32:53.249+0000][77][info ][gc,phases   ] GC(45)   Other: 0.83ms
[2025-05-23T21:32:53.249+0000][77][trace][gc,age      ] GC(45) Age table with threshold 15 (max threshold 15)
[2025-05-23T21:32:53.249+0000][77][trace][gc,age      ] GC(45) - age   1:     618296 bytes,     618296 total
[2025-05-23T21:32:53.250+0000][77][trace][gc,age      ] GC(45) - age   2:     352808 bytes,     971104 total
[2025-05-23T21:32:53.250+0000][77][trace][gc,age      ] GC(45) - age   3:     106952 bytes,    1078056 total
[2025-05-23T21:32:53.250+0000][77][trace][gc,age      ] GC(45) - age   4:     107256 bytes,    1185312 total
[2025-05-23T21:32:53.250+0000][77][trace][gc,age      ] GC(45) - age   5:     120480 bytes,    1305792 total
[2025-05-23T21:32:53.251+0000][77][trace][gc,age      ] GC(45) - age   6:     110864 bytes,    1416656 total
[2025-05-23T21:32:53.251+0000][77][trace][gc,age      ] GC(45) - age   7:     107976 bytes,    1524632 total
[2025-05-23T21:32:53.251+0000][77][trace][gc,age      ] GC(45) - age   8:      92800 bytes,    1617432 total
[2025-05-23T21:32:53.251+0000][77][trace][gc,age      ] GC(45) - age   9:      79792 bytes,    1697224 total
[2025-05-23T21:32:53.252+0000][77][trace][gc,age      ] GC(45) - age  10:     416800 bytes,    2114024 total
[2025-05-23T21:32:53.252+0000][77][trace][gc,age      ] GC(45) - age  11:      59872 bytes,    2173896 total
[2025-05-23T21:32:53.252+0000][77][trace][gc,age      ] GC(45) - age  12:      48120 bytes,    2222016 total
[2025-05-23T21:32:53.252+0000][77][trace][gc,age      ] GC(45) - age  13:      25528 bytes,    2247544 total
[2025-05-23T21:32:53.252+0000][77][trace][gc,age      ] GC(45) - age  14:       1592 bytes,    2249136 total
[2025-05-23T21:32:53.253+0000][77][trace][gc,age      ] GC(45) - age  15:     104480 bytes,    2353616 total
[2025-05-23T21:32:53.253+0000][77][info ][gc,heap     ] GC(45) Eden regions: 581->0(581)
[2025-05-23T21:32:53.253+0000][77][info ][gc,heap     ] GC(45) Survivor regions: 1->1(73)
[2025-05-23T21:32:53.254+0000][77][info ][gc,heap     ] GC(45) Old regions: 30->30
[2025-05-23T21:32:53.254+0000][77][info ][gc,heap     ] GC(45) Humongous regions: 0->0
[2025-05-23T21:32:53.254+0000][77][info ][gc,metaspace] GC(45) Metaspace: 147048K(153408K)->147048K(153408K) NonClass: 127605K(131520K)->127605K(131520K) Class: 19442K(21888K)->19442K(21888K)
[2025-05-23T21:32:53.254+0000][77][info ][gc          ] GC(45) Pause Young (Normal) (G1 Evacuation Pause) 2443M->118M(3880M) 19.368ms
[2025-05-23T21:32:53.255+0000][77][info ][gc,cpu      ] GC(45) User=0.06s Sys=0.00s Real=0.02s
[2025-05-23T21:32:53.256+0000][77][info ][safepoint   ] Safepoint "G1CollectForAllocation", Time since last: 345114327809 ns, Reaching safepoint: 52695 ns, Cleanup: 5609 ns, At safepoint: 20625437 ns, Total: 20683741 ns
[2025-05-23T21:34:55.368+0000][77][info ][safepoint   ] Safepoint "Cleanup", Time since last: 122121285501 ns, Reaching safepoint: 66711 ns, Cleanup: 17789 ns, At safepoint: 14422 ns, Total: 98922 ns
[2025-05-23T21:40:10.522+0000][77][info ][safepoint   ] Safepoint "Cleanup", Time since last: 315178656650 ns, Reaching safepoint: 113791 ns, Cleanup: 20206 ns, At safepoint: 29287 ns, Total: 163284 ns
[2025-05-23T21:40:58.224+0000][77][info ][safepoint   ] Safepoint "Cleanup", Time since last: 47702833763 ns, Reaching safepoint: 64746 ns, Cleanup: 17387 ns, At safepoint: 14378 ns, Total: 96511 ns
[2025-05-23T21:41:44.551+0000][77][info ][safepoint   ] Safepoint "Cleanup", Time since last: 46332505868 ns, Reaching safepoint: 13140 ns, Cleanup: 11711 ns, At safepoint: 17533 ns, Total: 42384 ns
[2025-05-23T21:41:58.785+0000][77][info ][safepoint   ] Safepoint "Cleanup", Time since last: 14233881893 ns, Reaching safepoint: 16674 ns, Cleanup: 13258 ns, At safepoint: 20883 ns, Total: 50815 ns
[2025-05-23T21:42:00.597+0000][77][info ][safepoint   ] Safepoint "Cleanup", Time since last: 1814035598 ns, Reaching safepoint: 27147 ns, Cleanup: 15333 ns, At safepoint: 15767 ns, Total: 58247 ns
[2025-05-23T21:43:04.665+0000][77][info ][safepoint   ] Safepoint "Cleanup", Time since last: 64071982425 ns, Reaching safepoint: 16540 ns, Cleanup: 22248 ns, At safepoint: 104334 ns, Total: 143122 ns
[2025-05-23T21:45:32.365+0000][77][info ][safepoint   ] Safepoint "Cleanup", Time since last: 147710603267 ns, Reaching safepoint: 26655 ns, Cleanup: 15937 ns, At safepoint: 72454 ns, Total: 115046 ns
[2025-05-23T21:59:46.557+0000][77][info ][safepoint   ] Safepoint "Cleanup", Time since last: 854254218326 ns, Reaching safepoint: 11479 ns, Cleanup: 9369 ns, At safepoint: 35997 ns, Total: 56845 ns
[2025-05-23T22:10:37.041+0000][77][info ][safepoint   ] Safepoint "Cleanup", Time since last: 650532651737 ns, Reaching safepoint: 28636 ns, Cleanup: 16417 ns, At safepoint: 13405 ns, Total: 58458 ns
[2025-05-23T22:19:49.822+0000][77][info ][gc,start    ] GC(46) Pause Young (Normal) (G1 Evacuation Pause)
[2025-05-23T22:19:49.823+0000][77][info ][gc,task     ] GC(46) Using 10 workers of 10 for evacuation
[2025-05-23T22:19:49.823+0000][77][debug][gc,age      ] GC(46) Desired survivor size 153092096 bytes, new threshold 15 (max threshold 15)
[2025-05-23T22:19:49.832+0000][77][info ][gc,phases   ] GC(46)   Pre Evacuate Collection Set: 0.47ms
[2025-05-23T22:19:49.833+0000][77][info ][gc,phases   ] GC(46)   Merge Heap Roots: 0.74ms
[2025-05-23T22:19:49.834+0000][77][info ][gc,phases   ] GC(46)   Evacuate Collection Set: 5.57ms
[2025-05-23T22:19:49.834+0000][77][info ][gc,phases   ] GC(46)   Post Evacuate Collection Set: 1.38ms
[2025-05-23T22:19:49.835+0000][77][info ][gc,phases   ] GC(46)   Other: 0.73ms
[2025-05-23T22:19:49.837+0000][77][trace][gc,age      ] GC(46) Age table with threshold 15 (max threshold 15)
[2025-05-23T22:19:49.839+0000][77][trace][gc,age      ] GC(46) - age   1:    1612952 bytes,    1612952 total
[2025-05-23T22:19:49.840+0000][77][trace][gc,age      ] GC(46) - age   2:     106056 bytes,    1719008 total
[2025-05-23T22:19:49.841+0000][77][trace][gc,age      ] GC(46) - age   3:     196608 bytes,    1915616 total
[2025-05-23T22:19:49.841+0000][77][trace][gc,age      ] GC(46) - age   4:     106024 bytes,    2021640 total
[2025-05-23T22:19:49.841+0000][77][trace][gc,age      ] GC(46) - age   5:     107176 bytes,    2128816 total
[2025-05-23T22:19:49.842+0000][77][trace][gc,age      ] GC(46) - age   6:     104328 bytes,    2233144 total
[2025-05-23T22:19:49.842+0000][77][trace][gc,age      ] GC(46) - age   7:     110864 bytes,    2344008 total
[2025-05-23T22:19:49.842+0000][77][trace][gc,age      ] GC(46) - age   8:     107816 bytes,    2451824 total
[2025-05-23T22:19:49.842+0000][77][trace][gc,age      ] GC(46) - age   9:      92648 bytes,    2544472 total
[2025-05-23T22:19:49.843+0000][77][trace][gc,age      ] GC(46) - age  10:      79792 bytes,    2624264 total
[2025-05-23T22:19:49.843+0000][77][trace][gc,age      ] GC(46) - age  11:     416760 bytes,    3041024 total
[2025-05-23T22:19:49.843+0000][77][trace][gc,age      ] GC(46) - age  12:      59872 bytes,    3100896 total
[2025-05-23T22:19:49.843+0000][77][trace][gc,age      ] GC(46) - age  13:      48120 bytes,    3149016 total
[2025-05-23T22:19:49.844+0000][77][trace][gc,age      ] GC(46) - age  14:      25528 bytes,    3174544 total
[2025-05-23T22:19:49.844+0000][77][trace][gc,age      ] GC(46) - age  15:       1592 bytes,    3176136 total
[2025-05-23T22:19:49.844+0000][77][info ][gc,heap     ] GC(46) Eden regions: 581->0(581)
[2025-05-23T22:19:49.845+0000][77][info ][gc,heap     ] GC(46) Survivor regions: 1->1(73)
[2025-05-23T22:19:49.845+0000][77][info ][gc,heap     ] GC(46) Old regions: 30->30
[2025-05-23T22:19:49.845+0000][77][info ][gc,heap     ] GC(46) Humongous regions: 0->0
[2025-05-23T22:19:49.845+0000][77][info ][gc,metaspace] GC(46) Metaspace: 147053K(153408K)->147053K(153408K) NonClass: 127610K(131520K)->127610K(131520K) Class: 19442K(21888K)->19442K(21888K)
[2025-05-23T22:19:49.846+0000][77][info ][gc          ] GC(46) Pause Young (Normal) (G1 Evacuation Pause) 2442M->119M(3880M) 23.375ms
[2025-05-23T22:19:49.846+0000][77][info ][gc,cpu      ] GC(46) User=0.03s Sys=0.02s Real=0.02s
[2025-05-23T22:19:49.846+0000][77][info ][safepoint   ] Safepoint "G1CollectForAllocation", Time since last: 552820303509 ns, Reaching safepoint: 25177 ns, Cleanup: 6011 ns, At safepoint: 24071454 ns, Total: 24102642 ns
[2025-05-23T22:31:57.627+0000][77][info ][safepoint   ] Safepoint "Cleanup", Time since last: 727832972802 ns, Reaching safepoint: 59458 ns, Cleanup: 18299 ns, At safepoint: 61477 ns, Total: 139234 ns
[2025-05-23T22:32:25.515+0000][77][info ][safepoint   ] Safepoint "Cleanup", Time since last: 27890298433 ns, Reaching safepoint: 7981 ns, Cleanup: 10153 ns, At safepoint: 2828 ns, Total: 20962 ns
[2025-05-23T22:32:27.196+0000][77][info ][safepoint   ] Safepoint "Cleanup", Time since last: 1680599476 ns, Reaching safepoint: 27597 ns, Cleanup: 21341 ns, At safepoint: 12811 ns, Total: 61749 ns
[2025-05-23T22:32:28.504+0000][77][info ][safepoint   ] Safepoint "Cleanup", Time since last: 1307663606 ns, Reaching safepoint: 7081 ns, Cleanup: 9221 ns, At safepoint: 12778 ns, Total: 29080 ns
[2025-05-23T22:34:31.510+0000][77][info ][safepoint   ] Safepoint "Cleanup", Time since last: 123016615429 ns, Reaching safepoint: 19475 ns, Cleanup: 20425 ns, At safepoint: 67916 ns, Total: 107816 ns
[2025-05-23T22:41:46.523+0000][77][info ][safepoint   ] Safepoint "Cleanup", Time since last: 435044551792 ns, Reaching safepoint: 6476 ns, Cleanup: 7985 ns, At safepoint: 2932 ns, Total: 17393 ns
[2025-05-23T22:41:47.523+0000][77][info ][safepoint   ] Safepoint "Cleanup", Time since last: 1000013895 ns, Reaching safepoint: 6427 ns, Cleanup: 9671 ns, At safepoint: 13713 ns, Total: 29811 ns
[2025-05-23T22:42:57.582+0000][77][info ][safepoint   ] Safepoint "Cleanup", Time since last: 70062943963 ns, Reaching safepoint: 19604 ns, Cleanup: 16210 ns, At safepoint: 10712 ns, Total: 46526 ns
[2025-05-23T22:45:37.006+0000][77][info ][safepoint   ] Safepoint "Cleanup", Time since last: 159435931684 ns, Reaching safepoint: 28318 ns, Cleanup: 15086 ns, At safepoint: 12634 ns, Total: 56038 ns
[2025-05-23T23:03:55.502+0000][77][info ][safepoint   ] Safepoint "Cleanup", Time since last: 1098576194863 ns, Reaching safepoint: 48386 ns, Cleanup: 12628 ns, At safepoint: 22771 ns, Total: 83785 ns
[2025-05-23T23:06:01.497+0000][77][info ][gc,start    ] GC(47) Pause Young (Normal) (G1 Evacuation Pause)
[2025-05-23T23:06:01.499+0000][77][info ][gc,task     ] GC(47) Using 10 workers of 10 for evacuation
[2025-05-23T23:06:01.499+0000][77][debug][gc,age      ] GC(47) Desired survivor size 153092096 bytes, new threshold 15 (max threshold 15)
[2025-05-23T23:06:01.506+0000][77][info ][gc,phases   ] GC(47)   Pre Evacuate Collection Set: 0.47ms
[2025-05-23T23:06:01.506+0000][77][info ][gc,phases   ] GC(47)   Merge Heap Roots: 0.68ms
[2025-05-23T23:06:01.507+0000][77][info ][gc,phases   ] GC(47)   Evacuate Collection Set: 3.28ms
[2025-05-23T23:06:01.508+0000][77][info ][gc,phases   ] GC(47)   Post Evacuate Collection Set: 1.51ms
[2025-05-23T23:06:01.509+0000][77][info ][gc,phases   ] GC(47)   Other: 0.91ms
[2025-05-23T23:06:01.509+0000][77][trace][gc,age      ] GC(47) Age table with threshold 15 (max threshold 15)
[2025-05-23T23:06:01.510+0000][77][trace][gc,age      ] GC(47) - age   1:    1480768 bytes,    1480768 total
[2025-05-23T23:06:01.510+0000][77][trace][gc,age      ] GC(47) - age   2:     198816 bytes,    1679584 total
[2025-05-23T23:06:01.510+0000][77][trace][gc,age      ] GC(47) - age   3:     104288 bytes,    1783872 total
[2025-05-23T23:06:01.511+0000][77][trace][gc,age      ] GC(47) - age   4:     196200 bytes,    1980072 total
[2025-05-23T23:06:01.511+0000][77][trace][gc,age      ] GC(47) - age   5:     105784 bytes,    2085856 total
[2025-05-23T23:06:01.511+0000][77][trace][gc,age      ] GC(47) - age   6:     107176 bytes,    2193032 total
[2025-05-23T23:06:01.511+0000][77][trace][gc,age      ] GC(47) - age   7:     104248 bytes,    2297280 total
[2025-05-23T23:06:01.512+0000][77][trace][gc,age      ] GC(47) - age   8:     110864 bytes,    2408144 total
[2025-05-23T23:06:01.512+0000][77][trace][gc,age      ] GC(47) - age   9:     107776 bytes,    2515920 total
[2025-05-23T23:06:01.512+0000][77][trace][gc,age      ] GC(47) - age  10:      92648 bytes,    2608568 total
[2025-05-23T23:06:01.512+0000][77][trace][gc,age      ] GC(47) - age  11:      79792 bytes,    2688360 total
[2025-05-23T23:06:01.513+0000][77][trace][gc,age      ] GC(47) - age  12:     416720 bytes,    3105080 total
[2025-05-23T23:06:01.513+0000][77][trace][gc,age      ] GC(47) - age  13:      59872 bytes,    3164952 total
[2025-05-23T23:06:01.513+0000][77][trace][gc,age      ] GC(47) - age  14:      48120 bytes,    3213072 total
[2025-05-23T23:06:01.513+0000][77][trace][gc,age      ] GC(47) - age  15:      25528 bytes,    3238600 total
[2025-05-23T23:06:01.514+0000][77][info ][gc,heap     ] GC(47) Eden regions: 581->0(581)
[2025-05-23T23:06:01.514+0000][77][info ][gc,heap     ] GC(47) Survivor regions: 1->1(73)
[2025-05-23T23:06:01.514+0000][77][info ][gc,heap     ] GC(47) Old regions: 30->30
[2025-05-23T23:06:01.514+0000][77][info ][gc,heap     ] GC(47) Humongous regions: 0->0
[2025-05-23T23:06:01.515+0000][77][info ][gc,metaspace] GC(47) Metaspace: 147055K(153408K)->147055K(153408K) NonClass: 127613K(131520K)->127613K(131520K) Class: 19442K(21888K)->19442K(21888K)
[2025-05-23T23:06:01.515+0000][77][info ][gc          ] GC(47) Pause Young (Normal) (G1 Evacuation Pause) 2443M->119M(3880M) 17.498ms
[2025-05-23T23:06:01.515+0000][77][info ][gc,cpu      ] GC(47) User=0.02s Sys=0.02s Real=0.02s
[2025-05-23T23:06:01.516+0000][77][info ][safepoint   ] Safepoint "G1CollectForAllocation", Time since last: 126009117390 ns, Reaching safepoint: 58504 ns, Cleanup: 5933 ns, At safepoint: 18171478 ns, Total: 18235915 ns
[2025-05-23T23:08:01.345+0000][77][info ][safepoint   ] Safepoint "Cleanup", Time since last: 119840698807 ns, Reaching safepoint: 83781 ns, Cleanup: 19521 ns, At safepoint: 20246 ns, Total: 123548 ns
[2025-05-23T23:15:01.511+0000][77][info ][safepoint   ] Safepoint "Cleanup", Time since last: 420204630923 ns, Reaching safepoint: 6121 ns, Cleanup: 7393 ns, At safepoint: 13509 ns, Total: 27023 ns
[2025-05-23T23:15:03.554+0000][77][info ][safepoint   ] Safepoint "Cleanup", Time since last: 2042981260 ns, Reaching safepoint: 26202 ns, Cleanup: 16131 ns, At safepoint: 13364 ns, Total: 55697 ns
[2025-05-23T23:18:37.688+0000][77][info ][safepoint   ] Safepoint "Cleanup", Time since last: 214151140246 ns, Reaching safepoint: 109165 ns, Cleanup: 12159 ns, At safepoint: 44904 ns, Total: 166228 ns
[2025-05-23T23:31:13.495+0000][77][info ][safepoint   ] Safepoint "Cleanup", Time since last: 755866522457 ns, Reaching safepoint: 16664 ns, Cleanup: 17214 ns, At safepoint: 35516 ns, Total: 69394 ns
[2025-05-23T23:33:05.068+0000][77][info ][safepoint   ] Safepoint "Cleanup", Time since last: 111582110702 ns, Reaching safepoint: 22942 ns, Cleanup: 10730 ns, At safepoint: 13761 ns, Total: 47433 ns
[2025-05-23T23:41:50.326+0000][77][info ][safepoint   ] Safepoint "Cleanup", Time since last: 525298922346 ns, Reaching safepoint: 15316 ns, Cleanup: 12265 ns, At safepoint: 17005 ns, Total: 44586 ns
[2025-05-23T23:42:57.436+0000][77][info ][safepoint   ] Safepoint "Cleanup", Time since last: 67114947058 ns, Reaching safepoint: 26884 ns, Cleanup: 17314 ns, At safepoint: 11474 ns, Total: 55672 ns
[2025-05-23T23:43:49.547+0000][77][info ][safepoint   ] Safepoint "Cleanup", Time since last: 52116180411 ns, Reaching safepoint: 5919 ns, Cleanup: 10820 ns, At safepoint: 3043 ns, Total: 19782 ns
[2025-05-23T23:46:30.679+0000][77][info ][safepoint   ] Safepoint "Cleanup", Time since last: 161146509563 ns, Reaching safepoint: 28094 ns, Cleanup: 14907 ns, At safepoint: 13284 ns, Total: 56285 ns
[2025-05-23T23:48:47.457+0000][77][info ][safepoint   ] Safepoint "Cleanup", Time since last: 136786656490 ns, Reaching safepoint: 102527 ns, Cleanup: 11361 ns, At safepoint: 25617 ns, Total: 139505 ns
[2025-05-23T23:51:10.423+0000][77][info ][gc,start    ] GC(48) Pause Young (Normal) (G1 Evacuation Pause)
[2025-05-23T23:51:10.423+0000][77][info ][gc,task     ] GC(48) Using 10 workers of 10 for evacuation
[2025-05-23T23:51:10.424+0000][77][debug][gc,age      ] GC(48) Desired survivor size 153092096 bytes, new threshold 15 (max threshold 15)
[2025-05-23T23:51:10.437+0000][77][info ][gc,phases   ] GC(48)   Pre Evacuate Collection Set: 0.96ms
[2025-05-23T23:51:10.437+0000][77][info ][gc,phases   ] GC(48)   Merge Heap Roots: 2.15ms
[2025-05-23T23:51:10.438+0000][77][info ][gc,phases   ] GC(48)   Evacuate Collection Set: 6.63ms
[2025-05-23T23:51:10.438+0000][77][info ][gc,phases   ] GC(48)   Post Evacuate Collection Set: 2.38ms
[2025-05-23T23:51:10.439+0000][77][info ][gc,phases   ] GC(48)   Other: 1.10ms
[2025-05-23T23:51:10.439+0000][77][trace][gc,age      ] GC(48) Age table with threshold 15 (max threshold 15)
[2025-05-23T23:51:10.439+0000][77][trace][gc,age      ] GC(48) - age   1:    1574296 bytes,    1574296 total
[2025-05-23T23:51:10.440+0000][77][trace][gc,age      ] GC(48) - age   2:     184456 bytes,    1758752 total
[2025-05-23T23:51:10.441+0000][77][trace][gc,age      ] GC(48) - age   3:     132192 bytes,    1890944 total
[2025-05-23T23:51:10.441+0000][77][trace][gc,age      ] GC(48) - age   4:     103224 bytes,    1994168 total
[2025-05-23T23:51:10.441+0000][77][trace][gc,age      ] GC(48) - age   5:     195416 bytes,    2189584 total
[2025-05-23T23:51:10.442+0000][77][trace][gc,age      ] GC(48) - age   6:     105704 bytes,    2295288 total
[2025-05-23T23:51:10.442+0000][77][trace][gc,age      ] GC(48) - age   7:     107136 bytes,    2402424 total
[2025-05-23T23:51:10.443+0000][77][trace][gc,age      ] GC(48) - age   8:     104208 bytes,    2506632 total
[2025-05-23T23:51:10.443+0000][77][trace][gc,age      ] GC(48) - age   9:     110864 bytes,    2617496 total
[2025-05-23T23:51:10.444+0000][77][trace][gc,age      ] GC(48) - age  10:     107776 bytes,    2725272 total
[2025-05-23T23:51:10.444+0000][77][trace][gc,age      ] GC(48) - age  11:      92608 bytes,    2817880 total
[2025-05-23T23:51:10.444+0000][77][trace][gc,age      ] GC(48) - age  12:      79792 bytes,    2897672 total
[2025-05-23T23:51:10.444+0000][77][trace][gc,age      ] GC(48) - age  13:     416688 bytes,    3314360 total
[2025-05-23T23:51:10.445+0000][77][trace][gc,age      ] GC(48) - age  14:      59872 bytes,    3374232 total
[2025-05-23T23:51:10.445+0000][77][trace][gc,age      ] GC(48) - age  15:      48120 bytes,    3422352 total
[2025-05-23T23:51:10.445+0000][77][info ][gc,heap     ] GC(48) Eden regions: 581->0(581)
[2025-05-23T23:51:10.446+0000][77][info ][gc,heap     ] GC(48) Survivor regions: 1->1(73)
[2025-05-23T23:51:10.446+0000][77][info ][gc,heap     ] GC(48) Old regions: 30->30
[2025-05-23T23:51:10.446+0000][77][info ][gc,heap     ] GC(48) Humongous regions: 0->0
[2025-05-23T23:51:10.447+0000][77][info ][gc,metaspace] GC(48) Metaspace: 147060K(153408K)->147060K(153408K) NonClass: 127617K(131520K)->127617K(131520K) Class: 19442K(21888K)->19442K(21888K)
[2025-05-23T23:51:10.448+0000][77][info ][gc          ] GC(48) Pause Young (Normal) (G1 Evacuation Pause) 2443M->120M(3880M) 25.250ms
[2025-05-23T23:51:10.448+0000][77][info ][gc,cpu      ] GC(48) User=0.05s Sys=0.00s Real=0.02s
[2025-05-23T23:51:10.449+0000][77][info ][safepoint   ] Safepoint "G1CollectForAllocation", Time since last: 142978187183 ns, Reaching safepoint: 25936 ns, Cleanup: 5922 ns, At safepoint: 26725511 ns, Total: 26757369 ns
[2025-05-23T23:51:57.826+0000][77][info ][safepoint   ] Safepoint "Cleanup", Time since last: 47378452143 ns, Reaching safepoint: 53139 ns, Cleanup: 15571 ns, At safepoint: 10631 ns, Total: 79341 ns
[2025-05-23T23:52:12.826+0000][77][info ][safepoint   ] Safepoint "Cleanup", Time since last: 15002482016 ns, Reaching safepoint: 25704 ns, Cleanup: 15332 ns, At safepoint: 13295 ns, Total: 54331 ns
[2025-05-23T23:57:28.880+0000][77][info ][safepoint   ] Safepoint "Cleanup", Time since last: 316076619059 ns, Reaching safepoint: 14024 ns, Cleanup: 12546 ns, At safepoint: 4625 ns, Total: 31195 ns
[2025-05-23T23:57:57.891+0000][77][info ][safepoint   ] Safepoint "Cleanup", Time since last: 29014123330 ns, Reaching safepoint: 47393 ns, Cleanup: 13400 ns, At safepoint: 11613 ns, Total: 72406 ns
[2025-05-23T23:58:57.220+0000][77][info ][safepoint   ] Safepoint "Cleanup", Time since last: 59333347033 ns, Reaching safepoint: 33311 ns, Cleanup: 16452 ns, At safepoint: 339029 ns, Total: 388792 ns
[2025-05-24T00:00:01.972+0000][77][info ][safepoint   ] Safepoint "Cleanup", Time since last: 64758087631 ns, Reaching safepoint: 15508 ns, Cleanup: 24992 ns, At safepoint: 5428 ns, Total: 45928 ns
[2025-05-24T00:00:09.984+0000][77][info ][safepoint   ] Safepoint "Cleanup", Time since last: 8011924715 ns, Reaching safepoint: 56132 ns, Cleanup: 15049 ns, At safepoint: 12921 ns, Total: 84102 ns
[2025-05-24T00:00:58.025+0000][77][info ][safepoint   ] Safepoint "Cleanup", Time since last: 48043523158 ns, Reaching safepoint: 62912 ns, Cleanup: 16465 ns, At safepoint: 14368 ns, Total: 93745 ns
[2025-05-24T00:01:58.048+0000][77][info ][safepoint   ] Safepoint "Cleanup", Time since last: 60027612404 ns, Reaching safepoint: 19370 ns, Cleanup: 15695 ns, At safepoint: 11264 ns, Total: 46329 ns
[2025-05-24T00:03:47.437+0000][77][info ][safepoint   ] Safepoint "Cleanup", Time since last: 109398340449 ns, Reaching safepoint: 7132 ns, Cleanup: 9025 ns, At safepoint: 2983 ns, Total: 19140 ns
[2025-05-24T00:03:48.448+0000][77][info ][safepoint   ] Safepoint "Cleanup", Time since last: 1010979878 ns, Reaching safepoint: 42346 ns, Cleanup: 15542 ns, At safepoint: 15163 ns, Total: 73051 ns
[2025-05-24T00:04:49.427+0000][77][info ][safepoint   ] Safepoint "Cleanup", Time since last: 60984021323 ns, Reaching safepoint: 6545 ns, Cleanup: 9839 ns, At safepoint: 3130 ns, Total: 19514 ns
[2025-05-24T00:05:37.223+0000][77][info ][safepoint   ] Safepoint "Cleanup", Time since last: 47800178600 ns, Reaching safepoint: 27260 ns, Cleanup: 21271 ns, At safepoint: 13132 ns, Total: 61663 ns
[2025-05-24T00:09:57.346+0000][77][info ][safepoint   ] Safepoint "Cleanup", Time since last: 260140429754 ns, Reaching safepoint: 71213 ns, Cleanup: 21775 ns, At safepoint: 16980 ns, Total: 109968 ns
[2025-05-24T00:10:37.370+0000][77][info ][safepoint   ] Safepoint "Cleanup", Time since last: 40028884470 ns, Reaching safepoint: 26096 ns, Cleanup: 16355 ns, At safepoint: 13957 ns, Total: 56408 ns
[2025-05-24T00:13:13.424+0000][77][info ][safepoint   ] Safepoint "Cleanup", Time since last: 156066291039 ns, Reaching safepoint: 40690 ns, Cleanup: 17783 ns, At safepoint: 123667 ns, Total: 182140 ns
[2025-05-24T00:22:57.654+0000][77][info ][safepoint   ] Safepoint "Cleanup", Time since last: 584269956745 ns, Reaching safepoint: 62564 ns, Cleanup: 21076 ns, At safepoint: 16571 ns, Total: 100211 ns
[2025-05-24T00:24:46.705+0000][77][info ][safepoint   ] Safepoint "Cleanup", Time since last: 109060026910 ns, Reaching safepoint: 12956 ns, Cleanup: 7465 ns, At safepoint: 19057 ns, Total: 39478 ns
[2025-05-24T00:28:58.500+0000][77][info ][safepoint   ] Safepoint "Cleanup", Time since last: 251812756064 ns, Reaching safepoint: 14718 ns, Cleanup: 11313 ns, At safepoint: 18192 ns, Total: 44223 ns
[2025-05-24T00:31:04.903+0000][77][info ][safepoint   ] Safepoint "Cleanup", Time since last: 126414425454 ns, Reaching safepoint: 19830 ns, Cleanup: 11928 ns, At safepoint: 17539 ns, Total: 49297 ns
[2025-05-24T00:31:42.957+0000][77][info ][safepoint   ] Safepoint "Cleanup", Time since last: 38055432879 ns, Reaching safepoint: 27035 ns, Cleanup: 15564 ns, At safepoint: 50733 ns, Total: 93332 ns
[2025-05-24T00:32:07.390+0000][77][info ][safepoint   ] Safepoint "Cleanup", Time since last: 24435078316 ns, Reaching safepoint: 12809 ns, Cleanup: 11359 ns, At safepoint: 16796 ns, Total: 40964 ns
[2025-05-24T00:37:23.075+0000][77][info ][safepoint   ] Safepoint "Cleanup", Time since last: 315707106551 ns, Reaching safepoint: 13665 ns, Cleanup: 11586 ns, At safepoint: 18587 ns, Total: 43838 ns
[2025-05-24T00:37:40.375+0000][77][info ][gc,start    ] GC(49) Pause Young (Normal) (G1 Evacuation Pause)
[2025-05-24T00:37:40.376+0000][77][info ][gc,task     ] GC(49) Using 10 workers of 10 for evacuation
[2025-05-24T00:37:40.376+0000][77][debug][gc,age      ] GC(49) Desired survivor size 153092096 bytes, new threshold 15 (max threshold 15)
[2025-05-24T00:37:40.386+0000][77][info ][gc,phases   ] GC(49)   Pre Evacuate Collection Set: 0.56ms
[2025-05-24T00:37:40.386+0000][77][info ][gc,phases   ] GC(49)   Merge Heap Roots: 0.66ms
[2025-05-24T00:37:40.386+0000][77][info ][gc,phases   ] GC(49)   Evacuate Collection Set: 6.15ms
[2025-05-24T00:37:40.387+0000][77][info ][gc,phases   ] GC(49)   Post Evacuate Collection Set: 1.48ms
[2025-05-24T00:37:40.387+0000][77][info ][gc,phases   ] GC(49)   Other: 0.90ms
[2025-05-24T00:37:40.387+0000][77][trace][gc,age      ] GC(49) Age table with threshold 15 (max threshold 15)
[2025-05-24T00:37:40.387+0000][77][trace][gc,age      ] GC(49) - age   1:    1091288 bytes,    1091288 total
[2025-05-24T00:37:40.388+0000][77][trace][gc,age      ] GC(49) - age   2:     483720 bytes,    1575008 total
[2025-05-24T00:37:40.388+0000][77][trace][gc,age      ] GC(49) - age   3:     102512 bytes,    1677520 total
[2025-05-24T00:37:40.388+0000][77][trace][gc,age      ] GC(49) - age   4:     130936 bytes,    1808456 total
[2025-05-24T00:37:40.389+0000][77][trace][gc,age      ] GC(49) - age   5:     103184 bytes,    1911640 total
[2025-05-24T00:37:40.389+0000][77][trace][gc,age      ] GC(49) - age   6:     194968 bytes,    2106608 total
[2025-05-24T00:37:40.389+0000][77][trace][gc,age      ] GC(49) - age   7:     105664 bytes,    2212272 total
[2025-05-24T00:37:40.389+0000][77][trace][gc,age      ] GC(49) - age   8:     107136 bytes,    2319408 total
[2025-05-24T00:37:40.390+0000][77][trace][gc,age      ] GC(49) - age   9:     104208 bytes,    2423616 total
[2025-05-24T00:37:40.390+0000][77][trace][gc,age      ] GC(49) - age  10:     110864 bytes,    2534480 total
[2025-05-24T00:37:40.390+0000][77][trace][gc,age      ] GC(49) - age  11:     107776 bytes,    2642256 total
[2025-05-24T00:37:40.391+0000][77][trace][gc,age      ] GC(49) - age  12:      92608 bytes,    2734864 total
[2025-05-24T00:37:40.391+0000][77][trace][gc,age      ] GC(49) - age  13:      79792 bytes,    2814656 total
[2025-05-24T00:37:40.391+0000][77][trace][gc,age      ] GC(49) - age  14:     416688 bytes,    3231344 total
[2025-05-24T00:37:40.391+0000][77][trace][gc,age      ] GC(49) - age  15:      59872 bytes,    3291216 total
[2025-05-24T00:37:40.392+0000][77][info ][gc,heap     ] GC(49) Eden regions: 581->0(581)
[2025-05-24T00:37:40.392+0000][77][info ][gc,heap     ] GC(49) Survivor regions: 1->1(73)
[2025-05-24T00:37:40.392+0000][77][info ][gc,heap     ] GC(49) Old regions: 30->30
[2025-05-24T00:37:40.393+0000][77][info ][gc,heap     ] GC(49) Humongous regions: 0->0
[2025-05-24T00:37:40.393+0000][77][info ][gc,metaspace] GC(49) Metaspace: 147094K(153408K)->147094K(153408K) NonClass: 127652K(131520K)->127652K(131520K) Class: 19442K(21888K)->19442K(21888K)
[2025-05-24T00:37:40.393+0000][77][info ][gc          ] GC(49) Pause Young (Normal) (G1 Evacuation Pause) 2444M->120M(3880M) 17.926ms
[2025-05-24T00:37:40.394+0000][77][info ][gc,cpu      ] GC(49) User=0.04s Sys=0.01s Real=0.02s
[2025-05-24T00:37:40.394+0000][77][info ][safepoint   ] Safepoint "G1CollectForAllocation", Time since last: 17302448127 ns, Reaching safepoint: 18306 ns, Cleanup: 6002 ns, At safepoint: 18749873 ns, Total: 18774181 ns
[2025-05-24T00:41:52.390+0000][77][info ][safepoint   ] Safepoint "Cleanup", Time since last: 252013127522 ns, Reaching safepoint: 7902 ns, Cleanup: 9500 ns, At safepoint: 25383 ns, Total: 42785 ns
[2025-05-24T00:41:54.097+0000][77][info ][safepoint   ] Safepoint "Cleanup", Time since last: 1707307995 ns, Reaching safepoint: 6298 ns, Cleanup: 8049 ns, At safepoint: 3177 ns, Total: 17524 ns
[2025-05-24T00:41:57.804+0000][77][info ][safepoint   ] Safepoint "Cleanup", Time since last: 3706235162 ns, Reaching safepoint: 14872 ns, Cleanup: 12839 ns, At safepoint: 19492 ns, Total: 47203 ns
[2025-05-24T00:41:58.826+0000][77][info ][safepoint   ] Safepoint "Cleanup", Time since last: 1022600502 ns, Reaching safepoint: 5767 ns, Cleanup: 14328 ns, At safepoint: 14374 ns, Total: 34469 ns
[2025-05-24T00:42:00.226+0000][77][info ][safepoint   ] Safepoint "Cleanup", Time since last: 1399832890 ns, Reaching safepoint: 19927 ns, Cleanup: 14853 ns, At safepoint: 9802 ns, Total: 44582 ns
[2025-05-24T00:42:10.239+0000][77][info ][safepoint   ] Safepoint "Cleanup", Time since last: 10015240550 ns, Reaching safepoint: 50388 ns, Cleanup: 14192 ns, At safepoint: 10800 ns, Total: 75380 ns
[2025-05-24T00:42:29.247+0000][77][info ][safepoint   ] Safepoint "Cleanup", Time since last: 19007302330 ns, Reaching safepoint: 6677 ns, Cleanup: 9128 ns, At safepoint: 3235 ns, Total: 19040 ns
[2025-05-24T00:42:39.271+0000][77][info ][safepoint   ] Safepoint "Cleanup", Time since last: 10026259088 ns, Reaching safepoint: 81278 ns, Cleanup: 12672 ns, At safepoint: 44672 ns, Total: 138622 ns
[2025-05-24T00:44:57.356+0000][77][info ][safepoint   ] Safepoint "Cleanup", Time since last: 138094740784 ns, Reaching safepoint: 65694 ns, Cleanup: 16780 ns, At safepoint: 15405 ns, Total: 97879 ns
[2025-05-24T00:45:47.383+0000][77][info ][safepoint   ] Safepoint "Cleanup", Time since last: 50030542855 ns, Reaching safepoint: 106834 ns, Cleanup: 36927 ns, At safepoint: 23857 ns, Total: 167618 ns
[2025-05-24T00:45:48.405+0000][77][info ][safepoint   ] Safepoint "Cleanup", Time since last: 1021736226 ns, Reaching safepoint: 20539 ns, Cleanup: 31763 ns, At safepoint: 9318 ns, Total: 61620 ns
[2025-05-24T00:46:50.385+0000][77][info ][safepoint   ] Safepoint "Cleanup", Time since last: 61984384299 ns, Reaching safepoint: 28549 ns, Cleanup: 16120 ns, At safepoint: 14390 ns, Total: 59059 ns
[2025-05-24T00:48:55.375+0000][77][info ][safepoint   ] Safepoint "Cleanup", Time since last: 124998545293 ns, Reaching safepoint: 102579 ns, Cleanup: 12638 ns, At safepoint: 58039 ns, Total: 173256 ns
[2025-05-24T00:55:13.376+0000][77][info ][safepoint   ] Safepoint "Cleanup", Time since last: 378029868762 ns, Reaching safepoint: 14646 ns, Cleanup: 11937 ns, At safepoint: 17569 ns, Total: 44152 ns
[2025-05-24T00:55:57.590+0000][77][info ][safepoint   ] Safepoint "Cleanup", Time since last: 44216197262 ns, Reaching safepoint: 69540 ns, Cleanup: 17116 ns, At safepoint: 17942 ns, Total: 104598 ns
[2025-05-24T00:57:17.617+0000][77][info ][safepoint   ] Safepoint "Cleanup", Time since last: 80033316300 ns, Reaching safepoint: 64130 ns, Cleanup: 16027 ns, At safepoint: 15724 ns, Total: 95881 ns
[2025-05-24T00:58:57.741+0000][77][info ][safepoint   ] Safepoint "Cleanup", Time since last: 100130707889 ns, Reaching safepoint: 36563 ns, Cleanup: 23993 ns, At safepoint: 22548 ns, Total: 83104 ns
[2025-05-24T01:00:22.797+0000][77][info ][safepoint   ] Safepoint "Cleanup", Time since last: 85062132351 ns, Reaching safepoint: 90879 ns, Cleanup: 13765 ns, At safepoint: 24185 ns, Total: 128829 ns
[2025-05-24T01:01:31.353+0000][77][info ][safepoint   ] Safepoint "Cleanup", Time since last: 68562784968 ns, Reaching safepoint: 8054 ns, Cleanup: 8372 ns, At safepoint: 2977 ns, Total: 19403 ns
[2025-05-24T01:02:34.353+0000][77][info ][safepoint   ] Safepoint "Cleanup", Time since last: 63004350236 ns, Reaching safepoint: 30018 ns, Cleanup: 15217 ns, At safepoint: 86887 ns, Total: 132122 ns
[2025-05-24T01:04:09.917+0000][77][info ][safepoint   ] Safepoint "Cleanup", Time since last: 95570109415 ns, Reaching safepoint: 62570 ns, Cleanup: 16103 ns, At safepoint: 12898 ns, Total: 91571 ns
[2025-05-24T01:04:40.928+0000][77][info ][safepoint   ] Safepoint "Cleanup", Time since last: 31013142257 ns, Reaching safepoint: 6895 ns, Cleanup: 55993 ns, At safepoint: 18877 ns, Total: 81765 ns
[2025-05-24T01:05:36.858+0000][77][info ][safepoint   ] Safepoint "Cleanup", Time since last: 55934470172 ns, Reaching safepoint: 28479 ns, Cleanup: 19445 ns, At safepoint: 12875 ns, Total: 60799 ns
[2025-05-24T01:05:42.860+0000][77][info ][safepoint   ] Safepoint "Cleanup", Time since last: 6001211262 ns, Reaching safepoint: 28305 ns, Cleanup: 14406 ns, At safepoint: 12714 ns, Total: 55425 ns
[2025-05-24T01:20:25.443+0000][77][info ][safepoint   ] Safepoint "Cleanup", Time since last: 882645611921 ns, Reaching safepoint: 118589 ns, Cleanup: 18286 ns, At safepoint: 44051 ns, Total: 180926 ns
[2025-05-24T01:22:31.338+0000][77][info ][safepoint   ] Safepoint "Cleanup", Time since last: 125906334799 ns, Reaching safepoint: 18435 ns, Cleanup: 9965 ns, At safepoint: 5475 ns, Total: 33875 ns
[2025-05-24T01:24:03.427+0000][77][info ][gc,start    ] GC(50) Pause Young (Normal) (G1 Evacuation Pause)
[2025-05-24T01:24:03.428+0000][77][info ][gc,task     ] GC(50) Using 10 workers of 10 for evacuation
[2025-05-24T01:24:03.428+0000][77][debug][gc,age      ] GC(50) Desired survivor size 153092096 bytes, new threshold 15 (max threshold 15)
[2025-05-24T01:24:03.487+0000][77][info ][gc,phases   ] GC(50)   Pre Evacuate Collection Set: 9.43ms
[2025-05-24T01:24:03.488+0000][77][info ][gc,phases   ] GC(50)   Merge Heap Roots: 0.91ms
[2025-05-24T01:24:03.488+0000][77][info ][gc,phases   ] GC(50)   Evacuate Collection Set: 38.08ms
[2025-05-24T01:24:03.488+0000][77][info ][gc,phases   ] GC(50)   Post Evacuate Collection Set: 9.52ms
[2025-05-24T01:24:03.489+0000][77][info ][gc,phases   ] GC(50)   Other: 1.41ms
[2025-05-24T01:24:03.490+0000][77][trace][gc,age      ] GC(50) Age table with threshold 15 (max threshold 15)
[2025-05-24T01:24:03.490+0000][77][trace][gc,age      ] GC(50) - age   1:    1174688 bytes,    1174688 total
[2025-05-24T01:24:03.491+0000][77][trace][gc,age      ] GC(50) - age   2:     102176 bytes,    1276864 total
[2025-05-24T01:24:03.492+0000][77][trace][gc,age      ] GC(50) - age   3:     182144 bytes,    1459008 total
[2025-05-24T01:24:03.492+0000][77][trace][gc,age      ] GC(50) - age   4:     101472 bytes,    1560480 total
[2025-05-24T01:24:03.493+0000][77][trace][gc,age      ] GC(50) - age   5:     102752 bytes,    1663232 total
[2025-05-24T01:24:03.493+0000][77][trace][gc,age      ] GC(50) - age   6:     102792 bytes,    1766024 total
[2025-05-24T01:24:03.494+0000][77][trace][gc,age      ] GC(50) - age   7:     106024 bytes,    1872048 total
[2025-05-24T01:24:03.495+0000][77][trace][gc,age      ] GC(50) - age   8:     105624 bytes,    1977672 total
[2025-05-24T01:24:03.495+0000][77][trace][gc,age      ] GC(50) - age   9:     107096 bytes,    2084768 total
[2025-05-24T01:24:03.496+0000][77][trace][gc,age      ] GC(50) - age  10:     104208 bytes,    2188976 total
[2025-05-24T01:24:03.496+0000][77][trace][gc,age      ] GC(50) - age  11:     110864 bytes,    2299840 total
[2025-05-24T01:24:03.497+0000][77][trace][gc,age      ] GC(50) - age  12:     107776 bytes,    2407616 total
[2025-05-24T01:24:03.497+0000][77][trace][gc,age      ] GC(50) - age  13:      92608 bytes,    2500224 total
[2025-05-24T01:24:03.498+0000][77][trace][gc,age      ] GC(50) - age  14:      79792 bytes,    2580016 total
[2025-05-24T01:24:03.498+0000][77][trace][gc,age      ] GC(50) - age  15:     416688 bytes,    2996704 total
[2025-05-24T01:24:03.499+0000][77][info ][gc,heap     ] GC(50) Eden regions: 581->0(581)
[2025-05-24T01:24:03.500+0000][77][info ][gc,heap     ] GC(50) Survivor regions: 1->1(73)
[2025-05-24T01:24:03.500+0000][77][info ][gc,heap     ] GC(50) Old regions: 30->30
[2025-05-24T01:24:03.501+0000][77][info ][gc,heap     ] GC(50) Humongous regions: 0->0
[2025-05-24T01:24:03.501+0000][77][info ][gc,metaspace] GC(50) Metaspace: 147121K(153408K)->147121K(153408K) NonClass: 127674K(131520K)->127674K(131520K) Class: 19447K(21888K)->19447K(21888K)
[2025-05-24T01:24:03.502+0000][77][info ][gc          ] GC(50) Pause Young (Normal) (G1 Evacuation Pause) 2444M->119M(3880M) 75.099ms
[2025-05-24T01:24:03.503+0000][77][info ][gc,cpu      ] GC(50) User=0.30s Sys=0.01s Real=0.08s
[2025-05-24T01:24:03.503+0000][77][info ][safepoint   ] Safepoint "G1CollectForAllocation", Time since last: 92094551346 ns, Reaching safepoint: 67192 ns, Cleanup: 6432 ns, At safepoint: 76914888 ns, Total: 76988512 ns
[2025-05-24T01:24:04.504+0000][77][info ][safepoint   ] Safepoint "Cleanup", Time since last: 1000479393 ns, Reaching safepoint: 28726 ns, Cleanup: 16167 ns, At safepoint: 12681 ns, Total: 57574 ns
[2025-05-24T01:29:53.339+0000][77][info ][safepoint   ] Safepoint "Cleanup", Time since last: 348860388815 ns, Reaching safepoint: 17900 ns, Cleanup: 28887 ns, At safepoint: 84463 ns, Total: 131250 ns
[2025-05-24T01:30:57.423+0000][77][info ][safepoint   ] Safepoint "Cleanup", Time since last: 64087534536 ns, Reaching safepoint: 20369 ns, Cleanup: 13594 ns, At safepoint: 9743 ns, Total: 43706 ns
[2025-05-24T01:35:56.830+0000][77][info ][safepoint   ] Safepoint "Cleanup", Time since last: 299430059958 ns, Reaching safepoint: 38844 ns, Cleanup: 82774 ns, At safepoint: 19812 ns, Total: 141430 ns
[2025-05-24T01:36:39.862+0000][77][info ][safepoint   ] Safepoint "Cleanup", Time since last: 43037315137 ns, Reaching safepoint: 88133 ns, Cleanup: 17701 ns, At safepoint: 14622 ns, Total: 120456 ns
[2025-05-24T01:37:53.997+0000][77][info ][safepoint   ] Safepoint "Cleanup", Time since last: 74041487656 ns, Reaching safepoint: 97785405 ns, Cleanup: 27408 ns, At safepoint: 302242 ns, Total: 98115055 ns
[2025-05-24T01:37:55.134+0000][77][info ][safepoint   ] Safepoint "Cleanup", Time since last: 1136748584 ns, Reaching safepoint: 35204 ns, Cleanup: 31838 ns, At safepoint: 19312 ns, Total: 86354 ns
[2025-05-24T01:37:56.135+0000][77][info ][safepoint   ] Safepoint "Cleanup", Time since last: 1000796939 ns, Reaching safepoint: 27975 ns, Cleanup: 18185 ns, At safepoint: 12772 ns, Total: 58932 ns
[2025-05-24T01:38:16.343+0000][77][info ][safepoint   ] Safepoint "Cleanup", Time since last: 20210354397 ns, Reaching safepoint: 8082 ns, Cleanup: 10679 ns, At safepoint: 3666 ns, Total: 22427 ns
[2025-05-24T01:40:22.320+0000][77][info ][safepoint   ] Safepoint "Cleanup", Time since last: 125988140940 ns, Reaching safepoint: 16382 ns, Cleanup: 20351 ns, At safepoint: 85511 ns, Total: 122244 ns
[2025-05-24T01:40:24.067+0000][77][info ][safepoint   ] Safepoint "Cleanup", Time since last: 1746253057 ns, Reaching safepoint: 16792 ns, Cleanup: 14812 ns, At safepoint: 61161 ns, Total: 92765 ns
[2025-05-24T01:40:56.001+0000][77][info ][safepoint   ] Safepoint "Cleanup", Time since last: 31937309306 ns, Reaching safepoint: 62748 ns, Cleanup: 17762 ns, At safepoint: 12811 ns, Total: 93321 ns
[2025-05-24T01:41:08.001+0000][77][info ][safepoint   ] Safepoint "Cleanup", Time since last: 12002701616 ns, Reaching safepoint: 36787 ns, Cleanup: 17286 ns, At safepoint: 20574 ns, Total: 74647 ns
[2025-05-24T01:41:56.140+0000][77][info ][safepoint   ] Safepoint "Cleanup", Time since last: 48141220594 ns, Reaching safepoint: 19790 ns, Cleanup: 267533 ns, At safepoint: 109643 ns, Total: 396966 ns
[2025-05-24T01:42:02.182+0000][77][info ][safepoint   ] Safepoint "Cleanup", Time since last: 6044287037 ns, Reaching safepoint: 14804 ns, Cleanup: 23170 ns, At safepoint: 90111 ns, Total: 128085 ns
[2025-05-24T01:42:28.306+0000][77][info ][safepoint   ] Safepoint "Cleanup", Time since last: 26123655281 ns, Reaching safepoint: 19400 ns, Cleanup: 14246 ns, At safepoint: 22820 ns, Total: 56466 ns
[2025-05-24T01:44:43.560+0000][77][info ][safepoint   ] Safepoint "Cleanup", Time since last: 135266286579 ns, Reaching safepoint: 20519 ns, Cleanup: 13730 ns, At safepoint: 9284 ns, Total: 43533 ns
[2025-05-24T01:47:43.699+0000][77][info ][safepoint   ] Safepoint "Cleanup", Time since last: 180154408849 ns, Reaching safepoint: 153854 ns, Cleanup: 14963 ns, At safepoint: 69770 ns, Total: 238587 ns
[2025-05-24T01:49:31.291+0000][77][info ][safepoint   ] Safepoint "Cleanup", Time since last: 107601998185 ns, Reaching safepoint: 102914 ns, Cleanup: 12586 ns, At safepoint: 35301 ns, Total: 150801 ns
[2025-05-24T01:49:32.828+0000][77][info ][safepoint   ] Safepoint "Cleanup", Time since last: 1537514883 ns, Reaching safepoint: 33784 ns, Cleanup: 18692 ns, At safepoint: 19519 ns, Total: 71995 ns
[2025-05-24T01:50:52.927+0000][77][info ][safepoint   ] Safepoint "Cleanup", Time since last: 80104496397 ns, Reaching safepoint: 16032 ns, Cleanup: 13796 ns, At safepoint: 68920 ns, Total: 98748 ns
[2025-05-24T02:00:17.317+0000][77][info ][safepoint   ] Safepoint "Cleanup", Time since last: 564439161859 ns, Reaching safepoint: 74099 ns, Cleanup: 21263 ns, At safepoint: 33418 ns, Total: 128780 ns
[2025-05-24T02:01:24.725+0000][77][info ][safepoint   ] Safepoint "Cleanup", Time since last: 67413636379 ns, Reaching safepoint: 34273 ns, Cleanup: 18049 ns, At safepoint: 20673 ns, Total: 72995 ns
[2025-05-24T02:10:00.896+0000][77][info ][gc,start    ] GC(51) Pause Young (Normal) (G1 Evacuation Pause)
[2025-05-24T02:10:00.903+0000][77][info ][gc,task     ] GC(51) Using 10 workers of 10 for evacuation
[2025-05-24T02:10:00.904+0000][77][debug][gc,age      ] GC(51) Desired survivor size 153092096 bytes, new threshold 15 (max threshold 15)
[2025-05-24T02:10:01.159+0000][77][info ][gc,mmu      ] GC(51) MMU target violated: 201.0ms (200.0ms/201.0ms)
[2025-05-24T02:10:01.160+0000][77][info ][gc,phases   ] GC(51)   Pre Evacuate Collection Set: 15.69ms
[2025-05-24T02:10:01.160+0000][77][info ][gc,phases   ] GC(51)   Merge Heap Roots: 2.91ms
[2025-05-24T02:10:01.161+0000][77][info ][gc,phases   ] GC(51)   Evacuate Collection Set: 220.01ms
[2025-05-24T02:10:01.162+0000][77][info ][gc,phases   ] GC(51)   Post Evacuate Collection Set: 19.02ms
[2025-05-24T02:10:01.162+0000][77][info ][gc,phases   ] GC(51)   Other: 7.15ms
[2025-05-24T02:10:01.163+0000][77][trace][gc,age      ] GC(51) Age table with threshold 15 (max threshold 15)
[2025-05-24T02:10:01.163+0000][77][trace][gc,age      ] GC(51) - age   1:    1952824 bytes,    1952824 total
[2025-05-24T02:10:01.164+0000][77][trace][gc,age      ] GC(51) - age   2:     306776 bytes,    2259600 total
[2025-05-24T02:10:01.165+0000][77][trace][gc,age      ] GC(51) - age   3:     101104 bytes,    2360704 total
[2025-05-24T02:10:01.165+0000][77][trace][gc,age      ] GC(51) - age   4:     181904 bytes,    2542608 total
[2025-05-24T02:10:01.165+0000][77][trace][gc,age      ] GC(51) - age   5:     100824 bytes,    2643432 total
[2025-05-24T02:10:01.166+0000][77][trace][gc,age      ] GC(51) - age   6:     102296 bytes,    2745728 total
[2025-05-24T02:10:01.166+0000][77][trace][gc,age      ] GC(51) - age   7:     102696 bytes,    2848424 total
[2025-05-24T02:10:01.167+0000][77][trace][gc,age      ] GC(51) - age   8:     105928 bytes,    2954352 total
[2025-05-24T02:10:01.167+0000][77][trace][gc,age      ] GC(51) - age   9:     105584 bytes,    3059936 total
[2025-05-24T02:10:01.167+0000][77][trace][gc,age      ] GC(51) - age  10:     107096 bytes,    3167032 total
[2025-05-24T02:10:01.168+0000][77][trace][gc,age      ] GC(51) - age  11:     104208 bytes,    3271240 total
[2025-05-24T02:10:01.168+0000][77][trace][gc,age      ] GC(51) - age  12:     110864 bytes,    3382104 total
[2025-05-24T02:10:01.169+0000][77][trace][gc,age      ] GC(51) - age  13:     107776 bytes,    3489880 total
[2025-05-24T02:10:01.169+0000][77][trace][gc,age      ] GC(51) - age  14:      92608 bytes,    3582488 total
[2025-05-24T02:10:01.169+0000][77][trace][gc,age      ] GC(51) - age  15:      79792 bytes,    3662280 total
[2025-05-24T02:10:01.170+0000][77][info ][gc,heap     ] GC(51) Eden regions: 581->0(581)
[2025-05-24T02:10:01.170+0000][77][info ][gc,heap     ] GC(51) Survivor regions: 1->1(73)
[2025-05-24T02:10:01.171+0000][77][info ][gc,heap     ] GC(51) Old regions: 30->30
[2025-05-24T02:10:01.171+0000][77][info ][gc,heap     ] GC(51) Humongous regions: 0->0
[2025-05-24T02:10:01.172+0000][77][info ][gc,metaspace] GC(51) Metaspace: 147448K(153408K)->147448K(153408K) NonClass: 127940K(131520K)->127940K(131520K) Class: 19507K(21888K)->19507K(21888K)
[2025-05-24T02:10:01.174+0000][77][info ][gc          ] GC(51) Pause Young (Normal) (G1 Evacuation Pause) 2443M->121M(3880M) 283.411ms
[2025-05-24T02:10:01.175+0000][77][info ][gc,cpu      ] GC(51) User=1.87s Sys=0.04s Real=0.28s
[2025-05-24T02:10:01.175+0000][77][info ][safepoint   ] Safepoint "G1CollectForAllocation", Time since last: 516212019918 ns, Reaching safepoint: 47877 ns, Cleanup: 44359 ns, At safepoint: 287596588 ns, Total: 287688824 ns
[2025-05-24T02:15:55.773+0000][77][info ][safepoint   ] Safepoint "Cleanup", Time since last: 354637954234 ns, Reaching safepoint: 76765 ns, Cleanup: 16512 ns, At safepoint: 13363 ns, Total: 106640 ns
[2025-05-24T02:19:53.015+0000][77][info ][safepoint   ] Safepoint "Cleanup", Time since last: 237270928360 ns, Reaching safepoint: 88284 ns, Cleanup: 19842 ns, At safepoint: 19709 ns, Total: 127835 ns
[2025-05-24T02:20:37.319+0000][77][info ][safepoint   ] Safepoint "Cleanup", Time since last: 44309402005 ns, Reaching safepoint: 34313 ns, Cleanup: 22516 ns, At safepoint: 19988 ns, Total: 76817 ns
[2025-05-24T02:21:19.248+0000][77][info ][safepoint   ] Safepoint "Cleanup", Time since last: 41933230293 ns, Reaching safepoint: 10946 ns, Cleanup: 9674 ns, At safepoint: 15160 ns, Total: 35780 ns
[2025-05-24T02:31:49.275+0000][77][info ][safepoint   ] Safepoint "Cleanup", Time since last: 630097750992 ns, Reaching safepoint: 107013 ns, Cleanup: 49736 ns, At safepoint: 48951 ns, Total: 205700 ns
[2025-05-24T02:31:50.771+0000][77][info ][safepoint   ] Safepoint "Cleanup", Time since last: 1496043229 ns, Reaching safepoint: 35942 ns, Cleanup: 18599 ns, At safepoint: 19887 ns, Total: 74428 ns
[2025-05-24T02:32:01.772+0000][77][info ][safepoint   ] Safepoint "Cleanup", Time since last: 11003785009 ns, Reaching safepoint: 82761 ns, Cleanup: 16987 ns, At safepoint: 20221 ns, Total: 119969 ns
[2025-05-24T02:41:10.208+0000][77][info ][safepoint   ] Safepoint "Cleanup", Time since last: 548494035947 ns, Reaching safepoint: 30082 ns, Cleanup: 95066 ns, At safepoint: 62952 ns, Total: 188100 ns
[2025-05-24T02:41:11.309+0000][77][info ][safepoint   ] Safepoint "Cleanup", Time since last: 1100311774 ns, Reaching safepoint: 12776 ns, Cleanup: 67176 ns, At safepoint: 79217 ns, Total: 159169 ns
[2025-05-24T02:41:14.320+0000][77][info ][safepoint   ] Safepoint "Cleanup", Time since last: 3010696182 ns, Reaching safepoint: 38328 ns, Cleanup: 66600 ns, At safepoint: 19534 ns, Total: 124462 ns
[2025-05-24T02:41:17.780+0000][77][info ][safepoint   ] Safepoint "Cleanup", Time since last: 3460055817 ns, Reaching safepoint: 34274 ns, Cleanup: 19145 ns, At safepoint: 119903 ns, Total: 173322 ns
[2025-05-24T02:41:18.780+0000][77][info ][safepoint   ] Safepoint "Cleanup", Time since last: 1000043785 ns, Reaching safepoint: 9341 ns, Cleanup: 11443 ns, At safepoint: 18320 ns, Total: 39104 ns
[2025-05-24T02:41:28.211+0000][77][info ][safepoint   ] Safepoint "Cleanup", Time since last: 9431034927 ns, Reaching safepoint: 91103 ns, Cleanup: 12086 ns, At safepoint: 39905 ns, Total: 143094 ns
[2025-05-24T02:41:29.426+0000][77][info ][safepoint   ] Safepoint "Cleanup", Time since last: 1214234833 ns, Reaching safepoint: 16158 ns, Cleanup: 20104 ns, At safepoint: 84846 ns, Total: 121108 ns
[2025-05-24T02:41:37.047+0000][77][info ][safepoint   ] Safepoint "Cleanup", Time since last: 7625278268 ns, Reaching safepoint: 30360 ns, Cleanup: 17361 ns, At safepoint: 60856 ns, Total: 108577 ns
[2025-05-24T02:41:46.447+0000][77][info ][safepoint   ] Safepoint "Cleanup", Time since last: 9399418300 ns, Reaching safepoint: 27346 ns, Cleanup: 90006 ns, At safepoint: 95949 ns, Total: 213301 ns
[2025-05-24T02:41:56.815+0000][77][info ][safepoint   ] Safepoint "Cleanup", Time since last: 10367750939 ns, Reaching safepoint: 34993 ns, Cleanup: 18742 ns, At safepoint: 18926 ns, Total: 72661 ns
[2025-05-24T02:41:58.474+0000][77][info ][safepoint   ] Safepoint "Cleanup", Time since last: 1658985388 ns, Reaching safepoint: 29853 ns, Cleanup: 22671 ns, At safepoint: 66616 ns, Total: 119140 ns
[2025-05-24T02:42:05.536+0000][77][info ][safepoint   ] Safepoint "Cleanup", Time since last: 7064873752 ns, Reaching safepoint: 31958 ns, Cleanup: 18249 ns, At safepoint: 17787 ns, Total: 67994 ns
[2025-05-24T02:42:26.663+0000][77][info ][safepoint   ] Safepoint "Cleanup", Time since last: 21126632778 ns, Reaching safepoint: 31214 ns, Cleanup: 19911 ns, At safepoint: 17252 ns, Total: 68377 ns
[2025-05-24T02:42:57.206+0000][77][info ][safepoint   ] Safepoint "Cleanup", Time since last: 30546696564 ns, Reaching safepoint: 33402 ns, Cleanup: 18917 ns, At safepoint: 18398 ns, Total: 70717 ns
[2025-05-24T02:44:02.118+0000][77][info ][safepoint   ] Safepoint "Cleanup", Time since last: 64921361406 ns, Reaching safepoint: 84293 ns, Cleanup: 19370 ns, At safepoint: 22086 ns, Total: 125749 ns
[2025-05-24T02:44:25.220+0000][77][info ][safepoint   ] Safepoint "Cleanup", Time since last: 23101794348 ns, Reaching safepoint: 30423 ns, Cleanup: 14902 ns, At safepoint: 84920 ns, Total: 130245 ns
[2025-05-24T02:44:57.155+0000][77][info ][safepoint   ] Safepoint "Cleanup", Time since last: 31938288531 ns, Reaching safepoint: 44390 ns, Cleanup: 14425 ns, At safepoint: 10848 ns, Total: 69663 ns
[2025-05-24T02:44:58.808+0000][77][info ][safepoint   ] Safepoint "Cleanup", Time since last: 1652607095 ns, Reaching safepoint: 13754 ns, Cleanup: 18908 ns, At safepoint: 80032 ns, Total: 112694 ns
[2025-05-24T02:45:36.184+0000][77][info ][safepoint   ] Safepoint "Cleanup", Time since last: 37380726778 ns, Reaching safepoint: 32244 ns, Cleanup: 19068 ns, At safepoint: 17710 ns, Total: 69022 ns
[2025-05-24T02:45:43.186+0000][77][info ][safepoint   ] Safepoint "Cleanup", Time since last: 7001898585 ns, Reaching safepoint: 205111 ns, Cleanup: 19076 ns, At safepoint: 120156 ns, Total: 344343 ns
[2025-05-24T02:46:45.973+0000][77][info ][safepoint   ] Safepoint "Cleanup", Time since last: 62736010988 ns, Reaching safepoint: 50296645 ns, Cleanup: 241102 ns, At safepoint: 6204805 ns, Total: 56742552 ns
[2025-05-24T02:46:47.050+0000][77][info ][safepoint   ] Safepoint "Cleanup", Time since last: 1077024702 ns, Reaching safepoint: 32208 ns, Cleanup: 105411 ns, At safepoint: 18609 ns, Total: 156228 ns
[2025-05-24T02:46:51.099+0000][77][info ][safepoint   ] Safepoint "Cleanup", Time since last: 4049124893 ns, Reaching safepoint: 18121 ns, Cleanup: 24060 ns, At safepoint: 82411 ns, Total: 124592 ns
[2025-05-24T02:47:34.229+0000][77][info ][safepoint   ] Safepoint "Cleanup", Time since last: 43135041200 ns, Reaching safepoint: 9556 ns, Cleanup: 5570 ns, At safepoint: 13663 ns, Total: 28789 ns
[2025-05-24T02:48:23.026+0000][77][info ][safepoint   ] Safepoint "Cleanup", Time since last: 48800199575 ns, Reaching safepoint: 86378 ns, Cleanup: 20911 ns, At safepoint: 21555 ns, Total: 128844 ns
[2025-05-24T02:48:37.210+0000][77][info ][safepoint   ] Safepoint "Cleanup", Time since last: 14187627543 ns, Reaching safepoint: 16006 ns, Cleanup: 19527 ns, At safepoint: 81954 ns, Total: 117487 ns
[2025-05-24T02:48:57.066+0000][77][info ][safepoint   ] Safepoint "Cleanup", Time since last: 19855939276 ns, Reaching safepoint: 77606 ns, Cleanup: 18673 ns, At safepoint: 21717 ns, Total: 117996 ns
[2025-05-24T02:49:53.104+0000][77][info ][safepoint   ] Safepoint "Cleanup", Time since last: 56042819956 ns, Reaching safepoint: 70036 ns, Cleanup: 17437 ns, At safepoint: 13638 ns, Total: 101111 ns
[2025-05-24T02:49:57.106+0000][77][info ][safepoint   ] Safepoint "Cleanup", Time since last: 4001607811 ns, Reaching safepoint: 37250 ns, Cleanup: 24477 ns, At safepoint: 22528 ns, Total: 84255 ns
[2025-05-24T02:50:02.113+0000][77][info ][safepoint   ] Safepoint "Cleanup", Time since last: 5010909661 ns, Reaching safepoint: 35041 ns, Cleanup: 17361 ns, At safepoint: 74212 ns, Total: 126614 ns
[2025-05-24T02:50:09.142+0000][77][info ][safepoint   ] Safepoint "Cleanup", Time since last: 7029104124 ns, Reaching safepoint: 31737 ns, Cleanup: 17332 ns, At safepoint: 18519 ns, Total: 67588 ns
[2025-05-24T02:50:57.211+0000][77][info ][safepoint   ] Safepoint "Cleanup", Time since last: 48070450913 ns, Reaching safepoint: 53128 ns, Cleanup: 16620 ns, At safepoint: 10131 ns, Total: 79879 ns
[2025-05-24T02:51:43.387+0000][77][info ][safepoint   ] Safepoint "Cleanup", Time since last: 46182391794 ns, Reaching safepoint: 38101 ns, Cleanup: 25235 ns, At safepoint: 18239 ns, Total: 81575 ns
[2025-05-24T02:52:13.251+0000][77][info ][safepoint   ] Safepoint "Cleanup", Time since last: 29867713445 ns, Reaching safepoint: 73983 ns, Cleanup: 16992 ns, At safepoint: 19431 ns, Total: 110406 ns
[2025-05-24T02:52:57.292+0000][77][info ][safepoint   ] Safepoint "Cleanup", Time since last: 44043056606 ns, Reaching safepoint: 75909 ns, Cleanup: 18916 ns, At safepoint: 19901 ns, Total: 114726 ns
[2025-05-24T02:53:16.186+0000][77][info ][gc,start    ] GC(52) Pause Young (Normal) (G1 Evacuation Pause)
[2025-05-24T02:53:16.187+0000][77][info ][gc,task     ] GC(52) Using 10 workers of 10 for evacuation
[2025-05-24T02:53:16.187+0000][77][debug][gc,age      ] GC(52) Desired survivor size 153092096 bytes, new threshold 15 (max threshold 15)
[2025-05-24T02:53:16.249+0000][77][info ][gc,phases   ] GC(52)   Pre Evacuate Collection Set: 5.43ms
[2025-05-24T02:53:16.250+0000][77][info ][gc,phases   ] GC(52)   Merge Heap Roots: 1.32ms
[2025-05-24T02:53:16.250+0000][77][info ][gc,phases   ] GC(52)   Evacuate Collection Set: 44.24ms
[2025-05-24T02:53:16.251+0000][77][info ][gc,phases   ] GC(52)   Post Evacuate Collection Set: 10.06ms
[2025-05-24T02:53:16.251+0000][77][info ][gc,phases   ] GC(52)   Other: 1.78ms
[2025-05-24T02:53:16.251+0000][77][trace][gc,age      ] GC(52) Age table with threshold 15 (max threshold 15)
[2025-05-24T02:53:16.252+0000][77][trace][gc,age      ] GC(52) - age   1:    3234824 bytes,    3234824 total
[2025-05-24T02:53:16.252+0000][77][trace][gc,age      ] GC(52) - age   2:     334168 bytes,    3568992 total
[2025-05-24T02:53:16.252+0000][77][trace][gc,age      ] GC(52) - age   3:     148904 bytes,    3717896 total
[2025-05-24T02:53:16.253+0000][77][trace][gc,age      ] GC(52) - age   4:     100544 bytes,    3818440 total
[2025-05-24T02:53:16.253+0000][77][trace][gc,age      ] GC(52) - age   5:     103312 bytes,    3921752 total
[2025-05-24T02:53:16.254+0000][77][trace][gc,age      ] GC(52) - age   6:     100584 bytes,    4022336 total
[2025-05-24T02:53:16.254+0000][77][trace][gc,age      ] GC(52) - age   7:     101856 bytes,    4124192 total
[2025-05-24T02:53:16.254+0000][77][trace][gc,age      ] GC(52) - age   8:     102456 bytes,    4226648 total
[2025-05-24T02:53:16.255+0000][77][trace][gc,age      ] GC(52) - age   9:     100928 bytes,    4327576 total
[2025-05-24T02:53:16.255+0000][77][trace][gc,age      ] GC(52) - age  10:     105392 bytes,    4432968 total
[2025-05-24T02:53:16.256+0000][77][trace][gc,age      ] GC(52) - age  11:     107056 bytes,    4540024 total
[2025-05-24T02:53:16.256+0000][77][trace][gc,age      ] GC(52) - age  12:     104168 bytes,    4644192 total
[2025-05-24T02:53:16.257+0000][77][trace][gc,age      ] GC(52) - age  13:     110808 bytes,    4755000 total
[2025-05-24T02:53:16.257+0000][77][trace][gc,age      ] GC(52) - age  14:     107776 bytes,    4862776 total
[2025-05-24T02:53:16.258+0000][77][trace][gc,age      ] GC(52) - age  15:      92336 bytes,    4955112 total
[2025-05-24T02:53:16.258+0000][77][info ][gc,heap     ] GC(52) Eden regions: 581->0(580)
[2025-05-24T02:53:16.258+0000][77][info ][gc,heap     ] GC(52) Survivor regions: 1->2(73)
[2025-05-24T02:53:16.259+0000][77][info ][gc,heap     ] GC(52) Old regions: 30->30
[2025-05-24T02:53:16.259+0000][77][info ][gc,heap     ] GC(52) Humongous regions: 0->0
[2025-05-24T02:53:16.260+0000][77][info ][gc,metaspace] GC(52) Metaspace: 147640K(153408K)->147640K(153408K) NonClass: 128114K(131520K)->128114K(131520K) Class: 19525K(21888K)->19525K(21888K)
[2025-05-24T02:53:16.260+0000][77][info ][gc          ] GC(52) Pause Young (Normal) (G1 Evacuation Pause) 2445M->122M(3880M) 74.545ms
[2025-05-24T02:53:16.261+0000][77][info ][gc,cpu      ] GC(52) User=0.31s Sys=0.00s Real=0.07s
[2025-05-24T02:53:16.261+0000][77][info ][safepoint   ] Safepoint "G1CollectForAllocation", Time since last: 18896009391 ns, Reaching safepoint: 17790 ns, Cleanup: 5165 ns, At safepoint: 75589220 ns, Total: 75612175 ns
[2025-05-24T02:53:17.262+0000][77][info ][safepoint   ] Safepoint "Cleanup", Time since last: 1000620757 ns, Reaching safepoint: 21583 ns, Cleanup: 14639 ns, At safepoint: 10854 ns, Total: 47076 ns
[2025-05-24T02:53:52.311+0000][77][info ][safepoint   ] Safepoint "Cleanup", Time since last: 35052136125 ns, Reaching safepoint: 17086 ns, Cleanup: 12004 ns, At safepoint: 17460 ns, Total: 46550 ns
[2025-05-24T02:53:56.343+0000][77][info ][safepoint   ] Safepoint "Cleanup", Time since last: 4031779215 ns, Reaching safepoint: 139601 ns, Cleanup: 15285 ns, At safepoint: 72218 ns, Total: 227104 ns
[2025-05-24T02:54:56.391+0000][77][info ][safepoint   ] Safepoint "Cleanup", Time since last: 60052765716 ns, Reaching safepoint: 133276 ns, Cleanup: 21962 ns, At safepoint: 89814 ns, Total: 245052 ns
[2025-05-24T02:55:29.383+0000][77][info ][safepoint   ] Safepoint "Cleanup", Time since last: 32948224815 ns, Reaching safepoint: 48094553 ns, Cleanup: 28329 ns, At safepoint: 210023 ns, Total: 48332905 ns
[2025-05-24T02:55:42.529+0000][77][info ][safepoint   ] Safepoint "Cleanup", Time since last: 13147568710 ns, Reaching safepoint: 24400 ns, Cleanup: 75911 ns, At safepoint: 14436 ns, Total: 114747 ns
[2025-05-24T03:00:30.240+0000][77][info ][safepoint   ] Safepoint "Cleanup", Time since last: 287737447964 ns, Reaching safepoint: 30770 ns, Cleanup: 15167 ns, At safepoint: 10041 ns, Total: 55978 ns
[2025-05-24T03:00:37.688+0000][77][info ][safepoint   ] Safepoint "Cleanup", Time since last: 7449238930 ns, Reaching safepoint: 34739 ns, Cleanup: 215253 ns, At safepoint: 38950 ns, Total: 288942 ns
[2025-05-24T03:01:13.451+0000][77][info ][safepoint   ] Safepoint "Cleanup", Time since last: 35765733126 ns, Reaching safepoint: 238672 ns, Cleanup: 47793 ns, At safepoint: 22315 ns, Total: 308780 ns
[2025-05-24T03:01:15.390+0000][77][info ][safepoint   ] Safepoint "Cleanup", Time since last: 1938870320 ns, Reaching safepoint: 22005 ns, Cleanup: 14613 ns, At safepoint: 9263 ns, Total: 45881 ns
[2025-05-24T03:01:56.855+0000][77][info ][safepoint   ] Safepoint "Cleanup", Time since last: 41469902893 ns, Reaching safepoint: 30679 ns, Cleanup: 19102 ns, At safepoint: 21312 ns, Total: 71093 ns
[2025-05-24T03:05:10.552+0000][77][info ][safepoint   ] Safepoint "Cleanup", Time since last: 193719262903 ns, Reaching safepoint: 57434 ns, Cleanup: 20820 ns, At safepoint: 85442 ns, Total: 163696 ns
[2025-05-24T03:07:10.019+0000][77][info ][safepoint   ] Safepoint "Cleanup", Time since last: 119476264493 ns, Reaching safepoint: 182436 ns, Cleanup: 19057 ns, At safepoint: 19370 ns, Total: 220863 ns
[2025-05-24T03:08:44.842+0000][77][info ][safepoint   ] Safepoint "Cleanup", Time since last: 94832442682 ns, Reaching safepoint: 34925 ns, Cleanup: 168990 ns, At safepoint: 34915 ns, Total: 238830 ns
[2025-05-24T03:08:56.845+0000][77][info ][safepoint   ] Safepoint "Cleanup", Time since last: 12002556000 ns, Reaching safepoint: 35583 ns, Cleanup: 88474 ns, At safepoint: 24473 ns, Total: 148530 ns
[2025-05-24T03:09:56.886+0000][77][info ][safepoint   ] Safepoint "Cleanup", Time since last: 60047353682 ns, Reaching safepoint: 47589 ns, Cleanup: 51299 ns, At safepoint: 12355 ns, Total: 111243 ns
[2025-05-24T03:13:43.242+0000][77][info ][safepoint   ] Safepoint "Cleanup", Time since last: 226381145880 ns, Reaching safepoint: 38375 ns, Cleanup: 19278 ns, At safepoint: 18782 ns, Total: 76435 ns
[2025-05-24T03:16:12.884+0000][77][info ][safepoint   ] Safepoint "Cleanup", Time since last: 150154097449 ns, Reaching safepoint: 981852 ns, Cleanup: 252807 ns, At safepoint: 57403 ns, Total: 1292062 ns
[2025-05-24T03:18:10.133+0000][77][info ][safepoint   ] Safepoint "Cleanup", Time since last: 117319956220 ns, Reaching safepoint: 112721 ns, Cleanup: 85932 ns, At safepoint: 33551 ns, Total: 232204 ns
[2025-05-24T03:20:44.280+0000][77][info ][safepoint   ] Safepoint "Cleanup", Time since last: 154149378361 ns, Reaching safepoint: 46446 ns, Cleanup: 26113 ns, At safepoint: 11753 ns, Total: 84312 ns
[2025-05-24T03:21:17.483+0000][77][info ][safepoint   ] Safepoint "Cleanup", Time since last: 33206055563 ns, Reaching safepoint: 17986 ns, Cleanup: 523678 ns, At safepoint: 73238 ns, Total: 614902 ns
[2025-05-24T03:22:09.311+0000][77][info ][safepoint   ] Safepoint "Cleanup", Time since last: 51833772327 ns, Reaching safepoint: 68310 ns, Cleanup: 36827 ns, At safepoint: 17838 ns, Total: 122975 ns
[2025-05-24T03:22:20.353+0000][77][info ][safepoint   ] Safepoint "Cleanup", Time since last: 11041792992 ns, Reaching safepoint: 32494 ns, Cleanup: 17662 ns, At safepoint: 19043 ns, Total: 69199 ns
[2025-05-24T03:22:59.340+0000][77][info ][safepoint   ] Safepoint "Cleanup", Time since last: 38991412534 ns, Reaching safepoint: 178747 ns, Cleanup: 18913 ns, At safepoint: 22193 ns, Total: 219853 ns
[2025-05-24T03:25:28.317+0000][77][info ][safepoint   ] Safepoint "Cleanup", Time since last: 148991553558 ns, Reaching safepoint: 235612 ns, Cleanup: 18349 ns, At safepoint: 189220 ns, Total: 443181 ns
[2025-05-24T03:31:40.638+0000][77][info ][safepoint   ] Safepoint "Cleanup", Time since last: 372368136380 ns, Reaching safepoint: 92559 ns, Cleanup: 107123 ns, At safepoint: 102063 ns, Total: 301745 ns
[2025-05-24T03:35:09.527+0000][77][info ][safepoint   ] Safepoint "Cleanup", Time since last: 208923027824 ns, Reaching safepoint: 45948 ns, Cleanup: 177698 ns, At safepoint: 30715 ns, Total: 254361 ns
[2025-05-24T03:35:10.530+0000][77][info ][safepoint   ] Safepoint "Cleanup", Time since last: 1003360755 ns, Reaching safepoint: 24715 ns, Cleanup: 15494 ns, At safepoint: 11928 ns, Total: 52137 ns
[2025-05-24T03:36:43.830+0000][77][info ][safepoint   ] Safepoint "Cleanup", Time since last: 93311472761 ns, Reaching safepoint: 3253523 ns, Cleanup: 1093355 ns, At safepoint: 118853 ns, Total: 4465731 ns
[2025-05-24T03:39:05.470+0000][77][info ][gc,start    ] GC(53) Pause Young (Normal) (G1 Evacuation Pause)
[2025-05-24T03:39:05.478+0000][77][info ][gc,task     ] GC(53) Using 10 workers of 10 for evacuation
[2025-05-24T03:39:05.496+0000][77][debug][gc,age      ] GC(53) Desired survivor size 153092096 bytes, new threshold 15 (max threshold 15)
[2025-05-24T03:39:05.802+0000][77][info ][gc,mmu      ] GC(53) MMU target violated: 201.0ms (200.0ms/201.0ms)
[2025-05-24T03:39:05.815+0000][77][info ][gc,phases   ] GC(53)   Pre Evacuate Collection Set: 53.57ms
[2025-05-24T03:39:05.828+0000][77][info ][gc,phases   ] GC(53)   Merge Heap Roots: 5.04ms
[2025-05-24T03:39:05.840+0000][77][info ][gc,phases   ] GC(53)   Evacuate Collection Set: 197.07ms
[2025-05-24T03:39:05.859+0000][77][info ][gc,phases   ] GC(53)   Post Evacuate Collection Set: 20.27ms
[2025-05-24T03:39:05.875+0000][77][info ][gc,phases   ] GC(53)   Other: 61.84ms
[2025-05-24T03:39:05.893+0000][77][trace][gc,age      ] GC(53) Age table with threshold 15 (max threshold 15)
[2025-05-24T03:39:05.906+0000][77][trace][gc,age      ] GC(53) - age   1:    1422336 bytes,    1422336 total
[2025-05-24T03:39:05.918+0000][77][trace][gc,age      ] GC(53) - age   2:    2399576 bytes,    3821912 total
[2025-05-24T03:39:05.931+0000][77][trace][gc,age      ] GC(53) - age   3:     273560 bytes,    4095472 total
[2025-05-24T03:39:05.959+0000][77][trace][gc,age      ] GC(53) - age   4:     148712 bytes,    4244184 total
[2025-05-24T03:39:05.978+0000][77][trace][gc,age      ] GC(53) - age   5:      99832 bytes,    4344016 total
[2025-05-24T03:39:05.993+0000][77][trace][gc,age      ] GC(53) - age   6:     103312 bytes,    4447328 total
[2025-05-24T03:39:06.001+0000][77][trace][gc,age      ] GC(53) - age   7:     100544 bytes,    4547872 total
[2025-05-24T03:39:06.017+0000][77][trace][gc,age      ] GC(53) - age   8:     101720 bytes,    4649592 total
[2025-05-24T03:39:06.038+0000][77][trace][gc,age      ] GC(53) - age   9:     102456 bytes,    4752048 total
[2025-05-24T03:39:06.053+0000][77][trace][gc,age      ] GC(53) - age  10:     100928 bytes,    4852976 total
[2025-05-24T03:39:06.069+0000][77][trace][gc,age      ] GC(53) - age  11:     105392 bytes,    4958368 total
[2025-05-24T03:39:06.084+0000][77][trace][gc,age      ] GC(53) - age  12:     107056 bytes,    5065424 total
[2025-05-24T03:39:06.099+0000][77][trace][gc,age      ] GC(53) - age  13:     104168 bytes,    5169592 total
[2025-05-24T03:39:06.106+0000][77][trace][gc,age      ] GC(53) - age  14:     110808 bytes,    5280400 total
[2025-05-24T03:39:06.111+0000][77][trace][gc,age      ] GC(53) - age  15:     107776 bytes,    5388176 total
[2025-05-24T03:39:06.115+0000][77][info ][gc,heap     ] GC(53) Eden regions: 580->0(580)
[2025-05-24T03:39:06.117+0000][77][info ][gc,heap     ] GC(53) Survivor regions: 2->2(73)
[2025-05-24T03:39:06.118+0000][77][info ][gc,heap     ] GC(53) Old regions: 30->30
[2025-05-24T03:39:06.119+0000][77][info ][gc,heap     ] GC(53) Humongous regions: 0->0
[2025-05-24T03:39:06.121+0000][77][info ][gc,metaspace] GC(53) Metaspace: 147645K(153408K)->147645K(153408K) NonClass: 128120K(131520K)->128120K(131520K) Class: 19525K(21888K)->19525K(21888K)
[2025-05-24T03:39:06.122+0000][77][info ][gc          ] GC(53) Pause Young (Normal) (G1 Evacuation Pause) 2442M->122M(3880M) 653.548ms
[2025-05-24T03:39:06.124+0000][77][info ][gc,cpu      ] GC(53) User=1.63s Sys=0.00s Real=0.66s
[2025-05-24T03:39:06.125+0000][77][info ][safepoint   ] Safepoint "G1CollectForAllocation", Time since last: 141651209851 ns, Reaching safepoint: 456843 ns, Cleanup: 121523 ns, At safepoint: 675198807 ns, Total: 675777173 ns
[2025-05-24T03:42:00.304+0000][77][info ][safepoint   ] Safepoint "Cleanup", Time since last: 174202330901 ns, Reaching safepoint: 191719 ns, Cleanup: 131174 ns, At safepoint: 93410 ns, Total: 416303 ns
[2025-05-24T03:42:01.318+0000][77][info ][safepoint   ] Safepoint "Cleanup", Time since last: 1014104797 ns, Reaching safepoint: 109321 ns, Cleanup: 14871 ns, At safepoint: 37191 ns, Total: 161383 ns
[2025-05-24T03:42:26.537+0000][77][info ][safepoint   ] Safepoint "Cleanup", Time since last: 25196756794 ns, Reaching safepoint: 27167157 ns, Cleanup: 26531 ns, At safepoint: 153762 ns, Total: 27347450 ns
[2025-05-24T03:42:30.630+0000][77][info ][safepoint   ] Safepoint "Cleanup", Time since last: 4093532782 ns, Reaching safepoint: 11416 ns, Cleanup: 15288 ns, At safepoint: 6594 ns, Total: 33298 ns
[2025-05-24T03:55:30.469+0000][77][info ][safepoint   ] Safepoint "Cleanup", Time since last: 779974715882 ns, Reaching safepoint: 161681 ns, Cleanup: 660256 ns, At safepoint: 131527 ns, Total: 953464 ns
[2025-05-24T04:01:20.547+0000][77][info ][safepoint   ] Safepoint "Cleanup", Time since last: 350116368962 ns, Reaching safepoint: 65515 ns, Cleanup: 521438 ns, At safepoint: 78136 ns, Total: 665089 ns
[2025-05-24T04:01:22.503+0000][77][info ][safepoint   ] Safepoint "Cleanup", Time since last: 1955754661 ns, Reaching safepoint: 43125 ns, Cleanup: 71887 ns, At safepoint: 22310 ns, Total: 137322 ns
[2025-05-24T04:05:30.783+0000][77][info ][safepoint   ] Safepoint "Cleanup", Time since last: 248306542917 ns, Reaching safepoint: 60738 ns, Cleanup: 24906 ns, At safepoint: 64374 ns, Total: 150018 ns
[2025-05-24T04:15:47.462+0000][77][info ][safepoint   ] Safepoint "Cleanup", Time since last: 616743625699 ns, Reaching safepoint: 36977 ns, Cleanup: 11879 ns, At safepoint: 5318 ns, Total: 54174 ns
[2025-05-24T04:16:35.916+0000][77][info ][safepoint   ] Safepoint "Cleanup", Time since last: 48459843872 ns, Reaching safepoint: 38317 ns, Cleanup: 22991 ns, At safepoint: 19418 ns, Total: 80726 ns
[2025-05-24T04:24:21.635+0000][77][info ][gc,start    ] GC(54) Pause Young (Normal) (G1 Evacuation Pause)
[2025-05-24T04:24:21.644+0000][77][info ][gc,task     ] GC(54) Using 10 workers of 10 for evacuation
[2025-05-24T04:24:21.646+0000][77][debug][gc,age      ] GC(54) Desired survivor size 153092096 bytes, new threshold 15 (max threshold 15)
[2025-05-24T04:24:21.809+0000][77][info ][gc,phases   ] GC(54)   Pre Evacuate Collection Set: 19.24ms
[2025-05-24T04:24:21.809+0000][77][info ][gc,phases   ] GC(54)   Merge Heap Roots: 8.21ms
[2025-05-24T04:24:21.810+0000][77][info ][gc,phases   ] GC(54)   Evacuate Collection Set: 111.66ms
[2025-05-24T04:24:21.810+0000][77][info ][gc,phases   ] GC(54)   Post Evacuate Collection Set: 17.39ms
[2025-05-24T04:24:21.811+0000][77][info ][gc,phases   ] GC(54)   Other: 12.68ms
[2025-05-24T04:24:21.811+0000][77][trace][gc,age      ] GC(54) Age table with threshold 15 (max threshold 15)
[2025-05-24T04:24:21.812+0000][77][trace][gc,age      ] GC(54) - age   1:    1760456 bytes,    1760456 total
[2025-05-24T04:24:21.814+0000][77][trace][gc,age      ] GC(54) - age   2:     157656 bytes,    1918112 total
[2025-05-24T04:24:21.815+0000][77][trace][gc,age      ] GC(54) - age   3:    2222328 bytes,    4140440 total
[2025-05-24T04:24:21.815+0000][77][trace][gc,age      ] GC(54) - age   4:     240840 bytes,    4381280 total
[2025-05-24T04:24:21.816+0000][77][trace][gc,age      ] GC(54) - age   5:     115784 bytes,    4497064 total
[2025-05-24T04:24:21.817+0000][77][trace][gc,age      ] GC(54) - age   6:      99832 bytes,    4596896 total
[2025-05-24T04:24:21.817+0000][77][trace][gc,age      ] GC(54) - age   7:     103160 bytes,    4700056 total
[2025-05-24T04:24:21.817+0000][77][trace][gc,age      ] GC(54) - age   8:     100504 bytes,    4800560 total
[2025-05-24T04:24:21.818+0000][77][trace][gc,age      ] GC(54) - age   9:     101720 bytes,    4902280 total
[2025-05-24T04:24:21.818+0000][77][trace][gc,age      ] GC(54) - age  10:     102456 bytes,    5004736 total
[2025-05-24T04:24:21.818+0000][77][trace][gc,age      ] GC(54) - age  11:     100888 bytes,    5105624 total
[2025-05-24T04:24:21.818+0000][77][trace][gc,age      ] GC(54) - age  12:     105352 bytes,    5210976 total
[2025-05-24T04:24:21.819+0000][77][trace][gc,age      ] GC(54) - age  13:     106824 bytes,    5317800 total
[2025-05-24T04:24:21.820+0000][77][trace][gc,age      ] GC(54) - age  14:     104128 bytes,    5421928 total
[2025-05-24T04:24:21.820+0000][77][trace][gc,age      ] GC(54) - age  15:     110776 bytes,    5532704 total
[2025-05-24T04:24:21.821+0000][77][info ][gc,heap     ] GC(54) Eden regions: 580->0(580)
[2025-05-24T04:24:21.821+0000][77][info ][gc,heap     ] GC(54) Survivor regions: 2->2(73)
[2025-05-24T04:24:21.822+0000][77][info ][gc,heap     ] GC(54) Old regions: 30->30
[2025-05-24T04:24:21.822+0000][77][info ][gc,heap     ] GC(54) Humongous regions: 0->0
[2025-05-24T04:24:21.822+0000][77][info ][gc,metaspace] GC(54) Metaspace: 147656K(153408K)->147656K(153408K) NonClass: 128129K(131520K)->128129K(131520K) Class: 19526K(21888K)->19526K(21888K)
[2025-05-24T04:24:21.823+0000][77][info ][gc          ] GC(54) Pause Young (Normal) (G1 Evacuation Pause) 2442M->123M(3880M) 189.566ms
[2025-05-24T04:24:21.823+0000][77][info ][gc,cpu      ] GC(54) User=1.02s Sys=0.00s Real=0.19s
[2025-05-24T04:24:21.824+0000][77][info ][safepoint   ] Safepoint "G1CollectForAllocation", Time since last: 465756250189 ns, Reaching safepoint: 168886 ns, Cleanup: 55068 ns, At safepoint: 196423995 ns, Total: 196647949 ns
[2025-05-24T04:28:46.005+0000][77][info ][safepoint   ] Safepoint "Cleanup", Time since last: 264209893148 ns, Reaching safepoint: 75143 ns, Cleanup: 24366 ns, At safepoint: 20592 ns, Total: 120101 ns
[2025-05-24T04:31:24.183+0000][77][info ][safepoint   ] Safepoint "Cleanup", Time since last: 158191848190 ns, Reaching safepoint: 197636 ns, Cleanup: 23901 ns, At safepoint: 27328 ns, Total: 248865 ns
[2025-05-24T04:40:35.538+0000][77][info ][safepoint   ] Safepoint "Cleanup", Time since last: 551414856930 ns, Reaching safepoint: 87737 ns, Cleanup: 136599 ns, At safepoint: 22825 ns, Total: 247161 ns
[2025-05-24T04:42:01.820+0000][77][info ][safepoint   ] Safepoint "Cleanup", Time since last: 86288298843 ns, Reaching safepoint: 12284 ns, Cleanup: 13878 ns, At safepoint: 4033 ns, Total: 30195 ns
[2025-05-24T04:46:22.368+0000][77][info ][safepoint   ] Safepoint "Cleanup", Time since last: 260574755187 ns, Reaching safepoint: 310637 ns, Cleanup: 20247 ns, At safepoint: 92822 ns, Total: 423706 ns
[2025-05-24T04:56:07.326+0000][77][info ][safepoint   ] Safepoint "Cleanup", Time since last: 585060991484 ns, Reaching safepoint: 13357 ns, Cleanup: 9367 ns, At safepoint: 13551 ns, Total: 36275 ns
[2025-05-24T05:00:58.304+0000][77][info ][safepoint   ] Safepoint "Cleanup", Time since last: 291007038847 ns, Reaching safepoint: 394360 ns, Cleanup: 12234 ns, At safepoint: 55037 ns, Total: 461631 ns
[2025-05-24T05:00:59.522+0000][77][info ][safepoint   ] Safepoint "Cleanup", Time since last: 1217331223 ns, Reaching safepoint: 30681 ns, Cleanup: 36644 ns, At safepoint: 17115 ns, Total: 84440 ns
[2025-05-24T05:06:23.916+0000][77][info ][safepoint   ] Safepoint "Cleanup", Time since last: 324426968132 ns, Reaching safepoint: 40833 ns, Cleanup: 20944 ns, At safepoint: 24798 ns, Total: 86575 ns
[2025-05-24T05:10:19.251+0000][77][info ][gc,start    ] GC(55) Pause Young (Normal) (G1 Evacuation Pause)
[2025-05-24T05:10:19.258+0000][77][info ][gc,task     ] GC(55) Using 10 workers of 10 for evacuation
[2025-05-24T05:10:19.260+0000][77][debug][gc,age      ] GC(55) Desired survivor size 153092096 bytes, new threshold 15 (max threshold 15)
[2025-05-24T05:10:19.403+0000][77][info ][gc,phases   ] GC(55)   Pre Evacuate Collection Set: 18.35ms
[2025-05-24T05:10:19.404+0000][77][info ][gc,phases   ] GC(55)   Merge Heap Roots: 5.98ms
[2025-05-24T05:10:19.404+0000][77][info ][gc,phases   ] GC(55)   Evacuate Collection Set: 102.74ms
[2025-05-24T05:10:19.405+0000][77][info ][gc,phases   ] GC(55)   Post Evacuate Collection Set: 13.57ms
[2025-05-24T05:10:19.405+0000][77][info ][gc,phases   ] GC(55)   Other: 7.70ms
[2025-05-24T05:10:19.405+0000][77][trace][gc,age      ] GC(55) Age table with threshold 15 (max threshold 15)
[2025-05-24T05:10:19.406+0000][77][trace][gc,age      ] GC(55) - age   1:    1286488 bytes,    1286488 total
[2025-05-24T05:10:19.406+0000][77][trace][gc,age      ] GC(55) - age   2:     164448 bytes,    1450936 total
[2025-05-24T05:10:19.406+0000][77][trace][gc,age      ] GC(55) - age   3:     138544 bytes,    1589480 total
[2025-05-24T05:10:19.406+0000][77][trace][gc,age      ] GC(55) - age   4:    2145568 bytes,    3735048 total
[2025-05-24T05:10:19.406+0000][77][trace][gc,age      ] GC(55) - age   5:     240840 bytes,    3975888 total
[2025-05-24T05:10:19.406+0000][77][trace][gc,age      ] GC(55) - age   6:     115664 bytes,    4091552 total
[2025-05-24T05:10:19.407+0000][77][trace][gc,age      ] GC(55) - age   7:      99832 bytes,    4191384 total
[2025-05-24T05:10:19.407+0000][77][trace][gc,age      ] GC(55) - age   8:     103160 bytes,    4294544 total
[2025-05-24T05:10:19.407+0000][77][trace][gc,age      ] GC(55) - age   9:     100504 bytes,    4395048 total
[2025-05-24T05:10:19.407+0000][77][trace][gc,age      ] GC(55) - age  10:     101640 bytes,    4496688 total
[2025-05-24T05:10:19.407+0000][77][trace][gc,age      ] GC(55) - age  11:     102456 bytes,    4599144 total
[2025-05-24T05:10:19.407+0000][77][trace][gc,age      ] GC(55) - age  12:     100888 bytes,    4700032 total
[2025-05-24T05:10:19.408+0000][77][trace][gc,age      ] GC(55) - age  13:     105352 bytes,    4805384 total
[2025-05-24T05:10:19.408+0000][77][trace][gc,age      ] GC(55) - age  14:     106824 bytes,    4912208 total
[2025-05-24T05:10:19.408+0000][77][trace][gc,age      ] GC(55) - age  15:     104128 bytes,    5016336 total
[2025-05-24T05:10:19.408+0000][77][info ][gc,heap     ] GC(55) Eden regions: 580->0(580)
[2025-05-24T05:10:19.408+0000][77][info ][gc,heap     ] GC(55) Survivor regions: 2->2(73)
[2025-05-24T05:10:19.408+0000][77][info ][gc,heap     ] GC(55) Old regions: 30->30
[2025-05-24T05:10:19.408+0000][77][info ][gc,heap     ] GC(55) Humongous regions: 0->0
[2025-05-24T05:10:19.409+0000][77][info ][gc,metaspace] GC(55) Metaspace: 147665K(153408K)->147665K(153408K) NonClass: 128138K(131520K)->128138K(131520K) Class: 19526K(21888K)->19526K(21888K)
[2025-05-24T05:10:19.409+0000][77][info ][gc          ] GC(55) Pause Young (Normal) (G1 Evacuation Pause) 2443M->122M(3880M) 158.786ms
[2025-05-24T05:10:19.410+0000][77][info ][gc,cpu      ] GC(55) User=0.92s Sys=0.00s Real=0.16s
[2025-05-24T05:10:19.410+0000][77][info ][safepoint   ] Safepoint "G1CollectForAllocation", Time since last: 235351618004 ns, Reaching safepoint: 139988 ns, Cleanup: 12754 ns, At safepoint: 165756585 ns, Total: 165909327 ns
[2025-05-24T05:11:16.316+0000][77][info ][safepoint   ] Safepoint "Cleanup", Time since last: 56912270175 ns, Reaching safepoint: 26941 ns, Cleanup: 6011 ns, At safepoint: 2906 ns, Total: 35858 ns
[2025-05-24T05:11:32.123+0000][77][info ][safepoint   ] Safepoint "Cleanup", Time since last: 15804744086 ns, Reaching safepoint: 2207635 ns, Cleanup: 64719 ns, At safepoint: 73563 ns, Total: 2345917 ns
[2025-05-24T05:25:37.149+0000][77][info ][safepoint   ] Safepoint "Cleanup", Time since last: 845113659808 ns, Reaching safepoint: 199926 ns, Cleanup: 125826 ns, At safepoint: 68367 ns, Total: 394119 ns
[2025-05-24T05:31:02.464+0000][77][info ][safepoint   ] Safepoint "Cleanup", Time since last: 325344328103 ns, Reaching safepoint: 227468 ns, Cleanup: 85756 ns, At safepoint: 59376 ns, Total: 372600 ns
[2025-05-24T05:31:03.508+0000][77][info ][safepoint   ] Safepoint "Cleanup", Time since last: 1043159117 ns, Reaching safepoint: 13721 ns, Cleanup: 18380 ns, At safepoint: 66536 ns, Total: 98637 ns
[2025-05-24T05:37:44.464+0000][77][info ][safepoint   ] Safepoint "Cleanup", Time since last: 400996646587 ns, Reaching safepoint: 240222 ns, Cleanup: 45192 ns, At safepoint: 69568 ns, Total: 354982 ns
[2025-05-24T05:43:00.288+0000][77][info ][safepoint   ] Safepoint "Cleanup", Time since last: 315852446255 ns, Reaching safepoint: 22451 ns, Cleanup: 11966 ns, At safepoint: 16747 ns, Total: 51164 ns
[2025-05-24T05:43:59.912+0000][77][info ][safepoint   ] Safepoint "Cleanup", Time since last: 59630113783 ns, Reaching safepoint: 72119 ns, Cleanup: 16449 ns, At safepoint: 31550 ns, Total: 120118 ns
