[2025-05-19T05:24:52.681+0000][75][info][gc,init] CardTable entry size: 512
[2025-05-19T05:24:52.682+0000][75][info][gc     ] Using G1
[2025-05-19T05:25:02.656+0000][75][info][gc,init] Version: 22+36-2370 (release)
[2025-05-19T05:25:02.659+0000][75][info][gc,init] CPUs: 12 total, 12 available
[2025-05-19T05:25:02.661+0000][75][info][gc,init] Memory: 7757M
[2025-05-19T05:25:02.662+0000][75][info][gc,init] Large Page Support: Disabled
[2025-05-19T05:25:02.663+0000][75][info][gc,init] NUMA Support: Disabled
[2025-05-19T05:25:02.663+0000][75][info][gc,init] Compressed Oops: Enabled (Zero based)
[2025-05-19T05:25:02.664+0000][75][info][gc,init] Heap Region Size: 4M
[2025-05-19T05:25:02.666+0000][75][info][gc,init] Heap Min Capacity: 3880M
[2025-05-19T05:25:02.667+0000][75][info][gc,init] Heap Initial Capacity: 3880M
[2025-05-19T05:25:02.667+0000][75][info][gc,init] Heap Max Capacity: 3880M
[2025-05-19T05:25:02.669+0000][75][info][gc,init] Pre-touch: Enabled
[2025-05-19T05:25:02.669+0000][75][info][gc,init] Parallel Workers: 10
[2025-05-19T05:25:02.670+0000][75][info][gc,init] Concurrent Workers: 3
[2025-05-19T05:25:02.671+0000][75][info][gc,init] Concurrent Refinement Workers: 10
[2025-05-19T05:25:02.671+0000][75][info][gc,init] Periodic GC: Disabled
[2025-05-19T05:25:03.259+0000][75][info][gc,metaspace] CDS archive(s) mapped at: [0x00007f2272000000-0x00007f2272c74000-0x00007f2272c74000), size 13058048, SharedBaseAddress: 0x00007f2272000000, ArchiveRelocationMode: 1.
[2025-05-19T05:25:03.260+0000][75][info][gc,metaspace] Compressed class space mapped at: 0x00007f2273000000-0x00007f22b3000000, reserved size: 1073741824
[2025-05-19T05:25:03.260+0000][75][info][gc,metaspace] Narrow klass base: 0x00007f2272000000, Narrow klass shift: 0, Narrow klass range: 0x100000000
[2025-05-19T05:25:04.582+0000][75][info][safepoint   ] Safepoint "Cleanup", Time since last: 1255934599 ns, Reaching safepoint: 154847 ns, Cleanup: 139490 ns, At safepoint: 44184 ns, Total: 338521 ns
[2025-05-19T05:25:05.620+0000][75][info][safepoint   ] Safepoint "Cleanup", Time since last: 1038240461 ns, Reaching safepoint: 94810 ns, Cleanup: 82051 ns, At safepoint: 25712 ns, Total: 202573 ns
[2025-05-19T05:25:06.662+0000][75][info][safepoint   ] Safepoint "Cleanup", Time since last: 1041151603 ns, Reaching safepoint: 159942 ns, Cleanup: 272328 ns, At safepoint: 66615 ns, Total: 498885 ns
[2025-05-19T05:25:08.059+0000][75][info][safepoint   ] Safepoint "Cleanup", Time since last: 1397503265 ns, Reaching safepoint: 3501 ns, Cleanup: 76177 ns, At safepoint: 16899 ns, Total: 96577 ns
[2025-05-19T05:25:09.279+0000][75][info][safepoint   ] Safepoint "Cleanup", Time since last: 1219677784 ns, Reaching safepoint: 3125 ns, Cleanup: 58202 ns, At safepoint: 28589 ns, Total: 89916 ns
[2025-05-19T05:25:10.480+0000][75][info][safepoint   ] Safepoint "Cleanup", Time since last: 1201253195 ns, Reaching safepoint: 4167 ns, Cleanup: 104436 ns, At safepoint: 22825 ns, Total: 131428 ns
[2025-05-19T05:25:11.481+0000][75][info][safepoint   ] Safepoint "Cleanup", Time since last: 1000683964 ns, Reaching safepoint: 5987 ns, Cleanup: 79198 ns, At safepoint: 17715 ns, Total: 102900 ns
[2025-05-19T05:25:12.482+0000][75][info][safepoint   ] Safepoint "Cleanup", Time since last: 1001010127 ns, Reaching safepoint: 8126 ns, Cleanup: 114505 ns, At safepoint: 9855 ns, Total: 132486 ns
[2025-05-19T05:25:13.077+0000][75][info][gc,start    ] GC(0) Pause Young (Concurrent Start) (Metadata GC Threshold)
[2025-05-19T05:25:13.080+0000][75][info][gc,task     ] GC(0) Using 10 workers of 10 for evacuation
[2025-05-19T05:25:13.081+0000][75][debug][gc,age      ] GC(0) Desired survivor size 12582912 bytes, new threshold 15 (max threshold 15)
[2025-05-19T05:25:13.104+0000][75][info ][gc,phases   ] GC(0)   Pre Evacuate Collection Set: 1.47ms
[2025-05-19T05:25:13.105+0000][75][info ][gc,phases   ] GC(0)   Merge Heap Roots: 0.69ms
[2025-05-19T05:25:13.105+0000][75][info ][gc,phases   ] GC(0)   Evacuate Collection Set: 15.08ms
[2025-05-19T05:25:13.106+0000][75][info ][gc,phases   ] GC(0)   Post Evacuate Collection Set: 4.42ms
[2025-05-19T05:25:13.107+0000][75][info ][gc,phases   ] GC(0)   Other: 2.75ms
[2025-05-19T05:25:13.108+0000][75][trace][gc,age      ] GC(0) Age table with threshold 15 (max threshold 15)
[2025-05-19T05:25:13.108+0000][75][trace][gc,age      ] GC(0) - age   1:   10035328 bytes,   10035328 total
[2025-05-19T05:25:13.108+0000][75][info ][gc,heap     ] GC(0) Eden regions: 44->0(45)
[2025-05-19T05:25:13.109+0000][75][info ][gc,heap     ] GC(0) Survivor regions: 0->3(6)
[2025-05-19T05:25:13.109+0000][75][info ][gc,heap     ] GC(0) Old regions: 1->1
[2025-05-19T05:25:13.110+0000][75][info ][gc,heap     ] GC(0) Humongous regions: 0->0
[2025-05-19T05:25:13.111+0000][75][info ][gc,metaspace] GC(0) Metaspace: 20977K(21504K)->20977K(21504K) NonClass: 18601K(18880K)->18601K(18880K) Class: 2375K(2624K)->2375K(2624K)
[2025-05-19T05:25:13.112+0000][75][info ][gc          ] GC(0) Pause Young (Concurrent Start) (Metadata GC Threshold) 177M->11M(3880M) 35.211ms
[2025-05-19T05:25:13.113+0000][75][info ][gc,cpu      ] GC(0) User=0.13s Sys=0.00s Real=0.04s
[2025-05-19T05:25:13.114+0000][75][info ][gc          ] GC(1) Concurrent Mark Cycle
[2025-05-19T05:25:13.115+0000][75][info ][gc,marking  ] GC(1) Concurrent Scan Root Regions
[2025-05-19T05:25:13.114+0000][75][info ][safepoint   ] Safepoint "CollectForMetadataAllocation", Time since last: 594132582 ns, Reaching safepoint: 7765 ns, Cleanup: 64192 ns, At safepoint: 37603597 ns, Total: 37675554 ns
[2025-05-19T05:25:13.127+0000][75][info ][gc,marking  ] GC(1) Concurrent Scan Root Regions 12.351ms
[2025-05-19T05:25:13.128+0000][75][info ][gc,marking  ] GC(1) Concurrent Mark
[2025-05-19T05:25:13.128+0000][75][info ][gc,marking  ] GC(1) Concurrent Mark From Roots
[2025-05-19T05:25:13.129+0000][75][info ][gc,task     ] GC(1) Using 3 workers of 3 for marking
[2025-05-19T05:25:13.134+0000][75][info ][gc,marking  ] GC(1) Concurrent Mark From Roots 5.722ms
[2025-05-19T05:25:13.135+0000][75][info ][gc,marking  ] GC(1) Concurrent Preclean
[2025-05-19T05:25:13.136+0000][75][info ][gc,marking  ] GC(1) Concurrent Preclean 1.355ms
[2025-05-19T05:25:13.137+0000][75][info ][gc,start    ] GC(1) Pause Remark
[2025-05-19T05:25:13.146+0000][75][info ][gc          ] GC(1) Pause Remark 15M->15M(3880M) 9.306ms
[2025-05-19T05:25:13.147+0000][75][info ][gc,cpu      ] GC(1) User=0.04s Sys=0.00s Real=0.01s
[2025-05-19T05:25:13.149+0000][75][info ][safepoint   ] Safepoint "G1PauseRemark", Time since last: 22590752 ns, Reaching safepoint: 293896 ns, Cleanup: 29685 ns, At safepoint: 11961048 ns, Total: 12284629 ns
[2025-05-19T05:25:13.150+0000][75][info ][gc,marking  ] GC(1) Concurrent Mark 22.497ms
[2025-05-19T05:25:13.151+0000][75][info ][gc,marking  ] GC(1) Concurrent Rebuild Remembered Sets and Scrub Regions
[2025-05-19T05:25:13.153+0000][75][info ][gc,marking  ] GC(1) Concurrent Rebuild Remembered Sets and Scrub Regions 1.644ms
[2025-05-19T05:25:13.157+0000][75][info ][gc,start    ] GC(1) Pause Cleanup
[2025-05-19T05:25:13.163+0000][75][info ][gc          ] GC(1) Pause Cleanup 15M->15M(3880M) 5.624ms
[2025-05-19T05:25:13.165+0000][75][info ][gc,cpu      ] GC(1) User=0.02s Sys=0.00s Real=0.01s
[2025-05-19T05:25:13.165+0000][75][info ][safepoint   ] Safepoint "G1PauseCleanup", Time since last: 8390205 ns, Reaching safepoint: 6237 ns, Cleanup: 4828 ns, At safepoint: 7957810 ns, Total: 7968875 ns
[2025-05-19T05:25:13.166+0000][75][info ][gc,marking  ] GC(1) Concurrent Clear Claimed Marks
[2025-05-19T05:25:13.168+0000][75][info ][gc,marking  ] GC(1) Concurrent Clear Claimed Marks 1.446ms
[2025-05-19T05:25:13.169+0000][75][info ][gc,marking  ] GC(1) Concurrent Cleanup for Next Mark
[2025-05-19T05:25:13.188+0000][75][info ][gc,marking  ] GC(1) Concurrent Cleanup for Next Mark 19.574ms
[2025-05-19T05:25:13.189+0000][75][info ][gc          ] GC(1) Concurrent Mark Cycle 75.107ms
[2025-05-19T05:25:14.856+0000][75][info ][safepoint   ] Safepoint "Cleanup", Time since last: 1690357001 ns, Reaching safepoint: 106756 ns, Cleanup: 134957 ns, At safepoint: 37712 ns, Total: 279425 ns
[2025-05-19T05:25:15.862+0000][75][info ][safepoint   ] Safepoint "Cleanup", Time since last: 1005981676 ns, Reaching safepoint: 9540 ns, Cleanup: 42424 ns, At safepoint: 87488 ns, Total: 139452 ns
[2025-05-19T05:25:16.937+0000][75][info ][safepoint   ] Safepoint "Cleanup", Time since last: 1002195368 ns, Reaching safepoint: 72186161 ns, Cleanup: 25823 ns, At safepoint: 37234 ns, Total: 72249218 ns
[2025-05-19T05:25:18.938+0000][75][info ][safepoint   ] Safepoint "Cleanup", Time since last: 2000960451 ns, Reaching safepoint: 7255 ns, Cleanup: 15621 ns, At safepoint: 6855 ns, Total: 29731 ns
[2025-05-19T05:25:20.936+0000][75][info ][safepoint   ] Safepoint "Cleanup", Time since last: 2000755498 ns, Reaching safepoint: 6817 ns, Cleanup: 13003 ns, At safepoint: 6842 ns, Total: 26662 ns
[2025-05-19T05:25:21.937+0000][75][info ][safepoint   ] Safepoint "Cleanup", Time since last: 1000595297 ns, Reaching safepoint: 5905 ns, Cleanup: 15899 ns, At safepoint: 7610 ns, Total: 29414 ns
[2025-05-19T05:25:22.938+0000][75][info ][safepoint   ] Safepoint "Cleanup", Time since last: 1000613166 ns, Reaching safepoint: 205164 ns, Cleanup: 94885 ns, At safepoint: 91055 ns, Total: 391104 ns
[2025-05-19T05:25:23.098+0000][75][info ][gc,start    ] GC(2) Pause Young (Prepare Mixed) (G1 Evacuation Pause)
[2025-05-19T05:25:23.099+0000][75][info ][gc,task     ] GC(2) Using 10 workers of 10 for evacuation
[2025-05-19T05:25:23.099+0000][75][debug][gc,age      ] GC(2) Desired survivor size 12582912 bytes, new threshold 15 (max threshold 15)
[2025-05-19T05:25:23.118+0000][75][info ][gc,phases   ] GC(2)   Pre Evacuate Collection Set: 0.91ms
[2025-05-19T05:25:23.119+0000][75][info ][gc,phases   ] GC(2)   Merge Heap Roots: 1.55ms
[2025-05-19T05:25:23.119+0000][75][info ][gc,phases   ] GC(2)   Evacuate Collection Set: 13.00ms
[2025-05-19T05:25:23.120+0000][75][info ][gc,phases   ] GC(2)   Post Evacuate Collection Set: 3.17ms
[2025-05-19T05:25:23.120+0000][75][info ][gc,phases   ] GC(2)   Other: 0.93ms
[2025-05-19T05:25:23.120+0000][75][trace][gc,age      ] GC(2) Age table with threshold 15 (max threshold 15)
[2025-05-19T05:25:23.121+0000][75][trace][gc,age      ] GC(2) - age   1:    6128280 bytes,    6128280 total
[2025-05-19T05:25:23.121+0000][75][trace][gc,age      ] GC(2) - age   2:    9125080 bytes,   15253360 total
[2025-05-19T05:25:23.122+0000][75][info ][gc,heap     ] GC(2) Eden regions: 45->0(44)
[2025-05-19T05:25:23.122+0000][75][info ][gc,heap     ] GC(2) Survivor regions: 3->4(6)
[2025-05-19T05:25:23.123+0000][75][info ][gc,heap     ] GC(2) Old regions: 1->1
[2025-05-19T05:25:23.123+0000][75][info ][gc,heap     ] GC(2) Humongous regions: 0->0
[2025-05-19T05:25:23.124+0000][75][info ][gc,metaspace] GC(2) Metaspace: 27606K(28288K)->27606K(28288K) NonClass: 24492K(24896K)->24492K(24896K) Class: 3114K(3392K)->3114K(3392K)
[2025-05-19T05:25:23.124+0000][75][info ][gc          ] GC(2) Pause Young (Prepare Mixed) (G1 Evacuation Pause) 191M->16M(3880M) 26.051ms
[2025-05-19T05:25:23.125+0000][75][info ][gc,cpu      ] GC(2) User=0.14s Sys=0.00s Real=0.03s
[2025-05-19T05:25:23.127+0000][75][info ][safepoint   ] Safepoint "G1CollectForAllocation", Time since last: 160265929 ns, Reaching safepoint: 7258 ns, Cleanup: 19772 ns, At safepoint: 28472099 ns, Total: 28499129 ns
[2025-05-19T05:25:24.550+0000][75][info ][safepoint   ] Safepoint "ICBufferFull", Time since last: 1423576829 ns, Reaching safepoint: 7279 ns, Cleanup: 122428 ns, At safepoint: 7422 ns, Total: 137129 ns
[2025-05-19T05:25:24.849+0000][75][info ][gc,start    ] GC(3) Pause Young (Mixed) (G1 Evacuation Pause)
[2025-05-19T05:25:24.850+0000][75][info ][gc,task     ] GC(3) Using 10 workers of 10 for evacuation
[2025-05-19T05:25:24.850+0000][75][debug][gc,age      ] GC(3) Desired survivor size 12582912 bytes, new threshold 2 (max threshold 15)
[2025-05-19T05:25:24.886+0000][75][info ][gc,phases   ] GC(3)   Pre Evacuate Collection Set: 0.49ms
[2025-05-19T05:25:24.887+0000][75][info ][gc,phases   ] GC(3)   Merge Heap Roots: 0.30ms
[2025-05-19T05:25:24.887+0000][75][info ][gc,phases   ] GC(3)   Evacuate Collection Set: 32.78ms
[2025-05-19T05:25:24.888+0000][75][info ][gc,phases   ] GC(3)   Post Evacuate Collection Set: 1.71ms
[2025-05-19T05:25:24.888+0000][75][info ][gc,phases   ] GC(3)   Other: 1.55ms
[2025-05-19T05:25:24.888+0000][75][trace][gc,age      ] GC(3) Age table with threshold 2 (max threshold 15)
[2025-05-19T05:25:24.889+0000][75][trace][gc,age      ] GC(3) - age   1:    5558488 bytes,    5558488 total
[2025-05-19T05:25:24.890+0000][75][trace][gc,age      ] GC(3) - age   2:    4425328 bytes,    9983816 total
[2025-05-19T05:25:24.890+0000][75][info ][gc,heap     ] GC(3) Eden regions: 44->0(51)
[2025-05-19T05:25:24.890+0000][75][info ][gc,heap     ] GC(3) Survivor regions: 4->3(6)
[2025-05-19T05:25:24.890+0000][75][info ][gc,heap     ] GC(3) Old regions: 1->3
[2025-05-19T05:25:24.891+0000][75][info ][gc,heap     ] GC(3) Humongous regions: 0->0
[2025-05-19T05:25:24.891+0000][75][info ][gc,metaspace] GC(3) Metaspace: 29083K(29824K)->29083K(29824K) NonClass: 25688K(26112K)->25688K(26112K) Class: 3394K(3712K)->3394K(3712K)
[2025-05-19T05:25:24.891+0000][75][info ][gc          ] GC(3) Pause Young (Mixed) (G1 Evacuation Pause) 192M->20M(3880M) 42.895ms
[2025-05-19T05:25:24.892+0000][75][info ][gc,cpu      ] GC(3) User=0.26s Sys=0.00s Real=0.05s
[2025-05-19T05:25:24.892+0000][75][info ][safepoint   ] Safepoint "G1CollectForAllocation", Time since last: 297975696 ns, Reaching safepoint: 6631 ns, Cleanup: 49088 ns, At safepoint: 43788414 ns, Total: 43844133 ns
[2025-05-19T05:25:25.893+0000][75][info ][safepoint   ] Safepoint "Cleanup", Time since last: 1000642165 ns, Reaching safepoint: 8563 ns, Cleanup: 194645 ns, At safepoint: 14877 ns, Total: 218085 ns
[2025-05-19T05:25:26.473+0000][75][info ][gc,start    ] GC(4) Pause Young (Normal) (G1 Evacuation Pause)
[2025-05-19T05:25:26.473+0000][75][info ][gc,task     ] GC(4) Using 10 workers of 10 for evacuation
[2025-05-19T05:25:26.473+0000][75][debug][gc,age      ] GC(4) Desired survivor size 14680064 bytes, new threshold 15 (max threshold 15)
[2025-05-19T05:25:26.479+0000][75][info ][gc,phases   ] GC(4)   Pre Evacuate Collection Set: 0.45ms
[2025-05-19T05:25:26.479+0000][75][info ][gc,phases   ] GC(4)   Merge Heap Roots: 0.22ms
[2025-05-19T05:25:26.481+0000][75][info ][gc,phases   ] GC(4)   Evacuate Collection Set: 3.24ms
[2025-05-19T05:25:26.482+0000][75][info ][gc,phases   ] GC(4)   Post Evacuate Collection Set: 0.76ms
[2025-05-19T05:25:26.482+0000][75][info ][gc,phases   ] GC(4)   Other: 0.97ms
[2025-05-19T05:25:26.483+0000][75][trace][gc,age      ] GC(4) Age table with threshold 15 (max threshold 15)
[2025-05-19T05:25:26.484+0000][75][trace][gc,age      ] GC(4) - age   1:    2976136 bytes,    2976136 total
[2025-05-19T05:25:26.485+0000][75][trace][gc,age      ] GC(4) - age   2:    4113336 bytes,    7089472 total
[2025-05-19T05:25:26.486+0000][75][trace][gc,age      ] GC(4) - age   3:    4424432 bytes,   11513904 total
[2025-05-19T05:25:26.486+0000][75][info ][gc,heap     ] GC(4) Eden regions: 51->0(579)
[2025-05-19T05:25:26.486+0000][75][info ][gc,heap     ] GC(4) Survivor regions: 3->3(7)
[2025-05-19T05:25:26.487+0000][75][info ][gc,heap     ] GC(4) Old regions: 3->3
[2025-05-19T05:25:26.487+0000][75][info ][gc,heap     ] GC(4) Humongous regions: 0->0
[2025-05-19T05:25:26.487+0000][75][info ][gc,metaspace] GC(4) Metaspace: 29702K(30400K)->29702K(30400K) NonClass: 26241K(26624K)->26241K(26624K) Class: 3461K(3776K)->3461K(3776K)
[2025-05-19T05:25:26.488+0000][75][info ][gc          ] GC(4) Pause Young (Normal) (G1 Evacuation Pause) 224M->22M(3880M) 15.144ms
[2025-05-19T05:25:26.488+0000][75][info ][gc,cpu      ] GC(4) User=0.03s Sys=0.00s Real=0.01s
[2025-05-19T05:25:26.488+0000][75][info ][safepoint   ] Safepoint "G1CollectForAllocation", Time since last: 579323059 ns, Reaching safepoint: 6015 ns, Cleanup: 27755 ns, At safepoint: 15938019 ns, Total: 15971789 ns
[2025-05-19T05:25:27.539+0000][75][info ][safepoint   ] Safepoint "Cleanup", Time since last: 1050781575 ns, Reaching safepoint: 5464 ns, Cleanup: 90320 ns, At safepoint: 21919 ns, Total: 117703 ns
[2025-05-19T05:25:28.540+0000][75][info ][safepoint   ] Safepoint "Cleanup", Time since last: 1000661281 ns, Reaching safepoint: 48197 ns, Cleanup: 65754 ns, At safepoint: 12656 ns, Total: 126607 ns
[2025-05-19T05:25:29.176+0000][75][info ][gc,start    ] GC(5) Pause Young (Concurrent Start) (Metadata GC Threshold)
[2025-05-19T05:25:29.177+0000][75][info ][gc,task     ] GC(5) Using 10 workers of 10 for evacuation
[2025-05-19T05:25:29.178+0000][75][debug][gc,age      ] GC(5) Desired survivor size 153092096 bytes, new threshold 15 (max threshold 15)
[2025-05-19T05:25:29.188+0000][75][info ][gc,phases   ] GC(5)   Pre Evacuate Collection Set: 0.71ms
[2025-05-19T05:25:29.188+0000][75][info ][gc,phases   ] GC(5)   Merge Heap Roots: 0.71ms
[2025-05-19T05:25:29.189+0000][75][info ][gc,phases   ] GC(5)   Evacuate Collection Set: 7.18ms
[2025-05-19T05:25:29.189+0000][75][info ][gc,phases   ] GC(5)   Post Evacuate Collection Set: 1.26ms
[2025-05-19T05:25:29.190+0000][75][info ][gc,phases   ] GC(5)   Other: 1.10ms
[2025-05-19T05:25:29.190+0000][75][trace][gc,age      ] GC(5) Age table with threshold 15 (max threshold 15)
[2025-05-19T05:25:29.190+0000][75][trace][gc,age      ] GC(5) - age   1:    4285560 bytes,    4285560 total
[2025-05-19T05:25:29.191+0000][75][trace][gc,age      ] GC(5) - age   2:    2510216 bytes,    6795776 total
[2025-05-19T05:25:29.191+0000][75][trace][gc,age      ] GC(5) - age   3:    4109240 bytes,   10905016 total
[2025-05-19T05:25:29.192+0000][75][trace][gc,age      ] GC(5) - age   4:    4423280 bytes,   15328296 total
[2025-05-19T05:25:29.193+0000][75][info ][gc,heap     ] GC(5) Eden regions: 63->0(577)
[2025-05-19T05:25:29.193+0000][75][info ][gc,heap     ] GC(5) Survivor regions: 3->5(73)
[2025-05-19T05:25:29.194+0000][75][info ][gc,heap     ] GC(5) Old regions: 3->3
[2025-05-19T05:25:29.195+0000][75][info ][gc,heap     ] GC(5) Humongous regions: 0->0
[2025-05-19T05:25:29.195+0000][75][info ][gc,metaspace] GC(5) Metaspace: 35190K(35968K)->35190K(35968K) NonClass: 31103K(31552K)->31103K(31552K) Class: 4086K(4416K)->4086K(4416K)
[2025-05-19T05:25:29.195+0000][75][info ][gc          ] GC(5) Pause Young (Concurrent Start) (Metadata GC Threshold) 274M->26M(3880M) 18.974ms
[2025-05-19T05:25:29.196+0000][75][info ][gc,cpu      ] GC(5) User=0.07s Sys=0.00s Real=0.02s
[2025-05-19T05:25:29.196+0000][75][info ][gc          ] GC(6) Concurrent Mark Cycle
[2025-05-19T05:25:29.196+0000][75][info ][safepoint   ] Safepoint "CollectForMetadataAllocation", Time since last: 636241254 ns, Reaching safepoint: 4996 ns, Cleanup: 9715 ns, At safepoint: 19992465 ns, Total: 20007176 ns
[2025-05-19T05:25:29.197+0000][75][info ][gc,marking  ] GC(6) Concurrent Scan Root Regions
[2025-05-19T05:25:29.201+0000][75][info ][gc,marking  ] GC(6) Concurrent Scan Root Regions 4.418ms
[2025-05-19T05:25:29.203+0000][75][info ][gc,marking  ] GC(6) Concurrent Mark
[2025-05-19T05:25:29.203+0000][75][info ][gc,marking  ] GC(6) Concurrent Mark From Roots
[2025-05-19T05:25:29.204+0000][75][info ][gc,task     ] GC(6) Using 3 workers of 3 for marking
[2025-05-19T05:25:29.215+0000][75][info ][gc,marking  ] GC(6) Concurrent Mark From Roots 11.746ms
[2025-05-19T05:25:29.215+0000][75][info ][gc,marking  ] GC(6) Concurrent Preclean
[2025-05-19T05:25:29.216+0000][75][info ][gc,marking  ] GC(6) Concurrent Preclean 0.421ms
[2025-05-19T05:25:29.217+0000][75][info ][gc,start    ] GC(6) Pause Remark
[2025-05-19T05:25:29.230+0000][75][info ][gc          ] GC(6) Pause Remark 30M->30M(3880M) 12.250ms
[2025-05-19T05:25:29.231+0000][75][info ][gc,cpu      ] GC(6) User=0.07s Sys=0.00s Real=0.02s
[2025-05-19T05:25:29.231+0000][75][info ][safepoint   ] Safepoint "G1PauseRemark", Time since last: 20940717 ns, Reaching safepoint: 8676 ns, Cleanup: 18078 ns, At safepoint: 13811296 ns, Total: 13838050 ns
[2025-05-19T05:25:29.232+0000][75][info ][gc,marking  ] GC(6) Concurrent Mark 29.649ms
[2025-05-19T05:25:29.233+0000][75][info ][gc,marking  ] GC(6) Concurrent Rebuild Remembered Sets and Scrub Regions
[2025-05-19T05:25:29.236+0000][75][info ][gc,marking  ] GC(6) Concurrent Rebuild Remembered Sets and Scrub Regions 3.436ms
[2025-05-19T05:25:29.241+0000][75][info ][gc,start    ] GC(6) Pause Cleanup
[2025-05-19T05:25:29.242+0000][75][info ][gc          ] GC(6) Pause Cleanup 30M->30M(3880M) 1.080ms
[2025-05-19T05:25:29.243+0000][75][info ][gc,cpu      ] GC(6) User=0.01s Sys=0.00s Real=0.00s
[2025-05-19T05:25:29.243+0000][75][info ][safepoint   ] Safepoint "G1PauseCleanup", Time since last: 5661327 ns, Reaching safepoint: 4502571 ns, Cleanup: 23020 ns, At safepoint: 1999293 ns, Total: 6524884 ns
[2025-05-19T05:25:29.244+0000][75][info ][gc,marking  ] GC(6) Concurrent Clear Claimed Marks
[2025-05-19T05:25:29.245+0000][75][info ][gc,marking  ] GC(6) Concurrent Clear Claimed Marks 0.501ms
[2025-05-19T05:25:29.245+0000][75][info ][gc,marking  ] GC(6) Concurrent Cleanup for Next Mark
[2025-05-19T05:25:29.253+0000][75][info ][gc,marking  ] GC(6) Concurrent Cleanup for Next Mark 7.945ms
[2025-05-19T05:25:29.254+0000][75][info ][gc          ] GC(6) Concurrent Mark Cycle 58.058ms
