[2025-05-24T06:50:31.390+0000][69][info][gc,init] CardTable entry size: 512
[2025-05-24T06:50:31.392+0000][69][info][gc     ] Using G1
[2025-05-24T06:50:36.059+0000][69][info][gc,init] Version: 22+36-2370 (release)
[2025-05-24T06:50:36.061+0000][69][info][gc,init] CPUs: 12 total, 12 available
[2025-05-24T06:50:36.062+0000][69][info][gc,init] Memory: 7757M
[2025-05-24T06:50:36.063+0000][69][info][gc,init] Large Page Support: Disabled
[2025-05-24T06:50:36.064+0000][69][info][gc,init] NUMA Support: Disabled
[2025-05-24T06:50:36.064+0000][69][info][gc,init] Compressed Oops: Enabled (Zero based)
[2025-05-24T06:50:36.065+0000][69][info][gc,init] Heap Region Size: 4M
[2025-05-24T06:50:36.065+0000][69][info][gc,init] Heap Min Capacity: 3880M
[2025-05-24T06:50:36.065+0000][69][info][gc,init] Heap Initial Capacity: 3880M
[2025-05-24T06:50:36.066+0000][69][info][gc,init] Heap Max Capacity: 3880M
[2025-05-24T06:50:36.066+0000][69][info][gc,init] Pre-touch: Enabled
[2025-05-24T06:50:36.066+0000][69][info][gc,init] Parallel Workers: 10
[2025-05-24T06:50:36.067+0000][69][info][gc,init] Concurrent Workers: 3
[2025-05-24T06:50:36.067+0000][69][info][gc,init] Concurrent Refinement Workers: 10
[2025-05-24T06:50:36.068+0000][69][info][gc,init] Periodic GC: Disabled
[2025-05-24T06:50:36.451+0000][69][info][gc,metaspace] CDS archive(s) mapped at: [0x00007f6c3e000000-0x00007f6c3ec74000-0x00007f6c3ec74000), size 13058048, SharedBaseAddress: 0x00007f6c3e000000, ArchiveRelocationMode: 1.
[2025-05-24T06:50:36.453+0000][69][info][gc,metaspace] Compressed class space mapped at: 0x00007f6c3f000000-0x00007f6c7f000000, reserved size: 1073741824
[2025-05-24T06:50:36.454+0000][69][info][gc,metaspace] Narrow klass base: 0x00007f6c3e000000, Narrow klass shift: 0, Narrow klass range: 0x100000000
[2025-05-24T06:50:37.346+0000][69][info][safepoint   ] Safepoint "ICBufferFull", Time since last: 850609499 ns, Reaching safepoint: 29737 ns, Cleanup: 90439 ns, At safepoint: 24009 ns, Total: 144185 ns
[2025-05-24T06:50:38.151+0000][69][info][safepoint   ] Safepoint "ICBufferFull", Time since last: 804245979 ns, Reaching safepoint: 172926 ns, Cleanup: 210022 ns, At safepoint: 124635 ns, Total: 507583 ns
[2025-05-24T06:50:39.762+0000][69][info][safepoint   ] Safepoint "Cleanup", Time since last: 1611225618 ns, Reaching safepoint: 3081 ns, Cleanup: 81345 ns, At safepoint: 21315 ns, Total: 105741 ns
[2025-05-24T06:50:40.809+0000][69][info][safepoint   ] Safepoint "Cleanup", Time since last: 1047199186 ns, Reaching safepoint: 2348 ns, Cleanup: 62489 ns, At safepoint: 15944 ns, Total: 80781 ns
[2025-05-24T06:50:42.210+0000][69][info][safepoint   ] Safepoint "Cleanup", Time since last: 1400768041 ns, Reaching safepoint: 2099 ns, Cleanup: 55533 ns, At safepoint: 18777 ns, Total: 76409 ns
[2025-05-24T06:50:43.797+0000][69][info][safepoint   ] Safepoint "Cleanup", Time since last: 1004579835 ns, Reaching safepoint: 582514902 ns, Cleanup: 21814 ns, At safepoint: 25619 ns, Total: 582562335 ns
[2025-05-24T06:50:45.382+0000][69][info][safepoint   ] Safepoint "Cleanup", Time since last: 1000953846 ns, Reaching safepoint: 583724964 ns, Cleanup: 17155 ns, At safepoint: 31775 ns, Total: 583773894 ns
[2025-05-24T06:50:48.514+0000][69][info][safepoint   ] Safepoint "Cleanup", Time since last: 3131883467 ns, Reaching safepoint: 135830 ns, Cleanup: 58152 ns, At safepoint: 186675 ns, Total: 380657 ns
[2025-05-24T06:50:49.468+0000][69][info][gc,start    ] GC(0) Pause Young (Concurrent Start) (Metadata GC Threshold)
[2025-05-24T06:50:49.469+0000][69][info][gc,task     ] GC(0) Using 10 workers of 10 for evacuation
[2025-05-24T06:50:49.469+0000][69][debug][gc,age      ] GC(0) Desired survivor size 12582912 bytes, new threshold 15 (max threshold 15)
[2025-05-24T06:50:49.481+0000][69][info ][gc,phases   ] GC(0)   Pre Evacuate Collection Set: 2.19ms
[2025-05-24T06:50:49.482+0000][69][info ][gc,phases   ] GC(0)   Merge Heap Roots: 0.25ms
[2025-05-24T06:50:49.482+0000][69][info ][gc,phases   ] GC(0)   Evacuate Collection Set: 4.53ms
[2025-05-24T06:50:49.482+0000][69][info ][gc,phases   ] GC(0)   Post Evacuate Collection Set: 3.60ms
[2025-05-24T06:50:49.483+0000][69][info ][gc,phases   ] GC(0)   Other: 2.21ms
[2025-05-24T06:50:49.483+0000][69][trace][gc,age      ] GC(0) Age table with threshold 15 (max threshold 15)
[2025-05-24T06:50:49.484+0000][69][trace][gc,age      ] GC(0) - age   1:   10196848 bytes,   10196848 total
[2025-05-24T06:50:49.484+0000][69][info ][gc,heap     ] GC(0) Eden regions: 44->0(45)
[2025-05-24T06:50:49.484+0000][69][info ][gc,heap     ] GC(0) Survivor regions: 0->3(6)
[2025-05-24T06:50:49.485+0000][69][info ][gc,heap     ] GC(0) Old regions: 1->1
[2025-05-24T06:50:49.486+0000][69][info ][gc,heap     ] GC(0) Humongous regions: 0->0
[2025-05-24T06:50:49.486+0000][69][info ][gc,metaspace] GC(0) Metaspace: 20953K(21504K)->20953K(21504K) NonClass: 18575K(18880K)->18575K(18880K) Class: 2378K(2624K)->2378K(2624K)
[2025-05-24T06:50:49.488+0000][69][info ][gc          ] GC(0) Pause Young (Concurrent Start) (Metadata GC Threshold) 177M->11M(3880M) 19.919ms
[2025-05-24T06:50:49.489+0000][69][info ][gc,cpu      ] GC(0) User=0.05s Sys=0.00s Real=0.02s
[2025-05-24T06:50:49.489+0000][69][info ][gc          ] GC(1) Concurrent Mark Cycle
[2025-05-24T06:50:49.489+0000][69][info ][safepoint   ] Safepoint "CollectForMetadataAllocation", Time since last: 952861617 ns, Reaching safepoint: 104660 ns, Cleanup: 97805 ns, At safepoint: 21894576 ns, Total: 22097041 ns
[2025-05-24T06:50:49.489+0000][69][info ][gc,marking  ] GC(1) Concurrent Scan Root Regions
[2025-05-24T06:50:49.495+0000][69][info ][gc,marking  ] GC(1) Concurrent Scan Root Regions 5.940ms
[2025-05-24T06:50:49.496+0000][69][info ][gc,marking  ] GC(1) Concurrent Mark
[2025-05-24T06:50:49.496+0000][69][info ][gc,marking  ] GC(1) Concurrent Mark From Roots
[2025-05-24T06:50:49.496+0000][69][info ][gc,task     ] GC(1) Using 3 workers of 3 for marking
[2025-05-24T06:50:49.499+0000][69][info ][gc,marking  ] GC(1) Concurrent Mark From Roots 2.773ms
[2025-05-24T06:50:49.499+0000][69][info ][gc,marking  ] GC(1) Concurrent Preclean
[2025-05-24T06:50:49.501+0000][69][info ][gc,marking  ] GC(1) Concurrent Preclean 1.434ms
[2025-05-24T06:50:49.502+0000][69][info ][gc,start    ] GC(1) Pause Remark
[2025-05-24T06:50:49.506+0000][69][info ][gc          ] GC(1) Pause Remark 15M->15M(3880M) 3.884ms
[2025-05-24T06:50:49.506+0000][69][info ][gc,cpu      ] GC(1) User=0.01s Sys=0.00s Real=0.01s
[2025-05-24T06:50:49.507+0000][69][info ][safepoint   ] Safepoint "G1PauseRemark", Time since last: 12052145 ns, Reaching safepoint: 226304 ns, Cleanup: 18081 ns, At safepoint: 4850867 ns, Total: 5095252 ns
[2025-05-24T06:50:49.507+0000][69][info ][gc,marking  ] GC(1) Concurrent Mark 11.186ms
[2025-05-24T06:50:49.507+0000][69][info ][gc,marking  ] GC(1) Concurrent Rebuild Remembered Sets and Scrub Regions
[2025-05-24T06:50:49.509+0000][69][info ][gc,marking  ] GC(1) Concurrent Rebuild Remembered Sets and Scrub Regions 1.335ms
[2025-05-24T06:50:49.509+0000][69][info ][gc,start    ] GC(1) Pause Cleanup
[2025-05-24T06:50:49.510+0000][69][info ][gc          ] GC(1) Pause Cleanup 15M->15M(3880M) 0.924ms
[2025-05-24T06:50:49.511+0000][69][info ][gc,cpu      ] GC(1) User=0.00s Sys=0.00s Real=0.00s
[2025-05-24T06:50:49.511+0000][69][info ][safepoint   ] Safepoint "G1PauseCleanup", Time since last: 2521549 ns, Reaching safepoint: 117735 ns, Cleanup: 12899 ns, At safepoint: 2086388 ns, Total: 2217022 ns
[2025-05-24T06:50:49.512+0000][69][info ][gc,marking  ] GC(1) Concurrent Clear Claimed Marks
[2025-05-24T06:50:49.512+0000][69][info ][gc,marking  ] GC(1) Concurrent Clear Claimed Marks 0.376ms
[2025-05-24T06:50:49.513+0000][69][info ][gc,marking  ] GC(1) Concurrent Cleanup for Next Mark
[2025-05-24T06:50:49.521+0000][69][info ][gc,marking  ] GC(1) Concurrent Cleanup for Next Mark 8.082ms
[2025-05-24T06:50:49.521+0000][69][info ][gc          ] GC(1) Concurrent Mark Cycle 32.518ms
[2025-05-24T06:50:50.443+0000][69][info ][safepoint   ] Safepoint "ICBufferFull", Time since last: 931323997 ns, Reaching safepoint: 6179 ns, Cleanup: 130122 ns, At safepoint: 10692 ns, Total: 146993 ns
[2025-05-24T06:50:50.689+0000][69][info ][gc,start    ] GC(2) Pause Young (Prepare Mixed) (G1 Evacuation Pause)
[2025-05-24T06:50:50.689+0000][69][info ][gc,task     ] GC(2) Using 10 workers of 10 for evacuation
[2025-05-24T06:50:50.690+0000][69][debug][gc,age      ] GC(2) Desired survivor size 12582912 bytes, new threshold 15 (max threshold 15)
[2025-05-24T06:50:50.701+0000][69][info ][gc,phases   ] GC(2)   Pre Evacuate Collection Set: 0.69ms
[2025-05-24T06:50:50.702+0000][69][info ][gc,phases   ] GC(2)   Merge Heap Roots: 0.57ms
[2025-05-24T06:50:50.702+0000][69][info ][gc,phases   ] GC(2)   Evacuate Collection Set: 7.11ms
[2025-05-24T06:50:50.703+0000][69][info ][gc,phases   ] GC(2)   Post Evacuate Collection Set: 2.64ms
[2025-05-24T06:50:50.704+0000][69][info ][gc,phases   ] GC(2)   Other: 0.95ms
[2025-05-24T06:50:50.704+0000][69][trace][gc,age      ] GC(2) Age table with threshold 15 (max threshold 15)
[2025-05-24T06:50:50.705+0000][69][trace][gc,age      ] GC(2) - age   1:    4753600 bytes,    4753600 total
[2025-05-24T06:50:50.705+0000][69][trace][gc,age      ] GC(2) - age   2:    9293784 bytes,   14047384 total
[2025-05-24T06:50:50.706+0000][69][info ][gc,heap     ] GC(2) Eden regions: 45->0(44)
[2025-05-24T06:50:50.706+0000][69][info ][gc,heap     ] GC(2) Survivor regions: 3->4(6)
[2025-05-24T06:50:50.707+0000][69][info ][gc,heap     ] GC(2) Old regions: 1->1
[2025-05-24T06:50:50.708+0000][69][info ][gc,heap     ] GC(2) Humongous regions: 0->0
[2025-05-24T06:50:50.709+0000][69][info ][gc,metaspace] GC(2) Metaspace: 27597K(28224K)->27597K(28224K) NonClass: 24482K(24832K)->24482K(24832K) Class: 3115K(3392K)->3115K(3392K)
[2025-05-24T06:50:50.709+0000][69][info ][gc          ] GC(2) Pause Young (Prepare Mixed) (G1 Evacuation Pause) 191M->15M(3880M) 20.438ms
[2025-05-24T06:50:50.709+0000][69][info ][gc,cpu      ] GC(2) User=0.07s Sys=0.00s Real=0.02s
[2025-05-24T06:50:50.710+0000][69][info ][safepoint   ] Safepoint "G1CollectForAllocation", Time since last: 245633746 ns, Reaching safepoint: 5236 ns, Cleanup: 103263 ns, At safepoint: 21666050 ns, Total: 21774549 ns
[2025-05-24T06:50:51.468+0000][69][info ][safepoint   ] Safepoint "ICBufferFull", Time since last: 757781399 ns, Reaching safepoint: 6504 ns, Cleanup: 143339 ns, At safepoint: 12717 ns, Total: 162560 ns
[2025-05-24T06:50:51.502+0000][69][info ][gc,start    ] GC(3) Pause Young (Mixed) (G1 Evacuation Pause)
[2025-05-24T06:50:51.502+0000][69][info ][gc,task     ] GC(3) Using 10 workers of 10 for evacuation
[2025-05-24T06:50:51.503+0000][69][debug][gc,age      ] GC(3) Desired survivor size 12582912 bytes, new threshold 2 (max threshold 15)
[2025-05-24T06:50:51.520+0000][69][info ][gc,phases   ] GC(3)   Pre Evacuate Collection Set: 0.30ms
[2025-05-24T06:50:51.521+0000][69][info ][gc,phases   ] GC(3)   Merge Heap Roots: 0.15ms
[2025-05-24T06:50:51.521+0000][69][info ][gc,phases   ] GC(3)   Evacuate Collection Set: 15.14ms
[2025-05-24T06:50:51.521+0000][69][info ][gc,phases   ] GC(3)   Post Evacuate Collection Set: 1.72ms
[2025-05-24T06:50:51.522+0000][69][info ][gc,phases   ] GC(3)   Other: 0.83ms
[2025-05-24T06:50:51.522+0000][69][trace][gc,age      ] GC(3) Age table with threshold 2 (max threshold 15)
[2025-05-24T06:50:51.522+0000][69][trace][gc,age      ] GC(3) - age   1:    4695680 bytes,    4695680 total
[2025-05-24T06:50:51.523+0000][69][trace][gc,age      ] GC(3) - age   2:    4727496 bytes,    9423176 total
[2025-05-24T06:50:51.523+0000][69][info ][gc,heap     ] GC(3) Eden regions: 44->0(104)
[2025-05-24T06:50:51.523+0000][69][info ][gc,heap     ] GC(3) Survivor regions: 4->3(6)
[2025-05-24T06:50:51.524+0000][69][info ][gc,heap     ] GC(3) Old regions: 1->3
[2025-05-24T06:50:51.524+0000][69][info ][gc,heap     ] GC(3) Humongous regions: 0->0
[2025-05-24T06:50:51.524+0000][69][info ][gc,metaspace] GC(3) Metaspace: 29282K(30016K)->29282K(30016K) NonClass: 25865K(26304K)->25865K(26304K) Class: 3417K(3712K)->3417K(3712K)
[2025-05-24T06:50:51.525+0000][69][info ][gc          ] GC(3) Pause Young (Mixed) (G1 Evacuation Pause) 191M->20M(3880M) 22.905ms
[2025-05-24T06:50:51.525+0000][69][info ][gc,cpu      ] GC(3) User=0.12s Sys=0.00s Real=0.03s
[2025-05-24T06:50:51.525+0000][69][info ][safepoint   ] Safepoint "G1CollectForAllocation", Time since last: 33555903 ns, Reaching safepoint: 5366 ns, Cleanup: 19779 ns, At safepoint: 23732438 ns, Total: 23757583 ns
[2025-05-24T06:50:52.251+0000][69][info ][safepoint   ] Safepoint "ICBufferFull", Time since last: 724942007 ns, Reaching safepoint: 5675 ns, Cleanup: 232477 ns, At safepoint: 77062 ns, Total: 315214 ns
[2025-05-24T06:50:53.333+0000][69][info ][gc,start    ] GC(4) Pause Young (Concurrent Start) (Metadata GC Threshold)
[2025-05-24T06:50:53.333+0000][69][info ][gc,task     ] GC(4) Using 10 workers of 10 for evacuation
[2025-05-24T06:50:53.334+0000][69][debug][gc,age      ] GC(4) Desired survivor size 29360128 bytes, new threshold 15 (max threshold 15)
[2025-05-24T06:50:53.342+0000][69][info ][gc,phases   ] GC(4)   Pre Evacuate Collection Set: 0.45ms
[2025-05-24T06:50:53.343+0000][69][info ][gc,phases   ] GC(4)   Merge Heap Roots: 0.63ms
[2025-05-24T06:50:53.343+0000][69][info ][gc,phases   ] GC(4)   Evacuate Collection Set: 4.65ms
[2025-05-24T06:50:53.344+0000][69][info ][gc,phases   ] GC(4)   Post Evacuate Collection Set: 2.03ms
[2025-05-24T06:50:53.344+0000][69][info ][gc,phases   ] GC(4)   Other: 0.92ms
[2025-05-24T06:50:53.345+0000][69][trace][gc,age      ] GC(4) Age table with threshold 15 (max threshold 15)
[2025-05-24T06:50:53.345+0000][69][trace][gc,age      ] GC(4) - age   1:    6721208 bytes,    6721208 total
[2025-05-24T06:50:53.346+0000][69][trace][gc,age      ] GC(4) - age   2:    3752392 bytes,   10473600 total
[2025-05-24T06:50:53.346+0000][69][trace][gc,age      ] GC(4) - age   3:    4725448 bytes,   15199048 total
[2025-05-24T06:50:53.346+0000][69][info ][gc,heap     ] GC(4) Eden regions: 102->0(577)
[2025-05-24T06:50:53.347+0000][69][info ][gc,heap     ] GC(4) Survivor regions: 3->5(14)
[2025-05-24T06:50:53.347+0000][69][info ][gc,heap     ] GC(4) Old regions: 3->3
[2025-05-24T06:50:53.347+0000][69][info ][gc,heap     ] GC(4) Humongous regions: 0->0
[2025-05-24T06:50:53.348+0000][69][info ][gc,metaspace] GC(4) Metaspace: 35311K(36096K)->35311K(36096K) NonClass: 31209K(31680K)->31209K(31680K) Class: 4101K(4416K)->4101K(4416K)
[2025-05-24T06:50:53.348+0000][69][info ][gc          ] GC(4) Pause Young (Concurrent Start) (Metadata GC Threshold) 426M->26M(3880M) 15.272ms
[2025-05-24T06:50:53.349+0000][69][info ][gc          ] GC(5) Concurrent Mark Cycle
[2025-05-24T06:50:53.349+0000][69][info ][gc,marking  ] GC(5) Concurrent Scan Root Regions
[2025-05-24T06:50:53.349+0000][69][info ][gc,cpu      ] GC(4) User=0.04s Sys=0.00s Real=0.02s
[2025-05-24T06:50:53.351+0000][69][info ][safepoint   ] Safepoint "CollectForMetadataAllocation", Time since last: 1081985424 ns, Reaching safepoint: 6113 ns, Cleanup: 130643 ns, At safepoint: 17725375 ns, Total: 17862131 ns
[2025-05-24T06:50:53.352+0000][69][info ][gc,marking  ] GC(5) Concurrent Scan Root Regions 2.965ms
[2025-05-24T06:50:53.352+0000][69][info ][gc,marking  ] GC(5) Concurrent Mark
[2025-05-24T06:50:53.355+0000][69][info ][gc,marking  ] GC(5) Concurrent Mark From Roots
[2025-05-24T06:50:53.355+0000][69][info ][gc,task     ] GC(5) Using 3 workers of 3 for marking
[2025-05-24T06:50:53.363+0000][69][info ][gc,marking  ] GC(5) Concurrent Mark From Roots 8.177ms
[2025-05-24T06:50:53.363+0000][69][info ][gc,marking  ] GC(5) Concurrent Preclean
[2025-05-24T06:50:53.364+0000][69][info ][gc,marking  ] GC(5) Concurrent Preclean 0.455ms
[2025-05-24T06:50:53.365+0000][69][info ][gc,start    ] GC(5) Pause Remark
[2025-05-24T06:50:53.372+0000][69][info ][gc          ] GC(5) Pause Remark 34M->34M(3880M) 6.756ms
[2025-05-24T06:50:53.372+0000][69][info ][gc,cpu      ] GC(5) User=0.02s Sys=0.00s Real=0.00s
[2025-05-24T06:50:53.373+0000][69][info ][safepoint   ] Safepoint "G1PauseRemark", Time since last: 14557856 ns, Reaching safepoint: 5888 ns, Cleanup: 15330 ns, At safepoint: 7597886 ns, Total: 7619104 ns
[2025-05-24T06:50:53.373+0000][69][info ][gc,marking  ] GC(5) Concurrent Mark 20.851ms
[2025-05-24T06:50:53.375+0000][69][info ][gc,marking  ] GC(5) Concurrent Rebuild Remembered Sets and Scrub Regions
[2025-05-24T06:50:53.381+0000][69][info ][gc,marking  ] GC(5) Concurrent Rebuild Remembered Sets and Scrub Regions 5.354ms
[2025-05-24T06:50:53.382+0000][69][info ][gc,start    ] GC(5) Pause Cleanup
[2025-05-24T06:50:53.383+0000][69][info ][gc          ] GC(5) Pause Cleanup 38M->38M(3880M) 0.784ms
[2025-05-24T06:50:53.383+0000][69][info ][gc,cpu      ] GC(5) User=0.00s Sys=0.00s Real=0.00s
[2025-05-24T06:50:53.383+0000][69][info ][safepoint   ] Safepoint "G1PauseCleanup", Time since last: 8838381 ns, Reaching safepoint: 159181 ns, Cleanup: 18151 ns, At safepoint: 1484354 ns, Total: 1661686 ns
[2025-05-24T06:50:53.384+0000][69][info ][gc,marking  ] GC(5) Concurrent Clear Claimed Marks
[2025-05-24T06:50:53.384+0000][69][info ][gc,marking  ] GC(5) Concurrent Clear Claimed Marks 0.501ms
[2025-05-24T06:50:53.384+0000][69][info ][gc,marking  ] GC(5) Concurrent Cleanup for Next Mark
[2025-05-24T06:50:53.388+0000][69][info ][gc,marking  ] GC(5) Concurrent Cleanup for Next Mark 3.502ms
[2025-05-24T06:50:53.389+0000][69][info ][gc          ] GC(5) Concurrent Mark Cycle 40.001ms
[2025-05-24T06:50:54.384+0000][69][info ][safepoint   ] Safepoint "Cleanup", Time since last: 1000439138 ns, Reaching safepoint: 162411 ns, Cleanup: 203341 ns, At safepoint: 114810 ns, Total: 480562 ns
[2025-05-24T06:50:55.385+0000][69][info ][safepoint   ] Safepoint "Cleanup", Time since last: 1000547687 ns, Reaching safepoint: 6158 ns, Cleanup: 84455 ns, At safepoint: 9348 ns, Total: 99961 ns
[2025-05-24T06:50:56.385+0000][69][info ][safepoint   ] Safepoint "Cleanup", Time since last: 1000461851 ns, Reaching safepoint: 4849 ns, Cleanup: 21003 ns, At safepoint: 7186 ns, Total: 33038 ns
[2025-05-24T06:50:57.386+0000][69][info ][safepoint   ] Safepoint "Cleanup", Time since last: 1000463892 ns, Reaching safepoint: 4414 ns, Cleanup: 14085 ns, At safepoint: 7192 ns, Total: 25691 ns
[2025-05-24T06:50:58.391+0000][69][info ][safepoint   ] Safepoint "Cleanup", Time since last: 1004980295 ns, Reaching safepoint: 4059 ns, Cleanup: 17947 ns, At safepoint: 8207 ns, Total: 30213 ns
[2025-05-24T06:51:00.392+0000][69][info ][safepoint   ] Safepoint "Cleanup", Time since last: 2000738080 ns, Reaching safepoint: 4765 ns, Cleanup: 36220 ns, At safepoint: 29562 ns, Total: 70547 ns
[2025-05-24T06:51:01.392+0000][69][info ][safepoint   ] Safepoint "Cleanup", Time since last: 1000511193 ns, Reaching safepoint: 4585 ns, Cleanup: 76417 ns, At safepoint: 8664 ns, Total: 89666 ns
[2025-05-24T06:51:02.408+0000][69][info ][safepoint   ] Safepoint "Cleanup", Time since last: 1015858480 ns, Reaching safepoint: 4462 ns, Cleanup: 23152 ns, At safepoint: 6837 ns, Total: 34451 ns
[2025-05-24T06:51:03.409+0000][69][info ][safepoint   ] Safepoint "Cleanup", Time since last: 1001167072 ns, Reaching safepoint: 5242 ns, Cleanup: 36086 ns, At safepoint: 6963 ns, Total: 48291 ns
[2025-05-24T06:51:04.411+0000][69][info ][safepoint   ] Safepoint "Cleanup", Time since last: 1001033056 ns, Reaching safepoint: 148706 ns, Cleanup: 167456 ns, At safepoint: 122143 ns, Total: 438305 ns
[2025-05-24T06:51:05.604+0000][69][info ][gc,start    ] GC(6) Pause Young (Concurrent Start) (Metadata GC Threshold)
[2025-05-24T06:51:05.604+0000][69][info ][gc,task     ] GC(6) Using 10 workers of 10 for evacuation
[2025-05-24T06:51:05.605+0000][69][debug][gc,age      ] GC(6) Desired survivor size 153092096 bytes, new threshold 15 (max threshold 15)
[2025-05-24T06:51:05.618+0000][69][info ][gc,phases   ] GC(6)   Pre Evacuate Collection Set: 0.47ms
[2025-05-24T06:51:05.618+0000][69][info ][gc,phases   ] GC(6)   Merge Heap Roots: 0.22ms
[2025-05-24T06:51:05.619+0000][69][info ][gc,phases   ] GC(6)   Evacuate Collection Set: 9.51ms
[2025-05-24T06:51:05.619+0000][69][info ][gc,phases   ] GC(6)   Post Evacuate Collection Set: 2.75ms
[2025-05-24T06:51:05.619+0000][69][info ][gc,phases   ] GC(6)   Other: 0.98ms
[2025-05-24T06:51:05.619+0000][69][trace][gc,age      ] GC(6) Age table with threshold 15 (max threshold 15)
[2025-05-24T06:51:05.619+0000][69][trace][gc,age      ] GC(6) - age   1:   14933424 bytes,   14933424 total
[2025-05-24T06:51:05.620+0000][69][trace][gc,age      ] GC(6) - age   2:    6683584 bytes,   21617008 total
[2025-05-24T06:51:05.620+0000][69][trace][gc,age      ] GC(6) - age   3:    3736000 bytes,   25353008 total
[2025-05-24T06:51:05.620+0000][69][trace][gc,age      ] GC(6) - age   4:    4710064 bytes,   30063072 total
[2025-05-24T06:51:05.620+0000][69][info ][gc,heap     ] GC(6) Eden regions: 226->0(210)
[2025-05-24T06:51:05.620+0000][69][info ][gc,heap     ] GC(6) Survivor regions: 5->8(73)
[2025-05-24T06:51:05.620+0000][69][info ][gc,heap     ] GC(6) Old regions: 3->3
[2025-05-24T06:51:05.621+0000][69][info ][gc,heap     ] GC(6) Humongous regions: 0->0
[2025-05-24T06:51:05.621+0000][69][info ][gc,metaspace] GC(6) Metaspace: 59093K(60416K)->59093K(60416K) NonClass: 51636K(52416K)->51636K(52416K) Class: 7456K(8000K)->7456K(8000K)
[2025-05-24T06:51:05.621+0000][69][info ][gc          ] GC(6) Pause Young (Concurrent Start) (Metadata GC Threshold) 928M->40M(3880M) 17.338ms
[2025-05-24T06:51:05.621+0000][69][info ][gc,cpu      ] GC(6) User=0.08s Sys=0.00s Real=0.01s
[2025-05-24T06:51:05.621+0000][69][info ][gc          ] GC(7) Concurrent Mark Cycle
[2025-05-24T06:51:05.622+0000][69][info ][gc,marking  ] GC(7) Concurrent Scan Root Regions
[2025-05-24T06:51:05.622+0000][69][info ][safepoint   ] Safepoint "CollectForMetadataAllocation", Time since last: 1193948701 ns, Reaching safepoint: 5717 ns, Cleanup: 144165 ns, At safepoint: 18153407 ns, Total: 18303289 ns
[2025-05-24T06:51:05.626+0000][69][info ][gc,marking  ] GC(7) Concurrent Scan Root Regions 4.773ms
[2025-05-24T06:51:05.627+0000][69][info ][gc,marking  ] GC(7) Concurrent Mark
[2025-05-24T06:51:05.627+0000][69][info ][gc,marking  ] GC(7) Concurrent Mark From Roots
[2025-05-24T06:51:05.627+0000][69][info ][gc,task     ] GC(7) Using 3 workers of 3 for marking
[2025-05-24T06:51:05.635+0000][69][info ][gc,marking  ] GC(7) Concurrent Mark From Roots 7.679ms
[2025-05-24T06:51:05.635+0000][69][info ][gc,marking  ] GC(7) Concurrent Preclean
[2025-05-24T06:51:05.636+0000][69][info ][gc,marking  ] GC(7) Concurrent Preclean 0.410ms
[2025-05-24T06:51:05.636+0000][69][info ][gc,start    ] GC(7) Pause Remark
[2025-05-24T06:51:05.642+0000][69][info ][gc          ] GC(7) Pause Remark 44M->44M(3880M) 6.133ms
[2025-05-24T06:51:05.643+0000][69][info ][gc,cpu      ] GC(7) User=0.02s Sys=0.00s Real=0.00s
[2025-05-24T06:51:05.643+0000][69][info ][safepoint   ] Safepoint "G1PauseRemark", Time since last: 14516520 ns, Reaching safepoint: 4933 ns, Cleanup: 12625 ns, At safepoint: 7157391 ns, Total: 7174949 ns
[2025-05-24T06:51:05.644+0000][69][info ][gc,marking  ] GC(7) Concurrent Mark 16.928ms
[2025-05-24T06:51:05.644+0000][69][info ][gc,marking  ] GC(7) Concurrent Rebuild Remembered Sets and Scrub Regions
[2025-05-24T06:51:05.646+0000][69][info ][gc,marking  ] GC(7) Concurrent Rebuild Remembered Sets and Scrub Regions 2.007ms
[2025-05-24T06:51:05.647+0000][69][info ][gc,start    ] GC(7) Pause Cleanup
[2025-05-24T06:51:05.648+0000][69][info ][gc          ] GC(7) Pause Cleanup 44M->44M(3880M) 1.545ms
[2025-05-24T06:51:05.648+0000][69][info ][gc,cpu      ] GC(7) User=0.00s Sys=0.00s Real=0.00s
[2025-05-24T06:51:05.649+0000][69][info ][safepoint   ] Safepoint "G1PauseCleanup", Time since last: 3115218 ns, Reaching safepoint: 4609 ns, Cleanup: 16851 ns, At safepoint: 2216958 ns, Total: 2238418 ns
[2025-05-24T06:51:05.650+0000][69][info ][gc,marking  ] GC(7) Concurrent Clear Claimed Marks
[2025-05-24T06:51:05.651+0000][69][info ][gc,marking  ] GC(7) Concurrent Clear Claimed Marks 0.825ms
[2025-05-24T06:51:05.651+0000][69][info ][gc,marking  ] GC(7) Concurrent Cleanup for Next Mark
[2025-05-24T06:51:05.654+0000][69][info ][gc,marking  ] GC(7) Concurrent Cleanup for Next Mark 2.416ms
[2025-05-24T06:51:05.654+0000][69][info ][gc          ] GC(7) Concurrent Mark Cycle 32.821ms
[2025-05-24T06:51:07.556+0000][69][info ][safepoint   ] Safepoint "Cleanup", Time since last: 1907166336 ns, Reaching safepoint: 133354 ns, Cleanup: 86095 ns, At safepoint: 33688 ns, Total: 253137 ns
[2025-05-24T06:51:08.742+0000][69][info ][safepoint   ] Safepoint "ICBufferFull", Time since last: 1185521941 ns, Reaching safepoint: 128965 ns, Cleanup: 112164 ns, At safepoint: 22518 ns, Total: 263647 ns
[2025-05-24T06:51:10.693+0000][69][info ][safepoint   ] Safepoint "Cleanup", Time since last: 1950542413 ns, Reaching safepoint: 6309 ns, Cleanup: 58090 ns, At safepoint: 7822 ns, Total: 72221 ns
[2025-05-24T06:51:13.803+0000][69][info ][safepoint   ] Safepoint "Cleanup", Time since last: 1697290573 ns, Reaching safepoint: 1412416413 ns, Cleanup: 179878 ns, At safepoint: 84719 ns, Total: 1412681010 ns
[2025-05-24T06:51:15.301+0000][69][info ][safepoint   ] Safepoint "Cleanup", Time since last: 1498402809 ns, Reaching safepoint: 185030 ns, Cleanup: 69965 ns, At safepoint: 30212 ns, Total: 285207 ns
[2025-05-24T06:51:16.526+0000][69][info ][safepoint   ] Safepoint "Cleanup", Time since last: 1224050552 ns, Reaching safepoint: 92749 ns, Cleanup: 114834 ns, At safepoint: 23227 ns, Total: 230810 ns
[2025-05-24T06:51:17.130+0000][69][info ][gc,start    ] GC(8) Pause Young (Concurrent Start) (Metadata GC Threshold)
[2025-05-24T06:51:17.130+0000][69][info ][gc,task     ] GC(8) Using 10 workers of 10 for evacuation
[2025-05-24T06:51:17.131+0000][69][debug][gc,age      ] GC(8) Desired survivor size 58720256 bytes, new threshold 15 (max threshold 15)
[2025-05-24T06:51:17.151+0000][69][info ][gc,phases   ] GC(8)   Pre Evacuate Collection Set: 0.52ms
[2025-05-24T06:51:17.151+0000][69][info ][gc,phases   ] GC(8)   Merge Heap Roots: 0.22ms
[2025-05-24T06:51:17.151+0000][69][info ][gc,phases   ] GC(8)   Evacuate Collection Set: 15.72ms
[2025-05-24T06:51:17.152+0000][69][info ][gc,phases   ] GC(8)   Post Evacuate Collection Set: 3.20ms
[2025-05-24T06:51:17.152+0000][69][info ][gc,phases   ] GC(8)   Other: 0.82ms
[2025-05-24T06:51:17.152+0000][69][trace][gc,age      ] GC(8) Age table with threshold 15 (max threshold 15)
[2025-05-24T06:51:17.153+0000][69][trace][gc,age      ] GC(8) - age   1:   21219008 bytes,   21219008 total
[2025-05-24T06:51:17.154+0000][69][trace][gc,age      ] GC(8) - age   2:   14309320 bytes,   35528328 total
[2025-05-24T06:51:17.154+0000][69][trace][gc,age      ] GC(8) - age   3:    6635264 bytes,   42163592 total
[2025-05-24T06:51:17.155+0000][69][trace][gc,age      ] GC(8) - age   4:    3715632 bytes,   45879224 total
[2025-05-24T06:51:17.155+0000][69][trace][gc,age      ] GC(8) - age   5:    4680600 bytes,   50559824 total
[2025-05-24T06:51:17.156+0000][69][info ][gc,heap     ] GC(8) Eden regions: 207->0(197)
[2025-05-24T06:51:17.157+0000][69][info ][gc,heap     ] GC(8) Survivor regions: 8->13(28)
[2025-05-24T06:51:17.157+0000][69][info ][gc,heap     ] GC(8) Old regions: 3->3
[2025-05-24T06:51:17.157+0000][69][info ][gc,heap     ] GC(8) Humongous regions: 0->0
[2025-05-24T06:51:17.158+0000][69][info ][gc,metaspace] GC(8) Metaspace: 99042K(100928K)->99042K(100928K) NonClass: 85916K(87040K)->85916K(87040K) Class: 13125K(13888K)->13125K(13888K)
[2025-05-24T06:51:17.158+0000][69][info ][gc          ] GC(8) Pause Young (Concurrent Start) (Metadata GC Threshold) 866M->62M(3880M) 28.579ms
[2025-05-24T06:51:17.158+0000][69][info ][gc,cpu      ] GC(8) User=0.15s Sys=0.00s Real=0.03s
[2025-05-24T06:51:17.158+0000][69][info ][gc          ] GC(9) Concurrent Mark Cycle
[2025-05-24T06:51:17.159+0000][69][info ][gc,marking  ] GC(9) Concurrent Scan Root Regions
[2025-05-24T06:51:17.159+0000][69][info ][safepoint   ] Safepoint "CollectForMetadataAllocation", Time since last: 603895911 ns, Reaching safepoint: 4740 ns, Cleanup: 72509 ns, At safepoint: 29255124 ns, Total: 29332373 ns
[2025-05-24T06:51:17.168+0000][69][info ][gc,marking  ] GC(9) Concurrent Scan Root Regions 9.286ms
[2025-05-24T06:51:17.169+0000][69][info ][gc,marking  ] GC(9) Concurrent Mark
[2025-05-24T06:51:17.169+0000][69][info ][gc,marking  ] GC(9) Concurrent Mark From Roots
[2025-05-24T06:51:17.169+0000][69][info ][gc,task     ] GC(9) Using 3 workers of 3 for marking
[2025-05-24T06:51:17.176+0000][69][info ][gc,marking  ] GC(9) Concurrent Mark From Roots 6.692ms
[2025-05-24T06:51:17.177+0000][69][info ][gc,marking  ] GC(9) Concurrent Preclean
[2025-05-24T06:51:17.178+0000][69][info ][gc,marking  ] GC(9) Concurrent Preclean 0.543ms
[2025-05-24T06:51:17.179+0000][69][info ][gc,start    ] GC(9) Pause Remark
[2025-05-24T06:51:17.184+0000][69][info ][gc          ] GC(9) Pause Remark 70M->70M(3880M) 4.770ms
[2025-05-24T06:51:17.185+0000][69][info ][gc,cpu      ] GC(9) User=0.01s Sys=0.00s Real=0.01s
[2025-05-24T06:51:17.186+0000][69][info ][safepoint   ] Safepoint "G1PauseRemark", Time since last: 19466727 ns, Reaching safepoint: 664309 ns, Cleanup: 11462 ns, At safepoint: 6658805 ns, Total: 7334576 ns
[2025-05-24T06:51:17.186+0000][69][info ][gc,marking  ] GC(9) Concurrent Mark 17.206ms
[2025-05-24T06:51:17.186+0000][69][info ][gc,marking  ] GC(9) Concurrent Rebuild Remembered Sets and Scrub Regions
[2025-05-24T06:51:17.188+0000][69][info ][gc,marking  ] GC(9) Concurrent Rebuild Remembered Sets and Scrub Regions 1.880ms
[2025-05-24T06:51:17.190+0000][69][info ][gc,start    ] GC(9) Pause Cleanup
[2025-05-24T06:51:17.191+0000][69][info ][gc          ] GC(9) Pause Cleanup 70M->70M(3880M) 0.943ms
[2025-05-24T06:51:17.191+0000][69][info ][gc,cpu      ] GC(9) User=0.01s Sys=0.00s Real=0.00s
[2025-05-24T06:51:17.192+0000][69][info ][safepoint   ] Safepoint "G1PauseCleanup", Time since last: 4128037 ns, Reaching safepoint: 90244 ns, Cleanup: 16393 ns, At safepoint: 2144118 ns, Total: 2250755 ns
[2025-05-24T06:51:17.193+0000][69][info ][gc,marking  ] GC(9) Concurrent Clear Claimed Marks
[2025-05-24T06:51:17.193+0000][69][info ][gc,marking  ] GC(9) Concurrent Clear Claimed Marks 0.678ms
[2025-05-24T06:51:17.194+0000][69][info ][gc,marking  ] GC(9) Concurrent Cleanup for Next Mark
[2025-05-24T06:51:17.198+0000][69][info ][gc,marking  ] GC(9) Concurrent Cleanup for Next Mark 4.356ms
[2025-05-24T06:51:17.198+0000][69][info ][gc          ] GC(9) Concurrent Mark Cycle 39.999ms
[2025-05-24T06:51:18.449+0000][69][info ][safepoint   ] Safepoint "Cleanup", Time since last: 1257272775 ns, Reaching safepoint: 6861 ns, Cleanup: 87147 ns, At safepoint: 7504 ns, Total: 101512 ns
[2025-05-24T06:51:19.455+0000][69][info ][safepoint   ] Safepoint "Cleanup", Time since last: 1005661530 ns, Reaching safepoint: 5520 ns, Cleanup: 53557 ns, At safepoint: 8902 ns, Total: 67979 ns
[2025-05-24T06:51:20.352+0000][69][info ][safepoint   ] Safepoint "ICBufferFull", Time since last: 897070161 ns, Reaching safepoint: 9582 ns, Cleanup: 222975 ns, At safepoint: 82446 ns, Total: 315003 ns
[2025-05-24T06:51:20.534+0000][69][info ][safepoint   ] Safepoint "ICBufferFull", Time since last: 181493760 ns, Reaching safepoint: 6571 ns, Cleanup: 135488 ns, At safepoint: 64453 ns, Total: 206512 ns
[2025-05-24T06:51:20.642+0000][69][info ][safepoint   ] Safepoint "ICBufferFull", Time since last: 107407291 ns, Reaching safepoint: 4593 ns, Cleanup: 63077 ns, At safepoint: 5597 ns, Total: 73267 ns
[2025-05-24T06:51:20.852+0000][69][info ][safepoint   ] Safepoint "ICBufferFull", Time since last: 210179384 ns, Reaching safepoint: 6638 ns, Cleanup: 94408 ns, At safepoint: 8324 ns, Total: 109370 ns
[2025-05-24T06:51:21.401+0000][69][info ][safepoint   ] Safepoint "ICBufferFull", Time since last: 549358880 ns, Reaching safepoint: 6693 ns, Cleanup: 105760 ns, At safepoint: 24405 ns, Total: 136858 ns
[2025-05-24T06:51:21.757+0000][69][info ][safepoint   ] Safepoint "ICBufferFull", Time since last: 355530364 ns, Reaching safepoint: 10048 ns, Cleanup: 98873 ns, At safepoint: 17669 ns, Total: 126590 ns
[2025-05-24T06:51:22.128+0000][69][info ][safepoint   ] Safepoint "ICBufferFull", Time since last: 371280706 ns, Reaching safepoint: 10969 ns, Cleanup: 93122 ns, At safepoint: 7335 ns, Total: 111426 ns
[2025-05-24T06:51:22.643+0000][69][info ][safepoint   ] Safepoint "ICBufferFull", Time since last: 514587759 ns, Reaching safepoint: 6409 ns, Cleanup: 196627 ns, At safepoint: 29204 ns, Total: 232240 ns
[2025-05-24T06:51:23.071+0000][69][info ][safepoint   ] Safepoint "ICBufferFull", Time since last: 427959173 ns, Reaching safepoint: 10612 ns, Cleanup: 87186 ns, At safepoint: 6453 ns, Total: 104251 ns
[2025-05-24T06:51:24.807+0000][69][info ][safepoint   ] Safepoint "Cleanup", Time since last: 1735886872 ns, Reaching safepoint: 84749 ns, Cleanup: 120868 ns, At safepoint: 32837 ns, Total: 238454 ns
[2025-05-24T06:51:25.809+0000][69][info ][safepoint   ] Safepoint "Cleanup", Time since last: 1001734887 ns, Reaching safepoint: 12492 ns, Cleanup: 59604 ns, At safepoint: 7599 ns, Total: 79695 ns
[2025-05-24T06:51:27.810+0000][69][info ][safepoint   ] Safepoint "Cleanup", Time since last: 2000804516 ns, Reaching safepoint: 17261 ns, Cleanup: 12444 ns, At safepoint: 6343 ns, Total: 36048 ns
[2025-05-24T06:51:28.813+0000][69][info ][safepoint   ] Safepoint "Cleanup", Time since last: 1002706013 ns, Reaching safepoint: 21116 ns, Cleanup: 13952 ns, At safepoint: 7470 ns, Total: 42538 ns
[2025-05-24T06:51:29.813+0000][69][info ][safepoint   ] Safepoint "Cleanup", Time since last: 1000429742 ns, Reaching safepoint: 18457 ns, Cleanup: 17771 ns, At safepoint: 8028 ns, Total: 44256 ns
[2025-05-24T06:51:30.814+0000][69][info ][safepoint   ] Safepoint "Cleanup", Time since last: 1000562668 ns, Reaching safepoint: 38208 ns, Cleanup: 19963 ns, At safepoint: 7478 ns, Total: 65649 ns
[2025-05-24T06:51:32.562+0000][69][info ][safepoint   ] Safepoint "Cleanup", Time since last: 1748484857 ns, Reaching safepoint: 23633 ns, Cleanup: 41253 ns, At safepoint: 8369 ns, Total: 73255 ns
[2025-05-24T06:51:33.566+0000][69][info ][safepoint   ] Safepoint "Cleanup", Time since last: 1003177310 ns, Reaching safepoint: 46929 ns, Cleanup: 14836 ns, At safepoint: 8207 ns, Total: 69972 ns
[2025-05-24T06:51:35.563+0000][69][info ][safepoint   ] Safepoint "Cleanup", Time since last: 2000954597 ns, Reaching safepoint: 16769 ns, Cleanup: 15521 ns, At safepoint: 8866 ns, Total: 41156 ns
[2025-05-24T06:51:37.566+0000][69][info ][safepoint   ] Safepoint "Cleanup", Time since last: 2002748596 ns, Reaching safepoint: 12058 ns, Cleanup: 17125 ns, At safepoint: 7323 ns, Total: 36506 ns
[2025-05-24T06:51:38.568+0000][69][info ][safepoint   ] Safepoint "Cleanup", Time since last: 1002021221 ns, Reaching safepoint: 11463 ns, Cleanup: 28672 ns, At safepoint: 7575 ns, Total: 47710 ns
[2025-05-24T06:51:39.569+0000][69][info ][safepoint   ] Safepoint "Cleanup", Time since last: 1000453653 ns, Reaching safepoint: 12572 ns, Cleanup: 12962 ns, At safepoint: 8047 ns, Total: 33581 ns
[2025-05-24T06:51:39.864+0000][69][info ][safepoint   ] Safepoint "ICBufferFull", Time since last: 295000849 ns, Reaching safepoint: 155042 ns, Cleanup: 171374 ns, At safepoint: 212699 ns, Total: 539115 ns
[2025-05-24T06:51:39.870+0000][69][info ][safepoint   ] Safepoint "ICBufferFull", Time since last: 5671758 ns, Reaching safepoint: 99574 ns, Cleanup: 12219 ns, At safepoint: 81108 ns, Total: 192901 ns
[2025-05-24T06:51:40.055+0000][69][info ][safepoint   ] Safepoint "ICBufferFull", Time since last: 184322093 ns, Reaching safepoint: 102899 ns, Cleanup: 89708 ns, At safepoint: 84300 ns, Total: 276907 ns
[2025-05-24T06:51:40.056+0000][69][info ][safepoint   ] Safepoint "ICBufferFull", Time since last: 1736444 ns, Reaching safepoint: 14152 ns, Cleanup: 6952 ns, At safepoint: 41701 ns, Total: 62805 ns
[2025-05-24T06:51:40.847+0000][69][info ][safepoint   ] Safepoint "ICBufferFull", Time since last: 789910721 ns, Reaching safepoint: 302701 ns, Cleanup: 134736 ns, At safepoint: 82327 ns, Total: 519764 ns
[2025-05-24T06:51:41.287+0000][69][info ][safepoint   ] Safepoint "ICBufferFull", Time since last: 440389698 ns, Reaching safepoint: 11107 ns, Cleanup: 91089 ns, At safepoint: 6543 ns, Total: 108739 ns
[2025-05-24T06:51:42.190+0000][69][info ][safepoint   ] Safepoint "ICBufferFull", Time since last: 902462959 ns, Reaching safepoint: 18483 ns, Cleanup: 112976 ns, At safepoint: 63404 ns, Total: 194863 ns
[2025-05-24T06:51:42.192+0000][69][info ][safepoint   ] Safepoint "ICBufferFull", Time since last: 1661968 ns, Reaching safepoint: 106345 ns, Cleanup: 9049 ns, At safepoint: 73111 ns, Total: 188505 ns
[2025-05-24T06:51:42.351+0000][69][info ][safepoint   ] Safepoint "ICBufferFull", Time since last: 158278845 ns, Reaching safepoint: 26955 ns, Cleanup: 151438 ns, At safepoint: 193551 ns, Total: 371944 ns
[2025-05-24T06:51:42.489+0000][69][info ][safepoint   ] Safepoint "ICBufferFull", Time since last: 138296152 ns, Reaching safepoint: 18847 ns, Cleanup: 108412 ns, At safepoint: 66203 ns, Total: 193462 ns
[2025-05-24T06:51:42.576+0000][69][info ][gc,start    ] GC(10) Pause Young (Normal) (G1 Evacuation Pause)
[2025-05-24T06:51:42.577+0000][69][info ][gc,task     ] GC(10) Using 10 workers of 10 for evacuation
[2025-05-24T06:51:42.579+0000][69][debug][gc,age      ] GC(10) Desired survivor size 56623104 bytes, new threshold 15 (max threshold 15)
[2025-05-24T06:51:42.617+0000][69][info ][gc,phases   ] GC(10)   Pre Evacuate Collection Set: 0.42ms
[2025-05-24T06:51:42.618+0000][69][info ][gc,phases   ] GC(10)   Merge Heap Roots: 0.16ms
[2025-05-24T06:51:42.620+0000][69][info ][gc,phases   ] GC(10)   Evacuate Collection Set: 32.04ms
[2025-05-24T06:51:42.620+0000][69][info ][gc,phases   ] GC(10)   Post Evacuate Collection Set: 4.54ms
[2025-05-24T06:51:42.621+0000][69][info ][gc,phases   ] GC(10)   Other: 3.03ms
[2025-05-24T06:51:42.622+0000][69][trace][gc,age      ] GC(10) Age table with threshold 15 (max threshold 15)
[2025-05-24T06:51:42.622+0000][69][trace][gc,age      ] GC(10) - age   1:   43903480 bytes,   43903480 total
[2025-05-24T06:51:42.623+0000][69][trace][gc,age      ] GC(10) - age   2:   20138776 bytes,   64042256 total
[2025-05-24T06:51:42.623+0000][69][trace][gc,age      ] GC(10) - age   3:   14273632 bytes,   78315888 total
[2025-05-24T06:51:42.623+0000][69][trace][gc,age      ] GC(10) - age   4:    6630184 bytes,   84946072 total
[2025-05-24T06:51:42.625+0000][69][trace][gc,age      ] GC(10) - age   5:    3714224 bytes,   88660296 total
[2025-05-24T06:51:42.625+0000][69][trace][gc,age      ] GC(10) - age   6:    4671544 bytes,   93331840 total
[2025-05-24T06:51:42.625+0000][69][info ][gc,heap     ] GC(10) Eden regions: 197->0(88)
[2025-05-24T06:51:42.626+0000][69][info ][gc,heap     ] GC(10) Survivor regions: 13->26(27)
[2025-05-24T06:51:42.626+0000][69][info ][gc,heap     ] GC(10) Old regions: 3->3
[2025-05-24T06:51:42.628+0000][69][info ][gc,heap     ] GC(10) Humongous regions: 0->0
[2025-05-24T06:51:42.629+0000][69][info ][gc,metaspace] GC(10) Metaspace: 136326K(140096K)->136326K(140096K) NonClass: 117123K(119168K)->117123K(119168K) Class: 19203K(20928K)->19203K(20928K)
[2025-05-24T06:51:42.629+0000][69][info ][gc          ] GC(10) Pause Young (Normal) (G1 Evacuation Pause) 850M->111M(3880M) 53.151ms
[2025-05-24T06:51:42.630+0000][69][info ][gc,cpu      ] GC(10) User=0.34s Sys=0.00s Real=0.06s
[2025-05-24T06:51:42.631+0000][69][info ][safepoint   ] Safepoint "G1CollectForAllocation", Time since last: 86746713 ns, Reaching safepoint: 17723 ns, Cleanup: 28609 ns, At safepoint: 54785539 ns, Total: 54831871 ns
[2025-05-24T06:51:42.866+0000][69][info ][safepoint   ] Safepoint "ICBufferFull", Time since last: 235715497 ns, Reaching safepoint: 14448 ns, Cleanup: 89805 ns, At safepoint: 23794 ns, Total: 128047 ns
[2025-05-24T06:51:43.219+0000][69][info ][safepoint   ] Safepoint "ICBufferFull", Time since last: 352110697 ns, Reaching safepoint: 26693 ns, Cleanup: 217565 ns, At safepoint: 71805 ns, Total: 316063 ns
[2025-05-24T06:51:45.108+0000][69][info ][safepoint   ] Safepoint "Cleanup", Time since last: 1888988941 ns, Reaching safepoint: 15791 ns, Cleanup: 107628 ns, At safepoint: 9332 ns, Total: 132751 ns
[2025-05-24T06:51:45.895+0000][69][info ][safepoint   ] Safepoint "ICBufferFull", Time since last: 786811846 ns, Reaching safepoint: 32224 ns, Cleanup: 157364 ns, At safepoint: 119097 ns, Total: 308685 ns
[2025-05-24T06:51:47.110+0000][69][info ][safepoint   ] Safepoint "ICBufferFull", Time since last: 1214961426 ns, Reaching safepoint: 29674 ns, Cleanup: 96950 ns, At safepoint: 6545 ns, Total: 133169 ns
[2025-05-24T06:51:48.119+0000][69][info ][safepoint   ] Safepoint "Cleanup", Time since last: 1008956545 ns, Reaching safepoint: 16239 ns, Cleanup: 25757 ns, At safepoint: 8253 ns, Total: 50249 ns
[2025-05-24T06:51:49.123+0000][69][info ][safepoint   ] Safepoint "Cleanup", Time since last: 1003856494 ns, Reaching safepoint: 10119 ns, Cleanup: 8706 ns, At safepoint: 25466 ns, Total: 44291 ns
[2025-05-24T06:51:50.122+0000][69][info ][gc,start    ] GC(11) Pause Young (Normal) (G1 Evacuation Pause)
[2025-05-24T06:51:50.130+0000][69][info ][gc,task     ] GC(11) Using 10 workers of 10 for evacuation
[2025-05-24T06:51:50.130+0000][69][debug][gc,age      ] GC(11) Desired survivor size 31457280 bytes, new threshold 1 (max threshold 15)
[2025-05-24T06:51:54.840+0000][69][info ][gc,mmu      ] GC(11) MMU target violated: 201.0ms (200.0ms/201.0ms)
[2025-05-24T06:51:54.841+0000][69][info ][gc,phases   ] GC(11)   Pre Evacuate Collection Set: 0.40ms
[2025-05-24T06:51:54.842+0000][69][info ][gc,phases   ] GC(11)   Merge Heap Roots: 0.14ms
[2025-05-24T06:51:54.842+0000][69][info ][gc,phases   ] GC(11)   Evacuate Collection Set: 4706.88ms
[2025-05-24T06:51:54.842+0000][69][info ][gc,phases   ] GC(11)   Post Evacuate Collection Set: 1.89ms
[2025-05-24T06:51:54.844+0000][69][info ][gc,phases   ] GC(11)   Other: 2.18ms
[2025-05-24T06:51:54.844+0000][69][trace][gc,age      ] GC(11) Age table with threshold 1 (max threshold 15)
[2025-05-24T06:51:54.845+0000][69][trace][gc,age      ] GC(11) - age   1:    1866168 bytes,    1866168 total
[2025-05-24T06:51:54.845+0000][69][info ][gc,heap     ] GC(11) Eden regions: 88->0(45)
[2025-05-24T06:51:54.845+0000][69][info ][gc,heap     ] GC(11) Survivor regions: 26->3(15)
[2025-05-24T06:51:54.845+0000][69][info ][gc,heap     ] GC(11) Old regions: 3->26
[2025-05-24T06:51:54.845+0000][69][info ][gc,heap     ] GC(11) Humongous regions: 0->0
[2025-05-24T06:51:54.846+0000][69][info ][gc,metaspace] GC(11) Metaspace: 137938K(141632K)->137938K(141632K) NonClass: 118591K(120576K)->118591K(120576K) Class: 19347K(21056K)->19347K(21056K)
[2025-05-24T06:51:54.846+0000][69][info ][gc          ] GC(11) Pause Young (Normal) (G1 Evacuation Pause) 463M->112M(3880M) 4723.520ms
[2025-05-24T06:51:54.846+0000][69][info ][gc,cpu      ] GC(11) User=0.92s Sys=0.00s Real=4.72s
[2025-05-24T06:51:54.847+0000][69][info ][safepoint   ] Safepoint "G1CollectForAllocation", Time since last: 999023773 ns, Reaching safepoint: 24499 ns, Cleanup: 83127 ns, At safepoint: 4724641356 ns, Total: 4724748982 ns
[2025-05-24T06:51:55.848+0000][69][info ][safepoint   ] Safepoint "Cleanup", Time since last: 1000693815 ns, Reaching safepoint: 198505 ns, Cleanup: 82526 ns, At safepoint: 46800 ns, Total: 327831 ns
[2025-05-24T06:51:56.863+0000][69][info ][safepoint   ] Safepoint "Cleanup", Time since last: 1014700692 ns, Reaching safepoint: 15417 ns, Cleanup: 24188 ns, At safepoint: 7935 ns, Total: 47540 ns
[2025-05-24T06:51:57.882+0000][69][info ][safepoint   ] Safepoint "Cleanup", Time since last: 1018897486 ns, Reaching safepoint: 16304 ns, Cleanup: 25248 ns, At safepoint: 70638 ns, Total: 112190 ns
[2025-05-24T06:51:58.882+0000][69][info ][safepoint   ] Safepoint "Cleanup", Time since last: 1000480071 ns, Reaching safepoint: 15342 ns, Cleanup: 19835 ns, At safepoint: 8398 ns, Total: 43575 ns
[2025-05-24T06:51:59.883+0000][69][info ][safepoint   ] Safepoint "Cleanup", Time since last: 1000815503 ns, Reaching safepoint: 16348 ns, Cleanup: 22702 ns, At safepoint: 7753 ns, Total: 46803 ns
[2025-05-24T06:52:00.884+0000][69][info ][safepoint   ] Safepoint "Cleanup", Time since last: 1001124402 ns, Reaching safepoint: 15581 ns, Cleanup: 31390 ns, At safepoint: 7736 ns, Total: 54707 ns
[2025-05-24T06:52:01.886+0000][69][info ][safepoint   ] Safepoint "Cleanup", Time since last: 1001241130 ns, Reaching safepoint: 42589 ns, Cleanup: 35135 ns, At safepoint: 23225 ns, Total: 100949 ns
[2025-05-24T06:52:02.886+0000][69][info ][safepoint   ] Safepoint "Cleanup", Time since last: 1000533485 ns, Reaching safepoint: 15284 ns, Cleanup: 20876 ns, At safepoint: 7155 ns, Total: 43315 ns
[2025-05-24T06:52:04.887+0000][69][info ][safepoint   ] Safepoint "Cleanup", Time since last: 2000393909 ns, Reaching safepoint: 15005 ns, Cleanup: 22369 ns, At safepoint: 6674 ns, Total: 44048 ns
[2025-05-24T06:52:05.885+0000][69][info ][safepoint   ] Safepoint "Cleanup", Time since last: 1000500416 ns, Reaching safepoint: 14577 ns, Cleanup: 22419 ns, At safepoint: 7416 ns, Total: 44412 ns
[2025-05-24T06:52:06.886+0000][69][info ][safepoint   ] Safepoint "Cleanup", Time since last: 1001124899 ns, Reaching safepoint: 16453 ns, Cleanup: 34612 ns, At safepoint: 8524 ns, Total: 59589 ns
[2025-05-24T06:52:08.866+0000][69][info ][safepoint   ] Safepoint "Cleanup", Time since last: 1979941683 ns, Reaching safepoint: 5816 ns, Cleanup: 129579 ns, At safepoint: 12728 ns, Total: 148123 ns
[2025-05-24T06:52:09.875+0000][69][info ][safepoint   ] Safepoint "Cleanup", Time since last: 1008444104 ns, Reaching safepoint: 14958 ns, Cleanup: 27767 ns, At safepoint: 7640 ns, Total: 50365 ns
[2025-05-24T06:52:10.876+0000][69][info ][safepoint   ] Safepoint "Cleanup", Time since last: 1001157900 ns, Reaching safepoint: 14643 ns, Cleanup: 29610 ns, At safepoint: 7809 ns, Total: 52062 ns
[2025-05-24T06:52:11.877+0000][69][info ][safepoint   ] Safepoint "Cleanup", Time since last: 1001107298 ns, Reaching safepoint: 15309 ns, Cleanup: 13795 ns, At safepoint: 7966 ns, Total: 37070 ns
[2025-05-24T06:52:12.878+0000][69][info ][safepoint   ] Safepoint "Cleanup", Time since last: 1000632374 ns, Reaching safepoint: 103742 ns, Cleanup: 20888 ns, At safepoint: 43654 ns, Total: 168284 ns
[2025-05-24T06:52:13.880+0000][69][info ][safepoint   ] Safepoint "Cleanup", Time since last: 1002407371 ns, Reaching safepoint: 5072 ns, Cleanup: 33390 ns, At safepoint: 2734 ns, Total: 41196 ns
[2025-05-24T06:52:14.888+0000][69][info ][safepoint   ] Safepoint "Cleanup", Time since last: 1007818537 ns, Reaching safepoint: 13804 ns, Cleanup: 40352 ns, At safepoint: 7016 ns, Total: 61172 ns
[2025-05-24T06:52:15.890+0000][69][info ][safepoint   ] Safepoint "Cleanup", Time since last: 1001486667 ns, Reaching safepoint: 5571 ns, Cleanup: 28430 ns, At safepoint: 3074 ns, Total: 37075 ns
[2025-05-24T06:52:16.904+0000][69][info ][safepoint   ] Safepoint "Cleanup", Time since last: 1014019043 ns, Reaching safepoint: 15625 ns, Cleanup: 28426 ns, At safepoint: 7687 ns, Total: 51738 ns
[2025-05-24T06:52:17.925+0000][69][info ][safepoint   ] Safepoint "Cleanup", Time since last: 1021266859 ns, Reaching safepoint: 36990 ns, Cleanup: 30272 ns, At safepoint: 8588 ns, Total: 75850 ns
[2025-05-24T06:52:19.927+0000][69][info ][safepoint   ] Safepoint "Cleanup", Time since last: 2002178508 ns, Reaching safepoint: 17022 ns, Cleanup: 23625 ns, At safepoint: 7876 ns, Total: 48523 ns
[2025-05-24T06:52:20.928+0000][69][info ][safepoint   ] Safepoint "Cleanup", Time since last: 1000381099 ns, Reaching safepoint: 15284 ns, Cleanup: 19849 ns, At safepoint: 8045 ns, Total: 43178 ns
[2025-05-24T06:52:22.929+0000][69][info ][safepoint   ] Safepoint "Cleanup", Time since last: 2000878767 ns, Reaching safepoint: 17890 ns, Cleanup: 20343 ns, At safepoint: 7748 ns, Total: 45981 ns
[2025-05-24T06:52:23.930+0000][69][info ][safepoint   ] Safepoint "Cleanup", Time since last: 1001566440 ns, Reaching safepoint: 16107 ns, Cleanup: 12347 ns, At safepoint: 7553 ns, Total: 36007 ns
[2025-05-24T06:52:24.931+0000][69][info ][safepoint   ] Safepoint "Cleanup", Time since last: 1001038865 ns, Reaching safepoint: 16052 ns, Cleanup: 23418 ns, At safepoint: 6997 ns, Total: 46467 ns
[2025-05-24T06:52:25.932+0000][69][info ][safepoint   ] Safepoint "Cleanup", Time since last: 1000632641 ns, Reaching safepoint: 16493 ns, Cleanup: 25751 ns, At safepoint: 7795 ns, Total: 50039 ns
[2025-05-24T06:52:27.934+0000][69][info ][safepoint   ] Safepoint "Cleanup", Time since last: 2001603012 ns, Reaching safepoint: 17201 ns, Cleanup: 19763 ns, At safepoint: 7659 ns, Total: 44623 ns
[2025-05-24T06:52:28.935+0000][69][info ][safepoint   ] Safepoint "Cleanup", Time since last: 1000996743 ns, Reaching safepoint: 15111 ns, Cleanup: 22097 ns, At safepoint: 8117 ns, Total: 45325 ns
[2025-05-24T06:52:29.935+0000][69][info ][safepoint   ] Safepoint "Cleanup", Time since last: 1000610806 ns, Reaching safepoint: 17211 ns, Cleanup: 15124 ns, At safepoint: 8882 ns, Total: 41217 ns
[2025-05-24T06:52:30.936+0000][69][info ][safepoint   ] Safepoint "Cleanup", Time since last: 1000527873 ns, Reaching safepoint: 17261 ns, Cleanup: 15030 ns, At safepoint: 8627 ns, Total: 40918 ns
[2025-05-24T06:52:32.596+0000][69][info ][safepoint   ] Safepoint "Cleanup", Time since last: 1659693402 ns, Reaching safepoint: 39605 ns, Cleanup: 49900 ns, At safepoint: 10860 ns, Total: 100365 ns
[2025-05-24T06:52:34.601+0000][69][info ][safepoint   ] Safepoint "Cleanup", Time since last: 2005060780 ns, Reaching safepoint: 15614 ns, Cleanup: 19003 ns, At safepoint: 8500 ns, Total: 43117 ns
[2025-05-24T06:52:35.599+0000][69][info ][safepoint   ] Safepoint "Cleanup", Time since last: 1000875918 ns, Reaching safepoint: 18901 ns, Cleanup: 25430 ns, At safepoint: 9084 ns, Total: 53415 ns
[2025-05-24T06:52:37.601+0000][69][info ][safepoint   ] Safepoint "Cleanup", Time since last: 2001788251 ns, Reaching safepoint: 83628 ns, Cleanup: 52253 ns, At safepoint: 17838 ns, Total: 153719 ns
[2025-05-24T06:52:40.151+0000][69][info ][safepoint   ] Safepoint "Cleanup", Time since last: 2550009038 ns, Reaching safepoint: 6224 ns, Cleanup: 38295 ns, At safepoint: 12170 ns, Total: 56689 ns
[2025-05-24T06:52:41.917+0000][69][info ][safepoint   ] Safepoint "Cleanup", Time since last: 1766370357 ns, Reaching safepoint: 29530 ns, Cleanup: 58557 ns, At safepoint: 17702 ns, Total: 105789 ns
[2025-05-24T06:52:42.918+0000][69][info ][safepoint   ] Safepoint "Cleanup", Time since last: 1000611262 ns, Reaching safepoint: 15304 ns, Cleanup: 81213 ns, At safepoint: 9600 ns, Total: 106117 ns
[2025-05-24T06:52:43.920+0000][69][info ][safepoint   ] Safepoint "Cleanup", Time since last: 1001346487 ns, Reaching safepoint: 5722 ns, Cleanup: 49741 ns, At safepoint: 14379 ns, Total: 69842 ns
[2025-05-24T06:52:44.934+0000][69][info ][safepoint   ] Safepoint "Cleanup", Time since last: 1013826753 ns, Reaching safepoint: 6001 ns, Cleanup: 81420 ns, At safepoint: 13238 ns, Total: 100659 ns
[2025-05-24T06:52:45.937+0000][69][info ][safepoint   ] Safepoint "Cleanup", Time since last: 1003647019 ns, Reaching safepoint: 18456 ns, Cleanup: 27215 ns, At safepoint: 88823 ns, Total: 134494 ns
[2025-05-24T06:52:46.938+0000][69][info ][safepoint   ] Safepoint "Cleanup", Time since last: 1000693571 ns, Reaching safepoint: 31863 ns, Cleanup: 23160 ns, At safepoint: 21623 ns, Total: 76646 ns
[2025-05-24T06:52:47.939+0000][69][info ][safepoint   ] Safepoint "Cleanup", Time since last: 1000692826 ns, Reaching safepoint: 42403 ns, Cleanup: 22357 ns, At safepoint: 24797 ns, Total: 89557 ns
[2025-05-24T06:52:49.941+0000][69][info ][safepoint   ] Safepoint "Cleanup", Time since last: 2001901872 ns, Reaching safepoint: 16104 ns, Cleanup: 35164 ns, At safepoint: 7312 ns, Total: 58580 ns
[2025-05-24T06:52:52.943+0000][69][info ][safepoint   ] Safepoint "Cleanup", Time since last: 3001918239 ns, Reaching safepoint: 17148 ns, Cleanup: 11154 ns, At safepoint: 7255 ns, Total: 35557 ns
[2025-05-24T06:52:54.944+0000][69][info ][safepoint   ] Safepoint "Cleanup", Time since last: 2001039750 ns, Reaching safepoint: 15134 ns, Cleanup: 19098 ns, At safepoint: 7812 ns, Total: 42044 ns
[2025-05-24T06:52:55.946+0000][69][info ][safepoint   ] Safepoint "Cleanup", Time since last: 1001676467 ns, Reaching safepoint: 96165 ns, Cleanup: 35589 ns, At safepoint: 18346 ns, Total: 150100 ns
[2025-05-24T06:52:56.947+0000][69][info ][safepoint   ] Safepoint "Cleanup", Time since last: 1001011387 ns, Reaching safepoint: 16408 ns, Cleanup: 13282 ns, At safepoint: 7044 ns, Total: 36734 ns
[2025-05-24T06:52:57.947+0000][69][info ][safepoint   ] Safepoint "Cleanup", Time since last: 1000570258 ns, Reaching safepoint: 17788 ns, Cleanup: 20142 ns, At safepoint: 8359 ns, Total: 46289 ns
[2025-05-24T06:52:58.949+0000][69][info ][safepoint   ] Safepoint "Cleanup", Time since last: 1001722139 ns, Reaching safepoint: 16684 ns, Cleanup: 21742 ns, At safepoint: 8366 ns, Total: 46792 ns
[2025-05-24T06:52:59.955+0000][69][info ][safepoint   ] Safepoint "Cleanup", Time since last: 1005843454 ns, Reaching safepoint: 15518 ns, Cleanup: 18286 ns, At safepoint: 8081 ns, Total: 41885 ns
[2025-05-24T06:53:00.959+0000][69][info ][safepoint   ] Safepoint "Cleanup", Time since last: 1004358991 ns, Reaching safepoint: 16351 ns, Cleanup: 18397 ns, At safepoint: 8693 ns, Total: 43441 ns
[2025-05-24T06:53:02.960+0000][69][info ][safepoint   ] Safepoint "Cleanup", Time since last: 2000729667 ns, Reaching safepoint: 18219 ns, Cleanup: 14394 ns, At safepoint: 7891 ns, Total: 40504 ns
[2025-05-24T06:53:04.962+0000][69][info ][safepoint   ] Safepoint "Cleanup", Time since last: 2001351540 ns, Reaching safepoint: 40108 ns, Cleanup: 16920 ns, At safepoint: 8928 ns, Total: 65956 ns
[2025-05-24T06:53:05.960+0000][69][info ][safepoint   ] Safepoint "Cleanup", Time since last: 1000888477 ns, Reaching safepoint: 14890 ns, Cleanup: 20603 ns, At safepoint: 8053 ns, Total: 43546 ns
[2025-05-24T06:53:07.961+0000][69][info ][safepoint   ] Safepoint "Cleanup", Time since last: 2001056309 ns, Reaching safepoint: 16044 ns, Cleanup: 54911 ns, At safepoint: 9980 ns, Total: 80935 ns
[2025-05-24T06:53:09.964+0000][69][info ][safepoint   ] Safepoint "Cleanup", Time since last: 2002580212 ns, Reaching safepoint: 15502 ns, Cleanup: 17114 ns, At safepoint: 7523 ns, Total: 40139 ns
[2025-05-24T06:53:10.965+0000][69][info ][safepoint   ] Safepoint "Cleanup", Time since last: 1000817370 ns, Reaching safepoint: 18552 ns, Cleanup: 18305 ns, At safepoint: 8508 ns, Total: 45365 ns
[2025-05-24T06:53:12.966+0000][69][info ][safepoint   ] Safepoint "Cleanup", Time since last: 2001520908 ns, Reaching safepoint: 14760 ns, Cleanup: 31764 ns, At safepoint: 7997 ns, Total: 54521 ns
[2025-05-24T06:53:13.967+0000][69][info ][safepoint   ] Safepoint "Cleanup", Time since last: 1000744191 ns, Reaching safepoint: 16457 ns, Cleanup: 23084 ns, At safepoint: 8854 ns, Total: 48395 ns
[2025-05-24T06:53:14.968+0000][69][info ][safepoint   ] Safepoint "Cleanup", Time since last: 1000567922 ns, Reaching safepoint: 16291 ns, Cleanup: 15738 ns, At safepoint: 8817 ns, Total: 40846 ns
[2025-05-24T06:53:15.969+0000][69][info ][safepoint   ] Safepoint "Cleanup", Time since last: 1000777830 ns, Reaching safepoint: 20136 ns, Cleanup: 14413 ns, At safepoint: 8759 ns, Total: 43308 ns
[2025-05-24T06:53:17.970+0000][69][info ][safepoint   ] Safepoint "Cleanup", Time since last: 2001114566 ns, Reaching safepoint: 23923 ns, Cleanup: 13061 ns, At safepoint: 8725 ns, Total: 45709 ns
[2025-05-24T06:53:19.971+0000][69][info ][safepoint   ] Safepoint "Cleanup", Time since last: 2001304720 ns, Reaching safepoint: 53112 ns, Cleanup: 20622 ns, At safepoint: 8745 ns, Total: 82479 ns
[2025-05-24T06:53:20.972+0000][69][info ][safepoint   ] Safepoint "Cleanup", Time since last: 1000962970 ns, Reaching safepoint: 22829 ns, Cleanup: 16379 ns, At safepoint: 10363 ns, Total: 49571 ns
[2025-05-24T06:53:22.973+0000][69][info ][safepoint   ] Safepoint "Cleanup", Time since last: 2000932799 ns, Reaching safepoint: 20828 ns, Cleanup: 19388 ns, At safepoint: 7665 ns, Total: 47881 ns
[2025-05-24T06:53:24.974+0000][69][info ][safepoint   ] Safepoint "Cleanup", Time since last: 2000805404 ns, Reaching safepoint: 18141 ns, Cleanup: 18483 ns, At safepoint: 8312 ns, Total: 44936 ns
[2025-05-24T06:53:25.975+0000][69][info ][safepoint   ] Safepoint "Cleanup", Time since last: 1000658828 ns, Reaching safepoint: 15925 ns, Cleanup: 35242 ns, At safepoint: 7941 ns, Total: 59108 ns
[2025-05-24T06:53:27.976+0000][69][info ][safepoint   ] Safepoint "Cleanup", Time since last: 2001085507 ns, Reaching safepoint: 18989 ns, Cleanup: 40342 ns, At safepoint: 11211 ns, Total: 70542 ns
[2025-05-24T06:53:28.977+0000][69][info ][safepoint   ] Safepoint "Cleanup", Time since last: 1000930028 ns, Reaching safepoint: 16253 ns, Cleanup: 15372 ns, At safepoint: 9402 ns, Total: 41027 ns
[2025-05-24T06:53:29.978+0000][69][info ][safepoint   ] Safepoint "Cleanup", Time since last: 1000704548 ns, Reaching safepoint: 18489 ns, Cleanup: 31823 ns, At safepoint: 9828 ns, Total: 60140 ns
[2025-05-24T06:53:30.978+0000][69][info ][safepoint   ] Safepoint "Cleanup", Time since last: 1000691702 ns, Reaching safepoint: 19008 ns, Cleanup: 19191 ns, At safepoint: 8386 ns, Total: 46585 ns
[2025-05-24T06:53:32.634+0000][69][info ][safepoint   ] Safepoint "Cleanup", Time since last: 1655403409 ns, Reaching safepoint: 20281 ns, Cleanup: 20899 ns, At safepoint: 9064 ns, Total: 50244 ns
[2025-05-24T06:53:34.635+0000][69][info ][safepoint   ] Safepoint "Cleanup", Time since last: 2001089035 ns, Reaching safepoint: 39321 ns, Cleanup: 12103 ns, At safepoint: 8147 ns, Total: 59571 ns
[2025-05-24T06:53:35.634+0000][69][info ][safepoint   ] Safepoint "Cleanup", Time since last: 1001996352 ns, Reaching safepoint: 15724 ns, Cleanup: 16916 ns, At safepoint: 7883 ns, Total: 40523 ns
[2025-05-24T06:53:37.636+0000][69][info ][safepoint   ] Safepoint "Cleanup", Time since last: 2001262607 ns, Reaching safepoint: 16428 ns, Cleanup: 18902 ns, At safepoint: 8117 ns, Total: 43447 ns
[2025-05-24T06:53:38.636+0000][69][info ][safepoint   ] Safepoint "Cleanup", Time since last: 1000728946 ns, Reaching safepoint: 17726 ns, Cleanup: 15762 ns, At safepoint: 8884 ns, Total: 42372 ns
[2025-05-24T06:53:39.637+0000][69][info ][safepoint   ] Safepoint "Cleanup", Time since last: 1000837356 ns, Reaching safepoint: 30232 ns, Cleanup: 18501 ns, At safepoint: 18702 ns, Total: 67435 ns
[2025-05-24T06:53:40.638+0000][69][info ][safepoint   ] Safepoint "Cleanup", Time since last: 1000901809 ns, Reaching safepoint: 16713 ns, Cleanup: 20643 ns, At safepoint: 7804 ns, Total: 45160 ns
[2025-05-24T06:53:42.640+0000][69][info ][safepoint   ] Safepoint "Cleanup", Time since last: 2001159204 ns, Reaching safepoint: 15849 ns, Cleanup: 31471 ns, At safepoint: 8449 ns, Total: 55769 ns
[2025-05-24T06:53:43.641+0000][69][info ][safepoint   ] Safepoint "Cleanup", Time since last: 1001143464 ns, Reaching safepoint: 16397 ns, Cleanup: 17313 ns, At safepoint: 7465 ns, Total: 41175 ns
[2025-05-24T06:53:44.642+0000][69][info ][safepoint   ] Safepoint "Cleanup", Time since last: 1000891375 ns, Reaching safepoint: 15284 ns, Cleanup: 13392 ns, At safepoint: 7945 ns, Total: 36621 ns
[2025-05-24T06:53:45.643+0000][69][info ][safepoint   ] Safepoint "Cleanup", Time since last: 1000935670 ns, Reaching safepoint: 14859 ns, Cleanup: 21343 ns, At safepoint: 7642 ns, Total: 43844 ns
[2025-05-24T06:53:46.961+0000][69][info ][safepoint   ] Safepoint "Cleanup", Time since last: 1317891516 ns, Reaching safepoint: 6179 ns, Cleanup: 38630 ns, At safepoint: 2997 ns, Total: 47806 ns
[2025-05-24T06:53:47.968+0000][69][info ][safepoint   ] Safepoint "Cleanup", Time since last: 1007570022 ns, Reaching safepoint: 14974 ns, Cleanup: 16255 ns, At safepoint: 7939 ns, Total: 39168 ns
[2025-05-24T06:53:49.969+0000][69][info ][safepoint   ] Safepoint "Cleanup", Time since last: 2000802157 ns, Reaching safepoint: 37292 ns, Cleanup: 15736 ns, At safepoint: 22385 ns, Total: 75413 ns
[2025-05-24T06:53:50.970+0000][69][info ][safepoint   ] Safepoint "Cleanup", Time since last: 1000436980 ns, Reaching safepoint: 17421 ns, Cleanup: 23743 ns, At safepoint: 7082 ns, Total: 48246 ns
[2025-05-24T06:53:55.971+0000][69][info ][safepoint   ] Safepoint "Cleanup", Time since last: 5001098586 ns, Reaching safepoint: 15916 ns, Cleanup: 25160 ns, At safepoint: 8495 ns, Total: 49571 ns
[2025-05-24T06:53:57.976+0000][69][info ][safepoint   ] Safepoint "Cleanup", Time since last: 2005529411 ns, Reaching safepoint: 20929 ns, Cleanup: 16489 ns, At safepoint: 8989 ns, Total: 46407 ns
[2025-05-24T06:53:58.977+0000][69][info ][safepoint   ] Safepoint "Cleanup", Time since last: 1000824943 ns, Reaching safepoint: 19291 ns, Cleanup: 24787 ns, At safepoint: 9707 ns, Total: 53785 ns
[2025-05-24T06:54:04.979+0000][69][info ][safepoint   ] Safepoint "Cleanup", Time since last: 6001394379 ns, Reaching safepoint: 52095 ns, Cleanup: 22579 ns, At safepoint: 8534 ns, Total: 83208 ns
[2025-05-24T06:54:05.977+0000][69][info ][safepoint   ] Safepoint "Cleanup", Time since last: 1000621241 ns, Reaching safepoint: 17143 ns, Cleanup: 16913 ns, At safepoint: 8972 ns, Total: 43028 ns
[2025-05-24T06:54:06.978+0000][69][info ][safepoint   ] Safepoint "Cleanup", Time since last: 1000944538 ns, Reaching safepoint: 17414 ns, Cleanup: 13819 ns, At safepoint: 9554 ns, Total: 40787 ns
[2025-05-24T06:54:07.979+0000][69][info ][safepoint   ] Safepoint "Cleanup", Time since last: 1000880848 ns, Reaching safepoint: 17943 ns, Cleanup: 22135 ns, At safepoint: 7373 ns, Total: 47451 ns
[2025-05-24T06:54:10.980+0000][69][info ][safepoint   ] Safepoint "Cleanup", Time since last: 3001647397 ns, Reaching safepoint: 16971 ns, Cleanup: 11623 ns, At safepoint: 7614 ns, Total: 36208 ns
[2025-05-24T06:54:12.982+0000][69][info ][safepoint   ] Safepoint "Cleanup", Time since last: 2001156736 ns, Reaching safepoint: 15628 ns, Cleanup: 16655 ns, At safepoint: 7967 ns, Total: 40250 ns
[2025-05-24T06:54:13.982+0000][69][info ][safepoint   ] Safepoint "Cleanup", Time since last: 1000809736 ns, Reaching safepoint: 16943 ns, Cleanup: 22003 ns, At safepoint: 9213 ns, Total: 48159 ns
[2025-05-24T06:54:15.983+0000][69][info ][safepoint   ] Safepoint "Cleanup", Time since last: 2000828031 ns, Reaching safepoint: 17986 ns, Cleanup: 15726 ns, At safepoint: 7575 ns, Total: 41287 ns
[2025-05-24T06:54:16.986+0000][69][info ][safepoint   ] Safepoint "Cleanup", Time since last: 1002575454 ns, Reaching safepoint: 18738 ns, Cleanup: 15348 ns, At safepoint: 9051 ns, Total: 43137 ns
[2025-05-24T06:54:17.987+0000][69][info ][safepoint   ] Safepoint "Cleanup", Time since last: 1000889814 ns, Reaching safepoint: 15957 ns, Cleanup: 13988 ns, At safepoint: 44266 ns, Total: 74211 ns
[2025-05-24T06:54:19.989+0000][69][info ][safepoint   ] Safepoint "Cleanup", Time since last: 2001871029 ns, Reaching safepoint: 28201 ns, Cleanup: 18804 ns, At safepoint: 9336 ns, Total: 56341 ns
[2025-05-24T06:54:20.989+0000][69][info ][safepoint   ] Safepoint "Cleanup", Time since last: 1000605949 ns, Reaching safepoint: 16506 ns, Cleanup: 14861 ns, At safepoint: 8069 ns, Total: 39436 ns
[2025-05-24T06:54:22.990+0000][69][info ][safepoint   ] Safepoint "Cleanup", Time since last: 2000692333 ns, Reaching safepoint: 25018 ns, Cleanup: 20470 ns, At safepoint: 8241 ns, Total: 53729 ns
[2025-05-24T06:54:24.991+0000][69][info ][safepoint   ] Safepoint "Cleanup", Time since last: 2000642334 ns, Reaching safepoint: 17182 ns, Cleanup: 15567 ns, At safepoint: 7638 ns, Total: 40387 ns
[2025-05-24T06:54:25.992+0000][69][info ][safepoint   ] Safepoint "Cleanup", Time since last: 1000691139 ns, Reaching safepoint: 16113 ns, Cleanup: 25499 ns, At safepoint: 7795 ns, Total: 49407 ns
[2025-05-24T06:54:26.993+0000][69][info ][safepoint   ] Safepoint "Cleanup", Time since last: 1000960399 ns, Reaching safepoint: 14314 ns, Cleanup: 11524 ns, At safepoint: 6690 ns, Total: 32528 ns
[2025-05-24T06:54:27.994+0000][69][info ][safepoint   ] Safepoint "Cleanup", Time since last: 1000906741 ns, Reaching safepoint: 17292 ns, Cleanup: 13685 ns, At safepoint: 8262 ns, Total: 39239 ns
[2025-05-24T06:54:30.995+0000][69][info ][safepoint   ] Safepoint "Cleanup", Time since last: 3001838326 ns, Reaching safepoint: 17963 ns, Cleanup: 16699 ns, At safepoint: 8744 ns, Total: 43406 ns
[2025-05-24T06:54:32.667+0000][69][info ][safepoint   ] Safepoint "Cleanup", Time since last: 1671095698 ns, Reaching safepoint: 32858 ns, Cleanup: 21822 ns, At safepoint: 19887 ns, Total: 74567 ns
[2025-05-24T06:54:34.667+0000][69][info ][safepoint   ] Safepoint "Cleanup", Time since last: 2000676923 ns, Reaching safepoint: 16128 ns, Cleanup: 12970 ns, At safepoint: 7281 ns, Total: 36379 ns
[2025-05-24T06:54:35.665+0000][69][info ][safepoint   ] Safepoint "Cleanup", Time since last: 1000434325 ns, Reaching safepoint: 42709 ns, Cleanup: 18012 ns, At safepoint: 8939 ns, Total: 69660 ns
[2025-05-24T06:54:36.666+0000][69][info ][safepoint   ] Safepoint "Cleanup", Time since last: 1000614588 ns, Reaching safepoint: 19710 ns, Cleanup: 15350 ns, At safepoint: 7776 ns, Total: 42836 ns
[2025-05-24T06:54:37.667+0000][69][info ][safepoint   ] Safepoint "Cleanup", Time since last: 1000831282 ns, Reaching safepoint: 17095 ns, Cleanup: 23235 ns, At safepoint: 8233 ns, Total: 48563 ns
[2025-05-24T06:54:39.669+0000][69][info ][safepoint   ] Safepoint "Cleanup", Time since last: 2002165994 ns, Reaching safepoint: 15731 ns, Cleanup: 23605 ns, At safepoint: 7710 ns, Total: 47046 ns
[2025-05-24T06:54:40.670+0000][69][info ][safepoint   ] Safepoint "Cleanup", Time since last: 1000918329 ns, Reaching safepoint: 17449 ns, Cleanup: 21086 ns, At safepoint: 7610 ns, Total: 46145 ns
[2025-05-24T06:54:42.671+0000][69][info ][safepoint   ] Safepoint "Cleanup", Time since last: 2001252554 ns, Reaching safepoint: 16898 ns, Cleanup: 31821 ns, At safepoint: 8130 ns, Total: 56849 ns
[2025-05-24T06:54:43.672+0000][69][info ][safepoint   ] Safepoint "Cleanup", Time since last: 1000813966 ns, Reaching safepoint: 18493 ns, Cleanup: 16447 ns, At safepoint: 8166 ns, Total: 43106 ns
[2025-05-24T06:54:45.674+0000][69][info ][safepoint   ] Safepoint "Cleanup", Time since last: 2002022279 ns, Reaching safepoint: 30302 ns, Cleanup: 27559 ns, At safepoint: 17822 ns, Total: 75683 ns
[2025-05-24T06:54:46.675+0000][69][info ][safepoint   ] Safepoint "Cleanup", Time since last: 1000882590 ns, Reaching safepoint: 15659 ns, Cleanup: 15953 ns, At safepoint: 7925 ns, Total: 39537 ns
[2025-05-24T06:54:47.676+0000][69][info ][safepoint   ] Safepoint "Cleanup", Time since last: 1000799346 ns, Reaching safepoint: 14867 ns, Cleanup: 22825 ns, At safepoint: 7316 ns, Total: 45008 ns
[2025-05-24T06:54:49.128+0000][69][info ][gc,start    ] GC(12) Pause Young (Normal) (G1 Evacuation Pause)
[2025-05-24T06:54:49.128+0000][69][info ][gc,task     ] GC(12) Using 10 workers of 10 for evacuation
[2025-05-24T06:54:49.129+0000][69][debug][gc,age      ] GC(12) Desired survivor size 12582912 bytes, new threshold 15 (max threshold 15)
[2025-05-24T06:54:49.137+0000][69][info ][gc,phases   ] GC(12)   Pre Evacuate Collection Set: 1.04ms
[2025-05-24T06:54:49.138+0000][69][info ][gc,phases   ] GC(12)   Merge Heap Roots: 0.47ms
[2025-05-24T06:54:49.140+0000][69][info ][gc,phases   ] GC(12)   Evacuate Collection Set: 4.47ms
[2025-05-24T06:54:49.142+0000][69][info ][gc,phases   ] GC(12)   Post Evacuate Collection Set: 1.40ms
[2025-05-24T06:54:49.144+0000][69][info ][gc,phases   ] GC(12)   Other: 0.98ms
[2025-05-24T06:54:49.144+0000][69][trace][gc,age      ] GC(12) Age table with threshold 15 (max threshold 15)
[2025-05-24T06:54:49.145+0000][69][trace][gc,age      ] GC(12) - age   1:    1950624 bytes,    1950624 total
[2025-05-24T06:54:49.145+0000][69][trace][gc,age      ] GC(12) - age   2:     749536 bytes,    2700160 total
[2025-05-24T06:54:49.146+0000][69][info ][gc,heap     ] GC(12) Eden regions: 45->0(46)
[2025-05-24T06:54:49.147+0000][69][info ][gc,heap     ] GC(12) Survivor regions: 3->2(6)
[2025-05-24T06:54:49.147+0000][69][info ][gc,heap     ] GC(12) Old regions: 26->26
[2025-05-24T06:54:49.148+0000][69][info ][gc,heap     ] GC(12) Humongous regions: 0->0
[2025-05-24T06:54:49.149+0000][69][info ][gc,metaspace] GC(12) Metaspace: 139905K(143680K)->139905K(143680K) NonClass: 120458K(122496K)->120458K(122496K) Class: 19446K(21184K)->19446K(21184K)
[2025-05-24T06:54:49.150+0000][69][info ][gc          ] GC(12) Pause Young (Normal) (G1 Evacuation Pause) 292M->106M(3880M) 22.395ms
[2025-05-24T06:54:49.151+0000][69][info ][gc,cpu      ] GC(12) User=0.04s Sys=0.00s Real=0.02s
[2025-05-24T06:54:49.152+0000][69][info ][safepoint   ] Safepoint "G1CollectForAllocation", Time since last: 1451504032 ns, Reaching safepoint: 11427 ns, Cleanup: 8550 ns, At safepoint: 24744097 ns, Total: 24764074 ns
[2025-05-24T06:54:51.005+0000][69][info ][safepoint   ] Safepoint "Cleanup", Time since last: 1852578374 ns, Reaching safepoint: 37541 ns, Cleanup: 41282 ns, At safepoint: 9410 ns, Total: 88233 ns
[2025-05-24T06:54:53.008+0000][69][info ][safepoint   ] Safepoint "Cleanup", Time since last: 2003182727 ns, Reaching safepoint: 14838 ns, Cleanup: 13396 ns, At safepoint: 7616 ns, Total: 35850 ns
[2025-05-24T06:54:55.012+0000][69][info ][safepoint   ] Safepoint "Cleanup", Time since last: 2004220908 ns, Reaching safepoint: 18814 ns, Cleanup: 22513 ns, At safepoint: 8848 ns, Total: 50175 ns
[2025-05-24T06:54:56.013+0000][69][info ][safepoint   ] Safepoint "Cleanup", Time since last: 1000896404 ns, Reaching safepoint: 17971 ns, Cleanup: 21341 ns, At safepoint: 9045 ns, Total: 48357 ns
[2025-05-24T06:54:58.015+0000][69][info ][safepoint   ] Safepoint "Cleanup", Time since last: 2001118836 ns, Reaching safepoint: 749972 ns, Cleanup: 24721 ns, At safepoint: 17420 ns, Total: 792113 ns
[2025-05-24T06:55:00.016+0000][69][info ][safepoint   ] Safepoint "Cleanup", Time since last: 2001200885 ns, Reaching safepoint: 18397 ns, Cleanup: 16510 ns, At safepoint: 8839 ns, Total: 43746 ns
[2025-05-24T06:55:02.021+0000][69][info ][safepoint   ] Safepoint "Cleanup", Time since last: 2004401239 ns, Reaching safepoint: 15213 ns, Cleanup: 13469 ns, At safepoint: 7981 ns, Total: 36663 ns
[2025-05-24T06:55:05.022+0000][69][info ][safepoint   ] Safepoint "Cleanup", Time since last: 3001473856 ns, Reaching safepoint: 15336 ns, Cleanup: 16429 ns, At safepoint: 8190 ns, Total: 39955 ns
[2025-05-24T06:55:06.021+0000][69][info ][safepoint   ] Safepoint "Cleanup", Time since last: 1001072697 ns, Reaching safepoint: 15305 ns, Cleanup: 14122 ns, At safepoint: 7934 ns, Total: 37361 ns
[2025-05-24T06:55:07.022+0000][69][info ][safepoint   ] Safepoint "Cleanup", Time since last: 1000902990 ns, Reaching safepoint: 131972 ns, Cleanup: 18312 ns, At safepoint: 19391 ns, Total: 169675 ns
[2025-05-24T06:55:08.023+0000][69][info ][safepoint   ] Safepoint "Cleanup", Time since last: 1000644113 ns, Reaching safepoint: 18061 ns, Cleanup: 14938 ns, At safepoint: 10105 ns, Total: 43104 ns
[2025-05-24T06:55:11.024+0000][69][info ][safepoint   ] Safepoint "Cleanup", Time since last: 3001085726 ns, Reaching safepoint: 14632 ns, Cleanup: 13888 ns, At safepoint: 7483 ns, Total: 36003 ns
[2025-05-24T06:55:13.025+0000][69][info ][safepoint   ] Safepoint "Cleanup", Time since last: 2001301092 ns, Reaching safepoint: 17224 ns, Cleanup: 22449 ns, At safepoint: 6679 ns, Total: 46352 ns
[2025-05-24T06:55:15.027+0000][69][info ][safepoint   ] Safepoint "Cleanup", Time since last: 2001268907 ns, Reaching safepoint: 15220 ns, Cleanup: 13263 ns, At safepoint: 7904 ns, Total: 36387 ns
[2025-05-24T06:55:17.028+0000][69][info ][safepoint   ] Safepoint "Cleanup", Time since last: 2001054231 ns, Reaching safepoint: 16151 ns, Cleanup: 16153 ns, At safepoint: 7821 ns, Total: 40125 ns
[2025-05-24T06:55:18.029+0000][69][info ][safepoint   ] Safepoint "Cleanup", Time since last: 1000790105 ns, Reaching safepoint: 18339 ns, Cleanup: 12702 ns, At safepoint: 8554 ns, Total: 39595 ns
[2025-05-24T06:55:20.029+0000][69][info ][safepoint   ] Safepoint "Cleanup", Time since last: 2000849413 ns, Reaching safepoint: 17712 ns, Cleanup: 15619 ns, At safepoint: 7984 ns, Total: 41315 ns
[2025-05-24T06:55:25.031+0000][69][info ][safepoint   ] Safepoint "Cleanup", Time since last: 5001614191 ns, Reaching safepoint: 59421 ns, Cleanup: 17602 ns, At safepoint: 8926 ns, Total: 85949 ns
[2025-05-24T06:55:28.032+0000][69][info ][safepoint   ] Safepoint "Cleanup", Time since last: 3001308194 ns, Reaching safepoint: 16801 ns, Cleanup: 15444 ns, At safepoint: 18587 ns, Total: 50832 ns
[2025-05-24T06:55:29.033+0000][69][info ][safepoint   ] Safepoint "Cleanup", Time since last: 1000773442 ns, Reaching safepoint: 15771 ns, Cleanup: 13552 ns, At safepoint: 7818 ns, Total: 37141 ns
[2025-05-24T06:55:31.035+0000][69][info ][safepoint   ] Safepoint "Cleanup", Time since last: 2001312359 ns, Reaching safepoint: 19724 ns, Cleanup: 18208 ns, At safepoint: 7676 ns, Total: 45608 ns
[2025-05-24T06:55:32.706+0000][69][info ][safepoint   ] Safepoint "Cleanup", Time since last: 1671566565 ns, Reaching safepoint: 15350 ns, Cleanup: 30873 ns, At safepoint: 8552 ns, Total: 54775 ns
[2025-05-24T06:55:34.708+0000][69][info ][safepoint   ] Safepoint "Cleanup", Time since last: 2001163085 ns, Reaching safepoint: 22755 ns, Cleanup: 20078 ns, At safepoint: 10984 ns, Total: 53817 ns
[2025-05-24T06:55:35.706+0000][69][info ][safepoint   ] Safepoint "Cleanup", Time since last: 1001203037 ns, Reaching safepoint: 16554 ns, Cleanup: 11775 ns, At safepoint: 7555 ns, Total: 35884 ns
[2025-05-24T06:55:37.707+0000][69][info ][safepoint   ] Safepoint "Cleanup", Time since last: 2000993667 ns, Reaching safepoint: 39260 ns, Cleanup: 13301 ns, At safepoint: 9462 ns, Total: 62023 ns
[2025-05-24T06:55:39.708+0000][69][info ][safepoint   ] Safepoint "Cleanup", Time since last: 2001025236 ns, Reaching safepoint: 19534 ns, Cleanup: 13317 ns, At safepoint: 8574 ns, Total: 41425 ns
[2025-05-24T06:55:40.710+0000][69][info ][safepoint   ] Safepoint "Cleanup", Time since last: 1001552053 ns, Reaching safepoint: 16322 ns, Cleanup: 12396 ns, At safepoint: 7115 ns, Total: 35833 ns
[2025-05-24T06:55:42.711+0000][69][info ][safepoint   ] Safepoint "Cleanup", Time since last: 2000756265 ns, Reaching safepoint: 19334 ns, Cleanup: 24650 ns, At safepoint: 8710 ns, Total: 52694 ns
[2025-05-24T06:55:43.711+0000][69][info ][safepoint   ] Safepoint "Cleanup", Time since last: 1000639395 ns, Reaching safepoint: 39570 ns, Cleanup: 21273 ns, At safepoint: 20941 ns, Total: 81784 ns
[2025-05-24T06:55:45.712+0000][69][info ][safepoint   ] Safepoint "Cleanup", Time since last: 2000811884 ns, Reaching safepoint: 34837 ns, Cleanup: 34085 ns, At safepoint: 20010 ns, Total: 88932 ns
[2025-05-24T06:55:46.715+0000][69][info ][safepoint   ] Safepoint "Cleanup", Time since last: 1002716572 ns, Reaching safepoint: 17571 ns, Cleanup: 15596 ns, At safepoint: 8279 ns, Total: 41446 ns
[2025-05-24T06:55:47.716+0000][69][info ][safepoint   ] Safepoint "Cleanup", Time since last: 1001326495 ns, Reaching safepoint: 21869 ns, Cleanup: 13335 ns, At safepoint: 7531 ns, Total: 42735 ns
[2025-05-24T06:55:49.719+0000][69][info ][safepoint   ] Safepoint "Cleanup", Time since last: 2002741860 ns, Reaching safepoint: 21346 ns, Cleanup: 18269 ns, At safepoint: 7347 ns, Total: 46962 ns
[2025-05-24T06:55:50.720+0000][69][info ][safepoint   ] Safepoint "Cleanup", Time since last: 1000669253 ns, Reaching safepoint: 32251 ns, Cleanup: 33761 ns, At safepoint: 17979 ns, Total: 83991 ns
[2025-05-24T06:55:52.138+0000][69][info ][safepoint   ] Safepoint "Cleanup", Time since last: 1418085370 ns, Reaching safepoint: 7732 ns, Cleanup: 17642 ns, At safepoint: 31197 ns, Total: 56571 ns
[2025-05-24T06:55:53.025+0000][69][info ][gc,start    ] GC(13) Pause Young (Concurrent Start) (CodeCache GC Threshold)
[2025-05-24T06:55:53.025+0000][69][info ][gc,task     ] GC(13) Using 10 workers of 10 for evacuation
[2025-05-24T06:55:53.026+0000][69][debug][gc,age      ] GC(13) Desired survivor size 12582912 bytes, new threshold 15 (max threshold 15)
[2025-05-24T06:55:53.031+0000][69][info ][gc,phases   ] GC(13)   Pre Evacuate Collection Set: 0.74ms
[2025-05-24T06:55:53.032+0000][69][info ][gc,phases   ] GC(13)   Merge Heap Roots: 0.14ms
[2025-05-24T06:55:53.032+0000][69][info ][gc,phases   ] GC(13)   Evacuate Collection Set: 3.45ms
[2025-05-24T06:55:53.033+0000][69][info ][gc,phases   ] GC(13)   Post Evacuate Collection Set: 0.89ms
[2025-05-24T06:55:53.033+0000][69][info ][gc,phases   ] GC(13)   Other: 0.79ms
[2025-05-24T06:55:53.034+0000][69][trace][gc,age      ] GC(13) Age table with threshold 15 (max threshold 15)
[2025-05-24T06:55:53.034+0000][69][trace][gc,age      ] GC(13) - age   1:     626848 bytes,     626848 total
[2025-05-24T06:55:53.035+0000][69][trace][gc,age      ] GC(13) - age   2:    1536560 bytes,    2163408 total
[2025-05-24T06:55:53.035+0000][69][trace][gc,age      ] GC(13) - age   3:     749376 bytes,    2912784 total
[2025-05-24T06:55:53.036+0000][69][info ][gc,heap     ] GC(13) Eden regions: 14->0(82)
[2025-05-24T06:55:53.036+0000][69][info ][gc,heap     ] GC(13) Survivor regions: 2->1(6)
[2025-05-24T06:55:53.037+0000][69][info ][gc,heap     ] GC(13) Old regions: 26->26
[2025-05-24T06:55:53.037+0000][69][info ][gc,heap     ] GC(13) Humongous regions: 0->0
[2025-05-24T06:55:53.038+0000][69][info ][gc,metaspace] GC(13) Metaspace: 140299K(144064K)->140299K(144064K) NonClass: 120852K(122880K)->120852K(122880K) Class: 19447K(21184K)->19447K(21184K)
[2025-05-24T06:55:53.038+0000][69][info ][gc          ] GC(13) Pause Young (Concurrent Start) (CodeCache GC Threshold) 158M->104M(3880M) 13.038ms
[2025-05-24T06:55:53.039+0000][69][info ][gc,cpu      ] GC(13) User=0.03s Sys=0.00s Real=0.01s
[2025-05-24T06:55:53.039+0000][69][info ][gc          ] GC(14) Concurrent Mark Cycle
[2025-05-24T06:55:53.040+0000][69][info ][gc,marking  ] GC(14) Concurrent Scan Root Regions
[2025-05-24T06:55:53.039+0000][69][info ][safepoint   ] Safepoint "G1TryInitiateConcMark", Time since last: 886830854 ns, Reaching safepoint: 15765 ns, Cleanup: 28591 ns, At safepoint: 14139417 ns, Total: 14183773 ns
[2025-05-24T06:55:53.045+0000][69][info ][gc,marking  ] GC(14) Concurrent Scan Root Regions 5.306ms
[2025-05-24T06:55:53.045+0000][69][info ][gc,marking  ] GC(14) Concurrent Mark
[2025-05-24T06:55:53.046+0000][69][info ][gc,marking  ] GC(14) Concurrent Mark From Roots
[2025-05-24T06:55:53.046+0000][69][info ][gc,task     ] GC(14) Using 3 workers of 3 for marking
[2025-05-24T06:55:53.087+0000][69][info ][gc,marking  ] GC(14) Concurrent Mark From Roots 40.836ms
[2025-05-24T06:55:53.089+0000][69][info ][gc,marking  ] GC(14) Concurrent Preclean
[2025-05-24T06:55:53.093+0000][69][info ][gc,marking  ] GC(14) Concurrent Preclean 3.263ms
[2025-05-24T06:55:53.095+0000][69][info ][gc,start    ] GC(14) Pause Remark
[2025-05-24T06:55:53.120+0000][69][info ][gc          ] GC(14) Pause Remark 106M->106M(3880M) 25.061ms
[2025-05-24T06:55:53.121+0000][69][info ][gc,cpu      ] GC(14) User=0.16s Sys=0.00s Real=0.03s
[2025-05-24T06:55:53.122+0000][69][info ][safepoint   ] Safepoint "G1PauseRemark", Time since last: 56162726 ns, Reaching safepoint: 17351 ns, Cleanup: 15493 ns, At safepoint: 26932922 ns, Total: 26965766 ns
[2025-05-24T06:55:53.123+0000][69][info ][gc,marking  ] GC(14) Concurrent Mark 77.644ms
[2025-05-24T06:55:53.124+0000][69][info ][gc,marking  ] GC(14) Concurrent Rebuild Remembered Sets and Scrub Regions
[2025-05-24T06:55:53.140+0000][69][info ][gc,marking  ] GC(14) Concurrent Rebuild Remembered Sets and Scrub Regions 15.973ms
[2025-05-24T06:55:53.145+0000][69][info ][gc,start    ] GC(14) Pause Cleanup
[2025-05-24T06:55:53.150+0000][69][info ][gc          ] GC(14) Pause Cleanup 106M->106M(3880M) 4.936ms
[2025-05-24T06:55:53.151+0000][69][info ][gc,cpu      ] GC(14) User=0.00s Sys=0.00s Real=0.01s
[2025-05-24T06:55:53.151+0000][69][info ][safepoint   ] Safepoint "G1PauseCleanup", Time since last: 22529293 ns, Reaching safepoint: 106179 ns, Cleanup: 18096 ns, At safepoint: 6364712 ns, Total: 6488987 ns
[2025-05-24T06:55:53.152+0000][69][info ][gc,marking  ] GC(14) Concurrent Clear Claimed Marks
[2025-05-24T06:55:53.154+0000][69][info ][gc,marking  ] GC(14) Concurrent Clear Claimed Marks 2.064ms
[2025-05-24T06:55:53.154+0000][69][info ][gc,marking  ] GC(14) Concurrent Cleanup for Next Mark
[2025-05-24T06:55:53.163+0000][69][info ][gc,marking  ] GC(14) Concurrent Cleanup for Next Mark 9.203ms
[2025-05-24T06:55:53.164+0000][69][info ][gc          ] GC(14) Concurrent Mark Cycle 125.847ms
[2025-05-24T06:55:55.152+0000][69][info ][safepoint   ] Safepoint "Cleanup", Time since last: 2000533155 ns, Reaching safepoint: 27822 ns, Cleanup: 18314 ns, At safepoint: 8278 ns, Total: 54414 ns
[2025-05-24T06:55:56.153+0000][69][info ][safepoint   ] Safepoint "Cleanup", Time since last: 1000669139 ns, Reaching safepoint: 19241 ns, Cleanup: 15902 ns, At safepoint: 7741 ns, Total: 42884 ns
[2025-05-24T06:55:57.153+0000][69][info ][safepoint   ] Safepoint "Cleanup", Time since last: 1000597243 ns, Reaching safepoint: 20962 ns, Cleanup: 13208 ns, At safepoint: 8800 ns, Total: 42970 ns
[2025-05-24T06:55:58.154+0000][69][info ][safepoint   ] Safepoint "Cleanup", Time since last: 1000668652 ns, Reaching safepoint: 18777 ns, Cleanup: 15614 ns, At safepoint: 8141 ns, Total: 42532 ns
[2025-05-24T06:56:00.155+0000][69][info ][safepoint   ] Safepoint "Cleanup", Time since last: 2000687792 ns, Reaching safepoint: 18766 ns, Cleanup: 16321 ns, At safepoint: 8715 ns, Total: 43802 ns
[2025-05-24T06:56:01.156+0000][69][info ][safepoint   ] Safepoint "Cleanup", Time since last: 1001408016 ns, Reaching safepoint: 16511 ns, Cleanup: 17039 ns, At safepoint: 8773 ns, Total: 42323 ns
[2025-05-24T06:56:02.157+0000][69][info ][safepoint   ] Safepoint "Cleanup", Time since last: 1000609127 ns, Reaching safepoint: 16723 ns, Cleanup: 14447 ns, At safepoint: 9061 ns, Total: 40231 ns
[2025-05-24T06:56:04.158+0000][69][info ][safepoint   ] Safepoint "Cleanup", Time since last: 2000796378 ns, Reaching safepoint: 17159 ns, Cleanup: 13341 ns, At safepoint: 10025 ns, Total: 40525 ns
[2025-05-24T06:56:05.163+0000][69][info ][safepoint   ] Safepoint "Cleanup", Time since last: 1005512510 ns, Reaching safepoint: 15536 ns, Cleanup: 18513 ns, At safepoint: 8911 ns, Total: 42960 ns
[2025-05-24T06:56:07.162+0000][69][info ][safepoint   ] Safepoint "Cleanup", Time since last: 2001043939 ns, Reaching safepoint: 16322 ns, Cleanup: 18577 ns, At safepoint: 8702 ns, Total: 43601 ns
[2025-05-24T06:56:10.164+0000][69][info ][safepoint   ] Safepoint "Cleanup", Time since last: 3002320582 ns, Reaching safepoint: 38808 ns, Cleanup: 18133 ns, At safepoint: 9269 ns, Total: 66210 ns
[2025-05-24T06:56:12.165+0000][69][info ][safepoint   ] Safepoint "Cleanup", Time since last: 2001181434 ns, Reaching safepoint: 16998 ns, Cleanup: 14412 ns, At safepoint: 8777 ns, Total: 40187 ns
[2025-05-24T06:56:13.166+0000][69][info ][safepoint   ] Safepoint "Cleanup", Time since last: 1000773537 ns, Reaching safepoint: 33356 ns, Cleanup: 27559 ns, At safepoint: 20295 ns, Total: 81210 ns
[2025-05-24T06:56:15.167+0000][69][info ][safepoint   ] Safepoint "Cleanup", Time since last: 2001038388 ns, Reaching safepoint: 17985 ns, Cleanup: 17092 ns, At safepoint: 31995 ns, Total: 67072 ns
[2025-05-24T06:56:19.169+0000][69][info ][safepoint   ] Safepoint "Cleanup", Time since last: 4002170678 ns, Reaching safepoint: 17339 ns, Cleanup: 18753 ns, At safepoint: 9661 ns, Total: 45753 ns
[2025-05-24T06:56:20.170+0000][69][info ][safepoint   ] Safepoint "Cleanup", Time since last: 1000982845 ns, Reaching safepoint: 16718 ns, Cleanup: 12492 ns, At safepoint: 8487 ns, Total: 37697 ns
[2025-05-24T06:56:22.174+0000][69][info ][safepoint   ] Safepoint "Cleanup", Time since last: 2003745418 ns, Reaching safepoint: 16405 ns, Cleanup: 26551 ns, At safepoint: 8403 ns, Total: 51359 ns
[2025-05-24T06:56:25.175+0000][69][info ][safepoint   ] Safepoint "Cleanup", Time since last: 3000929982 ns, Reaching safepoint: 14576 ns, Cleanup: 20990 ns, At safepoint: 8024 ns, Total: 43590 ns
[2025-05-24T06:56:27.179+0000][69][info ][safepoint   ] Safepoint "Cleanup", Time since last: 2004224592 ns, Reaching safepoint: 15771 ns, Cleanup: 47061 ns, At safepoint: 8006 ns, Total: 70838 ns
[2025-05-24T06:56:28.180+0000][69][info ][safepoint   ] Safepoint "Cleanup", Time since last: 1000784264 ns, Reaching safepoint: 15673 ns, Cleanup: 20571 ns, At safepoint: 8534 ns, Total: 44778 ns
[2025-05-24T06:56:30.181+0000][69][info ][safepoint   ] Safepoint "Cleanup", Time since last: 2000837697 ns, Reaching safepoint: 14288 ns, Cleanup: 14866 ns, At safepoint: 8040 ns, Total: 37194 ns
[2025-05-24T06:56:32.744+0000][69][info ][safepoint   ] Safepoint "Cleanup", Time since last: 2562912137 ns, Reaching safepoint: 14329 ns, Cleanup: 15918 ns, At safepoint: 7262 ns, Total: 37509 ns
[2025-05-24T06:56:37.744+0000][69][info ][safepoint   ] Safepoint "Cleanup", Time since last: 5001231167 ns, Reaching safepoint: 14383 ns, Cleanup: 13173 ns, At safepoint: 7855 ns, Total: 35411 ns
[2025-05-24T06:56:40.745+0000][69][info ][safepoint   ] Safepoint "Cleanup", Time since last: 3001322586 ns, Reaching safepoint: 39316 ns, Cleanup: 15214 ns, At safepoint: 8735 ns, Total: 63265 ns
[2025-05-24T06:56:42.749+0000][69][info ][safepoint   ] Safepoint "Cleanup", Time since last: 2003760951 ns, Reaching safepoint: 16214 ns, Cleanup: 37206 ns, At safepoint: 9080 ns, Total: 62500 ns
[2025-05-24T06:56:43.750+0000][69][info ][safepoint   ] Safepoint "Cleanup", Time since last: 1000885599 ns, Reaching safepoint: 16073 ns, Cleanup: 16636 ns, At safepoint: 9332 ns, Total: 42041 ns
[2025-05-24T06:56:45.751+0000][69][info ][safepoint   ] Safepoint "Cleanup", Time since last: 2001129458 ns, Reaching safepoint: 14129 ns, Cleanup: 16258 ns, At safepoint: 8639 ns, Total: 39026 ns
[2025-05-24T06:56:46.752+0000][69][info ][safepoint   ] Safepoint "Cleanup", Time since last: 1000627554 ns, Reaching safepoint: 15308 ns, Cleanup: 16750 ns, At safepoint: 8239 ns, Total: 40297 ns
[2025-05-24T06:56:49.752+0000][69][info ][safepoint   ] Safepoint "Cleanup", Time since last: 3000882911 ns, Reaching safepoint: 14939 ns, Cleanup: 13620 ns, At safepoint: 8165 ns, Total: 36724 ns
[2025-05-24T06:56:50.753+0000][69][info ][safepoint   ] Safepoint "Cleanup", Time since last: 1000758401 ns, Reaching safepoint: 14407 ns, Cleanup: 22148 ns, At safepoint: 7387 ns, Total: 43942 ns
[2025-05-24T06:56:52.754+0000][69][info ][safepoint   ] Safepoint "Cleanup", Time since last: 2000564283 ns, Reaching safepoint: 14315 ns, Cleanup: 15462 ns, At safepoint: 8110 ns, Total: 37887 ns
[2025-05-24T06:56:55.138+0000][69][info ][safepoint   ] Safepoint "Cleanup", Time since last: 2383741685 ns, Reaching safepoint: 85773 ns, Cleanup: 20315 ns, At safepoint: 44470 ns, Total: 150558 ns
[2025-05-24T06:56:57.093+0000][69][info ][safepoint   ] Safepoint "Cleanup", Time since last: 1954882684 ns, Reaching safepoint: 16249 ns, Cleanup: 41722 ns, At safepoint: 8690 ns, Total: 66661 ns
[2025-05-24T06:57:01.098+0000][69][info ][safepoint   ] Safepoint "Cleanup", Time since last: 4005015877 ns, Reaching safepoint: 13115 ns, Cleanup: 12855 ns, At safepoint: 6693 ns, Total: 32663 ns
[2025-05-24T06:57:05.099+0000][69][info ][safepoint   ] Safepoint "Cleanup", Time since last: 4001349548 ns, Reaching safepoint: 15396 ns, Cleanup: 18277 ns, At safepoint: 8033 ns, Total: 41706 ns
[2025-05-24T06:57:07.097+0000][69][info ][safepoint   ] Safepoint "Cleanup", Time since last: 2000783332 ns, Reaching safepoint: 15073 ns, Cleanup: 13618 ns, At safepoint: 8588 ns, Total: 37279 ns
[2025-05-24T06:57:08.099+0000][69][info ][safepoint   ] Safepoint "Cleanup", Time since last: 1002217692 ns, Reaching safepoint: 13234 ns, Cleanup: 11941 ns, At safepoint: 7743 ns, Total: 32918 ns
[2025-05-24T06:57:10.100+0000][69][info ][safepoint   ] Safepoint "Cleanup", Time since last: 2000901226 ns, Reaching safepoint: 36270 ns, Cleanup: 15520 ns, At safepoint: 7932 ns, Total: 59722 ns
[2025-05-24T06:57:11.101+0000][69][info ][safepoint   ] Safepoint "Cleanup", Time since last: 1000283568 ns, Reaching safepoint: 6369 ns, Cleanup: 24704 ns, At safepoint: 2554 ns, Total: 33627 ns
[2025-05-24T06:57:12.105+0000][69][info ][safepoint   ] Safepoint "Cleanup", Time since last: 1004461384 ns, Reaching safepoint: 15330 ns, Cleanup: 16081 ns, At safepoint: 9190 ns, Total: 40601 ns
[2025-05-24T06:57:13.106+0000][69][info ][safepoint   ] Safepoint "Cleanup", Time since last: 1000847621 ns, Reaching safepoint: 15467 ns, Cleanup: 18118 ns, At safepoint: 9378 ns, Total: 42963 ns
[2025-05-24T06:57:14.107+0000][69][info ][safepoint   ] Safepoint "Cleanup", Time since last: 1001071058 ns, Reaching safepoint: 14504 ns, Cleanup: 13546 ns, At safepoint: 8540 ns, Total: 36590 ns
[2025-05-24T06:57:15.108+0000][69][info ][safepoint   ] Safepoint "Cleanup", Time since last: 1001030330 ns, Reaching safepoint: 11037 ns, Cleanup: 8793 ns, At safepoint: 35565 ns, Total: 55395 ns
[2025-05-24T06:57:16.109+0000][69][info ][safepoint   ] Safepoint "Cleanup", Time since last: 1000720176 ns, Reaching safepoint: 14955 ns, Cleanup: 12244 ns, At safepoint: 7786 ns, Total: 34985 ns
[2025-05-24T06:57:17.114+0000][69][info ][safepoint   ] Safepoint "Cleanup", Time since last: 1005383512 ns, Reaching safepoint: 4945 ns, Cleanup: 21834 ns, At safepoint: 2417 ns, Total: 29196 ns
[2025-05-24T06:57:18.121+0000][69][info ][safepoint   ] Safepoint "Cleanup", Time since last: 1005988742 ns, Reaching safepoint: 16780 ns, Cleanup: 33423 ns, At safepoint: 10070 ns, Total: 60273 ns
[2025-05-24T06:57:20.122+0000][69][info ][safepoint   ] Safepoint "Cleanup", Time since last: 2001716147 ns, Reaching safepoint: 20774 ns, Cleanup: 46499 ns, At safepoint: 9768 ns, Total: 77041 ns
[2025-05-24T06:57:21.996+0000][69][info ][safepoint   ] Safepoint "Cleanup", Time since last: 1873232403 ns, Reaching safepoint: 16178 ns, Cleanup: 26128 ns, At safepoint: 8646 ns, Total: 50952 ns
[2025-05-24T06:57:22.996+0000][69][info ][safepoint   ] Safepoint "Cleanup", Time since last: 1000657448 ns, Reaching safepoint: 17012 ns, Cleanup: 15839 ns, At safepoint: 8336 ns, Total: 41187 ns
[2025-05-24T06:57:24.997+0000][69][info ][safepoint   ] Safepoint "Cleanup", Time since last: 2000932185 ns, Reaching safepoint: 15574 ns, Cleanup: 22018 ns, At safepoint: 8441 ns, Total: 46033 ns
[2025-05-24T06:57:25.998+0000][69][info ][safepoint   ] Safepoint "Cleanup", Time since last: 1001126936 ns, Reaching safepoint: 14224 ns, Cleanup: 13711 ns, At safepoint: 27727 ns, Total: 55662 ns
[2025-05-24T06:57:27.999+0000][69][info ][safepoint   ] Safepoint "Cleanup", Time since last: 2000630299 ns, Reaching safepoint: 16413 ns, Cleanup: 24353 ns, At safepoint: 19213 ns, Total: 59979 ns
[2025-05-24T06:57:29.000+0000][69][info ][safepoint   ] Safepoint "Cleanup", Time since last: 1000763716 ns, Reaching safepoint: 12292 ns, Cleanup: 15147 ns, At safepoint: 6625 ns, Total: 34064 ns
[2025-05-24T06:57:30.004+0000][69][info ][safepoint   ] Safepoint "Cleanup", Time since last: 1003636082 ns, Reaching safepoint: 14337 ns, Cleanup: 13830 ns, At safepoint: 7361 ns, Total: 35528 ns
[2025-05-24T06:57:31.784+0000][69][info ][safepoint   ] Safepoint "Cleanup", Time since last: 1780073193 ns, Reaching safepoint: 5798 ns, Cleanup: 11984 ns, At safepoint: 2610 ns, Total: 20392 ns
[2025-05-24T06:57:34.785+0000][69][info ][safepoint   ] Safepoint "Cleanup", Time since last: 3001168460 ns, Reaching safepoint: 30141 ns, Cleanup: 13542 ns, At safepoint: 8091 ns, Total: 51774 ns
[2025-05-24T06:57:35.783+0000][69][info ][safepoint   ] Safepoint "Cleanup", Time since last: 1000610836 ns, Reaching safepoint: 16748 ns, Cleanup: 17512 ns, At safepoint: 8219 ns, Total: 42479 ns
[2025-05-24T06:57:36.784+0000][69][info ][safepoint   ] Safepoint "Cleanup", Time since last: 1001088812 ns, Reaching safepoint: 16742 ns, Cleanup: 20270 ns, At safepoint: 8573 ns, Total: 45585 ns
[2025-05-24T06:57:37.785+0000][69][info ][safepoint   ] Safepoint "Cleanup", Time since last: 1000679514 ns, Reaching safepoint: 17893 ns, Cleanup: 17445 ns, At safepoint: 9103 ns, Total: 44441 ns
[2025-05-24T06:57:39.787+0000][69][info ][safepoint   ] Safepoint "Cleanup", Time since last: 2001617222 ns, Reaching safepoint: 41246 ns, Cleanup: 15995 ns, At safepoint: 9101 ns, Total: 66342 ns
[2025-05-24T06:57:42.788+0000][69][info ][safepoint   ] Safepoint "Cleanup", Time since last: 3001029260 ns, Reaching safepoint: 19511 ns, Cleanup: 24582 ns, At safepoint: 8498 ns, Total: 52591 ns
[2025-05-24T06:57:43.790+0000][69][info ][safepoint   ] Safepoint "Cleanup", Time since last: 1002083331 ns, Reaching safepoint: 15193 ns, Cleanup: 14635 ns, At safepoint: 8111 ns, Total: 37939 ns
[2025-05-24T06:57:45.791+0000][69][info ][safepoint   ] Safepoint "Cleanup", Time since last: 2001139241 ns, Reaching safepoint: 15735 ns, Cleanup: 19967 ns, At safepoint: 8209 ns, Total: 43911 ns
[2025-05-24T06:57:46.792+0000][69][info ][safepoint   ] Safepoint "Cleanup", Time since last: 1000688892 ns, Reaching safepoint: 14308 ns, Cleanup: 14084 ns, At safepoint: 7459 ns, Total: 35851 ns
[2025-05-24T06:57:52.793+0000][69][info ][safepoint   ] Safepoint "Cleanup", Time since last: 6001437655 ns, Reaching safepoint: 17195 ns, Cleanup: 17013 ns, At safepoint: 8622 ns, Total: 42830 ns
[2025-05-24T06:57:55.794+0000][69][info ][safepoint   ] Safepoint "Cleanup", Time since last: 3000825317 ns, Reaching safepoint: 42176 ns, Cleanup: 29581 ns, At safepoint: 9330 ns, Total: 81087 ns
[2025-05-24T06:57:56.795+0000][69][info ][safepoint   ] Safepoint "Cleanup", Time since last: 1000686010 ns, Reaching safepoint: 20987 ns, Cleanup: 16722 ns, At safepoint: 9685 ns, Total: 47394 ns
[2025-05-24T06:57:57.796+0000][69][info ][safepoint   ] Safepoint "Cleanup", Time since last: 1001121067 ns, Reaching safepoint: 19464 ns, Cleanup: 21814 ns, At safepoint: 8262 ns, Total: 49540 ns
[2025-05-24T06:57:59.139+0000][69][info ][safepoint   ] Safepoint "Cleanup", Time since last: 1342826674 ns, Reaching safepoint: 7081 ns, Cleanup: 26761 ns, At safepoint: 12593 ns, Total: 46435 ns
[2025-05-24T06:58:00.153+0000][69][info ][safepoint   ] Safepoint "Cleanup", Time since last: 1014213230 ns, Reaching safepoint: 5155 ns, Cleanup: 56486 ns, At safepoint: 2737 ns, Total: 64378 ns
[2025-05-24T06:58:01.158+0000][69][info ][safepoint   ] Safepoint "Cleanup", Time since last: 1004286733 ns, Reaching safepoint: 14487 ns, Cleanup: 27678 ns, At safepoint: 9243 ns, Total: 51408 ns
[2025-05-24T06:58:04.160+0000][69][info ][safepoint   ] Safepoint "Cleanup", Time since last: 3002317178 ns, Reaching safepoint: 13604 ns, Cleanup: 15356 ns, At safepoint: 6874 ns, Total: 35834 ns
[2025-05-24T06:58:05.161+0000][69][info ][safepoint   ] Safepoint "Cleanup", Time since last: 1000673140 ns, Reaching safepoint: 14235 ns, Cleanup: 14065 ns, At safepoint: 7220 ns, Total: 35520 ns
[2025-05-24T06:58:07.159+0000][69][info ][safepoint   ] Safepoint "Cleanup", Time since last: 2000628691 ns, Reaching safepoint: 26180 ns, Cleanup: 24075 ns, At safepoint: 16790 ns, Total: 67045 ns
[2025-05-24T06:58:10.161+0000][69][info ][safepoint   ] Safepoint "Cleanup", Time since last: 3001618070 ns, Reaching safepoint: 14057 ns, Cleanup: 16755 ns, At safepoint: 7771 ns, Total: 38583 ns
[2025-05-24T06:58:13.163+0000][69][info ][safepoint   ] Safepoint "Cleanup", Time since last: 3001793803 ns, Reaching safepoint: 69969 ns, Cleanup: 17226 ns, At safepoint: 34468 ns, Total: 121663 ns
[2025-05-24T06:58:15.164+0000][69][info ][safepoint   ] Safepoint "Cleanup", Time since last: 2000748052 ns, Reaching safepoint: 16263 ns, Cleanup: 14396 ns, At safepoint: 9423 ns, Total: 40082 ns
[2025-05-24T06:58:19.165+0000][69][info ][safepoint   ] Safepoint "Cleanup", Time since last: 4001066544 ns, Reaching safepoint: 15415 ns, Cleanup: 14915 ns, At safepoint: 9724 ns, Total: 40054 ns
[2025-05-24T06:58:22.166+0000][69][info ][safepoint   ] Safepoint "Cleanup", Time since last: 3001506870 ns, Reaching safepoint: 13297 ns, Cleanup: 13258 ns, At safepoint: 6980 ns, Total: 33535 ns
[2025-05-24T06:58:25.167+0000][69][info ][safepoint   ] Safepoint "Cleanup", Time since last: 3001172016 ns, Reaching safepoint: 16901 ns, Cleanup: 21041 ns, At safepoint: 8528 ns, Total: 46470 ns
[2025-05-24T06:58:28.169+0000][69][info ][safepoint   ] Safepoint "Cleanup", Time since last: 3001195893 ns, Reaching safepoint: 38799 ns, Cleanup: 16067 ns, At safepoint: 9003 ns, Total: 63869 ns
[2025-05-24T06:58:32.822+0000][69][info ][safepoint   ] Safepoint "Cleanup", Time since last: 4652785178 ns, Reaching safepoint: 14877 ns, Cleanup: 16261 ns, At safepoint: 16148 ns, Total: 47286 ns
[2025-05-24T06:58:34.823+0000][69][info ][safepoint   ] Safepoint "Cleanup", Time since last: 2001027215 ns, Reaching safepoint: 23601 ns, Cleanup: 12907 ns, At safepoint: 8642 ns, Total: 45150 ns
[2025-05-24T06:58:36.822+0000][69][info ][safepoint   ] Safepoint "Cleanup", Time since last: 2001015866 ns, Reaching safepoint: 18955 ns, Cleanup: 15174 ns, At safepoint: 8506 ns, Total: 42635 ns
[2025-05-24T06:58:37.822+0000][69][info ][safepoint   ] Safepoint "Cleanup", Time since last: 1000635020 ns, Reaching safepoint: 19584 ns, Cleanup: 16825 ns, At safepoint: 8835 ns, Total: 45244 ns
[2025-05-24T06:58:40.823+0000][69][info ][safepoint   ] Safepoint "Cleanup", Time since last: 3000863121 ns, Reaching safepoint: 14952 ns, Cleanup: 22448 ns, At safepoint: 7933 ns, Total: 45333 ns
[2025-05-24T06:58:42.826+0000][69][info ][safepoint   ] Safepoint "Cleanup", Time since last: 2002529819 ns, Reaching safepoint: 36904 ns, Cleanup: 22318 ns, At safepoint: 8025 ns, Total: 67247 ns
[2025-05-24T06:58:45.829+0000][69][info ][safepoint   ] Safepoint "Cleanup", Time since last: 3003206140 ns, Reaching safepoint: 20150 ns, Cleanup: 13170 ns, At safepoint: 7716 ns, Total: 41036 ns
[2025-05-24T06:58:50.830+0000][69][info ][safepoint   ] Safepoint "Cleanup", Time since last: 5001336090 ns, Reaching safepoint: 16350 ns, Cleanup: 15786 ns, At safepoint: 8074 ns, Total: 40210 ns
[2025-05-24T06:58:55.832+0000][69][info ][safepoint   ] Safepoint "Cleanup", Time since last: 5002053402 ns, Reaching safepoint: 15765 ns, Cleanup: 18539 ns, At safepoint: 8415 ns, Total: 42719 ns
[2025-05-24T06:58:58.835+0000][69][info ][safepoint   ] Safepoint "Cleanup", Time since last: 3002204496 ns, Reaching safepoint: 45343 ns, Cleanup: 14161 ns, At safepoint: 9456 ns, Total: 68960 ns
[2025-05-24T06:59:00.840+0000][69][info ][safepoint   ] Safepoint "Cleanup", Time since last: 2005506789 ns, Reaching safepoint: 16749 ns, Cleanup: 25307 ns, At safepoint: 8185 ns, Total: 50241 ns
[2025-05-24T06:59:02.150+0000][69][info ][safepoint   ] Safepoint "Cleanup", Time since last: 1309783072 ns, Reaching safepoint: 20950 ns, Cleanup: 19967 ns, At safepoint: 9348 ns, Total: 50265 ns
[2025-05-24T06:59:03.184+0000][69][info ][safepoint   ] Safepoint "Cleanup", Time since last: 1034044669 ns, Reaching safepoint: 14095 ns, Cleanup: 16694 ns, At safepoint: 7497 ns, Total: 38286 ns
[2025-05-24T06:59:04.185+0000][69][info ][safepoint   ] Safepoint "Cleanup", Time since last: 1000709461 ns, Reaching safepoint: 15165 ns, Cleanup: 14501 ns, At safepoint: 8438 ns, Total: 38104 ns
[2025-05-24T06:59:05.186+0000][69][info ][safepoint   ] Safepoint "Cleanup", Time since last: 1001455944 ns, Reaching safepoint: 13874 ns, Cleanup: 13795 ns, At safepoint: 8197 ns, Total: 35866 ns
[2025-05-24T06:59:07.185+0000][69][info ][safepoint   ] Safepoint "Cleanup", Time since last: 2001383291 ns, Reaching safepoint: 16318 ns, Cleanup: 20641 ns, At safepoint: 9516 ns, Total: 46475 ns
[2025-05-24T06:59:08.186+0000][69][info ][safepoint   ] Safepoint "Cleanup", Time since last: 1000823647 ns, Reaching safepoint: 28941 ns, Cleanup: 18440 ns, At safepoint: 17517 ns, Total: 64898 ns
[2025-05-24T06:59:10.187+0000][69][info ][safepoint   ] Safepoint "Cleanup", Time since last: 2000903251 ns, Reaching safepoint: 20407 ns, Cleanup: 16450 ns, At safepoint: 10134 ns, Total: 46991 ns
[2025-05-24T06:59:17.189+0000][69][info ][safepoint   ] Safepoint "Cleanup", Time since last: 7002362281 ns, Reaching safepoint: 16811 ns, Cleanup: 13817 ns, At safepoint: 8897 ns, Total: 39525 ns
[2025-05-24T06:59:18.192+0000][69][info ][safepoint   ] Safepoint "Cleanup", Time since last: 1002136010 ns, Reaching safepoint: 15909 ns, Cleanup: 13554 ns, At safepoint: 8994 ns, Total: 38457 ns
[2025-05-24T06:59:19.193+0000][69][info ][safepoint   ] Safepoint "Cleanup", Time since last: 1001070749 ns, Reaching safepoint: 13530 ns, Cleanup: 13342 ns, At safepoint: 7892 ns, Total: 34764 ns
[2025-05-24T06:59:20.196+0000][69][info ][safepoint   ] Safepoint "Cleanup", Time since last: 1002872474 ns, Reaching safepoint: 14571 ns, Cleanup: 12545 ns, At safepoint: 7244 ns, Total: 34360 ns
[2025-05-24T06:59:22.205+0000][69][info ][safepoint   ] Safepoint "Cleanup", Time since last: 2009619489 ns, Reaching safepoint: 15202 ns, Cleanup: 13600 ns, At safepoint: 9264 ns, Total: 38066 ns
[2025-05-24T06:59:25.206+0000][69][info ][safepoint   ] Safepoint "Cleanup", Time since last: 3000756137 ns, Reaching safepoint: 13926 ns, Cleanup: 13442 ns, At safepoint: 7106 ns, Total: 34474 ns
[2025-05-24T06:59:30.207+0000][69][info ][safepoint   ] Safepoint "Cleanup", Time since last: 5001067658 ns, Reaching safepoint: 65536 ns, Cleanup: 14377 ns, At safepoint: 10173 ns, Total: 90086 ns
[2025-05-24T06:59:31.208+0000][69][info ][safepoint   ] Safepoint "Cleanup", Time since last: 1000852122 ns, Reaching safepoint: 15034 ns, Cleanup: 13774 ns, At safepoint: 7864 ns, Total: 36672 ns
[2025-05-24T06:59:34.856+0000][69][info ][safepoint   ] Safepoint "Cleanup", Time since last: 3647789365 ns, Reaching safepoint: 17546 ns, Cleanup: 14886 ns, At safepoint: 9465 ns, Total: 41897 ns
[2025-05-24T06:59:37.855+0000][69][info ][safepoint   ] Safepoint "Cleanup", Time since last: 3001412163 ns, Reaching safepoint: 17548 ns, Cleanup: 15085 ns, At safepoint: 8916 ns, Total: 41549 ns
[2025-05-24T06:59:40.856+0000][69][info ][safepoint   ] Safepoint "Cleanup", Time since last: 3001142040 ns, Reaching safepoint: 16657 ns, Cleanup: 14192 ns, At safepoint: 7226 ns, Total: 38075 ns
[2025-05-24T06:59:42.857+0000][69][info ][safepoint   ] Safepoint "Cleanup", Time since last: 2001060328 ns, Reaching safepoint: 35639 ns, Cleanup: 29149 ns, At safepoint: 9430 ns, Total: 74218 ns
[2025-05-24T06:59:43.859+0000][69][info ][safepoint   ] Safepoint "Cleanup", Time since last: 1001163763 ns, Reaching safepoint: 15444 ns, Cleanup: 15975 ns, At safepoint: 8942 ns, Total: 40361 ns
[2025-05-24T06:59:44.860+0000][69][info ][safepoint   ] Safepoint "Cleanup", Time since last: 1001558230 ns, Reaching safepoint: 13644 ns, Cleanup: 12328 ns, At safepoint: 7332 ns, Total: 33304 ns
[2025-05-24T06:59:45.861+0000][69][info ][safepoint   ] Safepoint "Cleanup", Time since last: 1000936263 ns, Reaching safepoint: 15201 ns, Cleanup: 15095 ns, At safepoint: 8542 ns, Total: 38838 ns
[2025-05-24T06:59:46.867+0000][69][info ][safepoint   ] Safepoint "Cleanup", Time since last: 1005511188 ns, Reaching safepoint: 16518 ns, Cleanup: 14052 ns, At safepoint: 7735 ns, Total: 38305 ns
[2025-05-24T06:59:47.871+0000][69][info ][safepoint   ] Safepoint "Cleanup", Time since last: 1004011627 ns, Reaching safepoint: 14791 ns, Cleanup: 14254 ns, At safepoint: 8370 ns, Total: 37415 ns
[2025-05-24T06:59:52.872+0000][69][info ][safepoint   ] Safepoint "Cleanup", Time since last: 5001276610 ns, Reaching safepoint: 17572 ns, Cleanup: 14840 ns, At safepoint: 9495 ns, Total: 41907 ns
[2025-05-24T06:59:54.873+0000][69][info ][safepoint   ] Safepoint "Cleanup", Time since last: 2001042119 ns, Reaching safepoint: 14331 ns, Cleanup: 15007 ns, At safepoint: 6569 ns, Total: 35907 ns
[2025-05-24T06:59:55.874+0000][69][info ][safepoint   ] Safepoint "Cleanup", Time since last: 1000530475 ns, Reaching safepoint: 15808 ns, Cleanup: 13888 ns, At safepoint: 7083 ns, Total: 36779 ns
[2025-05-24T06:59:58.875+0000][69][info ][safepoint   ] Safepoint "Cleanup", Time since last: 3000772657 ns, Reaching safepoint: 44509 ns, Cleanup: 14424 ns, At safepoint: 8664 ns, Total: 67597 ns
[2025-05-24T06:59:59.878+0000][69][info ][safepoint   ] Safepoint "Cleanup", Time since last: 1003454135 ns, Reaching safepoint: 16013 ns, Cleanup: 13334 ns, At safepoint: 8579 ns, Total: 37926 ns
[2025-05-24T07:00:00.880+0000][69][info ][safepoint   ] Safepoint "Cleanup", Time since last: 1001506252 ns, Reaching safepoint: 14938 ns, Cleanup: 16763 ns, At safepoint: 8556 ns, Total: 40257 ns
[2025-05-24T07:00:01.881+0000][69][info ][safepoint   ] Safepoint "Cleanup", Time since last: 1000946218 ns, Reaching safepoint: 14256 ns, Cleanup: 13978 ns, At safepoint: 18698 ns, Total: 46932 ns
[2025-05-24T07:00:02.881+0000][69][info ][safepoint   ] Safepoint "Cleanup", Time since last: 1000630197 ns, Reaching safepoint: 14599 ns, Cleanup: 13720 ns, At safepoint: 8898 ns, Total: 37217 ns
[2025-05-24T07:00:04.125+0000][69][info ][safepoint   ] Safepoint "Cleanup", Time since last: 1243492162 ns, Reaching safepoint: 5532 ns, Cleanup: 14197 ns, At safepoint: 20486 ns, Total: 40215 ns
[2025-05-24T07:00:05.215+0000][69][info ][safepoint   ] Safepoint "Cleanup", Time since last: 1090518343 ns, Reaching safepoint: 15054 ns, Cleanup: 31714 ns, At safepoint: 7582 ns, Total: 54350 ns
[2025-05-24T07:00:07.221+0000][69][info ][safepoint   ] Safepoint "Cleanup", Time since last: 2007677683 ns, Reaching safepoint: 15241 ns, Cleanup: 16411 ns, At safepoint: 7708 ns, Total: 39360 ns
[2025-05-24T07:00:10.222+0000][69][info ][safepoint   ] Safepoint "Cleanup", Time since last: 3001184689 ns, Reaching safepoint: 14914 ns, Cleanup: 26016 ns, At safepoint: 8573 ns, Total: 49503 ns
[2025-05-24T07:00:13.223+0000][69][info ][safepoint   ] Safepoint "Cleanup", Time since last: 3000743150 ns, Reaching safepoint: 41410 ns, Cleanup: 17398 ns, At safepoint: 10049 ns, Total: 68857 ns
[2025-05-24T07:00:15.225+0000][69][info ][safepoint   ] Safepoint "Cleanup", Time since last: 2001757846 ns, Reaching safepoint: 28836 ns, Cleanup: 13462 ns, At safepoint: 7943 ns, Total: 50241 ns
[2025-05-24T07:00:16.226+0000][69][info ][safepoint   ] Safepoint "Cleanup", Time since last: 1000915850 ns, Reaching safepoint: 16587 ns, Cleanup: 17461 ns, At safepoint: 10342 ns, Total: 44390 ns
[2025-05-24T07:00:18.227+0000][69][info ][safepoint   ] Safepoint "Cleanup", Time since last: 2000964810 ns, Reaching safepoint: 17539 ns, Cleanup: 14881 ns, At safepoint: 9875 ns, Total: 42295 ns
[2025-05-24T07:00:20.232+0000][69][info ][safepoint   ] Safepoint "Cleanup", Time since last: 2004564862 ns, Reaching safepoint: 13899 ns, Cleanup: 19403 ns, At safepoint: 6889 ns, Total: 40191 ns
[2025-05-24T07:00:22.232+0000][69][info ][safepoint   ] Safepoint "Cleanup", Time since last: 2000768217 ns, Reaching safepoint: 17435 ns, Cleanup: 11942 ns, At safepoint: 25128 ns, Total: 54505 ns
[2025-05-24T07:00:25.234+0000][69][info ][safepoint   ] Safepoint "Cleanup", Time since last: 3001732464 ns, Reaching safepoint: 14850 ns, Cleanup: 12271 ns, At safepoint: 8488 ns, Total: 35609 ns
[2025-05-24T07:00:27.235+0000][69][info ][safepoint   ] Safepoint "Cleanup", Time since last: 2000783014 ns, Reaching safepoint: 16030 ns, Cleanup: 13452 ns, At safepoint: 9075 ns, Total: 38557 ns
[2025-05-24T07:00:28.236+0000][69][info ][safepoint   ] Safepoint "Cleanup", Time since last: 1000775310 ns, Reaching safepoint: 15013 ns, Cleanup: 16069 ns, At safepoint: 8305 ns, Total: 39387 ns
[2025-05-24T07:00:30.237+0000][69][info ][safepoint   ] Safepoint "Cleanup", Time since last: 2000918160 ns, Reaching safepoint: 55874 ns, Cleanup: 16212 ns, At safepoint: 8444 ns, Total: 80530 ns
[2025-05-24T07:00:36.889+0000][69][info ][safepoint   ] Safepoint "Cleanup", Time since last: 6654478061 ns, Reaching safepoint: 17695 ns, Cleanup: 13373 ns, At safepoint: 8203 ns, Total: 39271 ns
[2025-05-24T07:00:37.897+0000][69][info ][safepoint   ] Safepoint "Cleanup", Time since last: 1007893493 ns, Reaching safepoint: 14815 ns, Cleanup: 21966 ns, At safepoint: 8666 ns, Total: 45447 ns
[2025-05-24T07:00:39.899+0000][69][info ][safepoint   ] Safepoint "Cleanup", Time since last: 2001464252 ns, Reaching safepoint: 15001 ns, Cleanup: 15016 ns, At safepoint: 7086 ns, Total: 37103 ns
[2025-05-24T07:00:40.899+0000][69][info ][safepoint   ] Safepoint "Cleanup", Time since last: 1000594694 ns, Reaching safepoint: 16538 ns, Cleanup: 18459 ns, At safepoint: 8122 ns, Total: 43119 ns
[2025-05-24T07:00:42.900+0000][69][info ][safepoint   ] Safepoint "Cleanup", Time since last: 2000880931 ns, Reaching safepoint: 15031 ns, Cleanup: 28122 ns, At safepoint: 8584 ns, Total: 51737 ns
[2025-05-24T07:00:43.901+0000][69][info ][safepoint   ] Safepoint "Cleanup", Time since last: 1000582275 ns, Reaching safepoint: 16393 ns, Cleanup: 16252 ns, At safepoint: 8017 ns, Total: 40662 ns
[2025-05-24T07:00:45.902+0000][69][info ][safepoint   ] Safepoint "Cleanup", Time since last: 2001377821 ns, Reaching safepoint: 75772 ns, Cleanup: 26618 ns, At safepoint: 10595 ns, Total: 112985 ns
[2025-05-24T07:00:46.903+0000][69][info ][safepoint   ] Safepoint "Cleanup", Time since last: 1000659822 ns, Reaching safepoint: 19036 ns, Cleanup: 22967 ns, At safepoint: 9310 ns, Total: 51313 ns
[2025-05-24T07:00:47.904+0000][69][info ][safepoint   ] Safepoint "Cleanup", Time since last: 1000637782 ns, Reaching safepoint: 14728 ns, Cleanup: 14749 ns, At safepoint: 7783 ns, Total: 37260 ns
[2025-05-24T07:00:49.906+0000][69][info ][safepoint   ] Safepoint "Cleanup", Time since last: 2002631119 ns, Reaching safepoint: 15226 ns, Cleanup: 14230 ns, At safepoint: 9380 ns, Total: 38836 ns
[2025-05-24T07:00:52.908+0000][69][info ][safepoint   ] Safepoint "Cleanup", Time since last: 3001222871 ns, Reaching safepoint: 15249 ns, Cleanup: 16617 ns, At safepoint: 8022 ns, Total: 39888 ns
[2025-05-24T07:00:53.909+0000][69][info ][safepoint   ] Safepoint "Cleanup", Time since last: 1001145833 ns, Reaching safepoint: 15082 ns, Cleanup: 13363 ns, At safepoint: 9650 ns, Total: 38095 ns
[2025-05-24T07:00:58.910+0000][69][info ][safepoint   ] Safepoint "Cleanup", Time since last: 5001141188 ns, Reaching safepoint: 15232 ns, Cleanup: 15228 ns, At safepoint: 7844 ns, Total: 38304 ns
[2025-05-24T07:00:59.912+0000][69][info ][safepoint   ] Safepoint "Cleanup", Time since last: 1002389944 ns, Reaching safepoint: 35867 ns, Cleanup: 12721 ns, At safepoint: 7462 ns, Total: 56050 ns
[2025-05-24T07:01:00.913+0000][69][info ][safepoint   ] Safepoint "Cleanup", Time since last: 1000481711 ns, Reaching safepoint: 27023 ns, Cleanup: 17403 ns, At safepoint: 17685 ns, Total: 62111 ns
[2025-05-24T07:01:02.914+0000][69][info ][safepoint   ] Safepoint "Cleanup", Time since last: 2001076661 ns, Reaching safepoint: 17689 ns, Cleanup: 13343 ns, At safepoint: 8904 ns, Total: 39936 ns
[2025-05-24T07:01:04.915+0000][69][info ][safepoint   ] Safepoint "Cleanup", Time since last: 2000853970 ns, Reaching safepoint: 19670 ns, Cleanup: 13235 ns, At safepoint: 8184 ns, Total: 41089 ns
[2025-05-24T07:01:05.914+0000][69][info ][safepoint   ] Safepoint "Cleanup", Time since last: 1000793046 ns, Reaching safepoint: 35343 ns, Cleanup: 19948 ns, At safepoint: 19004 ns, Total: 74295 ns
[2025-05-24T07:01:06.914+0000][69][info ][safepoint   ] Safepoint "Cleanup", Time since last: 1000563964 ns, Reaching safepoint: 39789 ns, Cleanup: 19100 ns, At safepoint: 10503 ns, Total: 69392 ns
[2025-05-24T07:01:08.253+0000][69][info ][safepoint   ] Safepoint "Cleanup", Time since last: 1338342563 ns, Reaching safepoint: 20462 ns, Cleanup: 34214 ns, At safepoint: 8080 ns, Total: 62756 ns
[2025-05-24T07:01:09.259+0000][69][info ][safepoint   ] Safepoint "Cleanup", Time since last: 1006010493 ns, Reaching safepoint: 26566 ns, Cleanup: 15078 ns, At safepoint: 9700 ns, Total: 51344 ns
[2025-05-24T07:01:10.259+0000][69][info ][safepoint   ] Safepoint "Cleanup", Time since last: 1000559588 ns, Reaching safepoint: 20267 ns, Cleanup: 16800 ns, At safepoint: 10184 ns, Total: 47251 ns
[2025-05-24T07:01:13.260+0000][69][info ][safepoint   ] Safepoint "Cleanup", Time since last: 3001103537 ns, Reaching safepoint: 18336 ns, Cleanup: 15527 ns, At safepoint: 9580 ns, Total: 43443 ns
[2025-05-24T07:01:15.261+0000][69][info ][safepoint   ] Safepoint "Cleanup", Time since last: 2000702424 ns, Reaching safepoint: 16723 ns, Cleanup: 15863 ns, At safepoint: 8811 ns, Total: 41397 ns
[2025-05-24T07:01:16.262+0000][69][info ][safepoint   ] Safepoint "Cleanup", Time since last: 1000542184 ns, Reaching safepoint: 15769 ns, Cleanup: 15058 ns, At safepoint: 9212 ns, Total: 40039 ns
[2025-05-24T07:01:19.126+0000][69][info ][safepoint   ] Safepoint "Cleanup", Time since last: 2864628056 ns, Reaching safepoint: 86398 ns, Cleanup: 9734 ns, At safepoint: 38184 ns, Total: 134316 ns
[2025-05-24T07:01:20.273+0000][69][info ][safepoint   ] Safepoint "Cleanup", Time since last: 1146415361 ns, Reaching safepoint: 16294 ns, Cleanup: 31774 ns, At safepoint: 8503 ns, Total: 56571 ns
[2025-05-24T07:01:21.284+0000][69][info ][safepoint   ] Safepoint "Cleanup", Time since last: 1011450584 ns, Reaching safepoint: 16434 ns, Cleanup: 18734 ns, At safepoint: 8889 ns, Total: 44057 ns
[2025-05-24T07:01:22.285+0000][69][info ][safepoint   ] Safepoint "Cleanup", Time since last: 1000649874 ns, Reaching safepoint: 15232 ns, Cleanup: 30402 ns, At safepoint: 8459 ns, Total: 54093 ns
[2025-05-24T07:01:25.286+0000][69][info ][safepoint   ] Safepoint "Cleanup", Time since last: 3000844422 ns, Reaching safepoint: 17104 ns, Cleanup: 21776 ns, At safepoint: 8554 ns, Total: 47434 ns
[2025-05-24T07:01:28.287+0000][69][info ][safepoint   ] Safepoint "Cleanup", Time since last: 3000843101 ns, Reaching safepoint: 16125 ns, Cleanup: 13780 ns, At safepoint: 7664 ns, Total: 37569 ns
[2025-05-24T07:01:30.288+0000][69][info ][safepoint   ] Safepoint "Cleanup", Time since last: 2000888606 ns, Reaching safepoint: 38897 ns, Cleanup: 17944 ns, At safepoint: 9539 ns, Total: 66380 ns
[2025-05-24T07:01:36.926+0000][69][info ][safepoint   ] Safepoint "Cleanup", Time since last: 6640272561 ns, Reaching safepoint: 17519 ns, Cleanup: 16328 ns, At safepoint: 7646 ns, Total: 41493 ns
[2025-05-24T07:01:37.926+0000][69][info ][safepoint   ] Safepoint "Cleanup", Time since last: 1000525283 ns, Reaching safepoint: 15083 ns, Cleanup: 13586 ns, At safepoint: 7196 ns, Total: 35865 ns
[2025-05-24T07:01:38.927+0000][69][info ][safepoint   ] Safepoint "Cleanup", Time since last: 1000744723 ns, Reaching safepoint: 15503 ns, Cleanup: 13569 ns, At safepoint: 8348 ns, Total: 37420 ns
[2025-05-24T07:01:40.929+0000][69][info ][safepoint   ] Safepoint "Cleanup", Time since last: 2001643779 ns, Reaching safepoint: 14851 ns, Cleanup: 16895 ns, At safepoint: 8206 ns, Total: 39952 ns
[2025-05-24T07:01:42.930+0000][69][info ][safepoint   ] Safepoint "Cleanup", Time since last: 2001039924 ns, Reaching safepoint: 15959 ns, Cleanup: 19615 ns, At safepoint: 7877 ns, Total: 43451 ns
[2025-05-24T07:01:45.932+0000][69][info ][safepoint   ] Safepoint "Cleanup", Time since last: 3002154692 ns, Reaching safepoint: 36032 ns, Cleanup: 12989 ns, At safepoint: 9655 ns, Total: 58676 ns
[2025-05-24T07:01:47.933+0000][69][info ][safepoint   ] Safepoint "Cleanup", Time since last: 2000671503 ns, Reaching safepoint: 23811 ns, Cleanup: 13096 ns, At safepoint: 8346 ns, Total: 45253 ns
[2025-05-24T07:01:50.934+0000][69][info ][safepoint   ] Safepoint "Cleanup", Time since last: 3000859997 ns, Reaching safepoint: 15645 ns, Cleanup: 12460 ns, At safepoint: 7018 ns, Total: 35123 ns
[2025-05-24T07:01:55.935+0000][69][info ][safepoint   ] Safepoint "Cleanup", Time since last: 5001482947 ns, Reaching safepoint: 14986 ns, Cleanup: 18373 ns, At safepoint: 8350 ns, Total: 41709 ns
[2025-05-24T07:02:01.936+0000][69][info ][safepoint   ] Safepoint "Cleanup", Time since last: 6001275367 ns, Reaching safepoint: 36465 ns, Cleanup: 13135 ns, At safepoint: 8255 ns, Total: 57855 ns
[2025-05-24T07:02:04.938+0000][69][info ][safepoint   ] Safepoint "Cleanup", Time since last: 3001102862 ns, Reaching safepoint: 15630 ns, Cleanup: 13625 ns, At safepoint: 8309 ns, Total: 37564 ns
[2025-05-24T07:02:05.936+0000][69][info ][safepoint   ] Safepoint "Cleanup", Time since last: 1001938609 ns, Reaching safepoint: 15621 ns, Cleanup: 12517 ns, At safepoint: 7811 ns, Total: 35949 ns
[2025-05-24T07:02:07.937+0000][69][info ][safepoint   ] Safepoint "Cleanup", Time since last: 2001315313 ns, Reaching safepoint: 15322 ns, Cleanup: 21326 ns, At safepoint: 8471 ns, Total: 45119 ns
[2025-05-24T07:02:10.121+0000][69][info ][safepoint   ] Safepoint "Cleanup", Time since last: 2183603841 ns, Reaching safepoint: 5651 ns, Cleanup: 15604 ns, At safepoint: 11968 ns, Total: 33223 ns
[2025-05-24T07:02:11.328+0000][69][info ][safepoint   ] Safepoint "Cleanup", Time since last: 1206442344 ns, Reaching safepoint: 16009 ns, Cleanup: 19793 ns, At safepoint: 9265 ns, Total: 45067 ns
[2025-05-24T07:02:13.128+0000][69][info ][safepoint   ] Safepoint "Cleanup", Time since last: 1800696128 ns, Reaching safepoint: 5901 ns, Cleanup: 9047 ns, At safepoint: 2348 ns, Total: 17296 ns
[2025-05-24T07:02:14.339+0000][69][info ][safepoint   ] Safepoint "Cleanup", Time since last: 1210738678 ns, Reaching safepoint: 15973 ns, Cleanup: 25264 ns, At safepoint: 7820 ns, Total: 49057 ns
[2025-05-24T07:02:15.340+0000][69][info ][safepoint   ] Safepoint "Cleanup", Time since last: 1001178087 ns, Reaching safepoint: 15160 ns, Cleanup: 20469 ns, At safepoint: 8142 ns, Total: 43771 ns
[2025-05-24T07:02:16.341+0000][69][info ][safepoint   ] Safepoint "Cleanup", Time since last: 1000595042 ns, Reaching safepoint: 39623 ns, Cleanup: 13945 ns, At safepoint: 9239 ns, Total: 62807 ns
[2025-05-24T07:02:17.342+0000][69][info ][safepoint   ] Safepoint "Cleanup", Time since last: 1000619315 ns, Reaching safepoint: 14841 ns, Cleanup: 13824 ns, At safepoint: 8234 ns, Total: 36899 ns
[2025-05-24T07:02:19.122+0000][69][info ][safepoint   ] Safepoint "Cleanup", Time since last: 1780428304 ns, Reaching safepoint: 5833 ns, Cleanup: 11808 ns, At safepoint: 11635 ns, Total: 29276 ns
[2025-05-24T07:02:19.137+0000][69][info ][gc,start    ] GC(15) Pause Young (Prepare Mixed) (G1 Evacuation Pause)
[2025-05-24T07:02:19.139+0000][69][info ][gc,task     ] GC(15) Using 10 workers of 10 for evacuation
[2025-05-24T07:02:19.140+0000][69][debug][gc,age      ] GC(15) Desired survivor size 23068672 bytes, new threshold 15 (max threshold 15)
[2025-05-24T07:02:19.149+0000][69][info ][gc,phases   ] GC(15)   Pre Evacuate Collection Set: 0.66ms
[2025-05-24T07:02:19.149+0000][69][info ][gc,phases   ] GC(15)   Merge Heap Roots: 0.19ms
[2025-05-24T07:02:19.150+0000][69][info ][gc,phases   ] GC(15)   Evacuate Collection Set: 4.06ms
[2025-05-24T07:02:19.150+0000][69][info ][gc,phases   ] GC(15)   Post Evacuate Collection Set: 1.41ms
[2025-05-24T07:02:19.150+0000][69][info ][gc,phases   ] GC(15)   Other: 3.45ms
[2025-05-24T07:02:19.151+0000][69][trace][gc,age      ] GC(15) Age table with threshold 15 (max threshold 15)
[2025-05-24T07:02:19.151+0000][69][trace][gc,age      ] GC(15) - age   1:    2013208 bytes,    2013208 total
[2025-05-24T07:02:19.151+0000][69][trace][gc,age      ] GC(15) - age   2:      41296 bytes,    2054504 total
[2025-05-24T07:02:19.152+0000][69][trace][gc,age      ] GC(15) - age   3:     925624 bytes,    2980128 total
[2025-05-24T07:02:19.152+0000][69][trace][gc,age      ] GC(15) - age   4:     714032 bytes,    3694160 total
[2025-05-24T07:02:19.152+0000][69][info ][gc,heap     ] GC(15) Eden regions: 82->0(92)
[2025-05-24T07:02:19.153+0000][69][info ][gc,heap     ] GC(15) Survivor regions: 1->1(11)
[2025-05-24T07:02:19.153+0000][69][info ][gc,heap     ] GC(15) Old regions: 26->26
[2025-05-24T07:02:19.153+0000][69][info ][gc,heap     ] GC(15) Humongous regions: 0->0
[2025-05-24T07:02:19.154+0000][69][info ][gc,metaspace] GC(15) Metaspace: 141868K(145664K)->141868K(145664K) NonClass: 122367K(124416K)->122367K(124416K) Class: 19500K(21248K)->19500K(21248K)
[2025-05-24T07:02:19.154+0000][69][info ][gc          ] GC(15) Pause Young (Prepare Mixed) (G1 Evacuation Pause) 432M->104M(3880M) 17.202ms
[2025-05-24T07:02:19.155+0000][69][info ][gc,cpu      ] GC(15) User=0.03s Sys=0.02s Real=0.02s
[2025-05-24T07:02:19.155+0000][69][info ][safepoint   ] Safepoint "G1CollectForAllocation", Time since last: 14894607 ns, Reaching safepoint: 14199 ns, Cleanup: 16628 ns, At safepoint: 17855253 ns, Total: 17886080 ns
[2025-05-24T07:02:20.353+0000][69][info ][safepoint   ] Safepoint "Cleanup", Time since last: 1197919871 ns, Reaching safepoint: 15390 ns, Cleanup: 16611 ns, At safepoint: 7755 ns, Total: 39756 ns
[2025-05-24T07:02:22.354+0000][69][info ][safepoint   ] Safepoint "Cleanup", Time since last: 2001097852 ns, Reaching safepoint: 15585 ns, Cleanup: 28761 ns, At safepoint: 8443 ns, Total: 52789 ns
[2025-05-24T07:02:23.364+0000][69][info ][safepoint   ] Safepoint "Cleanup", Time since last: 1009829023 ns, Reaching safepoint: 15223 ns, Cleanup: 20666 ns, At safepoint: 8468 ns, Total: 44357 ns
[2025-05-24T07:02:25.365+0000][69][info ][safepoint   ] Safepoint "Cleanup", Time since last: 2000813118 ns, Reaching safepoint: 17849 ns, Cleanup: 25764 ns, At safepoint: 8988 ns, Total: 52601 ns
[2025-05-24T07:02:27.086+0000][69][info ][safepoint   ] Safepoint "Cleanup", Time since last: 1721415552 ns, Reaching safepoint: 18302 ns, Cleanup: 13740 ns, At safepoint: 8014 ns, Total: 40056 ns
[2025-05-24T07:02:28.087+0000][69][info ][safepoint   ] Safepoint "Cleanup", Time since last: 1000549355 ns, Reaching safepoint: 15220 ns, Cleanup: 14948 ns, At safepoint: 7867 ns, Total: 38035 ns
[2025-05-24T07:02:30.088+0000][69][info ][safepoint   ] Safepoint "Cleanup", Time since last: 2001123929 ns, Reaching safepoint: 17180 ns, Cleanup: 12648 ns, At safepoint: 8610 ns, Total: 38438 ns
[2025-05-24T07:02:31.966+0000][69][info ][safepoint   ] Safepoint "Cleanup", Time since last: 1877569641 ns, Reaching safepoint: 19350 ns, Cleanup: 15286 ns, At safepoint: 5256 ns, Total: 39892 ns
[2025-05-24T07:02:35.967+0000][69][info ][safepoint   ] Safepoint "Cleanup", Time since last: 4001692488 ns, Reaching safepoint: 16792 ns, Cleanup: 13907 ns, At safepoint: 7652 ns, Total: 38351 ns
[2025-05-24T07:02:36.967+0000][69][info ][safepoint   ] Safepoint "Cleanup", Time since last: 1000392812 ns, Reaching safepoint: 15129 ns, Cleanup: 18085 ns, At safepoint: 8325 ns, Total: 41539 ns
[2025-05-24T07:02:37.968+0000][69][info ][safepoint   ] Safepoint "Cleanup", Time since last: 1000695362 ns, Reaching safepoint: 18847 ns, Cleanup: 14979 ns, At safepoint: 7211 ns, Total: 41037 ns
[2025-05-24T07:02:40.969+0000][69][info ][safepoint   ] Safepoint "Cleanup", Time since last: 3001003107 ns, Reaching safepoint: 17722 ns, Cleanup: 14155 ns, At safepoint: 9282 ns, Total: 41159 ns
[2025-05-24T07:02:42.971+0000][69][info ][safepoint   ] Safepoint "Cleanup", Time since last: 2001885151 ns, Reaching safepoint: 16627 ns, Cleanup: 25219 ns, At safepoint: 8277 ns, Total: 50123 ns
[2025-05-24T07:02:45.972+0000][69][info ][safepoint   ] Safepoint "Cleanup", Time since last: 3000697243 ns, Reaching safepoint: 15409 ns, Cleanup: 14152 ns, At safepoint: 9424 ns, Total: 38985 ns
[2025-05-24T07:02:54.974+0000][69][info ][safepoint   ] Safepoint "Cleanup", Time since last: 9001755749 ns, Reaching safepoint: 17219 ns, Cleanup: 13117 ns, At safepoint: 8950 ns, Total: 39286 ns
[2025-05-24T07:02:55.974+0000][69][info ][safepoint   ] Safepoint "Cleanup", Time since last: 1000750572 ns, Reaching safepoint: 15458 ns, Cleanup: 18930 ns, At safepoint: 8032 ns, Total: 42420 ns
[2025-05-24T07:03:05.974+0000][69][info ][safepoint   ] Safepoint "Cleanup", Time since last: 10002142224 ns, Reaching safepoint: 54678 ns, Cleanup: 14277 ns, At safepoint: 8751 ns, Total: 77706 ns
[2025-05-24T07:03:07.976+0000][69][info ][safepoint   ] Safepoint "Cleanup", Time since last: 2001982282 ns, Reaching safepoint: 15704 ns, Cleanup: 14326 ns, At safepoint: 8015 ns, Total: 38045 ns
[2025-05-24T07:03:10.979+0000][69][info ][safepoint   ] Safepoint "Cleanup", Time since last: 3002546194 ns, Reaching safepoint: 16531 ns, Cleanup: 13235 ns, At safepoint: 8416 ns, Total: 38182 ns
[2025-05-24T07:03:13.127+0000][69][info ][safepoint   ] Safepoint "Cleanup", Time since last: 2148556548 ns, Reaching safepoint: 97438 ns, Cleanup: 12874 ns, At safepoint: 49848 ns, Total: 160160 ns
[2025-05-24T07:03:14.396+0000][69][info ][safepoint   ] Safepoint "Cleanup", Time since last: 1268999029 ns, Reaching safepoint: 14089 ns, Cleanup: 78033 ns, At safepoint: 14900 ns, Total: 107022 ns
[2025-05-24T07:03:17.400+0000][69][info ][safepoint   ] Safepoint "Cleanup", Time since last: 3003387089 ns, Reaching safepoint: 20161 ns, Cleanup: 13072 ns, At safepoint: 8311 ns, Total: 41544 ns
[2025-05-24T07:03:19.401+0000][69][info ][safepoint   ] Safepoint "Cleanup", Time since last: 2000665171 ns, Reaching safepoint: 47219 ns, Cleanup: 16326 ns, At safepoint: 10937 ns, Total: 74482 ns
[2025-05-24T07:03:20.401+0000][69][info ][safepoint   ] Safepoint "Cleanup", Time since last: 1000499720 ns, Reaching safepoint: 17681 ns, Cleanup: 15208 ns, At safepoint: 8497 ns, Total: 41386 ns
[2025-05-24T07:03:25.402+0000][69][info ][safepoint   ] Safepoint "Cleanup", Time since last: 5001071162 ns, Reaching safepoint: 23012 ns, Cleanup: 20691 ns, At safepoint: 9124 ns, Total: 52827 ns
[2025-05-24T07:03:27.403+0000][69][info ][safepoint   ] Safepoint "Cleanup", Time since last: 2000771882 ns, Reaching safepoint: 15479 ns, Cleanup: 11833 ns, At safepoint: 7195 ns, Total: 34507 ns
[2025-05-24T07:03:28.404+0000][69][info ][safepoint   ] Safepoint "Cleanup", Time since last: 1000564649 ns, Reaching safepoint: 15523 ns, Cleanup: 13509 ns, At safepoint: 7092 ns, Total: 36124 ns
[2025-05-24T07:03:31.405+0000][69][info ][safepoint   ] Safepoint "Cleanup", Time since last: 3001426534 ns, Reaching safepoint: 15234 ns, Cleanup: 12531 ns, At safepoint: 7451 ns, Total: 35216 ns
[2025-05-24T07:03:38.002+0000][69][info ][safepoint   ] Safepoint "Cleanup", Time since last: 6599790713 ns, Reaching safepoint: 60865 ns, Cleanup: 20762 ns, At safepoint: 8861 ns, Total: 90488 ns
[2025-05-24T07:03:40.002+0000][69][info ][safepoint   ] Safepoint "Cleanup", Time since last: 2000786618 ns, Reaching safepoint: 14891 ns, Cleanup: 16248 ns, At safepoint: 7732 ns, Total: 38871 ns
[2025-05-24T07:03:43.003+0000][69][info ][safepoint   ] Safepoint "Cleanup", Time since last: 3001057086 ns, Reaching safepoint: 15722 ns, Cleanup: 23133 ns, At safepoint: 8377 ns, Total: 47232 ns
[2025-05-24T07:03:44.004+0000][69][info ][safepoint   ] Safepoint "Cleanup", Time since last: 1000706885 ns, Reaching safepoint: 16565 ns, Cleanup: 15758 ns, At safepoint: 9297 ns, Total: 41620 ns
[2025-05-24T07:03:46.007+0000][69][info ][safepoint   ] Safepoint "Cleanup", Time since last: 2002845366 ns, Reaching safepoint: 18127 ns, Cleanup: 21218 ns, At safepoint: 8547 ns, Total: 47892 ns
[2025-05-24T07:03:47.008+0000][69][info ][safepoint   ] Safepoint "Cleanup", Time since last: 1000663981 ns, Reaching safepoint: 18273 ns, Cleanup: 15448 ns, At safepoint: 7586 ns, Total: 41307 ns
[2025-05-24T07:03:48.009+0000][69][info ][safepoint   ] Safepoint "Cleanup", Time since last: 1000851050 ns, Reaching safepoint: 17288 ns, Cleanup: 13543 ns, At safepoint: 8043 ns, Total: 38874 ns
[2025-05-24T07:03:50.011+0000][69][info ][safepoint   ] Safepoint "Cleanup", Time since last: 2001848537 ns, Reaching safepoint: 40173 ns, Cleanup: 15834 ns, At safepoint: 8202 ns, Total: 64209 ns
[2025-05-24T07:03:51.011+0000][69][info ][safepoint   ] Safepoint "Cleanup", Time since last: 1000718205 ns, Reaching safepoint: 18579 ns, Cleanup: 14442 ns, At safepoint: 8040 ns, Total: 41061 ns
[2025-05-24T07:03:53.013+0000][69][info ][safepoint   ] Safepoint "Cleanup", Time since last: 2001127621 ns, Reaching safepoint: 15807 ns, Cleanup: 14656 ns, At safepoint: 8050 ns, Total: 38513 ns
[2025-05-24T07:03:55.014+0000][69][info ][safepoint   ] Safepoint "Cleanup", Time since last: 2001398809 ns, Reaching safepoint: 15584 ns, Cleanup: 13179 ns, At safepoint: 7924 ns, Total: 36687 ns
[2025-05-24T07:03:56.015+0000][69][info ][safepoint   ] Safepoint "Cleanup", Time since last: 1000871469 ns, Reaching safepoint: 16788 ns, Cleanup: 15653 ns, At safepoint: 8396 ns, Total: 40837 ns
[2025-05-24T07:04:00.018+0000][69][info ][safepoint   ] Safepoint "Cleanup", Time since last: 4003214897 ns, Reaching safepoint: 20248 ns, Cleanup: 14851 ns, At safepoint: 9360 ns, Total: 44459 ns
[2025-05-24T07:04:01.025+0000][69][info ][safepoint   ] Safepoint "Cleanup", Time since last: 1007300205 ns, Reaching safepoint: 15785 ns, Cleanup: 12812 ns, At safepoint: 7777 ns, Total: 36374 ns
[2025-05-24T07:04:07.026+0000][69][info ][safepoint   ] Safepoint "Cleanup", Time since last: 6001454475 ns, Reaching safepoint: 38125 ns, Cleanup: 14401 ns, At safepoint: 7476 ns, Total: 60002 ns
[2025-05-24T07:04:08.027+0000][69][info ][safepoint   ] Safepoint "Cleanup", Time since last: 1000870473 ns, Reaching safepoint: 16593 ns, Cleanup: 15066 ns, At safepoint: 8239 ns, Total: 39898 ns
[2025-05-24T07:04:11.029+0000][69][info ][safepoint   ] Safepoint "Cleanup", Time since last: 3001963670 ns, Reaching safepoint: 16203 ns, Cleanup: 14846 ns, At safepoint: 8497 ns, Total: 39546 ns
[2025-05-24T07:04:14.030+0000][69][info ][safepoint   ] Safepoint "Cleanup", Time since last: 3001209714 ns, Reaching safepoint: 17640 ns, Cleanup: 16923 ns, At safepoint: 8541 ns, Total: 43104 ns
[2025-05-24T07:04:16.031+0000][69][info ][safepoint   ] Safepoint "Cleanup", Time since last: 2000808899 ns, Reaching safepoint: 15299 ns, Cleanup: 21511 ns, At safepoint: 7737 ns, Total: 44547 ns
[2025-05-24T07:04:17.423+0000][69][info ][safepoint   ] Safepoint "Cleanup", Time since last: 1391647257 ns, Reaching safepoint: 16944 ns, Cleanup: 29934 ns, At safepoint: 8060 ns, Total: 54938 ns
[2025-05-24T07:04:18.423+0000][69][info ][safepoint   ] Safepoint "Cleanup", Time since last: 1000801029 ns, Reaching safepoint: 16014 ns, Cleanup: 13372 ns, At safepoint: 8177 ns, Total: 37563 ns
[2025-05-24T07:04:25.425+0000][69][info ][safepoint   ] Safepoint "Cleanup", Time since last: 7001611110 ns, Reaching safepoint: 39014 ns, Cleanup: 14673 ns, At safepoint: 8855 ns, Total: 62542 ns
[2025-05-24T07:04:28.426+0000][69][info ][safepoint   ] Safepoint "Cleanup", Time since last: 3001143742 ns, Reaching safepoint: 15159 ns, Cleanup: 12377 ns, At safepoint: 7627 ns, Total: 35163 ns
[2025-05-24T07:04:30.427+0000][69][info ][safepoint   ] Safepoint "Cleanup", Time since last: 2000824325 ns, Reaching safepoint: 15298 ns, Cleanup: 17578 ns, At safepoint: 8404 ns, Total: 41280 ns
[2025-05-24T07:04:38.045+0000][69][info ][safepoint   ] Safepoint "Cleanup", Time since last: 7619600297 ns, Reaching safepoint: 38625 ns, Cleanup: 13855 ns, At safepoint: 8992 ns, Total: 61472 ns
[2025-05-24T07:04:41.047+0000][69][info ][safepoint   ] Safepoint "Cleanup", Time since last: 3001797148 ns, Reaching safepoint: 15043 ns, Cleanup: 15001 ns, At safepoint: 7967 ns, Total: 38011 ns
[2025-05-24T07:04:42.048+0000][69][info ][safepoint   ] Safepoint "Cleanup", Time since last: 1001329245 ns, Reaching safepoint: 14708 ns, Cleanup: 23966 ns, At safepoint: 8370 ns, Total: 47044 ns
[2025-05-24T07:04:43.049+0000][69][info ][safepoint   ] Safepoint "Cleanup", Time since last: 1001257003 ns, Reaching safepoint: 15216 ns, Cleanup: 18601 ns, At safepoint: 8947 ns, Total: 42764 ns
[2025-05-24T07:04:46.051+0000][69][info ][safepoint   ] Safepoint "Cleanup", Time since last: 3001566417 ns, Reaching safepoint: 17511 ns, Cleanup: 33279 ns, At safepoint: 9403 ns, Total: 60193 ns
[2025-05-24T07:04:48.052+0000][69][info ][safepoint   ] Safepoint "Cleanup", Time since last: 2000839827 ns, Reaching safepoint: 17323 ns, Cleanup: 14826 ns, At safepoint: 8967 ns, Total: 41116 ns
[2025-05-24T07:04:50.058+0000][69][info ][safepoint   ] Safepoint "Cleanup", Time since last: 2006089986 ns, Reaching safepoint: 38467 ns, Cleanup: 15264 ns, At safepoint: 8546 ns, Total: 62277 ns
[2025-05-24T07:04:56.059+0000][69][info ][safepoint   ] Safepoint "Cleanup", Time since last: 6001146053 ns, Reaching safepoint: 19120 ns, Cleanup: 14529 ns, At safepoint: 10315 ns, Total: 43964 ns
[2025-05-24T07:04:58.060+0000][69][info ][safepoint   ] Safepoint "Cleanup", Time since last: 2000983498 ns, Reaching safepoint: 16831 ns, Cleanup: 13989 ns, At safepoint: 30422 ns, Total: 61242 ns
[2025-05-24T07:05:01.062+0000][69][info ][safepoint   ] Safepoint "Cleanup", Time since last: 3001556555 ns, Reaching safepoint: 17797 ns, Cleanup: 13928 ns, At safepoint: 7756 ns, Total: 39481 ns
[2025-05-24T07:05:02.065+0000][69][info ][safepoint   ] Safepoint "Cleanup", Time since last: 1002513124 ns, Reaching safepoint: 14820 ns, Cleanup: 16589 ns, At safepoint: 7951 ns, Total: 39360 ns
[2025-05-24T07:05:03.067+0000][69][info ][safepoint   ] Safepoint "Cleanup", Time since last: 1002777659 ns, Reaching safepoint: 15143 ns, Cleanup: 13953 ns, At safepoint: 9541 ns, Total: 38637 ns
[2025-05-24T07:05:05.069+0000][69][info ][safepoint   ] Safepoint "Cleanup", Time since last: 2001111580 ns, Reaching safepoint: 36218 ns, Cleanup: 13780 ns, At safepoint: 9654 ns, Total: 59652 ns
[2025-05-24T07:05:07.065+0000][69][info ][safepoint   ] Safepoint "Cleanup", Time since last: 2000909018 ns, Reaching safepoint: 15893 ns, Cleanup: 15791 ns, At safepoint: 8781 ns, Total: 40465 ns
[2025-05-24T07:05:10.067+0000][69][info ][safepoint   ] Safepoint "Cleanup", Time since last: 3001850857 ns, Reaching safepoint: 16449 ns, Cleanup: 13611 ns, At safepoint: 8707 ns, Total: 38767 ns
[2025-05-24T07:05:13.069+0000][69][info ][safepoint   ] Safepoint "Cleanup", Time since last: 3002437490 ns, Reaching safepoint: 17381 ns, Cleanup: 12735 ns, At safepoint: 8517 ns, Total: 38633 ns
[2025-05-24T07:05:18.070+0000][69][info ][safepoint   ] Safepoint "Cleanup", Time since last: 5001200805 ns, Reaching safepoint: 18224 ns, Cleanup: 14430 ns, At safepoint: 9237 ns, Total: 41891 ns
[2025-05-24T07:05:19.135+0000][69][info ][safepoint   ] Safepoint "Cleanup", Time since last: 1064186172 ns, Reaching safepoint: 94085 ns, Cleanup: 8035 ns, At safepoint: 49780 ns, Total: 151900 ns
[2025-05-24T07:05:20.454+0000][69][info ][safepoint   ] Safepoint "Cleanup", Time since last: 1319353714 ns, Reaching safepoint: 50774 ns, Cleanup: 45506 ns, At safepoint: 9186 ns, Total: 105466 ns
[2025-05-24T07:05:22.455+0000][69][info ][safepoint   ] Safepoint "Cleanup", Time since last: 2000667537 ns, Reaching safepoint: 16813 ns, Cleanup: 16661 ns, At safepoint: 8777 ns, Total: 42251 ns
[2025-05-24T07:05:25.456+0000][69][info ][safepoint   ] Safepoint "Cleanup", Time since last: 3000938818 ns, Reaching safepoint: 16579 ns, Cleanup: 21825 ns, At safepoint: 7829 ns, Total: 46233 ns
[2025-05-24T07:05:28.457+0000][69][info ][safepoint   ] Safepoint "Cleanup", Time since last: 3001472858 ns, Reaching safepoint: 13940 ns, Cleanup: 12156 ns, At safepoint: 6795 ns, Total: 32891 ns
[2025-05-24T07:05:37.088+0000][69][info ][safepoint   ] Safepoint "Cleanup", Time since last: 8630822811 ns, Reaching safepoint: 15462 ns, Cleanup: 14673 ns, At safepoint: 7079 ns, Total: 37214 ns
[2025-05-24T07:05:38.089+0000][69][info ][safepoint   ] Safepoint "Cleanup", Time since last: 1000681835 ns, Reaching safepoint: 15044 ns, Cleanup: 15275 ns, At safepoint: 7674 ns, Total: 37993 ns
[2025-05-24T07:05:40.092+0000][69][info ][safepoint   ] Safepoint "Cleanup", Time since last: 2002931209 ns, Reaching safepoint: 107162 ns, Cleanup: 9546 ns, At safepoint: 19489 ns, Total: 136197 ns
[2025-05-24T07:05:42.093+0000][69][info ][safepoint   ] Safepoint "Cleanup", Time since last: 2000978296 ns, Reaching safepoint: 15987 ns, Cleanup: 20933 ns, At safepoint: 8441 ns, Total: 45361 ns
[2025-05-24T07:05:43.094+0000][69][info ][safepoint   ] Safepoint "Cleanup", Time since last: 1000713597 ns, Reaching safepoint: 96501 ns, Cleanup: 11665 ns, At safepoint: 41884 ns, Total: 150050 ns
[2025-05-24T07:05:45.095+0000][69][info ][safepoint   ] Safepoint "Cleanup", Time since last: 2000875375 ns, Reaching safepoint: 34750 ns, Cleanup: 14536 ns, At safepoint: 8959 ns, Total: 58245 ns
[2025-05-24T07:05:55.097+0000][69][info ][safepoint   ] Safepoint "Cleanup", Time since last: 10002249034 ns, Reaching safepoint: 35208 ns, Cleanup: 11640 ns, At safepoint: 4553 ns, Total: 51401 ns
[2025-05-24T07:06:13.097+0000][69][info ][safepoint   ] Safepoint "Cleanup", Time since last: 18003069540 ns, Reaching safepoint: 16561 ns, Cleanup: 11256 ns, At safepoint: 7510 ns, Total: 35327 ns
[2025-05-24T07:06:15.099+0000][69][info ][safepoint   ] Safepoint "Cleanup", Time since last: 2001948732 ns, Reaching safepoint: 25163 ns, Cleanup: 15095 ns, At safepoint: 11308 ns, Total: 51566 ns
[2025-05-24T07:06:19.106+0000][69][info ][safepoint   ] Safepoint "Cleanup", Time since last: 4007274386 ns, Reaching safepoint: 17378 ns, Cleanup: 13936 ns, At safepoint: 8561 ns, Total: 39875 ns
[2025-05-24T07:06:22.107+0000][69][info ][safepoint   ] Safepoint "Cleanup", Time since last: 3000848157 ns, Reaching safepoint: 15149 ns, Cleanup: 15830 ns, At safepoint: 7586 ns, Total: 38565 ns
[2025-05-24T07:06:23.479+0000][69][info ][safepoint   ] Safepoint "Cleanup", Time since last: 1371808740 ns, Reaching safepoint: 15525 ns, Cleanup: 17591 ns, At safepoint: 8251 ns, Total: 41367 ns
[2025-05-24T07:06:25.480+0000][69][info ][safepoint   ] Safepoint "Cleanup", Time since last: 2000974627 ns, Reaching safepoint: 55513 ns, Cleanup: 26237 ns, At safepoint: 9007 ns, Total: 90757 ns
[2025-05-24T07:06:26.940+0000][69][info ][safepoint   ] Safepoint "Cleanup", Time since last: 1459689182 ns, Reaching safepoint: 6045 ns, Cleanup: 22567 ns, At safepoint: 11744 ns, Total: 40356 ns
[2025-05-24T07:06:27.949+0000][69][info ][safepoint   ] Safepoint "Cleanup", Time since last: 1009108976 ns, Reaching safepoint: 16728 ns, Cleanup: 16787 ns, At safepoint: 8193 ns, Total: 41708 ns
[2025-05-24T07:06:28.950+0000][69][info ][safepoint   ] Safepoint "Cleanup", Time since last: 1000623750 ns, Reaching safepoint: 184361 ns, Cleanup: 15319 ns, At safepoint: 45771 ns, Total: 245451 ns
[2025-05-24T07:06:30.951+0000][69][info ][safepoint   ] Safepoint "Cleanup", Time since last: 2000780469 ns, Reaching safepoint: 151060 ns, Cleanup: 13968 ns, At safepoint: 40962 ns, Total: 205990 ns
[2025-05-24T07:06:32.124+0000][69][info ][safepoint   ] Safepoint "Cleanup", Time since last: 1173465647 ns, Reaching safepoint: 6177 ns, Cleanup: 10593 ns, At safepoint: 2515 ns, Total: 19285 ns
[2025-05-24T07:06:37.124+0000][69][info ][safepoint   ] Safepoint "Cleanup", Time since last: 5001403602 ns, Reaching safepoint: 16427 ns, Cleanup: 12623 ns, At safepoint: 8244 ns, Total: 37294 ns
[2025-05-24T07:06:38.125+0000][69][info ][safepoint   ] Safepoint "Cleanup", Time since last: 1000714222 ns, Reaching safepoint: 13531 ns, Cleanup: 14078 ns, At safepoint: 7091 ns, Total: 34700 ns
[2025-05-24T07:06:42.126+0000][69][info ][safepoint   ] Safepoint "Cleanup", Time since last: 4001549247 ns, Reaching safepoint: 14981 ns, Cleanup: 36522 ns, At safepoint: 7253 ns, Total: 58756 ns
[2025-05-24T07:06:55.129+0000][69][info ][safepoint   ] Safepoint "Cleanup", Time since last: 13002626687 ns, Reaching safepoint: 44116 ns, Cleanup: 15152 ns, At safepoint: 9397 ns, Total: 68665 ns
[2025-05-24T07:06:56.130+0000][69][info ][safepoint   ] Safepoint "Cleanup", Time since last: 1000847903 ns, Reaching safepoint: 16101 ns, Cleanup: 16741 ns, At safepoint: 31637 ns, Total: 64479 ns
[2025-05-24T07:07:00.132+0000][69][info ][safepoint   ] Safepoint "Cleanup", Time since last: 4002105706 ns, Reaching safepoint: 28916 ns, Cleanup: 17117 ns, At safepoint: 12787 ns, Total: 58820 ns
[2025-05-24T07:07:03.138+0000][69][info ][safepoint   ] Safepoint "Cleanup", Time since last: 3005495561 ns, Reaching safepoint: 15121 ns, Cleanup: 13139 ns, At safepoint: 7499 ns, Total: 35759 ns
[2025-05-24T07:07:05.139+0000][69][info ][safepoint   ] Safepoint "Cleanup", Time since last: 2001096160 ns, Reaching safepoint: 15552 ns, Cleanup: 16623 ns, At safepoint: 8821 ns, Total: 40996 ns
[2025-05-24T07:07:07.138+0000][69][info ][safepoint   ] Safepoint "Cleanup", Time since last: 2001082433 ns, Reaching safepoint: 15304 ns, Cleanup: 11595 ns, At safepoint: 7325 ns, Total: 34224 ns
[2025-05-24T07:07:14.059+0000][69][info ][safepoint   ] Safepoint "Cleanup", Time since last: 6920822447 ns, Reaching safepoint: 6630 ns, Cleanup: 13690 ns, At safepoint: 2406 ns, Total: 22726 ns
[2025-05-24T07:07:15.967+0000][69][info ][safepoint   ] Safepoint "Cleanup", Time since last: 1908427362 ns, Reaching safepoint: 15219 ns, Cleanup: 19582 ns, At safepoint: 7674 ns, Total: 42475 ns
[2025-05-24T07:07:17.968+0000][69][info ][safepoint   ] Safepoint "Cleanup", Time since last: 2000887982 ns, Reaching safepoint: 16025 ns, Cleanup: 14114 ns, At safepoint: 8164 ns, Total: 38303 ns
[2025-05-24T07:07:18.970+0000][69][info ][safepoint   ] Safepoint "Cleanup", Time since last: 1001752987 ns, Reaching safepoint: 15762 ns, Cleanup: 12142 ns, At safepoint: 8475 ns, Total: 36379 ns
[2025-05-24T07:07:19.971+0000][69][info ][safepoint   ] Safepoint "Cleanup", Time since last: 1000696470 ns, Reaching safepoint: 17436 ns, Cleanup: 15814 ns, At safepoint: 8268 ns, Total: 41518 ns
[2025-05-24T07:07:20.974+0000][69][info ][safepoint   ] Safepoint "Cleanup", Time since last: 1003309836 ns, Reaching safepoint: 5976 ns, Cleanup: 15682 ns, At safepoint: 14052 ns, Total: 35710 ns
[2025-05-24T07:07:25.115+0000][69][info ][safepoint   ] Safepoint "Cleanup", Time since last: 4140884328 ns, Reaching safepoint: 6220 ns, Cleanup: 7295 ns, At safepoint: 2502 ns, Total: 16017 ns
[2025-05-24T07:07:26.996+0000][69][info ][safepoint   ] Safepoint "Cleanup", Time since last: 1881576221 ns, Reaching safepoint: 4923 ns, Cleanup: 9984 ns, At safepoint: 2305 ns, Total: 17212 ns
[2025-05-24T07:07:28.011+0000][69][info ][safepoint   ] Safepoint "Cleanup", Time since last: 1014736793 ns, Reaching safepoint: 5512 ns, Cleanup: 25890 ns, At safepoint: 2760 ns, Total: 34162 ns
[2025-05-24T07:07:30.016+0000][69][info ][safepoint   ] Safepoint "Cleanup", Time since last: 2004481352 ns, Reaching safepoint: 17095 ns, Cleanup: 12523 ns, At safepoint: 8484 ns, Total: 38102 ns
[2025-05-24T07:07:38.160+0000][69][info ][safepoint   ] Safepoint "Cleanup", Time since last: 8147483037 ns, Reaching safepoint: 19970 ns, Cleanup: 15056 ns, At safepoint: 8683 ns, Total: 43709 ns
[2025-05-24T07:07:40.161+0000][69][info ][safepoint   ] Safepoint "Cleanup", Time since last: 2001016319 ns, Reaching safepoint: 45147 ns, Cleanup: 14979 ns, At safepoint: 8594 ns, Total: 68720 ns
[2025-05-24T07:07:42.162+0000][69][info ][safepoint   ] Safepoint "Cleanup", Time since last: 2000913364 ns, Reaching safepoint: 18328 ns, Cleanup: 22899 ns, At safepoint: 8139 ns, Total: 49366 ns
[2025-05-24T07:07:44.163+0000][69][info ][safepoint   ] Safepoint "Cleanup", Time since last: 2001213803 ns, Reaching safepoint: 17906 ns, Cleanup: 13684 ns, At safepoint: 7933 ns, Total: 39523 ns
[2025-05-24T07:07:48.166+0000][69][info ][safepoint   ] Safepoint "Cleanup", Time since last: 4002595938 ns, Reaching safepoint: 16962 ns, Cleanup: 13043 ns, At safepoint: 8763 ns, Total: 38768 ns
[2025-05-24T07:07:53.170+0000][69][info ][safepoint   ] Safepoint "Cleanup", Time since last: 5003384431 ns, Reaching safepoint: 17722 ns, Cleanup: 15445 ns, At safepoint: 8414 ns, Total: 41581 ns
[2025-05-24T07:07:55.171+0000][69][info ][safepoint   ] Safepoint "Cleanup", Time since last: 2001014172 ns, Reaching safepoint: 44044 ns, Cleanup: 14273 ns, At safepoint: 9405 ns, Total: 67722 ns
[2025-05-24T07:07:56.172+0000][69][info ][safepoint   ] Safepoint "Cleanup", Time since last: 1001249990 ns, Reaching safepoint: 17625 ns, Cleanup: 11799 ns, At safepoint: 7517 ns, Total: 36941 ns
[2025-05-24T07:08:09.173+0000][69][info ][safepoint   ] Safepoint "Cleanup", Time since last: 13003023016 ns, Reaching safepoint: 16768 ns, Cleanup: 13953 ns, At safepoint: 7224 ns, Total: 37945 ns
[2025-05-24T07:08:10.174+0000][69][info ][safepoint   ] Safepoint "Cleanup", Time since last: 1000902383 ns, Reaching safepoint: 37398 ns, Cleanup: 16808 ns, At safepoint: 8469 ns, Total: 62675 ns
[2025-05-24T07:08:15.176+0000][69][info ][safepoint   ] Safepoint "Cleanup", Time since last: 5001551121 ns, Reaching safepoint: 20365 ns, Cleanup: 12895 ns, At safepoint: 7368 ns, Total: 40628 ns
[2025-05-24T07:08:17.177+0000][69][info ][safepoint   ] Safepoint "Cleanup", Time since last: 2001007267 ns, Reaching safepoint: 19535 ns, Cleanup: 13422 ns, At safepoint: 8402 ns, Total: 41359 ns
[2025-05-24T07:08:19.178+0000][69][info ][safepoint   ] Safepoint "Cleanup", Time since last: 2000842945 ns, Reaching safepoint: 21090 ns, Cleanup: 14071 ns, At safepoint: 9183 ns, Total: 44344 ns
[2025-05-24T07:08:20.179+0000][69][info ][safepoint   ] Safepoint "Cleanup", Time since last: 1001772489 ns, Reaching safepoint: 16437 ns, Cleanup: 12722 ns, At safepoint: 7281 ns, Total: 36440 ns
[2025-05-24T07:08:28.181+0000][69][info ][safepoint   ] Safepoint "Cleanup", Time since last: 8001946995 ns, Reaching safepoint: 19944 ns, Cleanup: 15313 ns, At safepoint: 9020 ns, Total: 44277 ns
[2025-05-24T07:08:30.033+0000][69][info ][safepoint   ] Safepoint "Cleanup", Time since last: 1851828437 ns, Reaching safepoint: 5594 ns, Cleanup: 11538 ns, At safepoint: 3038 ns, Total: 20170 ns
[2025-05-24T07:08:31.038+0000][69][info ][safepoint   ] Safepoint "Cleanup", Time since last: 1004976134 ns, Reaching safepoint: 15963 ns, Cleanup: 16013 ns, At safepoint: 7980 ns, Total: 39956 ns
[2025-05-24T07:08:32.198+0000][69][info ][safepoint   ] Safepoint "Cleanup", Time since last: 1159730608 ns, Reaching safepoint: 6613 ns, Cleanup: 27288 ns, At safepoint: 3237 ns, Total: 37138 ns
[2025-05-24T07:08:35.199+0000][69][info ][safepoint   ] Safepoint "Cleanup", Time since last: 3001139736 ns, Reaching safepoint: 20245 ns, Cleanup: 14736 ns, At safepoint: 8807 ns, Total: 43788 ns
[2025-05-24T07:08:41.205+0000][69][info ][safepoint   ] Safepoint "Cleanup", Time since last: 6007750869 ns, Reaching safepoint: 39203 ns, Cleanup: 13796 ns, At safepoint: 8431 ns, Total: 61430 ns
[2025-05-24T07:08:42.206+0000][69][info ][safepoint   ] Safepoint "Cleanup", Time since last: 1000632383 ns, Reaching safepoint: 18547 ns, Cleanup: 17655 ns, At safepoint: 8784 ns, Total: 44986 ns
[2025-05-24T07:08:50.208+0000][69][info ][safepoint   ] Safepoint "Cleanup", Time since last: 8002553348 ns, Reaching safepoint: 17810 ns, Cleanup: 15851 ns, At safepoint: 7986 ns, Total: 41647 ns
[2025-05-24T07:08:53.209+0000][69][info ][safepoint   ] Safepoint "Cleanup", Time since last: 3000864402 ns, Reaching safepoint: 21769 ns, Cleanup: 14358 ns, At safepoint: 10030 ns, Total: 46157 ns
[2025-05-24T07:08:55.210+0000][69][info ][safepoint   ] Safepoint "Cleanup", Time since last: 2000669350 ns, Reaching safepoint: 19767 ns, Cleanup: 73157 ns, At safepoint: 10480 ns, Total: 103404 ns
[2025-05-24T07:09:05.213+0000][69][info ][safepoint   ] Safepoint "Cleanup", Time since last: 10002412229 ns, Reaching safepoint: 50260 ns, Cleanup: 15374 ns, At safepoint: 9454 ns, Total: 75088 ns
[2025-05-24T07:09:10.211+0000][69][info ][safepoint   ] Safepoint "Cleanup", Time since last: 5001454318 ns, Reaching safepoint: 17691 ns, Cleanup: 15046 ns, At safepoint: 9552 ns, Total: 42289 ns
[2025-05-24T07:09:19.215+0000][69][info ][safepoint   ] Safepoint "Cleanup", Time since last: 9003454019 ns, Reaching safepoint: 16153 ns, Cleanup: 13749 ns, At safepoint: 6627 ns, Total: 36529 ns
[2025-05-24T07:09:20.216+0000][69][info ][safepoint   ] Safepoint "Cleanup", Time since last: 1000749679 ns, Reaching safepoint: 16567 ns, Cleanup: 15633 ns, At safepoint: 9072 ns, Total: 41272 ns
[2025-05-24T07:09:28.219+0000][69][info ][safepoint   ] Safepoint "Cleanup", Time since last: 8003197394 ns, Reaching safepoint: 38585 ns, Cleanup: 13601 ns, At safepoint: 9147 ns, Total: 61333 ns
[2025-05-24T07:09:29.220+0000][69][info ][safepoint   ] Safepoint "Cleanup", Time since last: 1001213768 ns, Reaching safepoint: 16443 ns, Cleanup: 13919 ns, At safepoint: 9840 ns, Total: 40202 ns
[2025-05-24T07:09:30.222+0000][69][info ][safepoint   ] Safepoint "Cleanup", Time since last: 1001533586 ns, Reaching safepoint: 58596 ns, Cleanup: 18199 ns, At safepoint: 12962 ns, Total: 89757 ns
[2025-05-24T07:09:32.100+0000][69][info ][safepoint   ] Safepoint "Cleanup", Time since last: 1877917867 ns, Reaching safepoint: 5672 ns, Cleanup: 10321 ns, At safepoint: 13340 ns, Total: 29333 ns
[2025-05-24T07:09:34.070+0000][69][info ][safepoint   ] Safepoint "Cleanup", Time since last: 1969949609 ns, Reaching safepoint: 15667 ns, Cleanup: 37114 ns, At safepoint: 7463 ns, Total: 60244 ns
[2025-05-24T07:09:35.070+0000][69][info ][safepoint   ] Safepoint "Cleanup", Time since last: 1000564687 ns, Reaching safepoint: 17017 ns, Cleanup: 15646 ns, At safepoint: 7689 ns, Total: 40352 ns
[2025-05-24T07:09:39.069+0000][69][info ][safepoint   ] Safepoint "Cleanup", Time since last: 4001527194 ns, Reaching safepoint: 14683 ns, Cleanup: 14475 ns, At safepoint: 7993 ns, Total: 37151 ns
[2025-05-24T07:09:42.070+0000][69][info ][safepoint   ] Safepoint "Cleanup", Time since last: 3000801734 ns, Reaching safepoint: 16731 ns, Cleanup: 17216 ns, At safepoint: 6682 ns, Total: 40629 ns
[2025-05-24T07:09:48.072+0000][69][info ][safepoint   ] Safepoint "Cleanup", Time since last: 6001247349 ns, Reaching safepoint: 41728 ns, Cleanup: 14328 ns, At safepoint: 7793 ns, Total: 63849 ns
[2025-05-24T07:09:50.073+0000][69][info ][safepoint   ] Safepoint "Cleanup", Time since last: 2000820250 ns, Reaching safepoint: 371386 ns, Cleanup: 13060 ns, At safepoint: 52696 ns, Total: 437142 ns
[2025-05-24T07:09:53.074+0000][69][info ][safepoint   ] Safepoint "Cleanup", Time since last: 3001366752 ns, Reaching safepoint: 27556 ns, Cleanup: 12867 ns, At safepoint: 7469 ns, Total: 47892 ns
[2025-05-24T07:09:59.076+0000][69][info ][safepoint   ] Safepoint "Cleanup", Time since last: 6001539712 ns, Reaching safepoint: 45094 ns, Cleanup: 14663 ns, At safepoint: 8821 ns, Total: 68578 ns
[2025-05-24T07:10:00.076+0000][69][info ][safepoint   ] Safepoint "Cleanup", Time since last: 1000513040 ns, Reaching safepoint: 18683 ns, Cleanup: 16003 ns, At safepoint: 9336 ns, Total: 44022 ns
[2025-05-24T07:10:18.078+0000][69][info ][safepoint   ] Safepoint "Cleanup", Time since last: 18004477161 ns, Reaching safepoint: 16804 ns, Cleanup: 10893 ns, At safepoint: 25835 ns, Total: 53532 ns
[2025-05-24T07:10:20.082+0000][69][info ][safepoint   ] Safepoint "Cleanup", Time since last: 2003245834 ns, Reaching safepoint: 17617 ns, Cleanup: 16095 ns, At safepoint: 8614 ns, Total: 42326 ns
[2025-05-24T07:10:23.082+0000][69][info ][safepoint   ] Safepoint "Cleanup", Time since last: 3000496573 ns, Reaching safepoint: 16022 ns, Cleanup: 13861 ns, At safepoint: 8022 ns, Total: 37905 ns
[2025-05-24T07:10:25.083+0000][69][info ][safepoint   ] Safepoint "Cleanup", Time since last: 2000548139 ns, Reaching safepoint: 16512 ns, Cleanup: 15165 ns, At safepoint: 7610 ns, Total: 39287 ns
[2025-05-24T07:10:35.059+0000][69][info ][safepoint   ] Safepoint "Cleanup", Time since last: 9975639306 ns, Reaching safepoint: 12449 ns, Cleanup: 8160 ns, At safepoint: 20950 ns, Total: 41559 ns
[2025-05-24T07:10:35.091+0000][69][info ][gc,start    ] GC(16) Pause Young (Mixed) (G1 Evacuation Pause)
[2025-05-24T07:10:35.091+0000][69][info ][gc,task     ] GC(16) Using 10 workers of 10 for evacuation
[2025-05-24T07:10:35.092+0000][69][debug][gc,age      ] GC(16) Desired survivor size 25165824 bytes, new threshold 15 (max threshold 15)
[2025-05-24T07:10:35.118+0000][69][info ][gc,phases   ] GC(16)   Pre Evacuate Collection Set: 0.51ms
[2025-05-24T07:10:35.118+0000][69][info ][gc,phases   ] GC(16)   Merge Heap Roots: 0.20ms
[2025-05-24T07:10:35.118+0000][69][info ][gc,phases   ] GC(16)   Evacuate Collection Set: 23.47ms
[2025-05-24T07:10:35.119+0000][69][info ][gc,phases   ] GC(16)   Post Evacuate Collection Set: 1.10ms
[2025-05-24T07:10:35.119+0000][69][info ][gc,phases   ] GC(16)   Other: 1.06ms
[2025-05-24T07:10:35.119+0000][69][trace][gc,age      ] GC(16) Age table with threshold 15 (max threshold 15)
[2025-05-24T07:10:35.119+0000][69][trace][gc,age      ] GC(16) - age   1:    1084208 bytes,    1084208 total
[2025-05-24T07:10:35.119+0000][69][trace][gc,age      ] GC(16) - age   2:     659752 bytes,    1743960 total
[2025-05-24T07:10:35.120+0000][69][trace][gc,age      ] GC(16) - age   3:      40872 bytes,    1784832 total
[2025-05-24T07:10:35.120+0000][69][trace][gc,age      ] GC(16) - age   4:     924368 bytes,    2709200 total
[2025-05-24T07:10:35.120+0000][69][trace][gc,age      ] GC(16) - age   5:     713216 bytes,    3422416 total
[2025-05-24T07:10:35.120+0000][69][info ][gc,heap     ] GC(16) Eden regions: 92->0(129)
[2025-05-24T07:10:35.121+0000][69][info ][gc,heap     ] GC(16) Survivor regions: 1->1(12)
[2025-05-24T07:10:35.121+0000][69][info ][gc,heap     ] GC(16) Old regions: 26->25
[2025-05-24T07:10:35.121+0000][69][info ][gc,heap     ] GC(16) Humongous regions: 0->0
[2025-05-24T07:10:35.121+0000][69][info ][gc,metaspace] GC(16) Metaspace: 142581K(146368K)->142581K(146368K) NonClass: 123072K(125120K)->123072K(125120K) Class: 19508K(21248K)->19508K(21248K)
[2025-05-24T07:10:35.121+0000][69][info ][gc          ] GC(16) Pause Young (Mixed) (G1 Evacuation Pause) 472M->103M(3880M) 30.442ms
[2025-05-24T07:10:35.122+0000][69][info ][gc,cpu      ] GC(16) User=0.08s Sys=0.03s Real=0.03s
[2025-05-24T07:10:35.122+0000][69][info ][safepoint   ] Safepoint "G1CollectForAllocation", Time since last: 32228375 ns, Reaching safepoint: 14446 ns, Cleanup: 14841 ns, At safepoint: 31033228 ns, Total: 31062515 ns
[2025-05-24T07:10:37.092+0000][69][info ][safepoint   ] Safepoint "Cleanup", Time since last: 1971595999 ns, Reaching safepoint: 15823 ns, Cleanup: 19634 ns, At safepoint: 8271 ns, Total: 43728 ns
[2025-05-24T07:10:42.093+0000][69][info ][safepoint   ] Safepoint "Cleanup", Time since last: 5001253565 ns, Reaching safepoint: 16086 ns, Cleanup: 14870 ns, At safepoint: 6955 ns, Total: 37911 ns
[2025-05-24T07:10:49.095+0000][69][info ][safepoint   ] Safepoint "Cleanup", Time since last: 7001697482 ns, Reaching safepoint: 14590 ns, Cleanup: 14217 ns, At safepoint: 7239 ns, Total: 36046 ns
[2025-05-24T07:10:50.096+0000][69][info ][safepoint   ] Safepoint "Cleanup", Time since last: 1001003690 ns, Reaching safepoint: 16599 ns, Cleanup: 14628 ns, At safepoint: 20958 ns, Total: 52185 ns
[2025-05-24T07:10:55.097+0000][69][info ][safepoint   ] Safepoint "Cleanup", Time since last: 5001124386 ns, Reaching safepoint: 17536 ns, Cleanup: 17323 ns, At safepoint: 29887 ns, Total: 64746 ns
[2025-05-24T07:10:56.098+0000][69][info ][safepoint   ] Safepoint "Cleanup", Time since last: 1000818874 ns, Reaching safepoint: 15213 ns, Cleanup: 12805 ns, At safepoint: 7510 ns, Total: 35528 ns
[2025-05-24T07:10:58.099+0000][69][info ][safepoint   ] Safepoint "Cleanup", Time since last: 2000878190 ns, Reaching safepoint: 17757 ns, Cleanup: 14138 ns, At safepoint: 7858 ns, Total: 39753 ns
[2025-05-24T07:11:00.101+0000][69][info ][safepoint   ] Safepoint "Cleanup", Time since last: 2001666577 ns, Reaching safepoint: 67657 ns, Cleanup: 14985 ns, At safepoint: 7483 ns, Total: 90125 ns
[2025-05-24T07:11:05.103+0000][69][info ][safepoint   ] Safepoint "Cleanup", Time since last: 5002652884 ns, Reaching safepoint: 32466 ns, Cleanup: 14973 ns, At safepoint: 9755 ns, Total: 57194 ns
[2025-05-24T07:11:08.102+0000][69][info ][safepoint   ] Safepoint "Cleanup", Time since last: 3001025475 ns, Reaching safepoint: 29671 ns, Cleanup: 18593 ns, At safepoint: 17418 ns, Total: 65682 ns
[2025-05-24T07:11:12.104+0000][69][info ][safepoint   ] Safepoint "Cleanup", Time since last: 4002062522 ns, Reaching safepoint: 16143 ns, Cleanup: 13625 ns, At safepoint: 7773 ns, Total: 37541 ns
[2025-05-24T07:11:13.107+0000][69][info ][safepoint   ] Safepoint "Cleanup", Time since last: 1002889464 ns, Reaching safepoint: 29220 ns, Cleanup: 20070 ns, At safepoint: 16567 ns, Total: 65857 ns
[2025-05-24T07:11:15.110+0000][69][info ][safepoint   ] Safepoint "Cleanup", Time since last: 2002722534 ns, Reaching safepoint: 18387 ns, Cleanup: 13125 ns, At safepoint: 9190 ns, Total: 40702 ns
[2025-05-24T07:11:18.111+0000][69][info ][safepoint   ] Safepoint "Cleanup", Time since last: 3000948092 ns, Reaching safepoint: 17495 ns, Cleanup: 13676 ns, At safepoint: 10233 ns, Total: 41404 ns
[2025-05-24T07:11:21.113+0000][69][info ][safepoint   ] Safepoint "Cleanup", Time since last: 3002583436 ns, Reaching safepoint: 17092 ns, Cleanup: 13738 ns, At safepoint: 8274 ns, Total: 39104 ns
[2025-05-24T07:11:22.114+0000][69][info ][safepoint   ] Safepoint "Cleanup", Time since last: 1000447015 ns, Reaching safepoint: 16580 ns, Cleanup: 13592 ns, At safepoint: 9509 ns, Total: 39681 ns
[2025-05-24T07:11:25.115+0000][69][info ][safepoint   ] Safepoint "Cleanup", Time since last: 3001424620 ns, Reaching safepoint: 18858 ns, Cleanup: 21364 ns, At safepoint: 7633 ns, Total: 47855 ns
[2025-05-24T07:11:26.116+0000][69][info ][safepoint   ] Safepoint "Cleanup", Time since last: 1000659501 ns, Reaching safepoint: 16366 ns, Cleanup: 14042 ns, At safepoint: 8090 ns, Total: 38498 ns
[2025-05-24T07:11:28.117+0000][69][info ][safepoint   ] Safepoint "Cleanup", Time since last: 2001194871 ns, Reaching safepoint: 15195 ns, Cleanup: 14860 ns, At safepoint: 7953 ns, Total: 38008 ns
[2025-05-24T07:11:35.322+0000][69][info ][safepoint   ] Safepoint "Cleanup", Time since last: 7204801742 ns, Reaching safepoint: 19610 ns, Cleanup: 14988 ns, At safepoint: 9136 ns, Total: 43734 ns
[2025-05-24T07:11:38.061+0000][69][info ][safepoint   ] Safepoint "Cleanup", Time since last: 2740953403 ns, Reaching safepoint: 80359 ns, Cleanup: 7833 ns, At safepoint: 20284 ns, Total: 108476 ns
[2025-05-24T07:11:39.076+0000][69][info ][safepoint   ] Safepoint "Cleanup", Time since last: 1015000609 ns, Reaching safepoint: 15763 ns, Cleanup: 16622 ns, At safepoint: 8840 ns, Total: 41225 ns
[2025-05-24T07:11:40.118+0000][69][info ][safepoint   ] Safepoint "Cleanup", Time since last: 1042012951 ns, Reaching safepoint: 15704 ns, Cleanup: 21220 ns, At safepoint: 7390 ns, Total: 44314 ns
[2025-05-24T07:11:42.119+0000][69][info ][safepoint   ] Safepoint "Cleanup", Time since last: 2000994745 ns, Reaching safepoint: 15232 ns, Cleanup: 17027 ns, At safepoint: 7673 ns, Total: 39932 ns
[2025-05-24T07:11:48.122+0000][69][info ][safepoint   ] Safepoint "Cleanup", Time since last: 6002386995 ns, Reaching safepoint: 42353 ns, Cleanup: 18267 ns, At safepoint: 8229 ns, Total: 68849 ns
[2025-05-24T07:11:50.123+0000][69][info ][safepoint   ] Safepoint "Cleanup", Time since last: 2001235652 ns, Reaching safepoint: 18520 ns, Cleanup: 12992 ns, At safepoint: 7385 ns, Total: 38897 ns
[2025-05-24T07:11:51.125+0000][69][info ][safepoint   ] Safepoint "Cleanup", Time since last: 1002322581 ns, Reaching safepoint: 16245 ns, Cleanup: 15499 ns, At safepoint: 7624 ns, Total: 39368 ns
[2025-05-24T07:11:55.127+0000][69][info ][safepoint   ] Safepoint "Cleanup", Time since last: 4001317387 ns, Reaching safepoint: 17441 ns, Cleanup: 14260 ns, At safepoint: 7835 ns, Total: 39536 ns
[2025-05-24T07:12:05.130+0000][69][info ][safepoint   ] Safepoint "Cleanup", Time since last: 10003254953 ns, Reaching safepoint: 24530 ns, Cleanup: 15516 ns, At safepoint: 9337 ns, Total: 49383 ns
[2025-05-24T07:12:07.130+0000][69][info ][safepoint   ] Safepoint "Cleanup", Time since last: 2001650896 ns, Reaching safepoint: 28622 ns, Cleanup: 17754 ns, At safepoint: 16742 ns, Total: 63118 ns
[2025-05-24T07:12:08.133+0000][69][info ][safepoint   ] Safepoint "Cleanup", Time since last: 1003787325 ns, Reaching safepoint: 18291 ns, Cleanup: 16037 ns, At safepoint: 10396 ns, Total: 44724 ns
[2025-05-24T07:12:10.135+0000][69][info ][safepoint   ] Safepoint "Cleanup", Time since last: 2001247711 ns, Reaching safepoint: 16012 ns, Cleanup: 15628 ns, At safepoint: 7914 ns, Total: 39554 ns
[2025-05-24T07:12:11.136+0000][69][info ][safepoint   ] Safepoint "Cleanup", Time since last: 1001170544 ns, Reaching safepoint: 16091 ns, Cleanup: 13650 ns, At safepoint: 9438 ns, Total: 39179 ns
[2025-05-24T07:12:17.050+0000][69][info ][safepoint   ] Safepoint "Cleanup", Time since last: 5913568235 ns, Reaching safepoint: 17604 ns, Cleanup: 8571 ns, At safepoint: 18886 ns, Total: 45061 ns
[2025-05-24T07:12:18.135+0000][69][info ][safepoint   ] Safepoint "Cleanup", Time since last: 1085327474 ns, Reaching safepoint: 16689 ns, Cleanup: 25304 ns, At safepoint: 7980 ns, Total: 49973 ns
[2025-05-24T07:12:19.146+0000][69][info ][safepoint   ] Safepoint "Cleanup", Time since last: 1011383047 ns, Reaching safepoint: 15144 ns, Cleanup: 12326 ns, At safepoint: 7092 ns, Total: 34562 ns
[2025-05-24T07:12:20.147+0000][69][info ][safepoint   ] Safepoint "Cleanup", Time since last: 1000749387 ns, Reaching safepoint: 17207 ns, Cleanup: 17661 ns, At safepoint: 9277 ns, Total: 44145 ns
[2025-05-24T07:12:23.049+0000][69][info ][safepoint   ] Safepoint "Cleanup", Time since last: 2901515527 ns, Reaching safepoint: 5403 ns, Cleanup: 10139 ns, At safepoint: 2550 ns, Total: 18092 ns
[2025-05-24T07:12:24.158+0000][69][info ][safepoint   ] Safepoint "Cleanup", Time since last: 1109201382 ns, Reaching safepoint: 16936 ns, Cleanup: 14686 ns, At safepoint: 6909 ns, Total: 38531 ns
[2025-05-24T07:12:25.160+0000][69][info ][safepoint   ] Safepoint "Cleanup", Time since last: 1002337376 ns, Reaching safepoint: 16536 ns, Cleanup: 13701 ns, At safepoint: 8275 ns, Total: 38512 ns
[2025-05-24T07:12:26.162+0000][69][info ][safepoint   ] Safepoint "Cleanup", Time since last: 1001578832 ns, Reaching safepoint: 15911 ns, Cleanup: 14148 ns, At safepoint: 9001 ns, Total: 39060 ns
[2025-05-24T07:12:30.171+0000][69][info ][safepoint   ] Safepoint "Cleanup", Time since last: 4009010662 ns, Reaching safepoint: 15276 ns, Cleanup: 14556 ns, At safepoint: 8669 ns, Total: 38501 ns
[2025-05-24T07:12:31.240+0000][69][info ][safepoint   ] Safepoint "Cleanup", Time since last: 1068974575 ns, Reaching safepoint: 15932 ns, Cleanup: 17727 ns, At safepoint: 8857 ns, Total: 42516 ns
[2025-05-24T07:12:35.052+0000][69][info ][safepoint   ] Safepoint "Cleanup", Time since last: 3812061093 ns, Reaching safepoint: 5516 ns, Cleanup: 7091 ns, At safepoint: 13163 ns, Total: 25770 ns
[2025-05-24T07:12:36.179+0000][69][info ][safepoint   ] Safepoint "Cleanup", Time since last: 1128790536 ns, Reaching safepoint: 17821 ns, Cleanup: 14314 ns, At safepoint: 8914 ns, Total: 41049 ns
[2025-05-24T07:12:38.596+0000][69][info ][safepoint   ] Safepoint "Cleanup", Time since last: 2417746054 ns, Reaching safepoint: 6114 ns, Cleanup: 8224 ns, At safepoint: 18673 ns, Total: 33011 ns
[2025-05-24T07:12:40.191+0000][69][info ][safepoint   ] Safepoint "Cleanup", Time since last: 1594332596 ns, Reaching safepoint: 21703 ns, Cleanup: 33095 ns, At safepoint: 11037 ns, Total: 65835 ns
[2025-05-24T07:12:41.194+0000][69][info ][safepoint   ] Safepoint "Cleanup", Time since last: 1003035118 ns, Reaching safepoint: 6356 ns, Cleanup: 37681 ns, At safepoint: 12355 ns, Total: 56392 ns
[2025-05-24T07:12:42.206+0000][69][info ][safepoint   ] Safepoint "Cleanup", Time since last: 1011761562 ns, Reaching safepoint: 17444 ns, Cleanup: 42945 ns, At safepoint: 11961 ns, Total: 72350 ns
[2025-05-24T07:12:44.206+0000][69][info ][safepoint   ] Safepoint "Cleanup", Time since last: 2000765092 ns, Reaching safepoint: 17252 ns, Cleanup: 14122 ns, At safepoint: 7920 ns, Total: 39294 ns
[2025-05-24T07:12:45.207+0000][69][info ][safepoint   ] Safepoint "Cleanup", Time since last: 1000348348 ns, Reaching safepoint: 16326 ns, Cleanup: 13930 ns, At safepoint: 7395 ns, Total: 37651 ns
[2025-05-24T07:12:56.209+0000][69][info ][safepoint   ] Safepoint "Cleanup", Time since last: 11002408411 ns, Reaching safepoint: 62488 ns, Cleanup: 16439 ns, At safepoint: 9720 ns, Total: 88647 ns
[2025-05-24T07:13:00.211+0000][69][info ][safepoint   ] Safepoint "Cleanup", Time since last: 4001223747 ns, Reaching safepoint: 19050 ns, Cleanup: 15606 ns, At safepoint: 8353 ns, Total: 43009 ns
[2025-05-24T07:13:10.210+0000][69][info ][safepoint   ] Safepoint "Cleanup", Time since last: 10001951124 ns, Reaching safepoint: 22347 ns, Cleanup: 14815 ns, At safepoint: 10241 ns, Total: 47403 ns
[2025-05-24T07:13:14.211+0000][69][info ][safepoint   ] Safepoint "Cleanup", Time since last: 4001104459 ns, Reaching safepoint: 18553 ns, Cleanup: 13066 ns, At safepoint: 8934 ns, Total: 40553 ns
[2025-05-24T07:13:15.215+0000][69][info ][safepoint   ] Safepoint "Cleanup", Time since last: 1003295539 ns, Reaching safepoint: 24940 ns, Cleanup: 15530 ns, At safepoint: 11752 ns, Total: 52222 ns
[2025-05-24T07:13:23.216+0000][69][info ][safepoint   ] Safepoint "Cleanup", Time since last: 8001611681 ns, Reaching safepoint: 42406 ns, Cleanup: 12969 ns, At safepoint: 8465 ns, Total: 63840 ns
[2025-05-24T07:13:25.217+0000][69][info ][safepoint   ] Safepoint "Cleanup", Time since last: 2000726056 ns, Reaching safepoint: 18843 ns, Cleanup: 13204 ns, At safepoint: 7825 ns, Total: 39872 ns
[2025-05-24T07:13:26.218+0000][69][info ][safepoint   ] Safepoint "Cleanup", Time since last: 1001165418 ns, Reaching safepoint: 17242 ns, Cleanup: 11932 ns, At safepoint: 6688 ns, Total: 35862 ns
[2025-05-24T07:13:27.219+0000][69][info ][safepoint   ] Safepoint "Cleanup", Time since last: 1000382591 ns, Reaching safepoint: 17704 ns, Cleanup: 22682 ns, At safepoint: 8818 ns, Total: 49204 ns
[2025-05-24T07:13:30.220+0000][69][info ][safepoint   ] Safepoint "Cleanup", Time since last: 3001480025 ns, Reaching safepoint: 40462 ns, Cleanup: 20197 ns, At safepoint: 21302 ns, Total: 81961 ns
[2025-05-24T07:13:38.400+0000][69][info ][safepoint   ] Safepoint "Cleanup", Time since last: 8181482869 ns, Reaching safepoint: 41562 ns, Cleanup: 15299 ns, At safepoint: 9373 ns, Total: 66234 ns
[2025-05-24T07:13:44.086+0000][69][info ][safepoint   ] Safepoint "Cleanup", Time since last: 5685829332 ns, Reaching safepoint: 96050 ns, Cleanup: 58842 ns, At safepoint: 51038 ns, Total: 205930 ns
[2025-05-24T07:13:45.228+0000][69][info ][safepoint   ] Safepoint "Cleanup", Time since last: 1142685295 ns, Reaching safepoint: 18179 ns, Cleanup: 22755 ns, At safepoint: 8001 ns, Total: 48935 ns
[2025-05-24T07:13:46.235+0000][69][info ][safepoint   ] Safepoint "Cleanup", Time since last: 1007010615 ns, Reaching safepoint: 18148 ns, Cleanup: 14678 ns, At safepoint: 6715 ns, Total: 39541 ns
[2025-05-24T07:13:50.237+0000][69][info ][safepoint   ] Safepoint "Cleanup", Time since last: 4001609620 ns, Reaching safepoint: 42669 ns, Cleanup: 16357 ns, At safepoint: 7862 ns, Total: 66888 ns
[2025-05-24T07:13:59.239+0000][69][info ][safepoint   ] Safepoint "Cleanup", Time since last: 9002095714 ns, Reaching safepoint: 34920 ns, Cleanup: 14455 ns, At safepoint: 8783 ns, Total: 58158 ns
[2025-05-24T07:14:25.241+0000][69][info ][safepoint   ] Safepoint "Cleanup", Time since last: 26004586559 ns, Reaching safepoint: 17845 ns, Cleanup: 12386 ns, At safepoint: 9525 ns, Total: 39756 ns
[2025-05-24T07:14:32.243+0000][69][info ][safepoint   ] Safepoint "Cleanup", Time since last: 7001521545 ns, Reaching safepoint: 17225 ns, Cleanup: 13917 ns, At safepoint: 9356 ns, Total: 40498 ns
[2025-05-24T07:14:42.436+0000][69][info ][safepoint   ] Safepoint "Cleanup", Time since last: 10195370731 ns, Reaching safepoint: 15714 ns, Cleanup: 13435 ns, At safepoint: 8016 ns, Total: 37165 ns
[2025-05-24T07:14:45.438+0000][69][info ][safepoint   ] Safepoint "Cleanup", Time since last: 3001612030 ns, Reaching safepoint: 16693 ns, Cleanup: 14941 ns, At safepoint: 8079 ns, Total: 39713 ns
[2025-05-24T07:14:47.077+0000][69][info ][safepoint   ] Safepoint "Cleanup", Time since last: 1639460051 ns, Reaching safepoint: 79599 ns, Cleanup: 5946 ns, At safepoint: 27736 ns, Total: 113281 ns
[2025-05-24T07:14:48.265+0000][69][info ][safepoint   ] Safepoint "Cleanup", Time since last: 1187678527 ns, Reaching safepoint: 15075 ns, Cleanup: 19182 ns, At safepoint: 27139 ns, Total: 61396 ns
[2025-05-24T07:14:50.268+0000][69][info ][safepoint   ] Safepoint "Cleanup", Time since last: 2003010220 ns, Reaching safepoint: 37250 ns, Cleanup: 10628 ns, At safepoint: 7038 ns, Total: 54916 ns
[2025-05-24T07:14:55.270+0000][69][info ][safepoint   ] Safepoint "Cleanup", Time since last: 5001463759 ns, Reaching safepoint: 16082 ns, Cleanup: 15572 ns, At safepoint: 7236 ns, Total: 38890 ns
[2025-05-24T07:15:05.272+0000][69][info ][safepoint   ] Safepoint "Cleanup", Time since last: 10002740037 ns, Reaching safepoint: 68401 ns, Cleanup: 24542 ns, At safepoint: 10686 ns, Total: 103629 ns
[2025-05-24T07:15:15.273+0000][69][info ][safepoint   ] Safepoint "Cleanup", Time since last: 10002393292 ns, Reaching safepoint: 14946 ns, Cleanup: 10951 ns, At safepoint: 6716 ns, Total: 32613 ns
[2025-05-24T07:15:25.276+0000][69][info ][safepoint   ] Safepoint "Cleanup", Time since last: 10002642704 ns, Reaching safepoint: 16434 ns, Cleanup: 11754 ns, At safepoint: 5390 ns, Total: 33578 ns
[2025-05-24T07:15:26.276+0000][69][info ][safepoint   ] Safepoint "Cleanup", Time since last: 1000389253 ns, Reaching safepoint: 14630 ns, Cleanup: 12112 ns, At safepoint: 7268 ns, Total: 34010 ns
[2025-05-24T07:15:27.279+0000][69][info ][safepoint   ] Safepoint "Cleanup", Time since last: 1003295742 ns, Reaching safepoint: 17423 ns, Cleanup: 13218 ns, At safepoint: 8384 ns, Total: 39025 ns
[2025-05-24T07:15:28.280+0000][69][info ][safepoint   ] Safepoint "Cleanup", Time since last: 1000950563 ns, Reaching safepoint: 14841 ns, Cleanup: 10217 ns, At safepoint: 7137 ns, Total: 32195 ns
[2025-05-24T07:15:30.281+0000][69][info ][safepoint   ] Safepoint "Cleanup", Time since last: 2000540004 ns, Reaching safepoint: 16865 ns, Cleanup: 14488 ns, At safepoint: 8133 ns, Total: 39486 ns
[2025-05-24T07:15:35.478+0000][69][info ][safepoint   ] Safepoint "Cleanup", Time since last: 5196737959 ns, Reaching safepoint: 40047 ns, Cleanup: 23513 ns, At safepoint: 9105 ns, Total: 72665 ns
[2025-05-24T07:15:38.476+0000][69][info ][safepoint   ] Safepoint "Cleanup", Time since last: 3001418839 ns, Reaching safepoint: 18963 ns, Cleanup: 16132 ns, At safepoint: 8965 ns, Total: 44060 ns
[2025-05-24T07:15:40.477+0000][69][info ][safepoint   ] Safepoint "Cleanup", Time since last: 2001127970 ns, Reaching safepoint: 19052 ns, Cleanup: 15225 ns, At safepoint: 9639 ns, Total: 43916 ns
[2025-05-24T07:15:44.478+0000][69][info ][safepoint   ] Safepoint "Cleanup", Time since last: 4001248654 ns, Reaching safepoint: 17947 ns, Cleanup: 14613 ns, At safepoint: 8748 ns, Total: 41308 ns
[2025-05-24T07:15:48.481+0000][69][info ][safepoint   ] Safepoint "Cleanup", Time since last: 4002320647 ns, Reaching safepoint: 16578 ns, Cleanup: 15771 ns, At safepoint: 8574 ns, Total: 40923 ns
[2025-05-24T07:15:50.282+0000][69][info ][safepoint   ] Safepoint "Cleanup", Time since last: 1800823524 ns, Reaching safepoint: 5626 ns, Cleanup: 5989 ns, At safepoint: 2648 ns, Total: 14263 ns
[2025-05-24T07:15:52.288+0000][69][info ][safepoint   ] Safepoint "Cleanup", Time since last: 2006301736 ns, Reaching safepoint: 164155 ns, Cleanup: 13766 ns, At safepoint: 9944 ns, Total: 187865 ns
[2025-05-24T07:15:53.290+0000][69][info ][safepoint   ] Safepoint "Cleanup", Time since last: 1001374299 ns, Reaching safepoint: 15537 ns, Cleanup: 13698 ns, At safepoint: 7907 ns, Total: 37142 ns
[2025-05-24T07:15:55.369+0000][69][info ][safepoint   ] Safepoint "Cleanup", Time since last: 2079257734 ns, Reaching safepoint: 5734 ns, Cleanup: 11765 ns, At safepoint: 11253 ns, Total: 28752 ns
[2025-05-24T07:15:56.374+0000][69][info ][safepoint   ] Safepoint "Cleanup", Time since last: 1005214757 ns, Reaching safepoint: 29262 ns, Cleanup: 14182 ns, At safepoint: 7808 ns, Total: 51252 ns
[2025-05-24T07:15:57.380+0000][69][info ][safepoint   ] Safepoint "Cleanup", Time since last: 1005785261 ns, Reaching safepoint: 5643 ns, Cleanup: 7927 ns, At safepoint: 12929 ns, Total: 26499 ns
[2025-05-24T07:15:58.383+0000][69][info ][safepoint   ] Safepoint "Cleanup", Time since last: 1003314450 ns, Reaching safepoint: 17822 ns, Cleanup: 12527 ns, At safepoint: 8468 ns, Total: 38817 ns
[2025-05-24T07:16:00.384+0000][69][info ][safepoint   ] Safepoint "Cleanup", Time since last: 2000805206 ns, Reaching safepoint: 16156 ns, Cleanup: 14679 ns, At safepoint: 7343 ns, Total: 38178 ns
[2025-05-24T07:16:20.368+0000][69][info ][safepoint   ] Safepoint "Cleanup", Time since last: 19985451422 ns, Reaching safepoint: 6909 ns, Cleanup: 12350 ns, At safepoint: 12328 ns, Total: 31587 ns
[2025-05-24T07:16:21.380+0000][69][info ][safepoint   ] Safepoint "Cleanup", Time since last: 1011693072 ns, Reaching safepoint: 21942 ns, Cleanup: 19014 ns, At safepoint: 36523 ns, Total: 77479 ns
[2025-05-24T07:16:40.643+0000][69][info ][safepoint   ] Safepoint "Cleanup", Time since last: 19265281787 ns, Reaching safepoint: 29584 ns, Cleanup: 13958 ns, At safepoint: 7746 ns, Total: 51288 ns
[2025-05-24T07:16:41.644+0000][69][info ][safepoint   ] Safepoint "Cleanup", Time since last: 1000615088 ns, Reaching safepoint: 18898 ns, Cleanup: 15009 ns, At safepoint: 8230 ns, Total: 42137 ns
[2025-05-24T07:16:42.646+0000][69][info ][safepoint   ] Safepoint "Cleanup", Time since last: 1001635730 ns, Reaching safepoint: 15372 ns, Cleanup: 20889 ns, At safepoint: 7432 ns, Total: 43693 ns
[2025-05-24T07:16:45.647+0000][69][info ][safepoint   ] Safepoint "Cleanup", Time since last: 3001389719 ns, Reaching safepoint: 19669 ns, Cleanup: 14023 ns, At safepoint: 9159 ns, Total: 42851 ns
[2025-05-24T07:16:48.649+0000][69][info ][safepoint   ] Safepoint "Cleanup", Time since last: 3001501992 ns, Reaching safepoint: 17852 ns, Cleanup: 15948 ns, At safepoint: 9382 ns, Total: 43182 ns
[2025-05-24T07:16:49.650+0000][69][info ][safepoint   ] Safepoint "Cleanup", Time since last: 1000771140 ns, Reaching safepoint: 30341 ns, Cleanup: 18995 ns, At safepoint: 18868 ns, Total: 68204 ns
[2025-05-24T07:16:50.650+0000][69][info ][safepoint   ] Safepoint "Cleanup", Time since last: 1000637723 ns, Reaching safepoint: 32828 ns, Cleanup: 18736 ns, At safepoint: 20404 ns, Total: 71968 ns
[2025-05-24T07:16:55.652+0000][69][info ][safepoint   ] Safepoint "Cleanup", Time since last: 5001673881 ns, Reaching safepoint: 17145 ns, Cleanup: 18843 ns, At safepoint: 7874 ns, Total: 43862 ns
[2025-05-24T07:16:57.373+0000][69][info ][safepoint   ] Safepoint "Cleanup", Time since last: 1720734075 ns, Reaching safepoint: 17096 ns, Cleanup: 17784 ns, At safepoint: 8857 ns, Total: 43737 ns
[2025-05-24T07:16:58.418+0000][69][info ][safepoint   ] Safepoint "Cleanup", Time since last: 1045490996 ns, Reaching safepoint: 16929 ns, Cleanup: 22036 ns, At safepoint: 8427 ns, Total: 47392 ns
[2025-05-24T07:17:00.420+0000][69][info ][safepoint   ] Safepoint "Cleanup", Time since last: 2002075397 ns, Reaching safepoint: 27758 ns, Cleanup: 16692 ns, At safepoint: 16134 ns, Total: 60584 ns
[2025-05-24T07:17:02.422+0000][69][info ][safepoint   ] Safepoint "Cleanup", Time since last: 2001715638 ns, Reaching safepoint: 16307 ns, Cleanup: 12458 ns, At safepoint: 6845 ns, Total: 35610 ns
[2025-05-24T07:17:07.421+0000][69][info ][safepoint   ] Safepoint "Cleanup", Time since last: 5001514296 ns, Reaching safepoint: 16556 ns, Cleanup: 12646 ns, At safepoint: 6843 ns, Total: 36045 ns
[2025-05-24T07:17:13.423+0000][69][info ][safepoint   ] Safepoint "Cleanup", Time since last: 6001453581 ns, Reaching safepoint: 25094 ns, Cleanup: 11675 ns, At safepoint: 7127 ns, Total: 43896 ns
[2025-05-24T07:17:17.377+0000][69][info ][safepoint   ] Safepoint "Cleanup", Time since last: 3953824409 ns, Reaching safepoint: 6351 ns, Cleanup: 11763 ns, At safepoint: 3050 ns, Total: 21164 ns
[2025-05-24T07:17:18.377+0000][69][info ][safepoint   ] Safepoint "Cleanup", Time since last: 1000574518 ns, Reaching safepoint: 16711 ns, Cleanup: 15587 ns, At safepoint: 7460 ns, Total: 39758 ns
[2025-05-24T07:17:20.428+0000][69][info ][safepoint   ] Safepoint "Cleanup", Time since last: 2050892694 ns, Reaching safepoint: 22178 ns, Cleanup: 21954 ns, At safepoint: 12479 ns, Total: 56611 ns
[2025-05-24T07:17:21.429+0000][69][info ][safepoint   ] Safepoint "Cleanup", Time since last: 1000374851 ns, Reaching safepoint: 17078 ns, Cleanup: 15970 ns, At safepoint: 7884 ns, Total: 40932 ns
[2025-05-24T07:17:23.365+0000][69][info ][safepoint   ] Safepoint "Cleanup", Time since last: 1936447709 ns, Reaching safepoint: 11426 ns, Cleanup: 10933 ns, At safepoint: 18402 ns, Total: 40761 ns
[2025-05-24T07:17:24.377+0000][69][info ][safepoint   ] Safepoint "Cleanup", Time since last: 1011918726 ns, Reaching safepoint: 18485 ns, Cleanup: 21163 ns, At safepoint: 9620 ns, Total: 49268 ns
[2025-05-24T07:17:26.330+0000][69][info ][safepoint   ] Safepoint "Cleanup", Time since last: 1952861937 ns, Reaching safepoint: 17395 ns, Cleanup: 44398 ns, At safepoint: 8410 ns, Total: 70203 ns
[2025-05-24T07:17:27.334+0000][69][info ][safepoint   ] Safepoint "Cleanup", Time since last: 1003537051 ns, Reaching safepoint: 17805 ns, Cleanup: 14730 ns, At safepoint: 9303 ns, Total: 41838 ns
[2025-05-24T07:17:28.334+0000][69][info ][safepoint   ] Safepoint "Cleanup", Time since last: 1000616382 ns, Reaching safepoint: 23511 ns, Cleanup: 14029 ns, At safepoint: 7438 ns, Total: 44978 ns
[2025-05-24T07:17:30.335+0000][69][info ][safepoint   ] Safepoint "Cleanup", Time since last: 2000934762 ns, Reaching safepoint: 16720 ns, Cleanup: 13901 ns, At safepoint: 8751 ns, Total: 39372 ns
[2025-05-24T07:17:42.685+0000][69][info ][safepoint   ] Safepoint "Cleanup", Time since last: 12351014392 ns, Reaching safepoint: 16500 ns, Cleanup: 13892 ns, At safepoint: 8187 ns, Total: 38579 ns
[2025-05-24T07:18:00.412+0000][69][info ][safepoint   ] Safepoint "Cleanup", Time since last: 17727000784 ns, Reaching safepoint: 20614 ns, Cleanup: 14203 ns, At safepoint: 10299 ns, Total: 45116 ns
[2025-05-24T07:18:01.485+0000][69][info ][safepoint   ] Safepoint "Cleanup", Time since last: 1072743246 ns, Reaching safepoint: 91716 ns, Cleanup: 15105 ns, At safepoint: 31394 ns, Total: 138215 ns
[2025-05-24T07:18:07.486+0000][69][info ][safepoint   ] Safepoint "Cleanup", Time since last: 6003528656 ns, Reaching safepoint: 15238 ns, Cleanup: 15097 ns, At safepoint: 7447 ns, Total: 37782 ns
[2025-05-24T07:18:20.489+0000][69][info ][safepoint   ] Safepoint "Cleanup", Time since last: 13003015521 ns, Reaching safepoint: 52262 ns, Cleanup: 15084 ns, At safepoint: 8166 ns, Total: 75512 ns
[2025-05-24T07:18:21.489+0000][69][info ][safepoint   ] Safepoint "Cleanup", Time since last: 1000724908 ns, Reaching safepoint: 21614 ns, Cleanup: 12307 ns, At safepoint: 8482 ns, Total: 42403 ns
[2025-05-24T07:18:25.492+0000][69][info ][safepoint   ] Safepoint "Cleanup", Time since last: 4002066812 ns, Reaching safepoint: 43219 ns, Cleanup: 15878 ns, At safepoint: 8694 ns, Total: 67791 ns
[2025-05-24T07:18:28.493+0000][69][info ][safepoint   ] Safepoint "Cleanup", Time since last: 3001549629 ns, Reaching safepoint: 17324 ns, Cleanup: 12790 ns, At safepoint: 8135 ns, Total: 38249 ns
[2025-05-24T07:18:35.719+0000][69][info ][safepoint   ] Safepoint "Cleanup", Time since last: 7228079496 ns, Reaching safepoint: 17858 ns, Cleanup: 12812 ns, At safepoint: 9031 ns, Total: 39701 ns
[2025-05-24T07:18:38.720+0000][69][info ][safepoint   ] Safepoint "Cleanup", Time since last: 3001228430 ns, Reaching safepoint: 18304 ns, Cleanup: 15688 ns, At safepoint: 8141 ns, Total: 42133 ns
[2025-05-24T07:18:42.722+0000][69][info ][safepoint   ] Safepoint "Cleanup", Time since last: 4001160513 ns, Reaching safepoint: 39589 ns, Cleanup: 12991 ns, At safepoint: 8196 ns, Total: 60776 ns
[2025-05-24T07:18:45.724+0000][69][info ][safepoint   ] Safepoint "Cleanup", Time since last: 3002811275 ns, Reaching safepoint: 17319 ns, Cleanup: 13560 ns, At safepoint: 8569 ns, Total: 39448 ns
[2025-05-24T07:18:49.726+0000][69][info ][safepoint   ] Safepoint "Cleanup", Time since last: 4001430989 ns, Reaching safepoint: 17607 ns, Cleanup: 13499 ns, At safepoint: 8650 ns, Total: 39756 ns
[2025-05-24T07:18:50.727+0000][69][info ][safepoint   ] Safepoint "Cleanup", Time since last: 1000724363 ns, Reaching safepoint: 19648 ns, Cleanup: 17593 ns, At safepoint: 8736 ns, Total: 45977 ns
[2025-05-24T07:19:00.729+0000][69][info ][safepoint   ] Safepoint "Cleanup", Time since last: 10002073170 ns, Reaching safepoint: 25203 ns, Cleanup: 13920 ns, At safepoint: 9839 ns, Total: 48962 ns
[2025-05-24T07:19:02.362+0000][69][info ][safepoint   ] Safepoint "Cleanup", Time since last: 1632893962 ns, Reaching safepoint: 5972 ns, Cleanup: 7662 ns, At safepoint: 20350 ns, Total: 33984 ns
[2025-05-24T07:19:03.513+0000][69][info ][safepoint   ] Safepoint "Cleanup", Time since last: 1150907587 ns, Reaching safepoint: 17357 ns, Cleanup: 21901 ns, At safepoint: 7687 ns, Total: 46945 ns
[2025-05-24T07:19:04.529+0000][69][info ][safepoint   ] Safepoint "Cleanup", Time since last: 1015904452 ns, Reaching safepoint: 18054 ns, Cleanup: 16747 ns, At safepoint: 10169 ns, Total: 44970 ns
[2025-05-24T07:19:08.527+0000][69][info ][safepoint   ] Safepoint "Cleanup", Time since last: 4001080466 ns, Reaching safepoint: 19010 ns, Cleanup: 13153 ns, At safepoint: 9022 ns, Total: 41185 ns
[2025-05-24T07:19:09.528+0000][69][info ][safepoint   ] Safepoint "Cleanup", Time since last: 1000639505 ns, Reaching safepoint: 19740 ns, Cleanup: 13707 ns, At safepoint: 9229 ns, Total: 42676 ns
[2025-05-24T07:19:10.528+0000][69][info ][safepoint   ] Safepoint "Cleanup", Time since last: 1000454099 ns, Reaching safepoint: 40137 ns, Cleanup: 13722 ns, At safepoint: 10930 ns, Total: 64789 ns
[2025-05-24T07:19:22.531+0000][69][info ][safepoint   ] Safepoint "Cleanup", Time since last: 12002418774 ns, Reaching safepoint: 21828 ns, Cleanup: 14033 ns, At safepoint: 8330 ns, Total: 44191 ns
[2025-05-24T07:19:23.531+0000][69][info ][safepoint   ] Safepoint "Cleanup", Time since last: 1000517274 ns, Reaching safepoint: 17417 ns, Cleanup: 14276 ns, At safepoint: 8110 ns, Total: 39803 ns
[2025-05-24T07:19:25.532+0000][69][info ][safepoint   ] Safepoint "Cleanup", Time since last: 2000570769 ns, Reaching safepoint: 19749 ns, Cleanup: 16595 ns, At safepoint: 10776 ns, Total: 47120 ns
[2025-05-24T07:19:29.535+0000][69][info ][safepoint   ] Safepoint "Cleanup", Time since last: 4002965004 ns, Reaching safepoint: 20667 ns, Cleanup: 12384 ns, At safepoint: 8132 ns, Total: 41183 ns
[2025-05-24T07:19:42.756+0000][69][info ][safepoint   ] Safepoint "Cleanup", Time since last: 13223174387 ns, Reaching safepoint: 43491 ns, Cleanup: 18222 ns, At safepoint: 8923 ns, Total: 70636 ns
[2025-05-24T07:19:44.757+0000][69][info ][safepoint   ] Safepoint "Cleanup", Time since last: 2000809707 ns, Reaching safepoint: 23962 ns, Cleanup: 16999 ns, At safepoint: 11502 ns, Total: 52463 ns
[2025-05-24T07:19:51.759+0000][69][info ][safepoint   ] Safepoint "Cleanup", Time since last: 7001746404 ns, Reaching safepoint: 18647 ns, Cleanup: 13557 ns, At safepoint: 8999 ns, Total: 41203 ns
[2025-05-24T07:20:01.761+0000][69][info ][safepoint   ] Safepoint "Cleanup", Time since last: 10002441039 ns, Reaching safepoint: 22752 ns, Cleanup: 14776 ns, At safepoint: 8704 ns, Total: 46232 ns
[2025-05-24T07:20:05.553+0000][69][info ][safepoint   ] Safepoint "Cleanup", Time since last: 3791703020 ns, Reaching safepoint: 6136 ns, Cleanup: 13335 ns, At safepoint: 20524 ns, Total: 39995 ns
[2025-05-24T07:20:25.575+0000][69][info ][safepoint   ] Safepoint "Cleanup", Time since last: 20023365255 ns, Reaching safepoint: 19996 ns, Cleanup: 13493 ns, At safepoint: 23370 ns, Total: 56859 ns
[2025-05-24T07:20:39.786+0000][69][info ][safepoint   ] Safepoint "Cleanup", Time since last: 14214478434 ns, Reaching safepoint: 25783 ns, Cleanup: 13985 ns, At safepoint: 8016 ns, Total: 47784 ns
[2025-05-24T07:20:41.787+0000][69][info ][safepoint   ] Safepoint "Cleanup", Time since last: 2000760688 ns, Reaching safepoint: 20249 ns, Cleanup: 14411 ns, At safepoint: 8147 ns, Total: 42807 ns
[2025-05-24T07:20:44.790+0000][69][info ][safepoint   ] Safepoint "Cleanup", Time since last: 3002289340 ns, Reaching safepoint: 60457 ns, Cleanup: 12491 ns, At safepoint: 7443 ns, Total: 80391 ns
[2025-05-24T07:20:45.790+0000][69][info ][safepoint   ] Safepoint "Cleanup", Time since last: 1000597586 ns, Reaching safepoint: 16990 ns, Cleanup: 13804 ns, At safepoint: 9111 ns, Total: 39905 ns
[2025-05-24T07:21:08.365+0000][69][info ][safepoint   ] Safepoint "Cleanup", Time since last: 22576664808 ns, Reaching safepoint: 7242 ns, Cleanup: 8478 ns, At safepoint: 2757 ns, Total: 18477 ns
[2025-05-24T07:21:09.611+0000][69][info ][safepoint   ] Safepoint "Cleanup", Time since last: 1245961351 ns, Reaching safepoint: 17165 ns, Cleanup: 18013 ns, At safepoint: 9321 ns, Total: 44499 ns
[2025-05-24T07:21:10.613+0000][69][info ][safepoint   ] Safepoint "Cleanup", Time since last: 1001706160 ns, Reaching safepoint: 16474 ns, Cleanup: 20581 ns, At safepoint: 7181 ns, Total: 44236 ns
[2025-05-24T07:21:12.614+0000][69][info ][safepoint   ] Safepoint "Cleanup", Time since last: 2000719152 ns, Reaching safepoint: 19034 ns, Cleanup: 13693 ns, At safepoint: 9020 ns, Total: 41747 ns
[2025-05-24T07:21:15.615+0000][69][info ][safepoint   ] Safepoint "Cleanup", Time since last: 3001129730 ns, Reaching safepoint: 15993 ns, Cleanup: 14507 ns, At safepoint: 7015 ns, Total: 37515 ns
[2025-05-24T07:21:20.617+0000][69][info ][safepoint   ] Safepoint "Cleanup", Time since last: 5001768743 ns, Reaching safepoint: 18390 ns, Cleanup: 19780 ns, At safepoint: 9067 ns, Total: 47237 ns
[2025-05-24T07:21:21.618+0000][69][info ][safepoint   ] Safepoint "Cleanup", Time since last: 1001192368 ns, Reaching safepoint: 17464 ns, Cleanup: 16917 ns, At safepoint: 9401 ns, Total: 43782 ns
[2025-05-24T07:21:23.351+0000][69][info ][gc,start    ] GC(17) Pause Young (Normal) (G1 Evacuation Pause)
[2025-05-24T07:21:23.352+0000][69][info ][gc,task     ] GC(17) Using 10 workers of 10 for evacuation
[2025-05-24T07:21:23.353+0000][69][debug][gc,age      ] GC(17) Desired survivor size 35651584 bytes, new threshold 15 (max threshold 15)
[2025-05-24T07:21:23.363+0000][69][info ][gc,phases   ] GC(17)   Pre Evacuate Collection Set: 0.77ms
[2025-05-24T07:21:23.364+0000][69][info ][gc,phases   ] GC(17)   Merge Heap Roots: 0.16ms
[2025-05-24T07:21:23.368+0000][69][info ][gc,phases   ] GC(17)   Evacuate Collection Set: 6.94ms
[2025-05-24T07:21:23.370+0000][69][info ][gc,phases   ] GC(17)   Post Evacuate Collection Set: 1.60ms
[2025-05-24T07:21:23.373+0000][69][info ][gc,phases   ] GC(17)   Other: 0.92ms
[2025-05-24T07:21:23.373+0000][69][trace][gc,age      ] GC(17) Age table with threshold 15 (max threshold 15)
[2025-05-24T07:21:23.374+0000][69][trace][gc,age      ] GC(17) - age   1:     962528 bytes,     962528 total
[2025-05-24T07:21:23.374+0000][69][trace][gc,age      ] GC(17) - age   2:     138848 bytes,    1101376 total
[2025-05-24T07:21:23.375+0000][69][trace][gc,age      ] GC(17) - age   3:     651720 bytes,    1753096 total
[2025-05-24T07:21:23.376+0000][69][trace][gc,age      ] GC(17) - age   4:      40704 bytes,    1793800 total
[2025-05-24T07:21:23.376+0000][69][trace][gc,age      ] GC(17) - age   5:     605680 bytes,    2399480 total
[2025-05-24T07:21:23.376+0000][69][trace][gc,age      ] GC(17) - age   6:     623792 bytes,    3023272 total
[2025-05-24T07:21:23.376+0000][69][info ][gc,heap     ] GC(17) Eden regions: 130->0(196)
[2025-05-24T07:21:23.376+0000][69][info ][gc,heap     ] GC(17) Survivor regions: 1->1(17)
[2025-05-24T07:21:23.377+0000][69][info ][gc,heap     ] GC(17) Old regions: 25->25
[2025-05-24T07:21:23.377+0000][69][info ][gc,heap     ] GC(17) Humongous regions: 0->0
[2025-05-24T07:21:23.377+0000][69][info ][gc,metaspace] GC(17) Metaspace: 143183K(146944K)->143183K(146944K) NonClass: 123670K(125696K)->123670K(125696K) Class: 19512K(21248K)->19512K(21248K)
[2025-05-24T07:21:23.378+0000][69][info ][gc          ] GC(17) Pause Young (Normal) (G1 Evacuation Pause) 623M->102M(3880M) 26.252ms
[2025-05-24T07:21:23.378+0000][69][info ][gc,cpu      ] GC(17) User=0.07s Sys=0.00s Real=0.03s
[2025-05-24T07:21:23.378+0000][69][info ][safepoint   ] Safepoint "G1CollectForAllocation", Time since last: 1733126705 ns, Reaching safepoint: 15655 ns, Cleanup: 11473 ns, At safepoint: 27177170 ns, Total: 27204298 ns
[2025-05-24T07:21:38.829+0000][69][info ][safepoint   ] Safepoint "Cleanup", Time since last: 15453236051 ns, Reaching safepoint: 18628 ns, Cleanup: 13172 ns, At safepoint: 8540 ns, Total: 40340 ns
[2025-05-24T07:21:39.830+0000][69][info ][safepoint   ] Safepoint "Cleanup", Time since last: 1000742026 ns, Reaching safepoint: 18118 ns, Cleanup: 14522 ns, At safepoint: 8305 ns, Total: 40945 ns
[2025-05-24T07:21:41.833+0000][69][info ][safepoint   ] Safepoint "Cleanup", Time since last: 2003359290 ns, Reaching safepoint: 17773 ns, Cleanup: 16956 ns, At safepoint: 8999 ns, Total: 43728 ns
[2025-05-24T07:21:42.834+0000][69][info ][safepoint   ] Safepoint "Cleanup", Time since last: 1000776365 ns, Reaching safepoint: 29371 ns, Cleanup: 15035 ns, At safepoint: 8973 ns, Total: 53379 ns
[2025-05-24T07:21:44.835+0000][69][info ][safepoint   ] Safepoint "Cleanup", Time since last: 2001261650 ns, Reaching safepoint: 37035 ns, Cleanup: 13764 ns, At safepoint: 7878 ns, Total: 58677 ns
[2025-05-24T07:21:47.836+0000][69][info ][safepoint   ] Safepoint "Cleanup", Time since last: 3000852987 ns, Reaching safepoint: 20479 ns, Cleanup: 14559 ns, At safepoint: 7974 ns, Total: 43012 ns
[2025-05-24T07:21:50.837+0000][69][info ][safepoint   ] Safepoint "Cleanup", Time since last: 3000931924 ns, Reaching safepoint: 18096 ns, Cleanup: 13946 ns, At safepoint: 8846 ns, Total: 40888 ns
[2025-05-24T07:21:55.846+0000][69][info ][safepoint   ] Safepoint "Cleanup", Time since last: 5008966205 ns, Reaching safepoint: 18759 ns, Cleanup: 13910 ns, At safepoint: 8030 ns, Total: 40699 ns
[2025-05-24T07:22:08.847+0000][69][info ][safepoint   ] Safepoint "Cleanup", Time since last: 13002421588 ns, Reaching safepoint: 39553 ns, Cleanup: 14207 ns, At safepoint: 7936 ns, Total: 61696 ns
[2025-05-24T07:22:10.848+0000][69][info ][safepoint   ] Safepoint "Cleanup", Time since last: 2000906343 ns, Reaching safepoint: 17649 ns, Cleanup: 12024 ns, At safepoint: 6909 ns, Total: 36582 ns
[2025-05-24T07:22:12.636+0000][69][info ][safepoint   ] Safepoint "Cleanup", Time since last: 1788132022 ns, Reaching safepoint: 17386 ns, Cleanup: 71577 ns, At safepoint: 22354 ns, Total: 111317 ns
[2025-05-24T07:22:14.637+0000][69][info ][safepoint   ] Safepoint "Cleanup", Time since last: 2000622105 ns, Reaching safepoint: 35670 ns, Cleanup: 10795 ns, At safepoint: 7136 ns, Total: 53601 ns
[2025-05-24T07:22:15.637+0000][69][info ][safepoint   ] Safepoint "Cleanup", Time since last: 1000536913 ns, Reaching safepoint: 15777 ns, Cleanup: 12454 ns, At safepoint: 6942 ns, Total: 35173 ns
[2025-05-24T07:22:20.354+0000][69][info ][safepoint   ] Safepoint "Cleanup", Time since last: 4716231996 ns, Reaching safepoint: 6021 ns, Cleanup: 7859 ns, At safepoint: 2573 ns, Total: 16453 ns
[2025-05-24T07:22:21.644+0000][69][info ][safepoint   ] Safepoint "Cleanup", Time since last: 1290881228 ns, Reaching safepoint: 16710 ns, Cleanup: 13216 ns, At safepoint: 8382 ns, Total: 38308 ns
[2025-05-24T07:22:25.646+0000][69][info ][safepoint   ] Safepoint "Cleanup", Time since last: 4001334843 ns, Reaching safepoint: 17348 ns, Cleanup: 20396 ns, At safepoint: 9189 ns, Total: 46933 ns
[2025-05-24T07:22:26.652+0000][69][info ][safepoint   ] Safepoint "Cleanup", Time since last: 1006050776 ns, Reaching safepoint: 5646 ns, Cleanup: 7384 ns, At safepoint: 2541 ns, Total: 15571 ns
[2025-05-24T07:22:28.659+0000][69][info ][safepoint   ] Safepoint "Cleanup", Time since last: 2006856219 ns, Reaching safepoint: 32072 ns, Cleanup: 25383 ns, At safepoint: 18288 ns, Total: 75743 ns
[2025-05-24T07:22:29.679+0000][69][info ][safepoint   ] Safepoint "Cleanup", Time since last: 1020119629 ns, Reaching safepoint: 40126 ns, Cleanup: 48275 ns, At safepoint: 11213 ns, Total: 99614 ns
[2025-05-24T07:22:31.442+0000][69][info ][safepoint   ] Safepoint "Cleanup", Time since last: 1762659892 ns, Reaching safepoint: 17861 ns, Cleanup: 19215 ns, At safepoint: 8339 ns, Total: 45415 ns
[2025-05-24T07:22:39.868+0000][69][info ][safepoint   ] Safepoint "Cleanup", Time since last: 8428158536 ns, Reaching safepoint: 33742 ns, Cleanup: 13185 ns, At safepoint: 9779 ns, Total: 56706 ns
[2025-05-24T07:22:44.870+0000][69][info ][safepoint   ] Safepoint "Cleanup", Time since last: 5001560701 ns, Reaching safepoint: 44540 ns, Cleanup: 14945 ns, At safepoint: 9295 ns, Total: 68780 ns
[2025-05-24T07:22:45.871+0000][69][info ][safepoint   ] Safepoint "Cleanup", Time since last: 1001071578 ns, Reaching safepoint: 19283 ns, Cleanup: 13597 ns, At safepoint: 8490 ns, Total: 41370 ns
[2025-05-24T07:22:47.872+0000][69][info ][safepoint   ] Safepoint "Cleanup", Time since last: 2001121834 ns, Reaching safepoint: 17441 ns, Cleanup: 16651 ns, At safepoint: 7882 ns, Total: 41974 ns
[2025-05-24T07:22:50.874+0000][69][info ][safepoint   ] Safepoint "Cleanup", Time since last: 3002004719 ns, Reaching safepoint: 16422 ns, Cleanup: 13067 ns, At safepoint: 8835 ns, Total: 38324 ns
[2025-05-24T07:22:52.876+0000][69][info ][safepoint   ] Safepoint "Cleanup", Time since last: 2001818573 ns, Reaching safepoint: 18647 ns, Cleanup: 12458 ns, At safepoint: 8776 ns, Total: 39881 ns
[2025-05-24T07:22:55.877+0000][69][info ][safepoint   ] Safepoint "Cleanup", Time since last: 3001150790 ns, Reaching safepoint: 19037 ns, Cleanup: 13811 ns, At safepoint: 9701 ns, Total: 42549 ns
[2025-05-24T07:23:00.878+0000][69][info ][safepoint   ] Safepoint "Cleanup", Time since last: 5001357454 ns, Reaching safepoint: 36557 ns, Cleanup: 17592 ns, At safepoint: 9423 ns, Total: 63572 ns
[2025-05-24T07:23:02.879+0000][69][info ][safepoint   ] Safepoint "Cleanup", Time since last: 2000708663 ns, Reaching safepoint: 16896 ns, Cleanup: 14121 ns, At safepoint: 8886 ns, Total: 39903 ns
[2025-05-24T07:23:14.445+0000][69][info ][safepoint   ] Safepoint "Cleanup", Time since last: 11567668347 ns, Reaching safepoint: 6776 ns, Cleanup: 9396 ns, At safepoint: 12997 ns, Total: 29169 ns
[2025-05-24T07:23:15.698+0000][69][info ][safepoint   ] Safepoint "Cleanup", Time since last: 1253767687 ns, Reaching safepoint: 25212 ns, Cleanup: 23193 ns, At safepoint: 9404 ns, Total: 57809 ns
[2025-05-24T07:23:16.769+0000][69][info ][safepoint   ] Safepoint "Cleanup", Time since last: 1070337482 ns, Reaching safepoint: 18552 ns, Cleanup: 13130 ns, At safepoint: 9425 ns, Total: 41107 ns
[2025-05-24T07:23:20.770+0000][69][info ][safepoint   ] Safepoint "Cleanup", Time since last: 4001243566 ns, Reaching safepoint: 20785 ns, Cleanup: 13001 ns, At safepoint: 9253 ns, Total: 43039 ns
[2025-05-24T07:23:25.772+0000][69][info ][safepoint   ] Safepoint "Cleanup", Time since last: 5002065807 ns, Reaching safepoint: 19588 ns, Cleanup: 11780 ns, At safepoint: 7760 ns, Total: 39128 ns
[2025-05-24T07:23:30.774+0000][69][info ][safepoint   ] Safepoint "Cleanup", Time since last: 5001305268 ns, Reaching safepoint: 19996 ns, Cleanup: 12921 ns, At safepoint: 7399 ns, Total: 40316 ns
[2025-05-24T07:23:36.909+0000][69][info ][safepoint   ] Safepoint "Cleanup", Time since last: 6136531082 ns, Reaching safepoint: 16295 ns, Cleanup: 13283 ns, At safepoint: 8728 ns, Total: 38306 ns
[2025-05-24T07:23:38.910+0000][69][info ][safepoint   ] Safepoint "Cleanup", Time since last: 2001015569 ns, Reaching safepoint: 33072 ns, Cleanup: 19039 ns, At safepoint: 18806 ns, Total: 70917 ns
[2025-05-24T07:23:40.911+0000][69][info ][safepoint   ] Safepoint "Cleanup", Time since last: 2000939046 ns, Reaching safepoint: 18862 ns, Cleanup: 21856 ns, At safepoint: 8961 ns, Total: 49679 ns
[2025-05-24T07:23:42.911+0000][69][info ][safepoint   ] Safepoint "Cleanup", Time since last: 2000701178 ns, Reaching safepoint: 19230 ns, Cleanup: 13877 ns, At safepoint: 9307 ns, Total: 42414 ns
[2025-05-24T07:23:44.913+0000][69][info ][safepoint   ] Safepoint "Cleanup", Time since last: 2001086048 ns, Reaching safepoint: 20313 ns, Cleanup: 15542 ns, At safepoint: 8958 ns, Total: 44813 ns
[2025-05-24T07:23:52.915+0000][69][info ][safepoint   ] Safepoint "Cleanup", Time since last: 8001961101 ns, Reaching safepoint: 41089 ns, Cleanup: 13020 ns, At safepoint: 7490 ns, Total: 61599 ns
[2025-05-24T07:24:17.362+0000][69][info ][safepoint   ] Safepoint "Cleanup", Time since last: 24449840820 ns, Reaching safepoint: 10255 ns, Cleanup: 6726 ns, At safepoint: 22451 ns, Total: 39432 ns
[2025-05-24T07:24:18.799+0000][69][info ][safepoint   ] Safepoint "Cleanup", Time since last: 1437225123 ns, Reaching safepoint: 17345 ns, Cleanup: 19484 ns, At safepoint: 8335 ns, Total: 45164 ns
[2025-05-24T07:24:42.944+0000][69][info ][safepoint   ] Safepoint "Cleanup", Time since last: 24146923396 ns, Reaching safepoint: 20819 ns, Cleanup: 16495 ns, At safepoint: 9788 ns, Total: 47102 ns
[2025-05-24T07:25:20.352+0000][69][info ][safepoint   ] Safepoint "Cleanup", Time since last: 37410082924 ns, Reaching safepoint: 6447 ns, Cleanup: 7936 ns, At safepoint: 12311 ns, Total: 26694 ns
[2025-05-24T07:25:21.827+0000][69][info ][safepoint   ] Safepoint "Cleanup", Time since last: 1475243065 ns, Reaching safepoint: 16231 ns, Cleanup: 17188 ns, At safepoint: 7507 ns, Total: 40926 ns
[2025-05-24T07:25:24.828+0000][69][info ][safepoint   ] Safepoint "Cleanup", Time since last: 3000724207 ns, Reaching safepoint: 16076 ns, Cleanup: 13221 ns, At safepoint: 8493 ns, Total: 37790 ns
[2025-05-24T07:25:55.991+0000][69][info ][safepoint   ] Safepoint "Cleanup", Time since last: 31164293321 ns, Reaching safepoint: 24980 ns, Cleanup: 14141 ns, At safepoint: 39073 ns, Total: 78194 ns
[2025-05-24T07:26:09.990+0000][69][info ][safepoint   ] Safepoint "Cleanup", Time since last: 14003181732 ns, Reaching safepoint: 43033 ns, Cleanup: 14724 ns, At safepoint: 8792 ns, Total: 66549 ns
[2025-05-24T07:26:23.843+0000][69][info ][safepoint   ] Safepoint "Cleanup", Time since last: 13853074849 ns, Reaching safepoint: 6136 ns, Cleanup: 7859 ns, At safepoint: 2796 ns, Total: 16791 ns
[2025-05-24T07:26:27.858+0000][69][info ][safepoint   ] Safepoint "Cleanup", Time since last: 4014398346 ns, Reaching safepoint: 18566 ns, Cleanup: 21705 ns, At safepoint: 8601 ns, Total: 48872 ns
[2025-05-24T07:26:29.858+0000][69][info ][safepoint   ] Safepoint "Cleanup", Time since last: 2000674533 ns, Reaching safepoint: 16791 ns, Cleanup: 13302 ns, At safepoint: 7082 ns, Total: 37175 ns
[2025-05-24T07:26:42.029+0000][69][info ][safepoint   ] Safepoint "Cleanup", Time since last: 12171601185 ns, Reaching safepoint: 43918 ns, Cleanup: 13851 ns, At safepoint: 7989 ns, Total: 65758 ns
[2025-05-24T07:26:46.033+0000][69][info ][safepoint   ] Safepoint "Cleanup", Time since last: 4003172698 ns, Reaching safepoint: 17869 ns, Cleanup: 13575 ns, At safepoint: 9160 ns, Total: 40604 ns
[2025-05-24T07:27:07.036+0000][69][info ][safepoint   ] Safepoint "Cleanup", Time since last: 21005481421 ns, Reaching safepoint: 53574 ns, Cleanup: 17182 ns, At safepoint: 10300 ns, Total: 81056 ns
[2025-05-24T07:27:10.037+0000][69][info ][safepoint   ] Safepoint "Cleanup", Time since last: 3000845291 ns, Reaching safepoint: 19137 ns, Cleanup: 13494 ns, At safepoint: 8061 ns, Total: 40692 ns
[2025-05-24T07:27:15.039+0000][69][info ][safepoint   ] Safepoint "Cleanup", Time since last: 5001173334 ns, Reaching safepoint: 18847 ns, Cleanup: 14037 ns, At safepoint: 9083 ns, Total: 41967 ns
[2025-05-24T07:27:23.437+0000][69][info ][safepoint   ] Safepoint "Cleanup", Time since last: 8398868691 ns, Reaching safepoint: 12603 ns, Cleanup: 11106 ns, At safepoint: 12801 ns, Total: 36510 ns
[2025-05-24T07:27:24.883+0000][69][info ][safepoint   ] Safepoint "Cleanup", Time since last: 1445759035 ns, Reaching safepoint: 31390 ns, Cleanup: 32990 ns, At safepoint: 17518 ns, Total: 81898 ns
[2025-05-24T07:27:25.887+0000][69][info ][safepoint   ] Safepoint "Cleanup", Time since last: 1003922948 ns, Reaching safepoint: 18853 ns, Cleanup: 15328 ns, At safepoint: 9801 ns, Total: 43982 ns
[2025-05-24T07:27:26.892+0000][69][info ][safepoint   ] Safepoint "Cleanup", Time since last: 1004940209 ns, Reaching safepoint: 6245 ns, Cleanup: 13478 ns, At safepoint: 2673 ns, Total: 22396 ns
[2025-05-24T07:27:29.352+0000][69][info ][safepoint   ] Safepoint "Cleanup", Time since last: 2460131450 ns, Reaching safepoint: 6037 ns, Cleanup: 6607 ns, At safepoint: 2745 ns, Total: 15389 ns
[2025-05-24T07:27:30.916+0000][69][info ][safepoint   ] Safepoint "Cleanup", Time since last: 1563214286 ns, Reaching safepoint: 16008 ns, Cleanup: 13662 ns, At safepoint: 7702 ns, Total: 37372 ns
[2025-05-24T07:27:33.069+0000][69][info ][safepoint   ] Safepoint "Cleanup", Time since last: 2153030807 ns, Reaching safepoint: 6826 ns, Cleanup: 14750 ns, At safepoint: 2571 ns, Total: 24147 ns
[2025-05-24T07:27:35.070+0000][69][info ][safepoint   ] Safepoint "Cleanup", Time since last: 2001354910 ns, Reaching safepoint: 18939 ns, Cleanup: 17067 ns, At safepoint: 9289 ns, Total: 45295 ns
[2025-05-24T07:27:36.554+0000][69][info ][safepoint   ] Safepoint "Cleanup", Time since last: 1486053190 ns, Reaching safepoint: 30471 ns, Cleanup: 22483 ns, At safepoint: 17821 ns, Total: 70775 ns
[2025-05-24T07:27:37.555+0000][69][info ][safepoint   ] Safepoint "Cleanup", Time since last: 1000529899 ns, Reaching safepoint: 40771 ns, Cleanup: 13212 ns, At safepoint: 9634 ns, Total: 63617 ns
[2025-05-24T07:27:40.556+0000][69][info ][safepoint   ] Safepoint "Cleanup", Time since last: 3000939671 ns, Reaching safepoint: 16484 ns, Cleanup: 11639 ns, At safepoint: 7449 ns, Total: 35572 ns
[2025-05-24T07:27:41.556+0000][69][info ][safepoint   ] Safepoint "Cleanup", Time since last: 1000358091 ns, Reaching safepoint: 18346 ns, Cleanup: 11930 ns, At safepoint: 7393 ns, Total: 37669 ns
[2025-05-24T07:27:42.557+0000][69][info ][safepoint   ] Safepoint "Cleanup", Time since last: 1000442553 ns, Reaching safepoint: 16061 ns, Cleanup: 12561 ns, At safepoint: 7807 ns, Total: 36429 ns
[2025-05-24T07:27:55.559+0000][69][info ][safepoint   ] Safepoint "Cleanup", Time since last: 13002134019 ns, Reaching safepoint: 39925 ns, Cleanup: 14108 ns, At safepoint: 8919 ns, Total: 62952 ns
[2025-05-24T07:27:56.560+0000][69][info ][safepoint   ] Safepoint "Cleanup", Time since last: 1000614673 ns, Reaching safepoint: 15478 ns, Cleanup: 11487 ns, At safepoint: 6479 ns, Total: 33444 ns
[2025-05-24T07:28:10.559+0000][69][info ][safepoint   ] Safepoint "Cleanup", Time since last: 14002001867 ns, Reaching safepoint: 44196 ns, Cleanup: 16179 ns, At safepoint: 9348 ns, Total: 69723 ns
[2025-05-24T07:28:11.560+0000][69][info ][safepoint   ] Safepoint "Cleanup", Time since last: 1000639260 ns, Reaching safepoint: 18276 ns, Cleanup: 13052 ns, At safepoint: 7868 ns, Total: 39196 ns
[2025-05-24T07:28:20.562+0000][69][info ][safepoint   ] Safepoint "Cleanup", Time since last: 9001905861 ns, Reaching safepoint: 18311 ns, Cleanup: 13929 ns, At safepoint: 9144 ns, Total: 41384 ns
[2025-05-24T07:28:29.948+0000][69][info ][safepoint   ] Safepoint "Cleanup", Time since last: 9386189577 ns, Reaching safepoint: 5576 ns, Cleanup: 6710 ns, At safepoint: 2585 ns, Total: 14871 ns
[2025-05-24T07:28:35.108+0000][69][info ][safepoint   ] Safepoint "Cleanup", Time since last: 5159237181 ns, Reaching safepoint: 39026 ns, Cleanup: 12896 ns, At safepoint: 9192 ns, Total: 61114 ns
[2025-05-24T07:28:48.108+0000][69][info ][safepoint   ] Safepoint "Cleanup", Time since last: 13002240643 ns, Reaching safepoint: 48237 ns, Cleanup: 14788 ns, At safepoint: 7781 ns, Total: 70806 ns
[2025-05-24T07:29:03.110+0000][69][info ][safepoint   ] Safepoint "Cleanup", Time since last: 15002802941 ns, Reaching safepoint: 17704 ns, Cleanup: 13677 ns, At safepoint: 7721 ns, Total: 39102 ns
[2025-05-24T07:29:06.109+0000][69][info ][safepoint   ] Safepoint "Cleanup", Time since last: 3001089385 ns, Reaching safepoint: 20380 ns, Cleanup: 14546 ns, At safepoint: 8517 ns, Total: 43443 ns
[2025-05-24T07:29:09.110+0000][69][info ][safepoint   ] Safepoint "Cleanup", Time since last: 3001072509 ns, Reaching safepoint: 35311 ns, Cleanup: 13082 ns, At safepoint: 9826 ns, Total: 58219 ns
[2025-05-24T07:29:10.111+0000][69][info ][safepoint   ] Safepoint "Cleanup", Time since last: 1000381028 ns, Reaching safepoint: 18109 ns, Cleanup: 17983 ns, At safepoint: 8353 ns, Total: 44445 ns
[2025-05-24T07:29:12.111+0000][69][info ][safepoint   ] Safepoint "Cleanup", Time since last: 2000661513 ns, Reaching safepoint: 18129 ns, Cleanup: 14233 ns, At safepoint: 8369 ns, Total: 40731 ns
[2025-05-24T07:29:13.112+0000][69][info ][safepoint   ] Safepoint "Cleanup", Time since last: 1000566061 ns, Reaching safepoint: 18639 ns, Cleanup: 13396 ns, At safepoint: 10168 ns, Total: 42203 ns
[2025-05-24T07:29:15.115+0000][69][info ][safepoint   ] Safepoint "Cleanup", Time since last: 2003092989 ns, Reaching safepoint: 20006 ns, Cleanup: 17207 ns, At safepoint: 9051 ns, Total: 46264 ns
[2025-05-24T07:29:30.117+0000][69][info ][safepoint   ] Safepoint "Cleanup", Time since last: 15002301674 ns, Reaching safepoint: 61333 ns, Cleanup: 23340 ns, At safepoint: 10167 ns, Total: 94840 ns
[2025-05-24T07:29:32.360+0000][69][info ][safepoint   ] Safepoint "Cleanup", Time since last: 2242763863 ns, Reaching safepoint: 7380 ns, Cleanup: 11266 ns, At safepoint: 2815 ns, Total: 21461 ns
[2025-05-24T07:29:34.143+0000][69][info ][safepoint   ] Safepoint "Cleanup", Time since last: 1783163072 ns, Reaching safepoint: 18170 ns, Cleanup: 16207 ns, At safepoint: 9531 ns, Total: 43908 ns
[2025-05-24T07:29:37.144+0000][69][info ][safepoint   ] Safepoint "Cleanup", Time since last: 3000972821 ns, Reaching safepoint: 17318 ns, Cleanup: 13140 ns, At safepoint: 7915 ns, Total: 38373 ns
[2025-05-24T07:29:40.145+0000][69][info ][safepoint   ] Safepoint "Cleanup", Time since last: 3001060107 ns, Reaching safepoint: 40503 ns, Cleanup: 14865 ns, At safepoint: 9203 ns, Total: 64571 ns
[2025-05-24T07:29:42.146+0000][69][info ][safepoint   ] Safepoint "Cleanup", Time since last: 2000818885 ns, Reaching safepoint: 16338 ns, Cleanup: 17131 ns, At safepoint: 8202 ns, Total: 41671 ns
[2025-05-24T07:30:05.151+0000][69][info ][safepoint   ] Safepoint "Cleanup", Time since last: 23005651646 ns, Reaching safepoint: 20593 ns, Cleanup: 12343 ns, At safepoint: 8184 ns, Total: 41120 ns
[2025-05-24T07:30:12.150+0000][69][info ][safepoint   ] Safepoint "Cleanup", Time since last: 7002058466 ns, Reaching safepoint: 40077 ns, Cleanup: 14056 ns, At safepoint: 10522 ns, Total: 64655 ns
[2025-05-24T07:30:22.152+0000][69][info ][safepoint   ] Safepoint "Cleanup", Time since last: 10002128447 ns, Reaching safepoint: 26687 ns, Cleanup: 18505 ns, At safepoint: 10680 ns, Total: 55872 ns
[2025-05-24T07:30:24.153+0000][69][info ][safepoint   ] Safepoint "Cleanup", Time since last: 2000686266 ns, Reaching safepoint: 17933 ns, Cleanup: 14753 ns, At safepoint: 8719 ns, Total: 41405 ns
[2025-05-24T07:30:32.155+0000][69][info ][safepoint   ] Safepoint "Cleanup", Time since last: 8002334196 ns, Reaching safepoint: 42873 ns, Cleanup: 12583 ns, At safepoint: 8053 ns, Total: 63509 ns
[2025-05-24T07:30:35.183+0000][69][info ][safepoint   ] Safepoint "Cleanup", Time since last: 3027680929 ns, Reaching safepoint: 18559 ns, Cleanup: 13423 ns, At safepoint: 10184 ns, Total: 42166 ns
[2025-05-24T07:30:37.008+0000][69][info ][safepoint   ] Safepoint "Cleanup", Time since last: 1826415726 ns, Reaching safepoint: 18575 ns, Cleanup: 17048 ns, At safepoint: 8947 ns, Total: 44570 ns
[2025-05-24T07:30:40.009+0000][69][info ][safepoint   ] Safepoint "Cleanup", Time since last: 3000875162 ns, Reaching safepoint: 21269 ns, Cleanup: 14130 ns, At safepoint: 23528 ns, Total: 58927 ns
[2025-05-24T07:30:42.010+0000][69][info ][safepoint   ] Safepoint "Cleanup", Time since last: 2000627441 ns, Reaching safepoint: 37719 ns, Cleanup: 12463 ns, At safepoint: 7866 ns, Total: 58048 ns
[2025-05-24T07:30:45.011+0000][69][info ][safepoint   ] Safepoint "Cleanup", Time since last: 3001231163 ns, Reaching safepoint: 28505 ns, Cleanup: 16666 ns, At safepoint: 16590 ns, Total: 61761 ns
[2025-05-24T07:31:01.014+0000][69][info ][safepoint   ] Safepoint "Cleanup", Time since last: 16003275847 ns, Reaching safepoint: 47459 ns, Cleanup: 16791 ns, At safepoint: 8470 ns, Total: 72720 ns
[2025-05-24T07:31:13.018+0000][69][info ][safepoint   ] Safepoint "Cleanup", Time since last: 12004917120 ns, Reaching safepoint: 219262 ns, Cleanup: 32113 ns, At safepoint: 209610 ns, Total: 460985 ns
[2025-05-24T07:31:15.022+0000][69][info ][safepoint   ] Safepoint "Cleanup", Time since last: 2003302225 ns, Reaching safepoint: 252694 ns, Cleanup: 31153 ns, At safepoint: 71614 ns, Total: 355461 ns
[2025-05-24T07:31:22.024+0000][69][info ][safepoint   ] Safepoint "Cleanup", Time since last: 7002255465 ns, Reaching safepoint: 15945 ns, Cleanup: 15195 ns, At safepoint: 6693 ns, Total: 37833 ns
[2025-05-24T07:31:23.025+0000][69][info ][safepoint   ] Safepoint "Cleanup", Time since last: 1001106722 ns, Reaching safepoint: 16593 ns, Cleanup: 13808 ns, At safepoint: 8675 ns, Total: 39076 ns
[2025-05-24T07:31:24.030+0000][69][info ][safepoint   ] Safepoint "Cleanup", Time since last: 1004474526 ns, Reaching safepoint: 6732 ns, Cleanup: 11880 ns, At safepoint: 13251 ns, Total: 31863 ns
[2025-05-24T07:31:25.034+0000][69][info ][safepoint   ] Safepoint "Cleanup", Time since last: 1004107980 ns, Reaching safepoint: 16556 ns, Cleanup: 17040 ns, At safepoint: 8237 ns, Total: 41833 ns
[2025-05-24T07:31:38.341+0000][69][info ][safepoint   ] Safepoint "Cleanup", Time since last: 13309501358 ns, Reaching safepoint: 16362 ns, Cleanup: 6225 ns, At safepoint: 20103 ns, Total: 42690 ns
[2025-05-24T07:31:40.058+0000][69][info ][safepoint   ] Safepoint "Cleanup", Time since last: 1716868142 ns, Reaching safepoint: 6862 ns, Cleanup: 28688 ns, At safepoint: 11866 ns, Total: 47416 ns
[2025-05-24T07:31:42.063+0000][69][info ][safepoint   ] Safepoint "Cleanup", Time since last: 2004850368 ns, Reaching safepoint: 16727 ns, Cleanup: 14830 ns, At safepoint: 7735 ns, Total: 39292 ns
[2025-05-24T07:32:25.068+0000][69][info ][safepoint   ] Safepoint "Cleanup", Time since last: 43007031371 ns, Reaching safepoint: 17373 ns, Cleanup: 14484 ns, At safepoint: 8108 ns, Total: 39965 ns
[2025-05-24T07:32:26.342+0000][69][info ][safepoint   ] Safepoint "Cleanup", Time since last: 1273811812 ns, Reaching safepoint: 5393 ns, Cleanup: 5780 ns, At safepoint: 11255 ns, Total: 22428 ns
[2025-05-24T07:32:28.088+0000][69][info ][safepoint   ] Safepoint "Cleanup", Time since last: 1745698169 ns, Reaching safepoint: 18882 ns, Cleanup: 15230 ns, At safepoint: 18398 ns, Total: 52510 ns
[2025-05-24T07:32:32.345+0000][69][info ][safepoint   ] Safepoint "Cleanup", Time since last: 4257509431 ns, Reaching safepoint: 18278 ns, Cleanup: 13749 ns, At safepoint: 20430 ns, Total: 52457 ns
[2025-05-24T07:32:34.125+0000][69][info ][safepoint   ] Safepoint "Cleanup", Time since last: 1779299702 ns, Reaching safepoint: 5404 ns, Cleanup: 9753 ns, At safepoint: 2504 ns, Total: 17661 ns
[2025-05-24T07:32:35.180+0000][69][info ][safepoint   ] Safepoint "Cleanup", Time since last: 1055518440 ns, Reaching safepoint: 6898 ns, Cleanup: 5961 ns, At safepoint: 18037 ns, Total: 30896 ns
[2025-05-24T07:32:36.199+0000][69][info ][safepoint   ] Safepoint "Cleanup", Time since last: 1020837956 ns, Reaching safepoint: 17361 ns, Cleanup: 14792 ns, At safepoint: 8067 ns, Total: 40220 ns
[2025-05-24T07:32:40.200+0000][69][info ][safepoint   ] Safepoint "Cleanup", Time since last: 4001097987 ns, Reaching safepoint: 16953 ns, Cleanup: 20468 ns, At safepoint: 8122 ns, Total: 45543 ns
[2025-05-24T07:32:41.360+0000][69][info ][safepoint   ] Safepoint "Cleanup", Time since last: 1159548070 ns, Reaching safepoint: 5678 ns, Cleanup: 17277 ns, At safepoint: 3047 ns, Total: 26002 ns
[2025-05-24T07:32:43.155+0000][69][info ][safepoint   ] Safepoint "Cleanup", Time since last: 1795032704 ns, Reaching safepoint: 22628 ns, Cleanup: 16989 ns, At safepoint: 10752 ns, Total: 50369 ns
[2025-05-24T07:32:45.156+0000][69][info ][safepoint   ] Safepoint "Cleanup", Time since last: 2000925683 ns, Reaching safepoint: 37777 ns, Cleanup: 16794 ns, At safepoint: 8129 ns, Total: 62700 ns
[2025-05-24T07:32:50.158+0000][69][info ][safepoint   ] Safepoint "Cleanup", Time since last: 5002384107 ns, Reaching safepoint: 15550 ns, Cleanup: 17000 ns, At safepoint: 7558 ns, Total: 40108 ns
[2025-05-24T07:32:57.160+0000][69][info ][safepoint   ] Safepoint "Cleanup", Time since last: 7001493201 ns, Reaching safepoint: 17011 ns, Cleanup: 14061 ns, At safepoint: 8337 ns, Total: 39409 ns
[2025-05-24T07:33:00.161+0000][69][info ][safepoint   ] Safepoint "Cleanup", Time since last: 3001349327 ns, Reaching safepoint: 37411 ns, Cleanup: 13282 ns, At safepoint: 7050 ns, Total: 57743 ns
[2025-05-24T07:33:25.165+0000][69][info ][safepoint   ] Safepoint "Cleanup", Time since last: 25005918046 ns, Reaching safepoint: 60886 ns, Cleanup: 13612 ns, At safepoint: 8509 ns, Total: 83007 ns
[2025-05-24T07:33:40.302+0000][69][info ][safepoint   ] Safepoint "Cleanup", Time since last: 15139281597 ns, Reaching safepoint: 18845 ns, Cleanup: 14905 ns, At safepoint: 9461 ns, Total: 43211 ns
[2025-05-24T07:33:44.352+0000][69][info ][safepoint   ] Safepoint "Cleanup", Time since last: 4049603039 ns, Reaching safepoint: 6203 ns, Cleanup: 6622 ns, At safepoint: 12094 ns, Total: 24919 ns
[2025-05-24T07:33:46.217+0000][69][info ][safepoint   ] Safepoint "Cleanup", Time since last: 1865443847 ns, Reaching safepoint: 36958 ns, Cleanup: 17652 ns, At safepoint: 9515 ns, Total: 64125 ns
[2025-05-24T07:34:00.222+0000][69][info ][safepoint   ] Safepoint "Cleanup", Time since last: 14004369981 ns, Reaching safepoint: 17623 ns, Cleanup: 15986 ns, At safepoint: 8532 ns, Total: 42141 ns
[2025-05-24T07:34:05.223+0000][69][info ][safepoint   ] Safepoint "Cleanup", Time since last: 5001724556 ns, Reaching safepoint: 34201 ns, Cleanup: 13158 ns, At safepoint: 8702 ns, Total: 56061 ns
[2025-05-24T07:34:09.224+0000][69][info ][safepoint   ] Safepoint "Cleanup", Time since last: 4002110276 ns, Reaching safepoint: 16728 ns, Cleanup: 13614 ns, At safepoint: 8128 ns, Total: 38470 ns
[2025-05-24T07:34:21.307+0000][69][info ][safepoint   ] Safepoint "Cleanup", Time since last: 12082979423 ns, Reaching safepoint: 59571 ns, Cleanup: 14985 ns, At safepoint: 8413 ns, Total: 82969 ns
[2025-05-24T07:34:41.352+0000][69][info ][safepoint   ] Safepoint "Cleanup", Time since last: 20046563222 ns, Reaching safepoint: 21673 ns, Cleanup: 15051 ns, At safepoint: 9750 ns, Total: 46474 ns
[2025-05-24T07:34:47.399+0000][69][info ][safepoint   ] Safepoint "Cleanup", Time since last: 6047024134 ns, Reaching safepoint: 29507 ns, Cleanup: 50873 ns, At safepoint: 69996 ns, Total: 150376 ns
[2025-05-24T07:34:49.260+0000][69][info ][safepoint   ] Safepoint "Cleanup", Time since last: 1860730364 ns, Reaching safepoint: 25380 ns, Cleanup: 15471 ns, At safepoint: 7785 ns, Total: 48636 ns
[2025-05-24T07:34:55.262+0000][69][info ][safepoint   ] Safepoint "Cleanup", Time since last: 6001911906 ns, Reaching safepoint: 18714 ns, Cleanup: 14541 ns, At safepoint: 9378 ns, Total: 42633 ns
[2025-05-24T07:34:57.320+0000][69][info ][safepoint   ] Safepoint "Cleanup", Time since last: 2000709609 ns, Reaching safepoint: 57257507 ns, Cleanup: 27133 ns, At safepoint: 329423 ns, Total: 57614063 ns
[2025-05-24T07:35:00.321+0000][69][info ][safepoint   ] Safepoint "Cleanup", Time since last: 3000991510 ns, Reaching safepoint: 20722 ns, Cleanup: 20225 ns, At safepoint: 19047 ns, Total: 59994 ns
[2025-05-24T07:35:02.341+0000][69][info ][safepoint   ] Safepoint "Cleanup", Time since last: 2000730275 ns, Reaching safepoint: 18906592 ns, Cleanup: 23361 ns, At safepoint: 173170 ns, Total: 19103123 ns
[2025-05-24T07:35:07.340+0000][69][info ][safepoint   ] Safepoint "Cleanup", Time since last: 5001226893 ns, Reaching safepoint: 34468 ns, Cleanup: 20597 ns, At safepoint: 19361 ns, Total: 74426 ns
[2025-05-24T07:35:10.341+0000][69][info ][safepoint   ] Safepoint "Cleanup", Time since last: 3000905517 ns, Reaching safepoint: 26026 ns, Cleanup: 16311 ns, At safepoint: 11593 ns, Total: 53930 ns
[2025-05-24T07:35:20.344+0000][69][info ][safepoint   ] Safepoint "Cleanup", Time since last: 10001918478 ns, Reaching safepoint: 766402 ns, Cleanup: 32615 ns, At safepoint: 205188 ns, Total: 1004205 ns
[2025-05-24T07:35:40.415+0000][69][info ][safepoint   ] Safepoint "Cleanup", Time since last: 20073741470 ns, Reaching safepoint: 37943 ns, Cleanup: 23960 ns, At safepoint: 22487 ns, Total: 84390 ns
[2025-05-24T07:35:42.416+0000][69][info ][safepoint   ] Safepoint "Cleanup", Time since last: 2000931482 ns, Reaching safepoint: 18399 ns, Cleanup: 13100 ns, At safepoint: 8581 ns, Total: 40080 ns
[2025-05-24T07:35:49.418+0000][69][info ][safepoint   ] Safepoint "Cleanup", Time since last: 7001480076 ns, Reaching safepoint: 67419 ns, Cleanup: 18462 ns, At safepoint: 17675 ns, Total: 103556 ns
[2025-05-24T07:35:50.439+0000][69][info ][safepoint   ] Safepoint "Cleanup", Time since last: 1020440957 ns, Reaching safepoint: 13398 ns, Cleanup: 11978 ns, At safepoint: 5369 ns, Total: 30745 ns
[2025-05-24T07:35:51.449+0000][69][info ][safepoint   ] Safepoint "Cleanup", Time since last: 1010116256 ns, Reaching safepoint: 18742 ns, Cleanup: 23281 ns, At safepoint: 87718 ns, Total: 129741 ns
[2025-05-24T07:35:52.496+0000][69][info ][safepoint   ] Safepoint "Cleanup", Time since last: 1047646486 ns, Reaching safepoint: 32510 ns, Cleanup: 19041 ns, At safepoint: 18469 ns, Total: 70020 ns
[2025-05-24T07:36:05.499+0000][69][info ][safepoint   ] Safepoint "Cleanup", Time since last: 13002451948 ns, Reaching safepoint: 26414 ns, Cleanup: 21727 ns, At safepoint: 12634 ns, Total: 60775 ns
[2025-05-24T07:36:07.498+0000][69][info ][safepoint   ] Safepoint "Cleanup", Time since last: 2000701329 ns, Reaching safepoint: 27159 ns, Cleanup: 15746 ns, At safepoint: 11935 ns, Total: 54840 ns
[2025-05-24T07:36:08.498+0000][69][info ][safepoint   ] Safepoint "Cleanup", Time since last: 1000537595 ns, Reaching safepoint: 30632 ns, Cleanup: 22647 ns, At safepoint: 12084 ns, Total: 65363 ns
[2025-05-24T07:36:21.501+0000][69][info ][safepoint   ] Safepoint "Cleanup", Time since last: 13002160762 ns, Reaching safepoint: 81896 ns, Cleanup: 24476 ns, At safepoint: 99451 ns, Total: 205823 ns
[2025-05-24T07:36:22.502+0000][69][info ][safepoint   ] Safepoint "Cleanup", Time since last: 1000750570 ns, Reaching safepoint: 34501 ns, Cleanup: 16787 ns, At safepoint: 19288 ns, Total: 70576 ns
[2025-05-24T07:36:25.503+0000][69][info ][safepoint   ] Safepoint "Cleanup", Time since last: 3000943684 ns, Reaching safepoint: 36615 ns, Cleanup: 20810 ns, At safepoint: 21018 ns, Total: 78443 ns
[2025-05-24T07:36:40.615+0000][69][info ][safepoint   ] Safepoint "Cleanup", Time since last: 15114480977 ns, Reaching safepoint: 38287 ns, Cleanup: 19002 ns, At safepoint: 15143 ns, Total: 72432 ns
[2025-05-24T07:36:50.622+0000][69][info ][safepoint   ] Safepoint "Cleanup", Time since last: 10007172157 ns, Reaching safepoint: 56650 ns, Cleanup: 15043 ns, At safepoint: 11079 ns, Total: 82772 ns
[2025-05-24T07:36:53.384+0000][69][info ][safepoint   ] Safepoint "Cleanup", Time since last: 2761582951 ns, Reaching safepoint: 12224 ns, Cleanup: 12902 ns, At safepoint: 27019 ns, Total: 52145 ns
[2025-05-24T07:36:54.542+0000][69][info ][safepoint   ] Safepoint "Cleanup", Time since last: 1158577157 ns, Reaching safepoint: 31664 ns, Cleanup: 26619 ns, At safepoint: 18779 ns, Total: 77062 ns
[2025-05-24T07:36:58.560+0000][69][info ][safepoint   ] Safepoint "Cleanup", Time since last: 4018102256 ns, Reaching safepoint: 30557 ns, Cleanup: 20025 ns, At safepoint: 18942 ns, Total: 69524 ns
[2025-05-24T07:37:05.012+0000][69][info ][gc,start    ] GC(18) Pause Young (Normal) (G1 Evacuation Pause)
[2025-05-24T07:37:05.013+0000][69][info ][gc,task     ] GC(18) Using 10 workers of 10 for evacuation
[2025-05-24T07:37:05.014+0000][69][debug][gc,age      ] GC(18) Desired survivor size 52428800 bytes, new threshold 15 (max threshold 15)
[2025-05-24T07:37:05.051+0000][69][info ][gc,phases   ] GC(18)   Pre Evacuate Collection Set: 9.82ms
[2025-05-24T07:37:05.053+0000][69][info ][gc,phases   ] GC(18)   Merge Heap Roots: 1.25ms
[2025-05-24T07:37:05.054+0000][69][info ][gc,phases   ] GC(18)   Evacuate Collection Set: 19.95ms
[2025-05-24T07:37:05.054+0000][69][info ][gc,phases   ] GC(18)   Post Evacuate Collection Set: 5.28ms
[2025-05-24T07:37:05.055+0000][69][info ][gc,phases   ] GC(18)   Other: 1.94ms
[2025-05-24T07:37:05.055+0000][69][trace][gc,age      ] GC(18) Age table with threshold 15 (max threshold 15)
[2025-05-24T07:37:05.056+0000][69][trace][gc,age      ] GC(18) - age   1:    1379144 bytes,    1379144 total
[2025-05-24T07:37:05.056+0000][69][trace][gc,age      ] GC(18) - age   2:     277640 bytes,    1656784 total
[2025-05-24T07:37:05.057+0000][69][trace][gc,age      ] GC(18) - age   3:     137168 bytes,    1793952 total
[2025-05-24T07:37:05.058+0000][69][trace][gc,age      ] GC(18) - age   4:     650728 bytes,    2444680 total
[2025-05-24T07:37:05.058+0000][69][trace][gc,age      ] GC(18) - age   5:      40704 bytes,    2485384 total
[2025-05-24T07:37:05.059+0000][69][trace][gc,age      ] GC(18) - age   6:     600120 bytes,    3085504 total
[2025-05-24T07:37:05.060+0000][69][trace][gc,age      ] GC(18) - age   7:     620712 bytes,    3706216 total
[2025-05-24T07:37:05.060+0000][69][info ][gc,heap     ] GC(18) Eden regions: 197->0(303)
[2025-05-24T07:37:05.061+0000][69][info ][gc,heap     ] GC(18) Survivor regions: 1->1(25)
[2025-05-24T07:37:05.061+0000][69][info ][gc,heap     ] GC(18) Old regions: 25->25
[2025-05-24T07:37:05.062+0000][69][info ][gc,heap     ] GC(18) Humongous regions: 0->0
[2025-05-24T07:37:05.062+0000][69][info ][gc,metaspace] GC(18) Metaspace: 143694K(147392K)->143694K(147392K) NonClass: 124180K(126144K)->124180K(126144K) Class: 19514K(21248K)->19514K(21248K)
[2025-05-24T07:37:05.063+0000][69][info ][gc          ] GC(18) Pause Young (Normal) (G1 Evacuation Pause) 890M->103M(3880M) 50.673ms
[2025-05-24T07:37:05.064+0000][69][info ][gc,cpu      ] GC(18) User=0.20s Sys=0.02s Real=0.05s
[2025-05-24T07:37:05.064+0000][69][info ][safepoint   ] Safepoint "G1CollectForAllocation", Time since last: 6450060243 ns, Reaching safepoint: 31121 ns, Cleanup: 7156 ns, At safepoint: 53910223 ns, Total: 53948500 ns
[2025-05-24T07:37:12.065+0000][69][info ][safepoint   ] Safepoint "Cleanup", Time since last: 7001797327 ns, Reaching safepoint: 31742 ns, Cleanup: 17669 ns, At safepoint: 17282 ns, Total: 66693 ns
[2025-05-24T07:37:15.066+0000][69][info ][safepoint   ] Safepoint "Cleanup", Time since last: 3001051670 ns, Reaching safepoint: 26870 ns, Cleanup: 16317 ns, At safepoint: 13046 ns, Total: 56233 ns
[2025-05-24T07:37:29.392+0000][69][info ][safepoint   ] Safepoint "Cleanup", Time since last: 14325928794 ns, Reaching safepoint: 8559 ns, Cleanup: 9572 ns, At safepoint: 12475 ns, Total: 30606 ns
[2025-05-24T07:37:30.601+0000][69][info ][safepoint   ] Safepoint "Cleanup", Time since last: 1208636648 ns, Reaching safepoint: 21098 ns, Cleanup: 24095 ns, At safepoint: 10873 ns, Total: 56066 ns
[2025-05-24T07:37:35.366+0000][69][info ][safepoint   ] Safepoint "Cleanup", Time since last: 4764807056 ns, Reaching safepoint: 7191 ns, Cleanup: 11294 ns, At safepoint: 13205 ns, Total: 31690 ns
[2025-05-24T07:37:36.628+0000][69][info ][safepoint   ] Safepoint "Cleanup", Time since last: 1264753888 ns, Reaching safepoint: 36280 ns, Cleanup: 19621 ns, At safepoint: 21394 ns, Total: 77295 ns
[2025-05-24T07:37:37.629+0000][69][info ][safepoint   ] Safepoint "Cleanup", Time since last: 1000978318 ns, Reaching safepoint: 36038 ns, Cleanup: 18984 ns, At safepoint: 20242 ns, Total: 75264 ns
[2025-05-24T07:37:38.656+0000][69][info ][safepoint   ] Safepoint "Cleanup", Time since last: 1027215277 ns, Reaching safepoint: 33237 ns, Cleanup: 20644 ns, At safepoint: 14184 ns, Total: 68065 ns
[2025-05-24T07:37:40.407+0000][69][info ][safepoint   ] Safepoint "Cleanup", Time since last: 1750626262 ns, Reaching safepoint: 7215 ns, Cleanup: 23613 ns, At safepoint: 12931 ns, Total: 43759 ns
[2025-05-24T07:37:41.425+0000][69][info ][safepoint   ] Safepoint "Cleanup", Time since last: 1018550173 ns, Reaching safepoint: 32884 ns, Cleanup: 26020 ns, At safepoint: 17916 ns, Total: 76820 ns
[2025-05-24T07:37:42.426+0000][69][info ][safepoint   ] Safepoint "Cleanup", Time since last: 1000731529 ns, Reaching safepoint: 32401 ns, Cleanup: 24178 ns, At safepoint: 18152 ns, Total: 74731 ns
[2025-05-24T07:37:43.427+0000][69][info ][safepoint   ] Safepoint "Cleanup", Time since last: 1000737898 ns, Reaching safepoint: 45022 ns, Cleanup: 22760 ns, At safepoint: 23619 ns, Total: 91401 ns
[2025-05-24T07:37:48.429+0000][69][info ][safepoint   ] Safepoint "Cleanup", Time since last: 5001477456 ns, Reaching safepoint: 33438 ns, Cleanup: 18245 ns, At safepoint: 18478 ns, Total: 70161 ns
[2025-05-24T07:37:50.429+0000][69][info ][safepoint   ] Safepoint "Cleanup", Time since last: 2000787572 ns, Reaching safepoint: 28766 ns, Cleanup: 16024 ns, At safepoint: 12475 ns, Total: 57265 ns
[2025-05-24T07:37:56.367+0000][69][info ][safepoint   ] Safepoint "Cleanup", Time since last: 5937534998 ns, Reaching safepoint: 22054 ns, Cleanup: 19138 ns, At safepoint: 73081 ns, Total: 114273 ns
[2025-05-24T07:37:57.694+0000][69][info ][safepoint   ] Safepoint "Cleanup", Time since last: 1327093429 ns, Reaching safepoint: 39799 ns, Cleanup: 32111 ns, At safepoint: 20093 ns, Total: 92003 ns
[2025-05-24T07:38:02.696+0000][69][info ][safepoint   ] Safepoint "Cleanup", Time since last: 5001401066 ns, Reaching safepoint: 26378 ns, Cleanup: 13826 ns, At safepoint: 9218 ns, Total: 49422 ns
[2025-05-24T07:38:20.697+0000][69][info ][safepoint   ] Safepoint "Cleanup", Time since last: 18003442824 ns, Reaching safepoint: 21961 ns, Cleanup: 16163 ns, At safepoint: 10299 ns, Total: 48423 ns
[2025-05-24T07:38:25.698+0000][69][info ][safepoint   ] Safepoint "Cleanup", Time since last: 5001107603 ns, Reaching safepoint: 77207 ns, Cleanup: 21158 ns, At safepoint: 34241 ns, Total: 132606 ns
[2025-05-24T07:38:42.688+0000][69][info ][safepoint   ] Safepoint "Cleanup", Time since last: 16991337005 ns, Reaching safepoint: 34292 ns, Cleanup: 24368 ns, At safepoint: 19381 ns, Total: 78041 ns
[2025-05-24T07:38:55.690+0000][69][info ][safepoint   ] Safepoint "Cleanup", Time since last: 13002289941 ns, Reaching safepoint: 56254 ns, Cleanup: 18850 ns, At safepoint: 11275 ns, Total: 86379 ns
[2025-05-24T07:38:59.386+0000][69][info ][safepoint   ] Safepoint "Cleanup", Time since last: 3696031486 ns, Reaching safepoint: 6635 ns, Cleanup: 8727 ns, At safepoint: 3033 ns, Total: 18395 ns
[2025-05-24T07:39:00.747+0000][69][info ][safepoint   ] Safepoint "Cleanup", Time since last: 1361127257 ns, Reaching safepoint: 38042 ns, Cleanup: 26956 ns, At safepoint: 21680 ns, Total: 86678 ns
[2025-05-24T07:39:05.747+0000][69][info ][safepoint   ] Safepoint "Cleanup", Time since last: 5001354061 ns, Reaching safepoint: 34164 ns, Cleanup: 18341 ns, At safepoint: 19955 ns, Total: 72460 ns
[2025-05-24T07:39:39.724+0000][69][info ][safepoint   ] Safepoint "Cleanup", Time since last: 33979440374 ns, Reaching safepoint: 34715 ns, Cleanup: 18472 ns, At safepoint: 17870 ns, Total: 71057 ns
[2025-05-24T07:39:42.725+0000][69][info ][safepoint   ] Safepoint "Cleanup", Time since last: 3001200946 ns, Reaching safepoint: 35467 ns, Cleanup: 25195 ns, At safepoint: 19577 ns, Total: 80239 ns
[2025-05-24T07:39:45.726+0000][69][info ][safepoint   ] Safepoint "Cleanup", Time since last: 3001184656 ns, Reaching safepoint: 29398 ns, Cleanup: 16815 ns, At safepoint: 13275 ns, Total: 59488 ns
[2025-05-24T07:39:49.732+0000][69][info ][safepoint   ] Safepoint "Cleanup", Time since last: 4005308191 ns, Reaching safepoint: 34903 ns, Cleanup: 18496 ns, At safepoint: 15830 ns, Total: 69229 ns
[2025-05-24T07:39:55.733+0000][69][info ][safepoint   ] Safepoint "Cleanup", Time since last: 6001434176 ns, Reaching safepoint: 73058 ns, Cleanup: 18198 ns, At safepoint: 90719 ns, Total: 181975 ns
[2025-05-24T07:40:02.366+0000][69][info ][safepoint   ] Safepoint "Cleanup", Time since last: 6632806103 ns, Reaching safepoint: 96924 ns, Cleanup: 8475 ns, At safepoint: 50608 ns, Total: 156007 ns
[2025-05-24T07:40:03.791+0000][69][info ][safepoint   ] Safepoint "Cleanup", Time since last: 1424980786 ns, Reaching safepoint: 36315 ns, Cleanup: 23172 ns, At safepoint: 20839 ns, Total: 80326 ns
[2025-05-24T07:40:26.793+0000][69][info ][safepoint   ] Safepoint "Cleanup", Time since last: 23003865829 ns, Reaching safepoint: 65325 ns, Cleanup: 19273 ns, At safepoint: 15046 ns, Total: 99644 ns
[2025-05-24T07:40:30.794+0000][69][info ][safepoint   ] Safepoint "Cleanup", Time since last: 4001098583 ns, Reaching safepoint: 33776 ns, Cleanup: 17751 ns, At safepoint: 18907 ns, Total: 70434 ns
[2025-05-24T07:40:42.760+0000][69][info ][safepoint   ] Safepoint "Cleanup", Time since last: 11968068562 ns, Reaching safepoint: 21027 ns, Cleanup: 17560 ns, At safepoint: 9199 ns, Total: 47786 ns
[2025-05-24T07:41:00.763+0000][69][info ][safepoint   ] Safepoint "Cleanup", Time since last: 18003062775 ns, Reaching safepoint: 110263 ns, Cleanup: 18233 ns, At safepoint: 9590 ns, Total: 138086 ns
[2025-05-24T07:41:02.764+0000][69][info ][safepoint   ] Safepoint "Cleanup", Time since last: 2000666938 ns, Reaching safepoint: 22552 ns, Cleanup: 15973 ns, At safepoint: 11035 ns, Total: 49560 ns
[2025-05-24T07:41:05.371+0000][69][info ][safepoint   ] Safepoint "Cleanup", Time since last: 2606588618 ns, Reaching safepoint: 6889 ns, Cleanup: 13564 ns, At safepoint: 5196 ns, Total: 25649 ns
[2025-05-24T07:41:09.826+0000][69][info ][safepoint   ] Safepoint "Cleanup", Time since last: 4457000956 ns, Reaching safepoint: 72329 ns, Cleanup: 17147 ns, At safepoint: 13337 ns, Total: 102813 ns
[2025-05-24T07:41:10.826+0000][69][info ][safepoint   ] Safepoint "Cleanup", Time since last: 1000577162 ns, Reaching safepoint: 19151 ns, Cleanup: 15748 ns, At safepoint: 9816 ns, Total: 44715 ns
[2025-05-24T07:41:19.828+0000][69][info ][safepoint   ] Safepoint "Cleanup", Time since last: 9001523730 ns, Reaching safepoint: 36856 ns, Cleanup: 22541 ns, At safepoint: 21638 ns, Total: 81035 ns
[2025-05-24T07:41:20.829+0000][69][info ][safepoint   ] Safepoint "Cleanup", Time since last: 1000608918 ns, Reaching safepoint: 85557 ns, Cleanup: 19053 ns, At safepoint: 13847 ns, Total: 118457 ns
[2025-05-24T07:41:39.794+0000][69][info ][safepoint   ] Safepoint "Cleanup", Time since last: 18967732954 ns, Reaching safepoint: 19727 ns, Cleanup: 15158 ns, At safepoint: 9493 ns, Total: 44378 ns
[2025-05-24T07:41:42.795+0000][69][info ][safepoint   ] Safepoint "Cleanup", Time since last: 3001247967 ns, Reaching safepoint: 29291 ns, Cleanup: 25885 ns, At safepoint: 13906 ns, Total: 69082 ns
[2025-05-24T07:41:45.797+0000][69][info ][safepoint   ] Safepoint "Cleanup", Time since last: 3001843059 ns, Reaching safepoint: 35326 ns, Cleanup: 22192 ns, At safepoint: 20069 ns, Total: 77587 ns
[2025-05-24T07:42:05.799+0000][69][info ][safepoint   ] Safepoint "Cleanup", Time since last: 20003972720 ns, Reaching safepoint: 87278 ns, Cleanup: 22093 ns, At safepoint: 23769 ns, Total: 133140 ns
[2025-05-24T07:42:08.375+0000][69][info ][safepoint   ] Safepoint "Cleanup", Time since last: 2575925375 ns, Reaching safepoint: 31900 ns, Cleanup: 60735 ns, At safepoint: 85310 ns, Total: 177945 ns
[2025-05-24T07:42:08.868+0000][69][info ][safepoint   ] Safepoint "ICBufferFull", Time since last: 492965678 ns, Reaching safepoint: 20146 ns, Cleanup: 99045 ns, At safepoint: 9479 ns, Total: 128670 ns
[2025-05-24T07:42:09.877+0000][69][info ][safepoint   ] Safepoint "Cleanup", Time since last: 1008213294 ns, Reaching safepoint: 37687 ns, Cleanup: 20947 ns, At safepoint: 24599 ns, Total: 83233 ns
[2025-05-24T07:42:11.601+0000][69][info ][safepoint   ] Safepoint "Cleanup", Time since last: 1724660245 ns, Reaching safepoint: 21980 ns, Cleanup: 55784 ns, At safepoint: 10359 ns, Total: 88123 ns
[2025-05-24T07:42:17.603+0000][69][info ][safepoint   ] Safepoint "Cleanup", Time since last: 6001174223 ns, Reaching safepoint: 21553 ns, Cleanup: 19745 ns, At safepoint: 9512 ns, Total: 50810 ns
[2025-05-24T07:42:20.354+0000][69][info ][safepoint   ] Safepoint "Cleanup", Time since last: 2751210281 ns, Reaching safepoint: 6712 ns, Cleanup: 15072 ns, At safepoint: 12620 ns, Total: 34404 ns
[2025-05-24T07:42:21.908+0000][69][info ][safepoint   ] Safepoint "Cleanup", Time since last: 1554164755 ns, Reaching safepoint: 20679 ns, Cleanup: 42609 ns, At safepoint: 9375 ns, Total: 72663 ns
[2025-05-24T07:42:24.938+0000][69][info ][safepoint   ] Safepoint "Cleanup", Time since last: 3029369145 ns, Reaching safepoint: 33364 ns, Cleanup: 18363 ns, At safepoint: 18168 ns, Total: 69895 ns
[2025-05-24T07:42:25.990+0000][69][info ][safepoint   ] Safepoint "Cleanup", Time since last: 1052128316 ns, Reaching safepoint: 18185 ns, Cleanup: 42271 ns, At safepoint: 89605 ns, Total: 150061 ns
[2025-05-24T07:42:29.996+0000][69][info ][safepoint   ] Safepoint "Cleanup", Time since last: 4005766555 ns, Reaching safepoint: 71453 ns, Cleanup: 18090 ns, At safepoint: 17572 ns, Total: 107115 ns
[2025-05-24T07:42:32.345+0000][69][info ][safepoint   ] Safepoint "Cleanup", Time since last: 2348874450 ns, Reaching safepoint: 16524 ns, Cleanup: 12887 ns, At safepoint: 21012 ns, Total: 50423 ns
[2025-05-24T07:42:33.833+0000][69][info ][safepoint   ] Safepoint "Cleanup", Time since last: 1487903473 ns, Reaching safepoint: 18457 ns, Cleanup: 19258 ns, At safepoint: 14447 ns, Total: 52162 ns
[2025-05-24T07:42:35.832+0000][69][info ][safepoint   ] Safepoint "Cleanup", Time since last: 2001195646 ns, Reaching safepoint: 18941 ns, Cleanup: 14315 ns, At safepoint: 8964 ns, Total: 42220 ns
[2025-05-24T07:42:36.832+0000][69][info ][safepoint   ] Safepoint "Cleanup", Time since last: 1000666051 ns, Reaching safepoint: 34827 ns, Cleanup: 23754 ns, At safepoint: 20792 ns, Total: 79373 ns
[2025-05-24T07:42:38.344+0000][69][info ][safepoint   ] Safepoint "Cleanup", Time since last: 1511768861 ns, Reaching safepoint: 6455 ns, Cleanup: 22070 ns, At safepoint: 13587 ns, Total: 42112 ns
[2025-05-24T07:42:40.033+0000][69][info ][safepoint   ] Safepoint "Cleanup", Time since last: 1688750479 ns, Reaching safepoint: 32580 ns, Cleanup: 17317 ns, At safepoint: 17825 ns, Total: 67722 ns
[2025-05-24T07:42:42.056+0000][69][info ][safepoint   ] Safepoint "Cleanup", Time since last: 2023339774 ns, Reaching safepoint: 23004 ns, Cleanup: 15747 ns, At safepoint: 9791 ns, Total: 48542 ns
[2025-05-24T07:42:45.057+0000][69][info ][safepoint   ] Safepoint "Cleanup", Time since last: 3000832708 ns, Reaching safepoint: 48946 ns, Cleanup: 22223 ns, At safepoint: 11515 ns, Total: 82684 ns
[2025-05-24T07:42:51.059+0000][69][info ][safepoint   ] Safepoint "Cleanup", Time since last: 6001713327 ns, Reaching safepoint: 28169 ns, Cleanup: 16780 ns, At safepoint: 12560 ns, Total: 57509 ns
[2025-05-24T07:42:55.060+0000][69][info ][safepoint   ] Safepoint "Cleanup", Time since last: 4001169081 ns, Reaching safepoint: 27119 ns, Cleanup: 19191 ns, At safepoint: 14241 ns, Total: 60551 ns
[2025-05-24T07:43:05.726+0000][69][info ][safepoint   ] Safepoint "Cleanup", Time since last: 10667660475 ns, Reaching safepoint: 94064 ns, Cleanup: 15257 ns, At safepoint: 16204 ns, Total: 125525 ns
[2025-05-24T07:43:10.728+0000][69][info ][safepoint   ] Safepoint "Cleanup", Time since last: 5001413110 ns, Reaching safepoint: 21035 ns, Cleanup: 13484 ns, At safepoint: 9091 ns, Total: 43610 ns
[2025-05-24T07:43:12.076+0000][69][info ][safepoint   ] Safepoint "Cleanup", Time since last: 1348379394 ns, Reaching safepoint: 5995 ns, Cleanup: 8651 ns, At safepoint: 2709 ns, Total: 17355 ns
[2025-05-24T07:43:13.090+0000][69][info ][safepoint   ] Safepoint "Cleanup", Time since last: 1013747690 ns, Reaching safepoint: 6480 ns, Cleanup: 12236 ns, At safepoint: 12170 ns, Total: 30886 ns
[2025-05-24T07:43:20.093+0000][69][info ][safepoint   ] Safepoint "Cleanup", Time since last: 7002869075 ns, Reaching safepoint: 68356 ns, Cleanup: 17042 ns, At safepoint: 18552 ns, Total: 103950 ns
[2025-05-24T07:43:24.095+0000][69][info ][safepoint   ] Safepoint "Cleanup", Time since last: 4001657859 ns, Reaching safepoint: 20937 ns, Cleanup: 14192 ns, At safepoint: 8888 ns, Total: 44017 ns
[2025-05-24T07:43:33.098+0000][69][info ][safepoint   ] Safepoint "Cleanup", Time since last: 9003056990 ns, Reaching safepoint: 30716 ns, Cleanup: 16829 ns, At safepoint: 10888 ns, Total: 58433 ns
[2025-05-24T07:43:41.973+0000][69][info ][safepoint   ] Safepoint "Cleanup", Time since last: 8877206346 ns, Reaching safepoint: 21442 ns, Cleanup: 15336 ns, At safepoint: 7263 ns, Total: 44041 ns
[2025-05-24T07:43:45.975+0000][69][info ][safepoint   ] Safepoint "Cleanup", Time since last: 4001586724 ns, Reaching safepoint: 33542 ns, Cleanup: 14204 ns, At safepoint: 8953 ns, Total: 56699 ns
[2025-05-24T07:44:09.977+0000][69][info ][safepoint   ] Safepoint "Cleanup", Time since last: 24004680365 ns, Reaching safepoint: 23069 ns, Cleanup: 12734 ns, At safepoint: 8553 ns, Total: 44356 ns
[2025-05-24T07:44:14.336+0000][69][info ][safepoint   ] Safepoint "Cleanup", Time since last: 4359358090 ns, Reaching safepoint: 6912 ns, Cleanup: 7156 ns, At safepoint: 3177 ns, Total: 17245 ns
[2025-05-24T07:44:16.115+0000][69][info ][safepoint   ] Safepoint "Cleanup", Time since last: 1778544695 ns, Reaching safepoint: 39754 ns, Cleanup: 15013 ns, At safepoint: 8592 ns, Total: 63359 ns
[2025-05-24T07:44:32.118+0000][69][info ][safepoint   ] Safepoint "Cleanup", Time since last: 16003323713 ns, Reaching safepoint: 24203 ns, Cleanup: 13292 ns, At safepoint: 8316 ns, Total: 45811 ns
[2025-05-24T07:44:42.014+0000][69][info ][safepoint   ] Safepoint "Cleanup", Time since last: 9897745495 ns, Reaching safepoint: 20054 ns, Cleanup: 13465 ns, At safepoint: 8578 ns, Total: 42097 ns
[2025-05-24T07:45:00.018+0000][69][info ][safepoint   ] Safepoint "Cleanup", Time since last: 18003931025 ns, Reaching safepoint: 49067 ns, Cleanup: 14724 ns, At safepoint: 9478 ns, Total: 73269 ns
[2025-05-24T07:45:18.114+0000][69][info ][safepoint   ] Safepoint "Cleanup", Time since last: 18098355122 ns, Reaching safepoint: 53194 ns, Cleanup: 15905 ns, At safepoint: 10339 ns, Total: 79438 ns
[2025-05-24T07:45:19.774+0000][69][info ][safepoint   ] Safepoint "Cleanup", Time since last: 1660071075 ns, Reaching safepoint: 16392 ns, Cleanup: 12969 ns, At safepoint: 8288 ns, Total: 37649 ns
[2025-05-24T07:45:20.788+0000][69][info ][safepoint   ] Safepoint "Cleanup", Time since last: 1013643639 ns, Reaching safepoint: 16015 ns, Cleanup: 18100 ns, At safepoint: 25486 ns, Total: 59601 ns
[2025-05-24T07:45:23.016+0000][69][info ][safepoint   ] Safepoint "Cleanup", Time since last: 2228467269 ns, Reaching safepoint: 18208 ns, Cleanup: 12992 ns, At safepoint: 69084 ns, Total: 100284 ns
[2025-05-24T07:45:25.157+0000][69][info ][safepoint   ] Safepoint "Cleanup", Time since last: 2141297947 ns, Reaching safepoint: 17748 ns, Cleanup: 16728 ns, At safepoint: 8887 ns, Total: 43363 ns
[2025-05-24T07:45:35.195+0000][69][info ][safepoint   ] Safepoint "Cleanup", Time since last: 10037120211 ns, Reaching safepoint: 35445 ns, Cleanup: 19698 ns, At safepoint: 21455 ns, Total: 76598 ns
[2025-05-24T07:45:40.195+0000][69][info ][safepoint   ] Safepoint "Cleanup", Time since last: 5002747671 ns, Reaching safepoint: 18657 ns, Cleanup: 14925 ns, At safepoint: 8819 ns, Total: 42401 ns
[2025-05-24T07:45:41.196+0000][69][info ][safepoint   ] Safepoint "Cleanup", Time since last: 1000728785 ns, Reaching safepoint: 17840 ns, Cleanup: 14109 ns, At safepoint: 10359 ns, Total: 42308 ns
[2025-05-24T07:45:42.196+0000][69][info ][safepoint   ] Safepoint "Cleanup", Time since last: 1000821341 ns, Reaching safepoint: 16820 ns, Cleanup: 14973 ns, At safepoint: 8140 ns, Total: 39933 ns
[2025-05-24T07:45:43.197+0000][69][info ][safepoint   ] Safepoint "Cleanup", Time since last: 1000836367 ns, Reaching safepoint: 33499 ns, Cleanup: 18700 ns, At safepoint: 18621 ns, Total: 70820 ns
[2025-05-24T07:45:45.200+0000][69][info ][safepoint   ] Safepoint "Cleanup", Time since last: 2002317800 ns, Reaching safepoint: 17111 ns, Cleanup: 14084 ns, At safepoint: 8377 ns, Total: 39572 ns
[2025-05-24T07:45:59.203+0000][69][info ][safepoint   ] Safepoint "Cleanup", Time since last: 14003052739 ns, Reaching safepoint: 43444 ns, Cleanup: 13573 ns, At safepoint: 8878 ns, Total: 65895 ns
[2025-05-24T07:46:03.204+0000][69][info ][safepoint   ] Safepoint "Cleanup", Time since last: 4001095108 ns, Reaching safepoint: 28982 ns, Cleanup: 14969 ns, At safepoint: 12307 ns, Total: 56258 ns
[2025-05-24T07:46:22.206+0000][69][info ][safepoint   ] Safepoint "Cleanup", Time since last: 19003393197 ns, Reaching safepoint: 72638 ns, Cleanup: 15472 ns, At safepoint: 10393 ns, Total: 98503 ns
[2025-05-24T07:46:23.206+0000][69][info ][safepoint   ] Safepoint "Cleanup", Time since last: 1000385281 ns, Reaching safepoint: 15776 ns, Cleanup: 16193 ns, At safepoint: 17991 ns, Total: 49960 ns
[2025-05-24T07:46:24.220+0000][69][info ][safepoint   ] Safepoint "Cleanup", Time since last: 1014102515 ns, Reaching safepoint: 35187 ns, Cleanup: 21974 ns, At safepoint: 20849 ns, Total: 78010 ns
[2025-05-24T07:46:26.012+0000][69][info ][safepoint   ] Safepoint "Cleanup", Time since last: 1791602372 ns, Reaching safepoint: 37521 ns, Cleanup: 19577 ns, At safepoint: 174177 ns, Total: 231275 ns
[2025-05-24T07:46:27.234+0000][69][info ][safepoint   ] Safepoint "Cleanup", Time since last: 1222125355 ns, Reaching safepoint: 20745 ns, Cleanup: 14733 ns, At safepoint: 8435 ns, Total: 43913 ns
[2025-05-24T07:46:30.235+0000][69][info ][safepoint   ] Safepoint "Cleanup", Time since last: 3001060255 ns, Reaching safepoint: 33194 ns, Cleanup: 22545 ns, At safepoint: 51944 ns, Total: 107683 ns
[2025-05-24T07:46:34.237+0000][69][info ][safepoint   ] Safepoint "Cleanup", Time since last: 4001388856 ns, Reaching safepoint: 17581 ns, Cleanup: 21276 ns, At safepoint: 64014 ns, Total: 102871 ns
[2025-05-24T07:46:37.236+0000][69][info ][safepoint   ] Safepoint "Cleanup", Time since last: 3001442765 ns, Reaching safepoint: 38958 ns, Cleanup: 24601 ns, At safepoint: 24043 ns, Total: 87602 ns
[2025-05-24T07:46:40.237+0000][69][info ][safepoint   ] Safepoint "Cleanup", Time since last: 3000980263 ns, Reaching safepoint: 21168 ns, Cleanup: 14701 ns, At safepoint: 9713 ns, Total: 45582 ns
[2025-05-24T07:46:41.238+0000][69][info ][safepoint   ] Safepoint "Cleanup", Time since last: 1001102786 ns, Reaching safepoint: 20502 ns, Cleanup: 14913 ns, At safepoint: 10578 ns, Total: 45993 ns
[2025-05-24T07:46:42.239+0000][69][info ][safepoint   ] Safepoint "Cleanup", Time since last: 1000789018 ns, Reaching safepoint: 29646 ns, Cleanup: 17851 ns, At safepoint: 12832 ns, Total: 60329 ns
[2025-05-24T07:47:00.243+0000][69][info ][safepoint   ] Safepoint "Cleanup", Time since last: 18003250082 ns, Reaching safepoint: 129055 ns, Cleanup: 15856 ns, At safepoint: 11838 ns, Total: 156749 ns
[2025-05-24T07:47:05.244+0000][69][info ][safepoint   ] Safepoint "Cleanup", Time since last: 5001106783 ns, Reaching safepoint: 20429 ns, Cleanup: 21999 ns, At safepoint: 10084 ns, Total: 52512 ns
[2025-05-24T07:47:25.998+0000][69][info ][safepoint   ] Safepoint "Cleanup", Time since last: 20756586847 ns, Reaching safepoint: 6384 ns, Cleanup: 9434 ns, At safepoint: 11874 ns, Total: 27692 ns
[2025-05-24T07:47:27.284+0000][69][info ][safepoint   ] Safepoint "Cleanup", Time since last: 1285605580 ns, Reaching safepoint: 37721 ns, Cleanup: 22079 ns, At safepoint: 23439 ns, Total: 83239 ns
[2025-05-24T07:47:35.000+0000][69][info ][safepoint   ] Safepoint "Cleanup", Time since last: 7715936446 ns, Reaching safepoint: 19122 ns, Cleanup: 21806 ns, At safepoint: 96491 ns, Total: 137419 ns
[2025-05-24T07:47:41.318+0000][69][info ][safepoint   ] Safepoint "Cleanup", Time since last: 6318995564 ns, Reaching safepoint: 30786 ns, Cleanup: 27388 ns, At safepoint: 88593 ns, Total: 146767 ns
[2025-05-24T07:47:42.331+0000][69][info ][safepoint   ] Safepoint "Cleanup", Time since last: 1013404532 ns, Reaching safepoint: 30812 ns, Cleanup: 21481 ns, At safepoint: 13327 ns, Total: 65620 ns
[2025-05-24T07:47:43.332+0000][69][info ][safepoint   ] Safepoint "Cleanup", Time since last: 1000588982 ns, Reaching safepoint: 31909 ns, Cleanup: 17702 ns, At safepoint: 18553 ns, Total: 68164 ns
[2025-05-24T07:47:55.301+0000][69][info ][safepoint   ] Safepoint "Cleanup", Time since last: 11969579470 ns, Reaching safepoint: 24624 ns, Cleanup: 19349 ns, At safepoint: 73504 ns, Total: 117477 ns
[2025-05-24T07:47:56.325+0000][69][info ][safepoint   ] Safepoint "Cleanup", Time since last: 1023332625 ns, Reaching safepoint: 22416 ns, Cleanup: 17906 ns, At safepoint: 10160 ns, Total: 50482 ns
[2025-05-24T07:48:02.327+0000][69][info ][safepoint   ] Safepoint "Cleanup", Time since last: 6001677186 ns, Reaching safepoint: 34925 ns, Cleanup: 22258 ns, At safepoint: 20420 ns, Total: 77603 ns
[2025-05-24T07:48:08.325+0000][69][info ][safepoint   ] Safepoint "Cleanup", Time since last: 6001826841 ns, Reaching safepoint: 36182 ns, Cleanup: 19383 ns, At safepoint: 20807 ns, Total: 76372 ns
[2025-05-24T07:48:14.328+0000][69][info ][safepoint   ] Safepoint "Cleanup", Time since last: 6002174246 ns, Reaching safepoint: 37369 ns, Cleanup: 19646 ns, At safepoint: 22075 ns, Total: 79090 ns
[2025-05-24T07:48:17.329+0000][69][info ][safepoint   ] Safepoint "Cleanup", Time since last: 3001174887 ns, Reaching safepoint: 32968 ns, Cleanup: 21715 ns, At safepoint: 18302 ns, Total: 72985 ns
[2025-05-24T07:48:20.330+0000][69][info ][safepoint   ] Safepoint "Cleanup", Time since last: 3001313222 ns, Reaching safepoint: 30890 ns, Cleanup: 17307 ns, At safepoint: 17081 ns, Total: 65278 ns
[2025-05-24T07:48:26.332+0000][69][info ][safepoint   ] Safepoint "Cleanup", Time since last: 6001865346 ns, Reaching safepoint: 62495 ns, Cleanup: 17149 ns, At safepoint: 14198 ns, Total: 93842 ns
[2025-05-24T07:48:28.988+0000][69][info ][safepoint   ] Safepoint "Cleanup", Time since last: 2655046271 ns, Reaching safepoint: 147890 ns, Cleanup: 12487 ns, At safepoint: 61855 ns, Total: 222232 ns
[2025-05-24T07:48:30.428+0000][69][info ][safepoint   ] Safepoint "Cleanup", Time since last: 1439974654 ns, Reaching safepoint: 26097 ns, Cleanup: 54687 ns, At safepoint: 95348 ns, Total: 176132 ns
[2025-05-24T07:48:31.433+0000][69][info ][safepoint   ] Safepoint "Cleanup", Time since last: 1005482894 ns, Reaching safepoint: 38036 ns, Cleanup: 23419 ns, At safepoint: 19358 ns, Total: 80813 ns
[2025-05-24T07:48:32.434+0000][69][info ][safepoint   ] Safepoint "Cleanup", Time since last: 1000700290 ns, Reaching safepoint: 19042 ns, Cleanup: 13494 ns, At safepoint: 9548 ns, Total: 42084 ns
[2025-05-24T07:48:35.306+0000][69][info ][safepoint   ] Safepoint "Cleanup", Time since last: 2871939489 ns, Reaching safepoint: 31880 ns, Cleanup: 18333 ns, At safepoint: 16758 ns, Total: 66971 ns
[2025-05-24T07:48:42.307+0000][69][info ][safepoint   ] Safepoint "Cleanup", Time since last: 7002019276 ns, Reaching safepoint: 129906 ns, Cleanup: 19395 ns, At safepoint: 13824 ns, Total: 163125 ns
[2025-05-24T07:48:50.309+0000][69][info ][safepoint   ] Safepoint "Cleanup", Time since last: 8002154921 ns, Reaching safepoint: 31837 ns, Cleanup: 19837 ns, At safepoint: 17857 ns, Total: 69531 ns
[2025-05-24T07:49:08.310+0000][69][info ][safepoint   ] Safepoint "Cleanup", Time since last: 18003271538 ns, Reaching safepoint: 94590 ns, Cleanup: 16147 ns, At safepoint: 11089 ns, Total: 121826 ns
[2025-05-24T07:49:31.986+0000][69][info ][safepoint   ] Safepoint "Cleanup", Time since last: 23676187009 ns, Reaching safepoint: 6808 ns, Cleanup: 8950 ns, At safepoint: 13260 ns, Total: 29018 ns
[2025-05-24T07:49:33.471+0000][69][info ][safepoint   ] Safepoint "Cleanup", Time since last: 1485267375 ns, Reaching safepoint: 34662 ns, Cleanup: 22174 ns, At safepoint: 19097 ns, Total: 75933 ns
[2025-05-24T07:49:55.343+0000][69][info ][safepoint   ] Safepoint "Cleanup", Time since last: 21873512152 ns, Reaching safepoint: 74539 ns, Cleanup: 17153 ns, At safepoint: 17865 ns, Total: 109557 ns
[2025-05-24T07:50:11.344+0000][69][info ][safepoint   ] Safepoint "Cleanup", Time since last: 16003741022 ns, Reaching safepoint: 32037 ns, Cleanup: 17528 ns, At safepoint: 18270 ns, Total: 67835 ns
[2025-05-24T07:50:22.346+0000][69][info ][safepoint   ] Safepoint "Cleanup", Time since last: 11002086595 ns, Reaching safepoint: 18610 ns, Cleanup: 12704 ns, At safepoint: 8816 ns, Total: 40130 ns
[2025-05-24T07:50:25.347+0000][69][info ][safepoint   ] Safepoint "Cleanup", Time since last: 3000958746 ns, Reaching safepoint: 48178 ns, Cleanup: 16038 ns, At safepoint: 9928 ns, Total: 74144 ns
[2025-05-24T07:50:35.529+0000][69][info ][safepoint   ] Safepoint "Cleanup", Time since last: 10181582117 ns, Reaching safepoint: 39342 ns, Cleanup: 20587 ns, At safepoint: 99346 ns, Total: 159275 ns
[2025-05-24T07:50:49.531+0000][69][info ][safepoint   ] Safepoint "Cleanup", Time since last: 14004078533 ns, Reaching safepoint: 117136 ns, Cleanup: 18912 ns, At safepoint: 20414 ns, Total: 156462 ns
[2025-05-24T07:50:55.533+0000][69][info ][safepoint   ] Safepoint "Cleanup", Time since last: 6001785375 ns, Reaching safepoint: 80054 ns, Cleanup: 20435 ns, At safepoint: 20540 ns, Total: 121029 ns
[2025-05-24T07:51:01.534+0000][69][info ][safepoint   ] Safepoint "Cleanup", Time since last: 6001584066 ns, Reaching safepoint: 33404 ns, Cleanup: 16923 ns, At safepoint: 11664 ns, Total: 61991 ns
[2025-05-24T07:51:15.536+0000][69][info ][safepoint   ] Safepoint "Cleanup", Time since last: 14003083238 ns, Reaching safepoint: 31538 ns, Cleanup: 17047 ns, At safepoint: 18018 ns, Total: 66603 ns
[2025-05-24T07:51:23.538+0000][69][info ][safepoint   ] Safepoint "Cleanup", Time since last: 8001961815 ns, Reaching safepoint: 21132 ns, Cleanup: 19877 ns, At safepoint: 10678 ns, Total: 51687 ns
[2025-05-24T07:51:38.555+0000][69][info ][safepoint   ] Safepoint "Cleanup", Time since last: 15019760602 ns, Reaching safepoint: 16521 ns, Cleanup: 9244 ns, At safepoint: 12628 ns, Total: 38393 ns
[2025-05-24T07:51:42.579+0000][69][info ][safepoint   ] Safepoint "Cleanup", Time since last: 4024332930 ns, Reaching safepoint: 35696 ns, Cleanup: 15745 ns, At safepoint: 17704 ns, Total: 69145 ns
[2025-05-24T07:51:45.580+0000][69][info ][safepoint   ] Safepoint "Cleanup", Time since last: 3000964168 ns, Reaching safepoint: 33357 ns, Cleanup: 15876 ns, At safepoint: 9970 ns, Total: 59203 ns
[2025-05-24T07:51:46.963+0000][69][info ][safepoint   ] Safepoint "Cleanup", Time since last: 1383071957 ns, Reaching safepoint: 29046 ns, Cleanup: 15479 ns, At safepoint: 13857 ns, Total: 58382 ns
[2025-05-24T07:51:48.597+0000][69][info ][safepoint   ] Safepoint "Cleanup", Time since last: 1633079255 ns, Reaching safepoint: 36976 ns, Cleanup: 26788 ns, At safepoint: 21366 ns, Total: 85130 ns
[2025-05-24T07:51:50.598+0000][69][info ][safepoint   ] Safepoint "Cleanup", Time since last: 2000800364 ns, Reaching safepoint: 33777 ns, Cleanup: 22293 ns, At safepoint: 18266 ns, Total: 74336 ns
[2025-05-24T07:52:10.600+0000][69][info ][safepoint   ] Safepoint "Cleanup", Time since last: 20003821548 ns, Reaching safepoint: 98356 ns, Cleanup: 18474 ns, At safepoint: 13146 ns, Total: 129976 ns
[2025-05-24T07:52:11.601+0000][69][info ][safepoint   ] Safepoint "Cleanup", Time since last: 1000826279 ns, Reaching safepoint: 37705 ns, Cleanup: 17474 ns, At safepoint: 18456 ns, Total: 73635 ns
[2025-05-24T07:52:31.605+0000][69][info ][safepoint   ] Safepoint "Cleanup", Time since last: 20003978102 ns, Reaching safepoint: 158116 ns, Cleanup: 19534 ns, At safepoint: 37182 ns, Total: 214832 ns
[2025-05-24T07:52:37.984+0000][69][info ][safepoint   ] Safepoint "Cleanup", Time since last: 6382405683 ns, Reaching safepoint: 7106 ns, Cleanup: 10980 ns, At safepoint: 12813 ns, Total: 30899 ns
[2025-05-24T07:52:39.696+0000][69][info ][safepoint   ] Safepoint "Cleanup", Time since last: 1712199521 ns, Reaching safepoint: 20086 ns, Cleanup: 52120 ns, At safepoint: 10106 ns, Total: 82312 ns
[2025-05-24T07:52:40.976+0000][69][info ][safepoint   ] Safepoint "Cleanup", Time since last: 1279597414 ns, Reaching safepoint: 7539 ns, Cleanup: 16510 ns, At safepoint: 12746 ns, Total: 36795 ns
[2025-05-24T07:52:42.714+0000][69][info ][safepoint   ] Safepoint "Cleanup", Time since last: 1737409463 ns, Reaching safepoint: 32194 ns, Cleanup: 25963 ns, At safepoint: 18422 ns, Total: 76579 ns
[2025-05-24T07:52:44.730+0000][69][info ][safepoint   ] Safepoint "Cleanup", Time since last: 2016079269 ns, Reaching safepoint: 6249 ns, Cleanup: 8997 ns, At safepoint: 3149 ns, Total: 18395 ns
[2025-05-24T07:52:46.760+0000][69][info ][safepoint   ] Safepoint "Cleanup", Time since last: 2030170119 ns, Reaching safepoint: 32526 ns, Cleanup: 15594 ns, At safepoint: 70392 ns, Total: 118512 ns
[2025-05-24T07:53:05.227+0000][69][info ][safepoint   ] Safepoint "Cleanup", Time since last: 18466849740 ns, Reaching safepoint: 82627 ns, Cleanup: 20162 ns, At safepoint: 20188 ns, Total: 122977 ns
[2025-05-24T07:53:42.486+0000][69][info ][safepoint   ] Safepoint "Cleanup", Time since last: 37262875642 ns, Reaching safepoint: 21372 ns, Cleanup: 18368 ns, At safepoint: 10613 ns, Total: 50353 ns
[2025-05-24T07:53:44.811+0000][69][info ][safepoint   ] Safepoint "Cleanup", Time since last: 2324850111 ns, Reaching safepoint: 7169 ns, Cleanup: 9792 ns, At safepoint: 13326 ns, Total: 30287 ns
[2025-05-24T07:54:26.848+0000][69][info ][safepoint   ] Safepoint "Cleanup", Time since last: 42039097987 ns, Reaching safepoint: 115549 ns, Cleanup: 18449 ns, At safepoint: 21957 ns, Total: 155955 ns
[2025-05-24T07:54:30.849+0000][69][info ][safepoint   ] Safepoint "Cleanup", Time since last: 4001153104 ns, Reaching safepoint: 42423 ns, Cleanup: 21057 ns, At safepoint: 11256 ns, Total: 74736 ns
[2025-05-24T07:54:32.850+0000][69][info ][safepoint   ] Safepoint "Cleanup", Time since last: 2001030336 ns, Reaching safepoint: 19438 ns, Cleanup: 14084 ns, At safepoint: 8172 ns, Total: 41694 ns
[2025-05-24T07:54:42.544+0000][69][info ][safepoint   ] Safepoint "Cleanup", Time since last: 9696090791 ns, Reaching safepoint: 36720 ns, Cleanup: 27562 ns, At safepoint: 21332 ns, Total: 85614 ns
[2025-05-24T07:54:45.545+0000][69][info ][safepoint   ] Safepoint "Cleanup", Time since last: 3001136220 ns, Reaching safepoint: 35754 ns, Cleanup: 20257 ns, At safepoint: 21744 ns, Total: 77755 ns
[2025-05-24T07:54:47.001+0000][69][info ][safepoint   ] Safepoint "Cleanup", Time since last: 1455303954 ns, Reaching safepoint: 18992 ns, Cleanup: 21025 ns, At safepoint: 32756 ns, Total: 72773 ns
[2025-05-24T07:54:53.906+0000][69][info ][safepoint   ] Safepoint "Cleanup", Time since last: 6905408382 ns, Reaching safepoint: 28444 ns, Cleanup: 17379 ns, At safepoint: 13495 ns, Total: 59318 ns
[2025-05-24T07:54:54.907+0000][69][info ][safepoint   ] Safepoint "Cleanup", Time since last: 1000763462 ns, Reaching safepoint: 28881 ns, Cleanup: 17794 ns, At safepoint: 13434 ns, Total: 60109 ns
[2025-05-24T07:54:55.908+0000][69][info ][safepoint   ] Safepoint "Cleanup", Time since last: 1000617891 ns, Reaching safepoint: 31847 ns, Cleanup: 22332 ns, At safepoint: 13172 ns, Total: 67351 ns
[2025-05-24T07:54:57.909+0000][69][info ][safepoint   ] Safepoint "Cleanup", Time since last: 2001216745 ns, Reaching safepoint: 38551 ns, Cleanup: 24766 ns, At safepoint: 20443 ns, Total: 83760 ns
[2025-05-24T07:55:21.911+0000][69][info ][safepoint   ] Safepoint "Cleanup", Time since last: 24004398834 ns, Reaching safepoint: 45526 ns, Cleanup: 16770 ns, At safepoint: 9834 ns, Total: 72130 ns
[2025-05-24T07:55:30.913+0000][69][info ][safepoint   ] Safepoint "Cleanup", Time since last: 9002201330 ns, Reaching safepoint: 66141 ns, Cleanup: 19196 ns, At safepoint: 31571 ns, Total: 116908 ns
[2025-05-24T07:55:42.583+0000][69][info ][safepoint   ] Safepoint "Cleanup", Time since last: 11671713875 ns, Reaching safepoint: 33186 ns, Cleanup: 19858 ns, At safepoint: 17731 ns, Total: 70775 ns
[2025-05-24T07:55:49.985+0000][69][info ][safepoint   ] Safepoint "Cleanup", Time since last: 7402043846 ns, Reaching safepoint: 24623 ns, Cleanup: 20217 ns, At safepoint: 68578 ns, Total: 113418 ns
[2025-05-24T07:55:51.947+0000][69][info ][safepoint   ] Safepoint "Cleanup", Time since last: 1961841361 ns, Reaching safepoint: 34260 ns, Cleanup: 17388 ns, At safepoint: 17656 ns, Total: 69304 ns
[2025-05-24T07:55:55.949+0000][69][info ][safepoint   ] Safepoint "Cleanup", Time since last: 4001185773 ns, Reaching safepoint: 17407 ns, Cleanup: 11528 ns, At safepoint: 21378 ns, Total: 50313 ns
[2025-05-24T07:56:11.949+0000][69][info ][safepoint   ] Safepoint "Cleanup", Time since last: 16003131981 ns, Reaching safepoint: 71918 ns, Cleanup: 22701 ns, At safepoint: 19741 ns, Total: 114360 ns
[2025-05-24T07:56:21.952+0000][69][info ][safepoint   ] Safepoint "Cleanup", Time since last: 10002397620 ns, Reaching safepoint: 32941 ns, Cleanup: 19797 ns, At safepoint: 17342 ns, Total: 70080 ns
[2025-05-24T07:56:29.954+0000][69][info ][safepoint   ] Safepoint "Cleanup", Time since last: 8002183344 ns, Reaching safepoint: 31532 ns, Cleanup: 16036 ns, At safepoint: 79891 ns, Total: 127459 ns
[2025-05-24T07:56:52.974+0000][69][info ][safepoint   ] Safepoint "Cleanup", Time since last: 23021708109 ns, Reaching safepoint: 7940 ns, Cleanup: 11079 ns, At safepoint: 13892 ns, Total: 32911 ns
[2025-05-24T07:56:53.974+0000][69][info ][safepoint   ] Safepoint "Cleanup", Time since last: 1000293563 ns, Reaching safepoint: 6723 ns, Cleanup: 9362 ns, At safepoint: 3111 ns, Total: 19196 ns
[2025-05-24T07:56:54.985+0000][69][info ][safepoint   ] Safepoint "Cleanup", Time since last: 1010362923 ns, Reaching safepoint: 33425 ns, Cleanup: 18348 ns, At safepoint: 17900 ns, Total: 69673 ns
[2025-05-24T07:57:06.986+0000][69][info ][safepoint   ] Safepoint "Cleanup", Time since last: 12002861193 ns, Reaching safepoint: 27555 ns, Cleanup: 16192 ns, At safepoint: 39287 ns, Total: 83034 ns
[2025-05-24T07:57:14.987+0000][69][info ][safepoint   ] Safepoint "Cleanup", Time since last: 8001503885 ns, Reaching safepoint: 32331 ns, Cleanup: 14837 ns, At safepoint: 10327 ns, Total: 57495 ns
[2025-05-24T07:57:21.991+0000][69][info ][safepoint   ] Safepoint "Cleanup", Time since last: 7003505953 ns, Reaching safepoint: 55514 ns, Cleanup: 22677 ns, At safepoint: 20879 ns, Total: 99070 ns
[2025-05-24T07:57:37.976+0000][69][info ][safepoint   ] Safepoint "Cleanup", Time since last: 15988261773 ns, Reaching safepoint: 33700 ns, Cleanup: 19034 ns, At safepoint: 21813 ns, Total: 74547 ns
[2025-05-24T07:57:38.995+0000][69][info ][safepoint   ] Safepoint "Cleanup", Time since last: 1018685737 ns, Reaching safepoint: 7338 ns, Cleanup: 8180 ns, At safepoint: 13139 ns, Total: 28657 ns
[2025-05-24T07:57:40.949+0000][69][info ][safepoint   ] Safepoint "Cleanup", Time since last: 1953661934 ns, Reaching safepoint: 16408 ns, Cleanup: 11752 ns, At safepoint: 16633 ns, Total: 44793 ns
[2025-05-24T07:57:42.011+0000][69][info ][safepoint   ] Safepoint "Cleanup", Time since last: 1062518072 ns, Reaching safepoint: 6633 ns, Cleanup: 9005 ns, At safepoint: 13104 ns, Total: 28742 ns
[2025-05-24T07:57:45.020+0000][69][info ][safepoint   ] Safepoint "Cleanup", Time since last: 3008808310 ns, Reaching safepoint: 30187 ns, Cleanup: 16233 ns, At safepoint: 8026 ns, Total: 54446 ns
[2025-05-24T07:57:51.058+0000][69][info ][safepoint   ] Safepoint "Cleanup", Time since last: 6038235796 ns, Reaching safepoint: 19547 ns, Cleanup: 13794 ns, At safepoint: 8364 ns, Total: 41705 ns
[2025-05-24T07:57:55.967+0000][69][info ][safepoint   ] Safepoint "Cleanup", Time since last: 4908392075 ns, Reaching safepoint: 7691 ns, Cleanup: 11560 ns, At safepoint: 19505 ns, Total: 38756 ns
[2025-05-24T07:57:57.083+0000][69][info ][safepoint   ] Safepoint "Cleanup", Time since last: 1116069076 ns, Reaching safepoint: 21093 ns, Cleanup: 19882 ns, At safepoint: 9338 ns, Total: 50313 ns
[2025-05-24T07:58:00.101+0000][69][info ][safepoint   ] Safepoint "Cleanup", Time since last: 3018034411 ns, Reaching safepoint: 19451 ns, Cleanup: 14930 ns, At safepoint: 8894 ns, Total: 43275 ns
[2025-05-24T07:58:01.289+0000][69][info ][safepoint   ] Safepoint "Cleanup", Time since last: 1188202035 ns, Reaching safepoint: 22253 ns, Cleanup: 15998 ns, At safepoint: 9164 ns, Total: 47415 ns
[2025-05-24T07:58:56.698+0000][69][info ][safepoint   ] Safepoint "Cleanup", Time since last: 55412501705 ns, Reaching safepoint: 46859 ns, Cleanup: 14438 ns, At safepoint: 10140 ns, Total: 71437 ns
[2025-05-24T07:58:59.126+0000][69][info ][safepoint   ] Safepoint "Cleanup", Time since last: 2428738624 ns, Reaching safepoint: 6371 ns, Cleanup: 9040 ns, At safepoint: 2919 ns, Total: 18330 ns
[2025-05-24T07:59:00.141+0000][69][info ][safepoint   ] Safepoint "Cleanup", Time since last: 1014087859 ns, Reaching safepoint: 37108 ns, Cleanup: 19822 ns, At safepoint: 21404 ns, Total: 78334 ns
[2025-05-24T07:59:02.142+0000][69][info ][safepoint   ] Safepoint "Cleanup", Time since last: 2001232372 ns, Reaching safepoint: 15555 ns, Cleanup: 12330 ns, At safepoint: 7344 ns, Total: 35229 ns
[2025-05-24T07:59:12.142+0000][69][info ][safepoint   ] Safepoint "Cleanup", Time since last: 10003672077 ns, Reaching safepoint: 39909 ns, Cleanup: 15263 ns, At safepoint: 7189 ns, Total: 62361 ns
[2025-05-24T07:59:42.734+0000][69][info ][safepoint   ] Safepoint "Cleanup", Time since last: 30593917019 ns, Reaching safepoint: 30938 ns, Cleanup: 13867 ns, At safepoint: 8955 ns, Total: 53760 ns
[2025-05-24T07:59:55.737+0000][69][info ][safepoint   ] Safepoint "Cleanup", Time since last: 13002544589 ns, Reaching safepoint: 39173 ns, Cleanup: 12625 ns, At safepoint: 7887 ns, Total: 59685 ns
[2025-05-24T08:00:01.958+0000][69][info ][safepoint   ] Safepoint "Cleanup", Time since last: 6220587948 ns, Reaching safepoint: 130830 ns, Cleanup: 10667 ns, At safepoint: 41943 ns, Total: 183440 ns
[2025-05-24T08:00:28.177+0000][69][info ][safepoint   ] Safepoint "Cleanup", Time since last: 26220237030 ns, Reaching safepoint: 47539 ns, Cleanup: 14281 ns, At safepoint: 8853 ns, Total: 70673 ns
[2025-05-24T08:00:37.731+0000][69][info ][gc,start    ] GC(19) Pause Young (Concurrent Start) (CodeCache GC Threshold)
[2025-05-24T08:00:37.734+0000][69][info ][gc,task     ] GC(19) Using 10 workers of 10 for evacuation
[2025-05-24T08:00:37.734+0000][69][debug][gc,age      ] GC(19) Desired survivor size 81788928 bytes, new threshold 15 (max threshold 15)
[2025-05-24T08:00:37.869+0000][69][info ][gc,phases   ] GC(19)   Pre Evacuate Collection Set: 11.29ms
[2025-05-24T08:00:37.871+0000][69][info ][gc,phases   ] GC(19)   Merge Heap Roots: 1.20ms
[2025-05-24T08:00:37.871+0000][69][info ][gc,phases   ] GC(19)   Evacuate Collection Set: 109.83ms
[2025-05-24T08:00:37.872+0000][69][info ][gc,phases   ] GC(19)   Post Evacuate Collection Set: 8.68ms
[2025-05-24T08:00:37.873+0000][69][info ][gc,phases   ] GC(19)   Other: 4.66ms
[2025-05-24T08:00:37.873+0000][69][trace][gc,age      ] GC(19) Age table with threshold 15 (max threshold 15)
[2025-05-24T08:00:37.874+0000][69][trace][gc,age      ] GC(19) - age   1:    2093848 bytes,    2093848 total
[2025-05-24T08:00:37.874+0000][69][trace][gc,age      ] GC(19) - age   2:     152208 bytes,    2246056 total
[2025-05-24T08:00:37.874+0000][69][trace][gc,age      ] GC(19) - age   3:     273648 bytes,    2519704 total
[2025-05-24T08:00:37.875+0000][69][trace][gc,age      ] GC(19) - age   4:     136016 bytes,    2655720 total
[2025-05-24T08:00:37.875+0000][69][trace][gc,age      ] GC(19) - age   5:     453192 bytes,    3108912 total
[2025-05-24T08:00:37.875+0000][69][trace][gc,age      ] GC(19) - age   6:      40704 bytes,    3149616 total
[2025-05-24T08:00:37.875+0000][69][trace][gc,age      ] GC(19) - age   7:     599560 bytes,    3749176 total
[2025-05-24T08:00:37.876+0000][69][trace][gc,age      ] GC(19) - age   8:     620512 bytes,    4369688 total
[2025-05-24T08:00:37.876+0000][69][info ][gc,heap     ] GC(19) Eden regions: 298->0(580)
[2025-05-24T08:00:37.877+0000][69][info ][gc,heap     ] GC(19) Survivor regions: 1->2(39)
[2025-05-24T08:00:37.877+0000][69][info ][gc,heap     ] GC(19) Old regions: 25->25
[2025-05-24T08:00:37.878+0000][69][info ][gc,heap     ] GC(19) Humongous regions: 0->0
[2025-05-24T08:00:37.878+0000][69][info ][gc,metaspace] GC(19) Metaspace: 144528K(148288K)->144528K(148288K) NonClass: 124960K(126976K)->124960K(126976K) Class: 19568K(21312K)->19568K(21312K)
[2025-05-24T08:00:37.879+0000][69][info ][gc          ] GC(19) Pause Young (Concurrent Start) (CodeCache GC Threshold) 1294M->103M(3880M) 148.123ms
[2025-05-24T08:00:37.880+0000][69][info ][gc,cpu      ] GC(19) User=0.52s Sys=0.00s Real=0.15s
[2025-05-24T08:00:37.880+0000][69][info ][safepoint   ] Safepoint "G1TryInitiateConcMark", Time since last: 9555254194 ns, Reaching safepoint: 20490 ns, Cleanup: 12765 ns, At safepoint: 151102774 ns, Total: 151136029 ns
[2025-05-24T08:00:37.881+0000][69][info ][gc          ] GC(20) Concurrent Mark Cycle
[2025-05-24T08:00:37.882+0000][69][info ][gc,marking  ] GC(20) Concurrent Scan Root Regions
[2025-05-24T08:00:38.067+0000][69][info ][gc,marking  ] GC(20) Concurrent Scan Root Regions 184.446ms
[2025-05-24T08:00:38.068+0000][69][info ][gc,marking  ] GC(20) Concurrent Mark
[2025-05-24T08:00:38.068+0000][69][info ][gc,marking  ] GC(20) Concurrent Mark From Roots
[2025-05-24T08:00:38.068+0000][69][info ][gc,task     ] GC(20) Using 3 workers of 3 for marking
[2025-05-24T08:00:38.472+0000][69][info ][gc,marking  ] GC(20) Concurrent Mark From Roots 403.702ms
[2025-05-24T08:00:38.472+0000][69][info ][gc,marking  ] GC(20) Concurrent Preclean
[2025-05-24T08:00:38.474+0000][69][info ][gc,marking  ] GC(20) Concurrent Preclean 1.438ms
[2025-05-24T08:00:38.474+0000][69][info ][gc,start    ] GC(20) Pause Remark
[2025-05-24T08:00:39.076+0000][69][info ][gc,mmu      ] GC(20) MMU target violated: 201.0ms (200.0ms/201.0ms)
[2025-05-24T08:00:39.076+0000][69][info ][gc          ] GC(20) Pause Remark 110M->110M(3880M) 601.898ms
[2025-05-24T08:00:39.076+0000][69][info ][gc,cpu      ] GC(20) User=4.71s Sys=0.00s Real=0.60s
[2025-05-24T08:00:39.077+0000][69][info ][safepoint   ] Safepoint "G1PauseRemark", Time since last: 593789105 ns, Reaching safepoint: 18269 ns, Cleanup: 3877 ns, At safepoint: 602413323 ns, Total: 602435469 ns
[2025-05-24T08:00:39.077+0000][69][info ][gc,marking  ] GC(20) Concurrent Mark 1009.415ms
[2025-05-24T08:00:39.078+0000][69][info ][gc,marking  ] GC(20) Concurrent Rebuild Remembered Sets and Scrub Regions
[2025-05-24T08:00:39.116+0000][69][info ][gc,marking  ] GC(20) Concurrent Rebuild Remembered Sets and Scrub Regions 37.904ms
[2025-05-24T08:00:39.118+0000][69][info ][gc,start    ] GC(20) Pause Cleanup
[2025-05-24T08:00:39.118+0000][69][info ][gc          ] GC(20) Pause Cleanup 113M->113M(3880M) 0.585ms
[2025-05-24T08:00:39.119+0000][69][info ][gc,cpu      ] GC(20) User=0.00s Sys=0.00s Real=0.00s
[2025-05-24T08:00:39.119+0000][69][info ][safepoint   ] Safepoint "G1PauseCleanup", Time since last: 39914152 ns, Reaching safepoint: 922819 ns, Cleanup: 186152 ns, At safepoint: 1275660 ns, Total: 2384631 ns
[2025-05-24T08:00:39.119+0000][69][info ][gc,marking  ] GC(20) Concurrent Clear Claimed Marks
[2025-05-24T08:00:39.120+0000][69][info ][gc,marking  ] GC(20) Concurrent Clear Claimed Marks 0.518ms
[2025-05-24T08:00:39.120+0000][69][info ][gc,marking  ] GC(20) Concurrent Cleanup for Next Mark
[2025-05-24T08:00:39.170+0000][69][info ][gc,marking  ] GC(20) Concurrent Cleanup for Next Mark 49.930ms
[2025-05-24T08:00:39.171+0000][69][info ][gc          ] GC(20) Concurrent Mark Cycle 1290.371ms
[2025-05-24T08:00:45.120+0000][69][info ][safepoint   ] Safepoint "Cleanup", Time since last: 6001156711 ns, Reaching safepoint: 19142 ns, Cleanup: 13946 ns, At safepoint: 9636 ns, Total: 42724 ns
[2025-05-24T08:00:48.122+0000][69][info ][safepoint   ] Safepoint "Cleanup", Time since last: 3001899448 ns, Reaching safepoint: 36566 ns, Cleanup: 18658 ns, At safepoint: 21404 ns, Total: 76628 ns
[2025-05-24T08:00:50.126+0000][69][info ][safepoint   ] Safepoint "Cleanup", Time since last: 2004239764 ns, Reaching safepoint: 18042 ns, Cleanup: 13705 ns, At safepoint: 8539 ns, Total: 40286 ns
[2025-05-24T08:01:04.961+0000][69][info ][safepoint   ] Safepoint "Cleanup", Time since last: 14834852688 ns, Reaching safepoint: 10910 ns, Cleanup: 10426 ns, At safepoint: 3097 ns, Total: 24433 ns
[2025-05-24T08:01:06.209+0000][69][info ][safepoint   ] Safepoint "Cleanup", Time since last: 1249351263 ns, Reaching safepoint: 19314 ns, Cleanup: 18540 ns, At safepoint: 7127 ns, Total: 44981 ns
[2025-05-24T08:01:10.210+0000][69][info ][safepoint   ] Safepoint "Cleanup", Time since last: 4001274324 ns, Reaching safepoint: 20220 ns, Cleanup: 14246 ns, At safepoint: 28826 ns, Total: 63292 ns
[2025-05-24T08:01:15.212+0000][69][info ][safepoint   ] Safepoint "Cleanup", Time since last: 5002183967 ns, Reaching safepoint: 21588 ns, Cleanup: 12317 ns, At safepoint: 7469 ns, Total: 41374 ns
[2025-05-24T08:01:22.214+0000][69][info ][safepoint   ] Safepoint "Cleanup", Time since last: 7001780542 ns, Reaching safepoint: 18933 ns, Cleanup: 11460 ns, At safepoint: 7157 ns, Total: 37550 ns
[2025-05-24T08:01:28.216+0000][69][info ][safepoint   ] Safepoint "Cleanup", Time since last: 6001724599 ns, Reaching safepoint: 122989 ns, Cleanup: 11303 ns, At safepoint: 35051 ns, Total: 169343 ns
[2025-05-24T08:01:29.220+0000][69][info ][safepoint   ] Safepoint "Cleanup", Time since last: 1004073232 ns, Reaching safepoint: 6394 ns, Cleanup: 25747 ns, At safepoint: 3145 ns, Total: 35286 ns
[2025-05-24T08:01:30.240+0000][69][info ][safepoint   ] Safepoint "Cleanup", Time since last: 1019599020 ns, Reaching safepoint: 16978 ns, Cleanup: 13586 ns, At safepoint: 8459 ns, Total: 39023 ns
[2025-05-24T08:01:41.803+0000][69][info ][safepoint   ] Safepoint "Cleanup", Time since last: 11565019511 ns, Reaching safepoint: 15724 ns, Cleanup: 8744 ns, At safepoint: 7199 ns, Total: 31667 ns
[2025-05-24T08:01:48.805+0000][69][info ][safepoint   ] Safepoint "Cleanup", Time since last: 7002062350 ns, Reaching safepoint: 17449 ns, Cleanup: 12811 ns, At safepoint: 7545 ns, Total: 37805 ns
[2025-05-24T08:01:55.807+0000][69][info ][safepoint   ] Safepoint "Cleanup", Time since last: 7001784204 ns, Reaching safepoint: 41447 ns, Cleanup: 13945 ns, At safepoint: 10250 ns, Total: 65642 ns
[2025-05-24T08:02:07.963+0000][69][info ][safepoint   ] Safepoint "Cleanup", Time since last: 12158390747 ns, Reaching safepoint: 80868 ns, Cleanup: 7365 ns, At safepoint: 11821 ns, Total: 100054 ns
[2025-05-24T08:02:09.263+0000][69][info ][safepoint   ] Safepoint "Cleanup", Time since last: 1300035701 ns, Reaching safepoint: 17905 ns, Cleanup: 14307 ns, At safepoint: 8584 ns, Total: 40796 ns
[2025-05-24T08:02:44.283+0000][69][info ][safepoint   ] Safepoint "Cleanup", Time since last: 35022292249 ns, Reaching safepoint: 6402 ns, Cleanup: 6776 ns, At safepoint: 2585 ns, Total: 15763 ns
[2025-05-24T08:02:45.293+0000][69][info ][safepoint   ] Safepoint "Cleanup", Time since last: 1010130861 ns, Reaching safepoint: 17105 ns, Cleanup: 15223 ns, At safepoint: 9034 ns, Total: 41362 ns
[2025-05-24T08:02:49.967+0000][69][info ][safepoint   ] Safepoint "Cleanup", Time since last: 4673518814 ns, Reaching safepoint: 6934 ns, Cleanup: 10247 ns, At safepoint: 12719 ns, Total: 29900 ns
[2025-05-24T08:02:52.339+0000][69][info ][safepoint   ] Safepoint "Cleanup", Time since last: 2372424832 ns, Reaching safepoint: 18175 ns, Cleanup: 17092 ns, At safepoint: 9334 ns, Total: 44601 ns
[2025-05-24T08:02:55.340+0000][69][info ][safepoint   ] Safepoint "Cleanup", Time since last: 3001048259 ns, Reaching safepoint: 16642 ns, Cleanup: 17808 ns, At safepoint: 9082 ns, Total: 43532 ns
[2025-05-24T08:03:00.264+0000][69][info ][safepoint   ] Safepoint "Cleanup", Time since last: 4923108195 ns, Reaching safepoint: 6440 ns, Cleanup: 7865 ns, At safepoint: 12689 ns, Total: 26994 ns
[2025-05-24T08:03:11.357+0000][69][info ][safepoint   ] Safepoint "Cleanup", Time since last: 11096325248 ns, Reaching safepoint: 6564 ns, Cleanup: 7831 ns, At safepoint: 2976 ns, Total: 17371 ns
[2025-05-24T08:03:12.381+0000][69][info ][safepoint   ] Safepoint "Cleanup", Time since last: 1023703915 ns, Reaching safepoint: 5840 ns, Cleanup: 10690 ns, At safepoint: 2990 ns, Total: 19520 ns
[2025-05-24T08:03:25.386+0000][69][info ][safepoint   ] Safepoint "Cleanup", Time since last: 13005279022 ns, Reaching safepoint: 18706 ns, Cleanup: 11814 ns, At safepoint: 8520 ns, Total: 39040 ns
[2025-05-24T08:03:41.869+0000][69][info ][safepoint   ] Safepoint "Cleanup", Time since last: 16484362501 ns, Reaching safepoint: 17054 ns, Cleanup: 16860 ns, At safepoint: 8925 ns, Total: 42839 ns
[2025-05-24T08:03:42.870+0000][69][info ][safepoint   ] Safepoint "Cleanup", Time since last: 1000758767 ns, Reaching safepoint: 16642 ns, Cleanup: 13319 ns, At safepoint: 8208 ns, Total: 38169 ns
[2025-05-24T08:03:45.871+0000][69][info ][safepoint   ] Safepoint "Cleanup", Time since last: 3001010507 ns, Reaching safepoint: 16876 ns, Cleanup: 13824 ns, At safepoint: 7937 ns, Total: 38637 ns
[2025-05-24T08:03:55.874+0000][69][info ][safepoint   ] Safepoint "Cleanup", Time since last: 10003037561 ns, Reaching safepoint: 18810 ns, Cleanup: 15634 ns, At safepoint: 9004 ns, Total: 43448 ns
[2025-05-24T08:04:01.875+0000][69][info ][safepoint   ] Safepoint "Cleanup", Time since last: 6001587762 ns, Reaching safepoint: 37814 ns, Cleanup: 18012 ns, At safepoint: 7308 ns, Total: 63134 ns
[2025-05-24T08:04:13.966+0000][69][info ][safepoint   ] Safepoint "Cleanup", Time since last: 12093068719 ns, Reaching safepoint: 6873 ns, Cleanup: 7796 ns, At safepoint: 11604 ns, Total: 26273 ns
[2025-05-24T08:04:30.418+0000][69][info ][safepoint   ] Safepoint "Cleanup", Time since last: 16451819146 ns, Reaching safepoint: 62616 ns, Cleanup: 13088 ns, At safepoint: 8478 ns, Total: 84182 ns
[2025-05-24T08:04:50.903+0000][69][info ][safepoint   ] Safepoint "Cleanup", Time since last: 20487201934 ns, Reaching safepoint: 28252 ns, Cleanup: 14281 ns, At safepoint: 8687 ns, Total: 51220 ns
[2025-05-24T08:06:14.965+0000][69][info ][safepoint   ] Safepoint "Cleanup", Time since last: 84068100122 ns, Reaching safepoint: 85673 ns, Cleanup: 14470 ns, At safepoint: 9704 ns, Total: 109847 ns
[2025-05-24T08:06:19.970+0000][69][info ][safepoint   ] Safepoint "Cleanup", Time since last: 5002100807 ns, Reaching safepoint: 3270175 ns, Cleanup: 16466 ns, At safepoint: 59197 ns, Total: 3345838 ns
[2025-05-24T08:06:21.497+0000][69][info ][safepoint   ] Safepoint "Cleanup", Time since last: 1526641411 ns, Reaching safepoint: 20764 ns, Cleanup: 12718 ns, At safepoint: 8791 ns, Total: 42273 ns
[2025-05-24T08:06:25.498+0000][69][info ][safepoint   ] Safepoint "Cleanup", Time since last: 4001269175 ns, Reaching safepoint: 18282 ns, Cleanup: 13565 ns, At safepoint: 27733 ns, Total: 59580 ns
[2025-05-24T08:06:41.969+0000][69][info ][safepoint   ] Safepoint "Cleanup", Time since last: 16473404807 ns, Reaching safepoint: 19311 ns, Cleanup: 13884 ns, At safepoint: 8269 ns, Total: 41464 ns
[2025-05-24T08:06:49.971+0000][69][info ][safepoint   ] Safepoint "Cleanup", Time since last: 8002322926 ns, Reaching safepoint: 16875 ns, Cleanup: 13690 ns, At safepoint: 8431 ns, Total: 38996 ns
[2025-05-24T08:07:42.003+0000][69][info ][safepoint   ] Safepoint "Cleanup", Time since last: 52036378256 ns, Reaching safepoint: 28819 ns, Cleanup: 15426 ns, At safepoint: 10319 ns, Total: 54564 ns
[2025-05-24T08:07:46.965+0000][69][info ][safepoint   ] Safepoint "Cleanup", Time since last: 4962439451 ns, Reaching safepoint: 6300 ns, Cleanup: 6639 ns, At safepoint: 11448 ns, Total: 24387 ns
[2025-05-24T08:07:48.586+0000][69][info ][safepoint   ] Safepoint "Cleanup", Time since last: 1620207320 ns, Reaching safepoint: 20700 ns, Cleanup: 17156 ns, At safepoint: 9649 ns, Total: 47505 ns
[2025-05-24T08:07:54.611+0000][69][info ][safepoint   ] Safepoint "Cleanup", Time since last: 6025034149 ns, Reaching safepoint: 18171 ns, Cleanup: 13910 ns, At safepoint: 9232 ns, Total: 41313 ns
[2025-05-24T08:07:55.612+0000][69][info ][safepoint   ] Safepoint "Cleanup", Time since last: 1000663066 ns, Reaching safepoint: 16430 ns, Cleanup: 12699 ns, At safepoint: 8303 ns, Total: 37432 ns
[2025-05-24T08:08:26.276+0000][69][info ][safepoint   ] Safepoint "Cleanup", Time since last: 30666306041 ns, Reaching safepoint: 493615 ns, Cleanup: 16670 ns, At safepoint: 51672 ns, Total: 561957 ns
[2025-05-24T08:08:27.690+0000][69][info ][safepoint   ] Safepoint "Cleanup", Time since last: 1413837855 ns, Reaching safepoint: 34413 ns, Cleanup: 19780 ns, At safepoint: 19711 ns, Total: 73904 ns
[2025-05-24T08:08:42.037+0000][69][info ][safepoint   ] Safepoint "Cleanup", Time since last: 14349170532 ns, Reaching safepoint: 18251 ns, Cleanup: 14369 ns, At safepoint: 8059 ns, Total: 40679 ns
[2025-05-24T08:09:50.120+0000][69][info ][safepoint   ] Safepoint "Cleanup", Time since last: 68086942280 ns, Reaching safepoint: 39374 ns, Cleanup: 12609 ns, At safepoint: 8028 ns, Total: 60011 ns
[2025-05-24T08:10:12.122+0000][69][info ][safepoint   ] Safepoint "Cleanup", Time since last: 22003306543 ns, Reaching safepoint: 268871 ns, Cleanup: 20392 ns, At safepoint: 26013 ns, Total: 315276 ns
[2025-05-24T08:10:31.950+0000][69][info ][safepoint   ] Safepoint "Cleanup", Time since last: 19828594379 ns, Reaching safepoint: 165363 ns, Cleanup: 8465 ns, At safepoint: 34296 ns, Total: 208124 ns
[2025-05-24T08:10:38.148+0000][69][info ][safepoint   ] Safepoint "Cleanup", Time since last: 6200154477 ns, Reaching safepoint: 38044 ns, Cleanup: 12563 ns, At safepoint: 9166 ns, Total: 59773 ns
[2025-05-24T08:10:42.150+0000][69][info ][safepoint   ] Safepoint "Cleanup", Time since last: 4001228101 ns, Reaching safepoint: 38267 ns, Cleanup: 20547 ns, At safepoint: 21479 ns, Total: 80293 ns
[2025-05-24T08:10:43.151+0000][69][info ][safepoint   ] Safepoint "Cleanup", Time since last: 1001533225 ns, Reaching safepoint: 16648 ns, Cleanup: 14351 ns, At safepoint: 8102 ns, Total: 39101 ns
[2025-05-24T08:11:00.155+0000][69][info ][safepoint   ] Safepoint "Cleanup", Time since last: 17003599770 ns, Reaching safepoint: 17476 ns, Cleanup: 14311 ns, At safepoint: 8052 ns, Total: 39839 ns
[2025-05-24T08:11:22.157+0000][69][info ][safepoint   ] Safepoint "Cleanup", Time since last: 22004591612 ns, Reaching safepoint: 173244 ns, Cleanup: 18919 ns, At safepoint: 23976 ns, Total: 216139 ns
[2025-05-24T08:11:25.158+0000][69][info ][safepoint   ] Safepoint "Cleanup", Time since last: 3001197862 ns, Reaching safepoint: 32594 ns, Cleanup: 18812 ns, At safepoint: 19416 ns, Total: 70822 ns
[2025-05-24T08:11:34.981+0000][69][info ][safepoint   ] Safepoint "Cleanup", Time since last: 9819832467 ns, Reaching safepoint: 2184746 ns, Cleanup: 19479 ns, At safepoint: 183294 ns, Total: 2387519 ns
[2025-05-24T08:11:36.444+0000][69][info ][safepoint   ] Safepoint "Cleanup", Time since last: 1465201175 ns, Reaching safepoint: 20770 ns, Cleanup: 13997 ns, At safepoint: 9370 ns, Total: 44137 ns
[2025-05-24T08:11:42.445+0000][69][info ][safepoint   ] Safepoint "Cleanup", Time since last: 6001209303 ns, Reaching safepoint: 75691 ns, Cleanup: 19078 ns, At safepoint: 20990 ns, Total: 115759 ns
[2025-05-24T08:11:43.446+0000][69][info ][safepoint   ] Safepoint "Cleanup", Time since last: 1000730281 ns, Reaching safepoint: 37252 ns, Cleanup: 19088 ns, At safepoint: 87130 ns, Total: 143470 ns
[2025-05-24T08:11:47.447+0000][69][info ][safepoint   ] Safepoint "Cleanup", Time since last: 4001067136 ns, Reaching safepoint: 194665 ns, Cleanup: 15656 ns, At safepoint: 102660 ns, Total: 312981 ns
[2025-05-24T08:12:05.451+0000][69][info ][safepoint   ] Safepoint "Cleanup", Time since last: 18003681814 ns, Reaching safepoint: 35068 ns, Cleanup: 23138 ns, At safepoint: 20247 ns, Total: 78453 ns
[2025-05-24T08:12:08.450+0000][69][info ][safepoint   ] Safepoint "Cleanup", Time since last: 3001156712 ns, Reaching safepoint: 37024 ns, Cleanup: 19366 ns, At safepoint: 20556 ns, Total: 76946 ns
[2025-05-24T08:12:15.452+0000][69][info ][safepoint   ] Safepoint "Cleanup", Time since last: 7001545161 ns, Reaching safepoint: 34063 ns, Cleanup: 27968 ns, At safepoint: 20377 ns, Total: 82408 ns
[2025-05-24T08:12:17.453+0000][69][info ][safepoint   ] Safepoint "Cleanup", Time since last: 2000752420 ns, Reaching safepoint: 26453 ns, Cleanup: 15457 ns, At safepoint: 11982 ns, Total: 53892 ns
[2025-05-24T08:12:26.455+0000][69][info ][safepoint   ] Safepoint "Cleanup", Time since last: 9001740670 ns, Reaching safepoint: 130825 ns, Cleanup: 18587 ns, At safepoint: 20981 ns, Total: 170393 ns
[2025-05-24T08:12:38.048+0000][69][info ][safepoint   ] Safepoint "Cleanup", Time since last: 11596388190 ns, Reaching safepoint: 6005 ns, Cleanup: 9040 ns, At safepoint: 2934 ns, Total: 17979 ns
[2025-05-24T08:12:49.967+0000][69][info ][safepoint   ] Safepoint "Cleanup", Time since last: 11918363791 ns, Reaching safepoint: 9555 ns, Cleanup: 11012 ns, At safepoint: 13958 ns, Total: 34525 ns
[2025-05-24T08:12:51.525+0000][69][info ][safepoint   ] Safepoint "Cleanup", Time since last: 1557730044 ns, Reaching safepoint: 35793 ns, Cleanup: 19386 ns, At safepoint: 21580 ns, Total: 76759 ns
[2025-05-24T08:12:55.526+0000][69][info ][safepoint   ] Safepoint "Cleanup", Time since last: 4001342733 ns, Reaching safepoint: 56666 ns, Cleanup: 15736 ns, At safepoint: 13010 ns, Total: 85412 ns
[2025-05-24T08:12:56.539+0000][69][info ][safepoint   ] Safepoint "Cleanup", Time since last: 1012758017 ns, Reaching safepoint: 7908 ns, Cleanup: 9962 ns, At safepoint: 13919 ns, Total: 31789 ns
[2025-05-24T08:13:10.570+0000][69][info ][safepoint   ] Safepoint "Cleanup", Time since last: 14033514374 ns, Reaching safepoint: 31201 ns, Cleanup: 16367 ns, At safepoint: 12436 ns, Total: 60004 ns
[2025-05-24T08:13:16.572+0000][69][info ][safepoint   ] Safepoint "Cleanup", Time since last: 6001766150 ns, Reaching safepoint: 22082 ns, Cleanup: 14652 ns, At safepoint: 8755 ns, Total: 45489 ns
[2025-05-24T08:13:20.573+0000][69][info ][safepoint   ] Safepoint "Cleanup", Time since last: 4001278267 ns, Reaching safepoint: 34848 ns, Cleanup: 19516 ns, At safepoint: 20703 ns, Total: 75067 ns
[2025-05-24T08:13:24.574+0000][69][info ][safepoint   ] Safepoint "Cleanup", Time since last: 4000958535 ns, Reaching safepoint: 25402 ns, Cleanup: 14599 ns, At safepoint: 13266 ns, Total: 53267 ns
[2025-05-24T08:13:25.662+0000][69][info ][safepoint   ] Safepoint "Cleanup", Time since last: 1087898272 ns, Reaching safepoint: 31980 ns, Cleanup: 46419 ns, At safepoint: 80109 ns, Total: 158508 ns
[2025-05-24T08:13:26.672+0000][69][info ][safepoint   ] Safepoint "Cleanup", Time since last: 1009423834 ns, Reaching safepoint: 77333 ns, Cleanup: 18972 ns, At safepoint: 35486 ns, Total: 131791 ns
[2025-05-24T08:13:40.243+0000][69][info ][safepoint   ] Safepoint "Cleanup", Time since last: 13572825540 ns, Reaching safepoint: 33193 ns, Cleanup: 18351 ns, At safepoint: 18631 ns, Total: 70175 ns
[2025-05-24T08:13:41.591+0000][69][info ][safepoint   ] Safepoint "Cleanup", Time since last: 1348674399 ns, Reaching safepoint: 7803 ns, Cleanup: 13225 ns, At safepoint: 13048 ns, Total: 34076 ns
[2025-05-24T08:13:43.615+0000][69][info ][safepoint   ] Safepoint "Cleanup", Time since last: 2023618964 ns, Reaching safepoint: 22413 ns, Cleanup: 14834 ns, At safepoint: 10791 ns, Total: 48038 ns
[2025-05-24T08:14:43.958+0000][69][info ][safepoint   ] Safepoint "Cleanup", Time since last: 60346876774 ns, Reaching safepoint: 184979 ns, Cleanup: 15043 ns, At safepoint: 42198 ns, Total: 242220 ns
[2025-05-24T08:15:20.661+0000][69][info ][safepoint   ] Safepoint "Cleanup", Time since last: 36705701864 ns, Reaching safepoint: 84888 ns, Cleanup: 19198 ns, At safepoint: 20983 ns, Total: 125069 ns
[2025-05-24T08:15:46.946+0000][69][info ][safepoint   ] Safepoint "Cleanup", Time since last: 26287417980 ns, Reaching safepoint: 7214 ns, Cleanup: 12780 ns, At safepoint: 12809 ns, Total: 32803 ns
[2025-05-24T08:15:55.697+0000][69][info ][safepoint   ] Safepoint "Cleanup", Time since last: 8750858689 ns, Reaching safepoint: 33938 ns, Cleanup: 17634 ns, At safepoint: 17844 ns, Total: 69416 ns
[2025-05-24T08:16:19.700+0000][69][info ][safepoint   ] Safepoint "Cleanup", Time since last: 24005217314 ns, Reaching safepoint: 80080 ns, Cleanup: 18267 ns, At safepoint: 36482 ns, Total: 134829 ns
[2025-05-24T08:16:21.701+0000][69][info ][safepoint   ] Safepoint "Cleanup", Time since last: 2000957832 ns, Reaching safepoint: 36027 ns, Cleanup: 19269 ns, At safepoint: 21323 ns, Total: 76619 ns
[2025-05-24T08:16:24.702+0000][69][info ][safepoint   ] Safepoint "Cleanup", Time since last: 3001074438 ns, Reaching safepoint: 33850 ns, Cleanup: 17254 ns, At safepoint: 20123 ns, Total: 71227 ns
[2025-05-24T08:16:32.005+0000][69][info ][safepoint   ] Safepoint "Cleanup", Time since last: 7302850674 ns, Reaching safepoint: 18848 ns, Cleanup: 19355 ns, At safepoint: 72766 ns, Total: 110969 ns
[2025-05-24T08:16:33.736+0000][69][info ][safepoint   ] Safepoint "Cleanup", Time since last: 1730759948 ns, Reaching safepoint: 34470 ns, Cleanup: 21778 ns, At safepoint: 16679 ns, Total: 72927 ns
[2025-05-24T08:16:42.341+0000][69][info ][safepoint   ] Safepoint "Cleanup", Time since last: 8607136314 ns, Reaching safepoint: 23155 ns, Cleanup: 22868 ns, At safepoint: 11391 ns, Total: 57414 ns
[2025-05-24T08:16:45.342+0000][69][info ][safepoint   ] Safepoint "Cleanup", Time since last: 3000817931 ns, Reaching safepoint: 21169 ns, Cleanup: 18271 ns, At safepoint: 10872 ns, Total: 50312 ns
[2025-05-24T08:16:49.955+0000][69][info ][safepoint   ] Safepoint "Cleanup", Time since last: 4613076235 ns, Reaching safepoint: 15537 ns, Cleanup: 13247 ns, At safepoint: 25748 ns, Total: 54532 ns
[2025-05-24T08:16:54.758+0000][69][info ][safepoint   ] Safepoint "Cleanup", Time since last: 4803491537 ns, Reaching safepoint: 19148 ns, Cleanup: 14212 ns, At safepoint: 10263 ns, Total: 43623 ns
[2025-05-24T08:16:55.759+0000][69][info ][safepoint   ] Safepoint "Cleanup", Time since last: 1000596080 ns, Reaching safepoint: 26994 ns, Cleanup: 16445 ns, At safepoint: 11319 ns, Total: 54758 ns
[2025-05-24T08:17:06.759+0000][69][info ][safepoint   ] Safepoint "Cleanup", Time since last: 11002081543 ns, Reaching safepoint: 34143 ns, Cleanup: 18753 ns, At safepoint: 20204 ns, Total: 73100 ns
[2025-05-24T08:17:33.764+0000][69][info ][safepoint   ] Safepoint "Cleanup", Time since last: 27004823687 ns, Reaching safepoint: 33831 ns, Cleanup: 18307 ns, At safepoint: 19282 ns, Total: 71420 ns
[2025-05-24T08:17:42.373+0000][69][info ][safepoint   ] Safepoint "Cleanup", Time since last: 8611104008 ns, Reaching safepoint: 32692 ns, Cleanup: 34632 ns, At safepoint: 18717 ns, Total: 86041 ns
[2025-05-24T08:17:52.942+0000][69][info ][safepoint   ] Safepoint "Cleanup", Time since last: 10569141745 ns, Reaching safepoint: 9633 ns, Cleanup: 8519 ns, At safepoint: 25800 ns, Total: 43952 ns
[2025-05-24T08:17:54.813+0000][69][info ][safepoint   ] Safepoint "Cleanup", Time since last: 1870756292 ns, Reaching safepoint: 27814 ns, Cleanup: 23652 ns, At safepoint: 13203 ns, Total: 64669 ns
[2025-05-24T08:17:58.940+0000][69][info ][safepoint   ] Safepoint "Cleanup", Time since last: 4127409867 ns, Reaching safepoint: 18909 ns, Cleanup: 12951 ns, At safepoint: 23951 ns, Total: 55811 ns
[2025-05-24T08:18:02.849+0000][69][info ][safepoint   ] Safepoint "Cleanup", Time since last: 3908225034 ns, Reaching safepoint: 54604 ns, Cleanup: 19399 ns, At safepoint: 12327 ns, Total: 86330 ns
[2025-05-24T08:18:35.406+0000][69][info ][safepoint   ] Safepoint "Cleanup", Time since last: 32559522292 ns, Reaching safepoint: 31860 ns, Cleanup: 11298 ns, At safepoint: 2821 ns, Total: 45979 ns
[2025-05-24T08:18:42.406+0000][69][info ][safepoint   ] Safepoint "Cleanup", Time since last: 7001581453 ns, Reaching safepoint: 22026 ns, Cleanup: 15024 ns, At safepoint: 9131 ns, Total: 46181 ns
[2025-05-24T08:18:55.966+0000][69][info ][safepoint   ] Safepoint "Cleanup", Time since last: 13560132573 ns, Reaching safepoint: 19222 ns, Cleanup: 25052 ns, At safepoint: 88123 ns, Total: 132397 ns
[2025-05-24T08:18:57.895+0000][69][info ][safepoint   ] Safepoint "Cleanup", Time since last: 1928776825 ns, Reaching safepoint: 12747 ns, Cleanup: 10380 ns, At safepoint: 18953 ns, Total: 42080 ns
[2025-05-24T08:19:38.438+0000][69][info ][safepoint   ] Safepoint "Cleanup", Time since last: 40548335046 ns, Reaching safepoint: 38277 ns, Cleanup: 19623 ns, At safepoint: 106764 ns, Total: 164664 ns
[2025-05-24T08:19:42.439+0000][69][info ][safepoint   ] Safepoint "Cleanup", Time since last: 4001394066 ns, Reaching safepoint: 33697 ns, Cleanup: 16519 ns, At safepoint: 18529 ns, Total: 68745 ns
[2025-05-24T08:19:45.440+0000][69][info ][safepoint   ] Safepoint "Cleanup", Time since last: 3000887894 ns, Reaching safepoint: 30279 ns, Cleanup: 23754 ns, At safepoint: 14270 ns, Total: 68303 ns
[2025-05-24T08:19:47.441+0000][69][info ][safepoint   ] Safepoint "Cleanup", Time since last: 2001099907 ns, Reaching safepoint: 37793 ns, Cleanup: 18583 ns, At safepoint: 20036 ns, Total: 76412 ns
[2025-05-24T08:21:01.961+0000][69][info ][safepoint   ] Safepoint "Cleanup", Time since last: 74524182491 ns, Reaching safepoint: 12002 ns, Cleanup: 11198 ns, At safepoint: 5344 ns, Total: 28544 ns
[2025-05-24T08:21:02.983+0000][69][info ][safepoint   ] Safepoint "Cleanup", Time since last: 1021592156 ns, Reaching safepoint: 183868 ns, Cleanup: 19932 ns, At safepoint: 87296 ns, Total: 291096 ns
[2025-05-24T08:21:09.004+0000][69][info ][safepoint   ] Safepoint "Cleanup", Time since last: 6025777989 ns, Reaching safepoint: 75230 ns, Cleanup: 19210 ns, At safepoint: 35071 ns, Total: 129511 ns
[2025-05-24T08:21:15.006+0000][69][info ][safepoint   ] Safepoint "Cleanup", Time since last: 6001478141 ns, Reaching safepoint: 24187 ns, Cleanup: 15726 ns, At safepoint: 9819 ns, Total: 49732 ns
[2025-05-24T08:21:21.007+0000][69][info ][safepoint   ] Safepoint "Cleanup", Time since last: 6001305615 ns, Reaching safepoint: 65972 ns, Cleanup: 15623 ns, At safepoint: 10043 ns, Total: 91638 ns
[2025-05-24T08:21:22.008+0000][69][info ][safepoint   ] Safepoint "Cleanup", Time since last: 1000885977 ns, Reaching safepoint: 61880 ns, Cleanup: 19383 ns, At safepoint: 15550 ns, Total: 96813 ns
[2025-05-24T08:21:23.009+0000][69][info ][safepoint   ] Safepoint "Cleanup", Time since last: 1000931122 ns, Reaching safepoint: 34641 ns, Cleanup: 27955 ns, At safepoint: 20288 ns, Total: 82884 ns
[2025-05-24T08:21:29.011+0000][69][info ][safepoint   ] Safepoint "Cleanup", Time since last: 6001559776 ns, Reaching safepoint: 26715 ns, Cleanup: 21574 ns, At safepoint: 13796 ns, Total: 62085 ns
[2025-05-24T08:21:32.013+0000][69][info ][safepoint   ] Safepoint "Cleanup", Time since last: 3002356356 ns, Reaching safepoint: 33194 ns, Cleanup: 18405 ns, At safepoint: 18698 ns, Total: 70297 ns
[2025-05-24T08:21:41.503+0000][69][info ][safepoint   ] Safepoint "Cleanup", Time since last: 9489978748 ns, Reaching safepoint: 77981 ns, Cleanup: 16579 ns, At safepoint: 11559 ns, Total: 106119 ns
[2025-05-24T08:21:42.508+0000][69][info ][safepoint   ] Safepoint "Cleanup", Time since last: 1004246427 ns, Reaching safepoint: 30795 ns, Cleanup: 17430 ns, At safepoint: 17744 ns, Total: 65969 ns
[2025-05-24T08:21:59.511+0000][69][info ][safepoint   ] Safepoint "Cleanup", Time since last: 17003418733 ns, Reaching safepoint: 88103 ns, Cleanup: 14311 ns, At safepoint: 9439 ns, Total: 111853 ns
[2025-05-24T08:22:04.947+0000][69][info ][safepoint   ] Safepoint "Cleanup", Time since last: 5434394636 ns, Reaching safepoint: 698314 ns, Cleanup: 21743 ns, At safepoint: 165525 ns, Total: 885582 ns
[2025-05-24T08:22:05.992+0000][69][info ][safepoint   ] Safepoint "Cleanup", Time since last: 1049123627 ns, Reaching safepoint: 36023 ns, Cleanup: 30469 ns, At safepoint: 21347 ns, Total: 87839 ns
[2025-05-24T08:22:14.053+0000][69][info ][safepoint   ] Safepoint "Cleanup", Time since last: 8060813318 ns, Reaching safepoint: 20104 ns, Cleanup: 17080 ns, At safepoint: 10695 ns, Total: 47879 ns
[2025-05-24T08:22:35.057+0000][69][info ][safepoint   ] Safepoint "Cleanup", Time since last: 21003593143 ns, Reaching safepoint: 100727 ns, Cleanup: 18289 ns, At safepoint: 11281 ns, Total: 130297 ns
[2025-05-24T08:22:55.540+0000][69][info ][safepoint   ] Safepoint "Cleanup", Time since last: 20483603177 ns, Reaching safepoint: 73253 ns, Cleanup: 18771 ns, At safepoint: 32116 ns, Total: 124140 ns
[2025-05-24T08:22:57.080+0000][69][info ][safepoint   ] Safepoint "Cleanup", Time since last: 1539933741 ns, Reaching safepoint: 34963 ns, Cleanup: 125217 ns, At safepoint: 30836 ns, Total: 191016 ns
[2025-05-24T08:23:13.194+0000][69][info ][safepoint   ] Safepoint "Cleanup", Time since last: 16116851269 ns, Reaching safepoint: 92002 ns, Cleanup: 16369 ns, At safepoint: 12082 ns, Total: 120453 ns
[2025-05-24T08:23:14.195+0000][69][info ][safepoint   ] Safepoint "Cleanup", Time since last: 1000726329 ns, Reaching safepoint: 37847 ns, Cleanup: 20727 ns, At safepoint: 21404 ns, Total: 79978 ns
[2025-05-24T08:23:19.923+0000][69][info ][gc,start    ] GC(21) Pause Young (Prepare Mixed) (G1 Evacuation Pause)
[2025-05-24T08:23:19.924+0000][69][info ][gc,task     ] GC(21) Using 10 workers of 10 for evacuation
[2025-05-24T08:23:19.925+0000][69][debug][gc,age      ] GC(21) Desired survivor size 73400320 bytes, new threshold 15 (max threshold 15)
[2025-05-24T08:23:19.972+0000][69][info ][gc,phases   ] GC(21)   Pre Evacuate Collection Set: 4.55ms
[2025-05-24T08:23:19.973+0000][69][info ][gc,phases   ] GC(21)   Merge Heap Roots: 1.57ms
[2025-05-24T08:23:19.973+0000][69][info ][gc,phases   ] GC(21)   Evacuate Collection Set: 33.08ms
[2025-05-24T08:23:19.974+0000][69][info ][gc,phases   ] GC(21)   Post Evacuate Collection Set: 7.40ms
[2025-05-24T08:23:19.974+0000][69][info ][gc,phases   ] GC(21)   Other: 1.82ms
[2025-05-24T08:23:19.975+0000][69][trace][gc,age      ] GC(21) Age table with threshold 15 (max threshold 15)
[2025-05-24T08:23:19.975+0000][69][trace][gc,age      ] GC(21) - age   1:    1702640 bytes,    1702640 total
[2025-05-24T08:23:19.975+0000][69][trace][gc,age      ] GC(21) - age   2:     579496 bytes,    2282136 total
[2025-05-24T08:23:19.976+0000][69][trace][gc,age      ] GC(21) - age   3:     151312 bytes,    2433448 total
[2025-05-24T08:23:19.976+0000][69][trace][gc,age      ] GC(21) - age   4:     183912 bytes,    2617360 total
[2025-05-24T08:23:19.977+0000][69][trace][gc,age      ] GC(21) - age   5:     135808 bytes,    2753168 total
[2025-05-24T08:23:19.977+0000][69][trace][gc,age      ] GC(21) - age   6:     452224 bytes,    3205392 total
[2025-05-24T08:23:19.977+0000][69][trace][gc,age      ] GC(21) - age   7:      40704 bytes,    3246096 total
[2025-05-24T08:23:19.978+0000][69][trace][gc,age      ] GC(21) - age   8:     593696 bytes,    3839792 total
[2025-05-24T08:23:19.978+0000][69][trace][gc,age      ] GC(21) - age   9:     596096 bytes,    4435888 total
[2025-05-24T08:23:19.979+0000][69][info ][gc,heap     ] GC(21) Eden regions: 274->0(580)
[2025-05-24T08:23:19.979+0000][69][info ][gc,heap     ] GC(21) Survivor regions: 2->2(35)
[2025-05-24T08:23:19.980+0000][69][info ][gc,heap     ] GC(21) Old regions: 25->25
[2025-05-24T08:23:19.980+0000][69][info ][gc,heap     ] GC(21) Humongous regions: 0->0
[2025-05-24T08:23:19.980+0000][69][info ][gc,metaspace] GC(21) Metaspace: 142521K(148352K)->142521K(148352K) NonClass: 123541K(127040K)->123541K(127040K) Class: 18979K(21312K)->18979K(21312K)
[2025-05-24T08:23:19.981+0000][69][info ][gc          ] GC(21) Pause Young (Prepare Mixed) (G1 Evacuation Pause) 1199M->104M(3880M) 57.989ms
[2025-05-24T08:23:19.981+0000][69][info ][gc,cpu      ] GC(21) User=0.37s Sys=0.01s Real=0.05s
[2025-05-24T08:23:19.982+0000][69][info ][safepoint   ] Safepoint "G1CollectForAllocation", Time since last: 5727153827 ns, Reaching safepoint: 23243 ns, Cleanup: 6370 ns, At safepoint: 59360838 ns, Total: 59390451 ns
[2025-05-24T08:23:30.297+0000][69][info ][safepoint   ] Safepoint "Cleanup", Time since last: 10314568367 ns, Reaching safepoint: 26013 ns, Cleanup: 22335 ns, At safepoint: 78439 ns, Total: 126787 ns
[2025-05-24T08:24:10.938+0000][69][info ][safepoint   ] Safepoint "Cleanup", Time since last: 40646407153 ns, Reaching safepoint: 27863 ns, Cleanup: 21701 ns, At safepoint: 185618 ns, Total: 235182 ns
[2025-05-24T08:24:12.230+0000][69][info ][safepoint   ] Safepoint "Cleanup", Time since last: 1292096456 ns, Reaching safepoint: 19789 ns, Cleanup: 15442 ns, At safepoint: 10626 ns, Total: 45857 ns
[2025-05-24T08:24:15.231+0000][69][info ][safepoint   ] Safepoint "Cleanup", Time since last: 3000912190 ns, Reaching safepoint: 18659 ns, Cleanup: 13922 ns, At safepoint: 9203 ns, Total: 41784 ns
[2025-05-24T08:24:30.233+0000][69][info ][safepoint   ] Safepoint "Cleanup", Time since last: 15002729519 ns, Reaching safepoint: 68309 ns, Cleanup: 14313 ns, At safepoint: 10072 ns, Total: 92694 ns
[2025-05-24T08:24:42.611+0000][69][info ][safepoint   ] Safepoint "Cleanup", Time since last: 12379434692 ns, Reaching safepoint: 72257 ns, Cleanup: 28678 ns, At safepoint: 36800 ns, Total: 137735 ns
[2025-05-24T08:24:50.613+0000][69][info ][safepoint   ] Safepoint "Cleanup", Time since last: 8002175692 ns, Reaching safepoint: 41880 ns, Cleanup: 20985 ns, At safepoint: 23513 ns, Total: 86378 ns
[2025-05-24T08:25:13.957+0000][69][info ][safepoint   ] Safepoint "Cleanup", Time since last: 23345389518 ns, Reaching safepoint: 16907 ns, Cleanup: 21262 ns, At safepoint: 66903 ns, Total: 105072 ns
[2025-05-24T08:25:29.274+0000][69][info ][safepoint   ] Safepoint "Cleanup", Time since last: 15317526379 ns, Reaching safepoint: 74142 ns, Cleanup: 17877 ns, At safepoint: 18663 ns, Total: 110682 ns
[2025-05-24T08:25:40.643+0000][69][info ][safepoint   ] Safepoint "Cleanup", Time since last: 11371328460 ns, Reaching safepoint: 35486 ns, Cleanup: 20512 ns, At safepoint: 12904 ns, Total: 68902 ns
[2025-05-24T08:25:55.647+0000][69][info ][safepoint   ] Safepoint "Cleanup", Time since last: 15003097634 ns, Reaching safepoint: 36985 ns, Cleanup: 22548 ns, At safepoint: 20226 ns, Total: 79759 ns
[2025-05-24T08:26:26.314+0000][69][info ][safepoint   ] Safepoint "Cleanup", Time since last: 30669920313 ns, Reaching safepoint: 36390 ns, Cleanup: 19558 ns, At safepoint: 20444 ns, Total: 76392 ns
[2025-05-24T08:26:42.676+0000][69][info ][safepoint   ] Safepoint "Cleanup", Time since last: 16366051027 ns, Reaching safepoint: 32739 ns, Cleanup: 16953 ns, At safepoint: 12599 ns, Total: 62291 ns
[2025-05-24T08:26:45.678+0000][69][info ][safepoint   ] Safepoint "Cleanup", Time since last: 3001290095 ns, Reaching safepoint: 70726 ns, Cleanup: 16790 ns, At safepoint: 17980 ns, Total: 105496 ns
[2025-05-24T08:26:47.679+0000][69][info ][safepoint   ] Safepoint "Cleanup", Time since last: 2001186269 ns, Reaching safepoint: 36995 ns, Cleanup: 19010 ns, At safepoint: 21258 ns, Total: 77263 ns
[2025-05-24T08:26:55.681+0000][69][info ][safepoint   ] Safepoint "Cleanup", Time since last: 8002038360 ns, Reaching safepoint: 34075 ns, Cleanup: 17792 ns, At safepoint: 17990 ns, Total: 69857 ns
[2025-05-24T08:27:20.335+0000][69][info ][safepoint   ] Safepoint "Cleanup", Time since last: 24653897891 ns, Reaching safepoint: 25569 ns, Cleanup: 17569 ns, At safepoint: 86651 ns, Total: 129789 ns
[2025-05-24T08:27:25.354+0000][69][info ][safepoint   ] Safepoint "Cleanup", Time since last: 5019595565 ns, Reaching safepoint: 27471 ns, Cleanup: 19428 ns, At safepoint: 11935 ns, Total: 58834 ns
[2025-05-24T08:27:45.714+0000][69][info ][safepoint   ] Safepoint "Cleanup", Time since last: 20361992696 ns, Reaching safepoint: 32321 ns, Cleanup: 19394 ns, At safepoint: 18140 ns, Total: 69855 ns
[2025-05-24T08:27:58.951+0000][69][info ][safepoint   ] Safepoint "Cleanup", Time since last: 13236777977 ns, Reaching safepoint: 148655 ns, Cleanup: 8139 ns, At safepoint: 35617 ns, Total: 192411 ns
[2025-05-24T08:28:00.382+0000][69][info ][safepoint   ] Safepoint "Cleanup", Time since last: 1431557601 ns, Reaching safepoint: 81901 ns, Cleanup: 24791 ns, At safepoint: 25455 ns, Total: 132147 ns
[2025-05-24T08:28:04.926+0000][69][info ][safepoint   ] Safepoint "Cleanup", Time since last: 4543196339 ns, Reaching safepoint: 21290 ns, Cleanup: 15498 ns, At safepoint: 13174 ns, Total: 49962 ns
[2025-05-24T08:28:06.410+0000][69][info ][safepoint   ] Safepoint "Cleanup", Time since last: 1486592566 ns, Reaching safepoint: 30337 ns, Cleanup: 27847 ns, At safepoint: 20127 ns, Total: 78311 ns
[2025-05-24T08:28:15.436+0000][69][info ][safepoint   ] Safepoint "Cleanup", Time since last: 9025639715 ns, Reaching safepoint: 35031 ns, Cleanup: 21942 ns, At safepoint: 20467 ns, Total: 77440 ns
[2025-05-24T08:28:22.932+0000][69][info ][safepoint   ] Safepoint "Cleanup", Time since last: 7496009520 ns, Reaching safepoint: 86106 ns, Cleanup: 9094 ns, At safepoint: 25163 ns, Total: 120363 ns
[2025-05-24T08:28:26.145+0000][69][info ][safepoint   ] Safepoint "Cleanup", Time since last: 3213334214 ns, Reaching safepoint: 32539 ns, Cleanup: 15692 ns, At safepoint: 85285 ns, Total: 133516 ns
[2025-05-24T08:28:32.149+0000][69][info ][safepoint   ] Safepoint "Cleanup", Time since last: 6004033176 ns, Reaching safepoint: 72010 ns, Cleanup: 20136 ns, At safepoint: 35065 ns, Total: 127211 ns
[2025-05-24T08:28:55.751+0000][69][info ][safepoint   ] Safepoint "Cleanup", Time since last: 23603432843 ns, Reaching safepoint: 52926 ns, Cleanup: 15035 ns, At safepoint: 11740 ns, Total: 79701 ns
[2025-05-24T08:29:10.752+0000][69][info ][safepoint   ] Safepoint "Cleanup", Time since last: 15003146350 ns, Reaching safepoint: 54542 ns, Cleanup: 16891 ns, At safepoint: 10607 ns, Total: 82040 ns
[2025-05-24T08:29:50.780+0000][69][info ][safepoint   ] Safepoint "Cleanup", Time since last: 40030616048 ns, Reaching safepoint: 67974 ns, Cleanup: 17754 ns, At safepoint: 34033 ns, Total: 119761 ns
[2025-05-24T08:30:17.784+0000][69][info ][safepoint   ] Safepoint "Cleanup", Time since last: 27006145262 ns, Reaching safepoint: 48962 ns, Cleanup: 14582 ns, At safepoint: 9274 ns, Total: 72818 ns
[2025-05-24T08:30:28.925+0000][69][info ][safepoint   ] Safepoint "Cleanup", Time since last: 11140528538 ns, Reaching safepoint: 23433 ns, Cleanup: 17102 ns, At safepoint: 79742 ns, Total: 120277 ns
[2025-05-24T08:31:21.817+0000][69][info ][safepoint   ] Safepoint "Cleanup", Time since last: 52897296634 ns, Reaching safepoint: 40512 ns, Cleanup: 20133 ns, At safepoint: 20981 ns, Total: 81626 ns
[2025-05-24T08:31:22.818+0000][69][info ][safepoint   ] Safepoint "Cleanup", Time since last: 1000965591 ns, Reaching safepoint: 35133 ns, Cleanup: 17724 ns, At safepoint: 51526 ns, Total: 104383 ns
[2025-05-24T08:31:30.820+0000][69][info ][safepoint   ] Safepoint "Cleanup", Time since last: 8002081312 ns, Reaching safepoint: 41316 ns, Cleanup: 19874 ns, At safepoint: 22073 ns, Total: 83263 ns
[2025-05-24T08:31:31.926+0000][69][info ][safepoint   ] Safepoint "Cleanup", Time since last: 1105613899 ns, Reaching safepoint: 19467 ns, Cleanup: 28789 ns, At safepoint: 146190 ns, Total: 194446 ns
[2025-05-24T08:31:33.589+0000][69][info ][safepoint   ] Safepoint "Cleanup", Time since last: 1662210392 ns, Reaching safepoint: 35475 ns, Cleanup: 23792 ns, At safepoint: 20418 ns, Total: 79685 ns
[2025-05-24T08:31:34.910+0000][69][info ][safepoint   ] Safepoint "Cleanup", Time since last: 1321133192 ns, Reaching safepoint: 6315 ns, Cleanup: 9000 ns, At safepoint: 12823 ns, Total: 28138 ns
[2025-05-24T08:31:36.846+0000][69][info ][safepoint   ] Safepoint "Cleanup", Time since last: 1937644039 ns, Reaching safepoint: 78283 ns, Cleanup: 50683 ns, At safepoint: 37936 ns, Total: 166902 ns
[2025-05-24T08:31:38.847+0000][69][info ][safepoint   ] Safepoint "Cleanup", Time since last: 2000896243 ns, Reaching safepoint: 33373 ns, Cleanup: 23561 ns, At safepoint: 13778 ns, Total: 70712 ns
[2025-05-24T08:31:40.848+0000][69][info ][safepoint   ] Safepoint "Cleanup", Time since last: 2000873430 ns, Reaching safepoint: 27011 ns, Cleanup: 16941 ns, At safepoint: 13681 ns, Total: 57633 ns
[2025-05-24T08:31:54.851+0000][69][info ][safepoint   ] Safepoint "Cleanup", Time since last: 14002679429 ns, Reaching safepoint: 80265 ns, Cleanup: 21863 ns, At safepoint: 39313 ns, Total: 141441 ns
[2025-05-24T08:32:02.853+0000][69][info ][safepoint   ] Safepoint "Cleanup", Time since last: 8001981377 ns, Reaching safepoint: 39656 ns, Cleanup: 22241 ns, At safepoint: 25075 ns, Total: 86972 ns
[2025-05-24T08:32:05.851+0000][69][info ][safepoint   ] Safepoint "Cleanup", Time since last: 3001204010 ns, Reaching safepoint: 36007 ns, Cleanup: 19847 ns, At safepoint: 18294 ns, Total: 74148 ns
[2025-05-24T08:32:34.928+0000][69][info ][safepoint   ] Safepoint "Cleanup", Time since last: 29076723661 ns, Reaching safepoint: 95863 ns, Cleanup: 12062 ns, At safepoint: 49013 ns, Total: 156938 ns
[2025-05-24T08:32:36.880+0000][69][info ][safepoint   ] Safepoint "Cleanup", Time since last: 1953763403 ns, Reaching safepoint: 41678 ns, Cleanup: 21007 ns, At safepoint: 21571 ns, Total: 84256 ns
[2025-05-24T08:32:41.882+0000][69][info ][safepoint   ] Safepoint "Cleanup", Time since last: 5001722490 ns, Reaching safepoint: 82429 ns, Cleanup: 18899 ns, At safepoint: 18759 ns, Total: 120087 ns
[2025-05-24T08:33:01.963+0000][69][info ][safepoint   ] Safepoint "Cleanup", Time since last: 20081197404 ns, Reaching safepoint: 119347 ns, Cleanup: 16257 ns, At safepoint: 15985 ns, Total: 151589 ns
[2025-05-24T08:33:03.690+0000][69][info ][safepoint   ] Safepoint "Cleanup", Time since last: 1726761315 ns, Reaching safepoint: 33246 ns, Cleanup: 18407 ns, At safepoint: 20522 ns, Total: 72175 ns
[2025-05-24T08:33:08.703+0000][69][info ][safepoint   ] Safepoint "Cleanup", Time since last: 5015320472 ns, Reaching safepoint: 37889 ns, Cleanup: 15089 ns, At safepoint: 71980 ns, Total: 124958 ns
[2025-05-24T08:33:38.778+0000][69][info ][safepoint   ] Safepoint "Cleanup", Time since last: 30076680296 ns, Reaching safepoint: 29280 ns, Cleanup: 14350 ns, At safepoint: 69157 ns, Total: 112787 ns
[2025-05-24T08:33:39.806+0000][69][info ][safepoint   ] Safepoint "Cleanup", Time since last: 1028004612 ns, Reaching safepoint: 35947 ns, Cleanup: 47441 ns, At safepoint: 70616 ns, Total: 154004 ns
[2025-05-24T08:33:54.813+0000][69][info ][safepoint   ] Safepoint "Cleanup", Time since last: 15007322349 ns, Reaching safepoint: 55127 ns, Cleanup: 15859 ns, At safepoint: 13669 ns, Total: 84655 ns
[2025-05-24T08:34:40.917+0000][69][info ][safepoint   ] Safepoint "Cleanup", Time since last: 46108816273 ns, Reaching safepoint: 14781 ns, Cleanup: 11260 ns, At safepoint: 22322 ns, Total: 48363 ns
[2025-05-24T08:34:50.844+0000][69][info ][safepoint   ] Safepoint "Cleanup", Time since last: 9926306207 ns, Reaching safepoint: 34865 ns, Cleanup: 19227 ns, At safepoint: 21352 ns, Total: 75444 ns
[2025-05-24T08:34:59.846+0000][69][info ][safepoint   ] Safepoint "Cleanup", Time since last: 9001993641 ns, Reaching safepoint: 160972 ns, Cleanup: 25572 ns, At safepoint: 26008 ns, Total: 212552 ns
[2025-05-24T08:35:25.848+0000][69][info ][safepoint   ] Safepoint "Cleanup", Time since last: 26004220514 ns, Reaching safepoint: 98319 ns, Cleanup: 17282 ns, At safepoint: 11468 ns, Total: 127069 ns
[2025-05-24T08:35:39.972+0000][69][info ][safepoint   ] Safepoint "Cleanup", Time since last: 14126010916 ns, Reaching safepoint: 35274 ns, Cleanup: 22334 ns, At safepoint: 18955 ns, Total: 76563 ns
[2025-05-24T08:35:40.973+0000][69][info ][safepoint   ] Safepoint "Cleanup", Time since last: 1000615302 ns, Reaching safepoint: 18592 ns, Cleanup: 15570 ns, At safepoint: 9161 ns, Total: 43323 ns
[2025-05-24T08:35:43.928+0000][69][info ][safepoint   ] Safepoint "Cleanup", Time since last: 2955167947 ns, Reaching safepoint: 9353 ns, Cleanup: 9381 ns, At safepoint: 23843 ns, Total: 42577 ns
[2025-05-24T08:36:21.894+0000][69][info ][safepoint   ] Safepoint "Cleanup", Time since last: 37967905809 ns, Reaching safepoint: 41768 ns, Cleanup: 18258 ns, At safepoint: 19657 ns, Total: 79683 ns
[2025-05-24T08:36:42.001+0000][69][info ][safepoint   ] Safepoint "Cleanup", Time since last: 20110252450 ns, Reaching safepoint: 23751 ns, Cleanup: 14670 ns, At safepoint: 10599 ns, Total: 49020 ns
[2025-05-24T08:36:45.002+0000][69][info ][safepoint   ] Safepoint "Cleanup", Time since last: 3000864590 ns, Reaching safepoint: 41762 ns, Cleanup: 14250 ns, At safepoint: 11559 ns, Total: 67571 ns
[2025-05-24T08:36:54.943+0000][69][info ][safepoint   ] Safepoint "Cleanup", Time since last: 9940446069 ns, Reaching safepoint: 36097 ns, Cleanup: 21720 ns, At safepoint: 20954 ns, Total: 78771 ns
[2025-05-24T08:37:14.021+0000][69][info ][safepoint   ] Safepoint "Cleanup", Time since last: 19002857552 ns, Reaching safepoint: 78866804 ns, Cleanup: 17904 ns, At safepoint: 120965 ns, Total: 79005673 ns
[2025-05-24T08:37:42.027+0000][69][info ][safepoint   ] Safepoint "Cleanup", Time since last: 28008748761 ns, Reaching safepoint: 19205 ns, Cleanup: 16069 ns, At safepoint: 9200 ns, Total: 44474 ns
[2025-05-24T08:37:49.954+0000][69][info ][safepoint   ] Safepoint "Cleanup", Time since last: 7926755824 ns, Reaching safepoint: 11693 ns, Cleanup: 10326 ns, At safepoint: 14558 ns, Total: 36577 ns
[2025-05-24T08:38:04.927+0000][69][info ][safepoint   ] Safepoint "Cleanup", Time since last: 14973018547 ns, Reaching safepoint: 25457 ns, Cleanup: 14216 ns, At safepoint: 29657 ns, Total: 69330 ns
[2025-05-24T08:38:12.117+0000][69][info ][safepoint   ] Safepoint "Cleanup", Time since last: 7192908895 ns, Reaching safepoint: 22101 ns, Cleanup: 15450 ns, At safepoint: 10749 ns, Total: 48300 ns
[2025-05-24T08:38:15.138+0000][69][info ][safepoint   ] Safepoint "Cleanup", Time since last: 3020904735 ns, Reaching safepoint: 18947 ns, Cleanup: 13139 ns, At safepoint: 9534 ns, Total: 41620 ns
[2025-05-24T08:38:25.532+0000][69][info ][safepoint   ] Safepoint "Cleanup", Time since last: 10394272853 ns, Reaching safepoint: 10377 ns, Cleanup: 8056 ns, At safepoint: 18409 ns, Total: 36842 ns
[2025-05-24T08:38:26.533+0000][69][info ][safepoint   ] Safepoint "Cleanup", Time since last: 1000649594 ns, Reaching safepoint: 29055 ns, Cleanup: 17330 ns, At safepoint: 11553 ns, Total: 57938 ns
[2025-05-24T08:38:40.053+0000][69][info ][safepoint   ] Safepoint "Cleanup", Time since last: 13523774200 ns, Reaching safepoint: 35750 ns, Cleanup: 19525 ns, At safepoint: 19780 ns, Total: 75055 ns
[2025-05-24T08:38:42.054+0000][69][info ][safepoint   ] Safepoint "Cleanup", Time since last: 2000725738 ns, Reaching safepoint: 28984 ns, Cleanup: 21948 ns, At safepoint: 13659 ns, Total: 64591 ns
[2025-05-24T08:38:54.210+0000][69][info ][safepoint   ] Safepoint "Cleanup", Time since last: 12155762873 ns, Reaching safepoint: 23854 ns, Cleanup: 14597 ns, At safepoint: 9107 ns, Total: 47558 ns
[2025-05-24T08:39:15.210+0000][69][info ][safepoint   ] Safepoint "Cleanup", Time since last: 21003433098 ns, Reaching safepoint: 88758 ns, Cleanup: 18545 ns, At safepoint: 12985 ns, Total: 120288 ns
[2025-05-24T08:39:30.213+0000][69][info ][safepoint   ] Safepoint "Cleanup", Time since last: 15002586966 ns, Reaching safepoint: 56586 ns, Cleanup: 16473 ns, At safepoint: 11443 ns, Total: 84502 ns
[2025-05-24T08:39:56.225+0000][69][info ][safepoint   ] Safepoint "Cleanup", Time since last: 26015875219 ns, Reaching safepoint: 10111 ns, Cleanup: 13543 ns, At safepoint: 20752 ns, Total: 44406 ns
[2025-05-24T08:40:35.255+0000][69][info ][safepoint   ] Safepoint "Cleanup", Time since last: 39032307814 ns, Reaching safepoint: 50209 ns, Cleanup: 14020 ns, At safepoint: 8687 ns, Total: 72916 ns
[2025-05-24T08:41:05.329+0000][69][info ][safepoint   ] Safepoint "Cleanup", Time since last: 30076821307 ns, Reaching safepoint: 76463 ns, Cleanup: 22513 ns, At safepoint: 13040 ns, Total: 112016 ns
[2025-05-24T08:41:22.329+0000][69][info ][safepoint   ] Safepoint "Cleanup", Time since last: 17003025751 ns, Reaching safepoint: 21985 ns, Cleanup: 15378 ns, At safepoint: 11675 ns, Total: 49038 ns
[2025-05-24T08:41:25.330+0000][69][info ][safepoint   ] Safepoint "Cleanup", Time since last: 3000913987 ns, Reaching safepoint: 33480 ns, Cleanup: 22148 ns, At safepoint: 20282 ns, Total: 75910 ns
[2025-05-24T08:41:42.131+0000][69][info ][safepoint   ] Safepoint "Cleanup", Time since last: 16804307453 ns, Reaching safepoint: 27154 ns, Cleanup: 15847 ns, At safepoint: 11815 ns, Total: 54816 ns
[2025-05-24T08:42:01.927+0000][69][info ][safepoint   ] Safepoint "Cleanup", Time since last: 19795417533 ns, Reaching safepoint: 18656 ns, Cleanup: 11044 ns, At safepoint: 20520 ns, Total: 50220 ns
[2025-05-24T08:42:03.374+0000][69][info ][safepoint   ] Safepoint "Cleanup", Time since last: 1447041160 ns, Reaching safepoint: 20359 ns, Cleanup: 15653 ns, At safepoint: 11025 ns, Total: 47037 ns
[2025-05-24T08:42:10.910+0000][69][info ][safepoint   ] Safepoint "Cleanup", Time since last: 7538569220 ns, Reaching safepoint: 31679 ns, Cleanup: 21318 ns, At safepoint: 27353 ns, Total: 80350 ns
[2025-05-24T08:42:12.489+0000][69][info ][safepoint   ] Safepoint "Cleanup", Time since last: 1578608587 ns, Reaching safepoint: 21023 ns, Cleanup: 43295 ns, At safepoint: 10800 ns, Total: 75118 ns
[2025-05-24T08:42:13.518+0000][69][info ][safepoint   ] Safepoint "Cleanup", Time since last: 1029812681 ns, Reaching safepoint: 32469 ns, Cleanup: 19205 ns, At safepoint: 11302 ns, Total: 62976 ns
[2025-05-24T08:42:22.909+0000][69][info ][safepoint   ] Safepoint "Cleanup", Time since last: 9390613749 ns, Reaching safepoint: 9544 ns, Cleanup: 9558 ns, At safepoint: 3976 ns, Total: 23078 ns
[2025-05-24T08:42:24.542+0000][69][info ][safepoint   ] Safepoint "Cleanup", Time since last: 1632813851 ns, Reaching safepoint: 35929 ns, Cleanup: 46960 ns, At safepoint: 18254 ns, Total: 101143 ns
[2025-05-24T08:42:42.640+0000][69][info ][safepoint   ] Safepoint "Cleanup", Time since last: 18102112839 ns, Reaching safepoint: 75802 ns, Cleanup: 20407 ns, At safepoint: 18487 ns, Total: 114696 ns
[2025-05-24T08:42:44.670+0000][69][info ][safepoint   ] Safepoint "Cleanup", Time since last: 2029094770 ns, Reaching safepoint: 20107 ns, Cleanup: 13955 ns, At safepoint: 9337 ns, Total: 43399 ns
[2025-05-24T08:43:04.919+0000][69][info ][safepoint   ] Safepoint "Cleanup", Time since last: 20248962086 ns, Reaching safepoint: 19776 ns, Cleanup: 16541 ns, At safepoint: 4585 ns, Total: 40902 ns
[2025-05-24T08:43:06.736+0000][69][info ][safepoint   ] Safepoint "Cleanup", Time since last: 1819154523 ns, Reaching safepoint: 24008 ns, Cleanup: 203227 ns, At safepoint: 20970 ns, Total: 248205 ns
[2025-05-24T08:43:07.904+0000][69][info ][safepoint   ] Safepoint "Cleanup", Time since last: 1168051317 ns, Reaching safepoint: 15300 ns, Cleanup: 12103 ns, At safepoint: 3184 ns, Total: 30587 ns
[2025-05-24T08:43:26.278+0000][69][info ][safepoint   ] Safepoint "Cleanup", Time since last: 18374506146 ns, Reaching safepoint: 36113 ns, Cleanup: 19068 ns, At safepoint: 21092 ns, Total: 76273 ns
[2025-05-24T08:43:40.186+0000][69][info ][safepoint   ] Safepoint "Cleanup", Time since last: 13910652074 ns, Reaching safepoint: 49348 ns, Cleanup: 19069 ns, At safepoint: 10442 ns, Total: 78859 ns
[2025-05-24T08:43:42.187+0000][69][info ][safepoint   ] Safepoint "Cleanup", Time since last: 2000678645 ns, Reaching safepoint: 79096 ns, Cleanup: 31069 ns, At safepoint: 18342 ns, Total: 128507 ns
[2025-05-24T08:43:44.188+0000][69][info ][safepoint   ] Safepoint "Cleanup", Time since last: 2001078894 ns, Reaching safepoint: 18291 ns, Cleanup: 15053 ns, At safepoint: 9230 ns, Total: 42574 ns
[2025-05-24T08:43:55.190+0000][69][info ][safepoint   ] Safepoint "Cleanup", Time since last: 11001972375 ns, Reaching safepoint: 80879 ns, Cleanup: 24704 ns, At safepoint: 19828 ns, Total: 125411 ns
[2025-05-24T08:44:07.936+0000][69][info ][safepoint   ] Safepoint "Cleanup", Time since last: 12748538321 ns, Reaching safepoint: 14660 ns, Cleanup: 11408 ns, At safepoint: 7193 ns, Total: 33261 ns
[2025-05-24T08:44:08.937+0000][69][info ][safepoint   ] Safepoint "Cleanup", Time since last: 1001261588 ns, Reaching safepoint: 77914 ns, Cleanup: 16495 ns, At safepoint: 82321 ns, Total: 176730 ns
[2025-05-24T08:44:42.236+0000][69][info ][safepoint   ] Safepoint "Cleanup", Time since last: 33302320284 ns, Reaching safepoint: 45925 ns, Cleanup: 35764 ns, At safepoint: 10073 ns, Total: 91762 ns
[2025-05-24T08:45:10.238+0000][69][info ][safepoint   ] Safepoint "Cleanup", Time since last: 28004305686 ns, Reaching safepoint: 39453 ns, Cleanup: 12994 ns, At safepoint: 8094 ns, Total: 60541 ns
[2025-05-24T08:45:14.324+0000][69][info ][safepoint   ] Safepoint "Cleanup", Time since last: 4086221626 ns, Reaching safepoint: 17187 ns, Cleanup: 11163 ns, At safepoint: 7456 ns, Total: 35806 ns
[2025-05-24T08:45:42.247+0000][69][info ][safepoint   ] Safepoint "Cleanup", Time since last: 27925169016 ns, Reaching safepoint: 70582 ns, Cleanup: 22038 ns, At safepoint: 38712 ns, Total: 131332 ns
[2025-05-24T08:46:10.249+0000][69][info ][safepoint   ] Safepoint "Cleanup", Time since last: 28004803420 ns, Reaching safepoint: 68466 ns, Cleanup: 14794 ns, At safepoint: 10452 ns, Total: 93712 ns
[2025-05-24T08:46:22.375+0000][69][info ][safepoint   ] Safepoint "Cleanup", Time since last: 12125850053 ns, Reaching safepoint: 22075 ns, Cleanup: 15109 ns, At safepoint: 9543 ns, Total: 46727 ns
[2025-05-24T08:46:37.932+0000][69][info ][safepoint   ] Safepoint "Cleanup", Time since last: 15560336593 ns, Reaching safepoint: 7390 ns, Cleanup: 10621 ns, At safepoint: 3960 ns, Total: 21971 ns
[2025-05-24T08:47:10.395+0000][69][info ][safepoint   ] Safepoint "Cleanup", Time since last: 32466154070 ns, Reaching safepoint: 49124 ns, Cleanup: 14778 ns, At safepoint: 8356 ns, Total: 72258 ns
[2025-05-24T08:47:47.304+0000][69][info ][safepoint   ] Safepoint "Cleanup", Time since last: 36911484825 ns, Reaching safepoint: 41894 ns, Cleanup: 13685 ns, At safepoint: 9398 ns, Total: 64977 ns
[2025-05-24T08:48:11.451+0000][69][info ][safepoint   ] Safepoint "Cleanup", Time since last: 24150552986 ns, Reaching safepoint: 15874 ns, Cleanup: 6134 ns, At safepoint: 2772 ns, Total: 24780 ns
[2025-05-24T08:48:17.999+0000][69][info ][safepoint   ] Safepoint "Cleanup", Time since last: 6547984704 ns, Reaching safepoint: 20164 ns, Cleanup: 13359 ns, At safepoint: 7716 ns, Total: 41239 ns
[2025-05-24T08:48:34.985+0000][69][info ][safepoint   ] Safepoint "Cleanup", Time since last: 16985460387 ns, Reaching safepoint: 44218 ns, Cleanup: 16559 ns, At safepoint: 8804 ns, Total: 69581 ns
[2025-05-24T08:48:42.334+0000][69][info ][safepoint   ] Safepoint "Cleanup", Time since last: 7351130544 ns, Reaching safepoint: 20045 ns, Cleanup: 13235 ns, At safepoint: 9265 ns, Total: 42545 ns
[2025-05-24T08:49:22.907+0000][69][info ][safepoint   ] Safepoint "Cleanup", Time since last: 40574802421 ns, Reaching safepoint: 458056 ns, Cleanup: 14962 ns, At safepoint: 39240 ns, Total: 512258 ns
[2025-05-24T08:49:25.523+0000][69][info ][safepoint   ] Safepoint "Cleanup", Time since last: 2616617384 ns, Reaching safepoint: 15585 ns, Cleanup: 10950 ns, At safepoint: 7297 ns, Total: 33832 ns
[2025-05-24T08:49:34.525+0000][69][info ][safepoint   ] Safepoint "Cleanup", Time since last: 9002001994 ns, Reaching safepoint: 37460 ns, Cleanup: 13160 ns, At safepoint: 9517 ns, Total: 60137 ns
[2025-05-24T08:50:05.371+0000][69][info ][safepoint   ] Safepoint "Cleanup", Time since last: 30848761288 ns, Reaching safepoint: 43467 ns, Cleanup: 13136 ns, At safepoint: 9621 ns, Total: 66224 ns
[2025-05-24T08:50:25.905+0000][69][info ][safepoint   ] Safepoint "Cleanup", Time since last: 20535785949 ns, Reaching safepoint: 530826 ns, Cleanup: 9202 ns, At safepoint: 31990 ns, Total: 572018 ns
[2025-05-24T08:50:27.550+0000][69][info ][safepoint   ] Safepoint "Cleanup", Time since last: 1645068122 ns, Reaching safepoint: 19374 ns, Cleanup: 14969 ns, At safepoint: 9137 ns, Total: 43480 ns
[2025-05-24T08:50:50.398+0000][69][info ][safepoint   ] Safepoint "Cleanup", Time since last: 22850954916 ns, Reaching safepoint: 41474 ns, Cleanup: 15632 ns, At safepoint: 9695 ns, Total: 66801 ns
[2025-05-24T08:51:00.400+0000][69][info ][safepoint   ] Safepoint "Cleanup", Time since last: 10001974785 ns, Reaching safepoint: 26862 ns, Cleanup: 21064 ns, At safepoint: 12632 ns, Total: 60558 ns
[2025-05-24T08:51:21.402+0000][69][info ][safepoint   ] Safepoint "Cleanup", Time since last: 21003737599 ns, Reaching safepoint: 20199 ns, Cleanup: 22479 ns, At safepoint: 33388 ns, Total: 76066 ns
[2025-05-24T08:51:22.403+0000][69][info ][safepoint   ] Safepoint "Cleanup", Time since last: 1000900511 ns, Reaching safepoint: 18458 ns, Cleanup: 12525 ns, At safepoint: 9461 ns, Total: 40444 ns
[2025-05-24T08:51:28.405+0000][69][info ][safepoint   ] Safepoint "Cleanup", Time since last: 6001170823 ns, Reaching safepoint: 16768 ns, Cleanup: 17577 ns, At safepoint: 7919 ns, Total: 42264 ns
[2025-05-24T08:51:29.563+0000][69][info ][safepoint   ] Safepoint "Cleanup", Time since last: 1157988730 ns, Reaching safepoint: 94830 ns, Cleanup: 9352 ns, At safepoint: 14159 ns, Total: 118341 ns
[2025-05-24T08:51:30.581+0000][69][info ][safepoint   ] Safepoint "Cleanup", Time since last: 1018204912 ns, Reaching safepoint: 17810 ns, Cleanup: 12689 ns, At safepoint: 8305 ns, Total: 38804 ns
[2025-05-24T08:51:38.425+0000][69][info ][safepoint   ] Safepoint "Cleanup", Time since last: 7846687924 ns, Reaching safepoint: 19637 ns, Cleanup: 14141 ns, At safepoint: 27569 ns, Total: 61347 ns
[2025-05-24T08:51:45.426+0000][69][info ][safepoint   ] Safepoint "Cleanup", Time since last: 7001598680 ns, Reaching safepoint: 21680 ns, Cleanup: 17994 ns, At safepoint: 11506 ns, Total: 51180 ns
[2025-05-24T08:51:49.903+0000][69][info ][safepoint   ] Safepoint "Cleanup", Time since last: 4477022030 ns, Reaching safepoint: 17166 ns, Cleanup: 11448 ns, At safepoint: 17499 ns, Total: 46113 ns
[2025-05-24T08:51:51.606+0000][69][info ][safepoint   ] Safepoint "Cleanup", Time since last: 1702661352 ns, Reaching safepoint: 19520 ns, Cleanup: 24359 ns, At safepoint: 8813 ns, Total: 52692 ns
[2025-05-24T08:53:11.638+0000][69][info ][safepoint   ] Safepoint "Cleanup", Time since last: 80039055538 ns, Reaching safepoint: 27772 ns, Cleanup: 10062 ns, At safepoint: 3249 ns, Total: 41083 ns
[2025-05-24T08:53:17.035+0000][69][info ][safepoint   ] Safepoint "Cleanup", Time since last: 5396960101 ns, Reaching safepoint: 6110 ns, Cleanup: 5577 ns, At safepoint: 11614 ns, Total: 23301 ns
[2025-05-24T08:53:32.717+0000][69][info ][safepoint   ] Safepoint "Cleanup", Time since last: 15682159616 ns, Reaching safepoint: 7200 ns, Cleanup: 14868 ns, At safepoint: 3352 ns, Total: 25420 ns
[2025-05-24T08:53:45.489+0000][69][info ][safepoint   ] Safepoint "Cleanup", Time since last: 12774110041 ns, Reaching safepoint: 39839 ns, Cleanup: 14479 ns, At safepoint: 7697 ns, Total: 62015 ns
[2025-05-24T08:54:06.491+0000][69][info ][safepoint   ] Safepoint "Cleanup", Time since last: 21003967202 ns, Reaching safepoint: 48841 ns, Cleanup: 22091 ns, At safepoint: 8041 ns, Total: 78973 ns
[2025-05-24T08:54:29.496+0000][69][info ][safepoint   ] Safepoint "Cleanup", Time since last: 23004956088 ns, Reaching safepoint: 61124 ns, Cleanup: 13877 ns, At safepoint: 8497 ns, Total: 83498 ns
[2025-05-24T08:54:35.728+0000][69][info ][safepoint   ] Safepoint "Cleanup", Time since last: 6231891542 ns, Reaching safepoint: 6934 ns, Cleanup: 9173 ns, At safepoint: 2534 ns, Total: 18641 ns
[2025-05-24T08:54:38.521+0000][69][info ][safepoint   ] Safepoint "Cleanup", Time since last: 2796164511 ns, Reaching safepoint: 18073 ns, Cleanup: 13047 ns, At safepoint: 8169 ns, Total: 39289 ns
[2025-05-24T08:55:55.761+0000][69][info ][safepoint   ] Safepoint "Cleanup", Time since last: 77243542680 ns, Reaching safepoint: 38674 ns, Cleanup: 13078 ns, At safepoint: 9397 ns, Total: 61149 ns
[2025-05-24T08:56:20.787+0000][69][info ][safepoint   ] Safepoint "Cleanup", Time since last: 25010319965 ns, Reaching safepoint: 17726654 ns, Cleanup: 13483 ns, At safepoint: 55160 ns, Total: 17795297 ns
[2025-05-24T08:56:21.854+0000][69][info ][safepoint   ] Safepoint "Cleanup", Time since last: 1067674248 ns, Reaching safepoint: 17780 ns, Cleanup: 13751 ns, At safepoint: 8355 ns, Total: 39886 ns
[2025-05-24T08:56:34.980+0000][69][info ][safepoint   ] Safepoint "Cleanup", Time since last: 13125799986 ns, Reaching safepoint: 38928 ns, Cleanup: 14588 ns, At safepoint: 8864 ns, Total: 62380 ns
[2025-05-24T08:56:39.647+0000][69][info ][safepoint   ] Safepoint "Cleanup", Time since last: 4669004741 ns, Reaching safepoint: 18123 ns, Cleanup: 14916 ns, At safepoint: 8735 ns, Total: 41774 ns
[2025-05-24T08:57:41.706+0000][69][info ][safepoint   ] Safepoint "Cleanup", Time since last: 62063440426 ns, Reaching safepoint: 20206 ns, Cleanup: 15648 ns, At safepoint: 9891 ns, Total: 45745 ns
[2025-05-24T08:57:44.039+0000][69][info ][safepoint   ] Safepoint "Cleanup", Time since last: 2333264366 ns, Reaching safepoint: 100685 ns, Cleanup: 8977 ns, At safepoint: 43622 ns, Total: 153284 ns
[2025-05-24T08:57:54.867+0000][69][info ][safepoint   ] Safepoint "Cleanup", Time since last: 10827399243 ns, Reaching safepoint: 19636 ns, Cleanup: 13102 ns, At safepoint: 8868 ns, Total: 41606 ns
[2025-05-24T08:58:14.874+0000][69][info ][safepoint   ] Safepoint "Cleanup", Time since last: 20009335649 ns, Reaching safepoint: 36131 ns, Cleanup: 13214 ns, At safepoint: 3665 ns, Total: 53010 ns
[2025-05-24T08:58:20.051+0000][69][info ][safepoint   ] Safepoint "Cleanup", Time since last: 5176318830 ns, Reaching safepoint: 6284 ns, Cleanup: 5936 ns, At safepoint: 11527 ns, Total: 23747 ns
[2025-05-24T08:58:21.898+0000][69][info ][safepoint   ] Safepoint "Cleanup", Time since last: 1847258289 ns, Reaching safepoint: 17577 ns, Cleanup: 12553 ns, At safepoint: 7306 ns, Total: 37436 ns
[2025-05-24T08:58:29.228+0000][69][info ][safepoint   ] Safepoint "Cleanup", Time since last: 7330174646 ns, Reaching safepoint: 42190 ns, Cleanup: 12965 ns, At safepoint: 7648 ns, Total: 62803 ns
[2025-05-24T08:58:43.741+0000][69][info ][safepoint   ] Safepoint "Cleanup", Time since last: 14515585797 ns, Reaching safepoint: 19651 ns, Cleanup: 13238 ns, At safepoint: 8557 ns, Total: 41446 ns
[2025-05-24T08:59:41.773+0000][69][info ][safepoint   ] Safepoint "Cleanup", Time since last: 58036439989 ns, Reaching safepoint: 26929 ns, Cleanup: 16609 ns, At safepoint: 8580 ns, Total: 52118 ns
[2025-05-24T08:59:50.943+0000][69][info ][safepoint   ] Safepoint "Cleanup", Time since last: 9169615112 ns, Reaching safepoint: 6812 ns, Cleanup: 7191 ns, At safepoint: 2760 ns, Total: 16763 ns
[2025-05-24T09:00:41.810+0000][69][info ][safepoint   ] Safepoint "Cleanup", Time since last: 50871964283 ns, Reaching safepoint: 30134 ns, Cleanup: 19916 ns, At safepoint: 14907 ns, Total: 64957 ns
[2025-05-24T09:00:44.811+0000][69][info ][safepoint   ] Safepoint "Cleanup", Time since last: 3001042963 ns, Reaching safepoint: 24855 ns, Cleanup: 14348 ns, At safepoint: 9981 ns, Total: 49184 ns
[2025-05-24T09:00:53.044+0000][69][info ][safepoint   ] Safepoint "Cleanup", Time since last: 8230080688 ns, Reaching safepoint: 2235710 ns, Cleanup: 17144 ns, At safepoint: 164365 ns, Total: 2417219 ns
[2025-05-24T09:00:54.991+0000][69][info ][safepoint   ] Safepoint "Cleanup", Time since last: 1947064872 ns, Reaching safepoint: 19918 ns, Cleanup: 17049 ns, At safepoint: 9614 ns, Total: 46581 ns
[2025-05-24T09:01:20.994+0000][69][info ][safepoint   ] Safepoint "Cleanup", Time since last: 26005050410 ns, Reaching safepoint: 34760 ns, Cleanup: 13412 ns, At safepoint: 32054 ns, Total: 80226 ns
[2025-05-24T09:01:21.995+0000][69][info ][safepoint   ] Safepoint "Cleanup", Time since last: 1000681347 ns, Reaching safepoint: 18321 ns, Cleanup: 13978 ns, At safepoint: 8184 ns, Total: 40483 ns
[2025-05-24T09:01:39.003+0000][69][info ][safepoint   ] Safepoint "Cleanup", Time since last: 17009975236 ns, Reaching safepoint: 6986 ns, Cleanup: 9477 ns, At safepoint: 12413 ns, Total: 28876 ns
[2025-05-24T09:01:40.010+0000][69][info ][safepoint   ] Safepoint "Cleanup", Time since last: 1007804459 ns, Reaching safepoint: 18735 ns, Cleanup: 13337 ns, At safepoint: 8091 ns, Total: 40163 ns
[2025-05-24T09:01:42.012+0000][69][info ][safepoint   ] Safepoint "Cleanup", Time since last: 2001060768 ns, Reaching safepoint: 17139 ns, Cleanup: 13444 ns, At safepoint: 8681 ns, Total: 39264 ns
[2025-05-24T09:01:52.013+0000][69][info ][safepoint   ] Safepoint "Cleanup", Time since last: 10001438070 ns, Reaching safepoint: 37731 ns, Cleanup: 14368 ns, At safepoint: 9091 ns, Total: 61190 ns
[2025-05-24T09:01:57.024+0000][69][info ][safepoint   ] Safepoint "Cleanup", Time since last: 5011341724 ns, Reaching safepoint: 6249 ns, Cleanup: 8258 ns, At safepoint: 11484 ns, Total: 25991 ns
[2025-05-24T09:01:58.037+0000][69][info ][safepoint   ] Safepoint "Cleanup", Time since last: 1012285164 ns, Reaching safepoint: 18680 ns, Cleanup: 13202 ns, At safepoint: 9143 ns, Total: 41025 ns
[2025-05-24T09:02:02.038+0000][69][info ][safepoint   ] Safepoint "Cleanup", Time since last: 4001141396 ns, Reaching safepoint: 37398 ns, Cleanup: 14305 ns, At safepoint: 10258 ns, Total: 61961 ns
[2025-05-24T09:02:05.039+0000][69][info ][safepoint   ] Safepoint "Cleanup", Time since last: 3001120695 ns, Reaching safepoint: 35812 ns, Cleanup: 11519 ns, At safepoint: 8647 ns, Total: 55978 ns
[2025-05-24T09:02:29.041+0000][69][info ][safepoint   ] Safepoint "Cleanup", Time since last: 24004072039 ns, Reaching safepoint: 54031 ns, Cleanup: 13573 ns, At safepoint: 9385 ns, Total: 76989 ns
[2025-05-24T09:02:59.044+0000][69][info ][safepoint   ] Safepoint "Cleanup", Time since last: 30005084157 ns, Reaching safepoint: 6590 ns, Cleanup: 6824 ns, At safepoint: 2878 ns, Total: 16292 ns
[2025-05-24T09:03:18.058+0000][69][info ][safepoint   ] Safepoint "Cleanup", Time since last: 19016301548 ns, Reaching safepoint: 55471 ns, Cleanup: 64249 ns, At safepoint: 10838 ns, Total: 130558 ns
[2025-05-24T09:03:19.077+0000][69][info ][safepoint   ] Safepoint "Cleanup", Time since last: 1019751373 ns, Reaching safepoint: 17960 ns, Cleanup: 13986 ns, At safepoint: 8820 ns, Total: 40766 ns
[2025-05-24T09:03:23.061+0000][69][info ][safepoint   ] Safepoint "Cleanup", Time since last: 3983836772 ns, Reaching safepoint: 16716 ns, Cleanup: 9680 ns, At safepoint: 12360 ns, Total: 38756 ns
[2025-05-24T09:03:24.076+0000][69][info ][safepoint   ] Safepoint "Cleanup", Time since last: 1014874224 ns, Reaching safepoint: 18160 ns, Cleanup: 13170 ns, At safepoint: 8578 ns, Total: 39908 ns
[2025-05-24T09:03:25.096+0000][69][info ][safepoint   ] Safepoint "Cleanup", Time since last: 1020223821 ns, Reaching safepoint: 17969 ns, Cleanup: 14269 ns, At safepoint: 9104 ns, Total: 41342 ns
[2025-05-24T09:03:50.904+0000][69][info ][safepoint   ] Safepoint "Cleanup", Time since last: 25809550017 ns, Reaching safepoint: 21335 ns, Cleanup: 12670 ns, At safepoint: 8065 ns, Total: 42070 ns
[2025-05-24T09:04:03.069+0000][69][info ][safepoint   ] Safepoint "Cleanup", Time since last: 12164836337 ns, Reaching safepoint: 18546 ns, Cleanup: 13032 ns, At safepoint: 9173 ns, Total: 40751 ns
[2025-05-24T09:04:04.134+0000][69][info ][safepoint   ] Safepoint "Cleanup", Time since last: 1064719803 ns, Reaching safepoint: 89143 ns, Cleanup: 14701 ns, At safepoint: 34464 ns, Total: 138308 ns
[2025-05-24T09:04:23.146+0000][69][info ][safepoint   ] Safepoint "Cleanup", Time since last: 19014283438 ns, Reaching safepoint: 76480 ns, Cleanup: 14454 ns, At safepoint: 9664 ns, Total: 100598 ns
[2025-05-24T09:04:44.937+0000][69][info ][safepoint   ] Safepoint "Cleanup", Time since last: 21792351080 ns, Reaching safepoint: 51046 ns, Cleanup: 13765 ns, At safepoint: 9735 ns, Total: 74546 ns
[2025-05-24T09:05:08.120+0000][69][info ][safepoint   ] Safepoint "Cleanup", Time since last: 23185478606 ns, Reaching safepoint: 82401 ns, Cleanup: 18511 ns, At safepoint: 24786 ns, Total: 125698 ns
[2025-05-24T09:05:42.143+0000][69][info ][safepoint   ] Safepoint "Cleanup", Time since last: 34025717515 ns, Reaching safepoint: 52259 ns, Cleanup: 18103 ns, At safepoint: 11857 ns, Total: 82219 ns
[2025-05-24T09:05:47.145+0000][69][info ][safepoint   ] Safepoint "Cleanup", Time since last: 5001924523 ns, Reaching safepoint: 20401 ns, Cleanup: 49065 ns, At safepoint: 10165 ns, Total: 79631 ns
[2025-05-24T09:05:50.147+0000][69][info ][safepoint   ] Safepoint "Cleanup", Time since last: 3001077331 ns, Reaching safepoint: 20618 ns, Cleanup: 13465 ns, At safepoint: 9588 ns, Total: 43671 ns
[2025-05-24T09:06:05.047+0000][69][info ][safepoint   ] Safepoint "Cleanup", Time since last: 14888771110 ns, Reaching safepoint: 11296626 ns, Cleanup: 15382 ns, At safepoint: 105643 ns, Total: 11417651 ns
[2025-05-24T09:06:06.076+0000][69][info ][safepoint   ] Safepoint "Cleanup", Time since last: 1028863212 ns, Reaching safepoint: 6128 ns, Cleanup: 9317 ns, At safepoint: 3095 ns, Total: 18540 ns
[2025-05-24T09:06:07.089+0000][69][info ][safepoint   ] Safepoint "Cleanup", Time since last: 1015238320 ns, Reaching safepoint: 19121 ns, Cleanup: 14933 ns, At safepoint: 9980 ns, Total: 44034 ns
[2025-05-24T09:06:21.238+0000][69][info ][safepoint   ] Safepoint "Cleanup", Time since last: 14148886005 ns, Reaching safepoint: 20290 ns, Cleanup: 13840 ns, At safepoint: 33379 ns, Total: 67509 ns
[2025-05-24T09:06:42.174+0000][69][info ][safepoint   ] Safepoint "Cleanup", Time since last: 20938226671 ns, Reaching safepoint: 43927 ns, Cleanup: 13355 ns, At safepoint: 9440 ns, Total: 66722 ns
[2025-05-24T09:07:08.068+0000][69][info ][safepoint   ] Safepoint "Cleanup", Time since last: 25896111256 ns, Reaching safepoint: 7379 ns, Cleanup: 12421 ns, At safepoint: 3050 ns, Total: 22850 ns
[2025-05-24T09:07:32.122+0000][69][info ][safepoint   ] Safepoint "Cleanup", Time since last: 24053598840 ns, Reaching safepoint: 43708 ns, Cleanup: 13652 ns, At safepoint: 9011 ns, Total: 66371 ns
[2025-05-24T09:07:35.123+0000][69][info ][safepoint   ] Safepoint "Cleanup", Time since last: 3001230351 ns, Reaching safepoint: 20112 ns, Cleanup: 15256 ns, At safepoint: 9210 ns, Total: 44578 ns
[2025-05-24T09:07:42.207+0000][69][info ][safepoint   ] Safepoint "Cleanup", Time since last: 7085513294 ns, Reaching safepoint: 38453 ns, Cleanup: 12927 ns, At safepoint: 9527 ns, Total: 60907 ns
[2025-05-24T09:08:11.026+0000][69][info ][safepoint   ] Safepoint "Cleanup", Time since last: 28821261817 ns, Reaching safepoint: 82076 ns, Cleanup: 5979 ns, At safepoint: 20694 ns, Total: 108749 ns
[2025-05-24T09:08:20.171+0000][69][info ][safepoint   ] Safepoint "Cleanup", Time since last: 9145156897 ns, Reaching safepoint: 40388 ns, Cleanup: 7295 ns, At safepoint: 21939 ns, Total: 69622 ns
[2025-05-24T09:08:26.031+0000][69][info ][safepoint   ] Safepoint "Cleanup", Time since last: 5859768481 ns, Reaching safepoint: 6189 ns, Cleanup: 6350 ns, At safepoint: 2748 ns, Total: 15287 ns
[2025-05-24T09:08:27.208+0000][69][info ][safepoint   ] Safepoint "Cleanup", Time since last: 1177007413 ns, Reaching safepoint: 22587 ns, Cleanup: 16498 ns, At safepoint: 10892 ns, Total: 49977 ns
[2025-05-24T09:08:36.221+0000][69][info ][safepoint   ] Safepoint "Cleanup", Time since last: 9015385355 ns, Reaching safepoint: 44073 ns, Cleanup: 13427 ns, At safepoint: 9342 ns, Total: 66842 ns
[2025-05-24T09:08:42.239+0000][69][info ][safepoint   ] Safepoint "Cleanup", Time since last: 6017923807 ns, Reaching safepoint: 17890 ns, Cleanup: 14709 ns, At safepoint: 8843 ns, Total: 41442 ns
[2025-05-24T09:09:14.239+0000][69][info ][safepoint   ] Safepoint "Cleanup", Time since last: 32001512852 ns, Reaching safepoint: 33751 ns, Cleanup: 16674 ns, At safepoint: 11636 ns, Total: 62061 ns
[2025-05-24T09:09:23.260+0000][69][info ][safepoint   ] Safepoint "Cleanup", Time since last: 9021705510 ns, Reaching safepoint: 57513 ns, Cleanup: 13167 ns, At safepoint: 8854 ns, Total: 79534 ns
[2025-05-24T09:10:02.016+0000][69][info ][gc,start    ] GC(22) Pause Young (Mixed) (G1 Evacuation Pause)
[2025-05-24T09:10:02.019+0000][69][info ][gc,task     ] GC(22) Using 10 workers of 10 for evacuation
[2025-05-24T09:10:02.020+0000][69][debug][gc,age      ] GC(22) Desired survivor size 153092096 bytes, new threshold 15 (max threshold 15)
[2025-05-24T09:10:02.398+0000][69][info ][gc,mmu      ] GC(22) MMU target violated: 201.0ms (200.0ms/201.0ms)
[2025-05-24T09:10:02.399+0000][69][info ][gc,phases   ] GC(22)   Pre Evacuate Collection Set: 9.67ms
[2025-05-24T09:10:02.399+0000][69][info ][gc,phases   ] GC(22)   Merge Heap Roots: 5.15ms
[2025-05-24T09:10:02.399+0000][69][info ][gc,phases   ] GC(22)   Evacuate Collection Set: 260.01ms
[2025-05-24T09:10:02.400+0000][69][info ][gc,phases   ] GC(22)   Post Evacuate Collection Set: 22.79ms
[2025-05-24T09:10:02.400+0000][69][info ][gc,phases   ] GC(22)   Other: 83.44ms
[2025-05-24T09:10:02.400+0000][69][trace][gc,age      ] GC(22) Age table with threshold 15 (max threshold 15)
[2025-05-24T09:10:02.401+0000][69][trace][gc,age      ] GC(22) - age   1:    1892208 bytes,    1892208 total
[2025-05-24T09:10:02.401+0000][69][trace][gc,age      ] GC(22) - age   2:     163440 bytes,    2055648 total
[2025-05-24T09:10:02.401+0000][69][trace][gc,age      ] GC(22) - age   3:     292360 bytes,    2348008 total
[2025-05-24T09:10:02.402+0000][69][trace][gc,age      ] GC(22) - age   4:     148536 bytes,    2496544 total
[2025-05-24T09:10:02.402+0000][69][trace][gc,age      ] GC(22) - age   5:     166232 bytes,    2662776 total
[2025-05-24T09:10:02.402+0000][69][trace][gc,age      ] GC(22) - age   6:     135064 bytes,    2797840 total
[2025-05-24T09:10:02.402+0000][69][trace][gc,age      ] GC(22) - age   7:     451824 bytes,    3249664 total
[2025-05-24T09:10:02.403+0000][69][trace][gc,age      ] GC(22) - age   8:      40704 bytes,    3290368 total
[2025-05-24T09:10:02.403+0000][69][trace][gc,age      ] GC(22) - age   9:     593656 bytes,    3884024 total
[2025-05-24T09:10:02.403+0000][69][trace][gc,age      ] GC(22) - age  10:     595288 bytes,    4479312 total
[2025-05-24T09:10:02.403+0000][69][info ][gc,heap     ] GC(22) Eden regions: 580->0(580)
[2025-05-24T09:10:02.404+0000][69][info ][gc,heap     ] GC(22) Survivor regions: 2->2(73)
[2025-05-24T09:10:02.404+0000][69][info ][gc,heap     ] GC(22) Old regions: 25->25
[2025-05-24T09:10:02.404+0000][69][info ][gc,heap     ] GC(22) Humongous regions: 0->0
[2025-05-24T09:10:02.405+0000][69][info ][gc,metaspace] GC(22) Metaspace: 143146K(148352K)->143146K(148352K) NonClass: 124120K(127040K)->124120K(127040K) Class: 19026K(21312K)->19026K(21312K)
[2025-05-24T09:10:02.406+0000][69][info ][gc          ] GC(22) Pause Young (Mixed) (G1 Evacuation Pause) 2424M->103M(3880M) 390.269ms
[2025-05-24T09:10:02.406+0000][69][info ][gc,cpu      ] GC(22) User=2.73s Sys=0.00s Real=0.39s
[2025-05-24T09:10:02.406+0000][69][info ][safepoint   ] Safepoint "G1CollectForAllocation", Time since last: 38755025107 ns, Reaching safepoint: 38606 ns, Cleanup: 4503 ns, At safepoint: 393656752 ns, Total: 393699861 ns
[2025-05-24T09:10:17.415+0000][69][info ][safepoint   ] Safepoint "Cleanup", Time since last: 15010154170 ns, Reaching safepoint: 15650 ns, Cleanup: 10593 ns, At safepoint: 13631 ns, Total: 39874 ns
[2025-05-24T09:10:40.304+0000][69][info ][safepoint   ] Safepoint "Cleanup", Time since last: 22891588201 ns, Reaching safepoint: 20881 ns, Cleanup: 22335 ns, At safepoint: 7364 ns, Total: 50580 ns
[2025-05-24T09:10:59.308+0000][69][info ][safepoint   ] Safepoint "Cleanup", Time since last: 19003165354 ns, Reaching safepoint: 44855 ns, Cleanup: 13397 ns, At safepoint: 8686 ns, Total: 66938 ns
[2025-05-24T09:11:24.480+0000][69][info ][safepoint   ] Safepoint "Cleanup", Time since last: 25174021050 ns, Reaching safepoint: 15992 ns, Cleanup: 12771 ns, At safepoint: 8362 ns, Total: 37125 ns
[2025-05-24T09:11:42.336+0000][69][info ][safepoint   ] Safepoint "Cleanup", Time since last: 17858564138 ns, Reaching safepoint: 18248 ns, Cleanup: 12408 ns, At safepoint: 9199 ns, Total: 39855 ns
[2025-05-24T09:13:26.617+0000][69][info ][safepoint   ] Safepoint "Cleanup", Time since last: 104286624861 ns, Reaching safepoint: 91084 ns, Cleanup: 12040 ns, At safepoint: 30341 ns, Total: 133465 ns
[2025-05-24T09:13:27.674+0000][69][info ][safepoint   ] Safepoint "Cleanup", Time since last: 1057071354 ns, Reaching safepoint: 6634 ns, Cleanup: 8062 ns, At safepoint: 11726 ns, Total: 26422 ns
[2025-05-24T09:13:45.601+0000][69][info ][safepoint   ] Safepoint "Cleanup", Time since last: 17929763467 ns, Reaching safepoint: 23713 ns, Cleanup: 13666 ns, At safepoint: 9112 ns, Total: 46491 ns
[2025-05-24T09:13:56.254+0000][69][info ][safepoint   ] Safepoint "Cleanup", Time since last: 10653009961 ns, Reaching safepoint: 17484 ns, Cleanup: 13501 ns, At safepoint: 8347 ns, Total: 39332 ns
[2025-05-24T09:15:26.637+0000][69][info ][safepoint   ] Safepoint "Cleanup", Time since last: 90389163827 ns, Reaching safepoint: 60218 ns, Cleanup: 13691 ns, At safepoint: 9598 ns, Total: 83507 ns
[2025-05-24T09:15:41.666+0000][69][info ][safepoint   ] Safepoint "Cleanup", Time since last: 15030676925 ns, Reaching safepoint: 38586 ns, Cleanup: 17371 ns, At safepoint: 8442 ns, Total: 64399 ns
[2025-05-24T09:15:56.669+0000][69][info ][safepoint   ] Safepoint "Cleanup", Time since last: 15002822934 ns, Reaching safepoint: 44528 ns, Cleanup: 14231 ns, At safepoint: 9888 ns, Total: 68647 ns
[2025-05-24T09:16:40.834+0000][69][info ][safepoint   ] Safepoint "Cleanup", Time since last: 44168332299 ns, Reaching safepoint: 9545 ns, Cleanup: 10660 ns, At safepoint: 11624 ns, Total: 31829 ns
[2025-05-24T09:16:42.150+0000][69][info ][safepoint   ] Safepoint "Cleanup", Time since last: 1316615622 ns, Reaching safepoint: 16352 ns, Cleanup: 12924 ns, At safepoint: 8148 ns, Total: 37424 ns
[2025-05-24T09:17:27.156+0000][69][info ][safepoint   ] Safepoint "Cleanup", Time since last: 45007659297 ns, Reaching safepoint: 69445 ns, Cleanup: 31734 ns, At safepoint: 9987 ns, Total: 111166 ns
[2025-05-24T09:17:37.836+0000][69][info ][safepoint   ] Safepoint "Cleanup", Time since last: 10682360604 ns, Reaching safepoint: 8520 ns, Cleanup: 9129 ns, At safepoint: 13253 ns, Total: 30902 ns
[2025-05-24T09:17:55.185+0000][69][info ][safepoint   ] Safepoint "Cleanup", Time since last: 17348262475 ns, Reaching safepoint: 42792 ns, Cleanup: 12423 ns, At safepoint: 8247 ns, Total: 63462 ns
[2025-05-24T09:18:25.262+0000][69][info ][safepoint   ] Safepoint "Cleanup", Time since last: 30079800532 ns, Reaching safepoint: 39603 ns, Cleanup: 16242 ns, At safepoint: 8664 ns, Total: 64509 ns
[2025-05-24T09:18:33.294+0000][69][info ][safepoint   ] Safepoint "Cleanup", Time since last: 8031762742 ns, Reaching safepoint: 39336 ns, Cleanup: 14447 ns, At safepoint: 8572 ns, Total: 62355 ns
[2025-05-24T09:18:41.327+0000][69][info ][safepoint   ] Safepoint "Cleanup", Time since last: 8035118354 ns, Reaching safepoint: 6500 ns, Cleanup: 7772 ns, At safepoint: 2584 ns, Total: 16856 ns
[2025-05-24T09:18:42.346+0000][69][info ][safepoint   ] Safepoint "Cleanup", Time since last: 1018632054 ns, Reaching safepoint: 35134 ns, Cleanup: 11822 ns, At safepoint: 8656 ns, Total: 55612 ns
[2025-05-24T09:19:26.014+0000][69][info ][safepoint   ] Safepoint "Cleanup", Time since last: 43669259068 ns, Reaching safepoint: 38971 ns, Cleanup: 12320 ns, At safepoint: 8263 ns, Total: 59554 ns
[2025-05-24T09:19:30.015+0000][69][info ][safepoint   ] Safepoint "Cleanup", Time since last: 4001430983 ns, Reaching safepoint: 36396 ns, Cleanup: 12775 ns, At safepoint: 9813 ns, Total: 58984 ns
[2025-05-24T09:19:43.751+0000][69][info ][safepoint   ] Safepoint "Cleanup", Time since last: 13737731010 ns, Reaching safepoint: 6997 ns, Cleanup: 9015 ns, At safepoint: 12901 ns, Total: 28913 ns
[2025-05-24T09:19:45.395+0000][69][info ][safepoint   ] Safepoint "Cleanup", Time since last: 1644577701 ns, Reaching safepoint: 17681 ns, Cleanup: 17414 ns, At safepoint: 6756 ns, Total: 41851 ns
[2025-05-24T09:21:05.445+0000][69][info ][safepoint   ] Safepoint "Cleanup", Time since last: 80053834957 ns, Reaching safepoint: 43237 ns, Cleanup: 15160 ns, At safepoint: 9956 ns, Total: 68353 ns
[2025-05-24T09:21:47.003+0000][69][info ][safepoint   ] Safepoint "Cleanup", Time since last: 41561089734 ns, Reaching safepoint: 43933 ns, Cleanup: 15372 ns, At safepoint: 10055 ns, Total: 69360 ns
[2025-05-24T09:21:54.483+0000][69][info ][safepoint   ] Safepoint "Cleanup", Time since last: 7479972310 ns, Reaching safepoint: 17641 ns, Cleanup: 12486 ns, At safepoint: 7049 ns, Total: 37176 ns
[2025-05-24T09:23:20.522+0000][69][info ][safepoint   ] Safepoint "Cleanup", Time since last: 86044732994 ns, Reaching safepoint: 50218 ns, Cleanup: 37929 ns, At safepoint: 10694 ns, Total: 98841 ns
[2025-05-24T09:23:30.544+0000][69][info ][safepoint   ] Safepoint "Cleanup", Time since last: 10021601574 ns, Reaching safepoint: 32002 ns, Cleanup: 18220 ns, At safepoint: 17948 ns, Total: 68170 ns
[2025-05-24T09:23:34.792+0000][69][info ][safepoint   ] Safepoint "Cleanup", Time since last: 4248059194 ns, Reaching safepoint: 141197 ns, Cleanup: 9626 ns, At safepoint: 27829 ns, Total: 178652 ns
[2025-05-24T09:23:36.570+0000][69][info ][safepoint   ] Safepoint "Cleanup", Time since last: 1779965530 ns, Reaching safepoint: 34015 ns, Cleanup: 17488 ns, At safepoint: 19111 ns, Total: 70614 ns
[2025-05-24T09:23:55.082+0000][69][info ][safepoint   ] Safepoint "Cleanup", Time since last: 18511327810 ns, Reaching safepoint: 79686 ns, Cleanup: 17781 ns, At safepoint: 21558 ns, Total: 119025 ns
[2025-05-24T09:23:56.619+0000][69][info ][safepoint   ] Safepoint "Cleanup", Time since last: 1537527614 ns, Reaching safepoint: 13117 ns, Cleanup: 11393 ns, At safepoint: 16111 ns, Total: 40621 ns
[2025-05-24T09:24:06.647+0000][69][info ][safepoint   ] Safepoint "Cleanup", Time since last: 10022522763 ns, Reaching safepoint: 7941258 ns, Cleanup: 18551 ns, At safepoint: 142000 ns, Total: 8101809 ns
[2025-05-24T09:26:59.350+0000][69][info ][safepoint   ] Safepoint "Cleanup", Time since last: 172714447933 ns, Reaching safepoint: 99557 ns, Cleanup: 19292 ns, At safepoint: 13478 ns, Total: 132327 ns
[2025-05-24T09:27:04.782+0000][69][info ][safepoint   ] Safepoint "Cleanup", Time since last: 5431636505 ns, Reaching safepoint: 24354 ns, Cleanup: 14324 ns, At safepoint: 70594 ns, Total: 109272 ns
[2025-05-24T09:27:42.380+0000][69][info ][safepoint   ] Safepoint "Cleanup", Time since last: 37603280046 ns, Reaching safepoint: 33387 ns, Cleanup: 19390 ns, At safepoint: 17235 ns, Total: 70012 ns
[2025-05-24T09:27:43.785+0000][69][info ][safepoint   ] Safepoint "Cleanup", Time since last: 1403943034 ns, Reaching safepoint: 397834 ns, Cleanup: 15318 ns, At safepoint: 135592 ns, Total: 548744 ns
[2025-05-24T09:27:45.126+0000][69][info ][safepoint   ] Safepoint "Cleanup", Time since last: 1341483519 ns, Reaching safepoint: 33248 ns, Cleanup: 28964 ns, At safepoint: 19124 ns, Total: 81336 ns
[2025-05-24T09:27:54.145+0000][69][info ][safepoint   ] Safepoint "Cleanup", Time since last: 9018416051 ns, Reaching safepoint: 33458 ns, Cleanup: 18856 ns, At safepoint: 18501 ns, Total: 70815 ns
[2025-05-24T09:27:56.095+0000][69][info ][safepoint   ] Safepoint "Cleanup", Time since last: 1950551385 ns, Reaching safepoint: 20482 ns, Cleanup: 14230 ns, At safepoint: 5830 ns, Total: 40542 ns
[2025-05-24T09:28:07.765+0000][69][info ][safepoint   ] Safepoint "Cleanup", Time since last: 11671417605 ns, Reaching safepoint: 23066 ns, Cleanup: 17547 ns, At safepoint: 22250 ns, Total: 62863 ns
[2025-05-24T09:28:09.190+0000][69][info ][safepoint   ] Safepoint "Cleanup", Time since last: 1425797215 ns, Reaching safepoint: 43627 ns, Cleanup: 24648 ns, At safepoint: 22263 ns, Total: 90538 ns
[2025-05-24T09:28:38.418+0000][69][info ][safepoint   ] Safepoint "Cleanup", Time since last: 29229645897 ns, Reaching safepoint: 47626 ns, Cleanup: 14641 ns, At safepoint: 5790 ns, Total: 68057 ns
[2025-05-24T09:29:01.160+0000][69][info ][safepoint   ] Safepoint "Cleanup", Time since last: 22741446408 ns, Reaching safepoint: 8351 ns, Cleanup: 8092 ns, At safepoint: 12717 ns, Total: 29160 ns
[2025-05-24T09:29:11.316+0000][69][info ][safepoint   ] Safepoint "Cleanup", Time since last: 10159116082 ns, Reaching safepoint: 8353 ns, Cleanup: 13518 ns, At safepoint: 3248 ns, Total: 25119 ns
[2025-05-24T09:29:23.322+0000][69][info ][safepoint   ] Safepoint "Cleanup", Time since last: 12006104451 ns, Reaching safepoint: 40454 ns, Cleanup: 21011 ns, At safepoint: 20785 ns, Total: 82250 ns
[2025-05-24T09:29:50.457+0000][69][info ][safepoint   ] Safepoint "Cleanup", Time since last: 27137354876 ns, Reaching safepoint: 80394 ns, Cleanup: 18257 ns, At safepoint: 20503 ns, Total: 119154 ns
[2025-05-24T09:31:22.439+0000][69][info ][safepoint   ] Safepoint "Cleanup", Time since last: 91988671948 ns, Reaching safepoint: 26216 ns, Cleanup: 14516 ns, At safepoint: 13160 ns, Total: 53892 ns
[2025-05-24T09:31:43.755+0000][69][info ][safepoint   ] Safepoint "Cleanup", Time since last: 21318954637 ns, Reaching safepoint: 7335 ns, Cleanup: 8619 ns, At safepoint: 12261 ns, Total: 28215 ns
[2025-05-24T09:31:45.477+0000][69][info ][safepoint   ] Safepoint "Cleanup", Time since last: 1721229044 ns, Reaching safepoint: 33173 ns, Cleanup: 125717 ns, At safepoint: 29572 ns, Total: 188462 ns
[2025-05-24T09:32:56.566+0000][69][info ][safepoint   ] Safepoint "Cleanup", Time since last: 71094173059 ns, Reaching safepoint: 53057 ns, Cleanup: 16857 ns, At safepoint: 10348 ns, Total: 80262 ns
[2025-05-24T09:33:05.568+0000][69][info ][safepoint   ] Safepoint "Cleanup", Time since last: 9001850967 ns, Reaching safepoint: 95852 ns, Cleanup: 20978 ns, At safepoint: 16579 ns, Total: 133409 ns
[2025-05-24T09:33:46.589+0000][69][info ][safepoint   ] Safepoint "Cleanup", Time since last: 40867109587 ns, Reaching safepoint: 157856489 ns, Cleanup: 21929 ns, At safepoint: 469454 ns, Total: 158347872 ns
[2025-05-24T09:34:03.045+0000][69][info ][safepoint   ] Safepoint "Cleanup", Time since last: 16455416833 ns, Reaching safepoint: 19141 ns, Cleanup: 15042 ns, At safepoint: 17130 ns, Total: 51313 ns
[2025-05-24T09:34:04.226+0000][69][info ][safepoint   ] Safepoint "Cleanup", Time since last: 1181717050 ns, Reaching safepoint: 21557 ns, Cleanup: 94540 ns, At safepoint: 29901 ns, Total: 145998 ns
[2025-05-24T09:34:24.854+0000][69][info ][safepoint   ] Safepoint "Cleanup", Time since last: 20630031812 ns, Reaching safepoint: 17582 ns, Cleanup: 13289 ns, At safepoint: 20982 ns, Total: 51853 ns
[2025-05-24T09:34:26.613+0000][69][info ][safepoint   ] Safepoint "Cleanup", Time since last: 1758748326 ns, Reaching safepoint: 21089 ns, Cleanup: 16042 ns, At safepoint: 9180 ns, Total: 46311 ns
[2025-05-24T09:35:27.635+0000][69][info ][safepoint   ] Safepoint "Cleanup", Time since last: 61027662977 ns, Reaching safepoint: 8804 ns, Cleanup: 9104 ns, At safepoint: 12348 ns, Total: 30256 ns
[2025-05-24T09:35:28.637+0000][69][info ][safepoint   ] Safepoint "Cleanup", Time since last: 1001053789 ns, Reaching safepoint: 35622 ns, Cleanup: 15608 ns, At safepoint: 78103 ns, Total: 129333 ns
[2025-05-24T09:35:56.896+0000][69][info ][safepoint   ] Safepoint "Cleanup", Time since last: 28262027823 ns, Reaching safepoint: 29781 ns, Cleanup: 14807 ns, At safepoint: 44232 ns, Total: 88820 ns
[2025-05-24T09:35:57.897+0000][69][info ][safepoint   ] Safepoint "Cleanup", Time since last: 1000995258 ns, Reaching safepoint: 32293 ns, Cleanup: 19425 ns, At safepoint: 18363 ns, Total: 70081 ns
[2025-05-24T09:36:21.900+0000][69][info ][safepoint   ] Safepoint "Cleanup", Time since last: 24005585049 ns, Reaching safepoint: 39035 ns, Cleanup: 19342 ns, At safepoint: 21947 ns, Total: 80324 ns
[2025-05-24T09:36:36.709+0000][69][info ][safepoint   ] Safepoint "Cleanup", Time since last: 14810787641 ns, Reaching safepoint: 22445 ns, Cleanup: 14586 ns, At safepoint: 9635 ns, Total: 46666 ns
[2025-05-24T09:36:39.931+0000][69][info ][safepoint   ] Safepoint "Cleanup", Time since last: 3222613572 ns, Reaching safepoint: 34629 ns, Cleanup: 16537 ns, At safepoint: 17744 ns, Total: 68910 ns
[2025-05-24T09:38:36.659+0000][69][info ][safepoint   ] Safepoint "Cleanup", Time since last: 116737263818 ns, Reaching safepoint: 26617 ns, Cleanup: 18222 ns, At safepoint: 74520 ns, Total: 119359 ns
[2025-05-24T09:38:37.845+0000][69][info ][safepoint   ] Safepoint "Cleanup", Time since last: 1185547942 ns, Reaching safepoint: 35972 ns, Cleanup: 20818 ns, At safepoint: 21528 ns, Total: 78318 ns
[2025-05-24T09:39:03.375+0000][69][info ][safepoint   ] Safepoint "Cleanup", Time since last: 25530209594 ns, Reaching safepoint: 37601 ns, Cleanup: 16992 ns, At safepoint: 18560 ns, Total: 73153 ns
[2025-05-24T09:39:36.376+0000][69][info ][safepoint   ] Safepoint "Cleanup", Time since last: 33005823698 ns, Reaching safepoint: 84063 ns, Cleanup: 19685 ns, At safepoint: 12929 ns, Total: 116677 ns
[2025-05-24T09:40:42.612+0000][69][info ][safepoint   ] Safepoint "Cleanup", Time since last: 66241143508 ns, Reaching safepoint: 23576 ns, Cleanup: 12281 ns, At safepoint: 116459 ns, Total: 152316 ns
[2025-05-24T09:40:58.505+0000][69][info ][safepoint   ] Safepoint "Cleanup", Time since last: 15892693696 ns, Reaching safepoint: 32506 ns, Cleanup: 17628 ns, At safepoint: 18713 ns, Total: 68847 ns
[2025-05-24T09:41:21.507+0000][69][info ][safepoint   ] Safepoint "Cleanup", Time since last: 23004935044 ns, Reaching safepoint: 23008 ns, Cleanup: 16324 ns, At safepoint: 10142 ns, Total: 49474 ns
[2025-05-24T09:41:40.114+0000][69][info ][safepoint   ] Safepoint "Cleanup", Time since last: 18608858044 ns, Reaching safepoint: 37294 ns, Cleanup: 19649 ns, At safepoint: 20313 ns, Total: 77256 ns
[2025-05-24T09:41:42.115+0000][69][info ][safepoint   ] Safepoint "Cleanup", Time since last: 2000929087 ns, Reaching safepoint: 35835 ns, Cleanup: 20621 ns, At safepoint: 19856 ns, Total: 76312 ns
[2025-05-24T09:41:45.643+0000][69][info ][safepoint   ] Safepoint "Cleanup", Time since last: 3528626514 ns, Reaching safepoint: 36138 ns, Cleanup: 16065 ns, At safepoint: 82058 ns, Total: 134261 ns
[2025-05-24T09:41:47.553+0000][69][info ][safepoint   ] Safepoint "Cleanup", Time since last: 1910030817 ns, Reaching safepoint: 18652 ns, Cleanup: 14220 ns, At safepoint: 9330 ns, Total: 42202 ns
[2025-05-24T09:42:12.615+0000][69][info ][safepoint   ] Safepoint "Cleanup", Time since last: 25063350737 ns, Reaching safepoint: 52792 ns, Cleanup: 11750 ns, At safepoint: 27416 ns, Total: 91958 ns
[2025-05-24T09:42:14.601+0000][69][info ][safepoint   ] Safepoint "Cleanup", Time since last: 1986567617 ns, Reaching safepoint: 37182 ns, Cleanup: 214801 ns, At safepoint: 37496 ns, Total: 289479 ns
[2025-05-24T09:42:24.607+0000][69][info ][safepoint   ] Safepoint "Cleanup", Time since last: 10005806700 ns, Reaching safepoint: 11101 ns, Cleanup: 11244 ns, At safepoint: 17648 ns, Total: 39993 ns
[2025-05-24T09:42:25.613+0000][69][info ][safepoint   ] Safepoint "Cleanup", Time since last: 1005371841 ns, Reaching safepoint: 28254 ns, Cleanup: 20834 ns, At safepoint: 69263 ns, Total: 118351 ns
[2025-05-24T09:42:27.625+0000][69][info ][safepoint   ] Safepoint "Cleanup", Time since last: 2011746920 ns, Reaching safepoint: 32501 ns, Cleanup: 17326 ns, At safepoint: 19169 ns, Total: 68996 ns
[2025-05-24T09:42:42.149+0000][69][info ][safepoint   ] Safepoint "Cleanup", Time since last: 14526902979 ns, Reaching safepoint: 31747 ns, Cleanup: 134049 ns, At safepoint: 33753 ns, Total: 199549 ns
[2025-05-24T09:42:48.151+0000][69][info ][safepoint   ] Safepoint "Cleanup", Time since last: 6001427496 ns, Reaching safepoint: 67141 ns, Cleanup: 18884 ns, At safepoint: 33706 ns, Total: 119731 ns
[2025-05-24T09:42:49.641+0000][69][info ][safepoint   ] Safepoint "Cleanup", Time since last: 1489981638 ns, Reaching safepoint: 32408 ns, Cleanup: 16920 ns, At safepoint: 18348 ns, Total: 67676 ns
[2025-05-24T09:42:50.697+0000][69][info ][safepoint   ] Safepoint "Cleanup", Time since last: 1055822854 ns, Reaching safepoint: 19576 ns, Cleanup: 16697 ns, At safepoint: 22593 ns, Total: 58866 ns
[2025-05-24T09:42:52.701+0000][69][info ][safepoint   ] Safepoint "Cleanup", Time since last: 2004284894 ns, Reaching safepoint: 36130 ns, Cleanup: 19315 ns, At safepoint: 19487 ns, Total: 74932 ns
[2025-05-24T09:42:57.703+0000][69][info ][safepoint   ] Safepoint "Cleanup", Time since last: 5001340434 ns, Reaching safepoint: 19516 ns, Cleanup: 13840 ns, At safepoint: 9341 ns, Total: 42697 ns
[2025-05-24T09:43:36.562+0000][69][info ][safepoint   ] Safepoint "Cleanup", Time since last: 38864152958 ns, Reaching safepoint: 269650 ns, Cleanup: 17574 ns, At safepoint: 201466 ns, Total: 488690 ns
[2025-05-24T09:43:39.631+0000][69][info ][safepoint   ] Safepoint "Cleanup", Time since last: 3068684231 ns, Reaching safepoint: 33481 ns, Cleanup: 14183 ns, At safepoint: 118966 ns, Total: 166630 ns
[2025-05-24T09:43:40.753+0000][69][info ][safepoint   ] Safepoint "Cleanup", Time since last: 1121728130 ns, Reaching safepoint: 32688 ns, Cleanup: 17591 ns, At safepoint: 19192 ns, Total: 69471 ns
[2025-05-24T09:43:54.598+0000][69][info ][safepoint   ] Safepoint "Cleanup", Time since last: 13845489827 ns, Reaching safepoint: 88664 ns, Cleanup: 8864 ns, At safepoint: 33383 ns, Total: 130911 ns
[2025-05-24T09:45:57.623+0000][69][info ][safepoint   ] Safepoint "Cleanup", Time since last: 123034258764 ns, Reaching safepoint: 13923 ns, Cleanup: 9760 ns, At safepoint: 12901 ns, Total: 36584 ns
[2025-05-24T09:45:58.967+0000][69][info ][safepoint   ] Safepoint "Cleanup", Time since last: 1343704965 ns, Reaching safepoint: 19579 ns, Cleanup: 18593 ns, At safepoint: 9330 ns, Total: 47502 ns
[2025-05-24T09:46:20.968+0000][69][info ][safepoint   ] Safepoint "Cleanup", Time since last: 22004141016 ns, Reaching safepoint: 34886 ns, Cleanup: 18423 ns, At safepoint: 62168 ns, Total: 115477 ns
[2025-05-24T09:48:43.123+0000][69][info ][safepoint   ] Safepoint "Cleanup", Time since last: 142166312988 ns, Reaching safepoint: 27183 ns, Cleanup: 14201 ns, At safepoint: 68707 ns, Total: 110091 ns
[2025-05-24T09:50:36.305+0000][69][info ][safepoint   ] Safepoint "Cleanup", Time since last: 113192698681 ns, Reaching safepoint: 81679 ns, Cleanup: 20324 ns, At safepoint: 23329 ns, Total: 125332 ns
[2025-05-24T09:50:41.434+0000][69][info ][safepoint   ] Safepoint "Cleanup", Time since last: 5128263012 ns, Reaching safepoint: 19675 ns, Cleanup: 15467 ns, At safepoint: 9598 ns, Total: 44740 ns
[2025-05-24T09:51:52.376+0000][69][info ][safepoint   ] Safepoint "Cleanup", Time since last: 70947793518 ns, Reaching safepoint: 118172 ns, Cleanup: 16994 ns, At safepoint: 67322 ns, Total: 202488 ns
[2025-05-24T09:52:15.632+0000][69][info ][safepoint   ] Safepoint "Cleanup", Time since last: 23257421200 ns, Reaching safepoint: 147702 ns, Cleanup: 28763 ns, At safepoint: 115346 ns, Total: 291811 ns
[2025-05-24T09:52:42.008+0000][69][info ][safepoint   ] Safepoint "Cleanup", Time since last: 26378398716 ns, Reaching safepoint: 35225 ns, Cleanup: 18262 ns, At safepoint: 21475 ns, Total: 74962 ns
[2025-05-24T09:53:18.616+0000][69][info ][safepoint   ] Safepoint "Cleanup", Time since last: 36610609354 ns, Reaching safepoint: 6713 ns, Cleanup: 8025 ns, At safepoint: 12609 ns, Total: 27347 ns
[2025-05-24T09:54:01.551+0000][69][info ][safepoint   ] Safepoint "Cleanup", Time since last: 42937473763 ns, Reaching safepoint: 629027 ns, Cleanup: 15910 ns, At safepoint: 88995 ns, Total: 733932 ns
[2025-05-24T09:54:22.701+0000][69][info ][safepoint   ] Safepoint "Cleanup", Time since last: 21151580828 ns, Reaching safepoint: 17191 ns, Cleanup: 20998 ns, At safepoint: 93988 ns, Total: 132177 ns
[2025-05-24T09:54:23.736+0000][69][info ][safepoint   ] Safepoint "Cleanup", Time since last: 1034756764 ns, Reaching safepoint: 16928 ns, Cleanup: 21715 ns, At safepoint: 5282 ns, Total: 43925 ns
[2025-05-24T09:54:27.637+0000][69][info ][safepoint   ] Safepoint "Cleanup", Time since last: 3901293650 ns, Reaching safepoint: 7381 ns, Cleanup: 8909 ns, At safepoint: 13245 ns, Total: 29535 ns
[2025-05-24T09:54:29.119+0000][69][info ][safepoint   ] Safepoint "Cleanup", Time since last: 1479329186 ns, Reaching safepoint: 2224334 ns, Cleanup: 19119 ns, At safepoint: 176705 ns, Total: 2420158 ns
[2025-05-24T09:54:41.791+0000][69][info ][safepoint   ] Safepoint "Cleanup", Time since last: 12675178483 ns, Reaching safepoint: 37068 ns, Cleanup: 18816 ns, At safepoint: 20971 ns, Total: 76855 ns
[2025-05-24T09:56:27.568+0000][69][info ][gc,start    ] GC(23) Pause Young (Normal) (G1 Evacuation Pause)
[2025-05-24T09:56:27.575+0000][69][info ][gc,task     ] GC(23) Using 10 workers of 10 for evacuation
[2025-05-24T09:56:27.577+0000][69][debug][gc,age      ] GC(23) Desired survivor size 153092096 bytes, new threshold 15 (max threshold 15)
[2025-05-24T09:56:27.711+0000][69][info ][gc,phases   ] GC(23)   Pre Evacuate Collection Set: 12.11ms
[2025-05-24T09:56:27.712+0000][69][info ][gc,phases   ] GC(23)   Merge Heap Roots: 2.71ms
[2025-05-24T09:56:27.712+0000][69][info ][gc,phases   ] GC(23)   Evacuate Collection Set: 100.98ms
[2025-05-24T09:56:27.713+0000][69][info ][gc,phases   ] GC(23)   Post Evacuate Collection Set: 16.59ms
[2025-05-24T09:56:27.714+0000][69][info ][gc,phases   ] GC(23)   Other: 5.63ms
[2025-05-24T09:56:27.714+0000][69][trace][gc,age      ] GC(23) Age table with threshold 15 (max threshold 15)
[2025-05-24T09:56:27.715+0000][69][trace][gc,age      ] GC(23) - age   1:    1463408 bytes,    1463408 total
[2025-05-24T09:56:27.716+0000][69][trace][gc,age      ] GC(23) - age   2:     569296 bytes,    2032704 total
[2025-05-24T09:56:27.716+0000][69][trace][gc,age      ] GC(23) - age   3:      73744 bytes,    2106448 total
[2025-05-24T09:56:27.717+0000][69][trace][gc,age      ] GC(23) - age   4:     239632 bytes,    2346080 total
[2025-05-24T09:56:27.717+0000][69][trace][gc,age      ] GC(23) - age   5:     146344 bytes,    2492424 total
[2025-05-24T09:56:27.718+0000][69][trace][gc,age      ] GC(23) - age   6:     165688 bytes,    2658112 total
[2025-05-24T09:56:27.718+0000][69][trace][gc,age      ] GC(23) - age   7:     135064 bytes,    2793176 total
[2025-05-24T09:56:27.719+0000][69][trace][gc,age      ] GC(23) - age   8:     450248 bytes,    3243424 total
[2025-05-24T09:56:27.719+0000][69][trace][gc,age      ] GC(23) - age   9:      40704 bytes,    3284128 total
[2025-05-24T09:56:27.719+0000][69][trace][gc,age      ] GC(23) - age  10:     593392 bytes,    3877520 total
[2025-05-24T09:56:27.720+0000][69][trace][gc,age      ] GC(23) - age  11:     594704 bytes,    4472224 total
[2025-05-24T09:56:27.721+0000][69][info ][gc,heap     ] GC(23) Eden regions: 580->0(580)
[2025-05-24T09:56:27.722+0000][69][info ][gc,heap     ] GC(23) Survivor regions: 2->2(73)
[2025-05-24T09:56:27.722+0000][69][info ][gc,heap     ] GC(23) Old regions: 25->25
[2025-05-24T09:56:27.723+0000][69][info ][gc,heap     ] GC(23) Humongous regions: 0->0
[2025-05-24T09:56:27.724+0000][69][info ][gc,metaspace] GC(23) Metaspace: 143363K(148416K)->143363K(148416K) NonClass: 124336K(127104K)->124336K(127104K) Class: 19027K(21312K)->19027K(21312K)
[2025-05-24T09:56:27.725+0000][69][info ][gc          ] GC(23) Pause Young (Normal) (G1 Evacuation Pause) 2423M->103M(3880M) 157.066ms
[2025-05-24T09:56:27.726+0000][69][info ][gc,cpu      ] GC(23) User=0.95s Sys=0.00s Real=0.15s
[2025-05-24T09:56:27.727+0000][69][info ][safepoint   ] Safepoint "G1CollectForAllocation", Time since last: 105781091782 ns, Reaching safepoint: 34737 ns, Cleanup: 8187 ns, At safepoint: 161254086 ns, Total: 161297010 ns
[2025-05-24T09:56:47.869+0000][69][info ][safepoint   ] Safepoint "Cleanup", Time since last: 20144798921 ns, Reaching safepoint: 32006 ns, Cleanup: 18598 ns, At safepoint: 17774 ns, Total: 68378 ns
[2025-05-24T09:58:48.593+0000][69][info ][safepoint   ] Safepoint "Cleanup", Time since last: 120734556121 ns, Reaching safepoint: 7651 ns, Cleanup: 10323 ns, At safepoint: 13042 ns, Total: 31016 ns
[2025-05-24T09:58:50.254+0000][69][info ][safepoint   ] Safepoint "Cleanup", Time since last: 1660679521 ns, Reaching safepoint: 18904 ns, Cleanup: 15477 ns, At safepoint: 8816 ns, Total: 43197 ns
[2025-05-24T09:58:58.256+0000][69][info ][safepoint   ] Safepoint "Cleanup", Time since last: 8001757204 ns, Reaching safepoint: 77425 ns, Cleanup: 21308 ns, At safepoint: 21089 ns, Total: 119822 ns
[2025-05-24T09:59:37.350+0000][69][info ][safepoint   ] Safepoint "Cleanup", Time since last: 39097834659 ns, Reaching safepoint: 408933 ns, Cleanup: 16003 ns, At safepoint: 161371 ns, Total: 586307 ns
[2025-05-24T09:59:38.357+0000][69][info ][safepoint   ] Safepoint "Cleanup", Time since last: 1007794265 ns, Reaching safepoint: 7102 ns, Cleanup: 16649 ns, At safepoint: 12212 ns, Total: 35963 ns
[2025-05-24T10:00:54.402+0000][69][info ][safepoint   ] Safepoint "Cleanup", Time since last: 76049256443 ns, Reaching safepoint: 35834 ns, Cleanup: 17443 ns, At safepoint: 18064 ns, Total: 71341 ns
[2025-05-24T10:01:24.406+0000][69][info ][safepoint   ] Safepoint "Cleanup", Time since last: 30006592738 ns, Reaching safepoint: 69490 ns, Cleanup: 18073 ns, At safepoint: 14380 ns, Total: 101943 ns
[2025-05-24T10:01:42.622+0000][69][info ][safepoint   ] Safepoint "Cleanup", Time since last: 18218842030 ns, Reaching safepoint: 6473 ns, Cleanup: 9674 ns, At safepoint: 13151 ns, Total: 29298 ns
[2025-05-24T10:02:46.516+0000][69][info ][safepoint   ] Safepoint "Cleanup", Time since last: 63898713269 ns, Reaching safepoint: 14987 ns, Cleanup: 10305 ns, At safepoint: 12944 ns, Total: 38236 ns
[2025-05-24T10:03:44.142+0000][69][info ][safepoint   ] Safepoint "Cleanup", Time since last: 57630625762 ns, Reaching safepoint: 36434 ns, Cleanup: 19490 ns, At safepoint: 21830 ns, Total: 77754 ns
[2025-05-24T10:04:52.690+0000][69][info ][safepoint   ] Safepoint "Cleanup", Time since last: 68552260316 ns, Reaching safepoint: 18389 ns, Cleanup: 10049 ns, At safepoint: 31087 ns, Total: 59525 ns
[2025-05-24T10:04:53.698+0000][69][info ][safepoint   ] Safepoint "Cleanup", Time since last: 1008503826 ns, Reaching safepoint: 17789 ns, Cleanup: 19397 ns, At safepoint: 18664 ns, Total: 55850 ns
[2025-05-24T10:04:54.703+0000][69][info ][safepoint   ] Safepoint "Cleanup", Time since last: 1004299777 ns, Reaching safepoint: 20008 ns, Cleanup: 14619 ns, At safepoint: 22992 ns, Total: 57619 ns
[2025-05-24T10:05:54.600+0000][69][info ][safepoint   ] Safepoint "Cleanup", Time since last: 59901710531 ns, Reaching safepoint: 15106 ns, Cleanup: 11183 ns, At safepoint: 16813 ns, Total: 43102 ns
[2025-05-24T10:06:20.760+0000][69][info ][safepoint   ] Safepoint "Cleanup", Time since last: 26162263034 ns, Reaching safepoint: 40239 ns, Cleanup: 20429 ns, At safepoint: 101762 ns, Total: 162430 ns
[2025-05-24T10:06:21.760+0000][69][info ][safepoint   ] Safepoint "Cleanup", Time since last: 1000690723 ns, Reaching safepoint: 32479 ns, Cleanup: 17835 ns, At safepoint: 19588 ns, Total: 69902 ns
[2025-05-24T10:07:01.810+0000][69][info ][safepoint   ] Safepoint "Cleanup", Time since last: 40052754347 ns, Reaching safepoint: 20462 ns, Cleanup: 13471 ns, At safepoint: 9115 ns, Total: 43048 ns
[2025-05-24T10:09:10.975+0000][69][info ][safepoint   ] Safepoint "Cleanup", Time since last: 129176589162 ns, Reaching safepoint: 43200 ns, Cleanup: 15865 ns, At safepoint: 21514 ns, Total: 80579 ns
[2025-05-24T10:10:14.071+0000][69][info ][safepoint   ] Safepoint "Cleanup", Time since last: 63101105880 ns, Reaching safepoint: 36386 ns, Cleanup: 18397 ns, At safepoint: 21323 ns, Total: 76106 ns
[2025-05-24T10:10:43.405+0000][69][info ][safepoint   ] Safepoint "Cleanup", Time since last: 29335857716 ns, Reaching safepoint: 36519 ns, Cleanup: 20773 ns, At safepoint: 19655 ns, Total: 76947 ns
[2025-05-24T10:11:21.121+0000][69][info ][safepoint   ] Safepoint "Cleanup", Time since last: 37717786814 ns, Reaching safepoint: 36830 ns, Cleanup: 19474 ns, At safepoint: 73636 ns, Total: 129940 ns
[2025-05-24T10:11:41.445+0000][69][info ][safepoint   ] Safepoint "Cleanup", Time since last: 20327430764 ns, Reaching safepoint: 135426 ns, Cleanup: 26111 ns, At safepoint: 25957 ns, Total: 187494 ns
[2025-05-24T10:11:43.447+0000][69][info ][safepoint   ] Safepoint "Cleanup", Time since last: 2001782676 ns, Reaching safepoint: 75807 ns, Cleanup: 19619 ns, At safepoint: 37113 ns, Total: 132539 ns
[2025-05-24T10:12:45.629+0000][69][info ][safepoint   ] Safepoint "Cleanup", Time since last: 62186261254 ns, Reaching safepoint: 911333 ns, Cleanup: 23541 ns, At safepoint: 222165 ns, Total: 1157039 ns
[2025-05-24T10:12:57.583+0000][69][info ][safepoint   ] Safepoint "Cleanup", Time since last: 11953644214 ns, Reaching safepoint: 37918 ns, Cleanup: 20803 ns, At safepoint: 82979 ns, Total: 141700 ns
[2025-05-24T10:13:41.520+0000][69][info ][safepoint   ] Safepoint "Cleanup", Time since last: 43941667414 ns, Reaching safepoint: 37284 ns, Cleanup: 18140 ns, At safepoint: 18887 ns, Total: 74311 ns
[2025-05-24T10:13:58.298+0000][69][info ][safepoint   ] Safepoint "Cleanup", Time since last: 16777920875 ns, Reaching safepoint: 67453 ns, Cleanup: 16624 ns, At safepoint: 19739 ns, Total: 103816 ns
[2025-05-24T10:14:12.767+0000][69][info ][safepoint   ] Safepoint "Cleanup", Time since last: 14470439812 ns, Reaching safepoint: 388291 ns, Cleanup: 18022 ns, At safepoint: 157384 ns, Total: 563697 ns
[2025-05-24T10:14:13.791+0000][69][info ][safepoint   ] Safepoint "Cleanup", Time since last: 1023957146 ns, Reaching safepoint: 252325 ns, Cleanup: 15446 ns, At safepoint: 71313 ns, Total: 339084 ns
[2025-05-24T10:15:39.534+0000][69][info ][safepoint   ] Safepoint "Cleanup", Time since last: 85750694933 ns, Reaching safepoint: 166039 ns, Cleanup: 19321 ns, At safepoint: 31276 ns, Total: 216636 ns
[2025-05-24T10:16:22.557+0000][69][info ][safepoint   ] Safepoint "Cleanup", Time since last: 43025216549 ns, Reaching safepoint: 17895 ns, Cleanup: 13177 ns, At safepoint: 65792 ns, Total: 96864 ns
[2025-05-24T10:16:51.642+0000][69][info ][safepoint   ] Safepoint "Cleanup", Time since last: 29086835309 ns, Reaching safepoint: 29462 ns, Cleanup: 142099 ns, At safepoint: 71914 ns, Total: 243475 ns
[2025-05-24T10:18:27.575+0000][69][info ][safepoint   ] Safepoint "Cleanup", Time since last: 95941021811 ns, Reaching safepoint: 10769 ns, Cleanup: 9177 ns, At safepoint: 12248 ns, Total: 32194 ns
[2025-05-24T10:19:00.797+0000][69][info ][safepoint   ] Safepoint "Cleanup", Time since last: 33224165846 ns, Reaching safepoint: 192469 ns, Cleanup: 17625 ns, At safepoint: 36927 ns, Total: 247021 ns
[2025-05-24T10:19:30.934+0000][69][info ][safepoint   ] Safepoint "Cleanup", Time since last: 30137135273 ns, Reaching safepoint: 2257852 ns, Cleanup: 22135 ns, At safepoint: 200379 ns, Total: 2480366 ns
[2025-05-24T10:19:31.946+0000][69][info ][safepoint   ] Safepoint "Cleanup", Time since last: 1012026129 ns, Reaching safepoint: 16492 ns, Cleanup: 15714 ns, At safepoint: 13321 ns, Total: 45527 ns
[2025-05-24T10:19:38.949+0000][69][info ][safepoint   ] Safepoint "Cleanup", Time since last: 7005281585 ns, Reaching safepoint: 73322 ns, Cleanup: 17905 ns, At safepoint: 35934 ns, Total: 127161 ns
[2025-05-24T10:20:33.567+0000][69][info ][safepoint   ] Safepoint "Cleanup", Time since last: 54620489372 ns, Reaching safepoint: 8153 ns, Cleanup: 8902 ns, At safepoint: 3164 ns, Total: 20219 ns
[2025-05-24T10:20:34.993+0000][69][info ][safepoint   ] Safepoint "Cleanup", Time since last: 1425525012 ns, Reaching safepoint: 36070 ns, Cleanup: 18121 ns, At safepoint: 20021 ns, Total: 74212 ns
[2025-05-24T10:21:02.841+0000][69][info ][safepoint   ] Safepoint "Cleanup", Time since last: 27850512959 ns, Reaching safepoint: 171460 ns, Cleanup: 21350 ns, At safepoint: 28137 ns, Total: 220947 ns
[2025-05-24T10:21:36.582+0000][69][info ][safepoint   ] Safepoint "Cleanup", Time since last: 33745775226 ns, Reaching safepoint: 90937 ns, Cleanup: 10761 ns, At safepoint: 38002 ns, Total: 139700 ns
[2025-05-24T10:22:28.881+0000][69][info ][safepoint   ] Safepoint "Cleanup", Time since last: 52301282104 ns, Reaching safepoint: 47940 ns, Cleanup: 20026 ns, At safepoint: 20412 ns, Total: 88378 ns
[2025-05-24T10:22:40.076+0000][69][info ][safepoint   ] Safepoint "Cleanup", Time since last: 11196724561 ns, Reaching safepoint: 24399 ns, Cleanup: 16388 ns, At safepoint: 93553 ns, Total: 134340 ns
[2025-05-24T10:23:41.917+0000][69][info ][safepoint   ] Safepoint "Cleanup", Time since last: 61846340789 ns, Reaching safepoint: 83491 ns, Cleanup: 73903 ns, At safepoint: 18366 ns, Total: 175760 ns
[2025-05-24T10:23:43.131+0000][69][info ][safepoint   ] Safepoint "Cleanup", Time since last: 1214441576 ns, Reaching safepoint: 19319 ns, Cleanup: 23870 ns, At safepoint: 15792 ns, Total: 58981 ns
[2025-05-24T10:24:03.559+0000][69][info ][safepoint   ] Safepoint "Cleanup", Time since last: 20428171159 ns, Reaching safepoint: 17175 ns, Cleanup: 8388 ns, At safepoint: 15750 ns, Total: 41313 ns
[2025-05-24T10:24:27.778+0000][69][info ][safepoint   ] Safepoint "Cleanup", Time since last: 24220991548 ns, Reaching safepoint: 15544 ns, Cleanup: 10677 ns, At safepoint: 19168 ns, Total: 45389 ns
[2025-05-24T10:25:36.308+0000][69][info ][safepoint   ] Safepoint "Cleanup", Time since last: 68534570147 ns, Reaching safepoint: 230055 ns, Cleanup: 27673 ns, At safepoint: 21954 ns, Total: 279682 ns
[2025-05-24T10:27:42.094+0000][69][info ][safepoint   ] Safepoint "Cleanup", Time since last: 125798829934 ns, Reaching safepoint: 25155 ns, Cleanup: 16532 ns, At safepoint: 11443 ns, Total: 53130 ns
[2025-05-24T10:27:54.606+0000][69][info ][safepoint   ] Safepoint "Cleanup", Time since last: 12511986018 ns, Reaching safepoint: 16116 ns, Cleanup: 14422 ns, At safepoint: 38572 ns, Total: 69110 ns
[2025-05-24T10:28:58.478+0000][69][info ][safepoint   ] Safepoint "Cleanup", Time since last: 63876854206 ns, Reaching safepoint: 15518 ns, Cleanup: 12302 ns, At safepoint: 21188 ns, Total: 49008 ns
[2025-05-24T10:29:27.769+0000][69][info ][safepoint   ] Safepoint "Cleanup", Time since last: 29295002846 ns, Reaching safepoint: 8013 ns, Cleanup: 7053 ns, At safepoint: 23641 ns, Total: 38707 ns
[2025-05-24T10:29:29.494+0000][69][info ][safepoint   ] Safepoint "Cleanup", Time since last: 1724730332 ns, Reaching safepoint: 38293 ns, Cleanup: 27057 ns, At safepoint: 22740 ns, Total: 88090 ns
[2025-05-24T10:29:58.167+0000][69][info ][safepoint   ] Safepoint "Cleanup", Time since last: 28673750393 ns, Reaching safepoint: 60146 ns, Cleanup: 16203 ns, At safepoint: 14873 ns, Total: 91222 ns
[2025-05-24T10:30:01.612+0000][69][info ][safepoint   ] Safepoint "Cleanup", Time since last: 3445254796 ns, Reaching safepoint: 30249 ns, Cleanup: 13493 ns, At safepoint: 68571 ns, Total: 112313 ns
[2025-05-24T10:31:21.739+0000][69][info ][safepoint   ] Safepoint "Cleanup", Time since last: 80134151322 ns, Reaching safepoint: 47492 ns, Cleanup: 20623 ns, At safepoint: 17803 ns, Total: 85918 ns
[2025-05-24T10:31:54.583+0000][69][info ][safepoint   ] Safepoint "Cleanup", Time since last: 32844300875 ns, Reaching safepoint: 2239245 ns, Cleanup: 21963 ns, At safepoint: 214272 ns, Total: 2475480 ns
[2025-05-24T10:32:06.620+0000][69][info ][safepoint   ] Safepoint "Cleanup", Time since last: 12039966333 ns, Reaching safepoint: 32544 ns, Cleanup: 12282 ns, At safepoint: 37996 ns, Total: 82822 ns
[2025-05-24T10:33:41.408+0000][69][info ][safepoint   ] Safepoint "Cleanup", Time since last: 94794964824 ns, Reaching safepoint: 41274 ns, Cleanup: 21596 ns, At safepoint: 15718 ns, Total: 78588 ns
[2025-05-24T10:34:09.759+0000][69][info ][safepoint   ] Safepoint "Cleanup", Time since last: 28352968511 ns, Reaching safepoint: 18894 ns, Cleanup: 21502 ns, At safepoint: 97363 ns, Total: 137759 ns
[2025-05-24T10:34:12.562+0000][69][info ][safepoint   ] Safepoint "Cleanup", Time since last: 2802642041 ns, Reaching safepoint: 6660 ns, Cleanup: 9334 ns, At safepoint: 12856 ns, Total: 28850 ns
[2025-05-24T10:34:32.135+0000][69][info ][safepoint   ] Safepoint "Cleanup", Time since last: 19572923781 ns, Reaching safepoint: 61045 ns, Cleanup: 16170 ns, At safepoint: 14804 ns, Total: 92019 ns
[2025-05-24T10:34:54.449+0000][69][info ][safepoint   ] Safepoint "Cleanup", Time since last: 22316619860 ns, Reaching safepoint: 54732 ns, Cleanup: 16121 ns, At safepoint: 12458 ns, Total: 83311 ns
[2025-05-24T10:35:28.194+0000][69][info ][safepoint   ] Safepoint "Cleanup", Time since last: 33747732650 ns, Reaching safepoint: 32059 ns, Cleanup: 17183 ns, At safepoint: 18361 ns, Total: 67603 ns
[2025-05-24T10:35:42.485+0000][69][info ][safepoint   ] Safepoint "Cleanup", Time since last: 14293543671 ns, Reaching safepoint: 19554 ns, Cleanup: 14456 ns, At safepoint: 9064 ns, Total: 43074 ns
[2025-05-24T10:36:18.566+0000][69][info ][safepoint   ] Safepoint "Cleanup", Time since last: 36083533362 ns, Reaching safepoint: 7689 ns, Cleanup: 8247 ns, At safepoint: 11557 ns, Total: 27493 ns
[2025-05-24T10:36:20.242+0000][69][info ][safepoint   ] Safepoint "Cleanup", Time since last: 1675879655 ns, Reaching safepoint: 35376 ns, Cleanup: 20624 ns, At safepoint: 19864 ns, Total: 75864 ns
[2025-05-24T10:36:33.245+0000][69][info ][safepoint   ] Safepoint "Cleanup", Time since last: 13003001193 ns, Reaching safepoint: 69966 ns, Cleanup: 22808 ns, At safepoint: 33130 ns, Total: 125904 ns
[2025-05-24T10:36:41.245+0000][69][info ][safepoint   ] Safepoint "Cleanup", Time since last: 8002065779 ns, Reaching safepoint: 35031 ns, Cleanup: 20133 ns, At safepoint: 20342 ns, Total: 75506 ns
[2025-05-24T10:37:18.778+0000][69][info ][safepoint   ] Safepoint "Cleanup", Time since last: 37535207683 ns, Reaching safepoint: 27748 ns, Cleanup: 12801 ns, At safepoint: 67870 ns, Total: 108419 ns
[2025-05-24T10:37:20.298+0000][69][info ][safepoint   ] Safepoint "Cleanup", Time since last: 1519922757 ns, Reaching safepoint: 33959 ns, Cleanup: 20617 ns, At safepoint: 20017 ns, Total: 74593 ns
[2025-05-24T10:37:41.565+0000][69][info ][safepoint   ] Safepoint "Cleanup", Time since last: 21268976151 ns, Reaching safepoint: 59440 ns, Cleanup: 17533 ns, At safepoint: 16147 ns, Total: 93120 ns
[2025-05-24T10:38:21.711+0000][69][info ][safepoint   ] Safepoint "Cleanup", Time since last: 40148322722 ns, Reaching safepoint: 215170 ns, Cleanup: 14123 ns, At safepoint: 47396 ns, Total: 276689 ns
[2025-05-24T10:38:23.343+0000][69][info ][safepoint   ] Safepoint "Cleanup", Time since last: 1632604092 ns, Reaching safepoint: 20905 ns, Cleanup: 17444 ns, At safepoint: 9739 ns, Total: 48088 ns
[2025-05-24T10:39:26.422+0000][69][info ][safepoint   ] Safepoint "Cleanup", Time since last: 63083668317 ns, Reaching safepoint: 35208 ns, Cleanup: 18954 ns, At safepoint: 20338 ns, Total: 74500 ns
[2025-05-24T10:39:27.446+0000][69][info ][safepoint   ] Safepoint "Cleanup", Time since last: 1023215427 ns, Reaching safepoint: 27881 ns, Cleanup: 15978 ns, At safepoint: 12915 ns, Total: 56774 ns
[2025-05-24T10:39:41.446+0000][69][info ][safepoint   ] Safepoint "Cleanup", Time since last: 14002701164 ns, Reaching safepoint: 57233 ns, Cleanup: 15887 ns, At safepoint: 12291 ns, Total: 85411 ns
[2025-05-24T10:39:54.639+0000][69][info ][safepoint   ] Safepoint "Cleanup", Time since last: 13193304725 ns, Reaching safepoint: 86520 ns, Cleanup: 14975 ns, At safepoint: 12139 ns, Total: 113634 ns
[2025-05-24T10:40:27.711+0000][69][info ][safepoint   ] Safepoint "Cleanup", Time since last: 33074309905 ns, Reaching safepoint: 9188 ns, Cleanup: 9962 ns, At safepoint: 13046 ns, Total: 32196 ns
[2025-05-24T10:40:29.499+0000][69][info ][safepoint   ] Safepoint "Cleanup", Time since last: 1787443240 ns, Reaching safepoint: 15719 ns, Cleanup: 27839 ns, At safepoint: 19531 ns, Total: 63089 ns
[2025-05-24T10:41:02.675+0000][69][info ][safepoint   ] Safepoint "Cleanup", Time since last: 33178450040 ns, Reaching safepoint: 53226 ns, Cleanup: 17493 ns, At safepoint: 10939 ns, Total: 81658 ns
[2025-05-24T10:41:31.540+0000][69][info ][safepoint   ] Safepoint "Cleanup", Time since last: 28867282856 ns, Reaching safepoint: 26845 ns, Cleanup: 14716 ns, At safepoint: 141952 ns, Total: 183513 ns
[2025-05-24T10:42:15.702+0000][69][info ][safepoint   ] Safepoint "Cleanup", Time since last: 44166950133 ns, Reaching safepoint: 21547 ns, Cleanup: 82838 ns, At safepoint: 26411 ns, Total: 130796 ns
[2025-05-24T10:42:17.584+0000][69][info ][safepoint   ] Safepoint "Cleanup", Time since last: 1882441528 ns, Reaching safepoint: 38267 ns, Cleanup: 37376 ns, At safepoint: 21238 ns, Total: 96881 ns
[2025-05-24T10:42:19.555+0000][69][info ][safepoint   ] Safepoint "Cleanup", Time since last: 1970655329 ns, Reaching safepoint: 21977 ns, Cleanup: 14451 ns, At safepoint: 10962 ns, Total: 47390 ns
[2025-05-24T10:42:24.771+0000][69][info ][safepoint   ] Safepoint "Cleanup", Time since last: 5215486791 ns, Reaching safepoint: 16573 ns, Cleanup: 20180 ns, At safepoint: 82743 ns, Total: 119496 ns
[2025-05-24T10:42:26.634+0000][69][info ][safepoint   ] Safepoint "Cleanup", Time since last: 1863245133 ns, Reaching safepoint: 33247 ns, Cleanup: 18207 ns, At safepoint: 18150 ns, Total: 69604 ns
[2025-05-24T10:42:33.707+0000][69][info ][safepoint   ] Safepoint "Cleanup", Time since last: 7072585809 ns, Reaching safepoint: 7101 ns, Cleanup: 8252 ns, At safepoint: 13125 ns, Total: 28478 ns
[2025-05-24T10:42:34.708+0000][69][info ][safepoint   ] Safepoint "Cleanup", Time since last: 1001619438 ns, Reaching safepoint: 19120 ns, Cleanup: 21334 ns, At safepoint: 188088 ns, Total: 228542 ns
[2025-05-24T10:42:35.719+0000][69][info ][safepoint   ] Safepoint "Cleanup", Time since last: 1010736272 ns, Reaching safepoint: 25747 ns, Cleanup: 16076 ns, At safepoint: 11131 ns, Total: 52954 ns
[2025-05-24T10:42:44.744+0000][69][info ][safepoint   ] Safepoint "Cleanup", Time since last: 9027694288 ns, Reaching safepoint: 25611 ns, Cleanup: 15732 ns, At safepoint: 10792 ns, Total: 52135 ns
[2025-05-24T10:43:36.763+0000][69][info ][safepoint   ] Safepoint "Cleanup", Time since last: 52022968746 ns, Reaching safepoint: 15654 ns, Cleanup: 10005 ns, At safepoint: 19357 ns, Total: 45016 ns
[2025-05-24T10:43:54.675+0000][69][info ][gc,start    ] GC(24) Pause Young (Concurrent Start) (G1 Evacuation Pause)
[2025-05-24T10:43:54.681+0000][69][info ][gc,task     ] GC(24) Using 10 workers of 10 for evacuation
[2025-05-24T10:43:54.682+0000][69][debug][gc,age      ] GC(24) Desired survivor size 153092096 bytes, new threshold 15 (max threshold 15)
[2025-05-24T10:43:54.909+0000][69][info ][gc,mmu      ] GC(24) MMU target violated: 201.0ms (200.0ms/201.0ms)
[2025-05-24T10:43:54.910+0000][69][info ][gc,phases   ] GC(24)   Pre Evacuate Collection Set: 17.58ms
[2025-05-24T10:43:54.911+0000][69][info ][gc,phases   ] GC(24)   Merge Heap Roots: 3.04ms
[2025-05-24T10:43:54.911+0000][69][info ][gc,phases   ] GC(24)   Evacuate Collection Set: 187.30ms
[2025-05-24T10:43:54.911+0000][69][info ][gc,phases   ] GC(24)   Post Evacuate Collection Set: 15.81ms
[2025-05-24T10:43:54.912+0000][69][info ][gc,phases   ] GC(24)   Other: 7.84ms
[2025-05-24T10:43:54.913+0000][69][trace][gc,age      ] GC(24) Age table with threshold 15 (max threshold 15)
[2025-05-24T10:43:54.913+0000][69][trace][gc,age      ] GC(24) - age   1:    1127360 bytes,    1127360 total
[2025-05-24T10:43:54.913+0000][69][trace][gc,age      ] GC(24) - age   2:     471512 bytes,    1598872 total
[2025-05-24T10:43:54.914+0000][69][trace][gc,age      ] GC(24) - age   3:     530184 bytes,    2129056 total
[2025-05-24T10:43:54.914+0000][69][trace][gc,age      ] GC(24) - age   4:      73112 bytes,    2202168 total
[2025-05-24T10:43:54.915+0000][69][trace][gc,age      ] GC(24) - age   5:     239016 bytes,    2441184 total
[2025-05-24T10:43:54.915+0000][69][trace][gc,age      ] GC(24) - age   6:     145944 bytes,    2587128 total
[2025-05-24T10:43:54.915+0000][69][trace][gc,age      ] GC(24) - age   7:     165688 bytes,    2752816 total
[2025-05-24T10:43:54.916+0000][69][trace][gc,age      ] GC(24) - age   8:     135064 bytes,    2887880 total
[2025-05-24T10:43:54.916+0000][69][trace][gc,age      ] GC(24) - age   9:     448592 bytes,    3336472 total
[2025-05-24T10:43:54.917+0000][69][trace][gc,age      ] GC(24) - age  10:      40704 bytes,    3377176 total
[2025-05-24T10:43:54.917+0000][69][trace][gc,age      ] GC(24) - age  11:     593392 bytes,    3970568 total
[2025-05-24T10:43:54.918+0000][69][trace][gc,age      ] GC(24) - age  12:     594680 bytes,    4565248 total
[2025-05-24T10:43:54.918+0000][69][info ][gc,heap     ] GC(24) Eden regions: 580->0(580)
[2025-05-24T10:43:54.918+0000][69][info ][gc,heap     ] GC(24) Survivor regions: 2->2(73)
[2025-05-24T10:43:54.919+0000][69][info ][gc,heap     ] GC(24) Old regions: 25->25
[2025-05-24T10:43:54.919+0000][69][info ][gc,heap     ] GC(24) Humongous regions: 0->0
[2025-05-24T10:43:54.920+0000][69][info ][gc,metaspace] GC(24) Metaspace: 143550K(148480K)->143550K(148480K) NonClass: 124522K(127168K)->124522K(127168K) Class: 19027K(21312K)->19027K(21312K)
[2025-05-24T10:43:54.921+0000][69][info ][gc          ] GC(24) Pause Young (Concurrent Start) (G1 Evacuation Pause) 2423M->104M(3880M) 245.862ms
[2025-05-24T10:43:54.922+0000][69][info ][gc,cpu      ] GC(24) User=1.13s Sys=0.00s Real=0.25s
[2025-05-24T10:43:54.922+0000][69][info ][safepoint   ] Safepoint "G1CollectForAllocation", Time since last: 17908150964 ns, Reaching safepoint: 33771 ns, Cleanup: 7101 ns, At safepoint: 251623839 ns, Total: 251664711 ns
[2025-05-24T10:43:54.923+0000][69][info ][gc          ] GC(25) Concurrent Mark Cycle
[2025-05-24T10:43:54.925+0000][69][info ][gc,marking  ] GC(25) Concurrent Scan Root Regions
[2025-05-24T10:43:55.192+0000][69][info ][gc,marking  ] GC(25) Concurrent Scan Root Regions 267.085ms
[2025-05-24T10:43:55.193+0000][69][info ][gc,marking  ] GC(25) Concurrent Mark
[2025-05-24T10:43:55.193+0000][69][info ][gc,marking  ] GC(25) Concurrent Mark From Roots
[2025-05-24T10:43:55.194+0000][69][info ][gc,task     ] GC(25) Using 3 workers of 3 for marking
[2025-05-24T10:43:55.847+0000][69][info ][gc,marking  ] GC(25) Concurrent Mark From Roots 653.882ms
[2025-05-24T10:43:55.848+0000][69][info ][gc,marking  ] GC(25) Concurrent Preclean
[2025-05-24T10:43:55.849+0000][69][info ][gc,marking  ] GC(25) Concurrent Preclean 1.768ms
[2025-05-24T10:43:55.850+0000][69][info ][gc,start    ] GC(25) Pause Remark
[2025-05-24T10:43:57.175+0000][69][info ][gc,mmu      ] GC(25) MMU target violated: 201.0ms (200.0ms/201.0ms)
[2025-05-24T10:43:57.176+0000][69][info ][gc          ] GC(25) Pause Remark 117M->117M(3880M) 1325.603ms
[2025-05-24T10:43:57.176+0000][69][info ][gc,cpu      ] GC(25) User=11.70s Sys=0.00s Real=1.33s
[2025-05-24T10:43:57.178+0000][69][info ][safepoint   ] Safepoint "G1PauseRemark", Time since last: 927629333 ns, Reaching safepoint: 34582 ns, Cleanup: 7306 ns, At safepoint: 1327487916 ns, Total: 1327529804 ns
[2025-05-24T10:43:57.178+0000][69][info ][gc,marking  ] GC(25) Concurrent Mark 1985.474ms
[2025-05-24T10:43:57.179+0000][69][info ][gc,marking  ] GC(25) Concurrent Rebuild Remembered Sets and Scrub Regions
[2025-05-24T10:43:57.294+0000][69][info ][gc,marking  ] GC(25) Concurrent Rebuild Remembered Sets and Scrub Regions 114.824ms
[2025-05-24T10:43:57.298+0000][69][info ][gc,start    ] GC(25) Pause Cleanup
[2025-05-24T10:43:57.299+0000][69][info ][gc          ] GC(25) Pause Cleanup 117M->117M(3880M) 0.697ms
[2025-05-24T10:43:57.299+0000][69][info ][gc,cpu      ] GC(25) User=0.00s Sys=0.00s Real=0.00s
[2025-05-24T10:43:57.300+0000][69][info ][safepoint   ] Safepoint "G1PauseCleanup", Time since last: 116835170 ns, Reaching safepoint: 2258838 ns, Cleanup: 1408536 ns, At safepoint: 1592670 ns, Total: 5260044 ns
[2025-05-24T10:43:57.300+0000][69][info ][gc,marking  ] GC(25) Concurrent Clear Claimed Marks
[2025-05-24T10:43:57.301+0000][69][info ][gc,marking  ] GC(25) Concurrent Clear Claimed Marks 0.673ms
[2025-05-24T10:43:57.301+0000][69][info ][gc,marking  ] GC(25) Concurrent Cleanup for Next Mark
[2025-05-24T10:43:57.373+0000][69][info ][gc,marking  ] GC(25) Concurrent Cleanup for Next Mark 71.679ms
[2025-05-24T10:43:57.373+0000][69][info ][gc          ] GC(25) Concurrent Mark Cycle 2450.370ms
[2025-05-24T10:44:12.693+0000][69][info ][safepoint   ] Safepoint "Cleanup", Time since last: 15395218276 ns, Reaching safepoint: 31174 ns, Cleanup: 14580 ns, At safepoint: 28433 ns, Total: 74187 ns
[2025-05-24T10:45:42.749+0000][69][info ][safepoint   ] Safepoint "Cleanup", Time since last: 90063374253 ns, Reaching safepoint: 46112 ns, Cleanup: 9791 ns, At safepoint: 30687 ns, Total: 86590 ns
[2025-05-24T10:46:23.348+0000][69][info ][safepoint   ] Safepoint "Cleanup", Time since last: 40601924777 ns, Reaching safepoint: 27237 ns, Cleanup: 18779 ns, At safepoint: 11918 ns, Total: 57934 ns
[2025-05-24T10:47:23.450+0000][69][info ][safepoint   ] Safepoint "Cleanup", Time since last: 60106131466 ns, Reaching safepoint: 33566 ns, Cleanup: 23962 ns, At safepoint: 64926 ns, Total: 122454 ns
[2025-05-24T10:49:54.871+0000][69][info ][safepoint   ] Safepoint "Cleanup", Time since last: 151434201147 ns, Reaching safepoint: 20056 ns, Cleanup: 15093 ns, At safepoint: 42494 ns, Total: 77643 ns
[2025-05-24T10:49:56.300+0000][69][info ][safepoint   ] Safepoint "Cleanup", Time since last: 1428710365 ns, Reaching safepoint: 33880 ns, Cleanup: 17123 ns, At safepoint: 19517 ns, Total: 70520 ns
[2025-05-24T10:50:09.202+0000][69][info ][safepoint   ] Safepoint "Cleanup", Time since last: 12904181051 ns, Reaching safepoint: 76451 ns, Cleanup: 19016 ns, At safepoint: 33706 ns, Total: 129173 ns
[2025-05-24T10:50:57.682+0000][69][info ][safepoint   ] Safepoint "Cleanup", Time since last: 48482721563 ns, Reaching safepoint: 8821 ns, Cleanup: 8752 ns, At safepoint: 13141 ns, Total: 30714 ns
[2025-05-24T10:51:41.351+0000][69][info ][safepoint   ] Safepoint "Cleanup", Time since last: 43673192846 ns, Reaching safepoint: 101710 ns, Cleanup: 184785 ns, At safepoint: 52350 ns, Total: 338845 ns
[2025-05-24T10:51:52.367+0000][69][info ][safepoint   ] Safepoint "Cleanup", Time since last: 11016375217 ns, Reaching safepoint: 7087 ns, Cleanup: 11504 ns, At safepoint: 12501 ns, Total: 31092 ns
[2025-05-24T10:52:01.406+0000][69][info ][safepoint   ] Safepoint "Cleanup", Time since last: 9038931105 ns, Reaching safepoint: 14501 ns, Cleanup: 20031 ns, At safepoint: 77514 ns, Total: 112046 ns
[2025-05-24T10:52:02.470+0000][69][info ][safepoint   ] Safepoint "Cleanup", Time since last: 1063755083 ns, Reaching safepoint: 38427 ns, Cleanup: 26049 ns, At safepoint: 20577 ns, Total: 85053 ns
[2025-05-24T10:54:07.527+0000][69][info ][safepoint   ] Safepoint "Cleanup", Time since last: 125073305979 ns, Reaching safepoint: 31662 ns, Cleanup: 15964 ns, At safepoint: 69181 ns, Total: 116807 ns
[2025-05-24T10:55:02.425+0000][69][info ][safepoint   ] Safepoint "Cleanup", Time since last: 54900577527 ns, Reaching safepoint: 53691 ns, Cleanup: 25639 ns, At safepoint: 145367 ns, Total: 224697 ns
[2025-05-24T10:55:10.650+0000][69][info ][safepoint   ] Safepoint "Cleanup", Time since last: 8228026249 ns, Reaching safepoint: 28133 ns, Cleanup: 12948 ns, At safepoint: 69114 ns, Total: 110195 ns
[2025-05-24T10:55:11.690+0000][69][info ][safepoint   ] Safepoint "Cleanup", Time since last: 1039707174 ns, Reaching safepoint: 16134 ns, Cleanup: 17413 ns, At safepoint: 12110 ns, Total: 45657 ns
[2025-05-24T10:55:15.695+0000][69][info ][safepoint   ] Safepoint "Cleanup", Time since last: 4004775555 ns, Reaching safepoint: 146089 ns, Cleanup: 17997 ns, At safepoint: 20672 ns, Total: 184758 ns
[2025-05-24T10:56:12.704+0000][69][info ][safepoint   ] Safepoint "Cleanup", Time since last: 57015389234 ns, Reaching safepoint: 27160 ns, Cleanup: 16142 ns, At safepoint: 97980 ns, Total: 141282 ns
[2025-05-24T10:56:13.716+0000][69][info ][safepoint   ] Safepoint "Cleanup", Time since last: 1011592180 ns, Reaching safepoint: 14485 ns, Cleanup: 13754 ns, At safepoint: 17918 ns, Total: 46157 ns
[2025-05-24T10:57:51.553+0000][69][info ][gc,start    ] GC(26) Pause Young (Prepare Mixed) (G1 Evacuation Pause)
[2025-05-24T10:57:51.554+0000][69][info ][gc,task     ] GC(26) Using 10 workers of 10 for evacuation
[2025-05-24T10:57:51.555+0000][69][debug][gc,age      ] GC(26) Desired survivor size 46137344 bytes, new threshold 15 (max threshold 15)
[2025-05-24T10:57:51.613+0000][69][info ][gc,phases   ] GC(26)   Pre Evacuate Collection Set: 7.99ms
[2025-05-24T10:57:51.614+0000][69][info ][gc,phases   ] GC(26)   Merge Heap Roots: 1.73ms
[2025-05-24T10:57:51.614+0000][69][info ][gc,phases   ] GC(26)   Evacuate Collection Set: 39.69ms
[2025-05-24T10:57:51.615+0000][69][info ][gc,phases   ] GC(26)   Post Evacuate Collection Set: 7.80ms
[2025-05-24T10:57:51.615+0000][69][info ][gc,phases   ] GC(26)   Other: 2.25ms
[2025-05-24T10:57:51.616+0000][69][trace][gc,age      ] GC(26) Age table with threshold 15 (max threshold 15)
[2025-05-24T10:57:51.617+0000][69][trace][gc,age      ] GC(26) - age   1:    1075456 bytes,    1075456 total
[2025-05-24T10:57:51.617+0000][69][trace][gc,age      ] GC(26) - age   2:     423912 bytes,    1499368 total
[2025-05-24T10:57:51.618+0000][69][trace][gc,age      ] GC(26) - age   3:     360584 bytes,    1859952 total
[2025-05-24T10:57:51.618+0000][69][trace][gc,age      ] GC(26) - age   4:     513792 bytes,    2373744 total
[2025-05-24T10:57:51.619+0000][69][trace][gc,age      ] GC(26) - age   5:      73112 bytes,    2446856 total
[2025-05-24T10:57:51.619+0000][69][trace][gc,age      ] GC(26) - age   6:     222544 bytes,    2669400 total
[2025-05-24T10:57:51.620+0000][69][trace][gc,age      ] GC(26) - age   7:     144776 bytes,    2814176 total
[2025-05-24T10:57:51.620+0000][69][trace][gc,age      ] GC(26) - age   8:     165240 bytes,    2979416 total
[2025-05-24T10:57:51.621+0000][69][trace][gc,age      ] GC(26) - age   9:     135048 bytes,    3114464 total
[2025-05-24T10:57:51.622+0000][69][trace][gc,age      ] GC(26) - age  10:     448592 bytes,    3563056 total
[2025-05-24T10:57:51.622+0000][69][trace][gc,age      ] GC(26) - age  11:      40704 bytes,    3603760 total
[2025-05-24T10:57:51.623+0000][69][trace][gc,age      ] GC(26) - age  12:     593392 bytes,    4197152 total
[2025-05-24T10:57:51.623+0000][69][trace][gc,age      ] GC(26) - age  13:     594680 bytes,    4791832 total
[2025-05-24T10:57:51.624+0000][69][info ][gc,heap     ] GC(26) Eden regions: 174->0(571)
[2025-05-24T10:57:51.627+0000][69][info ][gc,heap     ] GC(26) Survivor regions: 2->2(22)
[2025-05-24T10:57:51.627+0000][69][info ][gc,heap     ] GC(26) Old regions: 25->25
[2025-05-24T10:57:51.628+0000][69][info ][gc,heap     ] GC(26) Humongous regions: 0->0
[2025-05-24T10:57:51.628+0000][69][info ][gc,metaspace] GC(26) Metaspace: 143572K(148480K)->143572K(148480K) NonClass: 124545K(127168K)->124545K(127168K) Class: 19027K(21312K)->19027K(21312K)
[2025-05-24T10:57:51.629+0000][69][info ][gc          ] GC(26) Pause Young (Prepare Mixed) (G1 Evacuation Pause) 800M->104M(3880M) 75.960ms
[2025-05-24T10:57:51.629+0000][69][info ][gc,cpu      ] GC(26) User=0.44s Sys=0.00s Real=0.08s
[2025-05-24T10:57:51.629+0000][69][info ][safepoint   ] Safepoint "G1CollectForAllocation", Time since last: 97845654754 ns, Reaching safepoint: 60825 ns, Cleanup: 6239 ns, At safepoint: 77164619 ns, Total: 77231683 ns
[2025-05-24T10:57:57.718+0000][69][info ][safepoint   ] Safepoint "Cleanup", Time since last: 6088518949 ns, Reaching safepoint: 15872 ns, Cleanup: 19684 ns, At safepoint: 86322 ns, Total: 121878 ns
[2025-05-24T10:58:18.640+0000][69][info ][safepoint   ] Safepoint "Cleanup", Time since last: 20924507413 ns, Reaching safepoint: 211575 ns, Cleanup: 17602 ns, At safepoint: 103030 ns, Total: 332207 ns
[2025-05-24T10:59:18.563+0000][69][info ][safepoint   ] Safepoint "Cleanup", Time since last: 59929041047 ns, Reaching safepoint: 73308 ns, Cleanup: 20577 ns, At safepoint: 35372 ns, Total: 129257 ns
[2025-05-24T10:59:21.698+0000][69][info ][safepoint   ] Safepoint "Cleanup", Time since last: 3134378857 ns, Reaching safepoint: 9846 ns, Cleanup: 9708 ns, At safepoint: 4055 ns, Total: 23609 ns
[2025-05-24T10:59:22.956+0000][69][info ][safepoint   ] Safepoint "Cleanup", Time since last: 1258348661 ns, Reaching safepoint: 33774 ns, Cleanup: 29942 ns, At safepoint: 20436 ns, Total: 84152 ns
[2025-05-24T10:59:52.595+0000][69][info ][safepoint   ] Safepoint "Cleanup", Time since last: 29642422785 ns, Reaching safepoint: 34835 ns, Cleanup: 17451 ns, At safepoint: 11442 ns, Total: 63728 ns
[2025-05-24T10:59:57.706+0000][69][info ][safepoint   ] Safepoint "Cleanup", Time since last: 5110731356 ns, Reaching safepoint: 14976 ns, Cleanup: 12642 ns, At safepoint: 20564 ns, Total: 48182 ns
[2025-05-24T10:59:58.747+0000][69][info ][safepoint   ] Safepoint "Cleanup", Time since last: 1040843585 ns, Reaching safepoint: 33501 ns, Cleanup: 17018 ns, At safepoint: 19300 ns, Total: 69819 ns
[2025-05-24T11:00:00.748+0000][69][info ][safepoint   ] Safepoint "Cleanup", Time since last: 2000855201 ns, Reaching safepoint: 27991 ns, Cleanup: 16262 ns, At safepoint: 11804 ns, Total: 56057 ns
[2025-05-24T11:01:21.634+0000][69][info ][safepoint   ] Safepoint "Cleanup", Time since last: 80895212133 ns, Reaching safepoint: 320657 ns, Cleanup: 23920 ns, At safepoint: 104922 ns, Total: 449499 ns
[2025-05-24T11:01:54.665+0000][69][info ][safepoint   ] Safepoint "Cleanup", Time since last: 33033423136 ns, Reaching safepoint: 20794 ns, Cleanup: 14028 ns, At safepoint: 9303 ns, Total: 44125 ns
[2025-05-24T11:04:39.660+0000][69][info ][safepoint   ] Safepoint "Cleanup", Time since last: 165013084157 ns, Reaching safepoint: 21610 ns, Cleanup: 17465 ns, At safepoint: 74372 ns, Total: 113447 ns
[2025-05-24T11:04:41.256+0000][69][info ][safepoint   ] Safepoint "Cleanup", Time since last: 1595593956 ns, Reaching safepoint: 79348 ns, Cleanup: 21522 ns, At safepoint: 19694 ns, Total: 120564 ns
[2025-05-24T11:05:37.021+0000][69][info ][safepoint   ] Safepoint "Cleanup", Time since last: 55771091504 ns, Reaching safepoint: 32870 ns, Cleanup: 15303 ns, At safepoint: 79631 ns, Total: 127804 ns
[2025-05-24T11:05:38.476+0000][69][info ][safepoint   ] Safepoint "Cleanup", Time since last: 1454392606 ns, Reaching safepoint: 33412 ns, Cleanup: 19707 ns, At safepoint: 18732 ns, Total: 71851 ns
[2025-05-24T11:06:40.498+0000][69][info ][safepoint   ] Safepoint "Cleanup", Time since last: 62027459761 ns, Reaching safepoint: 28258 ns, Cleanup: 14358 ns, At safepoint: 73050 ns, Total: 115666 ns
[2025-05-24T11:06:58.872+0000][69][info ][safepoint   ] Safepoint "Cleanup", Time since last: 18374590187 ns, Reaching safepoint: 74294 ns, Cleanup: 16898 ns, At safepoint: 18392 ns, Total: 109584 ns
[2025-05-24T11:07:44.549+0000][69][info ][safepoint   ] Safepoint "Cleanup", Time since last: 45683344144 ns, Reaching safepoint: 27067 ns, Cleanup: 17976 ns, At safepoint: 11112 ns, Total: 56155 ns
[2025-05-24T11:10:51.972+0000][69][info ][safepoint   ] Safepoint "Cleanup", Time since last: 187439433905 ns, Reaching safepoint: 651556 ns, Cleanup: 16445 ns, At safepoint: 176613 ns, Total: 844614 ns
[2025-05-24T11:10:53.771+0000][69][info ][safepoint   ] Safepoint "Cleanup", Time since last: 1798900663 ns, Reaching safepoint: 36373 ns, Cleanup: 20269 ns, At safepoint: 18421 ns, Total: 75063 ns
[2025-05-24T11:11:54.905+0000][69][info ][safepoint   ] Safepoint "Cleanup", Time since last: 61139782493 ns, Reaching safepoint: 27939 ns, Cleanup: 210533 ns, At safepoint: 84553 ns, Total: 323025 ns
[2025-05-24T11:11:56.820+0000][69][info ][safepoint   ] Safepoint "Cleanup", Time since last: 1914920976 ns, Reaching safepoint: 34523 ns, Cleanup: 17715 ns, At safepoint: 19505 ns, Total: 71743 ns
[2025-05-24T11:12:58.849+0000][69][info ][safepoint   ] Safepoint "Cleanup", Time since last: 62033963369 ns, Reaching safepoint: 25898 ns, Cleanup: 15307 ns, At safepoint: 66443 ns, Total: 107648 ns
[2025-05-24T11:14:01.910+0000][69][info ][safepoint   ] Safepoint "Cleanup", Time since last: 63066496627 ns, Reaching safepoint: 20794 ns, Cleanup: 21393 ns, At safepoint: 152939 ns, Total: 195126 ns
[2025-05-24T11:14:43.147+0000][69][info ][safepoint   ] Safepoint "Cleanup", Time since last: 41242353986 ns, Reaching safepoint: 51224 ns, Cleanup: 90357 ns, At safepoint: 13680 ns, Total: 155261 ns
[2025-05-24T11:14:44.996+0000][69][info ][safepoint   ] Safepoint "Cleanup", Time since last: 1849311983 ns, Reaching safepoint: 34915 ns, Cleanup: 21000 ns, At safepoint: 19220 ns, Total: 75135 ns
[2025-05-24T11:15:04.057+0000][69][info ][safepoint   ] Safepoint "Cleanup", Time since last: 19061231956 ns, Reaching safepoint: 22039 ns, Cleanup: 13354 ns, At safepoint: 89716 ns, Total: 125109 ns
[2025-05-24T11:16:57.873+0000][69][info ][safepoint   ] Safepoint "Cleanup", Time since last: 113827493099 ns, Reaching safepoint: 7355 ns, Cleanup: 8586 ns, At safepoint: 3172 ns, Total: 19113 ns
[2025-05-24T11:18:36.295+0000][69][info ][safepoint   ] Safepoint "Cleanup", Time since last: 98429961729 ns, Reaching safepoint: 91709 ns, Cleanup: 124443 ns, At safepoint: 53384 ns, Total: 269536 ns
[2025-05-24T11:18:41.293+0000][69][info ][safepoint   ] Safepoint "Cleanup", Time since last: 5001364728 ns, Reaching safepoint: 32307 ns, Cleanup: 18048 ns, At safepoint: 17767 ns, Total: 68122 ns
[2025-05-24T11:19:13.284+0000][69][info ][safepoint   ] Safepoint "Cleanup", Time since last: 31993957651 ns, Reaching safepoint: 74597 ns, Cleanup: 18559 ns, At safepoint: 19147 ns, Total: 112303 ns
[2025-05-24T11:19:57.427+0000][69][info ][safepoint   ] Safepoint "Cleanup", Time since last: 44145417443 ns, Reaching safepoint: 52301 ns, Cleanup: 16659 ns, At safepoint: 10248 ns, Total: 79208 ns
[2025-05-24T11:19:58.629+0000][69][info ][safepoint   ] Safepoint "Cleanup", Time since last: 1201650718 ns, Reaching safepoint: 7294 ns, Cleanup: 11168 ns, At safepoint: 3267 ns, Total: 21729 ns
[2025-05-24T11:21:31.524+0000][69][info ][safepoint   ] Safepoint "Cleanup", Time since last: 92903608897 ns, Reaching safepoint: 25398 ns, Cleanup: 14890 ns, At safepoint: 11479 ns, Total: 51767 ns
[2025-05-24T11:22:25.556+0000][69][info ][safepoint   ] Safepoint "Cleanup", Time since last: 54038355166 ns, Reaching safepoint: 15881 ns, Cleanup: 12745 ns, At safepoint: 18492 ns, Total: 47118 ns
[2025-05-24T11:23:19.424+0000][69][info ][safepoint   ] Safepoint "Cleanup", Time since last: 53872755740 ns, Reaching safepoint: 124801 ns, Cleanup: 19144 ns, At safepoint: 21240 ns, Total: 165185 ns
[2025-05-24T11:23:27.868+0000][69][info ][safepoint   ] Safepoint "Cleanup", Time since last: 8444025917 ns, Reaching safepoint: 9381 ns, Cleanup: 10592 ns, At safepoint: 13512 ns, Total: 33485 ns
[2025-05-24T11:23:29.632+0000][69][info ][safepoint   ] Safepoint "Cleanup", Time since last: 1764363175 ns, Reaching safepoint: 35336 ns, Cleanup: 18185 ns, At safepoint: 19650 ns, Total: 73171 ns
[2025-05-24T11:25:27.888+0000][69][info ][safepoint   ] Safepoint "Cleanup", Time since last: 118266680489 ns, Reaching safepoint: 40804 ns, Cleanup: 18746 ns, At safepoint: 68987 ns, Total: 128537 ns
[2025-05-24T11:26:36.908+0000][69][info ][safepoint   ] Safepoint "Cleanup", Time since last: 69029127521 ns, Reaching safepoint: 15252 ns, Cleanup: 9319 ns, At safepoint: 13550 ns, Total: 38121 ns
[2025-05-24T11:28:49.015+0000][69][info ][safepoint   ] Safepoint "Cleanup", Time since last: 132117174182 ns, Reaching safepoint: 160216 ns, Cleanup: 22915 ns, At safepoint: 44905 ns, Total: 228036 ns
[2025-05-24T11:29:36.852+0000][69][info ][safepoint   ] Safepoint "Cleanup", Time since last: 47842442883 ns, Reaching safepoint: 48111 ns, Cleanup: 14763 ns, At safepoint: 71422 ns, Total: 134296 ns
[2025-05-24T11:29:46.088+0000][69][info ][safepoint   ] Safepoint "Cleanup", Time since last: 9236044511 ns, Reaching safepoint: 177883 ns, Cleanup: 11437 ns, At safepoint: 43390 ns, Total: 232710 ns
[2025-05-24T11:30:49.185+0000][69][info ][safepoint   ] Safepoint "Cleanup", Time since last: 63102546310 ns, Reaching safepoint: 30706 ns, Cleanup: 112800 ns, At safepoint: 99069 ns, Total: 242575 ns
[2025-05-24T11:31:21.213+0000][69][info ][safepoint   ] Safepoint "Cleanup", Time since last: 32030709618 ns, Reaching safepoint: 25115 ns, Cleanup: 15056 ns, At safepoint: 34248 ns, Total: 74419 ns
[2025-05-24T11:33:15.341+0000][69][info ][safepoint   ] Safepoint "Cleanup", Time since last: 114137769019 ns, Reaching safepoint: 35749 ns, Cleanup: 16756 ns, At safepoint: 52241 ns, Total: 104746 ns
[2025-05-24T11:33:47.789+0000][69][info ][safepoint   ] Safepoint "Cleanup", Time since last: 32451466529 ns, Reaching safepoint: 28255 ns, Cleanup: 17252 ns, At safepoint: 12992 ns, Total: 58499 ns
[2025-05-24T11:34:24.382+0000][69][info ][safepoint   ] Safepoint "Cleanup", Time since last: 36595239491 ns, Reaching safepoint: 82880 ns, Cleanup: 19210 ns, At safepoint: 35195 ns, Total: 137285 ns
[2025-05-24T11:34:41.417+0000][69][info ][safepoint   ] Safepoint "Cleanup", Time since last: 17037661755 ns, Reaching safepoint: 35594 ns, Cleanup: 18921 ns, At safepoint: 18713 ns, Total: 73228 ns
[2025-05-24T11:35:00.886+0000][69][info ][safepoint   ] Safepoint "Cleanup", Time since last: 19468560834 ns, Reaching safepoint: 28812 ns, Cleanup: 17230 ns, At safepoint: 89847 ns, Total: 135889 ns
[2025-05-24T11:35:22.576+0000][69][info ][safepoint   ] Safepoint "Cleanup", Time since last: 21692422980 ns, Reaching safepoint: 80057 ns, Cleanup: 19366 ns, At safepoint: 32914 ns, Total: 132337 ns
[2025-05-24T11:36:04.634+0000][69][info ][safepoint   ] Safepoint "Cleanup", Time since last: 42060441059 ns, Reaching safepoint: 15910 ns, Cleanup: 15573 ns, At safepoint: 4914 ns, Total: 36397 ns
[2025-05-24T11:37:53.930+0000][69][info ][safepoint   ] Safepoint "Cleanup", Time since last: 109306102066 ns, Reaching safepoint: 43694 ns, Cleanup: 22229 ns, At safepoint: 13418 ns, Total: 79341 ns
[2025-05-24T11:38:07.933+0000][69][info ][safepoint   ] Safepoint "Cleanup", Time since last: 14003714522 ns, Reaching safepoint: 90073 ns, Cleanup: 19142 ns, At safepoint: 34375 ns, Total: 143590 ns
[2025-05-24T11:38:09.825+0000][69][info ][safepoint   ] Safepoint "Cleanup", Time since last: 1891421550 ns, Reaching safepoint: 631552 ns, Cleanup: 23652 ns, At safepoint: 148647 ns, Total: 803851 ns
[2025-05-24T11:38:11.726+0000][69][info ][safepoint   ] Safepoint "Cleanup", Time since last: 1900434012 ns, Reaching safepoint: 34823 ns, Cleanup: 18794 ns, At safepoint: 19919 ns, Total: 73536 ns
[2025-05-24T11:39:46.003+0000][69][info ][safepoint   ] Safepoint "Cleanup", Time since last: 94282231926 ns, Reaching safepoint: 64597 ns, Cleanup: 17421 ns, At safepoint: 15688 ns, Total: 97706 ns
[2025-05-24T11:40:00.821+0000][69][info ][safepoint   ] Safepoint "Cleanup", Time since last: 14817072927 ns, Reaching safepoint: 78724 ns, Cleanup: 24296 ns, At safepoint: 40448 ns, Total: 143468 ns
[2025-05-24T11:40:23.899+0000][69][info ][safepoint   ] Safepoint "Cleanup", Time since last: 23079776457 ns, Reaching safepoint: 22431 ns, Cleanup: 14526 ns, At safepoint: 10242 ns, Total: 47199 ns
[2025-05-24T11:42:15.849+0000][69][info ][safepoint   ] Safepoint "Cleanup", Time since last: 111955825262 ns, Reaching safepoint: 1067419 ns, Cleanup: 19442 ns, At safepoint: 193512 ns, Total: 1280373 ns
[2025-05-24T11:42:17.023+0000][69][info ][safepoint   ] Safepoint "Cleanup", Time since last: 1174789041 ns, Reaching safepoint: 25749 ns, Cleanup: 22528 ns, At safepoint: 11283 ns, Total: 59560 ns
[2025-05-24T11:42:24.846+0000][69][info ][safepoint   ] Safepoint "Cleanup", Time since last: 7822496967 ns, Reaching safepoint: 16981 ns, Cleanup: 16289 ns, At safepoint: 25503 ns, Total: 58773 ns
[2025-05-24T11:42:26.141+0000][69][info ][safepoint   ] Safepoint "Cleanup", Time since last: 1295296558 ns, Reaching safepoint: 18661 ns, Cleanup: 92871 ns, At safepoint: 12433 ns, Total: 123965 ns
[2025-05-24T11:43:25.286+0000][69][info ][safepoint   ] Safepoint "Cleanup", Time since last: 59148448310 ns, Reaching safepoint: 9728 ns, Cleanup: 12865 ns, At safepoint: 16798 ns, Total: 39391 ns
[2025-05-24T11:44:28.361+0000][69][info ][safepoint   ] Safepoint "Cleanup", Time since last: 63079752506 ns, Reaching safepoint: 22652 ns, Cleanup: 13579 ns, At safepoint: 18517 ns, Total: 54748 ns
[2025-05-24T11:45:12.779+0000][69][info ][gc,start    ] GC(27) Pause Young (Mixed) (G1 Evacuation Pause)
[2025-05-24T11:45:12.783+0000][69][info ][gc,task     ] GC(27) Using 10 workers of 10 for evacuation
[2025-05-24T11:45:12.785+0000][69][debug][gc,age      ] GC(27) Desired survivor size 153092096 bytes, new threshold 15 (max threshold 15)
[2025-05-24T11:45:13.013+0000][69][info ][gc,mmu      ] GC(27) MMU target violated: 201.0ms (200.0ms/201.0ms)
[2025-05-24T11:45:13.013+0000][69][info ][gc,phases   ] GC(27)   Pre Evacuate Collection Set: 10.94ms
[2025-05-24T11:45:13.014+0000][69][info ][gc,phases   ] GC(27)   Merge Heap Roots: 3.94ms
[2025-05-24T11:45:13.014+0000][69][info ][gc,phases   ] GC(27)   Evacuate Collection Set: 193.04ms
[2025-05-24T11:45:13.014+0000][69][info ][gc,phases   ] GC(27)   Post Evacuate Collection Set: 18.07ms
[2025-05-24T11:45:13.015+0000][69][info ][gc,phases   ] GC(27)   Other: 6.11ms
[2025-05-24T11:45:13.015+0000][69][trace][gc,age      ] GC(27) Age table with threshold 15 (max threshold 15)
[2025-05-24T11:45:13.016+0000][69][trace][gc,age      ] GC(27) - age   1:    1607160 bytes,    1607160 total
[2025-05-24T11:45:13.016+0000][69][trace][gc,age      ] GC(27) - age   2:     112920 bytes,    1720080 total
[2025-05-24T11:45:13.016+0000][69][trace][gc,age      ] GC(27) - age   3:     180904 bytes,    1900984 total
[2025-05-24T11:45:13.017+0000][69][trace][gc,age      ] GC(27) - age   4:     358968 bytes,    2259952 total
[2025-05-24T11:45:13.017+0000][69][trace][gc,age      ] GC(27) - age   5:     513432 bytes,    2773384 total
[2025-05-24T11:45:13.018+0000][69][trace][gc,age      ] GC(27) - age   6:      73056 bytes,    2846440 total
[2025-05-24T11:45:13.018+0000][69][trace][gc,age      ] GC(27) - age   7:     220888 bytes,    3067328 total
[2025-05-24T11:45:13.019+0000][69][trace][gc,age      ] GC(27) - age   8:     144584 bytes,    3211912 total
[2025-05-24T11:45:13.019+0000][69][trace][gc,age      ] GC(27) - age   9:     165240 bytes,    3377152 total
[2025-05-24T11:45:13.020+0000][69][trace][gc,age      ] GC(27) - age  10:     135048 bytes,    3512200 total
[2025-05-24T11:45:13.020+0000][69][trace][gc,age      ] GC(27) - age  11:     448592 bytes,    3960792 total
[2025-05-24T11:45:13.021+0000][69][trace][gc,age      ] GC(27) - age  12:      40704 bytes,    4001496 total
[2025-05-24T11:45:13.021+0000][69][trace][gc,age      ] GC(27) - age  13:     593392 bytes,    4594888 total
[2025-05-24T11:45:13.022+0000][69][trace][gc,age      ] GC(27) - age  14:     594640 bytes,    5189528 total
[2025-05-24T11:45:13.022+0000][69][info ][gc,heap     ] GC(27) Eden regions: 580->0(580)
[2025-05-24T11:45:13.022+0000][69][info ][gc,heap     ] GC(27) Survivor regions: 2->2(73)
[2025-05-24T11:45:13.023+0000][69][info ][gc,heap     ] GC(27) Old regions: 25->25
[2025-05-24T11:45:13.023+0000][69][info ][gc,heap     ] GC(27) Humongous regions: 0->0
[2025-05-24T11:45:13.024+0000][69][info ][gc,metaspace] GC(27) Metaspace: 143748K(148480K)->143748K(148480K) NonClass: 124720K(127168K)->124720K(127168K) Class: 19027K(21312K)->19027K(21312K)
[2025-05-24T11:45:13.025+0000][69][info ][gc          ] GC(27) Pause Young (Mixed) (G1 Evacuation Pause) 2424M->103M(3880M) 245.980ms
[2025-05-24T11:45:13.025+0000][69][info ][gc,cpu      ] GC(27) User=1.65s Sys=0.00s Real=0.25s
[2025-05-24T11:45:13.026+0000][69][info ][safepoint   ] Safepoint "G1CollectForAllocation", Time since last: 44417986172 ns, Reaching safepoint: 70147 ns, Cleanup: 6592 ns, At safepoint: 251097233 ns, Total: 251173972 ns
[2025-05-24T11:45:53.228+0000][69][info ][safepoint   ] Safepoint "Cleanup", Time since last: 40204411496 ns, Reaching safepoint: 21756 ns, Cleanup: 15580 ns, At safepoint: 11466 ns, Total: 48802 ns
[2025-05-24T11:46:37.570+0000][69][info ][safepoint   ] Safepoint "Cleanup", Time since last: 44345758594 ns, Reaching safepoint: 38943 ns, Cleanup: 20184 ns, At safepoint: 22302 ns, Total: 81429 ns
[2025-05-24T11:47:03.866+0000][69][info ][safepoint   ] Safepoint "Cleanup", Time since last: 26295665781 ns, Reaching safepoint: 540464 ns, Cleanup: 15779 ns, At safepoint: 148880 ns, Total: 705123 ns
[2025-05-24T11:50:05.808+0000][69][info ][safepoint   ] Safepoint "Cleanup", Time since last: 181955211726 ns, Reaching safepoint: 60385 ns, Cleanup: 16056 ns, At safepoint: 12088 ns, Total: 88529 ns
[2025-05-24T11:50:41.337+0000][69][info ][safepoint   ] Safepoint "Cleanup", Time since last: 35533057559 ns, Reaching safepoint: 37312 ns, Cleanup: 22473 ns, At safepoint: 74407 ns, Total: 134192 ns
[2025-05-24T11:50:46.952+0000][69][info ][safepoint   ] Safepoint "Cleanup", Time since last: 5615274820 ns, Reaching safepoint: 21888 ns, Cleanup: 14191 ns, At safepoint: 77466 ns, Total: 113545 ns
[2025-05-24T11:51:21.928+0000][69][info ][safepoint   ] Safepoint "Cleanup", Time since last: 34977372954 ns, Reaching safepoint: 20714 ns, Cleanup: 15003 ns, At safepoint: 10350 ns, Total: 46067 ns
[2025-05-24T11:51:48.805+0000][69][info ][safepoint   ] Safepoint "Cleanup", Time since last: 26879142557 ns, Reaching safepoint: 18877 ns, Cleanup: 10771 ns, At safepoint: 13693 ns, Total: 43341 ns
[2025-05-24T11:51:51.998+0000][69][info ][safepoint   ] Safepoint "Cleanup", Time since last: 3192638002 ns, Reaching safepoint: 91820 ns, Cleanup: 15106 ns, At safepoint: 37747 ns, Total: 144673 ns
[2025-05-24T11:54:41.118+0000][69][info ][safepoint   ] Safepoint "Cleanup", Time since last: 169133402258 ns, Reaching safepoint: 112968 ns, Cleanup: 19312 ns, At safepoint: 12619 ns, Total: 144899 ns
[2025-05-24T11:54:57.798+0000][69][info ][safepoint   ] Safepoint "Cleanup", Time since last: 16679518741 ns, Reaching safepoint: 596841 ns, Cleanup: 15303 ns, At safepoint: 79594 ns, Total: 691738 ns
[2025-05-24T11:54:59.204+0000][69][info ][safepoint   ] Safepoint "Cleanup", Time since last: 1405724890 ns, Reaching safepoint: 6851 ns, Cleanup: 122302 ns, At safepoint: 20665 ns, Total: 149818 ns
[2025-05-24T11:56:22.311+0000][69][info ][safepoint   ] Safepoint "Cleanup", Time since last: 83113021282 ns, Reaching safepoint: 35027 ns, Cleanup: 24312 ns, At safepoint: 15050 ns, Total: 74389 ns
[2025-05-24T11:59:06.829+0000][69][info ][safepoint   ] Safepoint "Cleanup", Time since last: 164531027499 ns, Reaching safepoint: 141338 ns, Cleanup: 39369 ns, At safepoint: 116613 ns, Total: 297320 ns
[2025-05-24T12:00:10.594+0000][69][info ][safepoint   ] Safepoint "Cleanup", Time since last: 63769960816 ns, Reaching safepoint: 595546 ns, Cleanup: 191991 ns, At safepoint: 93373 ns, Total: 880910 ns
[2025-05-24T12:00:12.649+0000][69][info ][safepoint   ] Safepoint "Cleanup", Time since last: 2055055921 ns, Reaching safepoint: 25207 ns, Cleanup: 17818 ns, At safepoint: 11876 ns, Total: 54901 ns
[2025-05-24T12:00:27.641+0000][69][info ][safepoint   ] Safepoint "Cleanup", Time since last: 14991620055 ns, Reaching safepoint: 8501 ns, Cleanup: 11456 ns, At safepoint: 3247 ns, Total: 23204 ns
[2025-05-24T12:00:41.489+0000][69][info ][safepoint   ] Safepoint "Cleanup", Time since last: 13849402969 ns, Reaching safepoint: 75701 ns, Cleanup: 126695 ns, At safepoint: 34866 ns, Total: 237262 ns
[2025-05-24T12:01:12.836+0000][69][info ][safepoint   ] Safepoint "Cleanup", Time since last: 31348177796 ns, Reaching safepoint: 2212722 ns, Cleanup: 18589 ns, At safepoint: 184867 ns, Total: 2416178 ns
[2025-05-24T12:02:10.060+0000][69][info ][safepoint   ] Safepoint "Cleanup", Time since last: 57225774056 ns, Reaching safepoint: 285477 ns, Cleanup: 282450 ns, At safepoint: 138148 ns, Total: 706075 ns
[2025-05-24T12:05:22.864+0000][69][info ][safepoint   ] Safepoint "Cleanup", Time since last: 192823168123 ns, Reaching safepoint: 64391 ns, Cleanup: 67784 ns, At safepoint: 32425 ns, Total: 164600 ns
[2025-05-24T12:06:26.045+0000][69][info ][safepoint   ] Safepoint "Cleanup", Time since last: 63188331247 ns, Reaching safepoint: 23803 ns, Cleanup: 127149 ns, At safepoint: 108033 ns, Total: 258985 ns
[2025-05-24T12:07:41.140+0000][69][info ][safepoint   ] Safepoint "Cleanup", Time since last: 75104811552 ns, Reaching safepoint: 84182 ns, Cleanup: 21081 ns, At safepoint: 18731 ns, Total: 123994 ns
[2025-05-24T12:09:34.336+0000][69][info ][safepoint   ] Safepoint "Cleanup", Time since last: 113205977453 ns, Reaching safepoint: 23504 ns, Cleanup: 11710 ns, At safepoint: 3970 ns, Total: 39184 ns
[2025-05-24T12:10:03.267+0000][69][info ][safepoint   ] Safepoint "Cleanup", Time since last: 28934076646 ns, Reaching safepoint: 75466 ns, Cleanup: 19570 ns, At safepoint: 20647 ns, Total: 115683 ns
[2025-05-24T12:10:28.211+0000][69][info ][safepoint   ] Safepoint "Cleanup", Time since last: 24947482285 ns, Reaching safepoint: 17625 ns, Cleanup: 47494 ns, At safepoint: 23299 ns, Total: 88418 ns
[2025-05-24T12:15:02.762+0000][69][info ][safepoint   ] Safepoint "Cleanup", Time since last: 274578961326 ns, Reaching safepoint: 34686 ns, Cleanup: 18191 ns, At safepoint: 14096 ns, Total: 66973 ns
[2025-05-24T12:15:41.445+0000][69][info ][safepoint   ] Safepoint "Cleanup", Time since last: 38689120043 ns, Reaching safepoint: 78989 ns, Cleanup: 19559 ns, At safepoint: 20487 ns, Total: 119035 ns
[2025-05-24T12:16:40.896+0000][69][info ][safepoint   ] Safepoint "Cleanup", Time since last: 59456931085 ns, Reaching safepoint: 95799 ns, Cleanup: 24688 ns, At safepoint: 38416 ns, Total: 158903 ns
[2025-05-24T12:17:10.361+0000][69][info ][safepoint   ] Safepoint "Cleanup", Time since last: 29467600095 ns, Reaching safepoint: 106330 ns, Cleanup: 11617 ns, At safepoint: 156296 ns, Total: 274243 ns
[2025-05-24T12:17:59.048+0000][69][info ][safepoint   ] Safepoint "Cleanup", Time since last: 48691483087 ns, Reaching safepoint: 9517 ns, Cleanup: 11748 ns, At safepoint: 14443 ns, Total: 35708 ns
[2025-05-24T12:20:04.322+0000][69][info ][safepoint   ] Safepoint "Cleanup", Time since last: 125286940925 ns, Reaching safepoint: 31030 ns, Cleanup: 14556 ns, At safepoint: 26906 ns, Total: 72492 ns
[2025-05-24T12:20:06.176+0000][69][info ][safepoint   ] Safepoint "Cleanup", Time since last: 1853585547 ns, Reaching safepoint: 29360 ns, Cleanup: 18275 ns, At safepoint: 13842 ns, Total: 61477 ns
[2025-05-24T12:20:49.726+0000][69][info ][safepoint   ] Safepoint "Cleanup", Time since last: 43555955205 ns, Reaching safepoint: 40515 ns, Cleanup: 21700 ns, At safepoint: 22992 ns, Total: 85207 ns
[2025-05-24T12:21:22.322+0000][69][info ][safepoint   ] Safepoint "Cleanup", Time since last: 32597963831 ns, Reaching safepoint: 103240 ns, Cleanup: 22263 ns, At safepoint: 12028 ns, Total: 137531 ns
[2025-05-24T12:21:31.324+0000][69][info ][safepoint   ] Safepoint "Cleanup", Time since last: 9001770206 ns, Reaching safepoint: 34398 ns, Cleanup: 21670 ns, At safepoint: 20247 ns, Total: 76315 ns
[2025-05-24T12:26:19.711+0000][69][info ][safepoint   ] Safepoint "Cleanup", Time since last: 288417710424 ns, Reaching safepoint: 662403 ns, Cleanup: 20153 ns, At safepoint: 152405 ns, Total: 834961 ns
[2025-05-24T12:26:20.742+0000][69][info ][safepoint   ] Safepoint "Cleanup", Time since last: 1031552241 ns, Reaching safepoint: 18433 ns, Cleanup: 14731 ns, At safepoint: 23898 ns, Total: 57062 ns
[2025-05-24T12:27:40.828+0000][69][info ][safepoint   ] Safepoint "Cleanup", Time since last: 80095095700 ns, Reaching safepoint: 64519 ns, Cleanup: 16976 ns, At safepoint: 12242 ns, Total: 93737 ns
[2025-05-24T12:28:40.962+0000][69][info ][safepoint   ] Safepoint "Cleanup", Time since last: 60139524212 ns, Reaching safepoint: 30729 ns, Cleanup: 18012 ns, At safepoint: 13748 ns, Total: 62489 ns
[2025-05-24T12:30:31.625+0000][69][info ][safepoint   ] Safepoint "Cleanup", Time since last: 110671794915 ns, Reaching safepoint: 14304 ns, Cleanup: 45218 ns, At safepoint: 15484 ns, Total: 75006 ns
[2025-05-24T12:33:15.868+0000][69][info ][gc,start    ] GC(28) Pause Young (Concurrent Start) (G1 Evacuation Pause)
[2025-05-24T12:33:15.877+0000][69][info ][gc,task     ] GC(28) Using 10 workers of 10 for evacuation
[2025-05-24T12:33:15.879+0000][69][debug][gc,age      ] GC(28) Desired survivor size 153092096 bytes, new threshold 15 (max threshold 15)
[2025-05-24T12:33:16.366+0000][69][info ][gc,mmu      ] GC(28) MMU target violated: 201.0ms (200.0ms/201.0ms)
[2025-05-24T12:33:16.367+0000][69][info ][gc,phases   ] GC(28)   Pre Evacuate Collection Set: 34.49ms
[2025-05-24T12:33:16.368+0000][69][info ][gc,phases   ] GC(28)   Merge Heap Roots: 4.50ms
[2025-05-24T12:33:16.368+0000][69][info ][gc,phases   ] GC(28)   Evacuate Collection Set: 407.45ms
[2025-05-24T12:33:16.368+0000][69][info ][gc,phases   ] GC(28)   Post Evacuate Collection Set: 35.12ms
[2025-05-24T12:33:16.369+0000][69][info ][gc,phases   ] GC(28)   Other: 12.30ms
[2025-05-24T12:33:16.369+0000][69][trace][gc,age      ] GC(28) Age table with threshold 15 (max threshold 15)
[2025-05-24T12:33:16.369+0000][69][trace][gc,age      ] GC(28) - age   1:    1117872 bytes,    1117872 total
[2025-05-24T12:33:16.370+0000][69][trace][gc,age      ] GC(28) - age   2:     430112 bytes,    1547984 total
[2025-05-24T12:33:16.370+0000][69][trace][gc,age      ] GC(28) - age   3:      34136 bytes,    1582120 total
[2025-05-24T12:33:16.370+0000][69][trace][gc,age      ] GC(28) - age   4:     147128 bytes,    1729248 total
[2025-05-24T12:33:16.370+0000][69][trace][gc,age      ] GC(28) - age   5:     342088 bytes,    2071336 total
[2025-05-24T12:33:16.370+0000][69][trace][gc,age      ] GC(28) - age   6:     513376 bytes,    2584712 total
[2025-05-24T12:33:16.370+0000][69][trace][gc,age      ] GC(28) - age   7:      73056 bytes,    2657768 total
[2025-05-24T12:33:16.371+0000][69][trace][gc,age      ] GC(28) - age   8:     203184 bytes,    2860952 total
[2025-05-24T12:33:16.371+0000][69][trace][gc,age      ] GC(28) - age   9:     144584 bytes,    3005536 total
[2025-05-24T12:33:16.371+0000][69][trace][gc,age      ] GC(28) - age  10:     165240 bytes,    3170776 total
[2025-05-24T12:33:16.371+0000][69][trace][gc,age      ] GC(28) - age  11:     135048 bytes,    3305824 total
[2025-05-24T12:33:16.372+0000][69][trace][gc,age      ] GC(28) - age  12:     448536 bytes,    3754360 total
[2025-05-24T12:33:16.372+0000][69][trace][gc,age      ] GC(28) - age  13:      40704 bytes,    3795064 total
[2025-05-24T12:33:16.373+0000][69][trace][gc,age      ] GC(28) - age  14:     593392 bytes,    4388456 total
[2025-05-24T12:33:16.373+0000][69][trace][gc,age      ] GC(28) - age  15:     594640 bytes,    4983096 total
[2025-05-24T12:33:16.374+0000][69][info ][gc,heap     ] GC(28) Eden regions: 580->0(580)
[2025-05-24T12:33:16.375+0000][69][info ][gc,heap     ] GC(28) Survivor regions: 2->2(73)
[2025-05-24T12:33:16.376+0000][69][info ][gc,heap     ] GC(28) Old regions: 25->25
[2025-05-24T12:33:16.376+0000][69][info ][gc,heap     ] GC(28) Humongous regions: 0->0
[2025-05-24T12:33:16.377+0000][69][info ][gc,metaspace] GC(28) Metaspace: 143842K(148544K)->143842K(148544K) NonClass: 124815K(127232K)->124815K(127232K) Class: 19027K(21312K)->19027K(21312K)
[2025-05-24T12:33:16.380+0000][69][info ][gc          ] GC(28) Pause Young (Concurrent Start) (G1 Evacuation Pause) 2423M->102M(3880M) 512.892ms
[2025-05-24T12:33:16.381+0000][69][info ][gc,cpu      ] GC(28) User=2.35s Sys=0.00s Real=0.51s
[2025-05-24T12:33:16.382+0000][69][info ][safepoint   ] Safepoint "G1CollectForAllocation", Time since last: 164257681873 ns, Reaching safepoint: 85522 ns, Cleanup: 9588 ns, At safepoint: 518325024 ns, Total: 518420134 ns
[2025-05-24T12:33:16.383+0000][69][info ][gc          ] GC(29) Concurrent Mark Cycle
[2025-05-24T12:33:16.384+0000][69][info ][gc,marking  ] GC(29) Concurrent Scan Root Regions
[2025-05-24T12:33:16.626+0000][69][info ][gc,marking  ] GC(29) Concurrent Scan Root Regions 242.633ms
[2025-05-24T12:33:16.627+0000][69][info ][gc,marking  ] GC(29) Concurrent Mark
[2025-05-24T12:33:16.627+0000][69][info ][gc,marking  ] GC(29) Concurrent Mark From Roots
[2025-05-24T12:33:16.628+0000][69][info ][gc,task     ] GC(29) Using 3 workers of 3 for marking
[2025-05-24T12:33:17.411+0000][69][info ][gc,marking  ] GC(29) Concurrent Mark From Roots 783.687ms
[2025-05-24T12:33:17.411+0000][69][info ][gc,marking  ] GC(29) Concurrent Preclean
[2025-05-24T12:33:17.413+0000][69][info ][gc,marking  ] GC(29) Concurrent Preclean 1.672ms
[2025-05-24T12:33:17.414+0000][69][info ][gc,start    ] GC(29) Pause Remark
[2025-05-24T12:33:17.940+0000][69][info ][gc,mmu      ] GC(29) MMU target violated: 201.0ms (200.0ms/201.0ms)
[2025-05-24T12:33:17.941+0000][69][info ][gc          ] GC(29) Pause Remark 122M->122M(3880M) 527.000ms
[2025-05-24T12:33:17.941+0000][69][info ][gc,cpu      ] GC(29) User=4.29s Sys=0.00s Real=0.53s
[2025-05-24T12:33:17.943+0000][69][info ][safepoint   ] Safepoint "G1PauseRemark", Time since last: 1032241253 ns, Reaching safepoint: 23571 ns, Cleanup: 4975 ns, At safepoint: 528876667 ns, Total: 528905213 ns
[2025-05-24T12:33:17.943+0000][69][info ][gc,marking  ] GC(29) Concurrent Mark 1316.371ms
[2025-05-24T12:33:17.944+0000][69][info ][gc,marking  ] GC(29) Concurrent Rebuild Remembered Sets and Scrub Regions
[2025-05-24T12:33:17.986+0000][69][info ][gc,marking  ] GC(29) Concurrent Rebuild Remembered Sets and Scrub Regions 42.397ms
[2025-05-24T12:33:17.988+0000][69][info ][gc,start    ] GC(29) Pause Cleanup
[2025-05-24T12:33:17.989+0000][69][info ][gc          ] GC(29) Pause Cleanup 123M->123M(3880M) 0.636ms
[2025-05-24T12:33:17.989+0000][69][info ][gc,cpu      ] GC(29) User=0.01s Sys=0.00s Real=0.00s
[2025-05-24T12:33:17.989+0000][69][info ][safepoint   ] Safepoint "G1PauseCleanup", Time since last: 44647244 ns, Reaching safepoint: 24929 ns, Cleanup: 528622 ns, At safepoint: 1372807 ns, Total: 1926358 ns
[2025-05-24T12:33:17.990+0000][69][info ][gc,marking  ] GC(29) Concurrent Clear Claimed Marks
[2025-05-24T12:33:17.990+0000][69][info ][gc,marking  ] GC(29) Concurrent Clear Claimed Marks 0.707ms
[2025-05-24T12:33:17.991+0000][69][info ][gc,marking  ] GC(29) Concurrent Cleanup for Next Mark
[2025-05-24T12:33:18.074+0000][69][info ][gc,marking  ] GC(29) Concurrent Cleanup for Next Mark 83.491ms
[2025-05-24T12:33:18.075+0000][69][info ][gc          ] GC(29) Concurrent Mark Cycle 1692.019ms
[2025-05-24T12:34:23.233+0000][69][info ][safepoint   ] Safepoint "Cleanup", Time since last: 65247941541 ns, Reaching safepoint: 314282 ns, Cleanup: 18314 ns, At safepoint: 39192 ns, Total: 371788 ns
[2025-05-24T12:35:40.585+0000][69][info ][safepoint   ] Safepoint "Cleanup", Time since last: 77361591832 ns, Reaching safepoint: 108379 ns, Cleanup: 17709 ns, At safepoint: 13975 ns, Total: 140063 ns
[2025-05-24T12:35:43.586+0000][69][info ][safepoint   ] Safepoint "Cleanup", Time since last: 3001109137 ns, Reaching safepoint: 30622 ns, Cleanup: 19477 ns, At safepoint: 11900 ns, Total: 61999 ns
[2025-05-24T12:37:52.488+0000][69][info ][safepoint   ] Safepoint "Cleanup", Time since last: 128913090454 ns, Reaching safepoint: 22090 ns, Cleanup: 15233 ns, At safepoint: 67236 ns, Total: 104559 ns
[2025-05-24T12:40:13.460+0000][69][info ][safepoint   ] Safepoint "Cleanup", Time since last: 140986956892 ns, Reaching safepoint: 21465 ns, Cleanup: 13755 ns, At safepoint: 23293 ns, Total: 58513 ns
[2025-05-24T12:40:14.922+0000][69][info ][safepoint   ] Safepoint "Cleanup", Time since last: 1461500329 ns, Reaching safepoint: 30281 ns, Cleanup: 17815 ns, At safepoint: 13579 ns, Total: 61675 ns
[2025-05-24T12:42:17.162+0000][69][info ][safepoint   ] Safepoint "Cleanup", Time since last: 122251622665 ns, Reaching safepoint: 21623 ns, Cleanup: 12936 ns, At safepoint: 22622 ns, Total: 57181 ns
[2025-05-24T12:42:19.468+0000][69][info ][safepoint   ] Safepoint "Cleanup", Time since last: 2305877220 ns, Reaching safepoint: 25849 ns, Cleanup: 17748 ns, At safepoint: 11724 ns, Total: 55321 ns
[2025-05-24T12:42:23.469+0000][69][info ][safepoint   ] Safepoint "Cleanup", Time since last: 4000915435 ns, Reaching safepoint: 20034 ns, Cleanup: 16790 ns, At safepoint: 8859 ns, Total: 45683 ns
[2025-05-24T12:42:24.499+0000][69][info ][safepoint   ] Safepoint "Cleanup", Time since last: 1029835407 ns, Reaching safepoint: 29503 ns, Cleanup: 19689 ns, At safepoint: 12243 ns, Total: 61435 ns
[2025-05-24T12:43:08.354+0000][69][info ][safepoint   ] Safepoint "Cleanup", Time since last: 43860716804 ns, Reaching safepoint: 24037 ns, Cleanup: 15737 ns, At safepoint: 20120 ns, Total: 59894 ns
[2025-05-24T12:43:41.324+0000][69][info ][safepoint   ] Safepoint "Cleanup", Time since last: 32972863455 ns, Reaching safepoint: 76485 ns, Cleanup: 22270 ns, At safepoint: 19284 ns, Total: 118039 ns
[2025-05-24T12:47:13.489+0000][69][info ][safepoint   ] Safepoint "Cleanup", Time since last: 212182975538 ns, Reaching safepoint: 240176 ns, Cleanup: 13634 ns, At safepoint: 47934 ns, Total: 301744 ns
[2025-05-24T12:47:40.706+0000][69][info ][safepoint   ] Safepoint "Cleanup", Time since last: 27220013871 ns, Reaching safepoint: 66159 ns, Cleanup: 17732 ns, At safepoint: 15653 ns, Total: 99544 ns
[2025-05-24T12:49:25.812+0000][69][info ][safepoint   ] Safepoint "Cleanup", Time since last: 105114626335 ns, Reaching safepoint: 20228 ns, Cleanup: 23644 ns, At safepoint: 97885 ns, Total: 141757 ns
[2025-05-24T12:50:41.018+0000][69][info ][safepoint   ] Safepoint "Cleanup", Time since last: 75213437396 ns, Reaching safepoint: 37243 ns, Cleanup: 18789 ns, At safepoint: 22775 ns, Total: 78807 ns
[2025-05-24T12:51:53.097+0000][69][info ][safepoint   ] Safepoint "Cleanup", Time since last: 72085594917 ns, Reaching safepoint: 20356 ns, Cleanup: 18421 ns, At safepoint: 24869 ns, Total: 63646 ns
[2025-05-24T12:52:24.136+0000][69][info ][safepoint   ] Safepoint "Cleanup", Time since last: 31040446549 ns, Reaching safepoint: 38080 ns, Cleanup: 17575 ns, At safepoint: 43433 ns, Total: 99088 ns
[2025-05-24T12:52:35.156+0000][69][info ][safepoint   ] Safepoint "Cleanup", Time since last: 11019911366 ns, Reaching safepoint: 20288 ns, Cleanup: 17665 ns, At safepoint: 22449 ns, Total: 60402 ns
[2025-05-24T12:55:24.700+0000][69][info ][safepoint   ] Safepoint "Cleanup", Time since last: 169461944537 ns, Reaching safepoint: 94264556 ns, Cleanup: 1332677 ns, At safepoint: 661438 ns, Total: 96258671 ns
[2025-05-24T12:55:29.620+0000][69][info ][safepoint   ] Safepoint "Cleanup", Time since last: 4841051173 ns, Reaching safepoint: 80575211 ns, Cleanup: 22496 ns, At safepoint: 390840 ns, Total: 80988547 ns
[2025-05-24T12:55:37.707+0000][69][info ][safepoint   ] Safepoint "Cleanup", Time since last: 8088267372 ns, Reaching safepoint: 7746 ns, Cleanup: 11260 ns, At safepoint: 3091 ns, Total: 22097 ns
[2025-05-24T12:55:46.570+0000][69][info ][safepoint   ] Safepoint "Cleanup", Time since last: 8370052115 ns, Reaching safepoint: 492963402 ns, Cleanup: 13916 ns, At safepoint: 160300 ns, Total: 493137618 ns
[2025-05-24T12:55:48.047+0000][69][info ][safepoint   ] Safepoint "Cleanup", Time since last: 1475876980 ns, Reaching safepoint: 989920 ns, Cleanup: 25013 ns, At safepoint: 244198 ns, Total: 1259131 ns
[2025-05-24T12:56:45.239+0000][69][info ][safepoint   ] Safepoint "Cleanup", Time since last: 57198080700 ns, Reaching safepoint: 28151 ns, Cleanup: 47168 ns, At safepoint: 17161 ns, Total: 92480 ns
[2025-05-24T12:56:47.131+0000][69][info ][safepoint   ] Safepoint "Cleanup", Time since last: 1892053760 ns, Reaching safepoint: 29632 ns, Cleanup: 19944 ns, At safepoint: 13284 ns, Total: 62860 ns
[2025-05-24T12:58:38.291+0000][69][info ][safepoint   ] Safepoint "Cleanup", Time since last: 111170012529 ns, Reaching safepoint: 48820 ns, Cleanup: 14758 ns, At safepoint: 11143 ns, Total: 74721 ns
[2025-05-24T13:00:53.706+0000][69][info ][safepoint   ] Safepoint "Cleanup", Time since last: 135425798246 ns, Reaching safepoint: 25508 ns, Cleanup: 15690 ns, At safepoint: 12029 ns, Total: 53227 ns
[2025-05-24T13:00:57.573+0000][69][info ][safepoint   ] Safepoint "Cleanup", Time since last: 3867105992 ns, Reaching safepoint: 106916 ns, Cleanup: 43122 ns, At safepoint: 43614 ns, Total: 193652 ns
[2025-05-24T13:00:58.583+0000][69][info ][safepoint   ] Safepoint "Cleanup", Time since last: 1009771686 ns, Reaching safepoint: 19150 ns, Cleanup: 22071 ns, At safepoint: 68645 ns, Total: 109866 ns
[2025-05-24T13:04:06.244+0000][69][info ][safepoint   ] Safepoint "Cleanup", Time since last: 187676150549 ns, Reaching safepoint: 149600 ns, Cleanup: 135725 ns, At safepoint: 65953 ns, Total: 351278 ns
[2025-05-24T13:06:13.095+0000][69][info ][safepoint   ] Safepoint "Cleanup", Time since last: 126880359217 ns, Reaching safepoint: 149442 ns, Cleanup: 90854 ns, At safepoint: 41688 ns, Total: 281984 ns
[2025-05-24T13:09:41.229+0000][69][info ][safepoint   ] Safepoint "Cleanup", Time since last: 208153459898 ns, Reaching safepoint: 71371 ns, Cleanup: 251329 ns, At safepoint: 51117 ns, Total: 373817 ns
[2025-05-24T13:09:45.230+0000][69][info ][safepoint   ] Safepoint "Cleanup", Time since last: 4001159988 ns, Reaching safepoint: 22118 ns, Cleanup: 78162 ns, At safepoint: 12243 ns, Total: 112523 ns
[2025-05-24T13:12:58.883+0000][69][info ][safepoint   ] Safepoint "Cleanup", Time since last: 193669734761 ns, Reaching safepoint: 34721 ns, Cleanup: 156851 ns, At safepoint: 26600 ns, Total: 218172 ns
[2025-05-24T13:14:11.133+0000][69][info ][safepoint   ] Safepoint "Cleanup", Time since last: 72258213922 ns, Reaching safepoint: 82846 ns, Cleanup: 21055 ns, At safepoint: 22641 ns, Total: 126542 ns
[2025-05-24T13:15:30.181+0000][69][info ][safepoint   ] Safepoint "Cleanup", Time since last: 79053120323 ns, Reaching safepoint: 74173 ns, Cleanup: 17855 ns, At safepoint: 19478 ns, Total: 111506 ns
[2025-05-24T13:15:33.742+0000][69][info ][safepoint   ] Safepoint "Cleanup", Time since last: 3560613787 ns, Reaching safepoint: 218612 ns, Cleanup: 10173 ns, At safepoint: 36964 ns, Total: 265749 ns
[2025-05-24T13:15:40.802+0000][69][info ][safepoint   ] Safepoint "Cleanup", Time since last: 7062959782 ns, Reaching safepoint: 34719 ns, Cleanup: 110708 ns, At safepoint: 30051 ns, Total: 175478 ns
[2025-05-24T13:15:57.835+0000][69][info ][safepoint   ] Safepoint "Cleanup", Time since last: 17032957620 ns, Reaching safepoint: 26681 ns, Cleanup: 15100 ns, At safepoint: 72782 ns, Total: 114563 ns
[2025-05-24T13:19:41.063+0000][69][info ][safepoint   ] Safepoint "Cleanup", Time since last: 223249290474 ns, Reaching safepoint: 153948 ns, Cleanup: 21302 ns, At safepoint: 36428 ns, Total: 211678 ns
[2025-05-24T13:20:22.733+0000][69][info ][gc,start    ] GC(30) Pause Young (Normal) (G1 Evacuation Pause)
[2025-05-24T13:20:22.738+0000][69][info ][gc,task     ] GC(30) Using 10 workers of 10 for evacuation
[2025-05-24T13:20:22.738+0000][69][debug][gc,age      ] GC(30) Desired survivor size 153092096 bytes, new threshold 15 (max threshold 15)
[2025-05-24T13:20:22.889+0000][69][info ][gc,phases   ] GC(30)   Pre Evacuate Collection Set: 11.90ms
[2025-05-24T13:20:22.889+0000][69][info ][gc,phases   ] GC(30)   Merge Heap Roots: 3.29ms
[2025-05-24T13:20:22.890+0000][69][info ][gc,phases   ] GC(30)   Evacuate Collection Set: 117.87ms
[2025-05-24T13:20:22.890+0000][69][info ][gc,phases   ] GC(30)   Post Evacuate Collection Set: 15.25ms
[2025-05-24T13:20:22.891+0000][69][info ][gc,phases   ] GC(30)   Other: 5.14ms
[2025-05-24T13:20:22.891+0000][69][trace][gc,age      ] GC(30) Age table with threshold 15 (max threshold 15)
[2025-05-24T13:20:22.892+0000][69][trace][gc,age      ] GC(30) - age   1:    1387400 bytes,    1387400 total
[2025-05-24T13:20:22.892+0000][69][trace][gc,age      ] GC(30) - age   2:     117904 bytes,    1505304 total
[2025-05-24T13:20:22.892+0000][69][trace][gc,age      ] GC(30) - age   3:     145536 bytes,    1650840 total
[2025-05-24T13:20:22.893+0000][69][trace][gc,age      ] GC(30) - age   4:      33368 bytes,    1684208 total
[2025-05-24T13:20:22.893+0000][69][trace][gc,age      ] GC(30) - age   5:     146008 bytes,    1830216 total
[2025-05-24T13:20:22.894+0000][69][trace][gc,age      ] GC(30) - age   6:     341968 bytes,    2172184 total
[2025-05-24T13:20:22.894+0000][69][trace][gc,age      ] GC(30) - age   7:     496880 bytes,    2669064 total
[2025-05-24T13:20:22.895+0000][69][trace][gc,age      ] GC(30) - age   8:      72960 bytes,    2742024 total
[2025-05-24T13:20:22.895+0000][69][trace][gc,age      ] GC(30) - age   9:     202928 bytes,    2944952 total
[2025-05-24T13:20:22.895+0000][69][trace][gc,age      ] GC(30) - age  10:     144528 bytes,    3089480 total
[2025-05-24T13:20:22.896+0000][69][trace][gc,age      ] GC(30) - age  11:     163664 bytes,    3253144 total
[2025-05-24T13:20:22.896+0000][69][trace][gc,age      ] GC(30) - age  12:     135048 bytes,    3388192 total
[2025-05-24T13:20:22.897+0000][69][trace][gc,age      ] GC(30) - age  13:     448536 bytes,    3836728 total
[2025-05-24T13:20:22.897+0000][69][trace][gc,age      ] GC(30) - age  14:      40704 bytes,    3877432 total
[2025-05-24T13:20:22.898+0000][69][trace][gc,age      ] GC(30) - age  15:     593192 bytes,    4470624 total
[2025-05-24T13:20:22.898+0000][69][info ][gc,heap     ] GC(30) Eden regions: 580->0(580)
[2025-05-24T13:20:22.898+0000][69][info ][gc,heap     ] GC(30) Survivor regions: 2->2(73)
[2025-05-24T13:20:22.899+0000][69][info ][gc,heap     ] GC(30) Old regions: 25->25
[2025-05-24T13:20:22.899+0000][69][info ][gc,heap     ] GC(30) Humongous regions: 0->0
[2025-05-24T13:20:22.900+0000][69][info ][gc,metaspace] GC(30) Metaspace: 143908K(148544K)->143908K(148544K) NonClass: 124881K(127232K)->124881K(127232K) Class: 19027K(21312K)->19027K(21312K)
[2025-05-24T13:20:22.901+0000][69][info ][gc          ] GC(30) Pause Young (Normal) (G1 Evacuation Pause) 2422M->103M(3880M) 168.096ms
[2025-05-24T13:20:22.901+0000][69][info ][gc,cpu      ] GC(30) User=1.03s Sys=0.00s Real=0.16s
[2025-05-24T13:20:22.902+0000][69][info ][safepoint   ] Safepoint "G1CollectForAllocation", Time since last: 41668897600 ns, Reaching safepoint: 79587 ns, Cleanup: 7935 ns, At safepoint: 172994716 ns, Total: 173082238 ns
[2025-05-24T13:20:51.361+0000][69][info ][safepoint   ] Safepoint "Cleanup", Time since last: 28462090575 ns, Reaching safepoint: 10877 ns, Cleanup: 10306 ns, At safepoint: 12610 ns, Total: 33793 ns
[2025-05-24T13:21:40.281+0000][69][info ][safepoint   ] Safepoint "Cleanup", Time since last: 48925395086 ns, Reaching safepoint: 58627 ns, Cleanup: 16480 ns, At safepoint: 13918 ns, Total: 89025 ns
[2025-05-24T13:24:05.382+0000][69][info ][safepoint   ] Safepoint "Cleanup", Time since last: 145112243876 ns, Reaching safepoint: 37151 ns, Cleanup: 18702 ns, At safepoint: 18819 ns, Total: 74672 ns
[2025-05-24T13:24:31.384+0000][69][info ][safepoint   ] Safepoint "Cleanup", Time since last: 26004889275 ns, Reaching safepoint: 63452 ns, Cleanup: 18490 ns, At safepoint: 16583 ns, Total: 98525 ns
[2025-05-24T13:26:39.581+0000][69][info ][safepoint   ] Safepoint "Cleanup", Time since last: 128208981346 ns, Reaching safepoint: 61185 ns, Cleanup: 17827 ns, At safepoint: 13576 ns, Total: 92588 ns
[2025-05-24T13:27:12.223+0000][69][info ][safepoint   ] Safepoint "Cleanup", Time since last: 32645140361 ns, Reaching safepoint: 7346 ns, Cleanup: 9205 ns, At safepoint: 13521 ns, Total: 30072 ns
[2025-05-24T13:29:32.726+0000][69][info ][safepoint   ] Safepoint "Cleanup", Time since last: 140513475561 ns, Reaching safepoint: 52118 ns, Cleanup: 18666 ns, At safepoint: 10632 ns, Total: 81416 ns
[2025-05-24T13:29:40.725+0000][69][info ][safepoint   ] Safepoint "Cleanup", Time since last: 8001996767 ns, Reaching safepoint: 162526 ns, Cleanup: 23275 ns, At safepoint: 44686 ns, Total: 230487 ns
[2025-05-24T13:30:21.824+0000][69][info ][safepoint   ] Safepoint "Cleanup", Time since last: 41100872767 ns, Reaching safepoint: 45773 ns, Cleanup: 17334 ns, At safepoint: 79771 ns, Total: 142878 ns
[2025-05-24T13:32:21.203+0000][69][info ][safepoint   ] Safepoint "Cleanup", Time since last: 119389828324 ns, Reaching safepoint: 8489 ns, Cleanup: 9742 ns, At safepoint: 12327 ns, Total: 30558 ns
[2025-05-24T13:32:58.971+0000][69][info ][safepoint   ] Safepoint "Cleanup", Time since last: 37770543497 ns, Reaching safepoint: 73454 ns, Cleanup: 15298 ns, At safepoint: 11645 ns, Total: 100397 ns
[2025-05-24T13:33:15.972+0000][69][info ][safepoint   ] Safepoint "Cleanup", Time since last: 17003026964 ns, Reaching safepoint: 160474 ns, Cleanup: 20668 ns, At safepoint: 19287 ns, Total: 200429 ns
[2025-05-24T13:33:20.973+0000][69][info ][safepoint   ] Safepoint "Cleanup", Time since last: 5001542282 ns, Reaching safepoint: 25408 ns, Cleanup: 16454 ns, At safepoint: 11877 ns, Total: 53739 ns
[2025-05-24T13:33:30.975+0000][69][info ][safepoint   ] Safepoint "Cleanup", Time since last: 10002085928 ns, Reaching safepoint: 27010 ns, Cleanup: 17331 ns, At safepoint: 34038 ns, Total: 78379 ns
[2025-05-24T13:33:33.375+0000][69][info ][safepoint   ] Safepoint "Cleanup", Time since last: 2399695015 ns, Reaching safepoint: 32643 ns, Cleanup: 187498 ns, At safepoint: 60550 ns, Total: 280691 ns
[2025-05-24T13:34:40.434+0000][69][info ][safepoint   ] Safepoint "Cleanup", Time since last: 67067672691 ns, Reaching safepoint: 128734 ns, Cleanup: 45192 ns, At safepoint: 9909 ns, Total: 183835 ns
[2025-05-24T13:35:00.363+0000][69][info ][safepoint   ] Safepoint "Cleanup", Time since last: 19911352930 ns, Reaching safepoint: 17627405 ns, Cleanup: 32454 ns, At safepoint: 77596 ns, Total: 17737455 ns
[2025-05-24T13:35:42.262+0000][69][info ][safepoint   ] Safepoint "Cleanup", Time since last: 42034644887 ns, Reaching safepoint: 30845 ns, Cleanup: 446732 ns, At safepoint: 64395 ns, Total: 541972 ns
[2025-05-24T13:36:23.664+0000][69][info ][safepoint   ] Safepoint "Cleanup", Time since last: 41320314961 ns, Reaching safepoint: 115773873 ns, Cleanup: 21732 ns, At safepoint: 140957 ns, Total: 115936562 ns
[2025-05-24T13:36:24.664+0000][69][info ][safepoint   ] Safepoint "Cleanup", Time since last: 1000609998 ns, Reaching safepoint: 28584 ns, Cleanup: 21006 ns, At safepoint: 10975 ns, Total: 60565 ns
[2025-05-24T13:36:40.404+0000][69][info ][safepoint   ] Safepoint "Cleanup", Time since last: 15788689805 ns, Reaching safepoint: 484589 ns, Cleanup: 27393 ns, At safepoint: 155991 ns, Total: 667973 ns
[2025-05-24T13:37:40.304+0000][69][info ][safepoint   ] Safepoint "Cleanup", Time since last: 59947507507 ns, Reaching safepoint: 97354 ns, Cleanup: 19721 ns, At safepoint: 44099 ns, Total: 161174 ns
[2025-05-24T13:38:48.387+0000][69][info ][safepoint   ] Safepoint "Cleanup", Time since last: 68122360568 ns, Reaching safepoint: 53864 ns, Cleanup: 19838 ns, At safepoint: 11101 ns, Total: 84803 ns
[2025-05-24T13:40:04.431+0000][69][info ][safepoint   ] Safepoint "Cleanup", Time since last: 76068378577 ns, Reaching safepoint: 142026 ns, Cleanup: 18213 ns, At safepoint: 19971 ns, Total: 180210 ns
[2025-05-24T13:40:59.499+0000][69][info ][safepoint   ] Safepoint "Cleanup", Time since last: 55090171786 ns, Reaching safepoint: 705842 ns, Cleanup: 21307 ns, At safepoint: 126020 ns, Total: 853169 ns
[2025-05-24T13:41:48.112+0000][69][info ][safepoint   ] Safepoint "Cleanup", Time since last: 48627458231 ns, Reaching safepoint: 2296641 ns, Cleanup: 22935 ns, At safepoint: 15908 ns, Total: 2335484 ns
[2025-05-24T13:41:53.565+0000][69][info ][safepoint   ] Safepoint "Cleanup", Time since last: 5452886095 ns, Reaching safepoint: 138991 ns, Cleanup: 30528 ns, At safepoint: 59657 ns, Total: 229176 ns
[2025-05-24T13:41:54.571+0000][69][info ][safepoint   ] Safepoint "Cleanup", Time since last: 1005535141 ns, Reaching safepoint: 44025 ns, Cleanup: 73889 ns, At safepoint: 89108 ns, Total: 207022 ns
[2025-05-24T13:42:20.586+0000][69][info ][safepoint   ] Safepoint "Cleanup", Time since last: 26020405006 ns, Reaching safepoint: 7968 ns, Cleanup: 9286 ns, At safepoint: 13224 ns, Total: 30478 ns
[2025-05-24T13:42:29.651+0000][69][info ][safepoint   ] Safepoint "Cleanup", Time since last: 9064810319 ns, Reaching safepoint: 166202 ns, Cleanup: 18175 ns, At safepoint: 21310 ns, Total: 205687 ns
[2025-05-24T13:42:40.685+0000][69][info ][safepoint   ] Safepoint "Cleanup", Time since last: 11040749269 ns, Reaching safepoint: 49959 ns, Cleanup: 18852 ns, At safepoint: 13066 ns, Total: 81877 ns
[2025-05-24T13:42:55.736+0000][69][info ][safepoint   ] Safepoint "Cleanup", Time since last: 15050695483 ns, Reaching safepoint: 13379 ns, Cleanup: 8201 ns, At safepoint: 33006 ns, Total: 54586 ns
[2025-05-24T13:45:13.911+0000][69][info ][safepoint   ] Safepoint "Cleanup", Time since last: 138200537658 ns, Reaching safepoint: 978760 ns, Cleanup: 18939 ns, At safepoint: 135580 ns, Total: 1133279 ns
[2025-05-24T13:45:27.914+0000][69][info ][safepoint   ] Safepoint "Cleanup", Time since last: 14002697726 ns, Reaching safepoint: 61629 ns, Cleanup: 18199 ns, At safepoint: 17584 ns, Total: 97412 ns
[2025-05-24T13:45:39.914+0000][69][info ][safepoint   ] Safepoint "Cleanup", Time since last: 12002441393 ns, Reaching safepoint: 34443 ns, Cleanup: 16456 ns, At safepoint: 18352 ns, Total: 69251 ns
[2025-05-24T13:45:46.929+0000][69][info ][safepoint   ] Safepoint "Cleanup", Time since last: 7014968577 ns, Reaching safepoint: 106118 ns, Cleanup: 14896 ns, At safepoint: 67232 ns, Total: 188246 ns
[2025-05-24T13:46:01.792+0000][69][info ][safepoint   ] Safepoint "Cleanup", Time since last: 14862817608 ns, Reaching safepoint: 18383 ns, Cleanup: 14476 ns, At safepoint: 19662 ns, Total: 52521 ns
[2025-05-24T13:47:40.115+0000][69][info ][safepoint   ] Safepoint "Cleanup", Time since last: 98338746190 ns, Reaching safepoint: 75162 ns, Cleanup: 19171 ns, At safepoint: 20477 ns, Total: 114810 ns
[2025-05-24T13:50:16.514+0000][69][info ][safepoint   ] Safepoint "Cleanup", Time since last: 156413454011 ns, Reaching safepoint: 401108 ns, Cleanup: 16017 ns, At safepoint: 53092 ns, Total: 470217 ns
[2025-05-24T13:50:49.839+0000][69][info ][safepoint   ] Safepoint "Cleanup", Time since last: 33327103718 ns, Reaching safepoint: 61912 ns, Cleanup: 23157 ns, At safepoint: 17506 ns, Total: 102575 ns
[2025-05-24T13:51:19.362+0000][69][info ][safepoint   ] Safepoint "Cleanup", Time since last: 29525311936 ns, Reaching safepoint: 35232 ns, Cleanup: 17429 ns, At safepoint: 20760 ns, Total: 73421 ns
[2025-05-24T13:51:40.615+0000][69][info ][safepoint   ] Safepoint "Cleanup", Time since last: 21255609666 ns, Reaching safepoint: 73706 ns, Cleanup: 16422 ns, At safepoint: 18493 ns, Total: 108621 ns
[2025-05-24T13:51:55.585+0000][69][info ][safepoint   ] Safepoint "Cleanup", Time since last: 14969700096 ns, Reaching safepoint: 14596 ns, Cleanup: 18498 ns, At safepoint: 80235 ns, Total: 113329 ns
[2025-05-24T13:52:37.670+0000][69][info ][safepoint   ] Safepoint "Cleanup", Time since last: 42088362480 ns, Reaching safepoint: 16163 ns, Cleanup: 11469 ns, At safepoint: 19165 ns, Total: 46797 ns
[2025-05-24T13:52:38.696+0000][69][info ][safepoint   ] Safepoint "Cleanup", Time since last: 1028066819 ns, Reaching safepoint: 33745 ns, Cleanup: 17660 ns, At safepoint: 19211 ns, Total: 70616 ns
[2025-05-24T13:53:29.537+0000][69][info ][safepoint   ] Safepoint "Cleanup", Time since last: 50843763475 ns, Reaching safepoint: 36085 ns, Cleanup: 17710 ns, At safepoint: 20466 ns, Total: 74261 ns
[2025-05-24T13:54:08.952+0000][69][info ][safepoint   ] Safepoint "Cleanup", Time since last: 39420939932 ns, Reaching safepoint: 52958 ns, Cleanup: 17285 ns, At safepoint: 9261 ns, Total: 79504 ns
[2025-05-24T13:54:23.956+0000][69][info ][safepoint   ] Safepoint "Cleanup", Time since last: 15003142640 ns, Reaching safepoint: 74850 ns, Cleanup: 15927 ns, At safepoint: 10428 ns, Total: 101205 ns
[2025-05-24T13:56:19.743+0000][69][info ][safepoint   ] Safepoint "Cleanup", Time since last: 115797807999 ns, Reaching safepoint: 37228 ns, Cleanup: 19182 ns, At safepoint: 76936 ns, Total: 133346 ns
[2025-05-24T13:56:34.770+0000][69][info ][safepoint   ] Safepoint "Cleanup", Time since last: 15026672599 ns, Reaching safepoint: 15872 ns, Cleanup: 21285 ns, At safepoint: 85760 ns, Total: 122917 ns
[2025-05-24T13:57:54.124+0000][69][info ][safepoint   ] Safepoint "Cleanup", Time since last: 79361076914 ns, Reaching safepoint: 126456 ns, Cleanup: 66838 ns, At safepoint: 20019 ns, Total: 213313 ns
[2025-05-24T14:02:52.619+0000][69][info ][safepoint   ] Safepoint "Cleanup", Time since last: 298522555689 ns, Reaching safepoint: 154809 ns, Cleanup: 13327 ns, At safepoint: 38345 ns, Total: 206481 ns
[2025-05-24T14:03:19.660+0000][69][info ][safepoint   ] Safepoint "Cleanup", Time since last: 27043779522 ns, Reaching safepoint: 80838 ns, Cleanup: 18617 ns, At safepoint: 20340 ns, Total: 119795 ns
[2025-05-24T14:05:58.732+0000][69][info ][safepoint   ] Safepoint "Cleanup", Time since last: 159085166171 ns, Reaching safepoint: 30329 ns, Cleanup: 15519 ns, At safepoint: 67458 ns, Total: 113306 ns
[2025-05-24T14:06:01.497+0000][69][info ][safepoint   ] Safepoint "Cleanup", Time since last: 2765273122 ns, Reaching safepoint: 10401 ns, Cleanup: 9937 ns, At safepoint: 14411 ns, Total: 34749 ns
[2025-05-24T14:06:13.494+0000][69][info ][safepoint   ] Safepoint "Cleanup", Time since last: 11999881645 ns, Reaching safepoint: 17557 ns, Cleanup: 9595 ns, At safepoint: 13242 ns, Total: 40394 ns
[2025-05-24T14:07:04.918+0000][69][info ][safepoint   ] Safepoint "Cleanup", Time since last: 51425951806 ns, Reaching safepoint: 30854 ns, Cleanup: 18672 ns, At safepoint: 44452 ns, Total: 93978 ns
[2025-05-24T14:07:34.035+0000][69][info ][gc,start    ] GC(31) Pause Young (Concurrent Start) (G1 Evacuation Pause)
[2025-05-24T14:07:34.040+0000][69][info ][gc,task     ] GC(31) Using 10 workers of 10 for evacuation
[2025-05-24T14:07:34.041+0000][69][debug][gc,age      ] GC(31) Desired survivor size 153092096 bytes, new threshold 15 (max threshold 15)
[2025-05-24T14:07:34.308+0000][69][info ][gc,mmu      ] GC(31) MMU target violated: 201.0ms (200.0ms/201.0ms)
[2025-05-24T14:07:34.309+0000][69][info ][gc,phases   ] GC(31)   Pre Evacuate Collection Set: 20.89ms
[2025-05-24T14:07:34.309+0000][69][info ][gc,phases   ] GC(31)   Merge Heap Roots: 2.22ms
[2025-05-24T14:07:34.310+0000][69][info ][gc,phases   ] GC(31)   Evacuate Collection Set: 217.18ms
[2025-05-24T14:07:34.310+0000][69][info ][gc,phases   ] GC(31)   Post Evacuate Collection Set: 22.08ms
[2025-05-24T14:07:34.311+0000][69][info ][gc,phases   ] GC(31)   Other: 7.26ms
[2025-05-24T14:07:34.311+0000][69][trace][gc,age      ] GC(31) Age table with threshold 15 (max threshold 15)
[2025-05-24T14:07:34.311+0000][69][trace][gc,age      ] GC(31) - age   1:    1464896 bytes,    1464896 total
[2025-05-24T14:07:34.312+0000][69][trace][gc,age      ] GC(31) - age   2:     193584 bytes,    1658480 total
[2025-05-24T14:07:34.312+0000][69][trace][gc,age      ] GC(31) - age   3:     115200 bytes,    1773680 total
[2025-05-24T14:07:34.313+0000][69][trace][gc,age      ] GC(31) - age   4:     145176 bytes,    1918856 total
[2025-05-24T14:07:34.313+0000][69][trace][gc,age      ] GC(31) - age   5:      33328 bytes,    1952184 total
[2025-05-24T14:07:34.313+0000][69][trace][gc,age      ] GC(31) - age   6:     145656 bytes,    2097840 total
[2025-05-24T14:07:34.314+0000][69][trace][gc,age      ] GC(31) - age   7:     341664 bytes,    2439504 total
[2025-05-24T14:07:34.314+0000][69][trace][gc,age      ] GC(31) - age   8:     496664 bytes,    2936168 total
[2025-05-24T14:07:34.315+0000][69][trace][gc,age      ] GC(31) - age   9:      72864 bytes,    3009032 total
[2025-05-24T14:07:34.315+0000][69][trace][gc,age      ] GC(31) - age  10:     202832 bytes,    3211864 total
[2025-05-24T14:07:34.315+0000][69][trace][gc,age      ] GC(31) - age  11:     144472 bytes,    3356336 total
[2025-05-24T14:07:34.316+0000][69][trace][gc,age      ] GC(31) - age  12:     163664 bytes,    3520000 total
[2025-05-24T14:07:34.316+0000][69][trace][gc,age      ] GC(31) - age  13:     135048 bytes,    3655048 total
[2025-05-24T14:07:34.317+0000][69][trace][gc,age      ] GC(31) - age  14:     448536 bytes,    4103584 total
[2025-05-24T14:07:34.317+0000][69][trace][gc,age      ] GC(31) - age  15:      40704 bytes,    4144288 total
[2025-05-24T14:07:34.317+0000][69][info ][gc,heap     ] GC(31) Eden regions: 580->0(580)
[2025-05-24T14:07:34.318+0000][69][info ][gc,heap     ] GC(31) Survivor regions: 2->2(73)
[2025-05-24T14:07:34.319+0000][69][info ][gc,heap     ] GC(31) Old regions: 25->25
[2025-05-24T14:07:34.319+0000][69][info ][gc,heap     ] GC(31) Humongous regions: 0->0
[2025-05-24T14:07:34.320+0000][69][info ][gc,metaspace] GC(31) Metaspace: 143979K(148544K)->143979K(148544K) NonClass: 124952K(127232K)->124952K(127232K) Class: 19027K(21312K)->19027K(21312K)
[2025-05-24T14:07:34.321+0000][69][info ][gc          ] GC(31) Pause Young (Concurrent Start) (G1 Evacuation Pause) 2423M->103M(3880M) 286.074ms
[2025-05-24T14:07:34.322+0000][69][info ][gc,cpu      ] GC(31) User=1.19s Sys=0.00s Real=0.29s
[2025-05-24T14:07:34.323+0000][69][info ][safepoint   ] Safepoint "G1CollectForAllocation", Time since last: 29118118489 ns, Reaching safepoint: 59232 ns, Cleanup: 5732 ns, At safepoint: 289967438 ns, Total: 290032402 ns
[2025-05-24T14:07:34.323+0000][69][info ][gc          ] GC(32) Concurrent Mark Cycle
[2025-05-24T14:07:34.325+0000][69][info ][gc,marking  ] GC(32) Concurrent Scan Root Regions
[2025-05-24T14:07:34.417+0000][69][info ][gc,marking  ] GC(32) Concurrent Scan Root Regions 91.967ms
[2025-05-24T14:07:34.417+0000][69][info ][gc,marking  ] GC(32) Concurrent Mark
[2025-05-24T14:07:34.418+0000][69][info ][gc,marking  ] GC(32) Concurrent Mark From Roots
[2025-05-24T14:07:34.418+0000][69][info ][gc,task     ] GC(32) Using 3 workers of 3 for marking
[2025-05-24T14:07:34.658+0000][69][info ][gc,marking  ] GC(32) Concurrent Mark From Roots 240.475ms
[2025-05-24T14:07:34.659+0000][69][info ][gc,marking  ] GC(32) Concurrent Preclean
[2025-05-24T14:07:34.660+0000][69][info ][gc,marking  ] GC(32) Concurrent Preclean 1.375ms
[2025-05-24T14:07:34.661+0000][69][info ][gc,start    ] GC(32) Pause Remark
[2025-05-24T14:07:34.769+0000][69][info ][gc          ] GC(32) Pause Remark 111M->111M(3880M) 108.703ms
[2025-05-24T14:07:34.770+0000][69][info ][gc,cpu      ] GC(32) User=0.92s Sys=0.00s Real=0.11s
[2025-05-24T14:07:34.771+0000][69][info ][safepoint   ] Safepoint "G1PauseRemark", Time since last: 337757479 ns, Reaching safepoint: 19326 ns, Cleanup: 5154 ns, At safepoint: 109890389 ns, Total: 109914869 ns
[2025-05-24T14:07:34.771+0000][69][info ][gc,marking  ] GC(32) Concurrent Mark 354.329ms
[2025-05-24T14:07:34.772+0000][69][info ][gc,marking  ] GC(32) Concurrent Rebuild Remembered Sets and Scrub Regions
[2025-05-24T14:07:34.808+0000][69][info ][gc,marking  ] GC(32) Concurrent Rebuild Remembered Sets and Scrub Regions 36.561ms
[2025-05-24T14:07:34.810+0000][69][info ][gc,start    ] GC(32) Pause Cleanup
[2025-05-24T14:07:34.812+0000][69][info ][gc          ] GC(32) Pause Cleanup 111M->111M(3880M) 2.137ms
[2025-05-24T14:07:34.812+0000][69][info ][gc,cpu      ] GC(32) User=0.00s Sys=0.00s Real=0.00s
[2025-05-24T14:07:34.813+0000][69][info ][safepoint   ] Safepoint "G1PauseCleanup", Time since last: 38455626 ns, Reaching safepoint: 32769 ns, Cleanup: 527514 ns, At safepoint: 3702539 ns, Total: 4262822 ns
[2025-05-24T14:07:34.814+0000][69][info ][gc,marking  ] GC(32) Concurrent Clear Claimed Marks
[2025-05-24T14:07:34.815+0000][69][info ][gc,marking  ] GC(32) Concurrent Clear Claimed Marks 0.778ms
[2025-05-24T14:07:34.815+0000][69][info ][gc,marking  ] GC(32) Concurrent Cleanup for Next Mark
[2025-05-24T14:07:34.879+0000][69][info ][gc,marking  ] GC(32) Concurrent Cleanup for Next Mark 63.738ms
[2025-05-24T14:07:34.880+0000][69][info ][gc          ] GC(32) Concurrent Mark Cycle 556.541ms
[2025-05-24T14:07:39.812+0000][69][info ][safepoint   ] Safepoint "Cleanup", Time since last: 5001591347 ns, Reaching safepoint: 39952 ns, Cleanup: 19745 ns, At safepoint: 20689 ns, Total: 80386 ns
[2025-05-24T14:09:53.885+0000][69][info ][safepoint   ] Safepoint "Cleanup", Time since last: 134083312915 ns, Reaching safepoint: 59881 ns, Cleanup: 17650 ns, At safepoint: 20188 ns, Total: 97719 ns
[2025-05-24T14:10:14.076+0000][69][info ][safepoint   ] Safepoint "Cleanup", Time since last: 20193372267 ns, Reaching safepoint: 25458 ns, Cleanup: 15107 ns, At safepoint: 80244 ns, Total: 120809 ns
[2025-05-24T14:10:40.111+0000][69][info ][safepoint   ] Safepoint "Cleanup", Time since last: 26038190055 ns, Reaching safepoint: 77226 ns, Cleanup: 24047 ns, At safepoint: 37165 ns, Total: 138438 ns
[2025-05-24T14:11:22.243+0000][69][info ][safepoint   ] Safepoint "Cleanup", Time since last: 42134416552 ns, Reaching safepoint: 34058 ns, Cleanup: 18771 ns, At safepoint: 18541 ns, Total: 71370 ns
[2025-05-24T14:11:28.993+0000][69][info ][safepoint   ] Safepoint "Cleanup", Time since last: 6750292535 ns, Reaching safepoint: 17066 ns, Cleanup: 13169 ns, At safepoint: 21777 ns, Total: 52012 ns
[2025-05-24T14:11:30.169+0000][69][info ][safepoint   ] Safepoint "Cleanup", Time since last: 1175644611 ns, Reaching safepoint: 35020 ns, Cleanup: 17614 ns, At safepoint: 19933 ns, Total: 72567 ns
[2025-05-24T14:12:20.266+0000][69][info ][safepoint   ] Safepoint "Cleanup", Time since last: 50102030123 ns, Reaching safepoint: 20661 ns, Cleanup: 10791 ns, At safepoint: 15110 ns, Total: 46562 ns
[2025-05-24T14:13:22.498+0000][69][info ][safepoint   ] Safepoint "Cleanup", Time since last: 62237558798 ns, Reaching safepoint: 24360 ns, Cleanup: 24418 ns, At safepoint: 87885 ns, Total: 136663 ns
[2025-05-24T14:13:24.358+0000][69][info ][safepoint   ] Safepoint "Cleanup", Time since last: 1860658950 ns, Reaching safepoint: 20988 ns, Cleanup: 15635 ns, At safepoint: 10687 ns, Total: 47310 ns
[2025-05-24T14:16:05.496+0000][69][info ][safepoint   ] Safepoint "Cleanup", Time since last: 161152184488 ns, Reaching safepoint: 127089 ns, Cleanup: 17004 ns, At safepoint: 97990 ns, Total: 242083 ns
[2025-05-24T14:16:09.507+0000][69][info ][safepoint   ] Safepoint "Cleanup", Time since last: 4012594564 ns, Reaching safepoint: 44515 ns, Cleanup: 23383 ns, At safepoint: 16073 ns, Total: 83971 ns
[2025-05-24T14:17:04.143+0000][69][info ][safepoint   ] Safepoint "Cleanup", Time since last: 54637802511 ns, Reaching safepoint: 133437 ns, Cleanup: 20740 ns, At safepoint: 15637 ns, Total: 169814 ns
[2025-05-24T14:17:28.674+0000][69][info ][safepoint   ] Safepoint "Cleanup", Time since last: 24534707066 ns, Reaching safepoint: 182624 ns, Cleanup: 18019 ns, At safepoint: 74799 ns, Total: 275442 ns
[2025-05-24T14:19:31.209+0000][69][info ][safepoint   ] Safepoint "Cleanup", Time since last: 122546066277 ns, Reaching safepoint: 79176 ns, Cleanup: 22953 ns, At safepoint: 36624 ns, Total: 138753 ns
[2025-05-24T14:20:40.240+0000][69][info ][safepoint   ] Safepoint "Cleanup", Time since last: 69038708971 ns, Reaching safepoint: 61875 ns, Cleanup: 18913 ns, At safepoint: 11832 ns, Total: 92620 ns
[2025-05-24T14:27:34.637+0000][69][info ][safepoint   ] Safepoint "Cleanup", Time since last: 414432973028 ns, Reaching safepoint: 93025 ns, Cleanup: 20108 ns, At safepoint: 20797 ns, Total: 133930 ns
[2025-05-24T14:30:10.493+0000][69][info ][safepoint   ] Safepoint "Cleanup", Time since last: 155872324337 ns, Reaching safepoint: 196087 ns, Cleanup: 20513 ns, At safepoint: 149483 ns, Total: 366083 ns
[2025-05-24T14:30:23.847+0000][69][info ][safepoint   ] Safepoint "Cleanup", Time since last: 13353702539 ns, Reaching safepoint: 182067 ns, Cleanup: 21897 ns, At safepoint: 19888 ns, Total: 223852 ns
[2025-05-24T14:30:39.848+0000][69][info ][safepoint   ] Safepoint "Cleanup", Time since last: 16003490317 ns, Reaching safepoint: 155506 ns, Cleanup: 21569 ns, At safepoint: 16062 ns, Total: 193137 ns
[2025-05-24T14:32:17.075+0000][69][info ][safepoint   ] Safepoint "Cleanup", Time since last: 97235879023 ns, Reaching safepoint: 16232 ns, Cleanup: 30876 ns, At safepoint: 88698 ns, Total: 135806 ns
[2025-05-24T14:33:21.170+0000][69][info ][safepoint   ] Safepoint "Cleanup", Time since last: 64100271582 ns, Reaching safepoint: 50180 ns, Cleanup: 16540 ns, At safepoint: 11020 ns, Total: 77740 ns
[2025-05-24T14:37:00.927+0000][69][info ][safepoint   ] Safepoint "Cleanup", Time since last: 219776115033 ns, Reaching safepoint: 40141 ns, Cleanup: 20354 ns, At safepoint: 21065 ns, Total: 81560 ns
[2025-05-24T14:41:05.268+0000][69][info ][safepoint   ] Safepoint "Cleanup", Time since last: 244374730094 ns, Reaching safepoint: 159428 ns, Cleanup: 158584 ns, At safepoint: 62190 ns, Total: 380202 ns
[2025-05-24T14:41:12.328+0000][69][info ][safepoint   ] Safepoint "Cleanup", Time since last: 7062950017 ns, Reaching safepoint: 810733 ns, Cleanup: 317531 ns, At safepoint: 496918 ns, Total: 1625182 ns
[2025-05-24T14:41:13.341+0000][69][info ][safepoint   ] Safepoint "Cleanup", Time since last: 1012683271 ns, Reaching safepoint: 17606 ns, Cleanup: 66922 ns, At safepoint: 25669 ns, Total: 110197 ns
[2025-05-24T14:41:14.462+0000][69][info ][safepoint   ] Safepoint "Cleanup", Time since last: 1120842665 ns, Reaching safepoint: 39348 ns, Cleanup: 29651 ns, At safepoint: 23330 ns, Total: 92329 ns
[2025-05-24T14:41:17.365+0000][69][info ][safepoint   ] Safepoint "Cleanup", Time since last: 2902231346 ns, Reaching safepoint: 849312 ns, Cleanup: 31220 ns, At safepoint: 106385 ns, Total: 986917 ns
[2025-05-24T14:41:18.406+0000][69][info ][safepoint   ] Safepoint "Cleanup", Time since last: 1040965511 ns, Reaching safepoint: 51528 ns, Cleanup: 33448 ns, At safepoint: 21165 ns, Total: 106141 ns
[2025-05-24T14:41:24.507+0000][69][info ][safepoint   ] Safepoint "Cleanup", Time since last: 6101223178 ns, Reaching safepoint: 44895 ns, Cleanup: 24081 ns, At safepoint: 14567 ns, Total: 83543 ns
[2025-05-24T14:41:29.354+0000][69][info ][safepoint   ] Safepoint "Cleanup", Time since last: 4846218553 ns, Reaching safepoint: 16747 ns, Cleanup: 11670 ns, At safepoint: 20037 ns, Total: 48454 ns
[2025-05-24T14:41:30.575+0000][69][info ][safepoint   ] Safepoint "Cleanup", Time since last: 1221302018 ns, Reaching safepoint: 29799 ns, Cleanup: 57964 ns, At safepoint: 15167 ns, Total: 102930 ns
[2025-05-24T14:41:31.611+0000][69][info ][safepoint   ] Safepoint "Cleanup", Time since last: 1035662606 ns, Reaching safepoint: 55407 ns, Cleanup: 38411 ns, At safepoint: 27030 ns, Total: 120848 ns
[2025-05-24T14:41:32.668+0000][69][info ][safepoint   ] Safepoint "Cleanup", Time since last: 1056797124 ns, Reaching safepoint: 9958 ns, Cleanup: 74741 ns, At safepoint: 16860 ns, Total: 101559 ns
[2025-05-24T14:41:34.745+0000][69][info ][safepoint   ] Safepoint "Cleanup", Time since last: 2077119411 ns, Reaching safepoint: 93624 ns, Cleanup: 53729 ns, At safepoint: 34762 ns, Total: 182115 ns
[2025-05-24T14:41:38.743+0000][69][info ][safepoint   ] Safepoint "Cleanup", Time since last: 4001296182 ns, Reaching safepoint: 48798 ns, Cleanup: 29893 ns, At safepoint: 22010 ns, Total: 100701 ns
[2025-05-24T14:41:39.744+0000][69][info ][safepoint   ] Safepoint "Cleanup", Time since last: 1000833642 ns, Reaching safepoint: 34644 ns, Cleanup: 164100 ns, At safepoint: 19776 ns, Total: 218520 ns
[2025-05-24T14:41:41.350+0000][69][info ][safepoint   ] Safepoint "Cleanup", Time since last: 1606275867 ns, Reaching safepoint: 36305 ns, Cleanup: 60230 ns, At safepoint: 26842 ns, Total: 123377 ns
[2025-05-24T14:41:44.786+0000][69][info ][safepoint   ] Safepoint "Cleanup", Time since last: 3436005802 ns, Reaching safepoint: 33053 ns, Cleanup: 62962 ns, At safepoint: 16425 ns, Total: 112440 ns
[2025-05-24T14:41:48.789+0000][69][info ][safepoint   ] Safepoint "Cleanup", Time since last: 4002566998 ns, Reaching safepoint: 205292 ns, Cleanup: 38428 ns, At safepoint: 30952 ns, Total: 274672 ns
[2025-05-24T14:41:54.304+0000][69][info ][safepoint   ] Safepoint "Cleanup", Time since last: 5514303096 ns, Reaching safepoint: 150154 ns, Cleanup: 20653 ns, At safepoint: 59275 ns, Total: 230082 ns
[2025-05-24T14:41:55.433+0000][69][info ][safepoint   ] Safepoint "Cleanup", Time since last: 1129264727 ns, Reaching safepoint: 32680 ns, Cleanup: 17515 ns, At safepoint: 13117 ns, Total: 63312 ns
[2025-05-24T14:42:09.431+0000][69][info ][safepoint   ] Safepoint "Cleanup", Time since last: 14002887456 ns, Reaching safepoint: 172682 ns, Cleanup: 20343 ns, At safepoint: 23845 ns, Total: 216870 ns
[2025-05-24T14:42:14.433+0000][69][info ][safepoint   ] Safepoint "Cleanup", Time since last: 5001413326 ns, Reaching safepoint: 39533 ns, Cleanup: 26333 ns, At safepoint: 16402 ns, Total: 82268 ns
[2025-05-24T14:42:17.434+0000][69][info ][safepoint   ] Safepoint "Cleanup", Time since last: 3001434691 ns, Reaching safepoint: 92300 ns, Cleanup: 30163 ns, At safepoint: 24704 ns, Total: 147167 ns
[2025-05-24T14:42:18.436+0000][69][info ][safepoint   ] Safepoint "Cleanup", Time since last: 1000968790 ns, Reaching safepoint: 55132 ns, Cleanup: 29701 ns, At safepoint: 20496 ns, Total: 105329 ns
[2025-05-24T14:42:20.389+0000][69][info ][safepoint   ] Safepoint "Cleanup", Time since last: 1953251617 ns, Reaching safepoint: 23595 ns, Cleanup: 18704 ns, At safepoint: 23929 ns, Total: 66228 ns
[2025-05-24T14:42:21.866+0000][69][info ][safepoint   ] Safepoint "Cleanup", Time since last: 1477201196 ns, Reaching safepoint: 37090 ns, Cleanup: 34113 ns, At safepoint: 21417 ns, Total: 92620 ns
[2025-05-24T14:42:24.446+0000][69][info ][safepoint   ] Safepoint "Cleanup", Time since last: 2580024852 ns, Reaching safepoint: 44843 ns, Cleanup: 28442 ns, At safepoint: 92869 ns, Total: 166154 ns
[2025-05-24T14:42:26.371+0000][69][info ][safepoint   ] Safepoint "Cleanup", Time since last: 1924041453 ns, Reaching safepoint: 30459 ns, Cleanup: 23766 ns, At safepoint: 81080 ns, Total: 135305 ns
[2025-05-24T14:42:27.894+0000][69][info ][safepoint   ] Safepoint "Cleanup", Time since last: 1523140711 ns, Reaching safepoint: 35272 ns, Cleanup: 29023 ns, At safepoint: 20508 ns, Total: 84803 ns
[2025-05-24T14:42:31.002+0000][69][info ][safepoint   ] Safepoint "Cleanup", Time since last: 3108317177 ns, Reaching safepoint: 20716 ns, Cleanup: 19150 ns, At safepoint: 22641 ns, Total: 62507 ns
[2025-05-24T14:42:32.003+0000][69][info ][safepoint   ] Safepoint "Cleanup", Time since last: 1000954151 ns, Reaching safepoint: 45629 ns, Cleanup: 80571 ns, At safepoint: 23649 ns, Total: 149849 ns
[2025-05-24T14:42:36.005+0000][69][info ][safepoint   ] Safepoint "Cleanup", Time since last: 4001144670 ns, Reaching safepoint: 93689 ns, Cleanup: 22149 ns, At safepoint: 15382 ns, Total: 131220 ns
[2025-05-24T14:42:40.001+0000][69][info ][safepoint   ] Safepoint "Cleanup", Time since last: 4000979161 ns, Reaching safepoint: 25775 ns, Cleanup: 65299 ns, At safepoint: 11703 ns, Total: 102777 ns
[2025-05-24T14:42:42.002+0000][69][info ][safepoint   ] Safepoint "Cleanup", Time since last: 2001471775 ns, Reaching safepoint: 35581 ns, Cleanup: 24752 ns, At safepoint: 35319 ns, Total: 95652 ns
[2025-05-24T14:42:44.375+0000][69][info ][safepoint   ] Safepoint "Cleanup", Time since last: 2372085209 ns, Reaching safepoint: 545206 ns, Cleanup: 30637 ns, At safepoint: 95772 ns, Total: 671615 ns
[2025-05-24T14:42:46.063+0000][69][info ][safepoint   ] Safepoint "Cleanup", Time since last: 1688215481 ns, Reaching safepoint: 13864 ns, Cleanup: 22535 ns, At safepoint: 19259 ns, Total: 55658 ns
[2025-05-24T14:42:49.074+0000][69][info ][safepoint   ] Safepoint "Cleanup", Time since last: 3010477410 ns, Reaching safepoint: 58746 ns, Cleanup: 21661 ns, At safepoint: 13722 ns, Total: 94129 ns
[2025-05-24T14:42:50.360+0000][69][info ][safepoint   ] Safepoint "Cleanup", Time since last: 1285680661 ns, Reaching safepoint: 23918 ns, Cleanup: 16659 ns, At safepoint: 74703 ns, Total: 115280 ns
[2025-05-24T14:43:14.672+0000][69][info ][safepoint   ] Safepoint "Cleanup", Time since last: 24315580012 ns, Reaching safepoint: 117190 ns, Cleanup: 30222 ns, At safepoint: 12603 ns, Total: 160015 ns
[2025-05-24T14:43:39.672+0000][69][info ][safepoint   ] Safepoint "Cleanup", Time since last: 25004659148 ns, Reaching safepoint: 89632 ns, Cleanup: 28028 ns, At safepoint: 30736 ns, Total: 148396 ns
[2025-05-24T14:43:47.474+0000][69][info ][safepoint   ] Safepoint "Cleanup", Time since last: 7800320496 ns, Reaching safepoint: 1173315 ns, Cleanup: 25300 ns, At safepoint: 124619 ns, Total: 1323234 ns
[2025-05-24T14:44:54.397+0000][69][info ][safepoint   ] Safepoint "Cleanup", Time since last: 66931340031 ns, Reaching safepoint: 28183 ns, Cleanup: 13833 ns, At safepoint: 9750 ns, Total: 51766 ns
[2025-05-24T14:45:54.297+0000][69][info ][safepoint   ] Safepoint "Cleanup", Time since last: 59909709747 ns, Reaching safepoint: 34647 ns, Cleanup: 16575 ns, At safepoint: 68501 ns, Total: 119723 ns
[2025-05-24T14:46:21.335+0000][69][info ][safepoint   ] Safepoint "Cleanup", Time since last: 27041593525 ns, Reaching safepoint: 29123 ns, Cleanup: 17624 ns, At safepoint: 23124 ns, Total: 69871 ns
[2025-05-24T14:46:40.403+0000][69][info ][safepoint   ] Safepoint "Cleanup", Time since last: 19071960676 ns, Reaching safepoint: 47397 ns, Cleanup: 41122 ns, At safepoint: 12336 ns, Total: 100855 ns
[2025-05-24T14:46:56.339+0000][69][info ][safepoint   ] Safepoint "Cleanup", Time since last: 15935584542 ns, Reaching safepoint: 31191 ns, Cleanup: 10984 ns, At safepoint: 13227 ns, Total: 55402 ns
[2025-05-24T14:46:57.452+0000][69][info ][safepoint   ] Safepoint "Cleanup", Time since last: 1112933909 ns, Reaching safepoint: 345473 ns, Cleanup: 11794 ns, At safepoint: 58226 ns, Total: 415493 ns
[2025-05-24T14:47:32.478+0000][69][info ][safepoint   ] Safepoint "Cleanup", Time since last: 35029974920 ns, Reaching safepoint: 54030 ns, Cleanup: 17561 ns, At safepoint: 29334 ns, Total: 100925 ns
[2025-05-24T14:47:39.515+0000][69][info ][safepoint   ] Safepoint "Cleanup", Time since last: 7040214705 ns, Reaching safepoint: 31825 ns, Cleanup: 20335 ns, At safepoint: 17591 ns, Total: 69751 ns
[2025-05-24T14:48:39.705+0000][69][info ][safepoint   ] Safepoint "Cleanup", Time since last: 60197743377 ns, Reaching safepoint: 55087 ns, Cleanup: 16387 ns, At safepoint: 10789 ns, Total: 82263 ns
[2025-05-24T14:49:32.609+0000][69][info ][safepoint   ] Safepoint "Cleanup", Time since last: 52909227011 ns, Reaching safepoint: 73748 ns, Cleanup: 18378 ns, At safepoint: 18193 ns, Total: 110319 ns
[2025-05-24T14:50:05.317+0000][69][info ][safepoint   ] Safepoint "Cleanup", Time since last: 32712138903 ns, Reaching safepoint: 11443 ns, Cleanup: 9786 ns, At safepoint: 14601 ns, Total: 35830 ns
[2025-05-24T14:50:39.644+0000][69][info ][safepoint   ] Safepoint "Cleanup", Time since last: 34333856161 ns, Reaching safepoint: 56882 ns, Cleanup: 16989 ns, At safepoint: 14108 ns, Total: 87979 ns
[2025-05-24T14:50:49.646+0000][69][info ][safepoint   ] Safepoint "Cleanup", Time since last: 10002389738 ns, Reaching safepoint: 81299 ns, Cleanup: 24376 ns, At safepoint: 20938 ns, Total: 126613 ns
[2025-05-24T14:51:18.746+0000][69][info ][safepoint   ] Safepoint "Cleanup", Time since last: 29103040375 ns, Reaching safepoint: 28467 ns, Cleanup: 52413 ns, At safepoint: 45287 ns, Total: 126167 ns
[2025-05-24T14:51:23.297+0000][69][info ][safepoint   ] Safepoint "Cleanup", Time since last: 4551198243 ns, Reaching safepoint: 6773 ns, Cleanup: 10262 ns, At safepoint: 13055 ns, Total: 30090 ns
[2025-05-24T14:51:39.797+0000][69][info ][safepoint   ] Safepoint "Cleanup", Time since last: 16504019772 ns, Reaching safepoint: 45696 ns, Cleanup: 28475 ns, At safepoint: 14722 ns, Total: 88893 ns
[2025-05-24T14:52:11.376+0000][69][info ][safepoint   ] Safepoint "Cleanup", Time since last: 31583277940 ns, Reaching safepoint: 113496 ns, Cleanup: 13568 ns, At safepoint: 66478 ns, Total: 193542 ns
[2025-05-24T14:52:13.058+0000][69][info ][safepoint   ] Safepoint "Cleanup", Time since last: 1541452603 ns, Reaching safepoint: 139894757 ns, Cleanup: 17910 ns, At safepoint: 107191 ns, Total: 140019858 ns
[2025-05-24T14:52:26.282+0000][69][info ][gc,start    ] GC(33) Pause Young (Normal) (G1 Evacuation Pause)
[2025-05-24T14:52:26.286+0000][69][info ][gc,task     ] GC(33) Using 10 workers of 10 for evacuation
[2025-05-24T14:52:26.288+0000][69][debug][gc,age      ] GC(33) Desired survivor size 153092096 bytes, new threshold 15 (max threshold 15)
[2025-05-24T14:52:26.435+0000][69][info ][gc,phases   ] GC(33)   Pre Evacuate Collection Set: 11.97ms
[2025-05-24T14:52:26.436+0000][69][info ][gc,phases   ] GC(33)   Merge Heap Roots: 4.10ms
[2025-05-24T14:52:26.436+0000][69][info ][gc,phases   ] GC(33)   Evacuate Collection Set: 115.40ms
[2025-05-24T14:52:26.437+0000][69][info ][gc,phases   ] GC(33)   Post Evacuate Collection Set: 12.53ms
[2025-05-24T14:52:26.437+0000][69][info ][gc,phases   ] GC(33)   Other: 5.33ms
[2025-05-24T14:52:26.437+0000][69][trace][gc,age      ] GC(33) Age table with threshold 15 (max threshold 15)
[2025-05-24T14:52:26.438+0000][69][trace][gc,age      ] GC(33) - age   1:    1612104 bytes,    1612104 total
[2025-05-24T14:52:26.438+0000][69][trace][gc,age      ] GC(33) - age   2:     184536 bytes,    1796640 total
[2025-05-24T14:52:26.440+0000][69][trace][gc,age      ] GC(33) - age   3:     143104 bytes,    1939744 total
[2025-05-24T14:52:26.441+0000][69][trace][gc,age      ] GC(33) - age   4:     114624 bytes,    2054368 total
[2025-05-24T14:52:26.441+0000][69][trace][gc,age      ] GC(33) - age   5:     144832 bytes,    2199200 total
[2025-05-24T14:52:26.441+0000][69][trace][gc,age      ] GC(33) - age   6:      32880 bytes,    2232080 total
[2025-05-24T14:52:26.442+0000][69][trace][gc,age      ] GC(33) - age   7:     145384 bytes,    2377464 total
[2025-05-24T14:52:26.442+0000][69][trace][gc,age      ] GC(33) - age   8:     162608 bytes,    2540072 total
[2025-05-24T14:52:26.442+0000][69][trace][gc,age      ] GC(33) - age   9:     290120 bytes,    2830192 total
[2025-05-24T14:52:26.443+0000][69][trace][gc,age      ] GC(33) - age  10:      72808 bytes,    2903000 total
[2025-05-24T14:52:26.443+0000][69][trace][gc,age      ] GC(33) - age  11:     202224 bytes,    3105224 total
[2025-05-24T14:52:26.444+0000][69][trace][gc,age      ] GC(33) - age  12:     144472 bytes,    3249696 total
[2025-05-24T14:52:26.444+0000][69][trace][gc,age      ] GC(33) - age  13:     163664 bytes,    3413360 total
[2025-05-24T14:52:26.445+0000][69][trace][gc,age      ] GC(33) - age  14:     135048 bytes,    3548408 total
[2025-05-24T14:52:26.445+0000][69][trace][gc,age      ] GC(33) - age  15:     439480 bytes,    3987888 total
[2025-05-24T14:52:26.446+0000][69][info ][gc,heap     ] GC(33) Eden regions: 580->0(580)
[2025-05-24T14:52:26.446+0000][69][info ][gc,heap     ] GC(33) Survivor regions: 2->2(73)
[2025-05-24T14:52:26.447+0000][69][info ][gc,heap     ] GC(33) Old regions: 25->25
[2025-05-24T14:52:26.447+0000][69][info ][gc,heap     ] GC(33) Humongous regions: 0->0
[2025-05-24T14:52:26.448+0000][69][info ][gc,metaspace] GC(33) Metaspace: 144443K(148608K)->144443K(148608K) NonClass: 125327K(127296K)->125327K(127296K) Class: 19116K(21312K)->19116K(21312K)
[2025-05-24T14:52:26.448+0000][69][info ][gc          ] GC(33) Pause Young (Normal) (G1 Evacuation Pause) 2423M->102M(3880M) 166.062ms
[2025-05-24T14:52:26.449+0000][69][info ][gc,cpu      ] GC(33) User=0.98s Sys=0.00s Real=0.17s
[2025-05-24T14:52:26.449+0000][69][info ][safepoint   ] Safepoint "G1CollectForAllocation", Time since last: 13221881344 ns, Reaching safepoint: 18697 ns, Cleanup: 5306 ns, At safepoint: 169516188 ns, Total: 169540191 ns
[2025-05-24T14:52:40.110+0000][69][info ][safepoint   ] Safepoint "Cleanup", Time since last: 13663507519 ns, Reaching safepoint: 56798 ns, Cleanup: 18574 ns, At safepoint: 11303 ns, Total: 86675 ns
[2025-05-24T14:53:14.323+0000][69][info ][safepoint   ] Safepoint "Cleanup", Time since last: 34217986505 ns, Reaching safepoint: 19926 ns, Cleanup: 24603 ns, At safepoint: 97936 ns, Total: 142465 ns
[2025-05-24T14:53:54.829+0000][69][info ][safepoint   ] Safepoint "Cleanup", Time since last: 40509627568 ns, Reaching safepoint: 36038 ns, Cleanup: 17625 ns, At safepoint: 12602 ns, Total: 66265 ns
[2025-05-24T14:54:29.376+0000][69][info ][safepoint   ] Safepoint "Cleanup", Time since last: 34550524333 ns, Reaching safepoint: 29376 ns, Cleanup: 14842 ns, At safepoint: 9466 ns, Total: 53684 ns
[2025-05-24T14:56:39.522+0000][69][info ][safepoint   ] Safepoint "Cleanup", Time since last: 130163896904 ns, Reaching safepoint: 40053 ns, Cleanup: 23683 ns, At safepoint: 21685 ns, Total: 85421 ns
[2025-05-24T14:57:44.631+0000][69][info ][safepoint   ] Safepoint "Cleanup", Time since last: 65116152427 ns, Reaching safepoint: 77772 ns, Cleanup: 20892 ns, At safepoint: 21353 ns, Total: 120017 ns
[2025-05-24T15:01:03.081+0000][69][info ][safepoint   ] Safepoint "Cleanup", Time since last: 198470759252 ns, Reaching safepoint: 71935 ns, Cleanup: 19326 ns, At safepoint: 19178 ns, Total: 110439 ns
[2025-05-24T15:01:22.081+0000][69][info ][safepoint   ] Safepoint "Cleanup", Time since last: 19003549443 ns, Reaching safepoint: 81495 ns, Cleanup: 23355 ns, At safepoint: 15005 ns, Total: 119855 ns
[2025-05-24T15:01:29.261+0000][69][info ][safepoint   ] Safepoint "Cleanup", Time since last: 7179636177 ns, Reaching safepoint: 11400 ns, Cleanup: 10164 ns, At safepoint: 25883 ns, Total: 47447 ns
[2025-05-24T15:01:44.258+0000][69][info ][safepoint   ] Safepoint "Cleanup", Time since last: 14999761886 ns, Reaching safepoint: 13288 ns, Cleanup: 10441 ns, At safepoint: 14317 ns, Total: 38046 ns
[2025-05-24T15:02:35.280+0000][69][info ][safepoint   ] Safepoint "Cleanup", Time since last: 51025928382 ns, Reaching safepoint: 38806 ns, Cleanup: 11123 ns, At safepoint: 3173 ns, Total: 53102 ns
[2025-05-24T15:02:36.911+0000][69][info ][safepoint   ] Safepoint "Cleanup", Time since last: 1630796582 ns, Reaching safepoint: 21548 ns, Cleanup: 17805 ns, At safepoint: 11162 ns, Total: 50515 ns
[2025-05-24T15:03:44.368+0000][69][info ][safepoint   ] Safepoint "Cleanup", Time since last: 67466890001 ns, Reaching safepoint: 19620 ns, Cleanup: 9867 ns, At safepoint: 3800 ns, Total: 33287 ns
[2025-05-24T15:04:04.187+0000][69][info ][safepoint   ] Safepoint "Cleanup", Time since last: 19818371844 ns, Reaching safepoint: 43574 ns, Cleanup: 14224 ns, At safepoint: 9219 ns, Total: 67017 ns
[2025-05-24T15:04:40.243+0000][69][info ][safepoint   ] Safepoint "Cleanup", Time since last: 36062192127 ns, Reaching safepoint: 141533 ns, Cleanup: 19874 ns, At safepoint: 14432 ns, Total: 175839 ns
[2025-05-24T15:05:51.288+0000][69][info ][safepoint   ] Safepoint "Cleanup", Time since last: 71051652481 ns, Reaching safepoint: 39144 ns, Cleanup: 16629 ns, At safepoint: 80273 ns, Total: 136046 ns
[2025-05-24T15:06:51.414+0000][69][info ][safepoint   ] Safepoint "Cleanup", Time since last: 60132287069 ns, Reaching safepoint: 72311 ns, Cleanup: 17133 ns, At safepoint: 17846 ns, Total: 107290 ns
[2025-05-24T15:06:54.344+0000][69][info ][safepoint   ] Safepoint "Cleanup", Time since last: 2930466292 ns, Reaching safepoint: 7333 ns, Cleanup: 9115 ns, At safepoint: 2955 ns, Total: 19403 ns
[2025-05-24T15:07:52.476+0000][69][info ][safepoint   ] Safepoint "Cleanup", Time since last: 58138400036 ns, Reaching safepoint: 74174 ns, Cleanup: 14059 ns, At safepoint: 11181 ns, Total: 99414 ns
[2025-05-24T15:09:16.735+0000][69][info ][safepoint   ] Safepoint "Cleanup", Time since last: 84267203524 ns, Reaching safepoint: 1087364 ns, Cleanup: 49564 ns, At safepoint: 184109 ns, Total: 1321037 ns
[2025-05-24T15:09:17.752+0000][69][info ][safepoint   ] Safepoint "Cleanup", Time since last: 1016853992 ns, Reaching safepoint: 33424 ns, Cleanup: 17581 ns, At safepoint: 19273 ns, Total: 70278 ns
[2025-05-24T15:09:21.251+0000][69][info ][safepoint   ] Safepoint "Cleanup", Time since last: 3498364496 ns, Reaching safepoint: 184382 ns, Cleanup: 262535 ns, At safepoint: 118232 ns, Total: 565149 ns
[2025-05-24T15:09:22.262+0000][69][info ][safepoint   ] Safepoint "Cleanup", Time since last: 1011417634 ns, Reaching safepoint: 6894 ns, Cleanup: 52358 ns, At safepoint: 13967 ns, Total: 73219 ns
[2025-05-24T15:09:23.263+0000][69][info ][safepoint   ] Safepoint "Cleanup", Time since last: 1000672128 ns, Reaching safepoint: 7099 ns, Cleanup: 17000 ns, At safepoint: 8946 ns, Total: 33045 ns
[2025-05-24T15:09:23.878+0000][69][info ][gc,heap,exit] Heap
[2025-05-24T15:09:23.878+0000][69][info ][gc,heap,exit]  garbage-first heap   total reserved 3973120K, committed 3973120K, used 990520K [0x000000070d800000, 0x0000000800000000)
[2025-05-24T15:09:23.878+0000][69][info ][gc,heap,exit]   region size 4096K, 219 young (897024K), 2 survivors (8192K)
[2025-05-24T15:09:23.879+0000][69][info ][gc,heap,exit]  Metaspace       used 144843K, committed 148800K, reserved 1179648K
[2025-05-24T15:09:23.879+0000][69][info ][gc,heap,exit]   class space    used 19195K, committed 21312K, reserved 1048576K
