[2025-05-24T06:50:31.034+0000][51][info][gc,init] CardTable entry size: 512
[2025-05-24T06:50:31.035+0000][51][info][gc     ] Using G1
[2025-05-24T06:50:31.049+0000][51][info][gc,init] Version: 22+36-2370 (release)
[2025-05-24T06:50:31.049+0000][51][info][gc,init] CPUs: 12 total, 12 available
[2025-05-24T06:50:31.049+0000][51][info][gc,init] Memory: 7757M
[2025-05-24T06:50:31.050+0000][51][info][gc,init] Large Page Support: Disabled
[2025-05-24T06:50:31.050+0000][51][info][gc,init] NUMA Support: Disabled
[2025-05-24T06:50:31.051+0000][51][info][gc,init] Compressed Oops: Enabled (Zero based)
[2025-05-24T06:50:31.051+0000][51][info][gc,init] Heap Region Size: 2M
[2025-05-24T06:50:31.052+0000][51][info][gc,init] Heap Min Capacity: 3878M
[2025-05-24T06:50:31.052+0000][51][info][gc,init] Heap Initial Capacity: 3878M
[2025-05-24T06:50:31.054+0000][51][info][gc,init] Heap Max Capacity: 3878M
[2025-05-24T06:50:31.055+0000][51][info][gc,init] Pre-touch: Disabled
[2025-05-24T06:50:31.056+0000][51][info][gc,init] Parallel Workers: 10
[2025-05-24T06:50:31.056+0000][51][info][gc,init] Concurrent Workers: 3
[2025-05-24T06:50:31.056+0000][51][info][gc,init] Concurrent Refinement Workers: 10
[2025-05-24T06:50:31.057+0000][51][info][gc,init] Periodic GC: Disabled
[2025-05-24T06:50:31.069+0000][51][info][gc,metaspace] CDS archive(s) mapped at: [0x00007f20f6000000-0x00007f20f6c74000-0x00007f20f6c74000), size 13058048, SharedBaseAddress: 0x00007f20f6000000, ArchiveRelocationMode: 1.
[2025-05-24T06:50:31.069+0000][51][info][gc,metaspace] Compressed class space mapped at: 0x00007f20f7000000-0x00007f2137000000, reserved size: 1073741824
[2025-05-24T06:50:31.070+0000][51][info][gc,metaspace] Narrow klass base: 0x00007f20f6000000, Narrow klass shift: 0, Narrow klass range: 0x100000000
[2025-05-24T06:50:31.145+0000][51][info][gc,heap,exit] Heap
[2025-05-24T06:50:31.152+0000][51][info][gc,heap,exit]  garbage-first heap   total reserved 3971072K, committed 3971072K, used 6177K [0x000000070da00000, 0x0000000800000000)
[2025-05-24T06:50:31.160+0000][51][info][gc,heap,exit]   region size 2048K, 3 young (6144K), 0 survivors (0K)
[2025-05-24T06:50:31.170+0000][51][info][gc,heap,exit]  Metaspace       used 203K, committed 448K, reserved 1114112K
[2025-05-24T06:50:31.173+0000][51][info][gc,heap,exit]   class space    used 5K, committed 128K, reserved 1048576K
