[2025-05-21T08:19:00.494+0000][55][info][gc,init] CardTable entry size: 512
[2025-05-21T08:19:00.497+0000][55][info][gc     ] Using G1
[2025-05-21T08:19:00.642+0000][55][info][gc,init] Version: 22+36-2370 (release)
[2025-05-21T08:19:00.642+0000][55][info][gc,init] CPUs: 12 total, 12 available
[2025-05-21T08:19:00.643+0000][55][info][gc,init] Memory: 7757M
[2025-05-21T08:19:00.643+0000][55][info][gc,init] Large Page Support: Disabled
[2025-05-21T08:19:00.644+0000][55][info][gc,init] NUMA Support: Disabled
[2025-05-21T08:19:00.644+0000][55][info][gc,init] Compressed Oops: Enabled (Zero based)
[2025-05-21T08:19:00.645+0000][55][info][gc,init] Heap Region Size: 2M
[2025-05-21T08:19:00.645+0000][55][info][gc,init] Heap Min Capacity: 3878M
[2025-05-21T08:19:00.646+0000][55][info][gc,init] Heap Initial Capacity: 3878M
[2025-05-21T08:19:00.647+0000][55][info][gc,init] Heap Max Capacity: 3878M
[2025-05-21T08:19:00.649+0000][55][info][gc,init] Pre-touch: Disabled
[2025-05-21T08:19:00.651+0000][55][info][gc,init] Parallel Workers: 10
[2025-05-21T08:19:00.654+0000][55][info][gc,init] Concurrent Workers: 3
[2025-05-21T08:19:00.657+0000][55][info][gc,init] Concurrent Refinement Workers: 10
[2025-05-21T08:19:00.658+0000][55][info][gc,init] Periodic GC: Disabled
[2025-05-21T08:19:00.777+0000][55][info][gc,metaspace] CDS archive(s) mapped at: [0x00007f4a8a000000-0x00007f4a8ac74000-0x00007f4a8ac74000), size 13058048, SharedBaseAddress: 0x00007f4a8a000000, ArchiveRelocationMode: 1.
[2025-05-21T08:19:00.778+0000][55][info][gc,metaspace] Compressed class space mapped at: 0x00007f4a8b000000-0x00007f4acb000000, reserved size: 1073741824
[2025-05-21T08:19:00.779+0000][55][info][gc,metaspace] Narrow klass base: 0x00007f4a8a000000, Narrow klass shift: 0, Narrow klass range: 0x100000000
[2025-05-21T08:19:00.954+0000][55][info][gc,heap,exit] Heap
[2025-05-21T08:19:00.955+0000][55][info][gc,heap,exit]  garbage-first heap   total reserved 3971072K, committed 3971072K, used 6177K [0x000000070da00000, 0x0000000800000000)
[2025-05-21T08:19:00.955+0000][55][info][gc,heap,exit]   region size 2048K, 3 young (6144K), 0 survivors (0K)
[2025-05-21T08:19:00.956+0000][55][info][gc,heap,exit]  Metaspace       used 222K, committed 448K, reserved 1114112K
[2025-05-21T08:19:00.957+0000][55][info][gc,heap,exit]   class space    used 5K, committed 128K, reserved 1048576K
